$REPO_ROOT/.venv/lib/python3.11/site-packages/outdated/__init__.py:36: UserWarning: pkg_resources is deprecated as an API. See https://setuptools.pypa.io/en/latest/pkg_resources.html. The pkg_resources package is slated for removal as early as 2025-11-30. Refrain from using this package or pin to Setuptools<81.
  from pkg_resources import parse_version
[ddp] Single-process mode: device=cuda
[Info] Running in Single-Process mode (CPU or Single GPU).
[Info] Device: cuda
[GraphCache] Caching disabled (0 nodes).
[Step=0010] Wall=9.9674s | Loss=10.4972
[Profile] Avg ms/step | Load: 256.510 (Prep: 175.649, Struc: 1.341, Fetch: 79.520) | Fwd: 629.151 | Bwd: 104.610 | Opt: 4.087 | GPU_Tot: 818.708
[Autotune] {"version": 1, "step": 10, "wall_seconds": 9.967385783995269, "seed_nodes": 40960, "loss": 10.497184753417969, "all_losses_finite": true}
[Step=0020] Wall=11.9498s | Loss=2.8389
[Profile] Avg ms/step | Load: 166.382 (Prep: 87.850, Struc: 1.313, Fetch: 77.218) | Fwd: 341.809 | Bwd: 85.662 | Opt: 2.356 | GPU_Tot: 508.357
[Autotune] {"version": 1, "step": 20, "wall_seconds": 11.949762659001863, "seed_nodes": 81920, "loss": 2.8388595581054688, "all_losses_finite": true}
[Step=0030] Wall=13.9512s | Loss=2.3709
[Profile] Avg ms/step | Load: 137.254 (Prep: 58.586, Struc: 1.302, Fetch: 77.366) | Fwd: 245.948 | Bwd: 79.147 | Opt: 1.781 | GPU_Tot: 405.543
[Autotune] {"version": 1, "step": 30, "wall_seconds": 13.95122273400193, "seed_nodes": 122880, "loss": 2.3709157943725585, "all_losses_finite": true}
[Step=0040] Wall=15.9513s | Loss=2.0321
[Profile] Avg ms/step | Load: 0.000 (Prep: 0.000, Struc: 0.000, Fetch: 0.000) | Fwd: 0.000 | Bwd: 0.000 | Opt: 0.000 | GPU_Tot: 0.000
[Autotune] {"version": 1, "step": 40, "wall_seconds": 15.951268470002105, "seed_nodes": 163840, "loss": 2.032114791870117, "all_losses_finite": true}
[Step=0050] Wall=18.7060s | Loss=1.6446
[Profile] Avg ms/step | Load: 161.288 (Prep: 84.063, Struc: 1.172, Fetch: 76.054) | Fwd: 51.513 | Bwd: 61.828 | Opt: 0.638 | GPU_Tot: 191.205
[Autotune] {"version": 1, "step": 50, "wall_seconds": 18.70597494399408, "seed_nodes": 200711, "loss": 1.6446311950683594, "all_losses_finite": true}
[Step=0060] Wall=20.7526s | Loss=1.4688
[Profile] Avg ms/step | Load: 122.320 (Prep: 42.065, Struc: 1.230, Fetch: 79.025) | Fwd: 52.943 | Bwd: 63.947 | Opt: 0.652 | GPU_Tot: 197.797
[Autotune] {"version": 1, "step": 60, "wall_seconds": 20.752635587996338, "seed_nodes": 241671, "loss": 1.4687543869018556, "all_losses_finite": true}
[Step=0070] Wall=22.7651s | Loss=1.1720
[Profile] Avg ms/step | Load: 108.411 (Prep: 28.060, Struc: 1.246, Fetch: 79.105) | Fwd: 53.353 | Bwd: 64.521 | Opt: 0.646 | GPU_Tot: 198.872
[Autotune] {"version": 1, "step": 70, "wall_seconds": 22.76514479299658, "seed_nodes": 282631, "loss": 1.1719541549682617, "all_losses_finite": true}
[Step=0080] Wall=24.7846s | Loss=0.9794
[Profile] Avg ms/step | Load: 101.522 (Prep: 21.059, Struc: 1.255, Fetch: 79.208) | Fwd: 53.590 | Bwd: 64.887 | Opt: 0.641 | GPU_Tot: 199.582
[Autotune] {"version": 1, "step": 80, "wall_seconds": 24.78456263100088, "seed_nodes": 323591, "loss": 0.9794276237487793, "all_losses_finite": true}
[Step=0090] Wall=26.7974s | Loss=0.8601
[Profile] Avg ms/step | Load: 97.341 (Prep: 16.857, Struc: 1.260, Fetch: 79.224) | Fwd: 53.715 | Bwd: 65.038 | Opt: 0.639 | GPU_Tot: 199.877
[Autotune] {"version": 1, "step": 90, "wall_seconds": 26.797382069999003, "seed_nodes": 364551, "loss": 0.860097599029541, "all_losses_finite": true}
[Step=0100] Wall=29.4388s | Loss=0.8371
[Profile] Avg ms/step | Load: 106.884 (Prep: 26.542, Struc: 1.245, Fetch: 79.097) | Fwd: 52.929 | Bwd: 64.153 | Opt: 0.640 | GPU_Tot: 198.064
[Autotune] {"version": 1, "step": 100, "wall_seconds": 29.438823293996393, "seed_nodes": 401422, "loss": 0.8371152877807617, "all_losses_finite": true}
[Step=0110] Wall=31.4809s | Loss=0.8087
[Profile] Avg ms/step | Load: 103.537 (Prep: 22.758, Struc: 1.251, Fetch: 79.528) | Fwd: 53.107 | Bwd: 64.386 | Opt: 0.638 | GPU_Tot: 198.910
[Autotune] {"version": 1, "step": 110, "wall_seconds": 31.480943660004414, "seed_nodes": 442382, "loss": 0.8087076187133789, "all_losses_finite": true}
[Step=0120] Wall=33.4987s | Loss=0.7488
[Profile] Avg ms/step | Load: 100.750 (Prep: 19.920, Struc: 1.255, Fetch: 79.576) | Fwd: 53.224 | Bwd: 64.547 | Opt: 0.637 | GPU_Tot: 199.239
[Autotune] {"version": 1, "step": 120, "wall_seconds": 33.49867829499999, "seed_nodes": 483342, "loss": 0.7488414287567139, "all_losses_finite": true}
[Step=0130] Wall=35.5307s | Loss=0.6957
[Profile] Avg ms/step | Load: 98.618 (Prep: 17.713, Struc: 1.258, Fetch: 79.647) | Fwd: 53.351 | Bwd: 64.762 | Opt: 0.637 | GPU_Tot: 199.654
[Autotune] {"version": 1, "step": 130, "wall_seconds": 35.530711573999724, "seed_nodes": 524302, "loss": 0.6956750392913819, "all_losses_finite": true}
[Step=0140] Wall=37.5575s | Loss=0.6760
[Profile] Avg ms/step | Load: 96.909 (Prep: 15.946, Struc: 1.260, Fetch: 79.702) | Fwd: 53.448 | Bwd: 64.889 | Opt: 0.635 | GPU_Tot: 199.934
[Autotune] {"version": 1, "step": 140, "wall_seconds": 37.55754304899892, "seed_nodes": 565262, "loss": 0.6760083675384522, "all_losses_finite": true}
[Step=0150] Wall=40.4310s | Loss=0.7607
[Profile] Avg ms/step | Load: 104.269 (Prep: 23.722, Struc: 1.253, Fetch: 79.294) | Fwd: 53.049 | Bwd: 64.409 | Opt: 0.635 | GPU_Tot: 198.640
[Autotune] {"version": 1, "step": 150, "wall_seconds": 40.43104884499917, "seed_nodes": 602133, "loss": 0.7607384204864502, "all_losses_finite": true}
[Step=0160] Wall=42.4544s | Loss=0.7279
[Profile] Avg ms/step | Load: 102.324 (Prep: 21.749, Struc: 1.255, Fetch: 79.320) | Fwd: 53.161 | Bwd: 64.561 | Opt: 0.633 | GPU_Tot: 198.930
[Autotune] {"version": 1, "step": 160, "wall_seconds": 42.45442324099713, "seed_nodes": 643093, "loss": 0.7278634071350097, "all_losses_finite": true}
[Step=0170] Wall=44.4718s | Loss=0.6705
[Profile] Avg ms/step | Load: 100.647 (Prep: 20.079, Struc: 1.257, Fetch: 79.311) | Fwd: 53.248 | Bwd: 64.681 | Opt: 0.632 | GPU_Tot: 199.130
[Autotune] {"version": 1, "step": 170, "wall_seconds": 44.471804832995986, "seed_nodes": 684053, "loss": 0.6705247402191162, "all_losses_finite": true}
[Step=0180] Wall=46.4830s | Loss=0.6334
[Profile] Avg ms/step | Load: 99.218 (Prep: 18.650, Struc: 1.259, Fetch: 79.310) | Fwd: 53.313 | Bwd: 64.742 | Opt: 0.631 | GPU_Tot: 199.255
[Autotune] {"version": 1, "step": 180, "wall_seconds": 46.48299012199277, "seed_nodes": 725013, "loss": 0.633394432067871, "all_losses_finite": true}
[Step=0190] Wall=48.5007s | Loss=0.6144
[Profile] Avg ms/step | Load: 97.981 (Prep: 17.409, Struc: 1.260, Fetch: 79.311) | Fwd: 53.379 | Bwd: 64.827 | Opt: 0.631 | GPU_Tot: 199.408
[Autotune] {"version": 1, "step": 190, "wall_seconds": 48.50073385199357, "seed_nodes": 765973, "loss": 0.614409351348877, "all_losses_finite": true}
[Step=0200] Wall=51.3416s | Loss=0.8267
[Profile] Avg ms/step | Load: 102.757 (Prep: 22.499, Struc: 1.255, Fetch: 79.003) | Fwd: 53.109 | Bwd: 64.514 | Opt: 0.631 | GPU_Tot: 198.512
[Autotune] {"version": 1, "step": 200, "wall_seconds": 51.34155254799407, "seed_nodes": 802844, "loss": 0.8267142295837402, "all_losses_finite": true}
[Step=0210] Wall=53.3720s | Loss=0.7665
[Profile] Avg ms/step | Load: 101.516 (Prep: 21.178, Struc: 1.257, Fetch: 79.081) | Fwd: 53.182 | Bwd: 64.614 | Opt: 0.631 | GPU_Tot: 198.765
[Autotune] {"version": 1, "step": 210, "wall_seconds": 53.371982807992026, "seed_nodes": 843804, "loss": 0.7665066719055176, "all_losses_finite": true}
[Step=0220] Wall=55.3936s | Loss=0.6723
[Profile] Avg ms/step | Load: 100.385 (Prep: 20.005, Struc: 1.259, Fetch: 79.121) | Fwd: 53.245 | Bwd: 64.685 | Opt: 0.631 | GPU_Tot: 198.941
[Autotune] {"version": 1, "step": 220, "wall_seconds": 55.39357499900507, "seed_nodes": 884764, "loss": 0.6723170757293702, "all_losses_finite": true}
[Step=0230] Wall=57.4162s | Loss=0.6237
[Profile] Avg ms/step | Load: 99.371 (Prep: 18.955, Struc: 1.260, Fetch: 79.157) | Fwd: 53.300 | Bwd: 64.757 | Opt: 0.631 | GPU_Tot: 199.104
[Autotune] {"version": 1, "step": 230, "wall_seconds": 57.416189573996235, "seed_nodes": 925724, "loss": 0.6237101554870605, "all_losses_finite": true}
[Step=0240] Wall=59.4351s | Loss=0.5993
[Profile] Avg ms/step | Load: 98.448 (Prep: 18.009, Struc: 1.261, Fetch: 79.177) | Fwd: 53.344 | Bwd: 64.818 | Opt: 0.631 | GPU_Tot: 199.232
[Autotune] {"version": 1, "step": 240, "wall_seconds": 59.435103169002105, "seed_nodes": 966684, "loss": 0.5993093967437744, "all_losses_finite": true}
[Step=0250] Wall=62.2808s | Loss=0.5790
[Profile] Avg ms/step | Load: 102.097 (Prep: 21.847, Struc: 1.257, Fetch: 78.993) | Fwd: 53.138 | Bwd: 64.573 | Opt: 0.631 | GPU_Tot: 198.591
[Autotune] {"version": 1, "step": 250, "wall_seconds": 62.28082447400084, "seed_nodes": 1003555, "loss": 0.5790387153625488, "all_losses_finite": true}
[Step=0260] Wall=64.3116s | Loss=0.6047
[Profile] Avg ms/step | Load: 101.162 (Prep: 20.856, Struc: 1.258, Fetch: 79.048) | Fwd: 53.195 | Bwd: 64.654 | Opt: 0.630 | GPU_Tot: 198.785
[Autotune] {"version": 1, "step": 260, "wall_seconds": 64.31163643099717, "seed_nodes": 1044515, "loss": 0.6047090053558349, "all_losses_finite": true}
[Step=0270] Wall=66.3357s | Loss=0.5914
[Profile] Avg ms/step | Load: 100.303 (Prep: 19.952, Struc: 1.259, Fetch: 79.092) | Fwd: 53.240 | Bwd: 64.712 | Opt: 0.630 | GPU_Tot: 198.932
[Autotune] {"version": 1, "step": 270, "wall_seconds": 66.3356917899946, "seed_nodes": 1085475, "loss": 0.5913606643676758, "all_losses_finite": true}
[Step=0280] Wall=68.3622s | Loss=0.5643
[Profile] Avg ms/step | Load: 99.519 (Prep: 19.123, Struc: 1.260, Fetch: 79.136) | Fwd: 53.283 | Bwd: 64.769 | Opt: 0.630 | GPU_Tot: 199.078
[Autotune] {"version": 1, "step": 280, "wall_seconds": 68.362226266996, "seed_nodes": 1126435, "loss": 0.5643333435058594, "all_losses_finite": true}
[Step=0290] Wall=70.3940s | Loss=0.5481
[Profile] Avg ms/step | Load: 98.806 (Prep: 18.360, Struc: 1.261, Fetch: 79.185) | Fwd: 53.328 | Bwd: 64.829 | Opt: 0.630 | GPU_Tot: 199.233
[Autotune] {"version": 1, "step": 290, "wall_seconds": 70.39404944100534, "seed_nodes": 1167395, "loss": 0.5481074333190918, "all_losses_finite": true}
[Step=0300] Wall=73.2385s | Loss=0.6013
[Profile] Avg ms/step | Load: 101.739 (Prep: 21.189, Struc: 1.257, Fetch: 79.293) | Fwd: 53.161 | Bwd: 64.628 | Opt: 0.631 | GPU_Tot: 198.969
[Autotune] {"version": 1, "step": 300, "wall_seconds": 73.23851956099679, "seed_nodes": 1204266, "loss": 0.6013033866882325, "all_losses_finite": true}
[Step=0310] Wall=75.2775s | Loss=0.6111
[Profile] Avg ms/step | Load: 101.020 (Prep: 20.406, Struc: 1.258, Fetch: 79.355) | Fwd: 53.208 | Bwd: 64.690 | Opt: 0.631 | GPU_Tot: 199.143
[Autotune] {"version": 1, "step": 310, "wall_seconds": 75.27747934299987, "seed_nodes": 1245226, "loss": 0.6110910892486572, "all_losses_finite": true}
[Step=0320] Wall=77.3242s | Loss=0.5578
[Profile] Avg ms/step | Load: 100.388 (Prep: 19.680, Struc: 1.259, Fetch: 79.449) | Fwd: 53.250 | Bwd: 64.744 | Opt: 0.631 | GPU_Tot: 199.332
[Autotune] {"version": 1, "step": 320, "wall_seconds": 77.32422605800093, "seed_nodes": 1286186, "loss": 0.5577624797821045, "all_losses_finite": true}
[Step=0330] Wall=79.3626s | Loss=0.5347
[Profile] Avg ms/step | Load: 99.761 (Prep: 19.003, Struc: 1.260, Fetch: 79.499) | Fwd: 53.290 | Bwd: 64.800 | Opt: 0.631 | GPU_Tot: 199.480
[Autotune] {"version": 1, "step": 330, "wall_seconds": 79.36258157799602, "seed_nodes": 1327146, "loss": 0.5346900463104248, "all_losses_finite": true}
[Step=0340] Wall=81.4029s | Loss=0.5378
[Profile] Avg ms/step | Load: 99.180 (Prep: 18.371, Struc: 1.261, Fetch: 79.548) | Fwd: 53.330 | Bwd: 64.853 | Opt: 0.631 | GPU_Tot: 199.624
[Autotune] {"version": 1, "step": 340, "wall_seconds": 81.4028534800018, "seed_nodes": 1368106, "loss": 0.5377910614013672, "all_losses_finite": true}
[Step=0350] Wall=84.0698s | Loss=0.4859
[Profile] Avg ms/step | Load: 101.042 (Prep: 20.007, Struc: 1.258, Fetch: 79.776) | Fwd: 53.192 | Bwd: 64.694 | Opt: 0.632 | GPU_Tot: 199.552
[Autotune] {"version": 1, "step": 350, "wall_seconds": 84.06977425700461, "seed_nodes": 1404977, "loss": 0.4859055519104004, "all_losses_finite": true}
[Step=0360] Wall=86.0909s | Loss=0.5196
[Profile] Avg ms/step | Load: 100.408 (Prep: 19.384, Struc: 1.259, Fetch: 79.766) | Fwd: 53.228 | Bwd: 64.740 | Opt: 0.632 | GPU_Tot: 199.625
[Autotune] {"version": 1, "step": 360, "wall_seconds": 86.09085779299494, "seed_nodes": 1445937, "loss": 0.5196491241455078, "all_losses_finite": true}
[Step=0370] Wall=88.1044s | Loss=0.5261
[Profile] Avg ms/step | Load: 99.801 (Prep: 18.798, Struc: 1.260, Fetch: 79.743) | Fwd: 53.260 | Bwd: 64.776 | Opt: 0.632 | GPU_Tot: 199.670
[Autotune] {"version": 1, "step": 370, "wall_seconds": 88.10440541199932, "seed_nodes": 1486897, "loss": 0.5261473178863525, "all_losses_finite": true}
[Step=0380] Wall=90.1948s | Loss=0.5283
[Profile] Avg ms/step | Load: 99.265 (Prep: 18.247, Struc: 1.264, Fetch: 79.754) | Fwd: 53.418 | Bwd: 64.849 | Opt: 0.654 | GPU_Tot: 199.939
[Autotune] {"version": 1, "step": 380, "wall_seconds": 90.19479269400472, "seed_nodes": 1527857, "loss": 0.5283000946044922, "all_losses_finite": true}
[Step=0390] Wall=92.2133s | Loss=0.5031
[Profile] Avg ms/step | Load: 98.727 (Prep: 17.727, Struc: 1.264, Fetch: 79.736) | Fwd: 53.446 | Bwd: 64.888 | Opt: 0.654 | GPU_Tot: 199.988
[Autotune] {"version": 1, "step": 390, "wall_seconds": 92.21334608900361, "seed_nodes": 1568817, "loss": 0.5031408786773681, "all_losses_finite": true}
[Step=0400] Wall=95.0351s | Loss=0.5162
[Profile] Avg ms/step | Load: 100.762 (Prep: 19.786, Struc: 1.262, Fetch: 79.715) | Fwd: 53.329 | Bwd: 64.757 | Opt: 0.653 | GPU_Tot: 199.715
[Autotune] {"version": 1, "step": 400, "wall_seconds": 95.03510647499934, "seed_nodes": 1605688, "loss": 0.516176414489746, "all_losses_finite": true}
[Step=0410] Wall=97.0432s | Loss=0.5256
[Profile] Avg ms/step | Load: 100.201 (Prep: 19.252, Struc: 1.262, Fetch: 79.687) | Fwd: 53.354 | Bwd: 64.783 | Opt: 0.652 | GPU_Tot: 199.738
[Autotune] {"version": 1, "step": 410, "wall_seconds": 97.04323770900373, "seed_nodes": 1646648, "loss": 0.5256111145019531, "all_losses_finite": true}
[Step=0420] Wall=99.0608s | Loss=0.5047
[Profile] Avg ms/step | Load: 99.674 (Prep: 18.747, Struc: 1.263, Fetch: 79.665) | Fwd: 53.383 | Bwd: 64.824 | Opt: 0.651 | GPU_Tot: 199.785
[Autotune] {"version": 1, "step": 420, "wall_seconds": 99.06077416500193, "seed_nodes": 1687608, "loss": 0.5046708106994628, "all_losses_finite": true}
[Step=0430] Wall=101.0753s | Loss=0.5127
[Profile] Avg ms/step | Load: 99.168 (Prep: 18.268, Struc: 1.263, Fetch: 79.638) | Fwd: 53.409 | Bwd: 64.862 | Opt: 0.651 | GPU_Tot: 199.822
[Autotune] {"version": 1, "step": 430, "wall_seconds": 101.07527580400347, "seed_nodes": 1728568, "loss": 0.5127166271209717, "all_losses_finite": true}
[Step=0440] Wall=103.0805s | Loss=0.4973
[Profile] Avg ms/step | Load: 98.688 (Prep: 17.812, Struc: 1.263, Fetch: 79.612) | Fwd: 53.429 | Bwd: 64.880 | Opt: 0.650 | GPU_Tot: 199.834
[Autotune] {"version": 1, "step": 440, "wall_seconds": 103.08052484299697, "seed_nodes": 1769528, "loss": 0.4973358154296875, "all_losses_finite": true}
[Step=0450] Wall=105.7005s | Loss=0.6240
[Profile] Avg ms/step | Load: 100.003 (Prep: 19.075, Struc: 1.261, Fetch: 79.667) | Fwd: 53.328 | Bwd: 64.744 | Opt: 0.650 | GPU_Tot: 199.649
[Autotune] {"version": 1, "step": 450, "wall_seconds": 105.70052325600409, "seed_nodes": 1806399, "loss": 0.6240054607391358, "all_losses_finite": true}
[Step=0460] Wall=107.7193s | Loss=0.5781
[Profile] Avg ms/step | Load: 99.537 (Prep: 18.622, Struc: 1.262, Fetch: 79.654) | Fwd: 53.352 | Bwd: 64.780 | Opt: 0.649 | GPU_Tot: 199.697
[Autotune] {"version": 1, "step": 460, "wall_seconds": 107.71925295099209, "seed_nodes": 1847359, "loss": 0.578132152557373, "all_losses_finite": true}
[Step=0470] Wall=109.7378s | Loss=0.5532
[Profile] Avg ms/step | Load: 99.091 (Prep: 18.190, Struc: 1.262, Fetch: 79.639) | Fwd: 53.377 | Bwd: 64.815 | Opt: 0.649 | GPU_Tot: 199.742
[Autotune] {"version": 1, "step": 470, "wall_seconds": 109.73779555599322, "seed_nodes": 1888319, "loss": 0.5532259941101074, "all_losses_finite": true}
[Step=0480] Wall=111.7559s | Loss=0.5185
[Profile] Avg ms/step | Load: 98.664 (Prep: 17.778, Struc: 1.262, Fetch: 79.624) | Fwd: 53.401 | Bwd: 64.848 | Opt: 0.649 | GPU_Tot: 199.783
[Autotune] {"version": 1, "step": 480, "wall_seconds": 111.7558561360056, "seed_nodes": 1929279, "loss": 0.5185027599334717, "all_losses_finite": true}
[Step=0490] Wall=113.5781s | Loss=0.4835
[Profile] Avg ms/step | Load: 98.080 (Prep: 17.384, Struc: 1.260, Fetch: 79.436) | Fwd: 53.306 | Bwd: 64.738 | Opt: 0.648 | GPU_Tot: 199.388
[Autotune] {"version": 1, "step": 490, "wall_seconds": 113.5781120860047, "seed_nodes": 1966150, "loss": 0.4834609031677246, "all_losses_finite": true}
[Step=0500] Wall=116.3629s | Loss=0.5262
[Profile] Avg ms/step | Load: 99.353 (Prep: 18.336, Struc: 1.262, Fetch: 79.756) | Fwd: 53.329 | Bwd: 64.777 | Opt: 0.649 | GPU_Tot: 199.773
[Autotune] {"version": 1, "step": 500, "wall_seconds": 116.36286301999644, "seed_nodes": 2007110, "loss": 0.526185131072998, "all_losses_finite": true}
[Step=0510] Wall=118.4039s | Loss=0.5175
[Profile] Avg ms/step | Load: 98.988 (Prep: 17.947, Struc: 1.262, Fetch: 79.779) | Fwd: 53.356 | Bwd: 64.814 | Opt: 0.649 | GPU_Tot: 199.860
[Autotune] {"version": 1, "step": 510, "wall_seconds": 118.40385753300507, "seed_nodes": 2048070, "loss": 0.5175470829010009, "all_losses_finite": true}
[Step=0520] Wall=120.4471s | Loss=0.5018
[Profile] Avg ms/step | Load: 98.640 (Prep: 17.574, Struc: 1.263, Fetch: 79.803) | Fwd: 53.380 | Bwd: 64.854 | Opt: 0.649 | GPU_Tot: 199.949
[Autotune] {"version": 1, "step": 520, "wall_seconds": 120.4471260089922, "seed_nodes": 2089030, "loss": 0.5018411159515381, "all_losses_finite": true}
[Step=0530] Wall=122.4864s | Loss=0.4865
[Profile] Avg ms/step | Load: 98.305 (Prep: 17.217, Struc: 1.263, Fetch: 79.825) | Fwd: 53.402 | Bwd: 64.886 | Opt: 0.649 | GPU_Tot: 200.025
[Autotune] {"version": 1, "step": 530, "wall_seconds": 122.48643528799585, "seed_nodes": 2129990, "loss": 0.4865086078643799, "all_losses_finite": true}
[Step=0540] Wall=125.2127s | Loss=0.5944
[Profile] Avg ms/step | Load: 99.601 (Prep: 18.545, Struc: 1.262, Fetch: 79.794) | Fwd: 53.314 | Bwd: 64.782 | Opt: 0.649 | GPU_Tot: 199.801
[Autotune] {"version": 1, "step": 540, "wall_seconds": 125.21267652300594, "seed_nodes": 2166861, "loss": 0.5943836212158203, "all_losses_finite": true}
[Step=0550] Wall=127.2572s | Loss=0.7511
[Profile] Avg ms/step | Load: 99.274 (Prep: 18.182, Struc: 1.262, Fetch: 79.830) | Fwd: 53.335 | Bwd: 64.813 | Opt: 0.648 | GPU_Tot: 199.888
[Autotune] {"version": 1, "step": 550, "wall_seconds": 127.25719075699453, "seed_nodes": 2207821, "loss": 0.7511252403259278, "all_losses_finite": true}
[Step=0560] Wall=129.2764s | Loss=0.6358
[Profile] Avg ms/step | Load: 98.911 (Prep: 17.833, Struc: 1.262, Fetch: 79.815) | Fwd: 53.356 | Bwd: 64.842 | Opt: 0.648 | GPU_Tot: 199.923
[Autotune] {"version": 1, "step": 560, "wall_seconds": 129.27642290999938, "seed_nodes": 2248781, "loss": 0.6357946395874023, "all_losses_finite": true}
[Step=0570] Wall=131.2950s | Loss=0.5538
[Profile] Avg ms/step | Load: 98.560 (Prep: 17.498, Struc: 1.263, Fetch: 79.799) | Fwd: 53.376 | Bwd: 64.870 | Opt: 0.647 | GPU_Tot: 199.955
[Autotune] {"version": 1, "step": 570, "wall_seconds": 131.29499630100327, "seed_nodes": 2289741, "loss": 0.5538419723510742, "all_losses_finite": true}
[Step=0580] Wall=133.3563s | Loss=0.5374
[Profile] Avg ms/step | Load: 98.294 (Prep: 17.175, Struc: 1.263, Fetch: 79.856) | Fwd: 53.398 | Bwd: 64.901 | Opt: 0.647 | GPU_Tot: 200.065
[Autotune] {"version": 1, "step": 580, "wall_seconds": 133.35628289799206, "seed_nodes": 2330701, "loss": 0.5373894691467285, "all_losses_finite": true}
[Step=0590] Wall=136.2085s | Loss=0.5153
[Profile] Avg ms/step | Load: 99.691 (Prep: 18.680, Struc: 1.261, Fetch: 79.749) | Fwd: 53.322 | Bwd: 64.813 | Opt: 0.647 | GPU_Tot: 199.793
[Autotune] {"version": 1, "step": 590, "wall_seconds": 136.2085070250032, "seed_nodes": 2367572, "loss": 0.5153429985046387, "all_losses_finite": true}
[Step=0600] Wall=138.2410s | Loss=0.5597
[Profile] Avg ms/step | Load: 99.375 (Prep: 18.348, Struc: 1.262, Fetch: 79.765) | Fwd: 53.340 | Bwd: 64.837 | Opt: 0.646 | GPU_Tot: 199.850
[Autotune] {"version": 1, "step": 600, "wall_seconds": 138.2410194309923, "seed_nodes": 2408532, "loss": 0.5597478866577148, "all_losses_finite": true}
[Step=0610] Wall=140.2618s | Loss=0.5175
[Profile] Avg ms/step | Load: 99.044 (Prep: 18.027, Struc: 1.262, Fetch: 79.756) | Fwd: 53.359 | Bwd: 64.863 | Opt: 0.646 | GPU_Tot: 199.885
[Autotune] {"version": 1, "step": 610, "wall_seconds": 140.26178570100456, "seed_nodes": 2449492, "loss": 0.5175051689147949, "all_losses_finite": true}
[Step=0620] Wall=142.2885s | Loss=0.5237
[Profile] Avg ms/step | Load: 98.730 (Prep: 17.717, Struc: 1.263, Fetch: 79.750) | Fwd: 53.379 | Bwd: 64.891 | Opt: 0.646 | GPU_Tot: 199.929
[Autotune] {"version": 1, "step": 620, "wall_seconds": 142.28847980299906, "seed_nodes": 2490452, "loss": 0.5236979007720948, "all_losses_finite": true}
[Step=0630] Wall=144.3087s | Loss=0.4923
[Profile] Avg ms/step | Load: 98.420 (Prep: 17.417, Struc: 1.263, Fetch: 79.740) | Fwd: 53.397 | Bwd: 64.915 | Opt: 0.646 | GPU_Tot: 199.961
[Autotune] {"version": 1, "step": 630, "wall_seconds": 144.30869681900367, "seed_nodes": 2531412, "loss": 0.4922809600830078, "all_losses_finite": true}
[Step=0640] Wall=147.0891s | Loss=0.6990
[Profile] Avg ms/step | Load: 99.585 (Prep: 18.578, Struc: 1.261, Fetch: 79.746) | Fwd: 53.325 | Bwd: 64.831 | Opt: 0.645 | GPU_Tot: 199.809
[Autotune] {"version": 1, "step": 640, "wall_seconds": 147.08908871399763, "seed_nodes": 2568283, "loss": 0.6989992141723633, "all_losses_finite": true}
[Step=0650] Wall=149.1245s | Loss=0.6942
[Profile] Avg ms/step | Load: 99.296 (Prep: 18.274, Struc: 1.262, Fetch: 79.760) | Fwd: 53.343 | Bwd: 64.856 | Opt: 0.645 | GPU_Tot: 199.866
[Autotune] {"version": 1, "step": 650, "wall_seconds": 149.12448795199452, "seed_nodes": 2609243, "loss": 0.6941953182220459, "all_losses_finite": true}
[Step=0660] Wall=151.1649s | Loss=0.6009
[Profile] Avg ms/step | Load: 99.013 (Prep: 17.980, Struc: 1.262, Fetch: 79.771) | Fwd: 53.363 | Bwd: 64.889 | Opt: 0.645 | GPU_Tot: 199.930
[Autotune] {"version": 1, "step": 660, "wall_seconds": 151.16490199699183, "seed_nodes": 2650203, "loss": 0.6008644104003906, "all_losses_finite": true}
[Step=0670] Wall=153.2069s | Loss=0.5482
[Profile] Avg ms/step | Load: 98.749 (Prep: 17.696, Struc: 1.262, Fetch: 79.791) | Fwd: 53.380 | Bwd: 64.916 | Opt: 0.645 | GPU_Tot: 199.994
[Autotune] {"version": 1, "step": 670, "wall_seconds": 153.2068793310027, "seed_nodes": 2691163, "loss": 0.548209810256958, "all_losses_finite": true}
[Step=0680] Wall=155.2393s | Loss=0.5220
[Profile] Avg ms/step | Load: 98.482 (Prep: 17.420, Struc: 1.263, Fetch: 79.800) | Fwd: 53.396 | Bwd: 64.938 | Opt: 0.645 | GPU_Tot: 200.041
[Autotune] {"version": 1, "step": 680, "wall_seconds": 155.23933911399217, "seed_nodes": 2732123, "loss": 0.5219793319702148, "all_losses_finite": true}
[Step=0690] Wall=157.9494s | Loss=0.5574
[Profile] Avg ms/step | Load: 99.439 (Prep: 18.330, Struc: 1.261, Fetch: 79.847) | Fwd: 53.332 | Bwd: 64.867 | Opt: 0.645 | GPU_Tot: 199.952
[Autotune] {"version": 1, "step": 690, "wall_seconds": 157.9493852519954, "seed_nodes": 2768994, "loss": 0.5573520660400391, "all_losses_finite": true}
[Step=0700] Wall=159.9843s | Loss=0.5643
[Profile] Avg ms/step | Load: 99.171 (Prep: 18.053, Struc: 1.262, Fetch: 79.856) | Fwd: 53.350 | Bwd: 64.890 | Opt: 0.645 | GPU_Tot: 200.003
[Autotune] {"version": 1, "step": 700, "wall_seconds": 159.98431917199923, "seed_nodes": 2809954, "loss": 0.564338493347168, "all_losses_finite": true}
[Step=0710] Wall=162.0151s | Loss=0.5465
[Profile] Avg ms/step | Load: 98.905 (Prep: 17.784, Struc: 1.262, Fetch: 79.858) | Fwd: 53.366 | Bwd: 64.914 | Opt: 0.644 | GPU_Tot: 200.045
[Autotune] {"version": 1, "step": 710, "wall_seconds": 162.01513325999258, "seed_nodes": 2850914, "loss": 0.5464907169342041, "all_losses_finite": true}
[Step=0720] Wall=164.0442s | Loss=0.5053
[Profile] Avg ms/step | Load: 98.646 (Prep: 17.524, Struc: 1.263, Fetch: 79.859) | Fwd: 53.381 | Bwd: 64.936 | Opt: 0.644 | GPU_Tot: 200.084
[Autotune] {"version": 1, "step": 720, "wall_seconds": 164.0441612900031, "seed_nodes": 2891874, "loss": 0.5053043842315674, "all_losses_finite": true}
[Step=0730] Wall=166.0739s | Loss=0.4933
[Profile] Avg ms/step | Load: 98.392 (Prep: 17.270, Struc: 1.263, Fetch: 79.858) | Fwd: 53.397 | Bwd: 64.959 | Opt: 0.644 | GPU_Tot: 200.122
[Autotune] {"version": 1, "step": 730, "wall_seconds": 166.0739292329963, "seed_nodes": 2932834, "loss": 0.4932821273803711, "all_losses_finite": true}
[Step=0740] Wall=168.7936s | Loss=0.6861
[Profile] Avg ms/step | Load: 99.298 (Prep: 18.163, Struc: 1.262, Fetch: 79.873) | Fwd: 53.338 | Bwd: 64.890 | Opt: 0.644 | GPU_Tot: 200.006
[Autotune] {"version": 1, "step": 740, "wall_seconds": 168.7935839290003, "seed_nodes": 2969705, "loss": 0.6860547542572022, "all_losses_finite": true}
[Step=0750] Wall=170.8165s | Loss=0.6400
[Profile] Avg ms/step | Load: 99.033 (Prep: 17.908, Struc: 1.262, Fetch: 79.863) | Fwd: 53.354 | Bwd: 64.913 | Opt: 0.644 | GPU_Tot: 200.035
[Autotune] {"version": 1, "step": 750, "wall_seconds": 170.8165103049978, "seed_nodes": 3010665, "loss": 0.6400476455688476, "all_losses_finite": true}
[Step=0760] Wall=172.8359s | Loss=0.5684
[Profile] Avg ms/step | Load: 98.773 (Prep: 17.660, Struc: 1.262, Fetch: 79.850) | Fwd: 53.369 | Bwd: 64.934 | Opt: 0.644 | GPU_Tot: 200.059
[Autotune] {"version": 1, "step": 760, "wall_seconds": 172.83585861200118, "seed_nodes": 3051625, "loss": 0.5684394359588623, "all_losses_finite": true}
[Step=0770] Wall=174.8583s | Loss=0.5581
[Profile] Avg ms/step | Load: 98.522 (Prep: 17.419, Struc: 1.263, Fetch: 79.840) | Fwd: 53.384 | Bwd: 64.955 | Opt: 0.644 | GPU_Tot: 200.085
[Autotune] {"version": 1, "step": 770, "wall_seconds": 174.85833038800047, "seed_nodes": 3092585, "loss": 0.5580909252166748, "all_losses_finite": true}
[Step=0780] Wall=176.8783s | Loss=0.5247
[Profile] Avg ms/step | Load: 98.276 (Prep: 17.184, Struc: 1.263, Fetch: 79.828) | Fwd: 53.399 | Bwd: 64.975 | Opt: 0.643 | GPU_Tot: 200.108
[Autotune] {"version": 1, "step": 780, "wall_seconds": 176.87834500099416, "seed_nodes": 3133545, "loss": 0.5246689796447754, "all_losses_finite": true}
[Step=0790] Wall=179.5436s | Loss=0.5876
[Profile] Avg ms/step | Load: 99.050 (Prep: 17.921, Struc: 1.262, Fetch: 79.867) | Fwd: 53.344 | Bwd: 64.910 | Opt: 0.643 | GPU_Tot: 200.026
[Autotune] {"version": 1, "step": 790, "wall_seconds": 179.54358030000003, "seed_nodes": 3170416, "loss": 0.5876373767852783, "all_losses_finite": true}
[Step=0800] Wall=181.5729s | Loss=0.5761
[Profile] Avg ms/step | Load: 98.806 (Prep: 17.685, Struc: 1.262, Fetch: 79.859) | Fwd: 53.360 | Bwd: 64.937 | Opt: 0.643 | GPU_Tot: 200.062
[Autotune] {"version": 1, "step": 800, "wall_seconds": 181.5728932320053, "seed_nodes": 3211376, "loss": 0.576059103012085, "all_losses_finite": true}
[Step=0810] Wall=183.5953s | Loss=0.5570
[Profile] Avg ms/step | Load: 98.571 (Prep: 17.457, Struc: 1.262, Fetch: 79.852) | Fwd: 53.374 | Bwd: 64.955 | Opt: 0.643 | GPU_Tot: 200.087
[Autotune] {"version": 1, "step": 810, "wall_seconds": 183.59530831499433, "seed_nodes": 3252336, "loss": 0.5570079326629639, "all_losses_finite": true}
[Step=0820] Wall=185.6196s | Loss=0.5224
[Profile] Avg ms/step | Load: 98.342 (Prep: 17.233, Struc: 1.262, Fetch: 79.846) | Fwd: 53.388 | Bwd: 64.975 | Opt: 0.643 | GPU_Tot: 200.114
[Autotune] {"version": 1, "step": 820, "wall_seconds": 185.6195991410059, "seed_nodes": 3293296, "loss": 0.5224276065826416, "all_losses_finite": true}
[Step=0830] Wall=187.6434s | Loss=0.4965
[Profile] Avg ms/step | Load: 98.117 (Prep: 17.016, Struc: 1.263, Fetch: 79.838) | Fwd: 53.402 | Bwd: 64.994 | Opt: 0.643 | GPU_Tot: 200.140
[Autotune] {"version": 1, "step": 830, "wall_seconds": 187.6433502639993, "seed_nodes": 3334256, "loss": 0.49649615287780763, "all_losses_finite": true}
[Step=0840] Wall=190.4237s | Loss=0.4808
[Profile] Avg ms/step | Load: 98.987 (Prep: 17.830, Struc: 1.262, Fetch: 79.894) | Fwd: 53.351 | Bwd: 64.934 | Opt: 0.643 | GPU_Tot: 200.084
[Autotune] {"version": 1, "step": 840, "wall_seconds": 190.4236891860055, "seed_nodes": 3371127, "loss": 0.4807619094848633, "all_losses_finite": true}
[Step=0850] Wall=192.4770s | Loss=0.5062
[Profile] Avg ms/step | Load: 98.794 (Prep: 17.610, Struc: 1.263, Fetch: 79.921) | Fwd: 53.365 | Bwd: 64.955 | Opt: 0.643 | GPU_Tot: 200.146
[Autotune] {"version": 1, "step": 850, "wall_seconds": 192.47695725300582, "seed_nodes": 3412087, "loss": 0.5062198638916016, "all_losses_finite": true}
[Step=0860] Wall=194.5386s | Loss=0.4947
[Profile] Avg ms/step | Load: 98.613 (Prep: 17.396, Struc: 1.263, Fetch: 79.954) | Fwd: 53.380 | Bwd: 64.978 | Opt: 0.642 | GPU_Tot: 200.217
[Autotune] {"version": 1, "step": 860, "wall_seconds": 194.53855152000324, "seed_nodes": 3453047, "loss": 0.49465460777282716, "all_losses_finite": true}
[Step=0870] Wall=196.5793s | Loss=0.4877
[Profile] Avg ms/step | Load: 98.415 (Prep: 17.187, Struc: 1.263, Fetch: 79.965) | Fwd: 53.393 | Bwd: 64.997 | Opt: 0.642 | GPU_Tot: 200.261
[Autotune] {"version": 1, "step": 870, "wall_seconds": 196.57927236199612, "seed_nodes": 3494007, "loss": 0.48774127960205077, "all_losses_finite": true}
[Step=0880] Wall=198.6234s | Loss=0.4708
[Profile] Avg ms/step | Load: 98.224 (Prep: 16.983, Struc: 1.263, Fetch: 79.977) | Fwd: 53.407 | Bwd: 65.017 | Opt: 0.642 | GPU_Tot: 200.307
[Autotune] {"version": 1, "step": 880, "wall_seconds": 198.62339685000188, "seed_nodes": 3534967, "loss": 0.47083287239074706, "all_losses_finite": true}
[Step=0890] Wall=201.4133s | Loss=0.6017
[Profile] Avg ms/step | Load: 99.050 (Prep: 17.777, Struc: 1.263, Fetch: 80.010) | Fwd: 53.358 | Bwd: 64.963 | Opt: 0.643 | GPU_Tot: 200.237
[Autotune] {"version": 1, "step": 890, "wall_seconds": 201.41332329099532, "seed_nodes": 3571838, "loss": 0.6016673564910888, "all_losses_finite": true}
[Step=0900] Wall=203.4583s | Loss=0.5760
[Profile] Avg ms/step | Load: 98.856 (Prep: 17.571, Struc: 1.263, Fetch: 80.022) | Fwd: 53.372 | Bwd: 64.984 | Opt: 0.643 | GPU_Tot: 200.284
[Autotune] {"version": 1, "step": 900, "wall_seconds": 203.45825383299962, "seed_nodes": 3612798, "loss": 0.5760015964508056, "all_losses_finite": true}
[Step=0910] Wall=205.4985s | Loss=0.5290
[Profile] Avg ms/step | Load: 98.663 (Prep: 17.370, Struc: 1.263, Fetch: 80.030) | Fwd: 53.386 | Bwd: 65.003 | Opt: 0.643 | GPU_Tot: 200.324
[Autotune] {"version": 1, "step": 910, "wall_seconds": 205.49850860600418, "seed_nodes": 3653758, "loss": 0.5289503574371338, "all_losses_finite": true}
[Step=0920] Wall=207.5371s | Loss=0.5107
[Profile] Avg ms/step | Load: 98.473 (Prep: 17.173, Struc: 1.263, Fetch: 80.036) | Fwd: 53.397 | Bwd: 65.022 | Opt: 0.643 | GPU_Tot: 200.362
[Autotune] {"version": 1, "step": 920, "wall_seconds": 207.5371409530053, "seed_nodes": 3694718, "loss": 0.5106743812561035, "all_losses_finite": true}
[Step=0930] Wall=209.5784s | Loss=0.4953
[Profile] Avg ms/step | Load: 98.289 (Prep: 16.981, Struc: 1.264, Fetch: 80.044) | Fwd: 53.410 | Bwd: 65.041 | Opt: 0.643 | GPU_Tot: 200.401
[Autotune] {"version": 1, "step": 930, "wall_seconds": 209.5784165179939, "seed_nodes": 3735678, "loss": 0.4953289031982422, "all_losses_finite": true}
[Step=0940] Wall=212.3527s | Loss=0.5576
[Profile] Avg ms/step | Load: 99.056 (Prep: 17.763, Struc: 1.263, Fetch: 80.030) | Fwd: 53.363 | Bwd: 64.986 | Opt: 0.643 | GPU_Tot: 200.285
[Autotune] {"version": 1, "step": 940, "wall_seconds": 212.3527284640004, "seed_nodes": 3772549, "loss": 0.5576295852661133, "all_losses_finite": true}
[Step=0950] Wall=214.3815s | Loss=0.5615
[Profile] Avg ms/step | Load: 98.863 (Prep: 17.568, Struc: 1.263, Fetch: 80.032) | Fwd: 53.374 | Bwd: 65.000 | Opt: 0.643 | GPU_Tot: 200.311
[Autotune] {"version": 1, "step": 950, "wall_seconds": 214.38151358200412, "seed_nodes": 3813509, "loss": 0.561463737487793, "all_losses_finite": true}
[Step=0960] Wall=216.4153s | Loss=0.5135
[Profile] Avg ms/step | Load: 98.672 (Prep: 17.378, Struc: 1.263, Fetch: 80.031) | Fwd: 53.386 | Bwd: 65.019 | Opt: 0.642 | GPU_Tot: 200.341
[Autotune] {"version": 1, "step": 960, "wall_seconds": 216.41528492099314, "seed_nodes": 3854469, "loss": 0.5135469436645508, "all_losses_finite": true}
[Step=0970] Wall=218.4517s | Loss=0.5022
[Profile] Avg ms/step | Load: 98.487 (Prep: 17.192, Struc: 1.263, Fetch: 80.032) | Fwd: 53.399 | Bwd: 65.037 | Opt: 0.642 | GPU_Tot: 200.374
[Autotune] {"version": 1, "step": 970, "wall_seconds": 218.45165017399995, "seed_nodes": 3895429, "loss": 0.502180528640747, "all_losses_finite": true}
[Step=0980] Wall=220.2847s | Loss=0.4728
[Profile] Avg ms/step | Load: 98.221 (Prep: 17.009, Struc: 1.262, Fetch: 79.950) | Fwd: 53.354 | Bwd: 64.982 | Opt: 0.642 | GPU_Tot: 200.190
[Autotune] {"version": 1, "step": 980, "wall_seconds": 220.28474601999915, "seed_nodes": 3932300, "loss": 0.47276992797851564, "all_losses_finite": true}
[Step=0990] Wall=223.3163s | Loss=0.5725
[Profile] Avg ms/step | Load: 99.092 (Prep: 17.794, Struc: 1.262, Fetch: 80.035) | Fwd: 53.367 | Bwd: 65.001 | Opt: 0.642 | GPU_Tot: 200.308
[Autotune] {"version": 1, "step": 990, "wall_seconds": 223.31631119499798, "seed_nodes": 3973260, "loss": 0.5725418090820312, "all_losses_finite": true}
[Step=1000] Wall=225.3603s | Loss=0.5420
[Profile] Avg ms/step | Load: 98.917 (Prep: 17.610, Struc: 1.263, Fetch: 80.045) | Fwd: 53.379 | Bwd: 65.020 | Opt: 0.642 | GPU_Tot: 200.349
[Autotune] {"version": 1, "step": 1000, "wall_seconds": 225.36033163699904, "seed_nodes": 4014220, "loss": 0.5420040130615235, "all_losses_finite": true}
[Step=1010] Wall=227.3950s | Loss=0.5147
[Profile] Avg ms/step | Load: 98.739 (Prep: 17.429, Struc: 1.263, Fetch: 80.048) | Fwd: 53.390 | Bwd: 65.036 | Opt: 0.642 | GPU_Tot: 200.378
[Autotune] {"version": 1, "step": 1010, "wall_seconds": 227.39501684400602, "seed_nodes": 4055180, "loss": 0.5147176265716553, "all_losses_finite": true}
[Step=1020] Wall=229.4258s | Loss=0.5026
[Profile] Avg ms/step | Load: 98.565 (Prep: 17.251, Struc: 1.263, Fetch: 80.051) | Fwd: 53.399 | Bwd: 65.049 | Opt: 0.642 | GPU_Tot: 200.404
[Autotune] {"version": 1, "step": 1020, "wall_seconds": 229.42575684199983, "seed_nodes": 4096140, "loss": 0.5025681018829345, "all_losses_finite": true}
[Step=1030] Wall=232.2292s | Loss=0.4598
[Profile] Avg ms/step | Load: 99.285 (Prep: 18.013, Struc: 1.262, Fetch: 80.010) | Fwd: 53.358 | Bwd: 65.001 | Opt: 0.642 | GPU_Tot: 200.273
[Autotune] {"version": 1, "step": 1030, "wall_seconds": 232.22921566999867, "seed_nodes": 4133011, "loss": 0.45981540679931643, "all_losses_finite": true}
[Step=1040] Wall=234.2846s | Loss=0.5405
[Profile] Avg ms/step | Load: 99.130 (Prep: 17.834, Struc: 1.262, Fetch: 80.034) | Fwd: 53.369 | Bwd: 65.016 | Opt: 0.642 | GPU_Tot: 200.323
[Autotune] {"version": 1, "step": 1040, "wall_seconds": 234.28458887699526, "seed_nodes": 4173971, "loss": 0.5404721260070801, "all_losses_finite": true}
[Step=1050] Wall=236.3184s | Loss=0.4992
[Profile] Avg ms/step | Load: 98.955 (Prep: 17.658, Struc: 1.262, Fetch: 80.035) | Fwd: 53.380 | Bwd: 65.032 | Opt: 0.642 | GPU_Tot: 200.351
[Autotune] {"version": 1, "step": 1050, "wall_seconds": 236.31844059399737, "seed_nodes": 4214931, "loss": 0.49924001693725584, "all_losses_finite": true}
[Step=1060] Wall=238.3497s | Loss=0.4819
[Profile] Avg ms/step | Load: 98.779 (Prep: 17.485, Struc: 1.263, Fetch: 80.032) | Fwd: 53.390 | Bwd: 65.050 | Opt: 0.642 | GPU_Tot: 200.376
[Autotune] {"version": 1, "step": 1060, "wall_seconds": 238.349684048997, "seed_nodes": 4255891, "loss": 0.48193159103393557, "all_losses_finite": true}
[Step=1070] Wall=240.3768s | Loss=0.4748
[Profile] Avg ms/step | Load: 98.608 (Prep: 17.316, Struc: 1.263, Fetch: 80.029) | Fwd: 53.400 | Bwd: 65.064 | Opt: 0.642 | GPU_Tot: 200.397
[Autotune] {"version": 1, "step": 1070, "wall_seconds": 240.37677781899401, "seed_nodes": 4296851, "loss": 0.4747612476348877, "all_losses_finite": true}
[Step=1080] Wall=243.2209s | Loss=0.4567
[Profile] Avg ms/step | Load: 99.338 (Prep: 18.108, Struc: 1.262, Fetch: 79.968) | Fwd: 53.358 | Bwd: 65.015 | Opt: 0.642 | GPU_Tot: 200.244
[Autotune] {"version": 1, "step": 1080, "wall_seconds": 243.2209213259921, "seed_nodes": 4333722, "loss": 0.4566643238067627, "all_losses_finite": true}
[Step=1090] Wall=245.2662s | Loss=0.4959
[Profile] Avg ms/step | Load: 99.183 (Prep: 17.936, Struc: 1.262, Fetch: 79.985) | Fwd: 53.367 | Bwd: 65.028 | Opt: 0.641 | GPU_Tot: 200.283
[Autotune] {"version": 1, "step": 1090, "wall_seconds": 245.2662328610022, "seed_nodes": 4374682, "loss": 0.49585537910461425, "all_losses_finite": true}
[Step=1100] Wall=247.3056s | Loss=0.4809
[Profile] Avg ms/step | Load: 99.025 (Prep: 17.767, Struc: 1.262, Fetch: 79.996) | Fwd: 53.376 | Bwd: 65.040 | Opt: 0.641 | GPU_Tot: 200.315
[Autotune] {"version": 1, "step": 1100, "wall_seconds": 247.30555976099276, "seed_nodes": 4415642, "loss": 0.48088841438293456, "all_losses_finite": true}
[Step=1110] Wall=249.3469s | Loss=0.4695
[Profile] Avg ms/step | Load: 98.870 (Prep: 17.602, Struc: 1.262, Fetch: 80.006) | Fwd: 53.385 | Bwd: 65.054 | Opt: 0.641 | GPU_Tot: 200.349
[Autotune] {"version": 1, "step": 1110, "wall_seconds": 249.34690281699295, "seed_nodes": 4456602, "loss": 0.4695438861846924, "all_losses_finite": true}
[Step=1120] Wall=251.3877s | Loss=0.4728
[Profile] Avg ms/step | Load: 98.718 (Prep: 17.439, Struc: 1.263, Fetch: 80.016) | Fwd: 53.394 | Bwd: 65.068 | Opt: 0.641 | GPU_Tot: 200.381
[Autotune] {"version": 1, "step": 1120, "wall_seconds": 251.3877155030059, "seed_nodes": 4497562, "loss": 0.47277302742004396, "all_losses_finite": true}
[Step=1130] Wall=254.2624s | Loss=0.5249
[Profile] Avg ms/step | Load: 99.437 (Prep: 18.189, Struc: 1.262, Fetch: 79.986) | Fwd: 53.355 | Bwd: 65.024 | Opt: 0.641 | GPU_Tot: 200.268
[Autotune] {"version": 1, "step": 1130, "wall_seconds": 254.26243839599192, "seed_nodes": 4534433, "loss": 0.5248675346374512, "all_losses_finite": true}
[Step=1140] Wall=256.2852s | Loss=0.6125
[Profile] Avg ms/step | Load: 99.268 (Prep: 18.025, Struc: 1.262, Fetch: 79.982) | Fwd: 53.364 | Bwd: 65.036 | Opt: 0.641 | GPU_Tot: 200.285
[Autotune] {"version": 1, "step": 1140, "wall_seconds": 256.2852328750014, "seed_nodes": 4575393, "loss": 0.6124879837036132, "all_losses_finite": true}
[Step=1150] Wall=258.3014s | Loss=0.5350
[Profile] Avg ms/step | Load: 99.098 (Prep: 17.863, Struc: 1.262, Fetch: 79.974) | Fwd: 53.371 | Bwd: 65.047 | Opt: 0.641 | GPU_Tot: 200.295
[Autotune] {"version": 1, "step": 1150, "wall_seconds": 258.30144456199196, "seed_nodes": 4616353, "loss": 0.5350157260894776, "all_losses_finite": true}
[Step=1160] Wall=260.3340s | Loss=0.5083
[Profile] Avg ms/step | Load: 98.944 (Prep: 17.704, Struc: 1.262, Fetch: 79.978) | Fwd: 53.379 | Bwd: 65.059 | Opt: 0.641 | GPU_Tot: 200.319
[Autotune] {"version": 1, "step": 1160, "wall_seconds": 260.3340030380059, "seed_nodes": 4657313, "loss": 0.5082936763763428, "all_losses_finite": true}
[Step=1170] Wall=262.3557s | Loss=0.4831
[Profile] Avg ms/step | Load: 98.785 (Prep: 17.547, Struc: 1.262, Fetch: 79.975) | Fwd: 53.387 | Bwd: 65.069 | Opt: 0.641 | GPU_Tot: 200.334
[Autotune] {"version": 1, "step": 1170, "wall_seconds": 262.3556888400053, "seed_nodes": 4698273, "loss": 0.4830741882324219, "all_losses_finite": true}
[Step=1180] Wall=265.1777s | Loss=0.4269
[Profile] Avg ms/step | Load: 99.431 (Prep: 18.204, Struc: 1.262, Fetch: 79.965) | Fwd: 53.349 | Bwd: 65.024 | Opt: 0.640 | GPU_Tot: 200.240
[Autotune] {"version": 1, "step": 1180, "wall_seconds": 265.17769113599206, "seed_nodes": 4735144, "loss": 0.42687740325927737, "all_losses_finite": true}
[Step=1190] Wall=267.2060s | Loss=0.4755
[Profile] Avg ms/step | Load: 99.275 (Prep: 18.046, Struc: 1.262, Fetch: 79.967) | Fwd: 53.356 | Bwd: 65.035 | Opt: 0.640 | GPU_Tot: 200.260
[Autotune] {"version": 1, "step": 1190, "wall_seconds": 267.2060221790016, "seed_nodes": 4776104, "loss": 0.47546753883361814, "all_losses_finite": true}
[Step=1200] Wall=269.2354s | Loss=0.4691
[Profile] Avg ms/step | Load: 99.122 (Prep: 17.891, Struc: 1.262, Fetch: 79.969) | Fwd: 53.364 | Bwd: 65.046 | Opt: 0.640 | GPU_Tot: 200.282
[Autotune] {"version": 1, "step": 1200, "wall_seconds": 269.2353501799953, "seed_nodes": 4817064, "loss": 0.46912541389465334, "all_losses_finite": true}
[Step=1210] Wall=271.2646s | Loss=0.4520
[Profile] Avg ms/step | Load: 98.971 (Prep: 17.738, Struc: 1.262, Fetch: 79.971) | Fwd: 53.372 | Bwd: 65.057 | Opt: 0.640 | GPU_Tot: 200.302
[Autotune] {"version": 1, "step": 1210, "wall_seconds": 271.26461250099237, "seed_nodes": 4858024, "loss": 0.4519824028015137, "all_losses_finite": true}
[Step=1220] Wall=273.2940s | Loss=0.4526
[Profile] Avg ms/step | Load: 98.820 (Prep: 17.589, Struc: 1.262, Fetch: 79.969) | Fwd: 53.381 | Bwd: 65.070 | Opt: 0.640 | GPU_Tot: 200.323
[Autotune] {"version": 1, "step": 1220, "wall_seconds": 273.29401815499295, "seed_nodes": 4898984, "loss": 0.45256938934326174, "all_losses_finite": true}
[Step=1230] Wall=275.9228s | Loss=0.5027
[Profile] Avg ms/step | Load: 99.280 (Prep: 18.014, Struc: 1.262, Fetch: 80.005) | Fwd: 53.343 | Bwd: 65.023 | Opt: 0.641 | GPU_Tot: 200.273
[Autotune] {"version": 1, "step": 1230, "wall_seconds": 275.9227556459955, "seed_nodes": 4935855, "loss": 0.5027169704437255, "all_losses_finite": true}
[Step=1240] Wall=277.9546s | Loss=0.5026
[Profile] Avg ms/step | Load: 99.132 (Prep: 17.864, Struc: 1.262, Fetch: 80.006) | Fwd: 53.351 | Bwd: 65.036 | Opt: 0.640 | GPU_Tot: 200.296
[Autotune] {"version": 1, "step": 1240, "wall_seconds": 277.95464308100054, "seed_nodes": 4976815, "loss": 0.5026389598846436, "all_losses_finite": true}
[Step=1250] Wall=279.9819s | Loss=0.4848
[Profile] Avg ms/step | Load: 98.987 (Prep: 17.717, Struc: 1.262, Fetch: 80.008) | Fwd: 53.358 | Bwd: 65.045 | Opt: 0.640 | GPU_Tot: 200.314
[Autotune] {"version": 1, "step": 1250, "wall_seconds": 279.98192729600123, "seed_nodes": 5017775, "loss": 0.48477864265441895, "all_losses_finite": true}
[Step=1260] Wall=282.0144s | Loss=0.4715
[Profile] Avg ms/step | Load: 98.845 (Prep: 17.572, Struc: 1.262, Fetch: 80.011) | Fwd: 53.366 | Bwd: 65.057 | Opt: 0.640 | GPU_Tot: 200.336
[Autotune] {"version": 1, "step": 1260, "wall_seconds": 282.014426542999, "seed_nodes": 5058735, "loss": 0.471478271484375, "all_losses_finite": true}
[Step=1270] Wall=284.0454s | Loss=0.4529
[Profile] Avg ms/step | Load: 98.707 (Prep: 17.430, Struc: 1.262, Fetch: 80.015) | Fwd: 53.373 | Bwd: 65.067 | Opt: 0.640 | GPU_Tot: 200.357
[Autotune] {"version": 1, "step": 1270, "wall_seconds": 284.04540267899574, "seed_nodes": 5099695, "loss": 0.4528650283813477, "all_losses_finite": true}
[Step=1280] Wall=286.6936s | Loss=0.5768
[Profile] Avg ms/step | Load: 99.156 (Prep: 17.874, Struc: 1.261, Fetch: 80.021) | Fwd: 53.339 | Bwd: 65.029 | Opt: 0.640 | GPU_Tot: 200.291
[Autotune] {"version": 1, "step": 1280, "wall_seconds": 286.6935657409922, "seed_nodes": 5136566, "loss": 0.5768088817596435, "all_losses_finite": true}
[Step=1290] Wall=288.7134s | Loss=0.5585
[Profile] Avg ms/step | Load: 99.010 (Prep: 17.731, Struc: 1.262, Fetch: 80.018) | Fwd: 53.346 | Bwd: 65.038 | Opt: 0.640 | GPU_Tot: 200.303
[Autotune] {"version": 1, "step": 1290, "wall_seconds": 288.7133543749951, "seed_nodes": 5177526, "loss": 0.5585476875305175, "all_losses_finite": true}
[Step=1300] Wall=290.7383s | Loss=0.5135
[Profile] Avg ms/step | Load: 98.868 (Prep: 17.591, Struc: 1.262, Fetch: 80.015) | Fwd: 53.353 | Bwd: 65.048 | Opt: 0.640 | GPU_Tot: 200.318
[Autotune] {"version": 1, "step": 1300, "wall_seconds": 290.73834441500367, "seed_nodes": 5218486, "loss": 0.5134946823120117, "all_losses_finite": true}
[Step=1310] Wall=292.7632s | Loss=0.4816
[Profile] Avg ms/step | Load: 98.726 (Prep: 17.453, Struc: 1.262, Fetch: 80.012) | Fwd: 53.361 | Bwd: 65.059 | Opt: 0.640 | GPU_Tot: 200.334
[Autotune] {"version": 1, "step": 1310, "wall_seconds": 292.76323722000234, "seed_nodes": 5259446, "loss": 0.48163809776306155, "all_losses_finite": true}
[Step=1320] Wall=294.7866s | Loss=0.4799
[Profile] Avg ms/step | Load: 98.587 (Prep: 17.317, Struc: 1.262, Fetch: 80.008) | Fwd: 53.368 | Bwd: 65.069 | Opt: 0.640 | GPU_Tot: 200.348
[Autotune] {"version": 1, "step": 1320, "wall_seconds": 294.7866368489922, "seed_nodes": 5300406, "loss": 0.4799074172973633, "all_losses_finite": true}
[Step=1330] Wall=297.3781s | Loss=0.4439
[Profile] Avg ms/step | Load: 98.977 (Prep: 17.653, Struc: 1.262, Fetch: 80.062) | Fwd: 53.336 | Bwd: 65.031 | Opt: 0.640 | GPU_Tot: 200.331
[Autotune] {"version": 1, "step": 1330, "wall_seconds": 297.3781329449994, "seed_nodes": 5337277, "loss": 0.4439194679260254, "all_losses_finite": true}
[Step=1340] Wall=299.4037s | Loss=0.5086
[Profile] Avg ms/step | Load: 98.840 (Prep: 17.518, Struc: 1.262, Fetch: 80.060) | Fwd: 53.343 | Bwd: 65.041 | Opt: 0.640 | GPU_Tot: 200.346
[Autotune] {"version": 1, "step": 1340, "wall_seconds": 299.40372287799255, "seed_nodes": 5378237, "loss": 0.5085642337799072, "all_losses_finite": true}
[Step=1350] Wall=301.4311s | Loss=0.4920
[Profile] Avg ms/step | Load: 98.705 (Prep: 17.385, Struc: 1.262, Fetch: 80.058) | Fwd: 53.350 | Bwd: 65.052 | Opt: 0.640 | GPU_Tot: 200.363
[Autotune] {"version": 1, "step": 1350, "wall_seconds": 301.43113614199683, "seed_nodes": 5419197, "loss": 0.49199771881103516, "all_losses_finite": true}
[Step=1360] Wall=303.4586s | Loss=0.4784
[Profile] Avg ms/step | Load: 98.573 (Prep: 17.253, Struc: 1.262, Fetch: 80.057) | Fwd: 53.357 | Bwd: 65.062 | Opt: 0.640 | GPU_Tot: 200.379
[Autotune] {"version": 1, "step": 1360, "wall_seconds": 303.4586249959975, "seed_nodes": 5460157, "loss": 0.47837581634521487, "all_losses_finite": true}
[Step=1370] Wall=305.4910s | Loss=0.4746
[Profile] Avg ms/step | Load: 98.443 (Prep: 17.124, Struc: 1.262, Fetch: 80.056) | Fwd: 53.366 | Bwd: 65.075 | Opt: 0.640 | GPU_Tot: 200.399
[Autotune] {"version": 1, "step": 1370, "wall_seconds": 305.4909658830002, "seed_nodes": 5501117, "loss": 0.47460432052612306, "all_losses_finite": true}
[Step=1380] Wall=308.2392s | Loss=0.5677
[Profile] Avg ms/step | Load: 98.942 (Prep: 17.623, Struc: 1.262, Fetch: 80.057) | Fwd: 53.333 | Bwd: 65.034 | Opt: 0.640 | GPU_Tot: 200.326
[Autotune] {"version": 1, "step": 1380, "wall_seconds": 308.23916465599905, "seed_nodes": 5537988, "loss": 0.5677451133728028, "all_losses_finite": true}
[Step=1390] Wall=310.2704s | Loss=0.5493
[Profile] Avg ms/step | Load: 98.810 (Prep: 17.493, Struc: 1.262, Fetch: 80.056) | Fwd: 53.341 | Bwd: 65.048 | Opt: 0.640 | GPU_Tot: 200.345
[Autotune] {"version": 1, "step": 1390, "wall_seconds": 310.270408219003, "seed_nodes": 5578948, "loss": 0.5492944240570068, "all_losses_finite": true}
[Step=1400] Wall=312.3149s | Loss=0.5081
[Profile] Avg ms/step | Load: 98.694 (Prep: 17.365, Struc: 1.262, Fetch: 80.067) | Fwd: 53.348 | Bwd: 65.058 | Opt: 0.639 | GPU_Tot: 200.374
[Autotune] {"version": 1, "step": 1400, "wall_seconds": 312.3149143509945, "seed_nodes": 5619908, "loss": 0.5081113338470459, "all_losses_finite": true}
[Step=1410] Wall=314.3321s | Loss=0.4901
[Profile] Avg ms/step | Load: 98.561 (Prep: 17.238, Struc: 1.262, Fetch: 80.061) | Fwd: 53.354 | Bwd: 65.066 | Opt: 0.639 | GPU_Tot: 200.382
[Autotune] {"version": 1, "step": 1410, "wall_seconds": 314.33213873200293, "seed_nodes": 5660868, "loss": 0.4901066780090332, "all_losses_finite": true}
[Step=1420] Wall=316.3564s | Loss=0.4780
[Profile] Avg ms/step | Load: 98.433 (Prep: 17.114, Struc: 1.262, Fetch: 80.057) | Fwd: 53.361 | Bwd: 65.076 | Opt: 0.639 | GPU_Tot: 200.395
[Autotune] {"version": 1, "step": 1420, "wall_seconds": 316.35639545999584, "seed_nodes": 5701828, "loss": 0.4780412673950195, "all_losses_finite": true}
[Step=1430] Wall=319.1936s | Loss=0.4444
[Profile] Avg ms/step | Load: 98.975 (Prep: 17.693, Struc: 1.262, Fetch: 80.020) | Fwd: 53.330 | Bwd: 65.040 | Opt: 0.639 | GPU_Tot: 200.291
[Autotune] {"version": 1, "step": 1430, "wall_seconds": 319.1935630389926, "seed_nodes": 5738699, "loss": 0.44444594383239744, "all_losses_finite": true}
[Step=1440] Wall=321.2182s | Loss=0.4683
[Profile] Avg ms/step | Load: 98.848 (Prep: 17.567, Struc: 1.262, Fetch: 80.020) | Fwd: 53.336 | Bwd: 65.048 | Opt: 0.639 | GPU_Tot: 200.305
[Autotune] {"version": 1, "step": 1440, "wall_seconds": 321.2181870839995, "seed_nodes": 5779659, "loss": 0.4682779788970947, "all_losses_finite": true}
[Step=1450] Wall=323.2595s | Loss=0.4679
[Profile] Avg ms/step | Load: 98.730 (Prep: 17.443, Struc: 1.262, Fetch: 80.026) | Fwd: 53.344 | Bwd: 65.060 | Opt: 0.639 | GPU_Tot: 200.331
[Autotune] {"version": 1, "step": 1450, "wall_seconds": 323.25945231999503, "seed_nodes": 5820619, "loss": 0.46792941093444823, "all_losses_finite": true}
[Step=1460] Wall=325.2981s | Loss=0.4725
[Profile] Avg ms/step | Load: 98.617 (Prep: 17.320, Struc: 1.262, Fetch: 80.035) | Fwd: 53.350 | Bwd: 65.067 | Opt: 0.639 | GPU_Tot: 200.354
[Autotune] {"version": 1, "step": 1460, "wall_seconds": 325.2981050009985, "seed_nodes": 5861579, "loss": 0.47253665924072263, "all_losses_finite": true}
[Step=1470] Wall=327.1305s | Loss=0.4381
[Profile] Avg ms/step | Load: 98.442 (Prep: 17.199, Struc: 1.261, Fetch: 79.981) | Fwd: 53.320 | Bwd: 65.031 | Opt: 0.639 | GPU_Tot: 200.233
[Autotune] {"version": 1, "step": 1470, "wall_seconds": 327.13053056100034, "seed_nodes": 5898450, "loss": 0.4381272792816162, "all_losses_finite": true}
[Step=1480] Wall=330.1833s | Loss=0.5160
[Profile] Avg ms/step | Load: 99.034 (Prep: 17.774, Struc: 1.262, Fetch: 79.998) | Fwd: 53.327 | Bwd: 65.041 | Opt: 0.639 | GPU_Tot: 200.267
[Autotune] {"version": 1, "step": 1480, "wall_seconds": 330.1833157469955, "seed_nodes": 5939410, "loss": 0.5160309314727783, "all_losses_finite": true}
[Step=1490] Wall=332.2069s | Loss=0.4990
[Profile] Avg ms/step | Load: 98.908 (Prep: 17.652, Struc: 1.262, Fetch: 79.995) | Fwd: 53.333 | Bwd: 65.051 | Opt: 0.639 | GPU_Tot: 200.280
[Autotune] {"version": 1, "step": 1490, "wall_seconds": 332.2069120929955, "seed_nodes": 5980370, "loss": 0.49901719093322755, "all_losses_finite": true}
[Step=1500] Wall=334.2306s | Loss=0.4708
[Profile] Avg ms/step | Load: 98.785 (Prep: 17.531, Struc: 1.262, Fetch: 79.992) | Fwd: 53.340 | Bwd: 65.060 | Opt: 0.639 | GPU_Tot: 200.293
[Autotune] {"version": 1, "step": 1500, "wall_seconds": 334.23061791800137, "seed_nodes": 6021330, "loss": 0.4707749843597412, "all_losses_finite": true}
[Step=1510] Wall=336.2649s | Loss=0.4625
[Profile] Avg ms/step | Load: 98.670 (Prep: 17.412, Struc: 1.262, Fetch: 79.996) | Fwd: 53.347 | Bwd: 65.070 | Opt: 0.639 | GPU_Tot: 200.312
[Autotune] {"version": 1, "step": 1510, "wall_seconds": 336.26493234100053, "seed_nodes": 6062290, "loss": 0.462539529800415, "all_losses_finite": true}
[Step=1520] Wall=339.0667s | Loss=0.4158
[Profile] Avg ms/step | Load: 99.152 (Prep: 17.928, Struc: 1.261, Fetch: 79.963) | Fwd: 53.318 | Bwd: 65.037 | Opt: 0.639 | GPU_Tot: 200.217
[Autotune] {"version": 1, "step": 1520, "wall_seconds": 339.0666757639992, "seed_nodes": 6099161, "loss": 0.41580967903137206, "all_losses_finite": true}
[Step=1530] Wall=341.0995s | Loss=0.4673
[Profile] Avg ms/step | Load: 99.038 (Prep: 17.808, Struc: 1.261, Fetch: 79.968) | Fwd: 53.324 | Bwd: 65.044 | Opt: 0.639 | GPU_Tot: 200.236
[Autotune] {"version": 1, "step": 1530, "wall_seconds": 341.09945056500146, "seed_nodes": 6140121, "loss": 0.46730623245239256, "all_losses_finite": true}
[Step=1540] Wall=343.1167s | Loss=0.4564
[Profile] Avg ms/step | Load: 98.912 (Prep: 17.690, Struc: 1.262, Fetch: 79.961) | Fwd: 53.331 | Bwd: 65.053 | Opt: 0.638 | GPU_Tot: 200.245
[Autotune] {"version": 1, "step": 1540, "wall_seconds": 343.116686399997, "seed_nodes": 6181081, "loss": 0.4564362049102783, "all_losses_finite": true}
[Step=1550] Wall=345.1326s | Loss=0.4642
[Profile] Avg ms/step | Load: 98.788 (Prep: 17.573, Struc: 1.262, Fetch: 79.953) | Fwd: 53.337 | Bwd: 65.062 | Opt: 0.638 | GPU_Tot: 200.252
[Autotune] {"version": 1, "step": 1550, "wall_seconds": 345.1325782859931, "seed_nodes": 6222041, "loss": 0.46417770385742185, "all_losses_finite": true}
[Step=1560] Wall=347.1377s | Loss=0.4369
[Profile] Avg ms/step | Load: 98.664 (Prep: 17.458, Struc: 1.262, Fetch: 79.945) | Fwd: 53.342 | Bwd: 65.065 | Opt: 0.638 | GPU_Tot: 200.252
[Autotune] {"version": 1, "step": 1560, "wall_seconds": 347.13765820900153, "seed_nodes": 6263001, "loss": 0.4369483947753906, "all_losses_finite": true}
[Step=1570] Wall=349.9462s | Loss=0.4937
[Profile] Avg ms/step | Load: 99.135 (Prep: 17.972, Struc: 1.261, Fetch: 79.902) | Fwd: 53.315 | Bwd: 65.033 | Opt: 0.638 | GPU_Tot: 200.149
[Autotune] {"version": 1, "step": 1570, "wall_seconds": 349.9462280479929, "seed_nodes": 6299872, "loss": 0.49368858337402344, "all_losses_finite": true}
[Step=1580] Wall=351.9980s | Loss=0.5014
[Profile] Avg ms/step | Load: 99.031 (Prep: 17.856, Struc: 1.261, Fetch: 79.914) | Fwd: 53.323 | Bwd: 65.045 | Opt: 0.638 | GPU_Tot: 200.180
[Autotune] {"version": 1, "step": 1580, "wall_seconds": 351.99804110800324, "seed_nodes": 6340832, "loss": 0.5013766288757324, "all_losses_finite": true}
[Step=1590] Wall=354.0188s | Loss=0.4577
[Profile] Avg ms/step | Load: 98.913 (Prep: 17.741, Struc: 1.261, Fetch: 79.911) | Fwd: 53.328 | Bwd: 65.053 | Opt: 0.638 | GPU_Tot: 200.191
[Autotune] {"version": 1, "step": 1590, "wall_seconds": 354.0187909689994, "seed_nodes": 6381792, "loss": 0.4577216148376465, "all_losses_finite": true}
[Step=1600] Wall=356.0377s | Loss=0.4592
[Profile] Avg ms/step | Load: 98.796 (Prep: 17.628, Struc: 1.262, Fetch: 79.907) | Fwd: 53.334 | Bwd: 65.060 | Opt: 0.638 | GPU_Tot: 200.201
[Autotune] {"version": 1, "step": 1600, "wall_seconds": 356.03774007699394, "seed_nodes": 6422752, "loss": 0.45923724174499514, "all_losses_finite": true}
[Step=1610] Wall=358.0568s | Loss=0.4475
[Profile] Avg ms/step | Load: 98.680 (Prep: 17.516, Struc: 1.262, Fetch: 79.903) | Fwd: 53.339 | Bwd: 65.069 | Opt: 0.638 | GPU_Tot: 200.210
[Autotune] {"version": 1, "step": 1610, "wall_seconds": 358.0568354239949, "seed_nodes": 6463712, "loss": 0.4475417137145996, "all_losses_finite": true}
[Step=1620] Wall=360.9252s | Loss=0.5127
[Profile] Avg ms/step | Load: 99.172 (Prep: 18.034, Struc: 1.261, Fetch: 79.877) | Fwd: 53.313 | Bwd: 65.039 | Opt: 0.638 | GPU_Tot: 200.128
[Autotune] {"version": 1, "step": 1620, "wall_seconds": 360.9251970350015, "seed_nodes": 6500583, "loss": 0.5127143859863281, "all_losses_finite": true}
[Step=1630] Wall=362.9596s | Loss=0.5631
[Profile] Avg ms/step | Load: 99.063 (Prep: 17.921, Struc: 1.261, Fetch: 79.881) | Fwd: 53.320 | Bwd: 65.048 | Opt: 0.638 | GPU_Tot: 200.148
[Autotune] {"version": 1, "step": 1630, "wall_seconds": 362.95961828199506, "seed_nodes": 6541543, "loss": 0.5631107807159423, "all_losses_finite": true}
[Step=1640] Wall=364.9943s | Loss=0.5021
[Profile] Avg ms/step | Load: 98.955 (Prep: 17.809, Struc: 1.261, Fetch: 79.885) | Fwd: 53.326 | Bwd: 65.058 | Opt: 0.638 | GPU_Tot: 200.167
[Autotune] {"version": 1, "step": 1640, "wall_seconds": 364.9943052169983, "seed_nodes": 6582503, "loss": 0.5021141052246094, "all_losses_finite": true}
------------------------------------------------------------
Training Completed. Total Steps: 1640 (Active: 1600)
Avg Breakdown (ms): Load=98.955 [Prep:17.809, Struc:1.261, Fetch:79.885], Fwd=53.326, Bwd=65.058, Opt=0.638
------------------------------------------------------------
