$REPO_ROOT/.venv/lib/python3.11/site-packages/outdated/__init__.py:36: UserWarning: pkg_resources is deprecated as an API. See https://setuptools.pypa.io/en/latest/pkg_resources.html. The pkg_resources package is slated for removal as early as 2025-11-30. Refrain from using this package or pin to Setuptools<81.
  from pkg_resources import parse_version
2026-09-18 13:46:30,191 INFO:   Connectivity check: running command: ping -c 1 -W 3 10.125.8.2
2026-09-18 13:46:30,198 INFO:   Connectivity check succeeded.
2026-09-18 13:46:30,218 INFO:   Appliance client semantic version: 1.14.0, cluster server semantic version: 1.20.2, job operator semantic version: 1.20.2
2026-09-18 13:46:30,220 INFO:   Successfully initialized workflow with id: wflow-ewxsadnzjchbzvusrurmjj
2026-09-18 13:46:30,226 WARNING:   The trainer configuration for train_and_eval does not configure checkpointing. In the event of a failure, the run will be restarted from the beginning. If this is not intentional, please specifiy a checkpoint callback with a checkpointing frequency to enable auto-restarting from previously saved checkpoints.
2026-09-18 13:46:30,226 INFO:   Spawning child process for the fit run ...
2026-09-18 13:46:30,230 INFO:   Child process started with pid: 494497
$REPO_ROOT/.venv/lib/python3.11/site-packages/outdated/__init__.py:36: UserWarning: pkg_resources is deprecated as an API. See https://setuptools.pypa.io/en/latest/pkg_resources.html. The pkg_resources package is slated for removal as early as 2025-11-30. Refrain from using this package or pin to Setuptools<81.
  from pkg_resources import parse_version
2026-09-18 13:46:36,663 INFO:   Current Working Directory: $REPO_ROOT/src/cerebras/modelzoo/models/gnn
2026-09-18 13:46:36,663 INFO:   Running command: $REPO_ROOT/src/cerebras/modelzoo/cli/main.py fit $REPO_ROOT/model_dirs/hpcasia_learning/arxiv_20260918T122510.309655Z/tuning/workers_w02_p2_s1_r1/params.yaml --target_device CSX --model_dir $REPO_ROOT/model_dirs/hpcasia_learning/arxiv_20260918T122510.309655Z/tuning/workers_w02_p2_s1_r1/model
2026-09-18 13:46:37,228 INFO:   No checkpoint was provided. Using randomly initialized model parameters.
2026-09-18 13:46:37,229 INFO:   Ordinal 0: Initializing GNNDataProcessor for dataset 'ogbn-arxiv' (split=train, mode=neighbor).
$REPO_ROOT/.venv/lib/python3.11/site-packages/ogb/nodeproppred/dataset_pyg.py:69: FutureWarning: You are using `torch.load` with `weights_only=False` (the current default value), which uses the default pickle module implicitly. It is possible to construct malicious pickle data which will execute arbitrary code during unpickling (See https://github.com/pytorch/pytorch/blob/main/SECURITY.md#untrusted-models for more details). In a future release, the default value for `weights_only` will be flipped to `True`. This limits the functions that could be executed during unpickling. Arbitrary objects will no longer be allowed to be loaded via this mode unless they are explicitly allowlisted by the user via `torch.serialization.add_safe_globals`. We recommend you start setting `weights_only=True` for any use case where you don't have full control of the loaded file. Please open an issue on GitHub for any issues related to this experimental feature.
  self.data, self.slices = torch.load(self.processed_paths[0])
GNN_INPUT_CONTRACT {"batch_index_origin": 0, "batch_size": 4096, "count_basis": "deterministic loader schedule; not device counters", "dataset_name": "ogbn-arxiv", "drop_last": false, "event": "gnn_input_contract", "num_streamers": 1, "ordered_targets_and_labels_sha256": "cb189ecb3f75e653df7daacc08ead8c3b14bd353d302209c179a41e2b2b47d07", "restartable": false, "sampler_seed": 42, "seed_nodes_by_batch": [4096, 4096, 4096, 4096, 4096, 4096, 4096, 4096, 4096, 4096, 4096, 4096, 4096, 4096, 4096, 4096, 4096, 4096, 4096, 4096, 4096, 4096, 829], "seed_nodes_per_epoch": 90941, "shuffle": true, "source_seed_nodes": 90941, "split": "train", "static_batch_cache_size": 0, "supervised_targets_by_batch": [4096, 4096, 4096, 4096, 4096, 4096, 4096, 4096, 4096, 4096, 4096, 4096, 4096, 4096, 4096, 4096, 4096, 4096, 4096, 4096, 4096, 4096, 829], "traversal": "continuous_sequential_batches", "traversal_scope": "single_data_executor", "version": 1}
2026-09-18 13:46:37,460 INFO:   Connectivity check: running command: ping -c 1 -W 3 10.125.8.2
2026-09-18 13:46:37,465 INFO:   Connectivity check succeeded.
2026-09-18 13:46:37,484 INFO:   Appliance client semantic version: 1.14.0, cluster server semantic version: 1.20.2, job operator semantic version: 1.20.2
2026-09-18 13:46:37,485 INFO:   ===========================================================================
2026-09-18 13:46:37,485 INFO:   Trainer Fit Summary
2026-09-18 13:46:37,485 INFO:   ---------------------------------------------------------------------------
2026-09-18 13:46:37,485 INFO:   Trainer will run 1 train loop.
2026-09-18 13:46:37,485 INFO:   
2026-09-18 13:46:37,485 INFO:   Train steps per train loop:
2026-09-18 13:46:37,485 INFO:   * 1 loop of 440 steps
2026-09-18 13:46:37,485 INFO:   for a total of 440 train steps.
2026-09-18 13:46:37,485 INFO:   
2026-09-18 13:46:37,485 INFO:   Progress will be logged every 10 steps.
2026-09-18 13:46:37,485 INFO:   ===========================================================================
2026-09-18 13:46:37,485 INFO:   ---------------------------------------------------------------------------
2026-09-18 13:46:37,485 INFO:   Starting train loop 1 of 1, from global step 1 to 440 (440 steps)
2026-09-18 13:46:37,485 INFO:   ---------------------------------------------------------------------------
2026-09-18 13:46:42,325 INFO:   Compiling the model. This may take a few minutes.
2026-09-18 13:46:42,326 INFO:   Connectivity check: running command: ping -c 1 -W 3 10.125.8.2
2026-09-18 13:46:42,331 INFO:   Connectivity check succeeded.
2026-09-18 13:46:42,348 INFO:   Appliance client semantic version: 1.14.0, cluster server semantic version: 1.20.2, job operator semantic version: 1.20.2
2026-09-18 13:46:43,714 INFO:   Initiating a new image build job against the cluster server.
2026-09-18 13:46:43,732 INFO:   Job id: imgjob-42280d4f85d91291dacb2ef766350f15, workflow id: wflow-ewxsadnzjchbzvusrurmjj, namespace: job-operator, remote log path: /n1/wsjob/workdir/job-operator/imgjob-42280d4f85d91291dacb2ef766350f15
2026-09-18 13:46:43,735 INFO:   Connectivity check: running command: ping -c 1 -W 3 10.125.8.2
2026-09-18 13:46:43,740 INFO:   Connectivity check succeeded.
2026-09-18 13:46:43,757 INFO:   Appliance client semantic version: 1.14.0, cluster server semantic version: 1.20.2, job operator semantic version: 1.20.2
2026-09-18 13:46:43,778 INFO:   Initiating a new compile wsjob against the cluster server.
2026-09-18 13:46:43,801 INFO:   Job id: wsjob-bxk9jfcn9bmchheai57hpj, workflow id: wflow-ewxsadnzjchbzvusrurmjj, namespace: job-operator, remote log path: /n1/wsjob/workdir/job-operator/wsjob-bxk9jfcn9bmchheai57hpj
2026-09-18 13:47:03,801 INFO:   Poll ingress status: Waiting for job to be scheduled, current job status: Queueing, msg: job queueing to be scheduled. Job queue status: 6 compile job(s) queued before current job. For more information, please run 'csctl get job wsjob-bxk9jfcn9bmchheai57hpj --pending-status'.
2026-09-18 13:57:03,807 INFO:   Poll ingress status: Waiting for job to be scheduled, current job status: Queueing, msg: job queueing to be scheduled. Job queue status: 6 compile job(s) queued before current job. For more information, please run 'csctl get job wsjob-bxk9jfcn9bmchheai57hpj --pending-status'.
2026-09-18 14:07:03,813 INFO:   Poll ingress status: Waiting for job to be scheduled, current job status: Queueing, msg: job queueing to be scheduled. Job queue status: 6 compile job(s) queued before current job. For more information, please run 'csctl get job wsjob-bxk9jfcn9bmchheai57hpj --pending-status'.
2026-09-18 14:13:43,817 INFO:   Poll ingress status: Waiting for job to be scheduled, current job status: Queueing, msg: job queueing to be scheduled. Job queue status: 5 compile job(s) queued before current job. For more information, please run 'csctl get job wsjob-bxk9jfcn9bmchheai57hpj --pending-status'.
2026-09-18 14:13:53,817 INFO:   Poll ingress status: Waiting for job to be scheduled, current job status: Queueing, msg: job queueing to be scheduled. Job queue status: 4 compile job(s) queued before current job. For more information, please run 'csctl get job wsjob-bxk9jfcn9bmchheai57hpj --pending-status'.
2026-09-18 14:14:33,818 INFO:   Poll ingress status: Waiting for job to be scheduled, current job status: Queueing, msg: job queueing to be scheduled. Job queue status: 5 compile job(s) queued before current job. For more information, please run 'csctl get job wsjob-bxk9jfcn9bmchheai57hpj --pending-status'.
2026-09-18 14:14:43,818 INFO:   Poll ingress status: Waiting for job to be scheduled, current job status: Queueing, msg: job queueing to be scheduled. Job queue status: 4 compile job(s) queued before current job. For more information, please run 'csctl get job wsjob-bxk9jfcn9bmchheai57hpj --pending-status'.
2026-09-18 14:15:33,819 INFO:   Poll ingress status: Waiting for job to be scheduled, current job status: Queueing, msg: job queueing to be scheduled. Job queue status: 6 compile job(s) queued before current job. For more information, please run 'csctl get job wsjob-bxk9jfcn9bmchheai57hpj --pending-status'.
2026-09-18 14:15:43,819 INFO:   Poll ingress status: Waiting for job to be scheduled, current job status: Queueing, msg: job queueing to be scheduled. Job queue status: 4 compile job(s) queued before current job. For more information, please run 'csctl get job wsjob-bxk9jfcn9bmchheai57hpj --pending-status'.
2026-09-18 14:16:33,820 INFO:   Poll ingress status: Waiting for job to be scheduled, current job status: Queueing, msg: job queueing to be scheduled. Job queue status: 6 compile job(s) queued before current job. For more information, please run 'csctl get job wsjob-bxk9jfcn9bmchheai57hpj --pending-status'.
2026-09-18 14:16:43,820 INFO:   Poll ingress status: Waiting for all Coordinator pods to be running, current running: 0/1.
2026-09-18 14:16:43,823 INFO:   Recording the timestamp when jobs is scheduled.
2026-09-18 14:16:43,842 WARNING:   Event 2026-09-18 14:16:25 +0000 UTC reason=InconsistentVersion wsjob=wsjob-bxk9jfcn9bmchheai57hpj message='Warning: client semantic version 1.14.0 is inconsistent with cluster server semantic version 1.20.2, there's a risk job could fail due to inconsistent setup.'
2026-09-18 14:16:53,842 INFO:   Poll ingress status: Waiting for job ingress readiness.
2026-09-18 14:17:03,851 INFO:   Poll ingress status: Job ingress ready, dashboard: <internal-dashboard-url>
2026-09-18 14:17:03,861 INFO:   Poll ingress success: Job ingress ready, dashboard: <internal-dashboard-url>
2026-09-18 14:17:03,871 INFO:   Finalizing out-of-cluster job handle with ingress service url: 
2026-09-18 14:17:03,871 WARNING:   Empty ingress service url. Falling back to default server: 10.125.8.2:443
2026-09-18 14:17:03,940 INFO:   Found existing cached compile with hash: "cs_3310013607597699701"
2026-09-18 14:17:05,784 INFO:   Using power profile none

2026-09-18 14:17:05,797 INFO:   Compile artifacts successfully written to remote compile directory. Compile hash is: cs_3310013607597699701
2026-09-18 14:17:13,984 ERROR:   Image build job imgjob-42280d4f85d91291dacb2ef766350f15 failed. Please check the error log in $REPO_ROOT/model_dirs/hpcasia_learning/arxiv_20260918T122510.309655Z/tuning/workers_w02_p2_s1_r1/model/cerebras_logs/20260918_134636/executors/000001/custom_worker_build.out. 
2026-09-18 14:17:13,984 INFO:   Falling back to venv mounting.
2026-09-18 14:17:13,986 INFO:   Compile was successful!
2026-09-18 14:17:13,986 INFO:   Programming Cerebras Wafer Scale Cluster for execution. This may take a few minutes.
2026-09-18 14:17:15,996 INFO:   Connectivity check: running command: ping -c 1 -W 3 10.125.8.2
2026-09-18 14:17:16,002 INFO:   Connectivity check succeeded.
2026-09-18 14:17:16,019 INFO:   Appliance client semantic version: 1.14.0, cluster server semantic version: 1.20.2, job operator semantic version: 1.20.2
2026-09-18 14:17:16,021 INFO:   Initiating a new execute wsjob against the cluster server.
2026-09-18 14:17:16,051 INFO:   Job id: wsjob-en8rvbxjfulwuebc5nqrdm, workflow id: wflow-ewxsadnzjchbzvusrurmjj, namespace: job-operator, remote log path: /n1/wsjob/workdir/job-operator/wsjob-en8rvbxjfulwuebc5nqrdm
2026-09-18 14:17:36,052 INFO:   Poll ingress status: Waiting for job to be scheduled, current job status: Queueing, msg: job queueing to be scheduled. Job queue status: 6 execute job(s) queued before current job. For more information, please run 'csctl get job wsjob-en8rvbxjfulwuebc5nqrdm --pending-status'.
2026-09-18 14:21:26,054 INFO:   Poll ingress status: Waiting for job to be scheduled, current job status: Queueing, msg: job queueing to be scheduled. Job queue status: 5 execute job(s) queued before current job. For more information, please run 'csctl get job wsjob-en8rvbxjfulwuebc5nqrdm --pending-status'.
2026-09-18 14:31:26,059 INFO:   Poll ingress status: Waiting for job to be scheduled, current job status: Queueing, msg: job queueing to be scheduled. Job queue status: 5 execute job(s) queued before current job. For more information, please run 'csctl get job wsjob-en8rvbxjfulwuebc5nqrdm --pending-status'.
2026-09-18 14:37:46,063 INFO:   Poll ingress status: Waiting for job to be scheduled, current job status: Queueing, msg: job queueing to be scheduled. Job queue status: 4 execute job(s) queued before current job. For more information, please run 'csctl get job wsjob-en8rvbxjfulwuebc5nqrdm --pending-status'.
2026-09-18 14:43:06,066 INFO:   Poll ingress status: Waiting for job to be scheduled, current job status: Queueing, msg: job queueing to be scheduled. Job queue status: 3 execute job(s) queued before current job. For more information, please run 'csctl get job wsjob-en8rvbxjfulwuebc5nqrdm --pending-status'.
2026-09-18 14:46:56,068 INFO:   Poll ingress status: Waiting for job to be scheduled, current job status: Queueing, msg: job queueing to be scheduled. Job queue status: 2 execute job(s) queued before current job. For more information, please run 'csctl get job wsjob-en8rvbxjfulwuebc5nqrdm --pending-status'.
2026-09-18 14:50:26,070 INFO:   Poll ingress status: Waiting for job to be scheduled, current job status: Queueing, msg: job queueing to be scheduled. Job queue status: 1 execute job(s) queued before current job. For more information, please run 'csctl get job wsjob-en8rvbxjfulwuebc5nqrdm --pending-status'.
2026-09-18 14:54:16,073 INFO:   Poll ingress status: Waiting for job to be scheduled, current job status: Queueing, msg: job queueing to be scheduled. Job queue status: current job is top of queue but likely blocked by running/reserved jobs, 1 execute job(s) running/reserved using 1 system(s) and 1 nodegroup(s)[1 pop and 0 depop], 2 compile job(s) running/reserved using 160Gi memory. For more information, please run 'csctl get job wsjob-en8rvbxjfulwuebc5nqrdm --pending-status'.
2026-09-18 15:04:16,079 INFO:   Poll ingress status: Waiting for job to be scheduled, current job status: Queueing, msg: job queueing to be scheduled. Job queue status: current job is top of queue but likely blocked by running/reserved jobs, 1 execute job(s) running/reserved using 1 system(s) and 1 nodegroup(s)[1 pop and 0 depop], 2 compile job(s) running/reserved using 160Gi memory. For more information, please run 'csctl get job wsjob-en8rvbxjfulwuebc5nqrdm --pending-status'.
2026-09-18 15:10:16,082 INFO:   Poll ingress status: Waiting for all Worker pods to be running, current running: 0/1.
2026-09-18 15:10:16,085 INFO:   Recording the timestamp when jobs is scheduled.
2026-09-18 15:10:16,129 WARNING:   Event 2026-09-18 15:09:56 +0000 UTC reason=InconsistentVersion wsjob=wsjob-en8rvbxjfulwuebc5nqrdm message='Warning: client semantic version 1.14.0 is inconsistent with cluster server semantic version 1.20.2, there's a risk job could fail due to inconsistent setup.'
2026-09-18 15:10:16,130 INFO:   Infrastructure setup started for job wsjob-en8rvbxjfulwuebc5nqrdm
2026-09-18 15:10:26,130 INFO:   Poll ingress status: Waiting for all Chief pods to be running, current running: 0/1.
2026-09-18 15:10:26,165 INFO:   Infrastructure setup completed successfully for job wsjob-en8rvbxjfulwuebc5nqrdm
2026-09-18 15:10:36,165 INFO:   Poll ingress status: Waiting for all Worker pods to be running, current running: 0/1.
2026-09-18 15:10:36,200 INFO:   Infrastructure setup completed successfully for job wsjob-en8rvbxjfulwuebc5nqrdm
2026-09-18 15:10:46,200 INFO:   Poll ingress status: Waiting for all Activation pods to be running, current running: 0/21.
2026-09-18 15:10:46,237 INFO:   Infrastructure setup completed successfully for job wsjob-en8rvbxjfulwuebc5nqrdm
2026-09-18 15:10:56,237 INFO:   Infrastructure setup completed successfully for job wsjob-en8rvbxjfulwuebc5nqrdm
2026-09-18 15:11:06,237 INFO:   Poll ingress status: Waiting for all Chief pods to be running, current running: 0/1.
2026-09-18 15:11:06,271 INFO:   Infrastructure setup completed successfully for job wsjob-en8rvbxjfulwuebc5nqrdm
2026-09-18 15:11:16,271 INFO:   Poll ingress status: Waiting for all Activation pods to be running, current running: 0/21.
2026-09-18 15:11:16,310 INFO:   Infrastructure setup completed successfully for job wsjob-en8rvbxjfulwuebc5nqrdm
2026-09-18 15:11:26,311 INFO:   Infrastructure setup completed successfully for job wsjob-en8rvbxjfulwuebc5nqrdm
2026-09-18 15:11:36,311 INFO:   Infrastructure setup completed successfully for job wsjob-en8rvbxjfulwuebc5nqrdm
2026-09-18 15:11:46,311 INFO:   Infrastructure setup completed successfully for job wsjob-en8rvbxjfulwuebc5nqrdm
2026-09-18 15:11:56,312 INFO:   Infrastructure setup completed successfully for job wsjob-en8rvbxjfulwuebc5nqrdm
2026-09-18 15:12:06,312 INFO:   Infrastructure setup completed successfully for job wsjob-en8rvbxjfulwuebc5nqrdm
2026-09-18 15:12:16,312 INFO:   Poll ingress status: Waiting for all Chief pods to be running, current running: 0/1.
2026-09-18 15:12:16,347 INFO:   Infrastructure setup completed successfully for job wsjob-en8rvbxjfulwuebc5nqrdm
2026-09-18 15:12:26,347 INFO:   Poll ingress status: Waiting for all Activation pods to be running, current running: 0/21.
2026-09-18 15:12:26,382 INFO:   Infrastructure setup completed successfully for job wsjob-en8rvbxjfulwuebc5nqrdm
2026-09-18 15:12:36,382 INFO:   Infrastructure setup completed successfully for job wsjob-en8rvbxjfulwuebc5nqrdm
2026-09-18 15:12:46,382 INFO:   Infrastructure setup completed successfully for job wsjob-en8rvbxjfulwuebc5nqrdm
2026-09-18 15:12:56,383 INFO:   Infrastructure setup completed successfully for job wsjob-en8rvbxjfulwuebc5nqrdm
2026-09-18 15:13:06,383 INFO:   Infrastructure setup completed successfully for job wsjob-en8rvbxjfulwuebc5nqrdm
2026-09-18 15:13:16,383 INFO:   Poll ingress status: Job ingress ready, dashboard: <internal-dashboard-url>
2026-09-18 15:13:16,421 INFO:   Infrastructure setup completed successfully for job wsjob-en8rvbxjfulwuebc5nqrdm
2026-09-18 15:13:16,422 INFO:   Poll ingress success: Job ingress ready, dashboard: <internal-dashboard-url>
2026-09-18 15:13:16,439 INFO:   Finalizing out-of-cluster job handle with ingress service url: 
2026-09-18 15:13:16,439 WARNING:   Empty ingress service url. Falling back to default server: 10.125.8.2:443
2026-09-18 15:13:16,519 INFO:   Preparing to execute using 1 CSX
2026-09-18 15:13:33,934 INFO:   About to send initial weights
2026-09-18 15:13:34,129 INFO:   Finished sending initial weights
2026-09-18 15:13:34,129 INFO:   Finalizing appliance staging for the run
2026-09-18 15:13:40,657 INFO:   Waiting for device programming to complete
2026-09-18 15:13:54,744 INFO:   Device programming is complete
2026-09-18 15:13:55,043 INFO:   Using network type: ROCE
2026-09-18 15:13:55,044 INFO:   Waiting for input workers to prime the data pipeline and begin streaming ...
2026-09-18 15:13:55,055 INFO:   Input workers have begun streaming input data
2026-09-18 15:13:55,183 INFO:   Appliance staging is complete
2026-09-18 15:13:55,183 INFO:   Beginning appliance run
2026-09-18 15:14:05,990 INFO:   | Train Device=CSX, Step=10, Loss=3.37719, Rate=2792.77 samples/sec, GlobalRate=7.81 samples/sec, LoopTimeRemaining=0:10:15, TimeRemaining=0:10:15
2026-09-18 15:14:24,277 INFO:   | Train Device=CSX, Step=20, Loss=2.83006, Rate=2303.71 samples/sec, GlobalRate=15.56 samples/sec, LoopTimeRemaining=0:10:26, TimeRemaining=0:10:26
2026-09-18 15:14:45,461 INFO:   | Train Device=CSX, Step=30, Loss=2.48321, Rate=2108.61 samples/sec, GlobalRate=23.25 samples/sec, LoopTimeRemaining=0:11:27, TimeRemaining=0:11:27
2026-09-18 15:15:03,831 INFO:   | Train Device=CSX, Step=40, Loss=2.17466, Rate=2171.36 samples/sec, GlobalRate=30.89 samples/sec, LoopTimeRemaining=0:11:11, TimeRemaining=0:11:11
2026-09-18 15:15:23,927 INFO:   | Train Device=CSX, Step=50, Loss=1.85241, Rate=2522.01 samples/sec, GlobalRate=38.47 samples/sec, LoopTimeRemaining=0:10:13, TimeRemaining=0:10:13
2026-09-18 15:15:42,491 INFO:   | Train Device=CSX, Step=60, Loss=1.63806, Rate=2546.04 samples/sec, GlobalRate=46.00 samples/sec, LoopTimeRemaining=0:10:36, TimeRemaining=0:10:36
2026-09-18 15:16:02,877 INFO:   | Train Device=CSX, Step=70, Loss=1.52059, Rate=1632.75 samples/sec, GlobalRate=53.47 samples/sec, LoopTimeRemaining=0:10:19, TimeRemaining=0:10:19
2026-09-18 15:16:21,397 INFO:   | Train Device=CSX, Step=80, Loss=1.42359, Rate=2095.62 samples/sec, GlobalRate=60.89 samples/sec, LoopTimeRemaining=0:10:03, TimeRemaining=0:10:03
2026-09-18 15:16:39,691 INFO:   | Train Device=CSX, Step=90, Loss=1.41382, Rate=2181.25 samples/sec, GlobalRate=68.27 samples/sec, LoopTimeRemaining=0:09:46, TimeRemaining=0:09:46
2026-09-18 15:16:59,852 INFO:   | Train Device=CSX, Step=100, Loss=1.31883, Rate=2559.61 samples/sec, GlobalRate=75.58 samples/sec, LoopTimeRemaining=0:09:21, TimeRemaining=0:09:21
2026-09-18 15:17:18,417 INFO:   | Train Device=CSX, Step=110, Loss=1.27947, Rate=2506.41 samples/sec, GlobalRate=82.85 samples/sec, LoopTimeRemaining=0:09:44, TimeRemaining=0:09:44
2026-09-18 15:17:39,740 INFO:   | Train Device=CSX, Step=120, Loss=1.21283, Rate=2117.93 samples/sec, GlobalRate=90.03 samples/sec, LoopTimeRemaining=0:09:03, TimeRemaining=0:09:03
2026-09-18 15:17:58,264 INFO:   | Train Device=CSX, Step=130, Loss=1.25431, Rate=2142.76 samples/sec, GlobalRate=97.20 samples/sec, LoopTimeRemaining=0:08:41, TimeRemaining=0:08:41
2026-09-18 15:18:18,507 INFO:   | Train Device=CSX, Step=140, Loss=1.17677, Rate=2312.31 samples/sec, GlobalRate=104.29 samples/sec, LoopTimeRemaining=0:08:25, TimeRemaining=0:08:25
2026-09-18 15:18:37,141 INFO:   | Train Device=CSX, Step=150, Loss=1.18961, Rate=2542.44 samples/sec, GlobalRate=111.37 samples/sec, LoopTimeRemaining=0:08:08, TimeRemaining=0:08:08
2026-09-18 15:18:55,575 INFO:   | Train Device=CSX, Step=160, Loss=1.17591, Rate=2614.56 samples/sec, GlobalRate=118.39 samples/sec, LoopTimeRemaining=0:07:04, TimeRemaining=0:07:04
2026-09-18 15:19:16,807 INFO:   | Train Device=CSX, Step=170, Loss=1.11490, Rate=1969.92 samples/sec, GlobalRate=125.31 samples/sec, LoopTimeRemaining=0:07:39, TimeRemaining=0:07:39
2026-09-18 15:19:35,285 INFO:   | Train Device=CSX, Step=180, Loss=1.16431, Rate=2160.62 samples/sec, GlobalRate=132.25 samples/sec, LoopTimeRemaining=0:07:22, TimeRemaining=0:07:22
2026-09-18 15:19:55,341 INFO:   | Train Device=CSX, Step=190, Loss=1.17256, Rate=2543.12 samples/sec, GlobalRate=139.09 samples/sec, LoopTimeRemaining=0:07:01, TimeRemaining=0:07:01
2026-09-18 15:20:13,720 INFO:   | Train Device=CSX, Step=200, Loss=1.15904, Rate=2515.01 samples/sec, GlobalRate=145.93 samples/sec, LoopTimeRemaining=0:06:44, TimeRemaining=0:06:44
2026-09-18 15:20:34,707 INFO:   | Train Device=CSX, Step=210, Loss=1.11809, Rate=1907.52 samples/sec, GlobalRate=152.66 samples/sec, LoopTimeRemaining=0:06:27, TimeRemaining=0:06:27
2026-09-18 15:20:53,226 INFO:   | Train Device=CSX, Step=220, Loss=1.11506, Rate=2071.43 samples/sec, GlobalRate=159.40 samples/sec, LoopTimeRemaining=0:06:14, TimeRemaining=0:06:14
2026-09-18 15:21:10,766 INFO:   | Train Device=CSX, Step=230, Loss=1.00655, Rate=2794.17 samples/sec, GlobalRate=166.13 samples/sec, LoopTimeRemaining=0:05:16, TimeRemaining=0:05:16
2026-09-18 15:21:32,054 INFO:   | Train Device=CSX, Step=240, Loss=1.11497, Rate=2512.55 samples/sec, GlobalRate=172.71 samples/sec, LoopTimeRemaining=0:05:01, TimeRemaining=0:05:01
2026-09-18 15:21:50,371 INFO:   | Train Device=CSX, Step=250, Loss=1.07827, Rate=2532.59 samples/sec, GlobalRate=179.33 samples/sec, LoopTimeRemaining=0:04:46, TimeRemaining=0:04:46
2026-09-18 15:22:11,193 INFO:   | Train Device=CSX, Step=260, Loss=1.07885, Rate=2144.68 samples/sec, GlobalRate=185.82 samples/sec, LoopTimeRemaining=0:05:04, TimeRemaining=0:05:04
2026-09-18 15:22:30,754 INFO:   | Train Device=CSX, Step=270, Loss=1.08083, Rate=2103.98 samples/sec, GlobalRate=192.31 samples/sec, LoopTimeRemaining=0:04:47, TimeRemaining=0:04:47
2026-09-18 15:22:50,907 INFO:   | Train Device=CSX, Step=280, Loss=1.11849, Rate=2481.55 samples/sec, GlobalRate=198.74 samples/sec, LoopTimeRemaining=0:04:04, TimeRemaining=0:04:04
2026-09-18 15:23:09,084 INFO:   | Train Device=CSX, Step=290, Loss=1.06843, Rate=2538.32 samples/sec, GlobalRate=205.19 samples/sec, LoopTimeRemaining=0:03:49, TimeRemaining=0:03:49
2026-09-18 15:23:29,911 INFO:   | Train Device=CSX, Step=300, Loss=1.02315, Rate=1617.45 samples/sec, GlobalRate=211.51 samples/sec, LoopTimeRemaining=0:03:33, TimeRemaining=0:03:33
2026-09-18 15:23:48,521 INFO:   | Train Device=CSX, Step=310, Loss=1.04774, Rate=2140.50 samples/sec, GlobalRate=217.86 samples/sec, LoopTimeRemaining=0:03:39, TimeRemaining=0:03:39
2026-09-18 15:24:06,863 INFO:   | Train Device=CSX, Step=320, Loss=1.09656, Rate=2205.16 samples/sec, GlobalRate=224.18 samples/sec, LoopTimeRemaining=0:03:23, TimeRemaining=0:03:23
2026-09-18 15:24:27,241 INFO:   | Train Device=CSX, Step=330, Loss=1.02357, Rate=2541.58 samples/sec, GlobalRate=230.38 samples/sec, LoopTimeRemaining=0:03:03, TimeRemaining=0:03:03
2026-09-18 15:24:45,863 INFO:   | Train Device=CSX, Step=340, Loss=1.03504, Rate=2526.18 samples/sec, GlobalRate=236.62 samples/sec, LoopTimeRemaining=0:02:46, TimeRemaining=0:02:46
2026-09-18 15:25:06,766 INFO:   | Train Device=CSX, Step=350, Loss=0.99137, Rate=2112.04 samples/sec, GlobalRate=242.71 samples/sec, LoopTimeRemaining=0:02:17, TimeRemaining=0:02:17
2026-09-18 15:25:25,458 INFO:   | Train Device=CSX, Step=360, Loss=1.03419, Rate=2076.04 samples/sec, GlobalRate=248.86 samples/sec, LoopTimeRemaining=0:02:13, TimeRemaining=0:02:13
2026-09-18 15:25:45,651 INFO:   | Train Device=CSX, Step=370, Loss=1.01350, Rate=2306.39 samples/sec, GlobalRate=254.90 samples/sec, LoopTimeRemaining=0:01:45, TimeRemaining=0:01:45
2026-09-18 15:26:04,144 INFO:   | Train Device=CSX, Step=380, Loss=1.02233, Rate=2500.81 samples/sec, GlobalRate=260.98 samples/sec, LoopTimeRemaining=0:01:31, TimeRemaining=0:01:31
2026-09-18 15:26:22,316 INFO:   | Train Device=CSX, Step=390, Loss=1.02352, Rate=2384.15 samples/sec, GlobalRate=267.04 samples/sec, LoopTimeRemaining=0:01:18, TimeRemaining=0:01:18
2026-09-18 15:26:43,513 INFO:   | Train Device=CSX, Step=400, Loss=0.95176, Rate=2091.18 samples/sec, GlobalRate=272.92 samples/sec, LoopTimeRemaining=0:01:06, TimeRemaining=0:01:06
2026-09-18 15:27:01,798 INFO:   | Train Device=CSX, Step=410, Loss=1.01225, Rate=2150.01 samples/sec, GlobalRate=278.89 samples/sec, LoopTimeRemaining=0:00:49, TimeRemaining=0:00:49
2026-09-18 15:27:21,965 INFO:   | Train Device=CSX, Step=420, Loss=1.01939, Rate=2519.58 samples/sec, GlobalRate=284.74 samples/sec, LoopTimeRemaining=0:00:30, TimeRemaining=0:00:30
2026-09-18 15:27:40,571 INFO:   | Train Device=CSX, Step=430, Loss=1.00939, Rate=2578.77 samples/sec, GlobalRate=290.62 samples/sec, LoopTimeRemaining=0:00:15, TimeRemaining=0:00:15
2026-09-18 15:28:01,655 INFO:   | Train Device=CSX, Step=440, Loss=0.98283, Rate=2063.57 samples/sec, GlobalRate=296.35 samples/sec, LoopTimeRemaining=0:00:00, TimeRemaining=0:00:00
2026-09-18 15:28:01,762 INFO:   Training completed successfully!
2026-09-18 15:28:01,771 INFO:   Processed 1802240 training sample(s) in 6084.312332888 seconds.
