$REPO_ROOT/.venv/lib/python3.11/site-packages/outdated/__init__.py:36: UserWarning: pkg_resources is deprecated as an API. See https://setuptools.pypa.io/en/latest/pkg_resources.html. The pkg_resources package is slated for removal as early as 2025-11-30. Refrain from using this package or pin to Setuptools<81.
  from pkg_resources import parse_version
[ddp] Single-process mode: device=cuda
[Info] Running in Single-Process mode (CPU or Single GPU).
[Info] Device: cuda
[GraphCache] Caching disabled (0 nodes).
[Step=0010] Wall=8.7720s | Loss=10.5063
[Profile] Avg ms/step | Load: 153.797 (Prep: 61.769, Struc: 1.350, Fetch: 90.678) | Fwd: 614.703 | Bwd: 102.084 | Opt: 4.200 | GPU_Tot: 813.015
[Autotune] {"version": 1, "step": 10, "wall_seconds": 8.77196126501076, "seed_nodes": 40960, "loss": 10.506272888183593, "all_losses_finite": true}
[Step=0020] Wall=10.9181s | Loss=2.8082
[Profile] Avg ms/step | Load: 123.235 (Prep: 31.085, Struc: 1.318, Fetch: 90.832) | Fwd: 334.585 | Bwd: 84.312 | Opt: 2.467 | GPU_Tot: 513.514
[Autotune] {"version": 1, "step": 20, "wall_seconds": 10.918080583011033, "seed_nodes": 81920, "loss": 2.8081531524658203, "all_losses_finite": true}
[Step=0030] Wall=13.0733s | Loss=2.3151
[Profile] Avg ms/step | Load: 113.357 (Prep: 20.856, Struc: 1.307, Fetch: 91.193) | Fwd: 241.201 | Bwd: 78.395 | Opt: 1.889 | GPU_Tot: 413.986
[Autotune] {"version": 1, "step": 30, "wall_seconds": 13.073269204003736, "seed_nodes": 122880, "loss": 2.315144920349121, "all_losses_finite": true}
[Step=0040] Wall=15.2120s | Loss=1.8317
[Profile] Avg ms/step | Load: 0.000 (Prep: 0.000, Struc: 0.000, Fetch: 0.000) | Fwd: 0.000 | Bwd: 0.000 | Opt: 0.000 | GPU_Tot: 0.000
[Autotune] {"version": 1, "step": 40, "wall_seconds": 15.21196183100983, "seed_nodes": 163840, "loss": 1.831717300415039, "all_losses_finite": true}
[Step=0050] Wall=17.5699s | Loss=1.5123
[Profile] Avg ms/step | Load: 121.743 (Prep: 42.411, Struc: 1.174, Fetch: 78.158) | Fwd: 51.430 | Bwd: 61.750 | Opt: 0.659 | GPU_Tot: 193.170
[Autotune] {"version": 1, "step": 50, "wall_seconds": 17.569865492012468, "seed_nodes": 200711, "loss": 1.512341022491455, "all_losses_finite": true}
[Step=0060] Wall=19.7197s | Loss=1.4866
[Profile] Avg ms/step | Load: 107.323 (Prep: 21.400, Struc: 1.234, Fetch: 84.689) | Fwd: 52.990 | Bwd: 64.193 | Opt: 0.682 | GPU_Tot: 203.788
[Autotune] {"version": 1, "step": 60, "wall_seconds": 19.71968676900724, "seed_nodes": 241671, "loss": 1.4865924835205078, "all_losses_finite": true}
[Step=0070] Wall=21.8468s | Loss=1.3599
[Profile] Avg ms/step | Load: 101.824 (Prep: 14.401, Struc: 1.252, Fetch: 86.171) | Fwd: 53.472 | Bwd: 64.979 | Opt: 0.688 | GPU_Tot: 206.562
[Autotune] {"version": 1, "step": 70, "wall_seconds": 21.846789634000743, "seed_nodes": 282631, "loss": 1.3599308967590331, "all_losses_finite": true}
[Step=0080] Wall=23.9870s | Loss=1.2900
[Profile] Avg ms/step | Load: 99.306 (Prep: 10.901, Struc: 1.261, Fetch: 87.145) | Fwd: 53.737 | Bwd: 65.445 | Opt: 0.692 | GPU_Tot: 208.280
[Autotune] {"version": 1, "step": 80, "wall_seconds": 23.98697653900308, "seed_nodes": 323591, "loss": 1.289980697631836, "all_losses_finite": true}
[Step=0090] Wall=26.1157s | Loss=1.2376
[Profile] Avg ms/step | Load: 97.710 (Prep: 8.801, Struc: 1.266, Fetch: 87.643) | Fwd: 53.853 | Bwd: 65.624 | Opt: 0.693 | GPU_Tot: 209.078
[Autotune] {"version": 1, "step": 90, "wall_seconds": 26.11567847400147, "seed_nodes": 364551, "loss": 1.2375711441040038, "all_losses_finite": true}
[Step=0100] Wall=28.4643s | Loss=1.2288
[Profile] Avg ms/step | Load: 102.167 (Prep: 14.722, Struc: 1.251, Fetch: 86.194) | Fwd: 53.077 | Bwd: 64.745 | Opt: 0.689 | GPU_Tot: 205.956
[Autotune] {"version": 1, "step": 100, "wall_seconds": 28.464250375007396, "seed_nodes": 401422, "loss": 1.2288219451904296, "all_losses_finite": true}
[Step=0110] Wall=30.5740s | Loss=1.1421
[Profile] Avg ms/step | Load: 100.388 (Prep: 12.675, Struc: 1.259, Fetch: 86.453) | Fwd: 53.249 | Bwd: 64.938 | Opt: 0.690 | GPU_Tot: 206.589
[Autotune] {"version": 1, "step": 110, "wall_seconds": 30.57399173900194, "seed_nodes": 442382, "loss": 1.142141628265381, "all_losses_finite": true}
[Step=0120] Wall=32.7136s | Loss=1.0920
[Profile] Avg ms/step | Load: 99.403 (Prep: 11.141, Struc: 1.265, Fetch: 86.997) | Fwd: 53.378 | Bwd: 65.105 | Opt: 0.691 | GPU_Tot: 207.436
[Autotune] {"version": 1, "step": 120, "wall_seconds": 32.71361979001085, "seed_nodes": 483342, "loss": 1.0919771194458008, "all_losses_finite": true}
[Step=0130] Wall=34.8622s | Loss=1.0420
[Profile] Avg ms/step | Load: 98.674 (Prep: 9.947, Struc: 1.268, Fetch: 87.459) | Fwd: 53.504 | Bwd: 65.273 | Opt: 0.692 | GPU_Tot: 208.196
[Autotune] {"version": 1, "step": 130, "wall_seconds": 34.86223428200174, "seed_nodes": 524302, "loss": 1.0420037269592286, "all_losses_finite": true}
[Step=0140] Wall=37.0074s | Loss=1.0134
[Profile] Avg ms/step | Load: 98.058 (Prep: 8.995, Struc: 1.270, Fetch: 87.793) | Fwd: 53.604 | Bwd: 65.407 | Opt: 0.693 | GPU_Tot: 208.766
[Autotune] {"version": 1, "step": 140, "wall_seconds": 37.00736969000718, "seed_nodes": 565262, "loss": 1.013363742828369, "all_losses_finite": true}
[Step=0150] Wall=39.3384s | Loss=1.0694
[Profile] Avg ms/step | Load: 100.348 (Prep: 12.166, Struc: 1.262, Fetch: 86.919) | Fwd: 53.197 | Bwd: 64.905 | Opt: 0.690 | GPU_Tot: 206.973
[Autotune] {"version": 1, "step": 150, "wall_seconds": 39.33837448700797, "seed_nodes": 602133, "loss": 1.0693674087524414, "all_losses_finite": true}
[Step=0160] Wall=41.4938s | Loss=1.0089
[Profile] Avg ms/step | Load: 99.772 (Prep: 11.187, Struc: 1.266, Fetch: 87.319) | Fwd: 53.308 | Bwd: 65.048 | Opt: 0.694 | GPU_Tot: 207.636
[Autotune] {"version": 1, "step": 160, "wall_seconds": 41.493830784005695, "seed_nodes": 643093, "loss": 1.0089085578918457, "all_losses_finite": true}
[Step=0170] Wall=43.6589s | Loss=0.9607
[Profile] Avg ms/step | Load: 99.339 (Prep: 10.358, Struc: 1.268, Fetch: 87.713) | Fwd: 53.399 | Bwd: 65.196 | Opt: 0.696 | GPU_Tot: 208.272
[Autotune] {"version": 1, "step": 170, "wall_seconds": 43.65886754800158, "seed_nodes": 684053, "loss": 0.9606916427612304, "all_losses_finite": true}
[Step=0180] Wall=45.8391s | Loss=0.9260
[Profile] Avg ms/step | Load: 99.139 (Prep: 9.647, Struc: 1.269, Fetch: 88.224) | Fwd: 53.466 | Bwd: 65.270 | Opt: 0.696 | GPU_Tot: 208.925
[Autotune] {"version": 1, "step": 180, "wall_seconds": 45.839062508006464, "seed_nodes": 725013, "loss": 0.9259657859802246, "all_losses_finite": true}
[Step=0190] Wall=48.0115s | Loss=0.9062
[Profile] Avg ms/step | Load: 98.863 (Prep: 9.030, Struc: 1.270, Fetch: 88.563) | Fwd: 53.541 | Bwd: 65.369 | Opt: 0.697 | GPU_Tot: 209.441
[Autotune] {"version": 1, "step": 190, "wall_seconds": 48.011492219011416, "seed_nodes": 765973, "loss": 0.9062308311462403, "all_losses_finite": true}
[Step=0200] Wall=50.3299s | Loss=1.0132
[Profile] Avg ms/step | Load: 100.297 (Prep: 11.185, Struc: 1.265, Fetch: 87.847) | Fwd: 53.263 | Bwd: 65.039 | Opt: 0.695 | GPU_Tot: 208.109
[Autotune] {"version": 1, "step": 200, "wall_seconds": 50.329896665003616, "seed_nodes": 802844, "loss": 1.0131657600402832, "all_losses_finite": true}
[Step=0210] Wall=52.4866s | Loss=0.9822
[Profile] Avg ms/step | Load: 99.898 (Prep: 10.552, Struc: 1.267, Fetch: 88.079) | Fwd: 53.335 | Bwd: 65.140 | Opt: 0.696 | GPU_Tot: 208.518
[Autotune] {"version": 1, "step": 210, "wall_seconds": 52.48657086300955, "seed_nodes": 843804, "loss": 0.9822195053100586, "all_losses_finite": true}
[Step=0220] Wall=54.6153s | Loss=0.9209
[Profile] Avg ms/step | Load: 99.405 (Prep: 9.989, Struc: 1.270, Fetch: 88.147) | Fwd: 53.397 | Bwd: 65.215 | Opt: 0.697 | GPU_Tot: 208.725
[Autotune] {"version": 1, "step": 220, "wall_seconds": 54.61525731001166, "seed_nodes": 884764, "loss": 0.9208996772766114, "all_losses_finite": true}
[Step=0230] Wall=56.7345s | Loss=0.8832
[Profile] Avg ms/step | Load: 98.905 (Prep: 9.485, Struc: 1.271, Fetch: 88.148) | Fwd: 53.456 | Bwd: 65.289 | Opt: 0.697 | GPU_Tot: 208.861
[Autotune] {"version": 1, "step": 230, "wall_seconds": 56.7344596870098, "seed_nodes": 925724, "loss": 0.8831501960754394, "all_losses_finite": true}
[Step=0240] Wall=58.8729s | Loss=0.8578
[Profile] Avg ms/step | Load: 98.559 (Prep: 9.032, Struc: 1.272, Fetch: 88.256) | Fwd: 53.502 | Bwd: 65.354 | Opt: 0.697 | GPU_Tot: 209.080
[Autotune] {"version": 1, "step": 240, "wall_seconds": 58.87286143300298, "seed_nodes": 966684, "loss": 0.8578001976013183, "all_losses_finite": true}
[Step=0250] Wall=61.1847s | Loss=0.8707
[Profile] Avg ms/step | Load: 99.631 (Prep: 10.644, Struc: 1.267, Fetch: 87.720) | Fwd: 53.290 | Bwd: 65.107 | Opt: 0.696 | GPU_Tot: 208.081
[Autotune] {"version": 1, "step": 250, "wall_seconds": 61.18467702101043, "seed_nodes": 1003555, "loss": 0.8707331657409668, "all_losses_finite": true}
[Step=0260] Wall=63.3121s | Loss=0.8696
[Profile] Avg ms/step | Load: 99.255 (Prep: 10.179, Struc: 1.269, Fetch: 87.808) | Fwd: 53.334 | Bwd: 65.159 | Opt: 0.696 | GPU_Tot: 208.265
[Autotune] {"version": 1, "step": 260, "wall_seconds": 63.31210766300501, "seed_nodes": 1044515, "loss": 0.869569206237793, "all_losses_finite": true}
[Step=0270] Wall=65.4389s | Loss=0.8409
[Profile] Avg ms/step | Load: 98.892 (Prep: 9.754, Struc: 1.270, Fetch: 87.867) | Fwd: 53.377 | Bwd: 65.221 | Opt: 0.696 | GPU_Tot: 208.431
[Autotune] {"version": 1, "step": 270, "wall_seconds": 65.43892090000736, "seed_nodes": 1085475, "loss": 0.8408725738525391, "all_losses_finite": true}
[Step=0280] Wall=67.6129s | Loss=0.8178
[Profile] Avg ms/step | Load: 98.767 (Prep: 9.365, Struc: 1.271, Fetch: 88.132) | Fwd: 53.411 | Bwd: 65.271 | Opt: 0.696 | GPU_Tot: 208.780
[Autotune] {"version": 1, "step": 280, "wall_seconds": 67.61288881400833, "seed_nodes": 1126435, "loss": 0.8177687644958496, "all_losses_finite": true}
[Step=0290] Wall=69.7947s | Loss=0.7975
[Profile] Avg ms/step | Load: 98.694 (Prep: 9.049, Struc: 1.271, Fetch: 88.373) | Fwd: 53.443 | Bwd: 65.305 | Opt: 0.696 | GPU_Tot: 209.089
[Autotune] {"version": 1, "step": 290, "wall_seconds": 69.79466840000532, "seed_nodes": 1167395, "loss": 0.797453784942627, "all_losses_finite": true}
[Step=0300] Wall=72.0995s | Loss=0.8824
[Profile] Avg ms/step | Load: 99.539 (Prep: 10.263, Struc: 1.268, Fetch: 88.009) | Fwd: 53.271 | Bwd: 65.100 | Opt: 0.696 | GPU_Tot: 208.343
[Autotune] {"version": 1, "step": 300, "wall_seconds": 72.09950399301306, "seed_nodes": 1204266, "loss": 0.8823795318603516, "all_losses_finite": true}
[Step=0310] Wall=74.2758s | Loss=0.8811
[Profile] Avg ms/step | Load: 99.395 (Prep: 9.898, Struc: 1.268, Fetch: 88.230) | Fwd: 53.311 | Bwd: 65.161 | Opt: 0.696 | GPU_Tot: 208.665
[Autotune] {"version": 1, "step": 310, "wall_seconds": 74.27579543901084, "seed_nodes": 1245226, "loss": 0.881072998046875, "all_losses_finite": true}
[Step=0320] Wall=76.4343s | Loss=0.8122
[Profile] Avg ms/step | Load: 99.219 (Prep: 9.559, Struc: 1.269, Fetch: 88.392) | Fwd: 53.344 | Bwd: 65.199 | Opt: 0.697 | GPU_Tot: 208.900
[Autotune] {"version": 1, "step": 320, "wall_seconds": 76.4343360769999, "seed_nodes": 1286186, "loss": 0.8121888160705566, "all_losses_finite": true}
[Step=0330] Wall=78.5513s | Loss=0.7964
[Profile] Avg ms/step | Load: 98.896 (Prep: 9.244, Struc: 1.270, Fetch: 88.383) | Fwd: 53.377 | Bwd: 65.248 | Opt: 0.698 | GPU_Tot: 208.975
[Autotune] {"version": 1, "step": 330, "wall_seconds": 78.55125116401177, "seed_nodes": 1327146, "loss": 0.7963990211486817, "all_losses_finite": true}
[Step=0340] Wall=80.6992s | Loss=0.7943
[Profile] Avg ms/step | Load: 98.688 (Prep: 8.990, Struc: 1.270, Fetch: 88.428) | Fwd: 53.411 | Bwd: 65.301 | Opt: 0.698 | GPU_Tot: 209.109
[Autotune] {"version": 1, "step": 340, "wall_seconds": 80.69922752901039, "seed_nodes": 1368106, "loss": 0.7943267822265625, "all_losses_finite": true}
[Step=0350] Wall=82.9932s | Loss=0.7858
[Profile] Avg ms/step | Load: 99.377 (Prep: 9.999, Struc: 1.268, Fetch: 88.111) | Fwd: 53.265 | Bwd: 65.117 | Opt: 0.698 | GPU_Tot: 208.458
[Autotune] {"version": 1, "step": 350, "wall_seconds": 82.9931567300082, "seed_nodes": 1404977, "loss": 0.7857866287231445, "all_losses_finite": true}
[Step=0360] Wall=85.1643s | Loss=0.8042
[Profile] Avg ms/step | Load: 99.252 (Prep: 9.699, Struc: 1.268, Fetch: 88.285) | Fwd: 53.296 | Bwd: 65.161 | Opt: 0.700 | GPU_Tot: 208.710
[Autotune] {"version": 1, "step": 360, "wall_seconds": 85.16428133701265, "seed_nodes": 1445937, "loss": 0.804165267944336, "all_losses_finite": true}
[Step=0370] Wall=87.3608s | Loss=0.7971
[Profile] Avg ms/step | Load: 99.211 (Prep: 9.418, Struc: 1.269, Fetch: 88.525) | Fwd: 53.326 | Bwd: 65.203 | Opt: 0.701 | GPU_Tot: 209.022
[Autotune] {"version": 1, "step": 370, "wall_seconds": 87.36083131701162, "seed_nodes": 1486897, "loss": 0.7970582008361816, "all_losses_finite": true}
[Step=0380] Wall=89.5115s | Loss=0.7817
[Profile] Avg ms/step | Load: 99.037 (Prep: 9.153, Struc: 1.269, Fetch: 88.614) | Fwd: 53.357 | Bwd: 65.240 | Opt: 0.702 | GPU_Tot: 209.182
[Autotune] {"version": 1, "step": 380, "wall_seconds": 89.5114900440094, "seed_nodes": 1527857, "loss": 0.7817226886749268, "all_losses_finite": true}
[Step=0390] Wall=91.6504s | Loss=0.7608
[Profile] Avg ms/step | Load: 98.827 (Prep: 8.931, Struc: 1.270, Fetch: 88.626) | Fwd: 53.387 | Bwd: 65.287 | Opt: 0.701 | GPU_Tot: 209.272
[Autotune] {"version": 1, "step": 390, "wall_seconds": 91.65037249099987, "seed_nodes": 1568817, "loss": 0.7607944011688232, "all_losses_finite": true}
[Step=0400] Wall=93.9934s | Loss=0.7619
[Profile] Avg ms/step | Load: 99.530 (Prep: 9.891, Struc: 1.268, Fetch: 88.371) | Fwd: 53.269 | Bwd: 65.144 | Opt: 0.701 | GPU_Tot: 208.753
[Autotune] {"version": 1, "step": 400, "wall_seconds": 93.99342892999994, "seed_nodes": 1605688, "loss": 0.7618613243103027, "all_losses_finite": true}
[Step=0410] Wall=96.1703s | Loss=0.8020
[Profile] Avg ms/step | Load: 99.420 (Prep: 9.635, Struc: 1.268, Fetch: 88.516) | Fwd: 53.299 | Bwd: 65.194 | Opt: 0.701 | GPU_Tot: 208.978
[Autotune] {"version": 1, "step": 410, "wall_seconds": 96.17027363899979, "seed_nodes": 1646648, "loss": 0.8019873619079589, "all_losses_finite": true}
[Step=0420] Wall=98.3249s | Loss=0.7610
[Profile] Avg ms/step | Load: 99.274 (Prep: 9.393, Struc: 1.269, Fetch: 88.612) | Fwd: 53.327 | Bwd: 65.224 | Opt: 0.701 | GPU_Tot: 209.133
[Autotune] {"version": 1, "step": 420, "wall_seconds": 98.32487969700014, "seed_nodes": 1687608, "loss": 0.7609534740447998, "all_losses_finite": true}
[Step=0430] Wall=100.4811s | Loss=0.7618
[Profile] Avg ms/step | Load: 99.143 (Prep: 9.162, Struc: 1.269, Fetch: 88.711) | Fwd: 53.351 | Bwd: 65.253 | Opt: 0.701 | GPU_Tot: 209.284
[Autotune] {"version": 1, "step": 430, "wall_seconds": 100.48110864100454, "seed_nodes": 1728568, "loss": 0.7618459224700928, "all_losses_finite": true}
[Step=0440] Wall=102.6157s | Loss=0.7561
[Profile] Avg ms/step | Load: 98.982 (Prep: 8.968, Struc: 1.269, Fetch: 88.745) | Fwd: 53.369 | Bwd: 65.266 | Opt: 0.700 | GPU_Tot: 209.349
[Autotune] {"version": 1, "step": 440, "wall_seconds": 102.61573363000934, "seed_nodes": 1769528, "loss": 0.7561258792877197, "all_losses_finite": true}
[Step=0450] Wall=104.9320s | Loss=0.8421
[Profile] Avg ms/step | Load: 99.539 (Prep: 9.748, Struc: 1.267, Fetch: 88.524) | Fwd: 53.262 | Bwd: 65.137 | Opt: 0.700 | GPU_Tot: 208.889
[Autotune] {"version": 1, "step": 450, "wall_seconds": 104.93195390701294, "seed_nodes": 1806399, "loss": 0.8420572280883789, "all_losses_finite": true}
[Step=0460] Wall=107.0874s | Loss=0.7974
[Profile] Avg ms/step | Load: 99.384 (Prep: 9.526, Struc: 1.268, Fetch: 88.591) | Fwd: 53.291 | Bwd: 65.183 | Opt: 0.700 | GPU_Tot: 209.033
[Autotune] {"version": 1, "step": 460, "wall_seconds": 107.08735203401011, "seed_nodes": 1847359, "loss": 0.7974096298217773, "all_losses_finite": true}
[Step=0470] Wall=109.2333s | Loss=0.7823
[Profile] Avg ms/step | Load: 99.225 (Prep: 9.314, Struc: 1.268, Fetch: 88.643) | Fwd: 53.318 | Bwd: 65.219 | Opt: 0.701 | GPU_Tot: 209.148
[Autotune] {"version": 1, "step": 470, "wall_seconds": 109.23330458000419, "seed_nodes": 1888319, "loss": 0.7823231220245361, "all_losses_finite": true}
[Step=0480] Wall=111.3726s | Loss=0.7477
[Profile] Avg ms/step | Load: 99.069 (Prep: 9.112, Struc: 1.269, Fetch: 88.689) | Fwd: 53.339 | Bwd: 65.244 | Opt: 0.702 | GPU_Tot: 209.243
[Autotune] {"version": 1, "step": 480, "wall_seconds": 111.3726252560009, "seed_nodes": 1929279, "loss": 0.7476899147033691, "all_losses_finite": true}
[Step=0490] Wall=113.2964s | Loss=0.7319
[Profile] Avg ms/step | Load: 98.705 (Prep: 8.936, Struc: 1.266, Fetch: 88.503) | Fwd: 53.243 | Bwd: 65.123 | Opt: 0.701 | GPU_Tot: 208.837
[Autotune] {"version": 1, "step": 490, "wall_seconds": 113.29636156601191, "seed_nodes": 1966150, "loss": 0.7319090843200684, "all_losses_finite": true}
[Step=0500] Wall=115.8345s | Loss=0.8159
[Profile] Avg ms/step | Load: 99.442 (Prep: 9.653, Struc: 1.267, Fetch: 88.522) | Fwd: 53.262 | Bwd: 65.147 | Opt: 0.701 | GPU_Tot: 208.900
[Autotune] {"version": 1, "step": 500, "wall_seconds": 115.83453420500155, "seed_nodes": 2007110, "loss": 0.8159020423889161, "all_losses_finite": true}
[Step=0510] Wall=117.9802s | Loss=0.7819
[Profile] Avg ms/step | Load: 99.287 (Prep: 9.456, Struc: 1.268, Fetch: 88.563) | Fwd: 53.288 | Bwd: 65.186 | Opt: 0.701 | GPU_Tot: 209.007
[Autotune] {"version": 1, "step": 510, "wall_seconds": 117.98016519901284, "seed_nodes": 2048070, "loss": 0.7818732261657715, "all_losses_finite": true}
[Step=0520] Wall=120.1615s | Loss=0.7560
[Profile] Avg ms/step | Load: 99.223 (Prep: 9.268, Struc: 1.268, Fetch: 88.687) | Fwd: 53.311 | Bwd: 65.216 | Opt: 0.702 | GPU_Tot: 209.185
[Autotune] {"version": 1, "step": 520, "wall_seconds": 120.161523089002, "seed_nodes": 2089030, "loss": 0.7560443878173828, "all_losses_finite": true}
[Step=0530] Wall=122.3520s | Loss=0.7335
[Profile] Avg ms/step | Load: 99.198 (Prep: 9.087, Struc: 1.268, Fetch: 88.843) | Fwd: 53.329 | Bwd: 65.231 | Opt: 0.703 | GPU_Tot: 209.374
[Autotune] {"version": 1, "step": 530, "wall_seconds": 122.35199956900033, "seed_nodes": 2129990, "loss": 0.7335084438323974, "all_losses_finite": true}
[Step=0540] Wall=124.6428s | Loss=0.8229
[Profile] Avg ms/step | Load: 99.594 (Prep: 9.730, Struc: 1.266, Fetch: 88.598) | Fwd: 53.243 | Bwd: 65.131 | Opt: 0.702 | GPU_Tot: 208.940
[Autotune] {"version": 1, "step": 540, "wall_seconds": 124.64278988000297, "seed_nodes": 2166861, "loss": 0.8228515625, "all_losses_finite": true}
[Step=0550] Wall=126.7625s | Loss=1.0405
[Profile] Avg ms/step | Load: 99.416 (Prep: 9.547, Struc: 1.267, Fetch: 88.602) | Fwd: 53.262 | Bwd: 65.155 | Opt: 0.702 | GPU_Tot: 208.987
[Autotune] {"version": 1, "step": 550, "wall_seconds": 126.7624745050125, "seed_nodes": 2207821, "loss": 1.0405177116394042, "all_losses_finite": true}
[Step=0560] Wall=128.9125s | Loss=0.9013
[Profile] Avg ms/step | Load: 99.303 (Prep: 9.371, Struc: 1.268, Fetch: 88.665) | Fwd: 53.281 | Bwd: 65.176 | Opt: 0.702 | GPU_Tot: 209.091
[Autotune] {"version": 1, "step": 560, "wall_seconds": 128.9124966320087, "seed_nodes": 2248781, "loss": 0.90127592086792, "all_losses_finite": true}
[Step=0570] Wall=131.0494s | Loss=0.8109
[Profile] Avg ms/step | Load: 99.162 (Prep: 9.202, Struc: 1.268, Fetch: 88.692) | Fwd: 53.301 | Bwd: 65.204 | Opt: 0.702 | GPU_Tot: 209.167
[Autotune] {"version": 1, "step": 570, "wall_seconds": 131.049418368013, "seed_nodes": 2289741, "loss": 0.8108803749084472, "all_losses_finite": true}
[Step=0580] Wall=133.2461s | Loss=0.7864
[Profile] Avg ms/step | Load: 99.127 (Prep: 9.040, Struc: 1.268, Fetch: 88.819) | Fwd: 53.322 | Bwd: 65.238 | Opt: 0.702 | GPU_Tot: 209.350
[Autotune] {"version": 1, "step": 580, "wall_seconds": 133.24605470200186, "seed_nodes": 2330701, "loss": 0.7864099502563476, "all_losses_finite": true}
[Step=0590] Wall=135.5675s | Loss=0.7727
[Profile] Avg ms/step | Load: 99.547 (Prep: 9.634, Struc: 1.267, Fetch: 88.647) | Fwd: 53.245 | Bwd: 65.143 | Opt: 0.701 | GPU_Tot: 209.002
[Autotune] {"version": 1, "step": 590, "wall_seconds": 135.56750289000047, "seed_nodes": 2367572, "loss": 0.7726765632629394, "all_losses_finite": true}
[Step=0600] Wall=137.6996s | Loss=0.7902
[Profile] Avg ms/step | Load: 99.400 (Prep: 9.469, Struc: 1.267, Fetch: 88.663) | Fwd: 53.264 | Bwd: 65.171 | Opt: 0.702 | GPU_Tot: 209.067
[Autotune] {"version": 1, "step": 600, "wall_seconds": 137.69964933700976, "seed_nodes": 2408532, "loss": 0.7902458190917969, "all_losses_finite": true}
[Step=0610] Wall=139.8388s | Loss=0.7635
[Profile] Avg ms/step | Load: 99.267 (Prep: 9.310, Struc: 1.267, Fetch: 88.689) | Fwd: 53.284 | Bwd: 65.199 | Opt: 0.702 | GPU_Tot: 209.141
[Autotune] {"version": 1, "step": 610, "wall_seconds": 139.8387993260112, "seed_nodes": 2449492, "loss": 0.7635247230529785, "all_losses_finite": true}
[Step=0620] Wall=142.0007s | Loss=0.7753
[Profile] Avg ms/step | Load: 99.179 (Prep: 9.157, Struc: 1.268, Fetch: 88.755) | Fwd: 53.304 | Bwd: 65.224 | Opt: 0.702 | GPU_Tot: 209.252
[Autotune] {"version": 1, "step": 620, "wall_seconds": 142.00066252400575, "seed_nodes": 2490452, "loss": 0.7752754211425781, "all_losses_finite": true}
[Step=0630] Wall=144.1671s | Loss=0.7409
[Profile] Avg ms/step | Load: 99.105 (Prep: 9.009, Struc: 1.268, Fetch: 88.828) | Fwd: 53.321 | Bwd: 65.247 | Opt: 0.702 | GPU_Tot: 209.367
[Autotune] {"version": 1, "step": 630, "wall_seconds": 144.1671195710078, "seed_nodes": 2531412, "loss": 0.7409287452697754, "all_losses_finite": true}
[Step=0640] Wall=146.4687s | Loss=0.7863
[Profile] Avg ms/step | Load: 99.450 (Prep: 9.575, Struc: 1.267, Fetch: 88.608) | Fwd: 53.252 | Bwd: 65.166 | Opt: 0.702 | GPU_Tot: 208.994
[Autotune] {"version": 1, "step": 640, "wall_seconds": 146.46866905000934, "seed_nodes": 2568283, "loss": 0.7862621784210205, "all_losses_finite": true}
[Step=0650] Wall=148.5867s | Loss=0.8076
[Profile] Avg ms/step | Load: 99.294 (Prep: 9.425, Struc: 1.267, Fetch: 88.601) | Fwd: 53.269 | Bwd: 65.189 | Opt: 0.702 | GPU_Tot: 209.030
[Autotune] {"version": 1, "step": 650, "wall_seconds": 148.58665070201096, "seed_nodes": 2609243, "loss": 0.8075993537902832, "all_losses_finite": true}
[Step=0660] Wall=150.7232s | Loss=0.7755
[Profile] Avg ms/step | Load: 99.174 (Prep: 9.280, Struc: 1.268, Fetch: 88.627) | Fwd: 53.287 | Bwd: 65.211 | Opt: 0.703 | GPU_Tot: 209.094
[Autotune] {"version": 1, "step": 660, "wall_seconds": 150.7232221440063, "seed_nodes": 2650203, "loss": 0.7755078315734864, "all_losses_finite": true}
[Step=0670] Wall=152.8924s | Loss=0.7554
[Profile] Avg ms/step | Load: 99.097 (Prep: 9.139, Struc: 1.268, Fetch: 88.690) | Fwd: 53.306 | Bwd: 65.243 | Opt: 0.702 | GPU_Tot: 209.209
[Autotune] {"version": 1, "step": 670, "wall_seconds": 152.89235962000384, "seed_nodes": 2691163, "loss": 0.7553987979888916, "all_losses_finite": true}
[Step=0680] Wall=155.0690s | Loss=0.7323
[Profile] Avg ms/step | Load: 99.043 (Prep: 9.003, Struc: 1.268, Fetch: 88.772) | Fwd: 53.323 | Bwd: 65.266 | Opt: 0.702 | GPU_Tot: 209.331
[Autotune] {"version": 1, "step": 680, "wall_seconds": 155.0689902860031, "seed_nodes": 2732123, "loss": 0.732309627532959, "all_losses_finite": true}
[Step=0690] Wall=157.3733s | Loss=0.7311
[Profile] Avg ms/step | Load: 99.371 (Prep: 9.524, Struc: 1.267, Fetch: 88.580) | Fwd: 53.258 | Bwd: 65.188 | Opt: 0.702 | GPU_Tot: 208.994
[Autotune] {"version": 1, "step": 690, "wall_seconds": 157.37331583201012, "seed_nodes": 2768994, "loss": 0.7310800552368164, "all_losses_finite": true}
[Step=0700] Wall=159.4980s | Loss=0.7498
[Profile] Avg ms/step | Load: 99.240 (Prep: 9.386, Struc: 1.267, Fetch: 88.587) | Fwd: 53.274 | Bwd: 65.208 | Opt: 0.702 | GPU_Tot: 209.038
[Autotune] {"version": 1, "step": 700, "wall_seconds": 159.49796450200665, "seed_nodes": 2809954, "loss": 0.7498233318328857, "all_losses_finite": true}
[Step=0710] Wall=161.6620s | Loss=0.7555
[Profile] Avg ms/step | Load: 99.169 (Prep: 9.251, Struc: 1.268, Fetch: 88.650) | Fwd: 53.290 | Bwd: 65.229 | Opt: 0.702 | GPU_Tot: 209.139
[Autotune] {"version": 1, "step": 710, "wall_seconds": 161.66198450600496, "seed_nodes": 2850914, "loss": 0.7554631233215332, "all_losses_finite": true}
[Step=0720] Wall=163.8482s | Loss=0.7222
[Profile] Avg ms/step | Load: 99.135 (Prep: 9.121, Struc: 1.268, Fetch: 88.746) | Fwd: 53.305 | Bwd: 65.249 | Opt: 0.702 | GPU_Tot: 209.269
[Autotune] {"version": 1, "step": 720, "wall_seconds": 163.8482259020093, "seed_nodes": 2891874, "loss": 0.7221550941467285, "all_losses_finite": true}
[Step=0730] Wall=166.0137s | Loss=0.7131
[Profile] Avg ms/step | Load: 99.065 (Prep: 8.995, Struc: 1.268, Fetch: 88.801) | Fwd: 53.321 | Bwd: 65.273 | Opt: 0.702 | GPU_Tot: 209.366
[Autotune] {"version": 1, "step": 730, "wall_seconds": 166.0136812520068, "seed_nodes": 2932834, "loss": 0.7131087779998779, "all_losses_finite": true}
[Step=0740] Wall=168.2899s | Loss=0.8962
[Profile] Avg ms/step | Load: 99.332 (Prep: 9.455, Struc: 1.267, Fetch: 88.610) | Fwd: 53.259 | Bwd: 65.197 | Opt: 0.702 | GPU_Tot: 209.035
[Autotune] {"version": 1, "step": 740, "wall_seconds": 168.28985057701357, "seed_nodes": 2969705, "loss": 0.8962212562561035, "all_losses_finite": true}
[Step=0750] Wall=170.4242s | Loss=0.8426
[Profile] Avg ms/step | Load: 99.217 (Prep: 9.328, Struc: 1.267, Fetch: 88.622) | Fwd: 53.277 | Bwd: 65.221 | Opt: 0.702 | GPU_Tot: 209.088
[Autotune] {"version": 1, "step": 750, "wall_seconds": 170.42419724501087, "seed_nodes": 3010665, "loss": 0.8426206588745118, "all_losses_finite": true}
[Step=0760] Wall=172.5834s | Loss=0.7812
[Profile] Avg ms/step | Load: 99.146 (Prep: 9.205, Struc: 1.267, Fetch: 88.674) | Fwd: 53.291 | Bwd: 65.241 | Opt: 0.702 | GPU_Tot: 209.175
[Autotune] {"version": 1, "step": 760, "wall_seconds": 172.58343120200152, "seed_nodes": 3051625, "loss": 0.7812093257904053, "all_losses_finite": true}
[Step=0770] Wall=174.7620s | Loss=0.7795
[Profile] Avg ms/step | Load: 99.098 (Prep: 9.084, Struc: 1.268, Fetch: 88.746) | Fwd: 53.306 | Bwd: 65.264 | Opt: 0.702 | GPU_Tot: 209.286
[Autotune] {"version": 1, "step": 770, "wall_seconds": 174.76203521901334, "seed_nodes": 3092585, "loss": 0.779472827911377, "all_losses_finite": true}
[Step=0780] Wall=176.9114s | Loss=0.7368
[Profile] Avg ms/step | Load: 99.011 (Prep: 8.981, Struc: 1.268, Fetch: 88.762) | Fwd: 53.321 | Bwd: 65.287 | Opt: 0.702 | GPU_Tot: 209.339
[Autotune] {"version": 1, "step": 780, "wall_seconds": 176.91137465200154, "seed_nodes": 3133545, "loss": 0.7367988109588623, "all_losses_finite": true}
[Step=0790] Wall=179.1941s | Loss=0.7881
[Profile] Avg ms/step | Load: 99.273 (Prep: 9.399, Struc: 1.267, Fetch: 88.608) | Fwd: 53.263 | Bwd: 65.213 | Opt: 0.701 | GPU_Tot: 209.052
[Autotune] {"version": 1, "step": 790, "wall_seconds": 179.1941121550044, "seed_nodes": 3170416, "loss": 0.7881458759307861, "all_losses_finite": true}
[Step=0800] Wall=181.3427s | Loss=0.8042
[Profile] Avg ms/step | Load: 99.185 (Prep: 9.281, Struc: 1.267, Fetch: 88.637) | Fwd: 53.278 | Bwd: 65.236 | Opt: 0.701 | GPU_Tot: 209.120
[Autotune] {"version": 1, "step": 800, "wall_seconds": 181.34272729200893, "seed_nodes": 3211376, "loss": 0.8041962623596192, "all_losses_finite": true}
[Step=0810] Wall=183.4789s | Loss=0.7651
[Profile] Avg ms/step | Load: 99.088 (Prep: 9.166, Struc: 1.267, Fetch: 88.655) | Fwd: 53.292 | Bwd: 65.255 | Opt: 0.701 | GPU_Tot: 209.171
[Autotune] {"version": 1, "step": 810, "wall_seconds": 183.47888326100656, "seed_nodes": 3252336, "loss": 0.7651486873626709, "all_losses_finite": true}
[Step=0820] Wall=185.6468s | Loss=0.7403
[Profile] Avg ms/step | Load: 99.030 (Prep: 9.053, Struc: 1.267, Fetch: 88.709) | Fwd: 53.306 | Bwd: 65.277 | Opt: 0.702 | GPU_Tot: 209.261
[Autotune] {"version": 1, "step": 820, "wall_seconds": 185.6467904420133, "seed_nodes": 3293296, "loss": 0.7403075695037842, "all_losses_finite": true}
[Step=0830] Wall=187.8351s | Loss=0.7176
[Profile] Avg ms/step | Load: 98.999 (Prep: 8.955, Struc: 1.268, Fetch: 88.776) | Fwd: 53.321 | Bwd: 65.297 | Opt: 0.701 | GPU_Tot: 209.363
[Autotune] {"version": 1, "step": 830, "wall_seconds": 187.835065864012, "seed_nodes": 3334256, "loss": 0.7175662517547607, "all_losses_finite": true}
[Step=0840] Wall=190.1205s | Loss=0.7092
[Profile] Avg ms/step | Load: 99.243 (Prep: 9.351, Struc: 1.267, Fetch: 88.626) | Fwd: 53.267 | Bwd: 65.232 | Opt: 0.701 | GPU_Tot: 209.093
[Autotune] {"version": 1, "step": 840, "wall_seconds": 190.12047992800944, "seed_nodes": 3371127, "loss": 0.7092289924621582, "all_losses_finite": true}
[Step=0850] Wall=192.2453s | Loss=0.7459
[Profile] Avg ms/step | Load: 99.133 (Prep: 9.240, Struc: 1.267, Fetch: 88.625) | Fwd: 53.281 | Bwd: 65.253 | Opt: 0.701 | GPU_Tot: 209.128
[Autotune] {"version": 1, "step": 850, "wall_seconds": 192.24528705100238, "seed_nodes": 3412087, "loss": 0.7458852767944336, "all_losses_finite": true}
[Step=0860] Wall=194.4399s | Loss=0.6973
[Profile] Avg ms/step | Load: 99.108 (Prep: 9.133, Struc: 1.267, Fetch: 88.709) | Fwd: 53.296 | Bwd: 65.273 | Opt: 0.701 | GPU_Tot: 209.246
[Autotune] {"version": 1, "step": 860, "wall_seconds": 194.43991508301406, "seed_nodes": 3453047, "loss": 0.6972503185272216, "all_losses_finite": true}
[Step=0870] Wall=196.6031s | Loss=0.6847
[Profile] Avg ms/step | Load: 99.057 (Prep: 9.028, Struc: 1.267, Fetch: 88.762) | Fwd: 53.308 | Bwd: 65.286 | Opt: 0.701 | GPU_Tot: 209.324
[Autotune] {"version": 1, "step": 870, "wall_seconds": 196.60306832600327, "seed_nodes": 3494007, "loss": 0.6846571445465088, "all_losses_finite": true}
[Step=0880] Wall=198.7529s | Loss=0.6631
[Profile] Avg ms/step | Load: 98.988 (Prep: 8.936, Struc: 1.267, Fetch: 88.785) | Fwd: 53.319 | Bwd: 65.300 | Opt: 0.701 | GPU_Tot: 209.374
[Autotune] {"version": 1, "step": 880, "wall_seconds": 198.75290104100714, "seed_nodes": 3534967, "loss": 0.6631494522094726, "all_losses_finite": true}
[Step=0890] Wall=201.0437s | Loss=0.8362
[Profile] Avg ms/step | Load: 99.224 (Prep: 9.301, Struc: 1.266, Fetch: 88.656) | Fwd: 53.269 | Bwd: 65.239 | Opt: 0.701 | GPU_Tot: 209.133
[Autotune] {"version": 1, "step": 890, "wall_seconds": 201.04373562399996, "seed_nodes": 3571838, "loss": 0.8361869812011719, "all_losses_finite": true}
[Step=0900] Wall=203.1804s | Loss=0.7658
[Profile] Avg ms/step | Load: 99.137 (Prep: 9.198, Struc: 1.267, Fetch: 88.672) | Fwd: 53.282 | Bwd: 65.256 | Opt: 0.701 | GPU_Tot: 209.178
[Autotune] {"version": 1, "step": 900, "wall_seconds": 203.18042217601032, "seed_nodes": 3612798, "loss": 0.765764570236206, "all_losses_finite": true}
[Step=0910] Wall=205.3956s | Loss=0.7009
[Profile] Avg ms/step | Load: 99.142 (Prep: 9.097, Struc: 1.267, Fetch: 88.779) | Fwd: 53.295 | Bwd: 65.272 | Opt: 0.701 | GPU_Tot: 209.313
[Autotune] {"version": 1, "step": 910, "wall_seconds": 205.3956000830076, "seed_nodes": 3653758, "loss": 0.7008886337280273, "all_losses_finite": true}
[Step=0920] Wall=207.5842s | Loss=0.6659
[Profile] Avg ms/step | Load: 99.118 (Prep: 8.998, Struc: 1.267, Fetch: 88.853) | Fwd: 53.306 | Bwd: 65.287 | Opt: 0.701 | GPU_Tot: 209.415
[Autotune] {"version": 1, "step": 920, "wall_seconds": 207.58424215200648, "seed_nodes": 3694718, "loss": 0.665859603881836, "all_losses_finite": true}
[Step=0930] Wall=209.7136s | Loss=0.6364
[Profile] Avg ms/step | Load: 99.040 (Prep: 8.912, Struc: 1.267, Fetch: 88.861) | Fwd: 53.316 | Bwd: 65.292 | Opt: 0.701 | GPU_Tot: 209.437
[Autotune] {"version": 1, "step": 930, "wall_seconds": 209.71359833801398, "seed_nodes": 3735678, "loss": 0.6364266395568847, "all_losses_finite": true}
[Step=0940] Wall=212.0495s | Loss=0.8001
[Profile] Avg ms/step | Load: 99.312 (Prep: 9.283, Struc: 1.266, Fetch: 88.762) | Fwd: 53.268 | Bwd: 65.236 | Opt: 0.701 | GPU_Tot: 209.233
[Autotune] {"version": 1, "step": 940, "wall_seconds": 212.0494505890092, "seed_nodes": 3772549, "loss": 0.8001138687133789, "all_losses_finite": true}
[Step=0950] Wall=214.2079s | Loss=0.7310
[Profile] Avg ms/step | Load: 99.250 (Prep: 9.186, Struc: 1.267, Fetch: 88.797) | Fwd: 53.280 | Bwd: 65.255 | Opt: 0.701 | GPU_Tot: 209.299
[Autotune] {"version": 1, "step": 950, "wall_seconds": 214.2079004390107, "seed_nodes": 3813509, "loss": 0.7310401916503906, "all_losses_finite": true}
[Step=0960] Wall=216.3545s | Loss=0.6624
[Profile] Avg ms/step | Load: 99.180 (Prep: 9.090, Struc: 1.267, Fetch: 88.823) | Fwd: 53.291 | Bwd: 65.269 | Opt: 0.701 | GPU_Tot: 209.351
[Autotune] {"version": 1, "step": 960, "wall_seconds": 216.3545326510066, "seed_nodes": 3854469, "loss": 0.6624141693115234, "all_losses_finite": true}
[Step=0970] Wall=218.5344s | Loss=0.6351
[Profile] Avg ms/step | Load: 99.142 (Prep: 8.997, Struc: 1.267, Fetch: 88.877) | Fwd: 53.304 | Bwd: 65.287 | Opt: 0.702 | GPU_Tot: 209.437
[Autotune] {"version": 1, "step": 970, "wall_seconds": 218.5343952490075, "seed_nodes": 3895429, "loss": 0.6351409435272217, "all_losses_finite": true}
[Step=0980] Wall=220.4563s | Loss=0.5853
[Profile] Avg ms/step | Load: 98.957 (Prep: 8.914, Struc: 1.266, Fetch: 88.777) | Fwd: 53.260 | Bwd: 65.235 | Opt: 0.701 | GPU_Tot: 209.239
[Autotune] {"version": 1, "step": 980, "wall_seconds": 220.45631035800034, "seed_nodes": 3932300, "loss": 0.5852675437927246, "all_losses_finite": true}
[Step=0990] Wall=223.0011s | Loss=0.7361
[Profile] Avg ms/step | Load: 99.311 (Prep: 9.267, Struc: 1.267, Fetch: 88.777) | Fwd: 53.271 | Bwd: 65.250 | Opt: 0.702 | GPU_Tot: 209.266
[Autotune] {"version": 1, "step": 990, "wall_seconds": 223.00112264300697, "seed_nodes": 3973260, "loss": 0.7360935211181641, "all_losses_finite": true}
[Step=1000] Wall=225.1558s | Loss=0.6674
[Profile] Avg ms/step | Load: 99.248 (Prep: 9.175, Struc: 1.267, Fetch: 88.806) | Fwd: 53.283 | Bwd: 65.266 | Opt: 0.702 | GPU_Tot: 209.324
[Autotune] {"version": 1, "step": 1000, "wall_seconds": 225.15579918200092, "seed_nodes": 4014220, "loss": 0.6674363613128662, "all_losses_finite": true}
[Step=1010] Wall=227.3299s | Loss=0.6409
[Profile] Avg ms/step | Load: 99.206 (Prep: 9.085, Struc: 1.267, Fetch: 88.854) | Fwd: 53.294 | Bwd: 65.285 | Opt: 0.702 | GPU_Tot: 209.401
[Autotune] {"version": 1, "step": 1010, "wall_seconds": 227.32991198200034, "seed_nodes": 4055180, "loss": 0.6409066200256348, "all_losses_finite": true}
[Step=1020] Wall=229.5095s | Loss=0.6203
[Profile] Avg ms/step | Load: 99.174 (Prep: 8.997, Struc: 1.267, Fetch: 88.910) | Fwd: 53.305 | Bwd: 65.299 | Opt: 0.702 | GPU_Tot: 209.482
[Autotune] {"version": 1, "step": 1020, "wall_seconds": 229.50954019000346, "seed_nodes": 4096140, "loss": 0.6203200340270996, "all_losses_finite": true}
[Step=1030] Wall=231.8177s | Loss=0.5812
[Profile] Avg ms/step | Load: 99.393 (Prep: 9.321, Struc: 1.266, Fetch: 88.805) | Fwd: 53.262 | Bwd: 65.246 | Opt: 0.701 | GPU_Tot: 209.281
[Autotune] {"version": 1, "step": 1030, "wall_seconds": 231.81771957600722, "seed_nodes": 4133011, "loss": 0.5812131404876709, "all_losses_finite": true}
[Step=1040] Wall=233.9460s | Loss=0.6607
[Profile] Avg ms/step | Load: 99.306 (Prep: 9.232, Struc: 1.266, Fetch: 88.807) | Fwd: 53.273 | Bwd: 65.262 | Opt: 0.702 | GPU_Tot: 209.310
[Autotune] {"version": 1, "step": 1040, "wall_seconds": 233.9459689970099, "seed_nodes": 4173971, "loss": 0.660688066482544, "all_losses_finite": true}
[Step=1050] Wall=236.0868s | Loss=0.6079
[Profile] Avg ms/step | Load: 99.232 (Prep: 9.145, Struc: 1.267, Fetch: 88.821) | Fwd: 53.284 | Bwd: 65.278 | Opt: 0.702 | GPU_Tot: 209.351
[Autotune] {"version": 1, "step": 1050, "wall_seconds": 236.0867726990109, "seed_nodes": 4214931, "loss": 0.6078758239746094, "all_losses_finite": true}
[Step=1060] Wall=238.2569s | Loss=0.5893
[Profile] Avg ms/step | Load: 99.193 (Prep: 9.059, Struc: 1.267, Fetch: 88.867) | Fwd: 53.294 | Bwd: 65.291 | Opt: 0.702 | GPU_Tot: 209.420
[Autotune] {"version": 1, "step": 1060, "wall_seconds": 238.25688631400408, "seed_nodes": 4255891, "loss": 0.5892951011657714, "all_losses_finite": true}
[Step=1070] Wall=240.4354s | Loss=0.5789
[Profile] Avg ms/step | Load: 99.158 (Prep: 8.975, Struc: 1.267, Fetch: 88.916) | Fwd: 53.305 | Bwd: 65.307 | Opt: 0.702 | GPU_Tot: 209.496
[Autotune] {"version": 1, "step": 1070, "wall_seconds": 240.43540792001295, "seed_nodes": 4296851, "loss": 0.5788537502288819, "all_losses_finite": true}
[Step=1080] Wall=242.7474s | Loss=0.5434
[Profile] Avg ms/step | Load: 99.375 (Prep: 9.288, Struc: 1.266, Fetch: 88.820) | Fwd: 53.264 | Bwd: 65.252 | Opt: 0.702 | GPU_Tot: 209.304
[Autotune] {"version": 1, "step": 1080, "wall_seconds": 242.74742609800887, "seed_nodes": 4333722, "loss": 0.5434385299682617, "all_losses_finite": true}
[Step=1090] Wall=244.8738s | Loss=0.5835
[Profile] Avg ms/step | Load: 99.295 (Prep: 9.204, Struc: 1.266, Fetch: 88.825) | Fwd: 53.273 | Bwd: 65.263 | Opt: 0.702 | GPU_Tot: 209.330
[Autotune] {"version": 1, "step": 1090, "wall_seconds": 244.8737859230023, "seed_nodes": 4374682, "loss": 0.5835018157958984, "all_losses_finite": true}
[Step=1100] Wall=247.0325s | Loss=0.5588
[Profile] Avg ms/step | Load: 99.245 (Prep: 9.121, Struc: 1.266, Fetch: 88.858) | Fwd: 53.283 | Bwd: 65.276 | Opt: 0.702 | GPU_Tot: 209.386
[Autotune] {"version": 1, "step": 1100, "wall_seconds": 247.03249654200044, "seed_nodes": 4415642, "loss": 0.5587607860565186, "all_losses_finite": true}
[Step=1110] Wall=249.2147s | Loss=0.5552
[Profile] Avg ms/step | Load: 99.222 (Prep: 9.039, Struc: 1.267, Fetch: 88.916) | Fwd: 53.293 | Bwd: 65.286 | Opt: 0.702 | GPU_Tot: 209.463
[Autotune] {"version": 1, "step": 1110, "wall_seconds": 249.21465138799977, "seed_nodes": 4456602, "loss": 0.5552131175994873, "all_losses_finite": true}
[Step=1120] Wall=251.3914s | Loss=0.5604
[Profile] Avg ms/step | Load: 99.189 (Prep: 8.959, Struc: 1.267, Fetch: 88.963) | Fwd: 53.303 | Bwd: 65.298 | Opt: 0.702 | GPU_Tot: 209.533
[Autotune] {"version": 1, "step": 1120, "wall_seconds": 251.3914031650056, "seed_nodes": 4497562, "loss": 0.5604160308837891, "all_losses_finite": true}
[Step=1130] Wall=253.7303s | Loss=0.5552
[Profile] Avg ms/step | Load: 99.415 (Prep: 9.274, Struc: 1.266, Fetch: 88.875) | Fwd: 53.264 | Bwd: 65.251 | Opt: 0.702 | GPU_Tot: 209.358
[Autotune] {"version": 1, "step": 1130, "wall_seconds": 253.73025265600882, "seed_nodes": 4534433, "loss": 0.5552135467529297, "all_losses_finite": true}
[Step=1140] Wall=255.8740s | Loss=0.6275
[Profile] Avg ms/step | Load: 99.350 (Prep: 9.194, Struc: 1.266, Fetch: 88.890) | Fwd: 53.274 | Bwd: 65.265 | Opt: 0.702 | GPU_Tot: 209.398
[Autotune] {"version": 1, "step": 1140, "wall_seconds": 255.87400669199997, "seed_nodes": 4575393, "loss": 0.6275384902954102, "all_losses_finite": true}
[Step=1150] Wall=258.0419s | Loss=0.5920
[Profile] Avg ms/step | Load: 99.313 (Prep: 9.115, Struc: 1.266, Fetch: 88.932) | Fwd: 53.284 | Bwd: 65.275 | Opt: 0.702 | GPU_Tot: 209.459
[Autotune] {"version": 1, "step": 1150, "wall_seconds": 258.0418767280062, "seed_nodes": 4616353, "loss": 0.5920475006103516, "all_losses_finite": true}
[Step=1160] Wall=260.1855s | Loss=0.5822
[Profile] Avg ms/step | Load: 99.251 (Prep: 9.037, Struc: 1.267, Fetch: 88.948) | Fwd: 53.294 | Bwd: 65.288 | Opt: 0.702 | GPU_Tot: 209.498
[Autotune] {"version": 1, "step": 1160, "wall_seconds": 260.1855078260123, "seed_nodes": 4657313, "loss": 0.5822072982788086, "all_losses_finite": true}
[Step=1170] Wall=262.3578s | Loss=0.5529
[Profile] Avg ms/step | Load: 99.217 (Prep: 8.960, Struc: 1.267, Fetch: 88.990) | Fwd: 53.303 | Bwd: 65.299 | Opt: 0.702 | GPU_Tot: 209.561
[Autotune] {"version": 1, "step": 1170, "wall_seconds": 262.3577656580019, "seed_nodes": 4698273, "loss": 0.5528942584991455, "all_losses_finite": true}
[Step=1180] Wall=264.6820s | Loss=0.5072
[Profile] Avg ms/step | Load: 99.421 (Prep: 9.263, Struc: 1.266, Fetch: 88.892) | Fwd: 53.266 | Bwd: 65.252 | Opt: 0.702 | GPU_Tot: 209.379
[Autotune] {"version": 1, "step": 1180, "wall_seconds": 264.68202785200265, "seed_nodes": 4735144, "loss": 0.5071605205535888, "all_losses_finite": true}
[Step=1190] Wall=266.8128s | Loss=0.5523
[Profile] Avg ms/step | Load: 99.347 (Prep: 9.186, Struc: 1.266, Fetch: 88.895) | Fwd: 53.276 | Bwd: 65.265 | Opt: 0.702 | GPU_Tot: 209.405
[Autotune] {"version": 1, "step": 1190, "wall_seconds": 266.8128341180127, "seed_nodes": 4776104, "loss": 0.5523087501525878, "all_losses_finite": true}
[Step=1200] Wall=268.9586s | Loss=0.5446
[Profile] Avg ms/step | Load: 99.290 (Prep: 9.110, Struc: 1.266, Fetch: 88.914) | Fwd: 53.286 | Bwd: 65.277 | Opt: 0.702 | GPU_Tot: 209.445
[Autotune] {"version": 1, "step": 1200, "wall_seconds": 268.9585828970012, "seed_nodes": 4817064, "loss": 0.5446098804473877, "all_losses_finite": true}
[Step=1210] Wall=271.1538s | Loss=0.5278
[Profile] Avg ms/step | Load: 99.273 (Prep: 9.036, Struc: 1.267, Fetch: 88.970) | Fwd: 53.295 | Bwd: 65.291 | Opt: 0.703 | GPU_Tot: 209.526
[Autotune] {"version": 1, "step": 1210, "wall_seconds": 271.1537833520124, "seed_nodes": 4858024, "loss": 0.527817678451538, "all_losses_finite": true}
[Step=1220] Wall=273.3344s | Loss=0.5300
[Profile] Avg ms/step | Load: 99.246 (Prep: 8.963, Struc: 1.267, Fetch: 89.017) | Fwd: 53.305 | Bwd: 65.302 | Opt: 0.703 | GPU_Tot: 209.593
[Autotune] {"version": 1, "step": 1220, "wall_seconds": 273.3343511500134, "seed_nodes": 4898984, "loss": 0.5300036907196045, "all_losses_finite": true}
[Step=1230] Wall=275.6160s | Loss=0.6147
[Profile] Avg ms/step | Load: 99.409 (Prep: 9.235, Struc: 1.266, Fetch: 88.907) | Fwd: 53.269 | Bwd: 65.255 | Opt: 0.702 | GPU_Tot: 209.400
[Autotune] {"version": 1, "step": 1230, "wall_seconds": 275.616024175004, "seed_nodes": 4935855, "loss": 0.6147215366363525, "all_losses_finite": true}
[Step=1240] Wall=277.7622s | Loss=0.6279
[Profile] Avg ms/step | Load: 99.350 (Prep: 9.162, Struc: 1.266, Fetch: 88.922) | Fwd: 53.278 | Bwd: 65.270 | Opt: 0.702 | GPU_Tot: 209.438
[Autotune] {"version": 1, "step": 1240, "wall_seconds": 277.76217669900507, "seed_nodes": 4976815, "loss": 0.6279036521911621, "all_losses_finite": true}
[Step=1250] Wall=279.9204s | Loss=0.5955
[Profile] Avg ms/step | Load: 99.304 (Prep: 9.089, Struc: 1.266, Fetch: 88.948) | Fwd: 53.288 | Bwd: 65.282 | Opt: 0.703 | GPU_Tot: 209.486
[Autotune] {"version": 1, "step": 1250, "wall_seconds": 279.92037629301194, "seed_nodes": 5017775, "loss": 0.595509386062622, "all_losses_finite": true}
[Step=1260] Wall=282.0949s | Loss=0.5719
[Profile] Avg ms/step | Load: 99.273 (Prep: 9.018, Struc: 1.266, Fetch: 88.988) | Fwd: 53.296 | Bwd: 65.293 | Opt: 0.702 | GPU_Tot: 209.546
[Autotune] {"version": 1, "step": 1260, "wall_seconds": 282.0949369180016, "seed_nodes": 5058735, "loss": 0.5718884468078613, "all_losses_finite": true}
[Step=1270] Wall=284.2734s | Loss=0.5442
[Profile] Avg ms/step | Load: 99.246 (Prep: 8.957, Struc: 1.267, Fetch: 89.023) | Fwd: 53.305 | Bwd: 65.303 | Opt: 0.702 | GPU_Tot: 209.601
[Autotune] {"version": 1, "step": 1270, "wall_seconds": 284.2733668569999, "seed_nodes": 5099695, "loss": 0.5442173480987549, "all_losses_finite": true}
[Step=1280] Wall=286.5547s | Loss=0.6490
[Profile] Avg ms/step | Load: 99.400 (Prep: 9.207, Struc: 1.266, Fetch: 88.927) | Fwd: 53.271 | Bwd: 65.260 | Opt: 0.702 | GPU_Tot: 209.426
[Autotune] {"version": 1, "step": 1280, "wall_seconds": 286.55465214600554, "seed_nodes": 5136566, "loss": 0.6489880084991455, "all_losses_finite": true}
[Step=1290] Wall=288.7085s | Loss=0.5863
[Profile] Avg ms/step | Load: 99.349 (Prep: 9.137, Struc: 1.266, Fetch: 88.946) | Fwd: 53.280 | Bwd: 65.274 | Opt: 0.702 | GPU_Tot: 209.468
[Autotune] {"version": 1, "step": 1290, "wall_seconds": 288.7085206280026, "seed_nodes": 5177526, "loss": 0.5863427639007568, "all_losses_finite": true}
[Step=1300] Wall=290.8539s | Loss=0.5730
[Profile] Avg ms/step | Load: 99.296 (Prep: 9.068, Struc: 1.266, Fetch: 88.961) | Fwd: 53.289 | Bwd: 65.283 | Opt: 0.704 | GPU_Tot: 209.504
[Autotune] {"version": 1, "step": 1300, "wall_seconds": 290.8539478550083, "seed_nodes": 5218486, "loss": 0.5730128288269043, "all_losses_finite": true}
[Step=1310] Wall=293.0084s | Loss=0.5566
[Profile] Avg ms/step | Load: 99.246 (Prep: 9.000, Struc: 1.266, Fetch: 88.980) | Fwd: 53.298 | Bwd: 65.297 | Opt: 0.704 | GPU_Tot: 209.546
[Autotune] {"version": 1, "step": 1310, "wall_seconds": 293.0083749780024, "seed_nodes": 5259446, "loss": 0.5566094398498536, "all_losses_finite": true}
[Step=1320] Wall=295.1937s | Loss=0.5516
[Profile] Avg ms/step | Load: 99.220 (Prep: 8.941, Struc: 1.267, Fetch: 89.012) | Fwd: 53.307 | Bwd: 65.313 | Opt: 0.704 | GPU_Tot: 209.603
[Autotune] {"version": 1, "step": 1320, "wall_seconds": 295.19367887200497, "seed_nodes": 5300406, "loss": 0.5516178131103515, "all_losses_finite": true}
[Step=1330] Wall=297.4855s | Loss=0.4772
[Profile] Avg ms/step | Load: 99.371 (Prep: 9.187, Struc: 1.266, Fetch: 88.918) | Fwd: 53.276 | Bwd: 65.274 | Opt: 0.704 | GPU_Tot: 209.438
[Autotune] {"version": 1, "step": 1330, "wall_seconds": 297.48545696200745, "seed_nodes": 5337277, "loss": 0.47716560363769533, "all_losses_finite": true}
[Step=1340] Wall=299.6184s | Loss=0.5422
[Profile] Avg ms/step | Load: 99.310 (Prep: 9.120, Struc: 1.266, Fetch: 88.924) | Fwd: 53.284 | Bwd: 65.285 | Opt: 0.704 | GPU_Tot: 209.463
[Autotune] {"version": 1, "step": 1340, "wall_seconds": 299.6183827950008, "seed_nodes": 5378237, "loss": 0.5422495365142822, "all_losses_finite": true}
[Step=1350] Wall=301.7838s | Loss=0.5292
[Profile] Avg ms/step | Load: 99.273 (Prep: 9.053, Struc: 1.266, Fetch: 88.954) | Fwd: 53.292 | Bwd: 65.297 | Opt: 0.704 | GPU_Tot: 209.512
[Autotune] {"version": 1, "step": 1350, "wall_seconds": 301.7837815580133, "seed_nodes": 5419197, "loss": 0.5292430877685547, "all_losses_finite": true}
[Step=1360] Wall=303.9367s | Loss=0.5234
[Profile] Avg ms/step | Load: 99.231 (Prep: 8.988, Struc: 1.266, Fetch: 88.976) | Fwd: 53.300 | Bwd: 65.305 | Opt: 0.704 | GPU_Tot: 209.551
[Autotune] {"version": 1, "step": 1360, "wall_seconds": 303.93668315200193, "seed_nodes": 5460157, "loss": 0.5234366416931152, "all_losses_finite": true}
[Step=1370] Wall=306.0908s | Loss=0.5259
[Profile] Avg ms/step | Load: 99.188 (Prep: 8.930, Struc: 1.266, Fetch: 88.992) | Fwd: 53.308 | Bwd: 65.314 | Opt: 0.703 | GPU_Tot: 209.584
[Autotune] {"version": 1, "step": 1370, "wall_seconds": 306.0908111960016, "seed_nodes": 5501117, "loss": 0.5258629798889161, "all_losses_finite": true}
[Step=1380] Wall=308.4333s | Loss=0.6004
[Profile] Avg ms/step | Load: 99.374 (Prep: 9.180, Struc: 1.266, Fetch: 88.928) | Fwd: 53.277 | Bwd: 65.276 | Opt: 0.703 | GPU_Tot: 209.450
[Autotune] {"version": 1, "step": 1380, "wall_seconds": 308.43325041100616, "seed_nodes": 5537988, "loss": 0.6004110813140869, "all_losses_finite": true}
[Step=1390] Wall=310.5865s | Loss=0.5935
[Profile] Avg ms/step | Load: 99.330 (Prep: 9.115, Struc: 1.266, Fetch: 88.949) | Fwd: 53.284 | Bwd: 65.287 | Opt: 0.703 | GPU_Tot: 209.489
[Autotune] {"version": 1, "step": 1390, "wall_seconds": 310.586454290009, "seed_nodes": 5578948, "loss": 0.5934759616851807, "all_losses_finite": true}
[Step=1400] Wall=312.7445s | Loss=0.5432
[Profile] Avg ms/step | Load: 99.287 (Prep: 9.051, Struc: 1.266, Fetch: 88.970) | Fwd: 53.293 | Bwd: 65.299 | Opt: 0.704 | GPU_Tot: 209.531
[Autotune] {"version": 1, "step": 1400, "wall_seconds": 312.7445024050103, "seed_nodes": 5619908, "loss": 0.5431628704071045, "all_losses_finite": true}
[Step=1410] Wall=314.8881s | Loss=0.5409
[Profile] Avg ms/step | Load: 99.238 (Prep: 8.988, Struc: 1.266, Fetch: 88.984) | Fwd: 53.300 | Bwd: 65.308 | Opt: 0.704 | GPU_Tot: 209.562
[Autotune] {"version": 1, "step": 1410, "wall_seconds": 314.88808275300835, "seed_nodes": 5660868, "loss": 0.5409426689147949, "all_losses_finite": true}
[Step=1420] Wall=316.9949s | Loss=0.5283
[Profile] Avg ms/step | Load: 99.164 (Prep: 8.932, Struc: 1.266, Fetch: 88.966) | Fwd: 53.307 | Bwd: 65.317 | Opt: 0.703 | GPU_Tot: 209.559
[Autotune] {"version": 1, "step": 1420, "wall_seconds": 316.994940708013, "seed_nodes": 5701828, "loss": 0.5283093452453613, "all_losses_finite": true}
[Step=1430] Wall=319.3628s | Loss=0.4760
[Profile] Avg ms/step | Load: 99.365 (Prep: 9.169, Struc: 1.266, Fetch: 88.929) | Fwd: 53.276 | Bwd: 65.278 | Opt: 0.703 | GPU_Tot: 209.452
[Autotune] {"version": 1, "step": 1430, "wall_seconds": 319.362840435002, "seed_nodes": 5738699, "loss": 0.4759610652923584, "all_losses_finite": true}
[Step=1440] Wall=321.5347s | Loss=0.5141
[Profile] Avg ms/step | Load: 99.334 (Prep: 9.107, Struc: 1.266, Fetch: 88.961) | Fwd: 53.284 | Bwd: 65.289 | Opt: 0.703 | GPU_Tot: 209.503
[Autotune] {"version": 1, "step": 1440, "wall_seconds": 321.5346564270003, "seed_nodes": 5779659, "loss": 0.5140678405761718, "all_losses_finite": true}
[Step=1450] Wall=323.6829s | Loss=0.5083
[Profile] Avg ms/step | Load: 99.286 (Prep: 9.045, Struc: 1.266, Fetch: 88.975) | Fwd: 53.293 | Bwd: 65.300 | Opt: 0.703 | GPU_Tot: 209.536
[Autotune] {"version": 1, "step": 1450, "wall_seconds": 323.6828517350077, "seed_nodes": 5820619, "loss": 0.5083380699157715, "all_losses_finite": true}
[Step=1460] Wall=325.8576s | Loss=0.5206
[Profile] Avg ms/step | Load: 99.262 (Prep: 8.984, Struc: 1.266, Fetch: 89.011) | Fwd: 53.299 | Bwd: 65.308 | Opt: 0.703 | GPU_Tot: 209.588
[Autotune] {"version": 1, "step": 1460, "wall_seconds": 325.85762858000817, "seed_nodes": 5861579, "loss": 0.5205827236175538, "all_losses_finite": true}
[Step=1470] Wall=327.7836s | Loss=0.5103
[Profile] Avg ms/step | Load: 99.145 (Prep: 8.931, Struc: 1.266, Fetch: 88.949) | Fwd: 53.270 | Bwd: 65.271 | Opt: 0.703 | GPU_Tot: 209.459
[Autotune] {"version": 1, "step": 1470, "wall_seconds": 327.7836405470007, "seed_nodes": 5898450, "loss": 0.5103371620178223, "all_losses_finite": true}
[Step=1480] Wall=330.3173s | Loss=0.6774
[Profile] Avg ms/step | Load: 99.368 (Prep: 9.151, Struc: 1.266, Fetch: 88.952) | Fwd: 53.279 | Bwd: 65.281 | Opt: 0.703 | GPU_Tot: 209.480
[Autotune] {"version": 1, "step": 1480, "wall_seconds": 330.3173494870134, "seed_nodes": 5939410, "loss": 0.6773992061614991, "all_losses_finite": true}
[Step=1490] Wall=332.4718s | Loss=0.6088
[Profile] Avg ms/step | Load: 99.327 (Prep: 9.091, Struc: 1.266, Fetch: 88.970) | Fwd: 53.286 | Bwd: 65.292 | Opt: 0.703 | GPU_Tot: 209.517
[Autotune] {"version": 1, "step": 1490, "wall_seconds": 332.47178260900546, "seed_nodes": 5980370, "loss": 0.608750295639038, "all_losses_finite": true}
[Step=1500] Wall=334.6481s | Loss=0.5684
[Profile] Avg ms/step | Load: 99.299 (Prep: 9.031, Struc: 1.266, Fetch: 89.002) | Fwd: 53.294 | Bwd: 65.304 | Opt: 0.703 | GPU_Tot: 209.569
[Autotune] {"version": 1, "step": 1500, "wall_seconds": 334.64806870601024, "seed_nodes": 6021330, "loss": 0.5684360504150391, "all_losses_finite": true}
[Step=1510] Wall=336.8143s | Loss=0.5450
[Profile] Avg ms/step | Load: 99.266 (Prep: 8.973, Struc: 1.266, Fetch: 89.027) | Fwd: 53.301 | Bwd: 65.314 | Opt: 0.703 | GPU_Tot: 209.612
[Autotune] {"version": 1, "step": 1510, "wall_seconds": 336.8142764580116, "seed_nodes": 6062290, "loss": 0.5450320720672608, "all_losses_finite": true}
[Step=1520] Wall=339.1323s | Loss=0.4984
[Profile] Avg ms/step | Load: 99.414 (Prep: 9.188, Struc: 1.266, Fetch: 88.960) | Fwd: 53.274 | Bwd: 65.283 | Opt: 0.703 | GPU_Tot: 209.486
[Autotune] {"version": 1, "step": 1520, "wall_seconds": 339.13230146501155, "seed_nodes": 6099161, "loss": 0.4984448432922363, "all_losses_finite": true}
[Step=1530] Wall=341.2650s | Loss=0.5449
[Profile] Avg ms/step | Load: 99.357 (Prep: 9.129, Struc: 1.266, Fetch: 88.963) | Fwd: 53.281 | Bwd: 65.294 | Opt: 0.703 | GPU_Tot: 209.507
[Autotune] {"version": 1, "step": 1530, "wall_seconds": 341.264959402004, "seed_nodes": 6140121, "loss": 0.5449116230010986, "all_losses_finite": true}
[Step=1540] Wall=343.3930s | Loss=0.5324
[Profile] Avg ms/step | Load: 99.299 (Prep: 9.071, Struc: 1.266, Fetch: 88.962) | Fwd: 53.289 | Bwd: 65.304 | Opt: 0.704 | GPU_Tot: 209.525
[Autotune] {"version": 1, "step": 1540, "wall_seconds": 343.3929703590111, "seed_nodes": 6181081, "loss": 0.5323722839355469, "all_losses_finite": true}
[Step=1550] Wall=345.5673s | Loss=0.5324
[Profile] Avg ms/step | Load: 99.274 (Prep: 9.014, Struc: 1.266, Fetch: 88.995) | Fwd: 53.296 | Bwd: 65.313 | Opt: 0.704 | GPU_Tot: 209.573
[Autotune] {"version": 1, "step": 1550, "wall_seconds": 345.56728625101096, "seed_nodes": 6222041, "loss": 0.5324196338653564, "all_losses_finite": true}
[Step=1560] Wall=347.7511s | Loss=0.5126
[Profile] Avg ms/step | Load: 99.259 (Prep: 8.957, Struc: 1.266, Fetch: 89.036) | Fwd: 53.302 | Bwd: 65.320 | Opt: 0.704 | GPU_Tot: 209.627
[Autotune] {"version": 1, "step": 1560, "wall_seconds": 347.75114077200124, "seed_nodes": 6263001, "loss": 0.5126433849334717, "all_losses_finite": true}
[Step=1570] Wall=350.0998s | Loss=0.5580
[Profile] Avg ms/step | Load: 99.425 (Prep: 9.182, Struc: 1.266, Fetch: 88.978) | Fwd: 53.274 | Bwd: 65.286 | Opt: 0.703 | GPU_Tot: 209.507
[Autotune] {"version": 1, "step": 1570, "wall_seconds": 350.09979015000863, "seed_nodes": 6299872, "loss": 0.5579530715942382, "all_losses_finite": true}
[Step=1580] Wall=352.2481s | Loss=0.5344
[Profile] Avg ms/step | Load: 99.380 (Prep: 9.125, Struc: 1.266, Fetch: 88.989) | Fwd: 53.282 | Bwd: 65.298 | Opt: 0.703 | GPU_Tot: 209.538
[Autotune] {"version": 1, "step": 1580, "wall_seconds": 352.2480852959998, "seed_nodes": 6340832, "loss": 0.5343881130218506, "all_losses_finite": true}
[Step=1590] Wall=354.4338s | Loss=0.5134
[Profile] Avg ms/step | Load: 99.361 (Prep: 9.069, Struc: 1.266, Fetch: 89.026) | Fwd: 53.289 | Bwd: 65.307 | Opt: 0.704 | GPU_Tot: 209.592
[Autotune] {"version": 1, "step": 1590, "wall_seconds": 354.4338440730062, "seed_nodes": 6381792, "loss": 0.513398265838623, "all_losses_finite": true}
[Step=1600] Wall=356.6190s | Loss=0.5154
[Profile] Avg ms/step | Load: 99.349 (Prep: 9.013, Struc: 1.266, Fetch: 89.069) | Fwd: 53.295 | Bwd: 65.312 | Opt: 0.704 | GPU_Tot: 209.646
[Autotune] {"version": 1, "step": 1600, "wall_seconds": 356.6190334050043, "seed_nodes": 6422752, "loss": 0.5153508186340332, "all_losses_finite": true}
[Step=1610] Wall=358.7974s | Loss=0.5120
[Profile] Avg ms/step | Load: 99.326 (Prep: 8.958, Struc: 1.266, Fetch: 89.101) | Fwd: 53.301 | Bwd: 65.322 | Opt: 0.704 | GPU_Tot: 209.694
[Autotune] {"version": 1, "step": 1610, "wall_seconds": 358.79740123200463, "seed_nodes": 6463712, "loss": 0.5120116233825683, "all_losses_finite": true}
[Step=1620] Wall=361.1466s | Loss=0.5594
[Profile] Avg ms/step | Load: 99.488 (Prep: 9.177, Struc: 1.266, Fetch: 89.045) | Fwd: 53.275 | Bwd: 65.288 | Opt: 0.703 | GPU_Tot: 209.577
[Autotune] {"version": 1, "step": 1620, "wall_seconds": 361.1466492830077, "seed_nodes": 6500583, "loss": 0.5594173431396484, "all_losses_finite": true}
[Step=1630] Wall=363.2953s | Loss=0.6251
[Profile] Avg ms/step | Load: 99.447 (Prep: 9.122, Struc: 1.266, Fetch: 89.059) | Fwd: 53.281 | Bwd: 65.297 | Opt: 0.703 | GPU_Tot: 209.606
[Autotune] {"version": 1, "step": 1630, "wall_seconds": 363.29531307300203, "seed_nodes": 6541543, "loss": 0.62510986328125, "all_losses_finite": true}
[Step=1640] Wall=365.4429s | Loss=0.5665
[Profile] Avg ms/step | Load: 99.406 (Prep: 9.068, Struc: 1.266, Fetch: 89.072) | Fwd: 53.288 | Bwd: 65.305 | Opt: 0.703 | GPU_Tot: 209.635
[Autotune] {"version": 1, "step": 1640, "wall_seconds": 365.44285105400195, "seed_nodes": 6582503, "loss": 0.5664566993713379, "all_losses_finite": true}
------------------------------------------------------------
Training Completed. Total Steps: 1640 (Active: 1600)
Avg Breakdown (ms): Load=99.406 [Prep:9.068, Struc:1.266, Fetch:89.072], Fwd=53.288, Bwd=65.305, Opt=0.703
------------------------------------------------------------
