2026-09-18 13:37:31,982 INFO:   Current Working Directory: $REPO_ROOT
2026-09-18 13:37:31,982 INFO:   Running command: $REPO_ROOT/src/cerebras/modelzoo/cli/main.py fit $REPO_ROOT/model_dirs/non_gnn/campaign_csx_20260918_133713_5bbf7dfa/llama3p2_1b_msl1024/params.yaml --target_device CSX --model_dir $REPO_ROOT/model_dirs/non_gnn/campaign_csx_20260918_133713_5bbf7dfa/llama3p2_1b_msl1024
$REPO_ROOT/src/cerebras/modelzoo/config/utils.py:175: UserWarning: Pydantic serializer warnings:
  PydanticSerializationUnexpectedValue(Defaulting to left to right union serialization - failed to get discriminator value for tagged union serialization [input_value=GptHDF5MapDataProcessor(c...size=None, repeat=None)), input_type=GptHDF5MapDataProcessor])
  serialized = handler(self)
$REPO_ROOT/src/cerebras/modelzoo/trainer/validate.py:549: UserWarning: Pydantic serializer warnings:
  PydanticSerializationUnexpectedValue(Defaulting to left to right union serialization - failed to get discriminator value for tagged union serialization [input_value=GptHDF5MapDataProcessor(c...size=None, repeat=None)), input_type=GptHDF5MapDataProcessor])
  serialized = handler(self)
2026-09-18 13:37:33,017 INFO:   Connectivity check: running command: ping -c 1 -W 3 10.125.8.2
2026-09-18 13:37:33,022 INFO:   Connectivity check succeeded.
2026-09-18 13:37:33,041 INFO:   Appliance client semantic version: 1.14.0, cluster server semantic version: 1.20.2, job operator semantic version: 1.20.2
2026-09-18 13:37:33,044 INFO:   Successfully initialized workflow with id: wflow-uaajvntfoj6qtcp2fhmryi
2026-09-18 13:37:33,044 INFO:   No checkpoint was provided. Using randomly initialized model parameters.
2026-09-18 13:37:33,053 INFO:   ===========================================================================
2026-09-18 13:37:33,053 INFO:   Trainer Fit Summary
2026-09-18 13:37:33,053 INFO:   ---------------------------------------------------------------------------
2026-09-18 13:37:33,053 INFO:   Trainer will run 1 train loop.
2026-09-18 13:37:33,053 INFO:   
2026-09-18 13:37:33,053 INFO:   Train steps per train loop:
2026-09-18 13:37:33,053 INFO:   * 1 loop of 200 steps
2026-09-18 13:37:33,053 INFO:   for a total of 200 train steps.
2026-09-18 13:37:33,053 INFO:   
2026-09-18 13:37:33,053 INFO:   Progress will be logged every step.
2026-09-18 13:37:33,053 INFO:   ===========================================================================
2026-09-18 13:37:33,053 INFO:   ---------------------------------------------------------------------------
2026-09-18 13:37:33,053 INFO:   Starting train loop 1 of 1, from global step 1 to 200 (200 steps)
2026-09-18 13:37:33,053 INFO:   ---------------------------------------------------------------------------
2026-09-18 13:37:43,345 INFO:   Compiling the model. This may take a few minutes.
2026-09-18 13:37:43,346 INFO:   Connectivity check: running command: ping -c 1 -W 3 10.125.8.2
2026-09-18 13:37:43,351 INFO:   Connectivity check succeeded.
2026-09-18 13:37:43,368 INFO:   Appliance client semantic version: 1.14.0, cluster server semantic version: 1.20.2, job operator semantic version: 1.20.2
2026-09-18 13:37:44,575 INFO:   Initiating a new image build job against the cluster server.
2026-09-18 13:37:44,593 INFO:   Job id: imgjob-2517af973879c5fa6a0b067b391e84b4, workflow id: wflow-uaajvntfoj6qtcp2fhmryi, namespace: job-operator, remote log path: /n1/wsjob/workdir/job-operator/imgjob-2517af973879c5fa6a0b067b391e84b4
2026-09-18 13:37:44,597 INFO:   Connectivity check: running command: ping -c 1 -W 3 10.125.8.2
2026-09-18 13:37:44,602 INFO:   Connectivity check succeeded.
2026-09-18 13:37:44,618 INFO:   Appliance client semantic version: 1.14.0, cluster server semantic version: 1.20.2, job operator semantic version: 1.20.2
2026-09-18 13:37:44,639 INFO:   Initiating a new compile wsjob against the cluster server.
2026-09-18 13:37:44,667 INFO:   Job id: wsjob-h7mcaiceavl3rp59q8tucw, workflow id: wflow-uaajvntfoj6qtcp2fhmryi, namespace: job-operator, remote log path: /n1/wsjob/workdir/job-operator/wsjob-h7mcaiceavl3rp59q8tucw
2026-09-18 13:38:04,668 INFO:   Poll ingress status: Waiting for job to be scheduled, current job status: Queueing, msg: job queueing to be scheduled. Job queue status: 6 compile job(s) queued before current job. For more information, please run 'csctl get job wsjob-h7mcaiceavl3rp59q8tucw --pending-status'.
2026-09-18 13:46:34,672 INFO:   Poll ingress status: Waiting for job to be scheduled, current job status: Queueing, msg: job queueing to be scheduled. Job queue status: 5 compile job(s) queued before current job. For more information, please run 'csctl get job wsjob-h7mcaiceavl3rp59q8tucw --pending-status'.
2026-09-18 13:56:34,677 INFO:   Poll ingress status: Waiting for job to be scheduled, current job status: Queueing, msg: job queueing to be scheduled. Job queue status: 5 compile job(s) queued before current job. For more information, please run 'csctl get job wsjob-h7mcaiceavl3rp59q8tucw --pending-status'.
2026-09-18 14:06:34,682 INFO:   Poll ingress status: Waiting for job to be scheduled, current job status: Queueing, msg: job queueing to be scheduled. Job queue status: 5 compile job(s) queued before current job. For more information, please run 'csctl get job wsjob-h7mcaiceavl3rp59q8tucw --pending-status'.
2026-09-18 14:13:44,686 INFO:   Poll ingress status: Waiting for job to be scheduled, current job status: Queueing, msg: job queueing to be scheduled. Job queue status: 3 compile job(s) queued before current job. For more information, please run 'csctl get job wsjob-h7mcaiceavl3rp59q8tucw --pending-status'.
2026-09-18 14:14:34,687 INFO:   Poll ingress status: Waiting for job to be scheduled, current job status: Queueing, msg: job queueing to be scheduled. Job queue status: 4 compile job(s) queued before current job. For more information, please run 'csctl get job wsjob-h7mcaiceavl3rp59q8tucw --pending-status'.
2026-09-18 14:14:44,687 INFO:   Poll ingress status: Waiting for job to be scheduled, current job status: Queueing, msg: job queueing to be scheduled. Job queue status: 3 compile job(s) queued before current job. For more information, please run 'csctl get job wsjob-h7mcaiceavl3rp59q8tucw --pending-status'.
2026-09-18 14:15:34,688 INFO:   Poll ingress status: Waiting for job to be scheduled, current job status: Queueing, msg: job queueing to be scheduled. Job queue status: 5 compile job(s) queued before current job. For more information, please run 'csctl get job wsjob-h7mcaiceavl3rp59q8tucw --pending-status'.
2026-09-18 14:15:44,688 INFO:   Poll ingress status: Waiting for all Coordinator pods to be running, current running: 0/1.
2026-09-18 14:15:44,691 INFO:   Recording the timestamp when jobs is scheduled.
2026-09-18 14:15:44,709 WARNING:   Event 2026-09-18 14:15:26 +0000 UTC reason=InconsistentVersion wsjob=wsjob-h7mcaiceavl3rp59q8tucw message='Warning: client semantic version 1.14.0 is inconsistent with cluster server semantic version 1.20.2, there's a risk job could fail due to inconsistent setup.'
2026-09-18 14:15:54,709 INFO:   Poll ingress status: Waiting for job ingress readiness.
2026-09-18 14:16:04,718 INFO:   Poll ingress status: Job ingress ready, dashboard: <internal-dashboard-url>
2026-09-18 14:16:04,727 INFO:   Poll ingress success: Job ingress ready, dashboard: <internal-dashboard-url>
2026-09-18 14:16:04,737 INFO:   Finalizing out-of-cluster job handle with ingress service url: 
2026-09-18 14:16:04,737 WARNING:   Empty ingress service url. Falling back to default server: 10.125.8.2:443
2026-09-18 14:16:05,089 INFO:   Found existing cached compile with hash: "cs_14690525198644845668"
2026-09-18 14:16:07,778 INFO:   Using power profile none

2026-09-18 14:16:07,796 INFO:   Compile artifacts successfully written to remote compile directory. Compile hash is: cs_14690525198644845668
2026-09-18 14:16:14,916 ERROR:   Image build job imgjob-2517af973879c5fa6a0b067b391e84b4 failed. Please check the error log in $REPO_ROOT/model_dirs/non_gnn/campaign_csx_20260918_133713_5bbf7dfa/llama3p2_1b_msl1024/cerebras_logs/20260918_133731/executors/000001/custom_worker_build.out. 
2026-09-18 14:16:14,916 INFO:   Falling back to venv mounting.
2026-09-18 14:16:14,918 INFO:   Compile was successful!
2026-09-18 14:16:14,918 INFO:   Programming Cerebras Wafer Scale Cluster for execution. This may take a few minutes.
2026-09-18 14:16:16,927 INFO:   Connectivity check: running command: ping -c 1 -W 3 10.125.8.2
2026-09-18 14:16:16,932 INFO:   Connectivity check succeeded.
2026-09-18 14:16:16,946 INFO:   Appliance client semantic version: 1.14.0, cluster server semantic version: 1.20.2, job operator semantic version: 1.20.2
2026-09-18 14:16:16,948 INFO:   Initiating a new execute wsjob against the cluster server.
2026-09-18 14:16:16,985 INFO:   Job id: wsjob-dms5aspsnntcmkkvjrzcpu, workflow id: wflow-uaajvntfoj6qtcp2fhmryi, namespace: job-operator, remote log path: /n1/wsjob/workdir/job-operator/wsjob-dms5aspsnntcmkkvjrzcpu
2026-09-18 14:16:36,986 INFO:   Poll ingress status: Waiting for job to be scheduled, current job status: Queueing, msg: job queueing to be scheduled. Job queue status: 5 execute job(s) queued before current job. For more information, please run 'csctl get job wsjob-dms5aspsnntcmkkvjrzcpu --pending-status'.
2026-09-18 14:17:36,986 INFO:   Poll ingress status: Waiting for job to be scheduled, current job status: Queueing, msg: job queueing to be scheduled. Job queue status: 4 execute job(s) queued before current job. For more information, please run 'csctl get job wsjob-dms5aspsnntcmkkvjrzcpu --pending-status'.
2026-09-18 14:21:26,988 INFO:   Poll ingress status: Waiting for job to be scheduled, current job status: Queueing, msg: job queueing to be scheduled. Job queue status: 3 execute job(s) queued before current job. For more information, please run 'csctl get job wsjob-dms5aspsnntcmkkvjrzcpu --pending-status'.
2026-09-18 14:31:26,993 INFO:   Poll ingress status: Waiting for job to be scheduled, current job status: Queueing, msg: job queueing to be scheduled. Job queue status: 3 execute job(s) queued before current job. For more information, please run 'csctl get job wsjob-dms5aspsnntcmkkvjrzcpu --pending-status'.
2026-09-18 14:37:46,997 INFO:   Poll ingress status: Waiting for job to be scheduled, current job status: Queueing, msg: job queueing to be scheduled. Job queue status: 2 execute job(s) queued before current job. For more information, please run 'csctl get job wsjob-dms5aspsnntcmkkvjrzcpu --pending-status'.
2026-09-18 14:43:07,000 INFO:   Poll ingress status: Waiting for job to be scheduled, current job status: Queueing, msg: job queueing to be scheduled. Job queue status: 1 execute job(s) queued before current job. For more information, please run 'csctl get job wsjob-dms5aspsnntcmkkvjrzcpu --pending-status'.
2026-09-18 14:46:57,002 INFO:   Poll ingress status: Waiting for job to be scheduled, current job status: Queueing, msg: job queueing to be scheduled. Job queue status: current job is top of queue but likely blocked by running/reserved jobs, 1 execute job(s) running/reserved using 1 system(s) and 1 nodegroup(s)[1 pop and 0 depop], 2 compile job(s) running/reserved using 160Gi memory. For more information, please run 'csctl get job wsjob-dms5aspsnntcmkkvjrzcpu --pending-status'.
2026-09-18 14:50:17,004 INFO:   Poll ingress status: Waiting for job to be scheduled, current job status: Queueing, msg: job queueing to be scheduled. Job queue status: current job is top of queue but likely blocked by running/reserved jobs, 1 execute job(s) running/reserved using 0 system(s) and 0 nodegroup(s)[0 pop and 0 depop], 2 compile job(s) running/reserved using 160Gi memory. For more information, please run 'csctl get job wsjob-dms5aspsnntcmkkvjrzcpu --pending-status'.
2026-09-18 14:50:27,005 INFO:   Poll ingress status: Waiting for all Chief pods to be running, current running: 0/1.
2026-09-18 14:50:27,007 INFO:   Recording the timestamp when jobs is scheduled.
2026-09-18 14:50:27,046 WARNING:   Event 2026-09-18 14:50:07 +0000 UTC reason=InconsistentVersion wsjob=wsjob-dms5aspsnntcmkkvjrzcpu message='Warning: client semantic version 1.14.0 is inconsistent with cluster server semantic version 1.20.2, there's a risk job could fail due to inconsistent setup.'
2026-09-18 14:50:27,047 INFO:   Infrastructure setup completed successfully for job wsjob-dms5aspsnntcmkkvjrzcpu
2026-09-18 14:50:37,047 INFO:   Poll ingress status: Waiting for all Activation pods to be running, current running: 0/4.
2026-09-18 14:50:37,080 INFO:   Infrastructure setup completed successfully for job wsjob-dms5aspsnntcmkkvjrzcpu
2026-09-18 14:50:47,080 INFO:   Poll ingress status: Waiting for job ingress readiness.
2026-09-18 14:50:47,110 INFO:   Infrastructure setup completed successfully for job wsjob-dms5aspsnntcmkkvjrzcpu
2026-09-18 14:50:57,110 INFO:   Infrastructure setup completed successfully for job wsjob-dms5aspsnntcmkkvjrzcpu
2026-09-18 14:51:07,110 INFO:   Poll ingress status: Job ingress ready, dashboard: <internal-dashboard-url>
2026-09-18 14:51:07,139 INFO:   Infrastructure setup completed successfully for job wsjob-dms5aspsnntcmkkvjrzcpu
2026-09-18 14:51:07,139 INFO:   Poll ingress success: Job ingress ready, dashboard: <internal-dashboard-url>
2026-09-18 14:51:07,154 INFO:   Finalizing out-of-cluster job handle with ingress service url: 
2026-09-18 14:51:07,154 WARNING:   Empty ingress service url. Falling back to default server: 10.125.8.2:443
2026-09-18 14:51:07,232 INFO:   Preparing to execute using 1 CSX
2026-09-18 14:51:49,501 INFO:   About to send initial weights
2026-09-18 14:51:55,878 INFO:   Finished sending initial weights
2026-09-18 14:51:55,878 INFO:   Finalizing appliance staging for the run
2026-09-18 14:51:57,839 INFO:   Waiting for device programming to complete
2026-09-18 14:52:34,100 INFO:   Device programming is complete
2026-09-18 14:52:34,630 INFO:   Using network type: ROCE
2026-09-18 14:52:34,631 INFO:   Waiting for input workers to prime the data pipeline and begin streaming ...
2026-09-18 14:52:34,639 INFO:   Input workers have begun streaming input data
2026-09-18 14:52:34,822 INFO:   Appliance staging is complete
2026-09-18 14:52:34,822 INFO:   Beginning appliance run
2026-09-18 14:52:35,480 INFO:   | Train Device=CSX, Step=1, Loss=12.06967, Rate=0.00711 samples/sec, GlobalRate=0.00711 samples/sec, LoopTimeRemaining=0:02:08, TimeRemaining=0:02:08
2026-09-18 14:52:35,730 INFO:   | Train Device=CSX, Step=2, Loss=10.52488, Rate=77.00 samples/sec, GlobalRate=0.0142 samples/sec, LoopTimeRemaining=0:01:28, TimeRemaining=0:01:28
2026-09-18 14:52:35,992 INFO:   | Train Device=CSX, Step=3, Loss=11.29507, Rate=104.15 samples/sec, GlobalRate=0.0213 samples/sec, LoopTimeRemaining=0:00:52, TimeRemaining=0:00:52
2026-09-18 14:52:36,260 INFO:   | Train Device=CSX, Step=4, Loss=10.19029, Rate=113.16 samples/sec, GlobalRate=0.0284 samples/sec, LoopTimeRemaining=0:00:52, TimeRemaining=0:00:52
2026-09-18 14:52:36,527 INFO:   | Train Device=CSX, Step=5, Loss=10.24016, Rate=117.19 samples/sec, GlobalRate=0.0355 samples/sec, LoopTimeRemaining=0:00:52, TimeRemaining=0:00:52
2026-09-18 14:52:36,809 INFO:   | Train Device=CSX, Step=6, Loss=9.98466, Rate=115.05 samples/sec, GlobalRate=0.0426 samples/sec, LoopTimeRemaining=0:00:52, TimeRemaining=0:00:52
2026-09-18 14:52:37,074 INFO:   | Train Device=CSX, Step=7, Loss=9.37647, Rate=118.26 samples/sec, GlobalRate=0.0497 samples/sec, LoopTimeRemaining=0:00:52, TimeRemaining=0:00:52
2026-09-18 14:52:37,342 INFO:   | Train Device=CSX, Step=8, Loss=8.85471, Rate=119.10 samples/sec, GlobalRate=0.0568 samples/sec, LoopTimeRemaining=0:00:51, TimeRemaining=0:00:51
2026-09-18 14:52:37,603 INFO:   | Train Device=CSX, Step=9, Loss=8.43506, Rate=121.05 samples/sec, GlobalRate=0.0639 samples/sec, LoopTimeRemaining=0:00:51, TimeRemaining=0:00:51
2026-09-18 14:52:37,872 INFO:   | Train Device=CSX, Step=10, Loss=8.18677, Rate=119.79 samples/sec, GlobalRate=0.071 samples/sec, LoopTimeRemaining=0:00:51, TimeRemaining=0:00:51
2026-09-18 14:52:38,131 INFO:   | Train Device=CSX, Step=11, Loss=8.18320, Rate=122.12 samples/sec, GlobalRate=0.0781 samples/sec, LoopTimeRemaining=0:00:50, TimeRemaining=0:00:50
2026-09-18 14:52:38,409 INFO:   | Train Device=CSX, Step=12, Loss=8.06921, Rate=118.01 samples/sec, GlobalRate=0.0852 samples/sec, LoopTimeRemaining=0:00:50, TimeRemaining=0:00:50
2026-09-18 14:52:38,670 INFO:   | Train Device=CSX, Step=13, Loss=7.89339, Rate=120.75 samples/sec, GlobalRate=0.0923 samples/sec, LoopTimeRemaining=0:00:50, TimeRemaining=0:00:50
2026-09-18 14:52:38,937 INFO:   | Train Device=CSX, Step=14, Loss=7.68094, Rate=120.06 samples/sec, GlobalRate=0.0994 samples/sec, LoopTimeRemaining=0:00:50, TimeRemaining=0:00:50
2026-09-18 14:52:39,203 INFO:   | Train Device=CSX, Step=15, Loss=7.69439, Rate=120.37 samples/sec, GlobalRate=0.107 samples/sec, LoopTimeRemaining=0:00:49, TimeRemaining=0:00:49
2026-09-18 14:52:39,479 INFO:   | Train Device=CSX, Step=16, Loss=7.69613, Rate=117.63 samples/sec, GlobalRate=0.114 samples/sec, LoopTimeRemaining=0:00:49, TimeRemaining=0:00:49
2026-09-18 14:52:39,734 INFO:   | Train Device=CSX, Step=17, Loss=7.61627, Rate=122.28 samples/sec, GlobalRate=0.121 samples/sec, LoopTimeRemaining=0:00:49, TimeRemaining=0:00:49
2026-09-18 14:52:39,999 INFO:   | Train Device=CSX, Step=18, Loss=7.57349, Rate=121.41 samples/sec, GlobalRate=0.128 samples/sec, LoopTimeRemaining=0:00:48, TimeRemaining=0:00:48
2026-09-18 14:52:40,268 INFO:   | Train Device=CSX, Step=19, Loss=7.63831, Rate=119.95 samples/sec, GlobalRate=0.135 samples/sec, LoopTimeRemaining=0:00:48, TimeRemaining=0:00:48
2026-09-18 14:52:40,538 INFO:   | Train Device=CSX, Step=20, Loss=7.48335, Rate=119.11 samples/sec, GlobalRate=0.142 samples/sec, LoopTimeRemaining=0:00:48, TimeRemaining=0:00:48
2026-09-18 14:52:40,806 INFO:   | Train Device=CSX, Step=21, Loss=7.56619, Rate=119.24 samples/sec, GlobalRate=0.149 samples/sec, LoopTimeRemaining=0:00:48, TimeRemaining=0:00:48
2026-09-18 14:52:41,072 INFO:   | Train Device=CSX, Step=22, Loss=7.45448, Rate=120.04 samples/sec, GlobalRate=0.156 samples/sec, LoopTimeRemaining=0:00:48, TimeRemaining=0:00:48
2026-09-18 14:52:41,344 INFO:   | Train Device=CSX, Step=23, Loss=7.52695, Rate=118.62 samples/sec, GlobalRate=0.163 samples/sec, LoopTimeRemaining=0:00:47, TimeRemaining=0:00:47
2026-09-18 14:52:41,617 INFO:   | Train Device=CSX, Step=24, Loss=7.51812, Rate=117.61 samples/sec, GlobalRate=0.17 samples/sec, LoopTimeRemaining=0:00:47, TimeRemaining=0:00:47
2026-09-18 14:52:41,887 INFO:   | Train Device=CSX, Step=25, Loss=7.53144, Rate=118.30 samples/sec, GlobalRate=0.177 samples/sec, LoopTimeRemaining=0:00:47, TimeRemaining=0:00:47
2026-09-18 14:52:42,179 INFO:   | Train Device=CSX, Step=26, Loss=7.56974, Rate=115.52 samples/sec, GlobalRate=0.185 samples/sec, LoopTimeRemaining=0:00:47, TimeRemaining=0:00:47
2026-09-18 14:52:42,437 INFO:   | Train Device=CSX, Step=27, Loss=7.51708, Rate=117.69 samples/sec, GlobalRate=0.192 samples/sec, LoopTimeRemaining=0:00:46, TimeRemaining=0:00:46
2026-09-18 14:52:42,692 INFO:   | Train Device=CSX, Step=28, Loss=7.51889, Rate=122.43 samples/sec, GlobalRate=0.199 samples/sec, LoopTimeRemaining=0:00:46, TimeRemaining=0:00:46
2026-09-18 14:52:42,935 INFO:   | Train Device=CSX, Step=29, Loss=7.51338, Rate=127.94 samples/sec, GlobalRate=0.206 samples/sec, LoopTimeRemaining=0:00:46, TimeRemaining=0:00:46
2026-09-18 14:52:43,214 INFO:   | Train Device=CSX, Step=30, Loss=7.43966, Rate=119.84 samples/sec, GlobalRate=0.213 samples/sec, LoopTimeRemaining=0:00:46, TimeRemaining=0:00:46
2026-09-18 14:52:43,468 INFO:   | Train Device=CSX, Step=31, Loss=7.48600, Rate=123.74 samples/sec, GlobalRate=0.22 samples/sec, LoopTimeRemaining=0:00:45, TimeRemaining=0:00:45
2026-09-18 14:52:43,739 INFO:   | Train Device=CSX, Step=32, Loss=7.42321, Rate=120.32 samples/sec, GlobalRate=0.227 samples/sec, LoopTimeRemaining=0:00:45, TimeRemaining=0:00:45
2026-09-18 14:52:43,996 INFO:   | Train Device=CSX, Step=33, Loss=7.49035, Rate=122.76 samples/sec, GlobalRate=0.234 samples/sec, LoopTimeRemaining=0:00:45, TimeRemaining=0:00:45
2026-09-18 14:52:44,256 INFO:   | Train Device=CSX, Step=34, Loss=7.40139, Rate=122.85 samples/sec, GlobalRate=0.241 samples/sec, LoopTimeRemaining=0:00:44, TimeRemaining=0:00:44
2026-09-18 14:52:44,518 INFO:   | Train Device=CSX, Step=35, Loss=7.48897, Rate=122.61 samples/sec, GlobalRate=0.248 samples/sec, LoopTimeRemaining=0:00:44, TimeRemaining=0:00:44
2026-09-18 14:52:44,766 INFO:   | Train Device=CSX, Step=36, Loss=7.35783, Rate=126.40 samples/sec, GlobalRate=0.255 samples/sec, LoopTimeRemaining=0:00:44, TimeRemaining=0:00:44
2026-09-18 14:52:45,018 INFO:   | Train Device=CSX, Step=37, Loss=7.39918, Rate=126.61 samples/sec, GlobalRate=0.262 samples/sec, LoopTimeRemaining=0:00:44, TimeRemaining=0:00:44
2026-09-18 14:52:45,281 INFO:   | Train Device=CSX, Step=38, Loss=7.41876, Rate=123.71 samples/sec, GlobalRate=0.27 samples/sec, LoopTimeRemaining=0:00:43, TimeRemaining=0:00:43
2026-09-18 14:52:45,535 INFO:   | Train Device=CSX, Step=39, Loss=7.31488, Rate=125.21 samples/sec, GlobalRate=0.277 samples/sec, LoopTimeRemaining=0:00:43, TimeRemaining=0:00:43
2026-09-18 14:52:45,797 INFO:   | Train Device=CSX, Step=40, Loss=7.39207, Rate=123.32 samples/sec, GlobalRate=0.284 samples/sec, LoopTimeRemaining=0:00:42, TimeRemaining=0:00:42
2026-09-18 14:52:46,054 INFO:   | Train Device=CSX, Step=41, Loss=7.27891, Rate=123.96 samples/sec, GlobalRate=0.291 samples/sec, LoopTimeRemaining=0:00:42, TimeRemaining=0:00:42
2026-09-18 14:52:46,343 INFO:   | Train Device=CSX, Step=42, Loss=7.19508, Rate=116.04 samples/sec, GlobalRate=0.298 samples/sec, LoopTimeRemaining=0:00:42, TimeRemaining=0:00:42
2026-09-18 14:52:46,599 INFO:   | Train Device=CSX, Step=43, Loss=7.19004, Rate=121.58 samples/sec, GlobalRate=0.305 samples/sec, LoopTimeRemaining=0:00:42, TimeRemaining=0:00:42
2026-09-18 14:52:46,861 INFO:   | Train Device=CSX, Step=44, Loss=7.15558, Rate=121.85 samples/sec, GlobalRate=0.312 samples/sec, LoopTimeRemaining=0:00:41, TimeRemaining=0:00:41
2026-09-18 14:52:47,128 INFO:   | Train Device=CSX, Step=45, Loss=7.11705, Rate=120.50 samples/sec, GlobalRate=0.319 samples/sec, LoopTimeRemaining=0:00:41, TimeRemaining=0:00:41
2026-09-18 14:52:47,412 INFO:   | Train Device=CSX, Step=46, Loss=7.08320, Rate=115.95 samples/sec, GlobalRate=0.326 samples/sec, LoopTimeRemaining=0:00:41, TimeRemaining=0:00:41
2026-09-18 14:52:47,665 INFO:   | Train Device=CSX, Step=47, Loss=7.10570, Rate=122.20 samples/sec, GlobalRate=0.333 samples/sec, LoopTimeRemaining=0:00:41, TimeRemaining=0:00:41
2026-09-18 14:52:47,932 INFO:   | Train Device=CSX, Step=48, Loss=7.02651, Rate=120.87 samples/sec, GlobalRate=0.34 samples/sec, LoopTimeRemaining=0:00:40, TimeRemaining=0:00:40
2026-09-18 14:52:48,198 INFO:   | Train Device=CSX, Step=49, Loss=6.98311, Rate=120.56 samples/sec, GlobalRate=0.347 samples/sec, LoopTimeRemaining=0:00:40, TimeRemaining=0:00:40
2026-09-18 14:52:48,489 INFO:   | Train Device=CSX, Step=50, Loss=7.02163, Rate=114.11 samples/sec, GlobalRate=0.354 samples/sec, LoopTimeRemaining=0:00:40, TimeRemaining=0:00:40
2026-09-18 14:52:48,732 INFO:   | Train Device=CSX, Step=51, Loss=6.97522, Rate=124.60 samples/sec, GlobalRate=0.361 samples/sec, LoopTimeRemaining=0:00:40, TimeRemaining=0:00:40
2026-09-18 14:52:49,008 INFO:   | Train Device=CSX, Step=52, Loss=6.89145, Rate=119.32 samples/sec, GlobalRate=0.368 samples/sec, LoopTimeRemaining=0:00:39, TimeRemaining=0:00:39
2026-09-18 14:52:49,271 INFO:   | Train Device=CSX, Step=53, Loss=6.94035, Rate=120.75 samples/sec, GlobalRate=0.376 samples/sec, LoopTimeRemaining=0:00:39, TimeRemaining=0:00:39
2026-09-18 14:52:49,548 INFO:   | Train Device=CSX, Step=54, Loss=6.99422, Rate=117.70 samples/sec, GlobalRate=0.383 samples/sec, LoopTimeRemaining=0:00:39, TimeRemaining=0:00:39
2026-09-18 14:52:49,819 INFO:   | Train Device=CSX, Step=55, Loss=6.96096, Rate=117.98 samples/sec, GlobalRate=0.39 samples/sec, LoopTimeRemaining=0:00:39, TimeRemaining=0:00:39
2026-09-18 14:52:50,085 INFO:   | Train Device=CSX, Step=56, Loss=6.82071, Rate=119.25 samples/sec, GlobalRate=0.397 samples/sec, LoopTimeRemaining=0:00:38, TimeRemaining=0:00:38
2026-09-18 14:52:50,361 INFO:   | Train Device=CSX, Step=57, Loss=6.89006, Rate=117.38 samples/sec, GlobalRate=0.404 samples/sec, LoopTimeRemaining=0:00:38, TimeRemaining=0:00:38
2026-09-18 14:52:50,617 INFO:   | Train Device=CSX, Step=58, Loss=6.98496, Rate=121.95 samples/sec, GlobalRate=0.411 samples/sec, LoopTimeRemaining=0:00:38, TimeRemaining=0:00:38
2026-09-18 14:52:50,887 INFO:   | Train Device=CSX, Step=59, Loss=6.89083, Rate=119.75 samples/sec, GlobalRate=0.418 samples/sec, LoopTimeRemaining=0:00:38, TimeRemaining=0:00:38
2026-09-18 14:52:51,165 INFO:   | Train Device=CSX, Step=60, Loss=6.82983, Rate=117.08 samples/sec, GlobalRate=0.425 samples/sec, LoopTimeRemaining=0:00:37, TimeRemaining=0:00:37
2026-09-18 14:52:51,413 INFO:   | Train Device=CSX, Step=61, Loss=6.76909, Rate=124.22 samples/sec, GlobalRate=0.432 samples/sec, LoopTimeRemaining=0:00:37, TimeRemaining=0:00:37
2026-09-18 14:52:51,681 INFO:   | Train Device=CSX, Step=62, Loss=6.73999, Rate=121.45 samples/sec, GlobalRate=0.439 samples/sec, LoopTimeRemaining=0:00:37, TimeRemaining=0:00:37
2026-09-18 14:52:51,954 INFO:   | Train Device=CSX, Step=63, Loss=6.77543, Rate=118.76 samples/sec, GlobalRate=0.446 samples/sec, LoopTimeRemaining=0:00:37, TimeRemaining=0:00:37
2026-09-18 14:52:52,229 INFO:   | Train Device=CSX, Step=64, Loss=6.73284, Rate=117.38 samples/sec, GlobalRate=0.453 samples/sec, LoopTimeRemaining=0:00:36, TimeRemaining=0:00:36
2026-09-18 14:52:52,493 INFO:   | Train Device=CSX, Step=65, Loss=6.75675, Rate=119.64 samples/sec, GlobalRate=0.46 samples/sec, LoopTimeRemaining=0:00:36, TimeRemaining=0:00:36
2026-09-18 14:52:52,745 INFO:   | Train Device=CSX, Step=66, Loss=6.71087, Rate=123.98 samples/sec, GlobalRate=0.467 samples/sec, LoopTimeRemaining=0:00:36, TimeRemaining=0:00:36
2026-09-18 14:52:53,003 INFO:   | Train Device=CSX, Step=67, Loss=6.67824, Rate=124.04 samples/sec, GlobalRate=0.474 samples/sec, LoopTimeRemaining=0:00:35, TimeRemaining=0:00:35
2026-09-18 14:52:53,265 INFO:   | Train Device=CSX, Step=68, Loss=6.72701, Rate=122.94 samples/sec, GlobalRate=0.481 samples/sec, LoopTimeRemaining=0:00:35, TimeRemaining=0:00:35
2026-09-18 14:52:53,540 INFO:   | Train Device=CSX, Step=69, Loss=6.67156, Rate=119.06 samples/sec, GlobalRate=0.488 samples/sec, LoopTimeRemaining=0:00:35, TimeRemaining=0:00:35
2026-09-18 14:52:53,810 INFO:   | Train Device=CSX, Step=70, Loss=6.74085, Rate=118.62 samples/sec, GlobalRate=0.496 samples/sec, LoopTimeRemaining=0:00:35, TimeRemaining=0:00:35
2026-09-18 14:52:54,055 INFO:   | Train Device=CSX, Step=71, Loss=6.60992, Rate=125.78 samples/sec, GlobalRate=0.503 samples/sec, LoopTimeRemaining=0:00:34, TimeRemaining=0:00:34
2026-09-18 14:52:54,338 INFO:   | Train Device=CSX, Step=72, Loss=6.66746, Rate=118.29 samples/sec, GlobalRate=0.51 samples/sec, LoopTimeRemaining=0:00:34, TimeRemaining=0:00:34
2026-09-18 14:52:54,609 INFO:   | Train Device=CSX, Step=73, Loss=6.58305, Rate=118.17 samples/sec, GlobalRate=0.517 samples/sec, LoopTimeRemaining=0:00:34, TimeRemaining=0:00:34
2026-09-18 14:52:54,851 INFO:   | Train Device=CSX, Step=74, Loss=6.62640, Rate=126.43 samples/sec, GlobalRate=0.524 samples/sec, LoopTimeRemaining=0:00:34, TimeRemaining=0:00:34
2026-09-18 14:52:55,154 INFO:   | Train Device=CSX, Step=75, Loss=6.57526, Rate=114.02 samples/sec, GlobalRate=0.531 samples/sec, LoopTimeRemaining=0:00:33, TimeRemaining=0:00:33
2026-09-18 14:52:55,411 INFO:   | Train Device=CSX, Step=76, Loss=6.63651, Rate=120.15 samples/sec, GlobalRate=0.538 samples/sec, LoopTimeRemaining=0:00:33, TimeRemaining=0:00:33
2026-09-18 14:52:55,654 INFO:   | Train Device=CSX, Step=77, Loss=6.64524, Rate=127.18 samples/sec, GlobalRate=0.545 samples/sec, LoopTimeRemaining=0:00:33, TimeRemaining=0:00:33
2026-09-18 14:52:55,913 INFO:   | Train Device=CSX, Step=78, Loss=6.57814, Rate=124.91 samples/sec, GlobalRate=0.552 samples/sec, LoopTimeRemaining=0:00:32, TimeRemaining=0:00:32
2026-09-18 14:52:56,211 INFO:   | Train Device=CSX, Step=79, Loss=6.46985, Rate=114.42 samples/sec, GlobalRate=0.559 samples/sec, LoopTimeRemaining=0:00:32, TimeRemaining=0:00:32
2026-09-18 14:52:56,464 INFO:   | Train Device=CSX, Step=80, Loss=6.48790, Rate=121.71 samples/sec, GlobalRate=0.566 samples/sec, LoopTimeRemaining=0:00:32, TimeRemaining=0:00:32
2026-09-18 14:52:56,744 INFO:   | Train Device=CSX, Step=81, Loss=6.45672, Rate=117.42 samples/sec, GlobalRate=0.573 samples/sec, LoopTimeRemaining=0:00:32, TimeRemaining=0:00:32
2026-09-18 14:52:57,003 INFO:   | Train Device=CSX, Step=82, Loss=6.43371, Rate=121.10 samples/sec, GlobalRate=0.58 samples/sec, LoopTimeRemaining=0:00:31, TimeRemaining=0:00:31
2026-09-18 14:52:57,249 INFO:   | Train Device=CSX, Step=83, Loss=6.49042, Rate=126.46 samples/sec, GlobalRate=0.587 samples/sec, LoopTimeRemaining=0:00:31, TimeRemaining=0:00:31
2026-09-18 14:52:57,500 INFO:   | Train Device=CSX, Step=84, Loss=6.43739, Rate=127.02 samples/sec, GlobalRate=0.594 samples/sec, LoopTimeRemaining=0:00:31, TimeRemaining=0:00:31
2026-09-18 14:52:57,799 INFO:   | Train Device=CSX, Step=85, Loss=6.50595, Rate=120.94 samples/sec, GlobalRate=0.601 samples/sec, LoopTimeRemaining=0:00:31, TimeRemaining=0:00:31
2026-09-18 14:52:58,040 INFO:   | Train Device=CSX, Step=86, Loss=6.53636, Rate=120.54 samples/sec, GlobalRate=0.608 samples/sec, LoopTimeRemaining=0:00:30, TimeRemaining=0:00:30
2026-09-18 14:52:58,324 INFO:   | Train Device=CSX, Step=87, Loss=6.43229, Rate=115.61 samples/sec, GlobalRate=0.615 samples/sec, LoopTimeRemaining=0:00:30, TimeRemaining=0:00:30
2026-09-18 14:52:58,554 INFO:   | Train Device=CSX, Step=88, Loss=6.37147, Rate=129.85 samples/sec, GlobalRate=0.622 samples/sec, LoopTimeRemaining=0:00:30, TimeRemaining=0:00:30
2026-09-18 14:52:58,819 INFO:   | Train Device=CSX, Step=89, Loss=6.26772, Rate=124.52 samples/sec, GlobalRate=0.629 samples/sec, LoopTimeRemaining=0:00:30, TimeRemaining=0:00:30
2026-09-18 14:52:59,067 INFO:   | Train Device=CSX, Step=90, Loss=6.32043, Rate=127.13 samples/sec, GlobalRate=0.636 samples/sec, LoopTimeRemaining=0:00:29, TimeRemaining=0:00:29
2026-09-18 14:52:59,334 INFO:   | Train Device=CSX, Step=91, Loss=6.18753, Rate=122.73 samples/sec, GlobalRate=0.643 samples/sec, LoopTimeRemaining=0:00:29, TimeRemaining=0:00:29
2026-09-18 14:52:59,580 INFO:   | Train Device=CSX, Step=92, Loss=6.35738, Rate=127.07 samples/sec, GlobalRate=0.65 samples/sec, LoopTimeRemaining=0:00:29, TimeRemaining=0:00:29
2026-09-18 14:52:59,839 INFO:   | Train Device=CSX, Step=93, Loss=6.28141, Rate=125.04 samples/sec, GlobalRate=0.657 samples/sec, LoopTimeRemaining=0:00:28, TimeRemaining=0:00:28
2026-09-18 14:53:00,096 INFO:   | Train Device=CSX, Step=94, Loss=6.34292, Rate=124.86 samples/sec, GlobalRate=0.665 samples/sec, LoopTimeRemaining=0:00:28, TimeRemaining=0:00:28
2026-09-18 14:53:00,359 INFO:   | Train Device=CSX, Step=95, Loss=6.28104, Rate=122.72 samples/sec, GlobalRate=0.672 samples/sec, LoopTimeRemaining=0:00:28, TimeRemaining=0:00:28
2026-09-18 14:53:00,613 INFO:   | Train Device=CSX, Step=96, Loss=6.32254, Rate=124.77 samples/sec, GlobalRate=0.679 samples/sec, LoopTimeRemaining=0:00:28, TimeRemaining=0:00:28
2026-09-18 14:53:00,900 INFO:   | Train Device=CSX, Step=97, Loss=6.29192, Rate=116.93 samples/sec, GlobalRate=0.686 samples/sec, LoopTimeRemaining=0:00:27, TimeRemaining=0:00:27
2026-09-18 14:53:01,175 INFO:   | Train Device=CSX, Step=98, Loss=6.29704, Rate=116.57 samples/sec, GlobalRate=0.693 samples/sec, LoopTimeRemaining=0:00:27, TimeRemaining=0:00:27
2026-09-18 14:53:01,411 INFO:   | Train Device=CSX, Step=99, Loss=6.28456, Rate=128.01 samples/sec, GlobalRate=0.7 samples/sec, LoopTimeRemaining=0:00:27, TimeRemaining=0:00:27
2026-09-18 14:53:01,670 INFO:   | Train Device=CSX, Step=100, Loss=6.27166, Rate=125.20 samples/sec, GlobalRate=0.707 samples/sec, LoopTimeRemaining=0:00:27, TimeRemaining=0:00:27
2026-09-18 14:53:01,942 INFO:   | Train Device=CSX, Step=101, Loss=6.41387, Rate=120.67 samples/sec, GlobalRate=0.714 samples/sec, LoopTimeRemaining=0:00:26, TimeRemaining=0:00:26
2026-09-18 14:53:02,220 INFO:   | Train Device=CSX, Step=102, Loss=6.34138, Rate=117.39 samples/sec, GlobalRate=0.721 samples/sec, LoopTimeRemaining=0:00:26, TimeRemaining=0:00:26
2026-09-18 14:53:02,468 INFO:   | Train Device=CSX, Step=103, Loss=6.33006, Rate=124.26 samples/sec, GlobalRate=0.728 samples/sec, LoopTimeRemaining=0:00:26, TimeRemaining=0:00:26
2026-09-18 14:53:02,719 INFO:   | Train Device=CSX, Step=104, Loss=6.26594, Rate=126.13 samples/sec, GlobalRate=0.735 samples/sec, LoopTimeRemaining=0:00:25, TimeRemaining=0:00:25
2026-09-18 14:53:02,979 INFO:   | Train Device=CSX, Step=105, Loss=6.21170, Rate=124.45 samples/sec, GlobalRate=0.742 samples/sec, LoopTimeRemaining=0:00:25, TimeRemaining=0:00:25
2026-09-18 14:53:03,243 INFO:   | Train Device=CSX, Step=106, Loss=6.29112, Rate=122.44 samples/sec, GlobalRate=0.749 samples/sec, LoopTimeRemaining=0:00:25, TimeRemaining=0:00:25
2026-09-18 14:53:03,547 INFO:   | Train Device=CSX, Step=107, Loss=6.24852, Rate=112.20 samples/sec, GlobalRate=0.756 samples/sec, LoopTimeRemaining=0:00:25, TimeRemaining=0:00:25
2026-09-18 14:53:03,803 INFO:   | Train Device=CSX, Step=108, Loss=6.31174, Rate=119.92 samples/sec, GlobalRate=0.763 samples/sec, LoopTimeRemaining=0:00:24, TimeRemaining=0:00:24
2026-09-18 14:53:04,084 INFO:   | Train Device=CSX, Step=109, Loss=6.23773, Rate=116.10 samples/sec, GlobalRate=0.77 samples/sec, LoopTimeRemaining=0:00:24, TimeRemaining=0:00:24
2026-09-18 14:53:04,332 INFO:   | Train Device=CSX, Step=110, Loss=6.20054, Rate=123.89 samples/sec, GlobalRate=0.777 samples/sec, LoopTimeRemaining=0:00:24, TimeRemaining=0:00:24
2026-09-18 14:53:04,595 INFO:   | Train Device=CSX, Step=111, Loss=6.18218, Rate=122.74 samples/sec, GlobalRate=0.784 samples/sec, LoopTimeRemaining=0:00:24, TimeRemaining=0:00:24
2026-09-18 14:53:04,845 INFO:   | Train Device=CSX, Step=112, Loss=6.10108, Rate=125.83 samples/sec, GlobalRate=0.791 samples/sec, LoopTimeRemaining=0:00:23, TimeRemaining=0:00:23
2026-09-18 14:53:05,102 INFO:   | Train Device=CSX, Step=113, Loss=6.12025, Rate=124.93 samples/sec, GlobalRate=0.798 samples/sec, LoopTimeRemaining=0:00:23, TimeRemaining=0:00:23
2026-09-18 14:53:05,354 INFO:   | Train Device=CSX, Step=114, Loss=6.24087, Rate=126.09 samples/sec, GlobalRate=0.805 samples/sec, LoopTimeRemaining=0:00:23, TimeRemaining=0:00:23
2026-09-18 14:53:05,607 INFO:   | Train Device=CSX, Step=115, Loss=6.22693, Rate=126.38 samples/sec, GlobalRate=0.812 samples/sec, LoopTimeRemaining=0:00:22, TimeRemaining=0:00:22
2026-09-18 14:53:05,867 INFO:   | Train Device=CSX, Step=116, Loss=6.14850, Rate=124.50 samples/sec, GlobalRate=0.819 samples/sec, LoopTimeRemaining=0:00:22, TimeRemaining=0:00:22
2026-09-18 14:53:06,125 INFO:   | Train Device=CSX, Step=117, Loss=6.10237, Rate=124.26 samples/sec, GlobalRate=0.826 samples/sec, LoopTimeRemaining=0:00:22, TimeRemaining=0:00:22
2026-09-18 14:53:06,384 INFO:   | Train Device=CSX, Step=118, Loss=6.06299, Rate=123.79 samples/sec, GlobalRate=0.833 samples/sec, LoopTimeRemaining=0:00:22, TimeRemaining=0:00:22
2026-09-18 14:53:06,647 INFO:   | Train Device=CSX, Step=119, Loss=6.09521, Rate=122.65 samples/sec, GlobalRate=0.84 samples/sec, LoopTimeRemaining=0:00:21, TimeRemaining=0:00:21
2026-09-18 14:53:06,908 INFO:   | Train Device=CSX, Step=120, Loss=6.06938, Rate=122.54 samples/sec, GlobalRate=0.847 samples/sec, LoopTimeRemaining=0:00:21, TimeRemaining=0:00:21
2026-09-18 14:53:07,163 INFO:   | Train Device=CSX, Step=121, Loss=6.12893, Rate=124.29 samples/sec, GlobalRate=0.854 samples/sec, LoopTimeRemaining=0:00:21, TimeRemaining=0:00:21
2026-09-18 14:53:07,450 INFO:   | Train Device=CSX, Step=122, Loss=6.08399, Rate=116.50 samples/sec, GlobalRate=0.861 samples/sec, LoopTimeRemaining=0:00:20, TimeRemaining=0:00:20
2026-09-18 14:53:07,736 INFO:   | Train Device=CSX, Step=123, Loss=6.04926, Rate=113.78 samples/sec, GlobalRate=0.868 samples/sec, LoopTimeRemaining=0:00:20, TimeRemaining=0:00:20
2026-09-18 14:53:08,002 INFO:   | Train Device=CSX, Step=124, Loss=6.07854, Rate=117.67 samples/sec, GlobalRate=0.875 samples/sec, LoopTimeRemaining=0:00:20, TimeRemaining=0:00:20
2026-09-18 14:53:08,277 INFO:   | Train Device=CSX, Step=125, Loss=6.17127, Rate=117.07 samples/sec, GlobalRate=0.882 samples/sec, LoopTimeRemaining=0:00:20, TimeRemaining=0:00:20
2026-09-18 14:53:08,527 INFO:   | Train Device=CSX, Step=126, Loss=6.08808, Rate=123.39 samples/sec, GlobalRate=0.889 samples/sec, LoopTimeRemaining=0:00:19, TimeRemaining=0:00:19
2026-09-18 14:53:08,782 INFO:   | Train Device=CSX, Step=127, Loss=6.21199, Rate=124.63 samples/sec, GlobalRate=0.896 samples/sec, LoopTimeRemaining=0:00:19, TimeRemaining=0:00:19
2026-09-18 14:53:09,043 INFO:   | Train Device=CSX, Step=128, Loss=6.05518, Rate=123.61 samples/sec, GlobalRate=0.903 samples/sec, LoopTimeRemaining=0:00:19, TimeRemaining=0:00:19
2026-09-18 14:53:09,302 INFO:   | Train Device=CSX, Step=129, Loss=6.00111, Rate=123.53 samples/sec, GlobalRate=0.91 samples/sec, LoopTimeRemaining=0:00:19, TimeRemaining=0:00:19
2026-09-18 14:53:09,568 INFO:   | Train Device=CSX, Step=130, Loss=5.99484, Rate=121.69 samples/sec, GlobalRate=0.917 samples/sec, LoopTimeRemaining=0:00:18, TimeRemaining=0:00:18
2026-09-18 14:53:09,826 INFO:   | Train Device=CSX, Step=131, Loss=5.91131, Rate=123.04 samples/sec, GlobalRate=0.924 samples/sec, LoopTimeRemaining=0:00:18, TimeRemaining=0:00:18
2026-09-18 14:53:10,078 INFO:   | Train Device=CSX, Step=132, Loss=6.04838, Rate=125.34 samples/sec, GlobalRate=0.931 samples/sec, LoopTimeRemaining=0:00:18, TimeRemaining=0:00:18
2026-09-18 14:53:10,331 INFO:   | Train Device=CSX, Step=133, Loss=5.88162, Rate=125.95 samples/sec, GlobalRate=0.938 samples/sec, LoopTimeRemaining=0:00:18, TimeRemaining=0:00:18
2026-09-18 14:53:10,620 INFO:   | Train Device=CSX, Step=134, Loss=5.87149, Rate=116.83 samples/sec, GlobalRate=0.945 samples/sec, LoopTimeRemaining=0:00:17, TimeRemaining=0:00:17
2026-09-18 14:53:10,887 INFO:   | Train Device=CSX, Step=135, Loss=5.95585, Rate=118.70 samples/sec, GlobalRate=0.952 samples/sec, LoopTimeRemaining=0:00:17, TimeRemaining=0:00:17
2026-09-18 14:53:11,130 INFO:   | Train Device=CSX, Step=136, Loss=5.75900, Rate=126.52 samples/sec, GlobalRate=0.959 samples/sec, LoopTimeRemaining=0:00:17, TimeRemaining=0:00:17
2026-09-18 14:53:11,392 INFO:   | Train Device=CSX, Step=137, Loss=5.85476, Rate=123.85 samples/sec, GlobalRate=0.966 samples/sec, LoopTimeRemaining=0:00:17, TimeRemaining=0:00:17
2026-09-18 14:53:11,674 INFO:   | Train Device=CSX, Step=138, Loss=5.83438, Rate=117.72 samples/sec, GlobalRate=0.973 samples/sec, LoopTimeRemaining=0:00:16, TimeRemaining=0:00:16
2026-09-18 14:53:11,951 INFO:   | Train Device=CSX, Step=139, Loss=5.86009, Rate=116.18 samples/sec, GlobalRate=0.98 samples/sec, LoopTimeRemaining=0:00:16, TimeRemaining=0:00:16
2026-09-18 14:53:12,223 INFO:   | Train Device=CSX, Step=140, Loss=5.84335, Rate=117.21 samples/sec, GlobalRate=0.987 samples/sec, LoopTimeRemaining=0:00:16, TimeRemaining=0:00:16
2026-09-18 14:53:12,503 INFO:   | Train Device=CSX, Step=141, Loss=5.81995, Rate=115.54 samples/sec, GlobalRate=0.994 samples/sec, LoopTimeRemaining=0:00:15, TimeRemaining=0:00:15
2026-09-18 14:53:12,768 INFO:   | Train Device=CSX, Step=142, Loss=5.79944, Rate=118.54 samples/sec, GlobalRate=1.00 samples/sec, LoopTimeRemaining=0:00:15, TimeRemaining=0:00:15
2026-09-18 14:53:13,030 INFO:   | Train Device=CSX, Step=143, Loss=5.82708, Rate=120.77 samples/sec, GlobalRate=1.01 samples/sec, LoopTimeRemaining=0:00:15, TimeRemaining=0:00:15
2026-09-18 14:53:13,298 INFO:   | Train Device=CSX, Step=144, Loss=5.87825, Rate=119.87 samples/sec, GlobalRate=1.01 samples/sec, LoopTimeRemaining=0:00:15, TimeRemaining=0:00:15
2026-09-18 14:53:13,576 INFO:   | Train Device=CSX, Step=145, Loss=5.91369, Rate=118.78 samples/sec, GlobalRate=1.02 samples/sec, LoopTimeRemaining=0:00:14, TimeRemaining=0:00:14
2026-09-18 14:53:13,812 INFO:   | Train Device=CSX, Step=146, Loss=5.78907, Rate=126.54 samples/sec, GlobalRate=1.03 samples/sec, LoopTimeRemaining=0:00:14, TimeRemaining=0:00:14
2026-09-18 14:53:14,098 INFO:   | Train Device=CSX, Step=147, Loss=5.87403, Rate=117.68 samples/sec, GlobalRate=1.04 samples/sec, LoopTimeRemaining=0:00:14, TimeRemaining=0:00:14
2026-09-18 14:53:14,359 INFO:   | Train Device=CSX, Step=148, Loss=5.78407, Rate=120.81 samples/sec, GlobalRate=1.04 samples/sec, LoopTimeRemaining=0:00:14, TimeRemaining=0:00:14
2026-09-18 14:53:14,607 INFO:   | Train Device=CSX, Step=149, Loss=5.88024, Rate=125.65 samples/sec, GlobalRate=1.05 samples/sec, LoopTimeRemaining=0:00:13, TimeRemaining=0:00:13
2026-09-18 14:53:14,863 INFO:   | Train Device=CSX, Step=150, Loss=5.86846, Rate=125.16 samples/sec, GlobalRate=1.06 samples/sec, LoopTimeRemaining=0:00:13, TimeRemaining=0:00:13
2026-09-18 14:53:15,148 INFO:   | Train Device=CSX, Step=151, Loss=5.79191, Rate=117.42 samples/sec, GlobalRate=1.06 samples/sec, LoopTimeRemaining=0:00:13, TimeRemaining=0:00:13
2026-09-18 14:53:15,414 INFO:   | Train Device=CSX, Step=152, Loss=5.87585, Rate=119.35 samples/sec, GlobalRate=1.07 samples/sec, LoopTimeRemaining=0:00:13, TimeRemaining=0:00:13
2026-09-18 14:53:15,686 INFO:   | Train Device=CSX, Step=153, Loss=5.91809, Rate=118.23 samples/sec, GlobalRate=1.08 samples/sec, LoopTimeRemaining=0:00:12, TimeRemaining=0:00:12
2026-09-18 14:53:15,952 INFO:   | Train Device=CSX, Step=154, Loss=5.83629, Rate=119.43 samples/sec, GlobalRate=1.08 samples/sec, LoopTimeRemaining=0:00:12, TimeRemaining=0:00:12
2026-09-18 14:53:16,222 INFO:   | Train Device=CSX, Step=155, Loss=5.82032, Rate=118.95 samples/sec, GlobalRate=1.09 samples/sec, LoopTimeRemaining=0:00:12, TimeRemaining=0:00:12
2026-09-18 14:53:16,490 INFO:   | Train Device=CSX, Step=156, Loss=5.86176, Rate=119.17 samples/sec, GlobalRate=1.10 samples/sec, LoopTimeRemaining=0:00:12, TimeRemaining=0:00:12
2026-09-18 14:53:16,770 INFO:   | Train Device=CSX, Step=157, Loss=5.80632, Rate=116.34 samples/sec, GlobalRate=1.11 samples/sec, LoopTimeRemaining=0:00:11, TimeRemaining=0:00:11
2026-09-18 14:53:17,045 INFO:   | Train Device=CSX, Step=158, Loss=5.71423, Rate=116.36 samples/sec, GlobalRate=1.11 samples/sec, LoopTimeRemaining=0:00:11, TimeRemaining=0:00:11
2026-09-18 14:53:17,304 INFO:   | Train Device=CSX, Step=159, Loss=5.95243, Rate=120.67 samples/sec, GlobalRate=1.12 samples/sec, LoopTimeRemaining=0:00:11, TimeRemaining=0:00:11
2026-09-18 14:53:17,575 INFO:   | Train Device=CSX, Step=160, Loss=5.75291, Rate=119.16 samples/sec, GlobalRate=1.13 samples/sec, LoopTimeRemaining=0:00:10, TimeRemaining=0:00:10
2026-09-18 14:53:17,820 INFO:   | Train Device=CSX, Step=161, Loss=5.80656, Rate=125.96 samples/sec, GlobalRate=1.13 samples/sec, LoopTimeRemaining=0:00:10, TimeRemaining=0:00:10
2026-09-18 14:53:18,067 INFO:   | Train Device=CSX, Step=162, Loss=5.82847, Rate=128.08 samples/sec, GlobalRate=1.14 samples/sec, LoopTimeRemaining=0:00:10, TimeRemaining=0:00:10
2026-09-18 14:53:18,327 INFO:   | Train Device=CSX, Step=163, Loss=5.62476, Rate=125.19 samples/sec, GlobalRate=1.15 samples/sec, LoopTimeRemaining=0:00:10, TimeRemaining=0:00:10
2026-09-18 14:53:18,580 INFO:   | Train Device=CSX, Step=164, Loss=5.74421, Rate=125.78 samples/sec, GlobalRate=1.15 samples/sec, LoopTimeRemaining=0:00:09, TimeRemaining=0:00:09
2026-09-18 14:53:18,839 INFO:   | Train Device=CSX, Step=165, Loss=5.79086, Rate=124.35 samples/sec, GlobalRate=1.16 samples/sec, LoopTimeRemaining=0:00:09, TimeRemaining=0:00:09
2026-09-18 14:53:19,099 INFO:   | Train Device=CSX, Step=166, Loss=5.69272, Rate=123.75 samples/sec, GlobalRate=1.17 samples/sec, LoopTimeRemaining=0:00:09, TimeRemaining=0:00:09
2026-09-18 14:53:19,354 INFO:   | Train Device=CSX, Step=167, Loss=5.71310, Rate=124.75 samples/sec, GlobalRate=1.18 samples/sec, LoopTimeRemaining=0:00:09, TimeRemaining=0:00:09
2026-09-18 14:53:19,605 INFO:   | Train Device=CSX, Step=168, Loss=5.83995, Rate=126.26 samples/sec, GlobalRate=1.18 samples/sec, LoopTimeRemaining=0:00:08, TimeRemaining=0:00:08
2026-09-18 14:53:19,865 INFO:   | Train Device=CSX, Step=169, Loss=5.72745, Rate=124.43 samples/sec, GlobalRate=1.19 samples/sec, LoopTimeRemaining=0:00:08, TimeRemaining=0:00:08
2026-09-18 14:53:20,125 INFO:   | Train Device=CSX, Step=170, Loss=5.89414, Rate=123.56 samples/sec, GlobalRate=1.20 samples/sec, LoopTimeRemaining=0:00:08, TimeRemaining=0:00:08
2026-09-18 14:53:20,381 INFO:   | Train Device=CSX, Step=171, Loss=5.76684, Rate=124.61 samples/sec, GlobalRate=1.20 samples/sec, LoopTimeRemaining=0:00:08, TimeRemaining=0:00:08
2026-09-18 14:53:20,661 INFO:   | Train Device=CSX, Step=172, Loss=5.78706, Rate=118.47 samples/sec, GlobalRate=1.21 samples/sec, LoopTimeRemaining=0:00:07, TimeRemaining=0:00:07
2026-09-18 14:53:20,931 INFO:   | Train Device=CSX, Step=173, Loss=5.76829, Rate=118.28 samples/sec, GlobalRate=1.22 samples/sec, LoopTimeRemaining=0:00:07, TimeRemaining=0:00:07
2026-09-18 14:53:21,182 INFO:   | Train Device=CSX, Step=174, Loss=5.58828, Rate=124.03 samples/sec, GlobalRate=1.22 samples/sec, LoopTimeRemaining=0:00:07, TimeRemaining=0:00:07
2026-09-18 14:53:21,433 INFO:   | Train Device=CSX, Step=175, Loss=5.46170, Rate=126.09 samples/sec, GlobalRate=1.23 samples/sec, LoopTimeRemaining=0:00:06, TimeRemaining=0:00:06
2026-09-18 14:53:21,691 INFO:   | Train Device=CSX, Step=176, Loss=5.52106, Rate=124.85 samples/sec, GlobalRate=1.24 samples/sec, LoopTimeRemaining=0:00:06, TimeRemaining=0:00:06
2026-09-18 14:53:21,957 INFO:   | Train Device=CSX, Step=177, Loss=5.45064, Rate=121.98 samples/sec, GlobalRate=1.25 samples/sec, LoopTimeRemaining=0:00:06, TimeRemaining=0:00:06
2026-09-18 14:53:22,205 INFO:   | Train Device=CSX, Step=178, Loss=5.47604, Rate=126.40 samples/sec, GlobalRate=1.25 samples/sec, LoopTimeRemaining=0:00:06, TimeRemaining=0:00:06
2026-09-18 14:53:22,467 INFO:   | Train Device=CSX, Step=179, Loss=5.45232, Rate=123.78 samples/sec, GlobalRate=1.26 samples/sec, LoopTimeRemaining=0:00:05, TimeRemaining=0:00:05
2026-09-18 14:53:22,722 INFO:   | Train Device=CSX, Step=180, Loss=5.48202, Rate=124.73 samples/sec, GlobalRate=1.27 samples/sec, LoopTimeRemaining=0:00:05, TimeRemaining=0:00:05
2026-09-18 14:53:22,982 INFO:   | Train Device=CSX, Step=181, Loss=5.55429, Rate=123.81 samples/sec, GlobalRate=1.27 samples/sec, LoopTimeRemaining=0:00:05, TimeRemaining=0:00:05
2026-09-18 14:53:23,246 INFO:   | Train Device=CSX, Step=182, Loss=5.48332, Rate=122.11 samples/sec, GlobalRate=1.28 samples/sec, LoopTimeRemaining=0:00:05, TimeRemaining=0:00:05
2026-09-18 14:53:23,511 INFO:   | Train Device=CSX, Step=183, Loss=5.58056, Rate=121.46 samples/sec, GlobalRate=1.29 samples/sec, LoopTimeRemaining=0:00:04, TimeRemaining=0:00:04
2026-09-18 14:53:23,763 INFO:   | Train Device=CSX, Step=184, Loss=5.63133, Rate=124.58 samples/sec, GlobalRate=1.29 samples/sec, LoopTimeRemaining=0:00:04, TimeRemaining=0:00:04
2026-09-18 14:53:24,018 INFO:   | Train Device=CSX, Step=185, Loss=5.54706, Rate=125.28 samples/sec, GlobalRate=1.30 samples/sec, LoopTimeRemaining=0:00:04, TimeRemaining=0:00:04
2026-09-18 14:53:24,277 INFO:   | Train Device=CSX, Step=186, Loss=5.57577, Rate=124.29 samples/sec, GlobalRate=1.31 samples/sec, LoopTimeRemaining=0:00:04, TimeRemaining=0:00:04
2026-09-18 14:53:24,528 INFO:   | Train Device=CSX, Step=187, Loss=5.51914, Rate=126.19 samples/sec, GlobalRate=1.31 samples/sec, LoopTimeRemaining=0:00:03, TimeRemaining=0:00:03
2026-09-18 14:53:24,793 INFO:   | Train Device=CSX, Step=188, Loss=5.47986, Rate=122.81 samples/sec, GlobalRate=1.32 samples/sec, LoopTimeRemaining=0:00:03, TimeRemaining=0:00:03
2026-09-18 14:53:25,046 INFO:   | Train Device=CSX, Step=189, Loss=5.53654, Rate=124.95 samples/sec, GlobalRate=1.33 samples/sec, LoopTimeRemaining=0:00:03, TimeRemaining=0:00:03
2026-09-18 14:53:25,310 INFO:   | Train Device=CSX, Step=190, Loss=5.52449, Rate=122.90 samples/sec, GlobalRate=1.34 samples/sec, LoopTimeRemaining=0:00:03, TimeRemaining=0:00:03
2026-09-18 14:53:25,561 INFO:   | Train Device=CSX, Step=191, Loss=5.46501, Rate=125.70 samples/sec, GlobalRate=1.34 samples/sec, LoopTimeRemaining=0:00:02, TimeRemaining=0:00:02
2026-09-18 14:53:25,847 INFO:   | Train Device=CSX, Step=192, Loss=5.59974, Rate=117.23 samples/sec, GlobalRate=1.35 samples/sec, LoopTimeRemaining=0:00:02, TimeRemaining=0:00:02
2026-09-18 14:53:26,124 INFO:   | Train Device=CSX, Step=193, Loss=5.50776, Rate=116.19 samples/sec, GlobalRate=1.36 samples/sec, LoopTimeRemaining=0:00:02, TimeRemaining=0:00:02
2026-09-18 14:53:26,355 INFO:   | Train Device=CSX, Step=194, Loss=5.38866, Rate=129.61 samples/sec, GlobalRate=1.36 samples/sec, LoopTimeRemaining=0:00:02, TimeRemaining=0:00:02
2026-09-18 14:53:26,641 INFO:   | Train Device=CSX, Step=195, Loss=5.31798, Rate=119.03 samples/sec, GlobalRate=1.37 samples/sec, LoopTimeRemaining=0:00:01, TimeRemaining=0:00:01
2026-09-18 14:53:26,911 INFO:   | Train Device=CSX, Step=196, Loss=5.54354, Rate=118.82 samples/sec, GlobalRate=1.38 samples/sec, LoopTimeRemaining=0:00:01, TimeRemaining=0:00:01
2026-09-18 14:53:27,158 INFO:   | Train Device=CSX, Step=197, Loss=5.49138, Rate=125.35 samples/sec, GlobalRate=1.38 samples/sec, LoopTimeRemaining=0:00:01, TimeRemaining=0:00:01
2026-09-18 14:53:27,411 INFO:   | Train Device=CSX, Step=198, Loss=5.59923, Rate=125.85 samples/sec, GlobalRate=1.39 samples/sec, LoopTimeRemaining=0:00:01, TimeRemaining=0:00:01
2026-09-18 14:53:27,670 INFO:   | Train Device=CSX, Step=199, Loss=5.34793, Rate=124.62 samples/sec, GlobalRate=1.40 samples/sec, LoopTimeRemaining=0:00:00, TimeRemaining=0:00:00
2026-09-18 14:53:27,923 INFO:   | Train Device=CSX, Step=200, Loss=5.49133, Rate=125.48 samples/sec, GlobalRate=1.41 samples/sec, LoopTimeRemaining=0:00:00, TimeRemaining=0:00:00
2026-09-18 14:53:31,105 INFO:   Training completed successfully!
2026-09-18 14:53:31,111 INFO:   Processed 6400 training sample(s) in 4558.05956048 seconds.
