$REPO_ROOT/.venv/lib/python3.11/site-packages/outdated/__init__.py:36: UserWarning: pkg_resources is deprecated as an API. See https://setuptools.pypa.io/en/latest/pkg_resources.html. The pkg_resources package is slated for removal as early as 2025-11-30. Refrain from using this package or pin to Setuptools<81.
  from pkg_resources import parse_version
2026-09-18 16:04:38,128 INFO:   Connectivity check: running command: ping -c 1 -W 3 10.125.8.2
2026-09-18 16:04:38,134 INFO:   Connectivity check succeeded.
2026-09-18 16:04:38,156 INFO:   Appliance client semantic version: 1.14.0, cluster server semantic version: 1.20.2, job operator semantic version: 1.20.2
2026-09-18 16:04:38,158 INFO:   Successfully initialized workflow with id: wflow-skex9bszl9och2eftzjwzb
2026-09-18 16:04:38,164 WARNING:   The trainer configuration for train_and_eval does not configure checkpointing. In the event of a failure, the run will be restarted from the beginning. If this is not intentional, please specifiy a checkpoint callback with a checkpointing frequency to enable auto-restarting from previously saved checkpoints.
2026-09-18 16:04:38,164 INFO:   Spawning child process for the fit run ...
2026-09-18 16:04:38,169 INFO:   Child process started with pid: 662412
$REPO_ROOT/.venv/lib/python3.11/site-packages/outdated/__init__.py:36: UserWarning: pkg_resources is deprecated as an API. See https://setuptools.pypa.io/en/latest/pkg_resources.html. The pkg_resources package is slated for removal as early as 2025-11-30. Refrain from using this package or pin to Setuptools<81.
  from pkg_resources import parse_version
2026-09-18 16:04:44,629 INFO:   Current Working Directory: $REPO_ROOT/src/cerebras/modelzoo/models/gnn
2026-09-18 16:04:44,629 INFO:   Running command: $REPO_ROOT/src/cerebras/modelzoo/cli/main.py fit $REPO_ROOT/model_dirs/hpcasia_learning/arxiv_20260918T122510.309655Z/tuning/workers_w08_p2_s1_r1/params.yaml --target_device CSX --model_dir $REPO_ROOT/model_dirs/hpcasia_learning/arxiv_20260918T122510.309655Z/tuning/workers_w08_p2_s1_r1/model
2026-09-18 16:04:45,191 INFO:   No checkpoint was provided. Using randomly initialized model parameters.
2026-09-18 16:04:45,191 INFO:   Ordinal 0: Initializing GNNDataProcessor for dataset 'ogbn-arxiv' (split=train, mode=neighbor).
$REPO_ROOT/.venv/lib/python3.11/site-packages/ogb/nodeproppred/dataset_pyg.py:69: FutureWarning: You are using `torch.load` with `weights_only=False` (the current default value), which uses the default pickle module implicitly. It is possible to construct malicious pickle data which will execute arbitrary code during unpickling (See https://github.com/pytorch/pytorch/blob/main/SECURITY.md#untrusted-models for more details). In a future release, the default value for `weights_only` will be flipped to `True`. This limits the functions that could be executed during unpickling. Arbitrary objects will no longer be allowed to be loaded via this mode unless they are explicitly allowlisted by the user via `torch.serialization.add_safe_globals`. We recommend you start setting `weights_only=True` for any use case where you don't have full control of the loaded file. Please open an issue on GitHub for any issues related to this experimental feature.
  self.data, self.slices = torch.load(self.processed_paths[0])
GNN_INPUT_CONTRACT {"batch_index_origin": 0, "batch_size": 4096, "count_basis": "deterministic loader schedule; not device counters", "dataset_name": "ogbn-arxiv", "drop_last": false, "event": "gnn_input_contract", "num_streamers": 1, "ordered_targets_and_labels_sha256": "cb189ecb3f75e653df7daacc08ead8c3b14bd353d302209c179a41e2b2b47d07", "restartable": false, "sampler_seed": 42, "seed_nodes_by_batch": [4096, 4096, 4096, 4096, 4096, 4096, 4096, 4096, 4096, 4096, 4096, 4096, 4096, 4096, 4096, 4096, 4096, 4096, 4096, 4096, 4096, 4096, 829], "seed_nodes_per_epoch": 90941, "shuffle": true, "source_seed_nodes": 90941, "split": "train", "static_batch_cache_size": 0, "supervised_targets_by_batch": [4096, 4096, 4096, 4096, 4096, 4096, 4096, 4096, 4096, 4096, 4096, 4096, 4096, 4096, 4096, 4096, 4096, 4096, 4096, 4096, 4096, 4096, 829], "traversal": "continuous_sequential_batches", "traversal_scope": "single_data_executor", "version": 1}
2026-09-18 16:04:45,417 INFO:   Connectivity check: running command: ping -c 1 -W 3 10.125.8.2
2026-09-18 16:04:45,422 INFO:   Connectivity check succeeded.
2026-09-18 16:04:45,443 INFO:   Appliance client semantic version: 1.14.0, cluster server semantic version: 1.20.2, job operator semantic version: 1.20.2
2026-09-18 16:04:45,444 INFO:   ===========================================================================
2026-09-18 16:04:45,444 INFO:   Trainer Fit Summary
2026-09-18 16:04:45,444 INFO:   ---------------------------------------------------------------------------
2026-09-18 16:04:45,444 INFO:   Trainer will run 1 train loop.
2026-09-18 16:04:45,444 INFO:   
2026-09-18 16:04:45,444 INFO:   Train steps per train loop:
2026-09-18 16:04:45,444 INFO:   * 1 loop of 440 steps
2026-09-18 16:04:45,444 INFO:   for a total of 440 train steps.
2026-09-18 16:04:45,444 INFO:   
2026-09-18 16:04:45,444 INFO:   Progress will be logged every 10 steps.
2026-09-18 16:04:45,444 INFO:   ===========================================================================
2026-09-18 16:04:45,444 INFO:   ---------------------------------------------------------------------------
2026-09-18 16:04:45,444 INFO:   Starting train loop 1 of 1, from global step 1 to 440 (440 steps)
2026-09-18 16:04:45,444 INFO:   ---------------------------------------------------------------------------
2026-09-18 16:04:50,290 INFO:   Compiling the model. This may take a few minutes.
2026-09-18 16:04:50,291 INFO:   Connectivity check: running command: ping -c 1 -W 3 10.125.8.2
2026-09-18 16:04:50,296 INFO:   Connectivity check succeeded.
2026-09-18 16:04:50,313 INFO:   Appliance client semantic version: 1.14.0, cluster server semantic version: 1.20.2, job operator semantic version: 1.20.2
2026-09-18 16:04:51,517 INFO:   Initiating a new image build job against the cluster server.
2026-09-18 16:04:51,534 INFO:   Job id: imgjob-42280d4f85d91291dacb2ef766350f15, workflow id: wflow-skex9bszl9och2eftzjwzb, namespace: job-operator, remote log path: /n1/wsjob/workdir/job-operator/imgjob-42280d4f85d91291dacb2ef766350f15
2026-09-18 16:04:51,537 INFO:   Connectivity check: running command: ping -c 1 -W 3 10.125.8.2
2026-09-18 16:04:51,542 INFO:   Connectivity check succeeded.
2026-09-18 16:04:51,559 INFO:   Appliance client semantic version: 1.14.0, cluster server semantic version: 1.20.2, job operator semantic version: 1.20.2
2026-09-18 16:04:51,578 INFO:   Initiating a new compile wsjob against the cluster server.
2026-09-18 16:04:51,601 INFO:   Job id: wsjob-y9junvwy7xrhoheuurkdg5, workflow id: wflow-skex9bszl9och2eftzjwzb, namespace: job-operator, remote log path: /n1/wsjob/workdir/job-operator/wsjob-y9junvwy7xrhoheuurkdg5
2026-09-18 16:05:11,601 INFO:   Poll ingress status: Waiting for job to be scheduled, current job status: Queueing, msg: job queueing to be scheduled. Job queue status: 1 compile job(s) queued before current job. For more information, please run 'csctl get job wsjob-y9junvwy7xrhoheuurkdg5 --pending-status'.
2026-09-18 16:05:31,602 INFO:   Poll ingress status: Waiting for job to be scheduled, current job status: Queueing, msg: job queueing to be scheduled. Job queue status: 2 compile job(s) queued before current job. For more information, please run 'csctl get job wsjob-y9junvwy7xrhoheuurkdg5 --pending-status'.
2026-09-18 16:05:41,603 INFO:   Poll ingress status: Waiting for job to be scheduled, current job status: Queueing, msg: job queueing to be scheduled. Job queue status: 1 compile job(s) queued before current job. For more information, please run 'csctl get job wsjob-y9junvwy7xrhoheuurkdg5 --pending-status'.
2026-09-18 16:12:01,606 INFO:   Poll ingress status: Waiting for job to be scheduled, current job status: Queueing, msg: job queueing to be scheduled. Job queue status: current job is top of queue but likely blocked by running/reserved jobs, 1 execute job(s) running/reserved using 1 system(s) and 1 nodegroup(s)[1 pop and 0 depop], 2 compile job(s) running/reserved using 90Gi memory. For more information, please run 'csctl get job wsjob-y9junvwy7xrhoheuurkdg5 --pending-status'.
2026-09-18 16:12:51,607 INFO:   Poll ingress status: Waiting for all Coordinator pods to be running, current running: 0/1.
2026-09-18 16:12:51,635 INFO:   Recording the timestamp when jobs is scheduled.
2026-09-18 16:12:51,664 WARNING:   Event 2026-09-18 16:12:40 +0000 UTC reason=InconsistentVersion wsjob=wsjob-y9junvwy7xrhoheuurkdg5 message='Warning: client semantic version 1.14.0 is inconsistent with cluster server semantic version 1.20.2, there's a risk job could fail due to inconsistent setup.'
2026-09-18 16:13:01,664 INFO:   Poll ingress status: Job ingress ready, dashboard: <internal-dashboard-url>
2026-09-18 16:13:01,688 INFO:   Poll ingress success: Job ingress ready, dashboard: <internal-dashboard-url>
2026-09-18 16:13:01,699 INFO:   Finalizing out-of-cluster job handle with ingress service url: 
2026-09-18 16:13:01,700 WARNING:   Empty ingress service url. Falling back to default server: 10.125.8.2:443
2026-09-18 16:13:01,769 INFO:   Found existing cached compile with hash: "cs_3310013607597699701"
2026-09-18 16:13:03,640 INFO:   Using power profile none

2026-09-18 16:13:03,654 INFO:   Compile artifacts successfully written to remote compile directory. Compile hash is: cs_3310013607597699701
2026-09-18 16:13:11,679 ERROR:   Image build job imgjob-42280d4f85d91291dacb2ef766350f15 failed. Please check the error log in $REPO_ROOT/model_dirs/hpcasia_learning/arxiv_20260918T122510.309655Z/tuning/workers_w08_p2_s1_r1/model/cerebras_logs/20260918_160444/executors/000001/custom_worker_build.out. 
2026-09-18 16:13:11,679 INFO:   Falling back to venv mounting.
2026-09-18 16:13:11,682 INFO:   Compile was successful!
2026-09-18 16:13:11,682 INFO:   Programming Cerebras Wafer Scale Cluster for execution. This may take a few minutes.
2026-09-18 16:13:13,691 INFO:   Connectivity check: running command: ping -c 1 -W 3 10.125.8.2
2026-09-18 16:13:13,697 INFO:   Connectivity check succeeded.
2026-09-18 16:13:13,713 INFO:   Appliance client semantic version: 1.14.0, cluster server semantic version: 1.20.2, job operator semantic version: 1.20.2
2026-09-18 16:13:13,716 INFO:   Initiating a new execute wsjob against the cluster server.
2026-09-18 16:13:13,756 INFO:   Job id: wsjob-hkhkxwcxy4q3u8fu9iepbd, workflow id: wflow-skex9bszl9och2eftzjwzb, namespace: job-operator, remote log path: /n1/wsjob/workdir/job-operator/wsjob-hkhkxwcxy4q3u8fu9iepbd
2026-09-18 16:13:33,756 INFO:   Poll ingress status: Waiting for job to be scheduled, current job status: Queueing, msg: job queueing to be scheduled. Job queue status: current job is top of queue but likely blocked by running/reserved jobs, 2 execute job(s) running/reserved using 2 system(s) and 2 nodegroup(s)[2 pop and 0 depop], 3 compile job(s) running/reserved using 180Gi memory. For more information, please run 'csctl get job wsjob-hkhkxwcxy4q3u8fu9iepbd --pending-status'.
2026-09-18 16:14:13,757 INFO:   Poll ingress status: Waiting for job to be scheduled, current job status: Queueing, msg: job queueing to be scheduled. Job queue status: current job is top of queue but likely blocked by running/reserved jobs, 2 execute job(s) running/reserved using 2 system(s) and 2 nodegroup(s)[2 pop and 0 depop], 2 compile job(s) running/reserved using 90Gi memory. For more information, please run 'csctl get job wsjob-hkhkxwcxy4q3u8fu9iepbd --pending-status'.
2026-09-18 16:14:33,757 INFO:   Poll ingress status: Waiting for job to be scheduled, current job status: Queueing, msg: job queueing to be scheduled. Job queue status: current job is top of queue but likely blocked by running/reserved jobs, 2 execute job(s) running/reserved using 2 system(s) and 2 nodegroup(s)[2 pop and 0 depop], 1 compile job(s) running/reserved. For more information, please run 'csctl get job wsjob-hkhkxwcxy4q3u8fu9iepbd --pending-status'.
2026-09-18 16:16:53,759 INFO:   Poll ingress status: Waiting for job to be scheduled, current job status: Queueing, msg: job queueing to be scheduled. Job queue status: current job is top of queue but likely blocked by running/reserved jobs, 2 execute job(s) running/reserved using 2 system(s) and 2 nodegroup(s)[2 pop and 0 depop], 2 compile job(s) running/reserved using 90Gi memory. For more information, please run 'csctl get job wsjob-hkhkxwcxy4q3u8fu9iepbd --pending-status'.
2026-09-18 16:17:43,760 INFO:   Poll ingress status: Waiting for job to be scheduled, current job status: Queueing, msg: job queueing to be scheduled. Job queue status: current job is top of queue but likely blocked by running/reserved jobs, 2 execute job(s) running/reserved using 2 system(s) and 2 nodegroup(s)[2 pop and 0 depop], 1 compile job(s) running/reserved. For more information, please run 'csctl get job wsjob-hkhkxwcxy4q3u8fu9iepbd --pending-status'.
2026-09-18 16:18:53,760 INFO:   Poll ingress status: Waiting for job to be scheduled, current job status: Queueing, msg: job queueing to be scheduled. Job queue status: current job is top of queue but likely blocked by running/reserved jobs, 1 execute job(s) running/reserved using 1 system(s) and 1 nodegroup(s)[1 pop and 0 depop], 1 compile job(s) running/reserved. For more information, please run 'csctl get job wsjob-hkhkxwcxy4q3u8fu9iepbd --pending-status'.
2026-09-18 16:19:03,761 INFO:   Poll ingress status: Waiting for all Weight pods to be running, current running: 0/2.
2026-09-18 16:19:03,766 INFO:   Recording the timestamp when jobs is scheduled.
2026-09-18 16:19:03,801 WARNING:   Event 2026-09-18 16:18:52 +0000 UTC reason=InconsistentVersion wsjob=wsjob-hkhkxwcxy4q3u8fu9iepbd message='Warning: client semantic version 1.14.0 is inconsistent with cluster server semantic version 1.20.2, there's a risk job could fail due to inconsistent setup.'
2026-09-18 16:19:03,801 INFO:   Infrastructure setup started for job wsjob-hkhkxwcxy4q3u8fu9iepbd
2026-09-18 16:19:13,801 INFO:   Poll ingress status: Waiting for all Activation pods to be running, current running: 0/21.
2026-09-18 16:19:13,839 INFO:   Infrastructure setup completed successfully for job wsjob-hkhkxwcxy4q3u8fu9iepbd
2026-09-18 16:19:23,840 INFO:   Poll ingress status: Waiting for all Worker pods to be running, current running: 0/1.
2026-09-18 16:19:23,869 INFO:   Infrastructure setup completed successfully for job wsjob-hkhkxwcxy4q3u8fu9iepbd
2026-09-18 16:19:33,870 INFO:   Poll ingress status: Waiting for job ingress readiness.
2026-09-18 16:19:33,910 INFO:   Infrastructure setup completed successfully for job wsjob-hkhkxwcxy4q3u8fu9iepbd
2026-09-18 16:19:43,911 INFO:   Infrastructure setup completed successfully for job wsjob-hkhkxwcxy4q3u8fu9iepbd
2026-09-18 16:19:53,911 INFO:   Poll ingress status: Job ingress ready, dashboard: <internal-dashboard-url>
2026-09-18 16:19:53,942 INFO:   Infrastructure setup completed successfully for job wsjob-hkhkxwcxy4q3u8fu9iepbd
2026-09-18 16:19:53,942 INFO:   Poll ingress success: Job ingress ready, dashboard: <internal-dashboard-url>
2026-09-18 16:19:53,964 INFO:   Finalizing out-of-cluster job handle with ingress service url: 
2026-09-18 16:19:53,964 WARNING:   Empty ingress service url. Falling back to default server: 10.125.8.2:443
2026-09-18 16:19:54,041 INFO:   Preparing to execute using 1 CSX
2026-09-18 16:20:11,441 INFO:   About to send initial weights
2026-09-18 16:20:11,658 INFO:   Finished sending initial weights
2026-09-18 16:20:11,658 INFO:   Finalizing appliance staging for the run
2026-09-18 16:20:18,133 INFO:   Waiting for device programming to complete
2026-09-18 16:20:31,597 INFO:   Device programming is complete
2026-09-18 16:20:31,941 INFO:   Using network type: ROCE
2026-09-18 16:20:31,942 INFO:   Waiting for input workers to prime the data pipeline and begin streaming ...
2026-09-18 16:20:31,951 INFO:   Input workers have begun streaming input data
2026-09-18 16:20:32,118 INFO:   Appliance staging is complete
2026-09-18 16:20:32,118 INFO:   Beginning appliance run
2026-09-18 16:20:42,796 INFO:   | Train Device=CSX, Step=10, Loss=3.37719, Rate=2887.17 samples/sec, GlobalRate=42.91 samples/sec, LoopTimeRemaining=0:10:13, TimeRemaining=0:10:13
2026-09-18 16:20:57,461 INFO:   | Train Device=CSX, Step=20, Loss=2.83006, Rate=2570.56 samples/sec, GlobalRate=84.51 samples/sec, LoopTimeRemaining=0:10:00, TimeRemaining=0:10:00
2026-09-18 16:21:16,798 INFO:   | Train Device=CSX, Step=30, Loss=2.48321, Rate=2716.83 samples/sec, GlobalRate=124.29 samples/sec, LoopTimeRemaining=0:09:47, TimeRemaining=0:09:47
2026-09-18 16:21:30,907 INFO:   | Train Device=CSX, Step=40, Loss=2.17466, Rate=2905.65 samples/sec, GlobalRate=163.39 samples/sec, LoopTimeRemaining=0:09:31, TimeRemaining=0:09:31
2026-09-18 16:21:49,358 INFO:   | Train Device=CSX, Step=50, Loss=1.85241, Rate=2695.50 samples/sec, GlobalRate=200.54 samples/sec, LoopTimeRemaining=0:09:16, TimeRemaining=0:09:16
2026-09-18 16:22:03,767 INFO:   | Train Device=CSX, Step=60, Loss=1.63806, Rate=2868.79 samples/sec, GlobalRate=237.30 samples/sec, LoopTimeRemaining=0:09:02, TimeRemaining=0:09:02
2026-09-18 16:22:21,914 INFO:   | Train Device=CSX, Step=70, Loss=1.52059, Rate=1635.58 samples/sec, GlobalRate=272.09 samples/sec, LoopTimeRemaining=0:08:46, TimeRemaining=0:08:46
2026-09-18 16:22:37,108 INFO:   | Train Device=CSX, Step=80, Loss=1.42359, Rate=2638.96 samples/sec, GlobalRate=306.54 samples/sec, LoopTimeRemaining=0:08:33, TimeRemaining=0:08:33
2026-09-18 16:22:51,208 INFO:   | Train Device=CSX, Step=90, Loss=1.41382, Rate=2900.11 samples/sec, GlobalRate=340.36 samples/sec, LoopTimeRemaining=0:08:18, TimeRemaining=0:08:18
2026-09-18 16:23:09,885 INFO:   | Train Device=CSX, Step=100, Loss=1.31883, Rate=2667.24 samples/sec, GlobalRate=371.77 samples/sec, LoopTimeRemaining=0:08:05, TimeRemaining=0:08:05
2026-09-18 16:23:23,880 INFO:   | Train Device=CSX, Step=110, Loss=1.27947, Rate=2915.70 samples/sec, GlobalRate=403.82 samples/sec, LoopTimeRemaining=0:07:49, TimeRemaining=0:07:49
2026-09-18 16:23:42,391 INFO:   | Train Device=CSX, Step=120, Loss=1.21283, Rate=2726.98 samples/sec, GlobalRate=433.34 samples/sec, LoopTimeRemaining=0:07:33, TimeRemaining=0:07:33
2026-09-18 16:23:56,543 INFO:   | Train Device=CSX, Step=130, Loss=1.25431, Rate=2936.70 samples/sec, GlobalRate=463.67 samples/sec, LoopTimeRemaining=0:07:18, TimeRemaining=0:07:18
2026-09-18 16:24:14,890 INFO:   | Train Device=CSX, Step=140, Loss=1.17677, Rate=2070.84 samples/sec, GlobalRate=491.48 samples/sec, LoopTimeRemaining=0:07:05, TimeRemaining=0:07:05
2026-09-18 16:24:29,337 INFO:   | Train Device=CSX, Step=150, Loss=1.18961, Rate=2953.35 samples/sec, GlobalRate=520.15 samples/sec, LoopTimeRemaining=0:06:50, TimeRemaining=0:06:50
2026-09-18 16:24:43,324 INFO:   | Train Device=CSX, Step=160, Loss=1.17591, Rate=2903.37 samples/sec, GlobalRate=548.33 samples/sec, LoopTimeRemaining=0:06:35, TimeRemaining=0:06:35
2026-09-18 16:25:02,190 INFO:   | Train Device=CSX, Step=170, Loss=1.11490, Rate=2823.72 samples/sec, GlobalRate=573.55 samples/sec, LoopTimeRemaining=0:06:22, TimeRemaining=0:06:22
2026-09-18 16:25:16,183 INFO:   | Train Device=CSX, Step=180, Loss=1.16431, Rate=2920.24 samples/sec, GlobalRate=600.37 samples/sec, LoopTimeRemaining=0:06:07, TimeRemaining=0:06:07
2026-09-18 16:25:34,722 INFO:   | Train Device=CSX, Step=190, Loss=1.17256, Rate=2777.84 samples/sec, GlobalRate=624.30 samples/sec, LoopTimeRemaining=0:05:53, TimeRemaining=0:05:53
2026-09-18 16:25:48,834 INFO:   | Train Device=CSX, Step=200, Loss=1.15904, Rate=2940.60 samples/sec, GlobalRate=649.80 samples/sec, LoopTimeRemaining=0:05:38, TimeRemaining=0:05:38
2026-09-18 16:26:07,049 INFO:   | Train Device=CSX, Step=210, Loss=1.11809, Rate=2406.15 samples/sec, GlobalRate=672.57 samples/sec, LoopTimeRemaining=0:05:25, TimeRemaining=0:05:25
2026-09-18 16:26:21,468 INFO:   | Train Device=CSX, Step=220, Loss=1.11506, Rate=2915.70 samples/sec, GlobalRate=696.74 samples/sec, LoopTimeRemaining=0:05:11, TimeRemaining=0:05:11
2026-09-18 16:26:35,637 INFO:   | Train Device=CSX, Step=230, Loss=1.00655, Rate=2930.03 samples/sec, GlobalRate=720.52 samples/sec, LoopTimeRemaining=0:04:56, TimeRemaining=0:04:56
2026-09-18 16:26:54,300 INFO:   | Train Device=CSX, Step=240, Loss=1.11497, Rate=2897.83 samples/sec, GlobalRate=741.26 samples/sec, LoopTimeRemaining=0:04:43, TimeRemaining=0:04:43
2026-09-18 16:27:08,368 INFO:   | Train Device=CSX, Step=250, Loss=1.07827, Rate=2907.24 samples/sec, GlobalRate=764.05 samples/sec, LoopTimeRemaining=0:04:28, TimeRemaining=0:04:28
2026-09-18 16:27:26,969 INFO:   | Train Device=CSX, Step=260, Loss=1.07885, Rate=2783.03 samples/sec, GlobalRate=783.73 samples/sec, LoopTimeRemaining=0:04:14, TimeRemaining=0:04:14
2026-09-18 16:27:40,983 INFO:   | Train Device=CSX, Step=270, Loss=1.08083, Rate=2924.17 samples/sec, GlobalRate=805.56 samples/sec, LoopTimeRemaining=0:04:00, TimeRemaining=0:04:00
2026-09-18 16:27:59,280 INFO:   | Train Device=CSX, Step=280, Loss=1.11849, Rate=2666.17 samples/sec, GlobalRate=824.41 samples/sec, LoopTimeRemaining=0:03:46, TimeRemaining=0:03:46
2026-09-18 16:28:13,668 INFO:   | Train Device=CSX, Step=290, Loss=1.06843, Rate=2943.79 samples/sec, GlobalRate=845.12 samples/sec, LoopTimeRemaining=0:03:32, TimeRemaining=0:03:32
2026-09-18 16:28:31,561 INFO:   | Train Device=CSX, Step=300, Loss=1.02315, Rate=1647.48 samples/sec, GlobalRate=863.27 samples/sec, LoopTimeRemaining=0:03:17, TimeRemaining=0:03:17
2026-09-18 16:28:46,315 INFO:   | Train Device=CSX, Step=310, Loss=1.04774, Rate=2921.27 samples/sec, GlobalRate=882.89 samples/sec, LoopTimeRemaining=0:03:04, TimeRemaining=0:03:04
2026-09-18 16:29:00,578 INFO:   | Train Device=CSX, Step=320, Loss=1.09656, Rate=2875.04 samples/sec, GlobalRate=902.42 samples/sec, LoopTimeRemaining=0:02:49, TimeRemaining=0:02:49
2026-09-18 16:29:19,190 INFO:   | Train Device=CSX, Step=330, Loss=1.02357, Rate=2829.05 samples/sec, GlobalRate=918.85 samples/sec, LoopTimeRemaining=0:02:35, TimeRemaining=0:02:35
2026-09-18 16:29:33,442 INFO:   | Train Device=CSX, Step=340, Loss=1.03504, Rate=2917.50 samples/sec, GlobalRate=937.61 samples/sec, LoopTimeRemaining=0:02:21, TimeRemaining=0:02:21
2026-09-18 16:29:52,081 INFO:   | Train Device=CSX, Step=350, Loss=0.99137, Rate=2722.70 samples/sec, GlobalRate=953.22 samples/sec, LoopTimeRemaining=0:02:07, TimeRemaining=0:02:07
2026-09-18 16:30:06,254 INFO:   | Train Device=CSX, Step=360, Loss=1.03419, Rate=2930.22 samples/sec, GlobalRate=971.31 samples/sec, LoopTimeRemaining=0:01:53, TimeRemaining=0:01:53
2026-09-18 16:30:24,272 INFO:   | Train Device=CSX, Step=370, Loss=1.01350, Rate=2083.59 samples/sec, GlobalRate=986.58 samples/sec, LoopTimeRemaining=0:01:39, TimeRemaining=0:01:39
2026-09-18 16:30:38,709 INFO:   | Train Device=CSX, Step=380, Loss=1.02233, Rate=2943.69 samples/sec, GlobalRate=1003.81 samples/sec, LoopTimeRemaining=0:01:25, TimeRemaining=0:01:25
2026-09-18 16:30:52,963 INFO:   | Train Device=CSX, Step=390, Loss=1.02352, Rate=2854.19 samples/sec, GlobalRate=1020.84 samples/sec, LoopTimeRemaining=0:01:10, TimeRemaining=0:01:10
2026-09-18 16:31:11,582 INFO:   | Train Device=CSX, Step=400, Loss=0.95176, Rate=2875.77 samples/sec, GlobalRate=1034.70 samples/sec, LoopTimeRemaining=0:00:57, TimeRemaining=0:00:57
2026-09-18 16:31:26,024 INFO:   | Train Device=CSX, Step=410, Loss=1.01225, Rate=2890.85 samples/sec, GlobalRate=1050.99 samples/sec, LoopTimeRemaining=0:00:42, TimeRemaining=0:00:42
2026-09-18 16:31:44,594 INFO:   | Train Device=CSX, Step=420, Loss=1.01939, Rate=2784.98 samples/sec, GlobalRate=1064.25 samples/sec, LoopTimeRemaining=0:00:28, TimeRemaining=0:00:28
2026-09-18 16:31:58,647 INFO:   | Train Device=CSX, Step=430, Loss=1.00939, Rate=2932.63 samples/sec, GlobalRate=1080.20 samples/sec, LoopTimeRemaining=0:00:14, TimeRemaining=0:00:14
2026-09-18 16:32:17,133 INFO:   | Train Device=CSX, Step=440, Loss=0.98283, Rate=2444.79 samples/sec, GlobalRate=1092.93 samples/sec, LoopTimeRemaining=0:00:00, TimeRemaining=0:00:00
2026-09-18 16:32:17,250 INFO:   Training completed successfully!
2026-09-18 16:32:17,254 INFO:   Processed 1802240 training sample(s) in 1651.838495157 seconds.
