$REPO_ROOT/.venv/lib/python3.11/site-packages/outdated/__init__.py:36: UserWarning: pkg_resources is deprecated as an API. See https://setuptools.pypa.io/en/latest/pkg_resources.html. The pkg_resources package is slated for removal as early as 2025-11-30. Refrain from using this package or pin to Setuptools<81.
  from pkg_resources import parse_version
[ddp] Single-process mode: device=cuda
[Info] Running in Single-Process mode (CPU or Single GPU).
[Info] Device: cuda
[GraphCache] Caching disabled (0 nodes).
[Step=0010] Wall=9.6004s | Loss=10.4978
[Profile] Avg ms/step | Load: 216.938 (Prep: 124.026, Struc: 1.345, Fetch: 91.567) | Fwd: 635.303 | Bwd: 101.182 | Opt: 4.182 | GPU_Tot: 833.580
[Autotune] {"version": 1, "step": 10, "wall_seconds": 9.600361599004827, "seed_nodes": 40960, "loss": 10.497845458984376, "all_losses_finite": true}
[Step=0020] Wall=11.7157s | Loss=2.8385
[Profile] Avg ms/step | Load: 153.472 (Prep: 62.822, Struc: 1.317, Fetch: 89.333) | Fwd: 344.904 | Bwd: 83.672 | Opt: 2.421 | GPU_Tot: 521.647
[Autotune] {"version": 1, "step": 20, "wall_seconds": 11.715656476997538, "seed_nodes": 81920, "loss": 2.838535118103027, "all_losses_finite": true}
[Step=0030] Wall=13.6794s | Loss=2.3730
[Profile] Avg ms/step | Load: 127.393 (Prep: 41.897, Struc: 1.303, Fetch: 84.193) | Fwd: 248.058 | Bwd: 77.774 | Opt: 1.819 | GPU_Tot: 413.146
[Autotune] {"version": 1, "step": 30, "wall_seconds": 13.679352717997972, "seed_nodes": 122880, "loss": 2.373001480102539, "all_losses_finite": true}
[Step=0040] Wall=15.6441s | Loss=2.0232
[Profile] Avg ms/step | Load: 0.000 (Prep: 0.000, Struc: 0.000, Fetch: 0.000) | Fwd: 0.000 | Bwd: 0.000 | Opt: 0.000 | GPU_Tot: 0.000
[Autotune] {"version": 1, "step": 40, "wall_seconds": 15.644089594003162, "seed_nodes": 163840, "loss": 2.0232091903686524, "all_losses_finite": true}
[Step=0050] Wall=18.0078s | Loss=1.5728
[Profile] Avg ms/step | Load: 123.501 (Prep: 51.851, Struc: 1.168, Fetch: 70.482) | Fwd: 51.196 | Bwd: 60.869 | Opt: 0.625 | GPU_Tot: 184.339
[Autotune] {"version": 1, "step": 50, "wall_seconds": 18.00776445500378, "seed_nodes": 200711, "loss": 1.5727923393249512, "all_losses_finite": true}
[Step=0060] Wall=20.3280s | Loss=1.4244
[Profile] Avg ms/step | Load: 117.017 (Prep: 26.133, Struc: 1.228, Fetch: 89.656) | Fwd: 52.896 | Bwd: 63.439 | Opt: 0.657 | GPU_Tot: 207.876
[Autotune] {"version": 1, "step": 60, "wall_seconds": 20.328002113994444, "seed_nodes": 241671, "loss": 1.4243938446044921, "all_losses_finite": true}
[Step=0070] Wall=22.5689s | Loss=1.1623
[Profile] Avg ms/step | Load: 112.434 (Prep: 17.973, Struc: 1.246, Fetch: 93.215) | Fwd: 53.388 | Bwd: 64.157 | Opt: 0.660 | GPU_Tot: 212.666
[Autotune] {"version": 1, "step": 70, "wall_seconds": 22.568858817001455, "seed_nodes": 282631, "loss": 1.1623312950134277, "all_losses_finite": true}
[Step=0080] Wall=24.6023s | Loss=0.9874
[Profile] Avg ms/step | Load: 104.852 (Prep: 13.492, Struc: 1.277, Fetch: 90.084) | Fwd: 53.683 | Bwd: 64.585 | Opt: 0.650 | GPU_Tot: 210.279
[Autotune] {"version": 1, "step": 80, "wall_seconds": 24.602348792992416, "seed_nodes": 323591, "loss": 0.9874412536621093, "all_losses_finite": true}
[Step=0090] Wall=26.6031s | Loss=0.8714
[Profile] Avg ms/step | Load: 99.552 (Prep: 10.805, Struc: 1.277, Fetch: 87.470) | Fwd: 53.872 | Bwd: 64.930 | Opt: 0.643 | GPU_Tot: 208.192
[Autotune] {"version": 1, "step": 90, "wall_seconds": 26.603077530002338, "seed_nodes": 364551, "loss": 0.8714242935180664, "all_losses_finite": true}
[Step=0100] Wall=29.0228s | Loss=0.8295
[Profile] Avg ms/step | Load: 104.997 (Prep: 17.964, Struc: 1.259, Fetch: 85.774) | Fwd: 53.101 | Bwd: 64.051 | Opt: 0.644 | GPU_Tot: 204.829
[Autotune] {"version": 1, "step": 100, "wall_seconds": 29.02275784999074, "seed_nodes": 401422, "loss": 0.8294675827026368, "all_losses_finite": true}
[Step=0110] Wall=31.2296s | Loss=0.7860
[Profile] Avg ms/step | Load: 104.242 (Prep: 15.456, Struc: 1.262, Fetch: 87.523) | Fwd: 53.279 | Bwd: 64.294 | Opt: 0.650 | GPU_Tot: 207.009
[Autotune] {"version": 1, "step": 110, "wall_seconds": 31.229551622003783, "seed_nodes": 442382, "loss": 0.7860095024108886, "all_losses_finite": true}
[Step=0120] Wall=33.3143s | Loss=0.7267
[Profile] Avg ms/step | Load: 102.107 (Prep: 13.675, Struc: 1.265, Fetch: 87.167) | Fwd: 53.419 | Bwd: 64.517 | Opt: 0.650 | GPU_Tot: 207.018
[Autotune] {"version": 1, "step": 120, "wall_seconds": 33.31428094000148, "seed_nodes": 483342, "loss": 0.7266654968261719, "all_losses_finite": true}
[Step=0130] Wall=35.3035s | Loss=0.6839
[Profile] Avg ms/step | Load: 99.310 (Prep: 12.161, Struc: 1.267, Fetch: 85.882) | Fwd: 53.564 | Bwd: 64.734 | Opt: 0.646 | GPU_Tot: 206.093
[Autotune] {"version": 1, "step": 130, "wall_seconds": 35.303497332992265, "seed_nodes": 524302, "loss": 0.6839061737060547, "all_losses_finite": true}
[Step=0140] Wall=37.3015s | Loss=0.6682
[Profile] Avg ms/step | Load: 97.070 (Prep: 10.951, Struc: 1.268, Fetch: 84.851) | Fwd: 53.696 | Bwd: 64.982 | Opt: 0.643 | GPU_Tot: 205.441
[Autotune] {"version": 1, "step": 140, "wall_seconds": 37.30154324800242, "seed_nodes": 565262, "loss": 0.6682270526885986, "all_losses_finite": true}
[Step=0150] Wall=39.8322s | Loss=0.7788
[Profile] Avg ms/step | Load: 101.205 (Prep: 15.993, Struc: 1.259, Fetch: 83.952) | Fwd: 53.307 | Bwd: 64.554 | Opt: 0.644 | GPU_Tot: 203.716
[Autotune] {"version": 1, "step": 150, "wall_seconds": 39.832176769996295, "seed_nodes": 602133, "loss": 0.7787995338439941, "all_losses_finite": true}
[Step=0160] Wall=41.9890s | Loss=0.7363
[Profile] Avg ms/step | Load: 100.622 (Prep: 14.695, Struc: 1.262, Fetch: 84.666) | Fwd: 53.409 | Bwd: 64.680 | Opt: 0.647 | GPU_Tot: 204.664
[Autotune] {"version": 1, "step": 160, "wall_seconds": 41.98903384299774, "seed_nodes": 643093, "loss": 0.7363044738769531, "all_losses_finite": true}
[Step=0170] Wall=44.0628s | Loss=0.6843
[Profile] Avg ms/step | Load: 99.532 (Prep: 13.651, Struc: 1.263, Fetch: 84.618) | Fwd: 53.486 | Bwd: 64.758 | Opt: 0.647 | GPU_Tot: 204.771
[Autotune] {"version": 1, "step": 170, "wall_seconds": 44.06278047700471, "seed_nodes": 684053, "loss": 0.6842924118041992, "all_losses_finite": true}
[Step=0180] Wall=46.0633s | Loss=0.6308
[Profile] Avg ms/step | Load: 98.028 (Prep: 12.680, Struc: 1.264, Fetch: 84.085) | Fwd: 53.564 | Bwd: 64.861 | Opt: 0.645 | GPU_Tot: 204.419
[Autotune] {"version": 1, "step": 180, "wall_seconds": 46.06333593999443, "seed_nodes": 725013, "loss": 0.6307807922363281, "all_losses_finite": true}
[Step=0190] Wall=48.0642s | Loss=0.6138
[Profile] Avg ms/step | Load: 96.788 (Prep: 11.838, Struc: 1.265, Fetch: 83.684) | Fwd: 53.619 | Bwd: 64.904 | Opt: 0.643 | GPU_Tot: 204.115
[Autotune] {"version": 1, "step": 190, "wall_seconds": 48.06424734299071, "seed_nodes": 765973, "loss": 0.6138161659240723, "all_losses_finite": true}
[Step=0200] Wall=50.6309s | Loss=0.7971
[Profile] Avg ms/step | Load: 99.949 (Prep: 15.331, Struc: 1.260, Fetch: 83.359) | Fwd: 53.337 | Bwd: 64.556 | Opt: 0.643 | GPU_Tot: 203.155
[Autotune] {"version": 1, "step": 200, "wall_seconds": 50.63090598299459, "seed_nodes": 802844, "loss": 0.7970991611480713, "all_losses_finite": true}
[Step=0210] Wall=52.8535s | Loss=0.7511
[Profile] Avg ms/step | Load: 99.974 (Prep: 14.453, Struc: 1.261, Fetch: 84.260) | Fwd: 53.416 | Bwd: 64.659 | Opt: 0.648 | GPU_Tot: 204.244
[Autotune] {"version": 1, "step": 210, "wall_seconds": 52.853510421002284, "seed_nodes": 843804, "loss": 0.7510627746582031, "all_losses_finite": true}
[Step=0220] Wall=55.0690s | Loss=0.6777
[Profile] Avg ms/step | Load: 99.980 (Prep: 13.710, Struc: 1.269, Fetch: 85.001) | Fwd: 53.479 | Bwd: 64.739 | Opt: 0.648 | GPU_Tot: 205.135
[Autotune] {"version": 1, "step": 220, "wall_seconds": 55.06903015899297, "seed_nodes": 884764, "loss": 0.6776662349700928, "all_losses_finite": true}
[Step=0230] Wall=57.1270s | Loss=0.6239
[Profile] Avg ms/step | Load: 99.162 (Prep: 12.991, Struc: 1.269, Fetch: 84.901) | Fwd: 53.532 | Bwd: 64.809 | Opt: 0.646 | GPU_Tot: 205.158
[Autotune] {"version": 1, "step": 230, "wall_seconds": 57.126970860990696, "seed_nodes": 925724, "loss": 0.6238653182983398, "all_losses_finite": true}
[Step=0240] Wall=59.1948s | Loss=0.6012
[Profile] Avg ms/step | Load: 98.475 (Prep: 12.345, Struc: 1.277, Fetch: 84.853) | Fwd: 53.579 | Bwd: 64.873 | Opt: 0.645 | GPU_Tot: 205.227
[Autotune] {"version": 1, "step": 240, "wall_seconds": 59.19484725900111, "seed_nodes": 966684, "loss": 0.6011871814727783, "all_losses_finite": true}
[Step=0250] Wall=61.6536s | Loss=0.5455
[Profile] Avg ms/step | Load: 100.249 (Prep: 14.218, Struc: 1.272, Fetch: 84.759) | Fwd: 53.376 | Bwd: 64.637 | Opt: 0.648 | GPU_Tot: 204.691
[Autotune] {"version": 1, "step": 250, "wall_seconds": 61.65361123799812, "seed_nodes": 1003555, "loss": 0.545468807220459, "all_losses_finite": true}
[Step=0260] Wall=63.9285s | Loss=0.5827
[Profile] Avg ms/step | Load: 100.496 (Prep: 13.591, Struc: 1.303, Fetch: 85.602) | Fwd: 53.434 | Bwd: 64.712 | Opt: 0.650 | GPU_Tot: 205.701
[Autotune] {"version": 1, "step": 260, "wall_seconds": 63.928541157991276, "seed_nodes": 1044515, "loss": 0.5827414989471436, "all_losses_finite": true}
[Step=0270] Wall=66.0912s | Loss=0.5711
[Profile] Avg ms/step | Load: 100.251 (Prep: 13.046, Struc: 1.307, Fetch: 85.898) | Fwd: 53.483 | Bwd: 64.768 | Opt: 0.650 | GPU_Tot: 206.106
[Autotune] {"version": 1, "step": 270, "wall_seconds": 66.09118394300458, "seed_nodes": 1085475, "loss": 0.5711270809173584, "all_losses_finite": true}
[Step=0280] Wall=68.1966s | Loss=0.5576
[Profile] Avg ms/step | Load: 99.789 (Prep: 12.505, Struc: 1.310, Fetch: 85.974) | Fwd: 53.524 | Bwd: 64.824 | Opt: 0.649 | GPU_Tot: 206.281
[Autotune] {"version": 1, "step": 280, "wall_seconds": 68.19661807800003, "seed_nodes": 1126435, "loss": 0.5576110363006592, "all_losses_finite": true}
[Step=0290] Wall=70.2038s | Loss=0.5456
[Profile] Avg ms/step | Load: 98.967 (Prep: 12.007, Struc: 1.309, Fetch: 85.651) | Fwd: 53.566 | Bwd: 64.875 | Opt: 0.648 | GPU_Tot: 206.048
[Autotune] {"version": 1, "step": 290, "wall_seconds": 70.20383373799268, "seed_nodes": 1167395, "loss": 0.545642900466919, "all_losses_finite": true}
[Step=0300] Wall=72.6839s | Loss=0.5904
[Profile] Avg ms/step | Load: 100.477 (Prep: 13.569, Struc: 1.304, Fetch: 85.604) | Fwd: 53.401 | Bwd: 64.674 | Opt: 0.648 | GPU_Tot: 205.631
[Autotune] {"version": 1, "step": 300, "wall_seconds": 72.68390651699156, "seed_nodes": 1204266, "loss": 0.5903767585754395, "all_losses_finite": true}
[Step=0310] Wall=74.8668s | Loss=0.6068
[Profile] Avg ms/step | Load: 100.356 (Prep: 13.082, Struc: 1.303, Fetch: 85.970) | Fwd: 53.440 | Bwd: 64.711 | Opt: 0.652 | GPU_Tot: 206.077
[Autotune] {"version": 1, "step": 310, "wall_seconds": 74.86677252399386, "seed_nodes": 1245226, "loss": 0.6068402290344238, "all_losses_finite": true}
[Step=0320] Wall=77.0331s | Loss=0.5476
[Profile] Avg ms/step | Load: 100.184 (Prep: 12.654, Struc: 1.310, Fetch: 86.220) | Fwd: 53.477 | Bwd: 64.749 | Opt: 0.652 | GPU_Tot: 206.407
[Autotune] {"version": 1, "step": 320, "wall_seconds": 77.03305241699854, "seed_nodes": 1286186, "loss": 0.5475743293762207, "all_losses_finite": true}
[Step=0330] Wall=79.0306s | Loss=0.5352
[Profile] Avg ms/step | Load: 99.450 (Prep: 12.220, Struc: 1.309, Fetch: 85.921) | Fwd: 53.509 | Bwd: 64.781 | Opt: 0.650 | GPU_Tot: 206.170
[Autotune] {"version": 1, "step": 330, "wall_seconds": 79.03058929600229, "seed_nodes": 1327146, "loss": 0.5351667404174805, "all_losses_finite": true}
[Step=0340] Wall=81.0300s | Loss=0.5403
[Profile] Avg ms/step | Load: 98.780 (Prep: 11.815, Struc: 1.308, Fetch: 85.658) | Fwd: 53.538 | Bwd: 64.801 | Opt: 0.649 | GPU_Tot: 205.954
[Autotune] {"version": 1, "step": 340, "wall_seconds": 81.03001401899382, "seed_nodes": 1368106, "loss": 0.5403141498565673, "all_losses_finite": true}
[Step=0350] Wall=83.5075s | Loss=0.4820
[Profile] Avg ms/step | Load: 100.054 (Prep: 13.025, Struc: 1.303, Fetch: 85.726) | Fwd: 53.398 | Bwd: 64.629 | Opt: 0.650 | GPU_Tot: 205.706
[Autotune] {"version": 1, "step": 350, "wall_seconds": 83.50752625199675, "seed_nodes": 1404977, "loss": 0.4819666862487793, "all_losses_finite": true}
[Step=0360] Wall=85.7136s | Loss=0.5194
[Profile] Avg ms/step | Load: 100.022 (Prep: 12.661, Struc: 1.303, Fetch: 86.058) | Fwd: 53.432 | Bwd: 64.678 | Opt: 0.651 | GPU_Tot: 206.123
[Autotune] {"version": 1, "step": 360, "wall_seconds": 85.71364572099992, "seed_nodes": 1445937, "loss": 0.5193911552429199, "all_losses_finite": true}
[Step=0370] Wall=87.7958s | Loss=0.5298
[Profile] Avg ms/step | Load: 99.621 (Prep: 12.279, Struc: 1.305, Fetch: 86.037) | Fwd: 53.467 | Bwd: 64.720 | Opt: 0.650 | GPU_Tot: 206.179
[Autotune] {"version": 1, "step": 370, "wall_seconds": 87.79575491799915, "seed_nodes": 1486897, "loss": 0.5298230648040771, "all_losses_finite": true}
[Step=0380] Wall=89.8061s | Loss=0.5243
[Profile] Avg ms/step | Load: 99.037 (Prep: 11.919, Struc: 1.304, Fetch: 85.814) | Fwd: 53.499 | Bwd: 64.755 | Opt: 0.649 | GPU_Tot: 206.021
[Autotune] {"version": 1, "step": 380, "wall_seconds": 89.8061208989966, "seed_nodes": 1527857, "loss": 0.5242687225341797, "all_losses_finite": true}
[Step=0390] Wall=91.8102s | Loss=0.5095
[Profile] Avg ms/step | Load: 98.480 (Prep: 11.580, Struc: 1.304, Fetch: 85.597) | Fwd: 53.528 | Bwd: 64.777 | Opt: 0.648 | GPU_Tot: 205.854
[Autotune] {"version": 1, "step": 390, "wall_seconds": 91.81019468700106, "seed_nodes": 1568817, "loss": 0.5095152854919434, "all_losses_finite": true}
[Step=0400] Wall=94.4266s | Loss=0.5089
[Profile] Avg ms/step | Load: 99.948 (Prep: 13.008, Struc: 1.300, Fetch: 85.640) | Fwd: 53.415 | Bwd: 64.644 | Opt: 0.649 | GPU_Tot: 205.648
[Autotune] {"version": 1, "step": 400, "wall_seconds": 94.42656416200043, "seed_nodes": 1605688, "loss": 0.5089099407196045, "all_losses_finite": true}
[Step=0410] Wall=96.6161s | Loss=0.5259
[Profile] Avg ms/step | Load: 99.883 (Prep: 12.696, Struc: 1.300, Fetch: 85.887) | Fwd: 53.446 | Bwd: 64.681 | Opt: 0.650 | GPU_Tot: 205.964
[Autotune] {"version": 1, "step": 410, "wall_seconds": 96.61610493400076, "seed_nodes": 1646648, "loss": 0.5258590698242187, "all_losses_finite": true}
[Step=0420] Wall=98.6267s | Loss=0.5089
[Profile] Avg ms/step | Load: 99.346 (Prep: 12.363, Struc: 1.299, Fetch: 85.684) | Fwd: 53.479 | Bwd: 64.719 | Opt: 0.649 | GPU_Tot: 205.829
[Autotune] {"version": 1, "step": 420, "wall_seconds": 98.62673379199987, "seed_nodes": 1687608, "loss": 0.5089482307434082, "all_losses_finite": true}
[Step=0430] Wall=100.6257s | Loss=0.5106
[Profile] Avg ms/step | Load: 98.831 (Prep: 12.047, Struc: 1.299, Fetch: 85.485) | Fwd: 53.502 | Bwd: 64.737 | Opt: 0.648 | GPU_Tot: 205.671
[Autotune] {"version": 1, "step": 430, "wall_seconds": 100.62565714100492, "seed_nodes": 1728568, "loss": 0.510584545135498, "all_losses_finite": true}
[Step=0440] Wall=102.6242s | Loss=0.5035
[Profile] Avg ms/step | Load: 98.338 (Prep: 11.748, Struc: 1.298, Fetch: 85.293) | Fwd: 53.525 | Bwd: 64.757 | Opt: 0.647 | GPU_Tot: 205.520
[Autotune] {"version": 1, "step": 440, "wall_seconds": 102.62418762200105, "seed_nodes": 1769528, "loss": 0.5034976005554199, "all_losses_finite": true}
[Step=0450] Wall=105.1879s | Loss=0.7126
[Profile] Avg ms/step | Load: 99.508 (Prep: 12.843, Struc: 1.295, Fetch: 85.371) | Fwd: 53.421 | Bwd: 64.638 | Opt: 0.649 | GPU_Tot: 205.374
[Autotune] {"version": 1, "step": 450, "wall_seconds": 105.18788005599345, "seed_nodes": 1806399, "loss": 0.7126346111297608, "all_losses_finite": true}
[Step=0460] Wall=107.3581s | Loss=0.6367
[Profile] Avg ms/step | Load: 99.388 (Prep: 12.568, Struc: 1.295, Fetch: 85.525) | Fwd: 53.455 | Bwd: 64.691 | Opt: 0.650 | GPU_Tot: 205.615
[Autotune] {"version": 1, "step": 460, "wall_seconds": 107.3580811790016, "seed_nodes": 1847359, "loss": 0.6366743564605712, "all_losses_finite": true}
[Step=0470] Wall=109.4106s | Loss=0.6092
[Profile] Avg ms/step | Load: 99.012 (Prep: 12.277, Struc: 1.295, Fetch: 85.440) | Fwd: 53.484 | Bwd: 64.733 | Opt: 0.649 | GPU_Tot: 205.601
[Autotune] {"version": 1, "step": 470, "wall_seconds": 109.41056675800064, "seed_nodes": 1888319, "loss": 0.6091967105865479, "all_losses_finite": true}
[Step=0480] Wall=111.4320s | Loss=0.5569
[Profile] Avg ms/step | Load: 98.604 (Prep: 11.999, Struc: 1.294, Fetch: 85.310) | Fwd: 53.507 | Bwd: 64.758 | Opt: 0.648 | GPU_Tot: 205.517
[Autotune] {"version": 1, "step": 480, "wall_seconds": 111.43196600399096, "seed_nodes": 1929279, "loss": 0.5569039344787597, "all_losses_finite": true}
[Step=0490] Wall=113.2843s | Loss=0.5199
[Profile] Avg ms/step | Load: 98.085 (Prep: 11.734, Struc: 1.291, Fetch: 85.060) | Fwd: 53.414 | Bwd: 64.648 | Opt: 0.648 | GPU_Tot: 205.061
[Autotune] {"version": 1, "step": 490, "wall_seconds": 113.2843235420005, "seed_nodes": 1966150, "loss": 0.5199429988861084, "all_losses_finite": true}
[Step=0500] Wall=115.9694s | Loss=0.5466
[Profile] Avg ms/step | Load: 99.145 (Prep: 12.502, Struc: 1.291, Fetch: 85.352) | Fwd: 53.439 | Bwd: 64.681 | Opt: 0.649 | GPU_Tot: 205.413
[Autotune] {"version": 1, "step": 500, "wall_seconds": 115.96939700900111, "seed_nodes": 2007110, "loss": 0.5465893745422363, "all_losses_finite": true}
[Step=0510] Wall=118.1058s | Loss=0.5481
[Profile] Avg ms/step | Load: 98.985 (Prep: 12.263, Struc: 1.291, Fetch: 85.431) | Fwd: 53.467 | Bwd: 64.719 | Opt: 0.649 | GPU_Tot: 205.557
[Autotune] {"version": 1, "step": 510, "wall_seconds": 118.10577031600405, "seed_nodes": 2048070, "loss": 0.5480591773986816, "all_losses_finite": true}
[Step=0520] Wall=120.1506s | Loss=0.5348
[Profile] Avg ms/step | Load: 98.651 (Prep: 12.008, Struc: 1.292, Fetch: 85.351) | Fwd: 53.492 | Bwd: 64.746 | Opt: 0.649 | GPU_Tot: 205.530
[Autotune] {"version": 1, "step": 520, "wall_seconds": 120.15055499199661, "seed_nodes": 2089030, "loss": 0.5348387718200683, "all_losses_finite": true}
[Step=0530] Wall=122.1857s | Loss=0.5188
[Profile] Avg ms/step | Load: 98.320 (Prep: 11.764, Struc: 1.293, Fetch: 85.263) | Fwd: 53.514 | Bwd: 64.767 | Opt: 0.648 | GPU_Tot: 205.484
[Autotune] {"version": 1, "step": 530, "wall_seconds": 122.18570605000423, "seed_nodes": 2129990, "loss": 0.5187626361846924, "all_losses_finite": true}
[Step=0540] Wall=124.4883s | Loss=0.5386
[Profile] Avg ms/step | Load: 98.767 (Prep: 12.463, Struc: 1.290, Fetch: 85.014) | Fwd: 53.429 | Bwd: 64.661 | Opt: 0.648 | GPU_Tot: 205.042
[Autotune] {"version": 1, "step": 540, "wall_seconds": 124.48830059300235, "seed_nodes": 2166861, "loss": 0.5386134624481201, "all_losses_finite": true}
[Step=0550] Wall=126.7247s | Loss=0.6246
[Profile] Avg ms/step | Load: 98.830 (Prep: 12.288, Struc: 1.290, Fetch: 85.252) | Fwd: 53.452 | Bwd: 64.691 | Opt: 0.649 | GPU_Tot: 205.334
[Autotune] {"version": 1, "step": 550, "wall_seconds": 126.72465287600062, "seed_nodes": 2207821, "loss": 0.6245742797851562, "all_losses_finite": true}
[Step=0560] Wall=128.9067s | Loss=0.5786
[Profile] Avg ms/step | Load: 98.787 (Prep: 12.077, Struc: 1.290, Fetch: 85.420) | Fwd: 53.473 | Bwd: 64.719 | Opt: 0.650 | GPU_Tot: 205.552
[Autotune] {"version": 1, "step": 560, "wall_seconds": 128.90666815299483, "seed_nodes": 2248781, "loss": 0.5785845756530762, "all_losses_finite": true}
[Step=0570] Wall=130.9461s | Loss=0.5370
[Profile] Avg ms/step | Load: 98.479 (Prep: 11.850, Struc: 1.290, Fetch: 85.339) | Fwd: 53.494 | Bwd: 64.745 | Opt: 0.650 | GPU_Tot: 205.518
[Autotune] {"version": 1, "step": 570, "wall_seconds": 130.94612699699064, "seed_nodes": 2289741, "loss": 0.5369851589202881, "all_losses_finite": true}
[Step=0580] Wall=133.0178s | Loss=0.5241
[Profile] Avg ms/step | Load: 98.241 (Prep: 11.632, Struc: 1.293, Fetch: 85.316) | Fwd: 53.515 | Bwd: 64.771 | Opt: 0.649 | GPU_Tot: 205.544
[Autotune] {"version": 1, "step": 580, "wall_seconds": 133.01780787100142, "seed_nodes": 2330701, "loss": 0.5241440773010254, "all_losses_finite": true}
[Step=0590] Wall=135.4108s | Loss=0.5216
[Profile] Avg ms/step | Load: 98.809 (Prep: 12.320, Struc: 1.291, Fetch: 85.199) | Fwd: 53.440 | Bwd: 64.676 | Opt: 0.649 | GPU_Tot: 205.255
[Autotune] {"version": 1, "step": 590, "wall_seconds": 135.41076377799618, "seed_nodes": 2367572, "loss": 0.5215776443481446, "all_losses_finite": true}
[Step=0600] Wall=137.6642s | Loss=0.5442
[Profile] Avg ms/step | Load: 98.899 (Prep: 12.107, Struc: 1.290, Fetch: 85.502) | Fwd: 53.461 | Bwd: 64.699 | Opt: 0.650 | GPU_Tot: 205.603
[Autotune] {"version": 1, "step": 600, "wall_seconds": 137.664240736005, "seed_nodes": 2408532, "loss": 0.544209623336792, "all_losses_finite": true}
[Step=0610] Wall=139.7845s | Loss=0.5122
[Profile] Avg ms/step | Load: 98.734 (Prep: 11.915, Struc: 1.290, Fetch: 85.528) | Fwd: 53.485 | Bwd: 64.738 | Opt: 0.650 | GPU_Tot: 205.691
[Autotune] {"version": 1, "step": 610, "wall_seconds": 139.78449342500244, "seed_nodes": 2449492, "loss": 0.5122299671173096, "all_losses_finite": true}
[Step=0620] Wall=141.8148s | Loss=0.5280
[Profile] Avg ms/step | Load: 98.434 (Prep: 11.710, Struc: 1.290, Fetch: 85.434) | Fwd: 53.506 | Bwd: 64.762 | Opt: 0.650 | GPU_Tot: 205.642
[Autotune] {"version": 1, "step": 620, "wall_seconds": 141.81478644699382, "seed_nodes": 2490452, "loss": 0.528013801574707, "all_losses_finite": true}
[Step=0630] Wall=143.8254s | Loss=0.4965
[Profile] Avg ms/step | Load: 98.115 (Prep: 11.513, Struc: 1.290, Fetch: 85.312) | Fwd: 53.524 | Bwd: 64.785 | Opt: 0.649 | GPU_Tot: 205.560
[Autotune] {"version": 1, "step": 630, "wall_seconds": 143.82541224799934, "seed_nodes": 2531412, "loss": 0.49652976989746095, "all_losses_finite": true}
[Step=0640] Wall=146.2002s | Loss=0.5986
[Profile] Avg ms/step | Load: 98.610 (Prep: 12.134, Struc: 1.288, Fetch: 85.188) | Fwd: 53.454 | Bwd: 64.697 | Opt: 0.649 | GPU_Tot: 205.276
[Autotune] {"version": 1, "step": 640, "wall_seconds": 146.2002337689919, "seed_nodes": 2568283, "loss": 0.5986056804656983, "all_losses_finite": true}
[Step=0650] Wall=148.4376s | Loss=0.5830
[Profile] Avg ms/step | Load: 98.665 (Prep: 11.942, Struc: 1.288, Fetch: 85.435) | Fwd: 53.474 | Bwd: 64.721 | Opt: 0.650 | GPU_Tot: 205.569
[Autotune] {"version": 1, "step": 650, "wall_seconds": 148.4376304519974, "seed_nodes": 2609243, "loss": 0.5829837322235107, "all_losses_finite": true}
[Step=0660] Wall=150.5851s | Loss=0.5467
[Profile] Avg ms/step | Load: 98.567 (Prep: 11.768, Struc: 1.289, Fetch: 85.511) | Fwd: 53.496 | Bwd: 64.750 | Opt: 0.650 | GPU_Tot: 205.696
[Autotune] {"version": 1, "step": 660, "wall_seconds": 150.58505499799503, "seed_nodes": 2650203, "loss": 0.546656608581543, "all_losses_finite": true}
[Step=0670] Wall=152.6786s | Loss=0.5161
[Profile] Avg ms/step | Load: 98.396 (Prep: 11.582, Struc: 1.291, Fetch: 85.524) | Fwd: 53.513 | Bwd: 64.773 | Opt: 0.650 | GPU_Tot: 205.750
[Autotune] {"version": 1, "step": 670, "wall_seconds": 152.67859361699084, "seed_nodes": 2691163, "loss": 0.5160797595977783, "all_losses_finite": true}
[Step=0680] Wall=154.8053s | Loss=0.5064
[Profile] Avg ms/step | Load: 98.276 (Prep: 11.402, Struc: 1.293, Fetch: 85.582) | Fwd: 53.532 | Bwd: 64.798 | Opt: 0.650 | GPU_Tot: 205.855
[Autotune] {"version": 1, "step": 680, "wall_seconds": 154.80533750599716, "seed_nodes": 2732123, "loss": 0.5064486026763916, "all_losses_finite": true}
[Step=0690] Wall=157.3309s | Loss=0.5527
[Profile] Avg ms/step | Load: 98.968 (Prep: 12.158, Struc: 1.291, Fetch: 85.519) | Fwd: 53.465 | Bwd: 64.713 | Opt: 0.650 | GPU_Tot: 205.638
[Autotune] {"version": 1, "step": 690, "wall_seconds": 157.33086429399555, "seed_nodes": 2768994, "loss": 0.5526662826538086, "all_losses_finite": true}
[Step=0700] Wall=159.5241s | Loss=0.5474
[Profile] Avg ms/step | Load: 98.942 (Prep: 11.980, Struc: 1.291, Fetch: 85.671) | Fwd: 53.485 | Bwd: 64.739 | Opt: 0.650 | GPU_Tot: 205.836
[Autotune] {"version": 1, "step": 700, "wall_seconds": 159.52408869299688, "seed_nodes": 2809954, "loss": 0.5474273681640625, "all_losses_finite": true}
[Step=0710] Wall=161.6946s | Loss=0.5288
[Profile] Avg ms/step | Load: 98.894 (Prep: 11.818, Struc: 1.291, Fetch: 85.785) | Fwd: 53.501 | Bwd: 64.757 | Opt: 0.650 | GPU_Tot: 205.984
[Autotune] {"version": 1, "step": 710, "wall_seconds": 161.69455155999458, "seed_nodes": 2850914, "loss": 0.528787899017334, "all_losses_finite": true}
[Step=0720] Wall=163.7221s | Loss=0.5034
[Profile] Avg ms/step | Load: 98.629 (Prep: 11.645, Struc: 1.291, Fetch: 85.693) | Fwd: 53.518 | Bwd: 64.781 | Opt: 0.650 | GPU_Tot: 205.933
[Autotune] {"version": 1, "step": 720, "wall_seconds": 163.72211555000104, "seed_nodes": 2891874, "loss": 0.503385591506958, "all_losses_finite": true}
[Step=0730] Wall=165.8089s | Loss=0.4882
[Profile] Avg ms/step | Load: 98.466 (Prep: 11.477, Struc: 1.292, Fetch: 85.697) | Fwd: 53.534 | Bwd: 64.797 | Opt: 0.650 | GPU_Tot: 205.970
[Autotune] {"version": 1, "step": 730, "wall_seconds": 165.80887756499578, "seed_nodes": 2932834, "loss": 0.48817944526672363, "all_losses_finite": true}
[Step=0740] Wall=168.3610s | Loss=0.7598
[Profile] Avg ms/step | Load: 99.131 (Prep: 12.212, Struc: 1.291, Fetch: 85.629) | Fwd: 53.474 | Bwd: 64.728 | Opt: 0.650 | GPU_Tot: 205.772
[Autotune] {"version": 1, "step": 740, "wall_seconds": 168.36103515399736, "seed_nodes": 2969705, "loss": 0.759764575958252, "all_losses_finite": true}
[Step=0750] Wall=170.5672s | Loss=0.6612
[Profile] Avg ms/step | Load: 99.122 (Prep: 12.046, Struc: 1.290, Fetch: 85.786) | Fwd: 53.493 | Bwd: 64.752 | Opt: 0.651 | GPU_Tot: 205.972
[Autotune] {"version": 1, "step": 750, "wall_seconds": 170.5671551169944, "seed_nodes": 3010665, "loss": 0.6612354278564453, "all_losses_finite": true}
[Step=0760] Wall=172.6649s | Loss=0.5827
[Profile] Avg ms/step | Load: 98.974 (Prep: 11.894, Struc: 1.290, Fetch: 85.790) | Fwd: 53.507 | Bwd: 64.769 | Opt: 0.651 | GPU_Tot: 206.007
[Autotune] {"version": 1, "step": 760, "wall_seconds": 172.66492641399964, "seed_nodes": 3051625, "loss": 0.5826914310455322, "all_losses_finite": true}
[Step=0770] Wall=174.7633s | Loss=0.5702
[Profile] Avg ms/step | Load: 98.826 (Prep: 11.732, Struc: 1.292, Fetch: 85.802) | Fwd: 53.522 | Bwd: 64.790 | Opt: 0.650 | GPU_Tot: 206.056
[Autotune] {"version": 1, "step": 770, "wall_seconds": 174.76334838499315, "seed_nodes": 3092585, "loss": 0.5701679706573486, "all_losses_finite": true}
[Step=0780] Wall=176.8064s | Loss=0.5247
[Profile] Avg ms/step | Load: 98.610 (Prep: 11.574, Struc: 1.293, Fetch: 85.743) | Fwd: 53.536 | Bwd: 64.807 | Opt: 0.650 | GPU_Tot: 206.029
[Autotune] {"version": 1, "step": 780, "wall_seconds": 176.80641153200122, "seed_nodes": 3133545, "loss": 0.5246647357940674, "all_losses_finite": true}
[Step=0790] Wall=179.3976s | Loss=0.5025
[Profile] Avg ms/step | Load: 99.281 (Prep: 12.301, Struc: 1.291, Fetch: 85.689) | Fwd: 53.480 | Bwd: 64.743 | Opt: 0.650 | GPU_Tot: 205.854
[Autotune] {"version": 1, "step": 790, "wall_seconds": 179.39764458799618, "seed_nodes": 3170416, "loss": 0.5024698734283447, "all_losses_finite": true}
[Step=0800] Wall=181.6555s | Loss=0.5221
[Profile] Avg ms/step | Load: 99.347 (Prep: 12.144, Struc: 1.291, Fetch: 85.911) | Fwd: 53.494 | Bwd: 64.760 | Opt: 0.651 | GPU_Tot: 206.108
[Autotune] {"version": 1, "step": 800, "wall_seconds": 181.65550314499706, "seed_nodes": 3211376, "loss": 0.5221102714538575, "all_losses_finite": true}
[Step=0810] Wall=183.8053s | Loss=0.5180
[Profile] Avg ms/step | Load: 99.261 (Prep: 12.000, Struc: 1.293, Fetch: 85.968) | Fwd: 53.510 | Bwd: 64.785 | Opt: 0.651 | GPU_Tot: 206.208
[Autotune] {"version": 1, "step": 810, "wall_seconds": 183.80534611199982, "seed_nodes": 3252336, "loss": 0.5179675102233887, "all_losses_finite": true}
[Step=0820] Wall=185.8069s | Loss=0.4961
[Profile] Avg ms/step | Load: 98.999 (Prep: 11.847, Struc: 1.293, Fetch: 85.859) | Fwd: 53.524 | Bwd: 64.801 | Opt: 0.650 | GPU_Tot: 206.127
[Autotune] {"version": 1, "step": 820, "wall_seconds": 185.8068553339981, "seed_nodes": 3293296, "loss": 0.49607176780700685, "all_losses_finite": true}
[Step=0830] Wall=187.8090s | Loss=0.4788
[Profile] Avg ms/step | Load: 98.748 (Prep: 11.698, Struc: 1.293, Fetch: 85.758) | Fwd: 53.536 | Bwd: 64.812 | Opt: 0.650 | GPU_Tot: 206.049
[Autotune] {"version": 1, "step": 830, "wall_seconds": 187.80900531099178, "seed_nodes": 3334256, "loss": 0.4787750720977783, "all_losses_finite": true}
[Step=0840] Wall=190.3913s | Loss=0.5095
[Profile] Avg ms/step | Load: 99.372 (Prep: 12.288, Struc: 1.292, Fetch: 85.792) | Fwd: 53.482 | Bwd: 64.746 | Opt: 0.651 | GPU_Tot: 205.962
[Autotune] {"version": 1, "step": 840, "wall_seconds": 190.39128149900353, "seed_nodes": 3371127, "loss": 0.509480619430542, "all_losses_finite": true}
[Step=0850] Wall=192.6937s | Loss=0.5364
[Profile] Avg ms/step | Load: 99.482 (Prep: 12.153, Struc: 1.292, Fetch: 86.037) | Fwd: 53.497 | Bwd: 64.766 | Opt: 0.651 | GPU_Tot: 206.243
[Autotune] {"version": 1, "step": 850, "wall_seconds": 192.6937380439922, "seed_nodes": 3412087, "loss": 0.5364451885223389, "all_losses_finite": true}
[Step=0860] Wall=194.7384s | Loss=0.5050
[Profile] Avg ms/step | Load: 99.274 (Prep: 12.006, Struc: 1.291, Fetch: 85.977) | Fwd: 53.512 | Bwd: 64.787 | Opt: 0.651 | GPU_Tot: 206.218
[Autotune] {"version": 1, "step": 860, "wall_seconds": 194.73839713299822, "seed_nodes": 3453047, "loss": 0.5049686431884766, "all_losses_finite": true}
[Step=0870] Wall=196.7844s | Loss=0.4947
[Profile] Avg ms/step | Load: 99.072 (Prep: 11.862, Struc: 1.291, Fetch: 85.919) | Fwd: 53.526 | Bwd: 64.809 | Opt: 0.650 | GPU_Tot: 206.196
[Autotune] {"version": 1, "step": 870, "wall_seconds": 196.78441710199695, "seed_nodes": 3494007, "loss": 0.49465265274047854, "all_losses_finite": true}
[Step=0880] Wall=198.8272s | Loss=0.4691
[Profile] Avg ms/step | Load: 98.870 (Prep: 11.721, Struc: 1.291, Fetch: 85.857) | Fwd: 53.541 | Bwd: 64.831 | Opt: 0.650 | GPU_Tot: 206.170
[Autotune] {"version": 1, "step": 880, "wall_seconds": 198.8271700750047, "seed_nodes": 3534967, "loss": 0.46914072036743165, "all_losses_finite": true}
[Step=0890] Wall=201.4061s | Loss=0.6184
[Profile] Avg ms/step | Load: 99.447 (Prep: 12.235, Struc: 1.290, Fetch: 85.922) | Fwd: 53.491 | Bwd: 64.772 | Opt: 0.650 | GPU_Tot: 206.125
[Autotune] {"version": 1, "step": 890, "wall_seconds": 201.40613483299967, "seed_nodes": 3571838, "loss": 0.618397569656372, "all_losses_finite": true}
[Step=0900] Wall=203.6702s | Loss=0.5731
[Profile] Avg ms/step | Load: 99.508 (Prep: 12.108, Struc: 1.290, Fetch: 86.110) | Fwd: 53.505 | Bwd: 64.787 | Opt: 0.651 | GPU_Tot: 206.343
[Autotune] {"version": 1, "step": 900, "wall_seconds": 203.67019060399616, "seed_nodes": 3612798, "loss": 0.573146390914917, "all_losses_finite": true}
[Step=0910] Wall=205.6688s | Loss=0.5366
[Profile] Avg ms/step | Load: 99.273 (Prep: 11.970, Struc: 1.290, Fetch: 86.014) | Fwd: 53.516 | Bwd: 64.796 | Opt: 0.651 | GPU_Tot: 206.266
[Autotune] {"version": 1, "step": 910, "wall_seconds": 205.66883523500292, "seed_nodes": 3653758, "loss": 0.5365787506103515, "all_losses_finite": true}
[Step=0920] Wall=207.6758s | Loss=0.5059
[Profile] Avg ms/step | Load: 99.051 (Prep: 11.834, Struc: 1.290, Fetch: 85.927) | Fwd: 53.526 | Bwd: 64.807 | Opt: 0.650 | GPU_Tot: 206.200
[Autotune] {"version": 1, "step": 920, "wall_seconds": 207.67581557299127, "seed_nodes": 3694718, "loss": 0.5059246063232422, "all_losses_finite": true}
[Step=0930] Wall=209.6907s | Loss=0.4910
[Profile] Avg ms/step | Load: 98.840 (Prep: 11.702, Struc: 1.290, Fetch: 85.849) | Fwd: 53.537 | Bwd: 64.819 | Opt: 0.650 | GPU_Tot: 206.145
[Autotune] {"version": 1, "step": 930, "wall_seconds": 209.69068109100044, "seed_nodes": 3735678, "loss": 0.4909510135650635, "all_losses_finite": true}
[Step=0940] Wall=212.3024s | Loss=0.6532
[Profile] Avg ms/step | Load: 99.420 (Prep: 12.250, Struc: 1.288, Fetch: 85.882) | Fwd: 53.490 | Bwd: 64.766 | Opt: 0.651 | GPU_Tot: 206.076
[Autotune] {"version": 1, "step": 940, "wall_seconds": 212.30236766699818, "seed_nodes": 3772549, "loss": 0.6531753540039062, "all_losses_finite": true}
[Step=0950] Wall=214.4632s | Loss=0.5812
[Profile] Avg ms/step | Load: 99.368 (Prep: 12.129, Struc: 1.288, Fetch: 85.950) | Fwd: 53.501 | Bwd: 64.779 | Opt: 0.651 | GPU_Tot: 206.170
[Autotune] {"version": 1, "step": 950, "wall_seconds": 214.4631991579954, "seed_nodes": 3813509, "loss": 0.5812010288238525, "all_losses_finite": true}
[Step=0960] Wall=216.4920s | Loss=0.5258
[Profile] Avg ms/step | Load: 99.173 (Prep: 11.998, Struc: 1.288, Fetch: 85.886) | Fwd: 53.513 | Bwd: 64.793 | Opt: 0.651 | GPU_Tot: 206.131
[Autotune] {"version": 1, "step": 960, "wall_seconds": 216.4919647959905, "seed_nodes": 3854469, "loss": 0.5257919311523438, "all_losses_finite": true}
[Step=0970] Wall=218.6502s | Loss=0.5140
[Profile] Avg ms/step | Load: 99.118 (Prep: 11.870, Struc: 1.290, Fetch: 85.958) | Fwd: 53.526 | Bwd: 64.809 | Opt: 0.651 | GPU_Tot: 206.233
[Autotune] {"version": 1, "step": 970, "wall_seconds": 218.65024847799214, "seed_nodes": 3895429, "loss": 0.5140308856964111, "all_losses_finite": true}
[Step=0980] Wall=220.4764s | Loss=0.4900
[Profile] Avg ms/step | Load: 98.839 (Prep: 11.744, Struc: 1.289, Fetch: 85.806) | Fwd: 53.480 | Bwd: 64.753 | Opt: 0.651 | GPU_Tot: 205.979
[Autotune] {"version": 1, "step": 980, "wall_seconds": 220.476378981999, "seed_nodes": 3932300, "loss": 0.4899600028991699, "all_losses_finite": true}
[Step=0990] Wall=223.4666s | Loss=0.5589
[Profile] Avg ms/step | Load: 99.662 (Prep: 12.379, Struc: 1.289, Fetch: 85.994) | Fwd: 53.493 | Bwd: 64.771 | Opt: 0.651 | GPU_Tot: 206.198
[Autotune] {"version": 1, "step": 990, "wall_seconds": 223.46659260400338, "seed_nodes": 3973260, "loss": 0.5589084148406982, "all_losses_finite": true}
[Step=1000] Wall=225.6234s | Loss=0.5384
[Profile] Avg ms/step | Load: 99.599 (Prep: 12.263, Struc: 1.289, Fetch: 86.047) | Fwd: 53.505 | Bwd: 64.789 | Opt: 0.651 | GPU_Tot: 206.282
[Autotune] {"version": 1, "step": 1000, "wall_seconds": 225.62336133599456, "seed_nodes": 4014220, "loss": 0.5384129047393799, "all_losses_finite": true}
[Step=1010] Wall=227.6271s | Loss=0.5241
[Profile] Avg ms/step | Load: 99.388 (Prep: 12.137, Struc: 1.289, Fetch: 85.962) | Fwd: 53.516 | Bwd: 64.801 | Opt: 0.651 | GPU_Tot: 206.219
[Autotune] {"version": 1, "step": 1010, "wall_seconds": 227.62705450100475, "seed_nodes": 4055180, "loss": 0.5240573883056641, "all_losses_finite": true}
[Step=1020] Wall=229.6255s | Loss=0.4961
[Profile] Avg ms/step | Load: 99.180 (Prep: 12.014, Struc: 1.289, Fetch: 85.877) | Fwd: 53.525 | Bwd: 64.810 | Opt: 0.651 | GPU_Tot: 206.151
[Autotune] {"version": 1, "step": 1020, "wall_seconds": 229.62549666900304, "seed_nodes": 4096140, "loss": 0.4961398601531982, "all_losses_finite": true}
[Step=1030] Wall=232.1695s | Loss=0.4500
[Profile] Avg ms/step | Load: 99.644 (Prep: 12.580, Struc: 1.288, Fetch: 85.777) | Fwd: 53.482 | Bwd: 64.753 | Opt: 0.651 | GPU_Tot: 205.949
[Autotune] {"version": 1, "step": 1030, "wall_seconds": 232.16945835399383, "seed_nodes": 4133011, "loss": 0.4500271797180176, "all_losses_finite": true}
[Step=1040] Wall=234.3563s | Loss=0.5140
[Profile] Avg ms/step | Load: 99.611 (Prep: 12.458, Struc: 1.288, Fetch: 85.865) | Fwd: 53.494 | Bwd: 64.772 | Opt: 0.652 | GPU_Tot: 206.070
[Autotune] {"version": 1, "step": 1040, "wall_seconds": 234.3562747889955, "seed_nodes": 4173971, "loss": 0.5139915466308593, "all_losses_finite": true}
[Step=1050] Wall=236.6955s | Loss=0.4779
[Profile] Avg ms/step | Load: 99.734 (Prep: 12.347, Struc: 1.289, Fetch: 86.098) | Fwd: 53.506 | Bwd: 64.787 | Opt: 0.652 | GPU_Tot: 206.332
[Autotune] {"version": 1, "step": 1050, "wall_seconds": 236.69553169400024, "seed_nodes": 4214931, "loss": 0.47794275283813475, "all_losses_finite": true}
[Step=1060] Wall=238.7848s | Loss=0.4756
[Profile] Avg ms/step | Load: 99.613 (Prep: 12.227, Struc: 1.289, Fetch: 86.098) | Fwd: 53.516 | Bwd: 64.801 | Opt: 0.652 | GPU_Tot: 206.355
[Autotune] {"version": 1, "step": 1060, "wall_seconds": 238.78476168199268, "seed_nodes": 4255891, "loss": 0.4756019592285156, "all_losses_finite": true}
[Step=1070] Wall=240.8129s | Loss=0.4689
[Profile] Avg ms/step | Load: 99.435 (Prep: 12.108, Struc: 1.289, Fetch: 86.038) | Fwd: 53.527 | Bwd: 64.814 | Opt: 0.652 | GPU_Tot: 206.319
[Autotune] {"version": 1, "step": 1070, "wall_seconds": 240.81287359599082, "seed_nodes": 4296851, "loss": 0.4688551902770996, "all_losses_finite": true}
[Step=1080] Wall=243.3977s | Loss=0.4520
[Profile] Avg ms/step | Load: 99.902 (Prep: 12.664, Struc: 1.288, Fetch: 85.950) | Fwd: 53.487 | Bwd: 64.769 | Opt: 0.652 | GPU_Tot: 206.146
[Autotune] {"version": 1, "step": 1080, "wall_seconds": 243.39770383499854, "seed_nodes": 4333722, "loss": 0.4519691467285156, "all_losses_finite": true}
[Step=1090] Wall=245.6908s | Loss=0.4994
[Profile] Avg ms/step | Load: 99.973 (Prep: 12.547, Struc: 1.288, Fetch: 86.137) | Fwd: 53.499 | Bwd: 64.784 | Opt: 0.652 | GPU_Tot: 206.361
[Autotune] {"version": 1, "step": 1090, "wall_seconds": 245.69077287199616, "seed_nodes": 4374682, "loss": 0.4994208335876465, "all_losses_finite": true}
[Step=1100] Wall=247.8294s | Loss=0.4691
[Profile] Avg ms/step | Load: 99.897 (Prep: 12.440, Struc: 1.288, Fetch: 86.169) | Fwd: 53.510 | Bwd: 64.800 | Opt: 0.652 | GPU_Tot: 206.419
[Autotune] {"version": 1, "step": 1100, "wall_seconds": 247.829369390005, "seed_nodes": 4415642, "loss": 0.469122314453125, "all_losses_finite": true}
[Step=1110] Wall=249.8505s | Loss=0.4635
[Profile] Avg ms/step | Load: 99.715 (Prep: 12.325, Struc: 1.288, Fetch: 86.103) | Fwd: 53.521 | Bwd: 64.812 | Opt: 0.652 | GPU_Tot: 206.376
[Autotune] {"version": 1, "step": 1110, "wall_seconds": 249.85045508899202, "seed_nodes": 4456602, "loss": 0.4635478496551514, "all_losses_finite": true}
[Step=1120] Wall=251.8718s | Loss=0.4616
[Profile] Avg ms/step | Load: 99.538 (Prep: 12.211, Struc: 1.288, Fetch: 86.039) | Fwd: 53.531 | Bwd: 64.825 | Opt: 0.652 | GPU_Tot: 206.335
[Autotune] {"version": 1, "step": 1120, "wall_seconds": 251.87176081100188, "seed_nodes": 4497562, "loss": 0.4615653038024902, "all_losses_finite": true}
[Step=1130] Wall=254.4694s | Loss=0.5228
[Profile] Avg ms/step | Load: 99.997 (Prep: 12.739, Struc: 1.287, Fetch: 85.971) | Fwd: 53.494 | Bwd: 64.780 | Opt: 0.652 | GPU_Tot: 206.183
[Autotune] {"version": 1, "step": 1130, "wall_seconds": 254.4694496209995, "seed_nodes": 4534433, "loss": 0.5228476524353027, "all_losses_finite": true}
[Step=1140] Wall=256.6831s | Loss=0.6152
[Profile] Avg ms/step | Load: 99.994 (Prep: 12.627, Struc: 1.287, Fetch: 86.080) | Fwd: 53.504 | Bwd: 64.793 | Opt: 0.653 | GPU_Tot: 206.316
[Autotune] {"version": 1, "step": 1140, "wall_seconds": 256.6830804189958, "seed_nodes": 4575393, "loss": 0.6152163505554199, "all_losses_finite": true}
[Step=1150] Wall=258.8507s | Loss=0.5461
[Profile] Avg ms/step | Load: 99.950 (Prep: 12.524, Struc: 1.287, Fetch: 86.139) | Fwd: 53.514 | Bwd: 64.805 | Opt: 0.653 | GPU_Tot: 206.397
[Autotune] {"version": 1, "step": 1150, "wall_seconds": 258.8506734230032, "seed_nodes": 4616353, "loss": 0.5461119651794434, "all_losses_finite": true}
[Step=1160] Wall=260.8678s | Loss=0.5164
[Profile] Avg ms/step | Load: 99.771 (Prep: 12.413, Struc: 1.287, Fetch: 86.072) | Fwd: 53.524 | Bwd: 64.819 | Opt: 0.652 | GPU_Tot: 206.354
[Autotune] {"version": 1, "step": 1160, "wall_seconds": 260.8677691799967, "seed_nodes": 4657313, "loss": 0.5164138793945312, "all_losses_finite": true}
[Step=1170] Wall=262.8832s | Loss=0.4865
[Profile] Avg ms/step | Load: 99.596 (Prep: 12.303, Struc: 1.287, Fetch: 86.006) | Fwd: 53.533 | Bwd: 64.831 | Opt: 0.652 | GPU_Tot: 206.309
[Autotune] {"version": 1, "step": 1170, "wall_seconds": 262.88323729300464, "seed_nodes": 4698273, "loss": 0.4865464687347412, "all_losses_finite": true}
[Step=1180] Wall=265.5053s | Loss=0.4355
[Profile] Avg ms/step | Load: 100.058 (Prep: 12.815, Struc: 1.286, Fetch: 85.957) | Fwd: 53.497 | Bwd: 64.786 | Opt: 0.653 | GPU_Tot: 206.178
[Autotune] {"version": 1, "step": 1180, "wall_seconds": 265.5053425789956, "seed_nodes": 4735144, "loss": 0.43549556732177735, "all_losses_finite": true}
[Step=1190] Wall=267.7116s | Loss=0.4811
[Profile] Avg ms/step | Load: 100.048 (Prep: 12.708, Struc: 1.286, Fetch: 86.054) | Fwd: 53.507 | Bwd: 64.798 | Opt: 0.653 | GPU_Tot: 206.297
[Autotune] {"version": 1, "step": 1190, "wall_seconds": 267.71163592299854, "seed_nodes": 4776104, "loss": 0.4811055660247803, "all_losses_finite": true}
[Step=1200] Wall=269.8009s | Loss=0.4687
[Profile] Avg ms/step | Load: 99.937 (Prep: 12.608, Struc: 1.286, Fetch: 86.043) | Fwd: 53.516 | Bwd: 64.811 | Opt: 0.653 | GPU_Tot: 206.309
[Autotune] {"version": 1, "step": 1200, "wall_seconds": 269.80085964899627, "seed_nodes": 4817064, "loss": 0.4686544418334961, "all_losses_finite": true}
[Step=1210] Wall=271.8268s | Loss=0.4525
[Profile] Avg ms/step | Load: 99.773 (Prep: 12.501, Struc: 1.286, Fetch: 85.986) | Fwd: 53.526 | Bwd: 64.825 | Opt: 0.653 | GPU_Tot: 206.275
[Autotune] {"version": 1, "step": 1210, "wall_seconds": 271.826834477004, "seed_nodes": 4858024, "loss": 0.45245561599731443, "all_losses_finite": true}
[Step=1220] Wall=273.8499s | Loss=0.4490
[Profile] Avg ms/step | Load: 99.611 (Prep: 12.396, Struc: 1.286, Fetch: 85.930) | Fwd: 53.535 | Bwd: 64.836 | Opt: 0.652 | GPU_Tot: 206.239
[Autotune] {"version": 1, "step": 1220, "wall_seconds": 273.8498923129955, "seed_nodes": 4898984, "loss": 0.44901275634765625, "all_losses_finite": true}
[Step=1230] Wall=276.5090s | Loss=0.6464
[Profile] Avg ms/step | Load: 100.086 (Prep: 12.913, Struc: 1.285, Fetch: 85.889) | Fwd: 53.500 | Bwd: 64.792 | Opt: 0.653 | GPU_Tot: 206.118
[Autotune] {"version": 1, "step": 1230, "wall_seconds": 276.50904326299496, "seed_nodes": 4935855, "loss": 0.6463857650756836, "all_losses_finite": true}
[Step=1240] Wall=278.7303s | Loss=0.5783
[Profile] Avg ms/step | Load: 100.088 (Prep: 12.809, Struc: 1.285, Fetch: 85.994) | Fwd: 53.510 | Bwd: 64.805 | Opt: 0.653 | GPU_Tot: 206.246
[Autotune] {"version": 1, "step": 1240, "wall_seconds": 278.7302629390033, "seed_nodes": 4976815, "loss": 0.5782707691192627, "all_losses_finite": true}
[Step=1250] Wall=280.8905s | Loss=0.5266
[Profile] Avg ms/step | Load: 100.040 (Prep: 12.712, Struc: 1.285, Fetch: 86.043) | Fwd: 53.519 | Bwd: 64.817 | Opt: 0.653 | GPU_Tot: 206.317
[Autotune] {"version": 1, "step": 1250, "wall_seconds": 280.89046866699937, "seed_nodes": 5017775, "loss": 0.5265811920166016, "all_losses_finite": true}
[Step=1260] Wall=282.9519s | Loss=0.5028
[Profile] Avg ms/step | Load: 99.912 (Prep: 12.608, Struc: 1.285, Fetch: 86.019) | Fwd: 53.528 | Bwd: 64.829 | Opt: 0.652 | GPU_Tot: 206.313
[Autotune] {"version": 1, "step": 1260, "wall_seconds": 282.95187995699234, "seed_nodes": 5058735, "loss": 0.5028299808502197, "all_losses_finite": true}
[Step=1270] Wall=285.0082s | Loss=0.4758
[Profile] Avg ms/step | Load: 99.781 (Prep: 12.506, Struc: 1.285, Fetch: 85.990) | Fwd: 53.537 | Bwd: 64.841 | Opt: 0.652 | GPU_Tot: 206.306
[Autotune] {"version": 1, "step": 1270, "wall_seconds": 285.00819505599793, "seed_nodes": 5099695, "loss": 0.475766658782959, "all_losses_finite": true}
[Step=1280] Wall=287.5634s | Loss=0.5810
[Profile] Avg ms/step | Load: 100.148 (Prep: 12.893, Struc: 1.284, Fetch: 85.970) | Fwd: 53.504 | Bwd: 64.803 | Opt: 0.652 | GPU_Tot: 206.214
[Autotune] {"version": 1, "step": 1280, "wall_seconds": 287.56341116299154, "seed_nodes": 5136566, "loss": 0.5810239315032959, "all_losses_finite": true}
[Step=1290] Wall=289.8068s | Loss=0.5478
[Profile] Avg ms/step | Load: 100.168 (Prep: 12.793, Struc: 1.284, Fetch: 86.091) | Fwd: 53.513 | Bwd: 64.813 | Opt: 0.653 | GPU_Tot: 206.354
[Autotune] {"version": 1, "step": 1290, "wall_seconds": 289.8067786210013, "seed_nodes": 5177526, "loss": 0.5477752685546875, "all_losses_finite": true}
[Step=1300] Wall=291.9671s | Loss=0.5212
[Profile] Avg ms/step | Load: 100.117 (Prep: 12.699, Struc: 1.285, Fetch: 86.132) | Fwd: 53.523 | Bwd: 64.828 | Opt: 0.652 | GPU_Tot: 206.421
[Autotune] {"version": 1, "step": 1300, "wall_seconds": 291.9671141360013, "seed_nodes": 5218486, "loss": 0.5212345123291016, "all_losses_finite": true}
[Step=1310] Wall=294.0097s | Loss=0.5021
[Profile] Avg ms/step | Load: 99.979 (Prep: 12.600, Struc: 1.285, Fetch: 86.094) | Fwd: 53.532 | Bwd: 64.840 | Opt: 0.652 | GPU_Tot: 206.403
[Autotune] {"version": 1, "step": 1310, "wall_seconds": 294.00969685800374, "seed_nodes": 5259446, "loss": 0.5021028041839599, "all_losses_finite": true}
[Step=1320] Wall=296.0393s | Loss=0.4949
[Profile] Avg ms/step | Load: 99.831 (Prep: 12.502, Struc: 1.285, Fetch: 86.044) | Fwd: 53.540 | Bwd: 64.853 | Opt: 0.652 | GPU_Tot: 206.374
[Autotune] {"version": 1, "step": 1320, "wall_seconds": 296.03929580199474, "seed_nodes": 5300406, "loss": 0.4948721408843994, "all_losses_finite": true}
[Step=1330] Wall=298.6891s | Loss=0.4239
[Profile] Avg ms/step | Load: 100.258 (Prep: 12.949, Struc: 1.284, Fetch: 86.025) | Fwd: 53.508 | Bwd: 64.814 | Opt: 0.652 | GPU_Tot: 206.283
[Autotune] {"version": 1, "step": 1330, "wall_seconds": 298.68908424499386, "seed_nodes": 5337277, "loss": 0.42393221855163576, "all_losses_finite": true}
[Step=1340] Wall=301.0583s | Loss=0.4727
[Profile] Avg ms/step | Load: 100.371 (Prep: 12.861, Struc: 1.284, Fetch: 86.226) | Fwd: 53.517 | Bwd: 64.825 | Opt: 0.652 | GPU_Tot: 206.505
[Autotune] {"version": 1, "step": 1340, "wall_seconds": 301.058324661004, "seed_nodes": 5378237, "loss": 0.4726706981658936, "all_losses_finite": true}
[Step=1350] Wall=303.0798s | Loss=0.4599
[Profile] Avg ms/step | Load: 100.218 (Prep: 12.764, Struc: 1.284, Fetch: 86.170) | Fwd: 53.526 | Bwd: 64.838 | Opt: 0.652 | GPU_Tot: 206.470
[Autotune] {"version": 1, "step": 1350, "wall_seconds": 303.0798208780034, "seed_nodes": 5419197, "loss": 0.45986361503601075, "all_losses_finite": true}
[Step=1360] Wall=305.1075s | Loss=0.4576
[Profile] Avg ms/step | Load: 100.071 (Prep: 12.667, Struc: 1.284, Fetch: 86.120) | Fwd: 53.534 | Bwd: 64.850 | Opt: 0.652 | GPU_Tot: 206.440
[Autotune] {"version": 1, "step": 1360, "wall_seconds": 305.10752758900344, "seed_nodes": 5460157, "loss": 0.45761866569519044, "all_losses_finite": true}
[Step=1370] Wall=307.2027s | Loss=0.4594
[Profile] Avg ms/step | Load: 99.934 (Prep: 12.572, Struc: 1.285, Fetch: 86.077) | Fwd: 53.574 | Bwd: 64.869 | Opt: 0.657 | GPU_Tot: 206.461
[Autotune] {"version": 1, "step": 1370, "wall_seconds": 307.20266741199885, "seed_nodes": 5501117, "loss": 0.45937771797180177, "all_losses_finite": true}
[Step=1380] Wall=309.9033s | Loss=0.5116
[Profile] Avg ms/step | Load: 100.380 (Prep: 13.013, Struc: 1.284, Fetch: 86.082) | Fwd: 53.545 | Bwd: 64.831 | Opt: 0.657 | GPU_Tot: 206.400
[Autotune] {"version": 1, "step": 1380, "wall_seconds": 309.9033431499993, "seed_nodes": 5537988, "loss": 0.511611795425415, "all_losses_finite": true}
[Step=1390] Wall=312.1472s | Loss=0.4944
[Profile] Avg ms/step | Load: 100.395 (Prep: 12.927, Struc: 1.284, Fetch: 86.184) | Fwd: 53.553 | Bwd: 64.843 | Opt: 0.657 | GPU_Tot: 206.522
[Autotune] {"version": 1, "step": 1390, "wall_seconds": 312.1472439659992, "seed_nodes": 5578948, "loss": 0.494444465637207, "all_losses_finite": true}
[Step=1400] Wall=314.2487s | Loss=0.4664
[Profile] Avg ms/step | Load: 100.306 (Prep: 12.832, Struc: 1.285, Fetch: 86.189) | Fwd: 53.561 | Bwd: 64.854 | Opt: 0.657 | GPU_Tot: 206.547
[Autotune] {"version": 1, "step": 1400, "wall_seconds": 314.24869208999735, "seed_nodes": 5619908, "loss": 0.46636004447937013, "all_losses_finite": true}
[Step=1410] Wall=316.2658s | Loss=0.4565
[Profile] Avg ms/step | Load: 100.160 (Prep: 12.739, Struc: 1.285, Fetch: 86.135) | Fwd: 53.568 | Bwd: 64.864 | Opt: 0.657 | GPU_Tot: 206.510
[Autotune] {"version": 1, "step": 1410, "wall_seconds": 316.26577002300473, "seed_nodes": 5660868, "loss": 0.45653653144836426, "all_losses_finite": true}
[Step=1420] Wall=318.2867s | Loss=0.4533
[Profile] Avg ms/step | Load: 100.016 (Prep: 12.647, Struc: 1.285, Fetch: 86.084) | Fwd: 53.576 | Bwd: 64.875 | Opt: 0.657 | GPU_Tot: 206.476
[Autotune] {"version": 1, "step": 1420, "wall_seconds": 318.28668196700164, "seed_nodes": 5701828, "loss": 0.45332999229431153, "all_losses_finite": true}
[Step=1430] Wall=320.9507s | Loss=0.4386
[Profile] Avg ms/step | Load: 100.420 (Prep: 13.032, Struc: 1.284, Fetch: 86.104) | Fwd: 53.546 | Bwd: 64.840 | Opt: 0.657 | GPU_Tot: 206.430
[Autotune] {"version": 1, "step": 1430, "wall_seconds": 320.9507465350034, "seed_nodes": 5738699, "loss": 0.4386274337768555, "all_losses_finite": true}
[Step=1440] Wall=323.2284s | Loss=0.4573
[Profile] Avg ms/step | Load: 100.456 (Prep: 12.949, Struc: 1.285, Fetch: 86.223) | Fwd: 53.554 | Bwd: 64.853 | Opt: 0.657 | GPU_Tot: 206.571
[Autotune] {"version": 1, "step": 1440, "wall_seconds": 323.2283916400047, "seed_nodes": 5779659, "loss": 0.45729598999023435, "all_losses_finite": true}
[Step=1450] Wall=325.2580s | Loss=0.4471
[Profile] Avg ms/step | Load: 100.320 (Prep: 12.857, Struc: 1.285, Fetch: 86.177) | Fwd: 53.562 | Bwd: 64.863 | Opt: 0.657 | GPU_Tot: 206.544
[Autotune] {"version": 1, "step": 1450, "wall_seconds": 325.25795516099606, "seed_nodes": 5820619, "loss": 0.44710392951965333, "all_losses_finite": true}
[Step=1460] Wall=327.2811s | Loss=0.4553
[Profile] Avg ms/step | Load: 100.181 (Prep: 12.767, Struc: 1.285, Fetch: 86.129) | Fwd: 53.569 | Bwd: 64.873 | Opt: 0.656 | GPU_Tot: 206.512
[Autotune] {"version": 1, "step": 1460, "wall_seconds": 327.281052292994, "seed_nodes": 5861579, "loss": 0.45527400970458987, "all_losses_finite": true}
[Step=1470] Wall=329.1125s | Loss=0.4130
[Profile] Avg ms/step | Load: 99.990 (Prep: 12.678, Struc: 1.284, Fetch: 86.028) | Fwd: 53.540 | Bwd: 64.839 | Opt: 0.656 | GPU_Tot: 206.347
[Autotune] {"version": 1, "step": 1470, "wall_seconds": 329.11253859200224, "seed_nodes": 5898450, "loss": 0.41297163963317873, "all_losses_finite": true}
[Step=1480] Wall=331.9701s | Loss=0.4702
[Profile] Avg ms/step | Load: 100.435 (Prep: 13.012, Struc: 1.284, Fetch: 86.139) | Fwd: 53.548 | Bwd: 64.848 | Opt: 0.656 | GPU_Tot: 206.476
[Autotune] {"version": 1, "step": 1480, "wall_seconds": 331.97009752399754, "seed_nodes": 5939410, "loss": 0.47023634910583495, "all_losses_finite": true}
[Step=1490] Wall=334.1300s | Loss=0.4614
[Profile] Avg ms/step | Load: 100.395 (Prep: 12.932, Struc: 1.284, Fetch: 86.179) | Fwd: 53.555 | Bwd: 64.856 | Opt: 0.656 | GPU_Tot: 206.530
[Autotune] {"version": 1, "step": 1490, "wall_seconds": 334.1299711009924, "seed_nodes": 5980370, "loss": 0.4613940238952637, "all_losses_finite": true}
[Step=1500] Wall=336.2276s | Loss=0.4455
[Profile] Avg ms/step | Load: 100.310 (Prep: 12.844, Struc: 1.285, Fetch: 86.182) | Fwd: 53.562 | Bwd: 64.867 | Opt: 0.656 | GPU_Tot: 206.551
[Autotune] {"version": 1, "step": 1500, "wall_seconds": 336.2276040889992, "seed_nodes": 6021330, "loss": 0.445482063293457, "all_losses_finite": true}
[Step=1510] Wall=338.2275s | Loss=0.4387
[Profile] Avg ms/step | Load: 100.164 (Prep: 12.757, Struc: 1.285, Fetch: 86.123) | Fwd: 53.569 | Bwd: 64.873 | Opt: 0.656 | GPU_Tot: 206.505
[Autotune] {"version": 1, "step": 1510, "wall_seconds": 338.2274716910033, "seed_nodes": 6062290, "loss": 0.4387235164642334, "all_losses_finite": true}
[Step=1520] Wall=340.5238s | Loss=0.4033
[Profile] Avg ms/step | Load: 100.294 (Prep: 12.986, Struc: 1.284, Fetch: 86.024) | Fwd: 53.541 | Bwd: 64.840 | Opt: 0.656 | GPU_Tot: 206.344
[Autotune] {"version": 1, "step": 1520, "wall_seconds": 340.52378437199513, "seed_nodes": 6099161, "loss": 0.4033046245574951, "all_losses_finite": true}
[Step=1530] Wall=342.7746s | Loss=0.4592
[Profile] Avg ms/step | Load: 100.307 (Prep: 12.902, Struc: 1.284, Fetch: 86.121) | Fwd: 53.550 | Bwd: 64.855 | Opt: 0.656 | GPU_Tot: 206.466
[Autotune] {"version": 1, "step": 1530, "wall_seconds": 342.77463311099564, "seed_nodes": 6140121, "loss": 0.45920958518981936, "all_losses_finite": true}
[Step=1540] Wall=344.9852s | Loss=0.4548
[Profile] Avg ms/step | Load: 100.298 (Prep: 12.824, Struc: 1.284, Fetch: 86.190) | Fwd: 53.558 | Bwd: 64.866 | Opt: 0.656 | GPU_Tot: 206.553
[Autotune] {"version": 1, "step": 1540, "wall_seconds": 344.98516951099737, "seed_nodes": 6181081, "loss": 0.45478429794311526, "all_losses_finite": true}
[Step=1550] Wall=347.0127s | Loss=0.4430
[Profile] Avg ms/step | Load: 100.172 (Prep: 12.740, Struc: 1.284, Fetch: 86.148) | Fwd: 53.565 | Bwd: 64.874 | Opt: 0.656 | GPU_Tot: 206.527
[Autotune] {"version": 1, "step": 1550, "wall_seconds": 347.0127370059927, "seed_nodes": 6222041, "loss": 0.4430377960205078, "all_losses_finite": true}
[Step=1560] Wall=349.0278s | Loss=0.4283
[Profile] Avg ms/step | Load: 100.037 (Prep: 12.656, Struc: 1.284, Fetch: 86.097) | Fwd: 53.572 | Bwd: 64.884 | Opt: 0.656 | GPU_Tot: 206.492
[Autotune] {"version": 1, "step": 1560, "wall_seconds": 349.02780603899737, "seed_nodes": 6263001, "loss": 0.4283440113067627, "all_losses_finite": true}
[Step=1570] Wall=351.4292s | Loss=0.5051
[Profile] Avg ms/step | Load: 100.238 (Prep: 12.906, Struc: 1.283, Fetch: 86.049) | Fwd: 53.544 | Bwd: 64.848 | Opt: 0.655 | GPU_Tot: 206.378
[Autotune] {"version": 1, "step": 1570, "wall_seconds": 351.42924100899836, "seed_nodes": 6299872, "loss": 0.5051224231719971, "all_losses_finite": true}
[Step=1580] Wall=353.6345s | Loss=0.5330
[Profile] Avg ms/step | Load: 100.229 (Prep: 12.825, Struc: 1.283, Fetch: 86.121) | Fwd: 53.551 | Bwd: 64.856 | Opt: 0.656 | GPU_Tot: 206.466
[Autotune] {"version": 1, "step": 1580, "wall_seconds": 353.6344991429942, "seed_nodes": 6340832, "loss": 0.5330225944519043, "all_losses_finite": true}
[Step=1590] Wall=355.7602s | Loss=0.4594
[Profile] Avg ms/step | Load: 100.167 (Prep: 12.751, Struc: 1.283, Fetch: 86.133) | Fwd: 53.558 | Bwd: 64.866 | Opt: 0.656 | GPU_Tot: 206.496
[Autotune] {"version": 1, "step": 1590, "wall_seconds": 355.76018900699273, "seed_nodes": 6381792, "loss": 0.45935707092285155, "all_losses_finite": true}
[Step=1600] Wall=357.7943s | Loss=0.4554
[Profile] Avg ms/step | Load: 100.050 (Prep: 12.669, Struc: 1.283, Fetch: 86.098) | Fwd: 53.564 | Bwd: 64.874 | Opt: 0.655 | GPU_Tot: 206.475
[Autotune] {"version": 1, "step": 1600, "wall_seconds": 357.7943223280017, "seed_nodes": 6422752, "loss": 0.4554161071777344, "all_losses_finite": true}
[Step=1610] Wall=359.8071s | Loss=0.4444
[Profile] Avg ms/step | Load: 99.918 (Prep: 12.589, Struc: 1.283, Fetch: 86.047) | Fwd: 53.571 | Bwd: 64.885 | Opt: 0.655 | GPU_Tot: 206.440
[Autotune] {"version": 1, "step": 1610, "wall_seconds": 359.80711551199784, "seed_nodes": 6463712, "loss": 0.44437403678894044, "all_losses_finite": true}
[Step=1620] Wall=362.4382s | Loss=0.5628
[Profile] Avg ms/step | Load: 100.257 (Prep: 12.975, Struc: 1.282, Fetch: 86.000) | Fwd: 53.544 | Bwd: 64.851 | Opt: 0.655 | GPU_Tot: 206.332
[Autotune] {"version": 1, "step": 1620, "wall_seconds": 362.43822837699554, "seed_nodes": 6500583, "loss": 0.5628164291381836, "all_losses_finite": true}
[Step=1630] Wall=364.6313s | Loss=0.6068
[Profile] Avg ms/step | Load: 100.240 (Prep: 12.896, Struc: 1.282, Fetch: 86.062) | Fwd: 53.550 | Bwd: 64.860 | Opt: 0.655 | GPU_Tot: 206.410
[Autotune] {"version": 1, "step": 1630, "wall_seconds": 364.6312885549996, "seed_nodes": 6541543, "loss": 0.6068079948425293, "all_losses_finite": true}
[Step=1640] Wall=366.8232s | Loss=0.5395
[Profile] Avg ms/step | Load: 100.221 (Prep: 12.823, Struc: 1.283, Fetch: 86.115) | Fwd: 53.557 | Bwd: 64.870 | Opt: 0.655 | GPU_Tot: 206.481
[Autotune] {"version": 1, "step": 1640, "wall_seconds": 366.82319888799975, "seed_nodes": 6582503, "loss": 0.5395326614379883, "all_losses_finite": true}
------------------------------------------------------------
Training Completed. Total Steps: 1640 (Active: 1600)
Avg Breakdown (ms): Load=100.221 [Prep:12.823, Struc:1.283, Fetch:86.115], Fwd=53.557, Bwd=64.870, Opt=0.655
------------------------------------------------------------
