$REPO_ROOT/.venv/lib/python3.11/site-packages/outdated/__init__.py:36: UserWarning: pkg_resources is deprecated as an API. See https://setuptools.pypa.io/en/latest/pkg_resources.html. The pkg_resources package is slated for removal as early as 2025-11-30. Refrain from using this package or pin to Setuptools<81.
  from pkg_resources import parse_version
[ddp] Single-process mode: device=cuda
[Info] Running in Single-Process mode (CPU or Single GPU).
[Info] Device: cuda
[GraphCache] Caching disabled (0 nodes).
[Step=0010] Wall=12.4183s | Loss=6.1080
[Profile] Avg ms/step | Load: 37.337 (Prep: 22.219, Struc: 0.423, Fetch: 14.695) | Fwd: 966.005 | Bwd: 231.236 | Opt: 4.867 | GPU_Tot: 1217.227
[Autotune] {"version": 1, "step": 10, "wall_seconds": 12.41827468201518, "seed_nodes": 40960, "loss": 6.1080371856689455, "all_losses_finite": true}
[Step=0020] Wall=12.7162s | Loss=3.2575
[Profile] Avg ms/step | Load: 24.035 (Prep: 11.133, Struc: 0.360, Fetch: 12.543) | Fwd: 487.316 | Bwd: 120.475 | Opt: 2.712 | GPU_Tot: 623.406
[Autotune] {"version": 1, "step": 20, "wall_seconds": 12.716172397020273, "seed_nodes": 81920, "loss": 3.2574745178222657, "all_losses_finite": true}
[Step=0030] Wall=13.2628s | Loss=2.6573
[Profile] Avg ms/step | Load: 22.775 (Prep: 9.666, Struc: 0.339, Fetch: 12.771) | Fwd: 327.621 | Bwd: 83.392 | Opt: 7.403 | GPU_Tot: 431.526
[Autotune] {"version": 1, "step": 30, "wall_seconds": 13.262822587013943, "seed_nodes": 119613, "loss": 2.657332992553711, "all_losses_finite": true}
[Step=0040] Wall=13.5617s | Loss=2.2856
[Profile] Avg ms/step | Load: 0.000 (Prep: 0.000, Struc: 0.000, Fetch: 0.000) | Fwd: 0.000 | Bwd: 0.000 | Opt: 0.000 | GPU_Tot: 0.000
[Autotune] {"version": 1, "step": 40, "wall_seconds": 13.561670485010836, "seed_nodes": 160573, "loss": 2.2856170654296877, "all_losses_finite": true}
[Step=0050] Wall=13.9462s | Loss=2.0044
[Profile] Avg ms/step | Load: 20.309 (Prep: 8.388, Struc: 0.288, Fetch: 11.633) | Fwd: 8.217 | Bwd: 9.198 | Opt: 0.574 | GPU_Tot: 29.910
[Autotune] {"version": 1, "step": 50, "wall_seconds": 13.946241640020162, "seed_nodes": 198266, "loss": 2.0044374465942383, "all_losses_finite": true}
[Step=0060] Wall=14.2441s | Loss=1.8276
[Profile] Avg ms/step | Load: 15.492 (Prep: 4.216, Struc: 0.292, Fetch: 10.985) | Fwd: 8.439 | Bwd: 9.469 | Opt: 0.566 | GPU_Tot: 29.750
[Autotune] {"version": 1, "step": 60, "wall_seconds": 14.244054739014246, "seed_nodes": 239226, "loss": 1.8275680541992188, "all_losses_finite": true}
[Step=0070] Wall=14.5936s | Loss=1.7069
[Profile] Avg ms/step | Load: 15.929 (Prep: 4.647, Struc: 0.290, Fetch: 10.991) | Fwd: 8.362 | Bwd: 9.382 | Opt: 0.568 | GPU_Tot: 29.593
[Autotune] {"version": 1, "step": 70, "wall_seconds": 14.593621745007113, "seed_nodes": 276919, "loss": 1.7069040298461915, "all_losses_finite": true}
[Step=0080] Wall=14.9172s | Loss=1.5943
[Profile] Avg ms/step | Load: 15.260 (Prep: 3.498, Struc: 0.291, Fetch: 11.471) | Fwd: 8.438 | Bwd: 9.465 | Opt: 0.567 | GPU_Tot: 30.233
[Autotune] {"version": 1, "step": 80, "wall_seconds": 14.917198536015349, "seed_nodes": 317879, "loss": 1.594306468963623, "all_losses_finite": true}
[Step=0090] Wall=15.2159s | Loss=1.5234
[Profile] Avg ms/step | Load: 14.357 (Prep: 2.809, Struc: 0.292, Fetch: 11.256) | Fwd: 8.486 | Bwd: 9.521 | Opt: 0.565 | GPU_Tot: 30.120
[Autotune] {"version": 1, "step": 90, "wall_seconds": 15.215917388006346, "seed_nodes": 358839, "loss": 1.5234180450439454, "all_losses_finite": true}
[Step=0100] Wall=15.5906s | Loss=1.4602
[Profile] Avg ms/step | Load: 15.173 (Prep: 3.449, Struc: 0.292, Fetch: 11.431) | Fwd: 8.443 | Bwd: 9.470 | Opt: 0.572 | GPU_Tot: 30.209
[Autotune] {"version": 1, "step": 100, "wall_seconds": 15.590556070004823, "seed_nodes": 396532, "loss": 1.4601791381835938, "all_losses_finite": true}
[Step=0110] Wall=15.8916s | Loss=1.3912
[Profile] Avg ms/step | Load: 14.569 (Prep: 2.963, Struc: 0.293, Fetch: 11.313) | Fwd: 8.478 | Bwd: 9.511 | Opt: 0.570 | GPU_Tot: 30.165
[Autotune] {"version": 1, "step": 110, "wall_seconds": 15.89155928301625, "seed_nodes": 437492, "loss": 1.391153335571289, "all_losses_finite": true}
[Step=0120] Wall=16.2684s | Loss=1.3689
[Profile] Avg ms/step | Load: 15.176 (Prep: 3.276, Struc: 0.293, Fetch: 11.607) | Fwd: 8.452 | Bwd: 9.477 | Opt: 0.572 | GPU_Tot: 30.401
[Autotune] {"version": 1, "step": 120, "wall_seconds": 16.268385984003544, "seed_nodes": 475185, "loss": 1.3688862800598145, "all_losses_finite": true}
[Step=0130] Wall=16.5908s | Loss=1.3445
[Profile] Avg ms/step | Load: 14.953 (Prep: 2.917, Struc: 0.293, Fetch: 11.743) | Fwd: 8.475 | Bwd: 9.504 | Opt: 0.569 | GPU_Tot: 30.584
[Autotune] {"version": 1, "step": 130, "wall_seconds": 16.590796606004005, "seed_nodes": 516145, "loss": 1.3444952011108398, "all_losses_finite": true}
[Step=0140] Wall=16.9898s | Loss=1.3002
[Profile] Avg ms/step | Load: 15.628 (Prep: 3.691, Struc: 0.292, Fetch: 11.644) | Fwd: 8.452 | Bwd: 9.477 | Opt: 0.569 | GPU_Tot: 30.434
[Autotune] {"version": 1, "step": 140, "wall_seconds": 16.989801303017884, "seed_nodes": 553838, "loss": 1.300209903717041, "all_losses_finite": true}
[Step=0150] Wall=17.3072s | Loss=1.2959
[Profile] Avg ms/step | Load: 15.356 (Prep: 3.360, Struc: 0.293, Fetch: 11.704) | Fwd: 8.472 | Bwd: 9.500 | Opt: 0.568 | GPU_Tot: 30.535
[Autotune] {"version": 1, "step": 150, "wall_seconds": 17.307231093000155, "seed_nodes": 594798, "loss": 1.2959259033203125, "all_losses_finite": true}
[Step=0160] Wall=17.6051s | Loss=1.2592
[Profile] Avg ms/step | Load: 14.967 (Prep: 3.084, Struc: 0.293, Fetch: 11.590) | Fwd: 8.488 | Bwd: 9.519 | Opt: 0.567 | GPU_Tot: 30.456
[Autotune] {"version": 1, "step": 160, "wall_seconds": 17.605095165024977, "seed_nodes": 635758, "loss": 1.259188747406006, "all_losses_finite": true}
[Step=0170] Wall=18.0035s | Loss=1.2394
[Profile] Avg ms/step | Load: 15.484 (Prep: 3.594, Struc: 0.293, Fetch: 11.597) | Fwd: 8.468 | Bwd: 9.496 | Opt: 0.566 | GPU_Tot: 30.419
[Autotune] {"version": 1, "step": 170, "wall_seconds": 18.003549329005182, "seed_nodes": 673451, "loss": 1.2393507957458496, "all_losses_finite": true}
[Step=0180] Wall=18.3020s | Loss=1.2343
[Profile] Avg ms/step | Load: 15.144 (Prep: 3.341, Struc: 0.293, Fetch: 11.510) | Fwd: 8.482 | Bwd: 9.513 | Opt: 0.566 | GPU_Tot: 30.364
[Autotune] {"version": 1, "step": 180, "wall_seconds": 18.3020376660279, "seed_nodes": 714411, "loss": 1.2343335151672363, "all_losses_finite": true}
[Step=0190] Wall=18.6701s | Loss=1.2007
[Profile] Avg ms/step | Load: 15.371 (Prep: 3.481, Struc: 0.293, Fetch: 11.598) | Fwd: 8.466 | Bwd: 9.495 | Opt: 0.569 | GPU_Tot: 30.421
[Autotune] {"version": 1, "step": 190, "wall_seconds": 18.670111212006304, "seed_nodes": 752104, "loss": 1.200732421875, "all_losses_finite": true}
[Step=0200] Wall=18.9684s | Loss=1.2044
[Profile] Avg ms/step | Load: 15.083 (Prep: 3.266, Struc: 0.293, Fetch: 11.524) | Fwd: 8.478 | Bwd: 9.509 | Opt: 0.568 | GPU_Tot: 30.372
[Autotune] {"version": 1, "step": 200, "wall_seconds": 18.968409888999304, "seed_nodes": 793064, "loss": 1.2044376373291015, "all_losses_finite": true}
[Step=0210] Wall=19.3558s | Loss=1.2126
[Profile] Avg ms/step | Load: 15.407 (Prep: 3.597, Struc: 0.293, Fetch: 11.517) | Fwd: 8.463 | Bwd: 9.491 | Opt: 0.568 | GPU_Tot: 30.332
[Autotune] {"version": 1, "step": 210, "wall_seconds": 19.35581448301673, "seed_nodes": 830757, "loss": 1.2126080513000488, "all_losses_finite": true}
[Step=0220] Wall=19.6671s | Loss=1.1844
[Profile] Avg ms/step | Load: 15.219 (Prep: 3.399, Struc: 0.293, Fetch: 11.527) | Fwd: 8.474 | Bwd: 9.505 | Opt: 0.567 | GPU_Tot: 30.365
[Autotune] {"version": 1, "step": 220, "wall_seconds": 19.667059287021402, "seed_nodes": 871717, "loss": 1.1843808174133301, "all_losses_finite": true}
[Step=0230] Wall=19.9502s | Loss=1.1620
[Profile] Avg ms/step | Load: 14.951 (Prep: 3.223, Struc: 0.292, Fetch: 11.436) | Fwd: 8.461 | Bwd: 9.490 | Opt: 0.567 | GPU_Tot: 30.247
[Autotune] {"version": 1, "step": 230, "wall_seconds": 19.950174450001214, "seed_nodes": 909410, "loss": 1.1619556427001954, "all_losses_finite": true}
[Step=0240] Wall=20.3514s | Loss=1.1663
[Profile] Avg ms/step | Load: 15.252 (Prep: 3.440, Struc: 0.293, Fetch: 11.520) | Fwd: 8.472 | Bwd: 9.503 | Opt: 0.567 | GPU_Tot: 30.355
[Autotune] {"version": 1, "step": 240, "wall_seconds": 20.351364082016516, "seed_nodes": 950370, "loss": 1.166336727142334, "all_losses_finite": true}
[Step=0250] Wall=20.6503s | Loss=1.1632
[Profile] Avg ms/step | Load: 15.040 (Prep: 3.278, Struc: 0.293, Fetch: 11.468) | Fwd: 8.481 | Bwd: 9.513 | Opt: 0.567 | GPU_Tot: 30.323
[Autotune] {"version": 1, "step": 250, "wall_seconds": 20.650302432011813, "seed_nodes": 991330, "loss": 1.1632000923156738, "all_losses_finite": true}
[Step=0260] Wall=21.0259s | Loss=1.1406
[Profile] Avg ms/step | Load: 15.237 (Prep: 3.420, Struc: 0.293, Fetch: 11.523) | Fwd: 8.469 | Bwd: 9.499 | Opt: 0.568 | GPU_Tot: 30.353
[Autotune] {"version": 1, "step": 260, "wall_seconds": 21.025891374010826, "seed_nodes": 1029023, "loss": 1.1406413078308106, "all_losses_finite": true}
[Step=0270] Wall=21.3261s | Loss=1.1324
[Profile] Avg ms/step | Load: 15.048 (Prep: 3.274, Struc: 0.293, Fetch: 11.481) | Fwd: 8.478 | Bwd: 9.510 | Opt: 0.568 | GPU_Tot: 30.330
[Autotune] {"version": 1, "step": 270, "wall_seconds": 21.326084382017143, "seed_nodes": 1069983, "loss": 1.132383155822754, "all_losses_finite": true}
[Step=0280] Wall=21.6928s | Loss=1.1412
[Profile] Avg ms/step | Load: 15.191 (Prep: 3.363, Struc: 0.293, Fetch: 11.535) | Fwd: 8.468 | Bwd: 9.497 | Opt: 0.568 | GPU_Tot: 30.362
[Autotune] {"version": 1, "step": 280, "wall_seconds": 21.692779300006805, "seed_nodes": 1107676, "loss": 1.141181755065918, "all_losses_finite": true}
[Step=0290] Wall=21.9929s | Loss=1.1337
[Profile] Avg ms/step | Load: 15.021 (Prep: 3.231, Struc: 0.293, Fetch: 11.497) | Fwd: 8.475 | Bwd: 9.506 | Opt: 0.568 | GPU_Tot: 30.340
[Autotune] {"version": 1, "step": 290, "wall_seconds": 21.992874493007548, "seed_nodes": 1148636, "loss": 1.133718490600586, "all_losses_finite": true}
[Step=0300] Wall=22.3401s | Loss=1.1210
[Profile] Avg ms/step | Load: 15.076 (Prep: 3.318, Struc: 0.293, Fetch: 11.465) | Fwd: 8.467 | Bwd: 9.497 | Opt: 0.569 | GPU_Tot: 30.291
[Autotune] {"version": 1, "step": 300, "wall_seconds": 22.340098100015894, "seed_nodes": 1186329, "loss": 1.12103271484375, "all_losses_finite": true}
[Step=0310] Wall=22.6670s | Loss=1.1133
[Profile] Avg ms/step | Load: 15.020 (Prep: 3.237, Struc: 0.293, Fetch: 11.489) | Fwd: 8.475 | Bwd: 9.505 | Opt: 0.568 | GPU_Tot: 30.331
[Autotune] {"version": 1, "step": 310, "wall_seconds": 22.66696392800077, "seed_nodes": 1227289, "loss": 1.1132715225219727, "all_losses_finite": true}
[Step=0320] Wall=22.9661s | Loss=1.1089
[Profile] Avg ms/step | Load: 14.870 (Prep: 3.124, Struc: 0.294, Fetch: 11.453) | Fwd: 8.481 | Bwd: 9.513 | Opt: 0.568 | GPU_Tot: 30.309
[Autotune] {"version": 1, "step": 320, "wall_seconds": 22.96609342301963, "seed_nodes": 1268249, "loss": 1.1089009284973144, "all_losses_finite": true}
[Step=0330] Wall=23.3596s | Loss=1.1044
[Profile] Avg ms/step | Load: 15.087 (Prep: 3.344, Struc: 0.294, Fetch: 11.448) | Fwd: 8.474 | Bwd: 9.503 | Opt: 0.568 | GPU_Tot: 30.287
[Autotune] {"version": 1, "step": 330, "wall_seconds": 23.359615795023274, "seed_nodes": 1305942, "loss": 1.1043815612792969, "all_losses_finite": true}
[Step=0340] Wall=23.6602s | Loss=1.1033
[Profile] Avg ms/step | Load: 14.948 (Prep: 3.234, Struc: 0.294, Fetch: 11.420) | Fwd: 8.480 | Bwd: 9.511 | Opt: 0.568 | GPU_Tot: 30.273
[Autotune] {"version": 1, "step": 340, "wall_seconds": 23.660189509013435, "seed_nodes": 1346902, "loss": 1.103340244293213, "all_losses_finite": true}
[Step=0350] Wall=24.0279s | Loss=1.0927
[Profile] Avg ms/step | Load: 15.064 (Prep: 3.309, Struc: 0.294, Fetch: 11.462) | Fwd: 8.473 | Bwd: 9.502 | Opt: 0.568 | GPU_Tot: 30.299
[Autotune] {"version": 1, "step": 350, "wall_seconds": 24.02790629400988, "seed_nodes": 1384595, "loss": 1.0926573753356934, "all_losses_finite": true}
[Step=0360] Wall=24.3264s | Loss=1.0942
[Profile] Avg ms/step | Load: 14.930 (Prep: 3.207, Struc: 0.294, Fetch: 11.430) | Fwd: 8.479 | Bwd: 9.509 | Opt: 0.568 | GPU_Tot: 30.279
[Autotune] {"version": 1, "step": 360, "wall_seconds": 24.326430786022684, "seed_nodes": 1425555, "loss": 1.0941646575927735, "all_losses_finite": true}
[Step=0370] Wall=24.6768s | Loss=1.0739
[Profile] Avg ms/step | Load: 14.987 (Prep: 3.278, Struc: 0.294, Fetch: 11.415) | Fwd: 8.472 | Bwd: 9.501 | Opt: 0.568 | GPU_Tot: 30.249
[Autotune] {"version": 1, "step": 370, "wall_seconds": 24.676815542014083, "seed_nodes": 1463248, "loss": 1.073916530609131, "all_losses_finite": true}
[Step=0380] Wall=25.0159s | Loss=1.0779
[Profile] Avg ms/step | Load: 14.981 (Prep: 3.230, Struc: 0.294, Fetch: 11.457) | Fwd: 8.477 | Bwd: 9.508 | Opt: 0.568 | GPU_Tot: 30.304
[Autotune] {"version": 1, "step": 380, "wall_seconds": 25.01594265602762, "seed_nodes": 1504208, "loss": 1.0779292106628418, "all_losses_finite": true}
[Step=0390] Wall=25.3157s | Loss=1.0675
[Profile] Avg ms/step | Load: 14.863 (Prep: 3.139, Struc: 0.294, Fetch: 11.430) | Fwd: 8.483 | Bwd: 9.514 | Opt: 0.568 | GPU_Tot: 30.289
[Autotune] {"version": 1, "step": 390, "wall_seconds": 25.3157283020264, "seed_nodes": 1545168, "loss": 1.0674598693847657, "all_losses_finite": true}
[Step=0400] Wall=25.7109s | Loss=1.0709
[Profile] Avg ms/step | Load: 15.042 (Prep: 3.250, Struc: 0.294, Fetch: 11.499) | Fwd: 8.476 | Bwd: 9.507 | Opt: 0.568 | GPU_Tot: 30.343
[Autotune] {"version": 1, "step": 400, "wall_seconds": 25.710883792024106, "seed_nodes": 1582861, "loss": 1.0708836555480956, "all_losses_finite": true}
[Step=0410] Wall=26.0216s | Loss=1.0736
[Profile] Avg ms/step | Load: 14.958 (Prep: 3.163, Struc: 0.294, Fetch: 11.501) | Fwd: 8.481 | Bwd: 9.513 | Opt: 0.568 | GPU_Tot: 30.357
[Autotune] {"version": 1, "step": 410, "wall_seconds": 26.021629145019688, "seed_nodes": 1623821, "loss": 1.073568344116211, "all_losses_finite": true}
[Step=0420] Wall=26.3875s | Loss=1.0744
[Profile] Avg ms/step | Load: 15.048 (Prep: 3.228, Struc: 0.294, Fetch: 11.526) | Fwd: 8.475 | Bwd: 9.506 | Opt: 0.568 | GPU_Tot: 30.369
[Autotune] {"version": 1, "step": 420, "wall_seconds": 26.387470167013817, "seed_nodes": 1661514, "loss": 1.0743967056274415, "all_losses_finite": true}
[Step=0430] Wall=26.6876s | Loss=1.0628
[Profile] Avg ms/step | Load: 14.942 (Prep: 3.146, Struc: 0.294, Fetch: 11.502) | Fwd: 8.480 | Bwd: 9.512 | Opt: 0.568 | GPU_Tot: 30.355
[Autotune] {"version": 1, "step": 430, "wall_seconds": 26.687603616999695, "seed_nodes": 1702474, "loss": 1.0627622604370117, "all_losses_finite": true}
[Step=0440] Wall=27.0683s | Loss=1.0740
[Profile] Avg ms/step | Load: 15.064 (Prep: 3.245, Struc: 0.294, Fetch: 11.525) | Fwd: 8.475 | Bwd: 9.505 | Opt: 0.568 | GPU_Tot: 30.366
[Autotune] {"version": 1, "step": 440, "wall_seconds": 27.068319148005685, "seed_nodes": 1740167, "loss": 1.0740135192871094, "all_losses_finite": true}
[Step=0450] Wall=27.3709s | Loss=1.0603
[Profile] Avg ms/step | Load: 14.969 (Prep: 3.167, Struc: 0.294, Fetch: 11.508) | Fwd: 8.479 | Bwd: 9.511 | Opt: 0.568 | GPU_Tot: 30.359
[Autotune] {"version": 1, "step": 450, "wall_seconds": 27.370929785014596, "seed_nodes": 1781127, "loss": 1.060281753540039, "all_losses_finite": true}
[Step=0460] Wall=27.6568s | Loss=1.0471
[Profile] Avg ms/step | Load: 14.860 (Prep: 3.093, Struc: 0.294, Fetch: 11.473) | Fwd: 8.473 | Bwd: 9.504 | Opt: 0.568 | GPU_Tot: 30.312
[Autotune] {"version": 1, "step": 460, "wall_seconds": 27.656780838005943, "seed_nodes": 1818820, "loss": 1.0470697402954101, "all_losses_finite": true}
[Step=0470] Wall=28.0680s | Loss=1.0494
[Profile] Avg ms/step | Load: 15.026 (Prep: 3.197, Struc: 0.294, Fetch: 11.536) | Fwd: 8.478 | Bwd: 9.509 | Opt: 0.568 | GPU_Tot: 30.383
[Autotune] {"version": 1, "step": 470, "wall_seconds": 28.068003042018972, "seed_nodes": 1859780, "loss": 1.0494027137756348, "all_losses_finite": true}
[Step=0480] Wall=28.3681s | Loss=1.0502
[Profile] Avg ms/step | Load: 14.932 (Prep: 3.125, Struc: 0.294, Fetch: 11.513) | Fwd: 8.482 | Bwd: 9.514 | Opt: 0.568 | GPU_Tot: 30.370
[Autotune] {"version": 1, "step": 480, "wall_seconds": 28.36811740900157, "seed_nodes": 1900740, "loss": 1.0502119064331055, "all_losses_finite": true}
[Step=0490] Wall=28.7543s | Loss=1.0392
[Profile] Avg ms/step | Load: 15.054 (Prep: 3.191, Struc: 0.294, Fetch: 11.569) | Fwd: 8.477 | Bwd: 9.508 | Opt: 0.568 | GPU_Tot: 30.415
[Autotune] {"version": 1, "step": 490, "wall_seconds": 28.75431218201993, "seed_nodes": 1938433, "loss": 1.039175319671631, "all_losses_finite": true}
[Step=0500] Wall=29.0537s | Loss=1.0408
[Profile] Avg ms/step | Load: 14.961 (Prep: 3.122, Struc: 0.294, Fetch: 11.545) | Fwd: 8.481 | Bwd: 9.513 | Opt: 0.567 | GPU_Tot: 30.400
[Autotune] {"version": 1, "step": 500, "wall_seconds": 29.053698175004683, "seed_nodes": 1979393, "loss": 1.0407809257507323, "all_losses_finite": true}
[Step=0510] Wall=29.4333s | Loss=1.0202
[Profile] Avg ms/step | Load: 15.064 (Prep: 3.214, Struc: 0.294, Fetch: 11.556) | Fwd: 8.476 | Bwd: 9.507 | Opt: 0.567 | GPU_Tot: 30.400
[Autotune] {"version": 1, "step": 510, "wall_seconds": 29.43333885600441, "seed_nodes": 2017086, "loss": 1.020151710510254, "all_losses_finite": true}
[Step=0520] Wall=29.7330s | Loss=1.0468
[Profile] Avg ms/step | Load: 14.976 (Prep: 3.148, Struc: 0.294, Fetch: 11.535) | Fwd: 8.480 | Bwd: 9.512 | Opt: 0.567 | GPU_Tot: 30.387
[Autotune] {"version": 1, "step": 520, "wall_seconds": 29.73303181200754, "seed_nodes": 2058046, "loss": 1.0467897415161134, "all_losses_finite": true}
[Step=0530] Wall=30.0874s | Loss=1.0343
[Profile] Avg ms/step | Load: 15.022 (Prep: 3.213, Struc: 0.294, Fetch: 11.515) | Fwd: 8.475 | Bwd: 9.506 | Opt: 0.567 | GPU_Tot: 30.357
[Autotune] {"version": 1, "step": 530, "wall_seconds": 30.08743136000703, "seed_nodes": 2095739, "loss": 1.0343460083007812, "all_losses_finite": true}
[Step=0540] Wall=30.4134s | Loss=1.0211
[Profile] Avg ms/step | Load: 14.992 (Prep: 3.163, Struc: 0.294, Fetch: 11.535) | Fwd: 8.478 | Bwd: 9.511 | Opt: 0.567 | GPU_Tot: 30.385
[Autotune] {"version": 1, "step": 540, "wall_seconds": 30.41341683801147, "seed_nodes": 2136699, "loss": 1.0211214065551757, "all_losses_finite": true}
[Step=0550] Wall=30.7121s | Loss=1.0353
[Profile] Avg ms/step | Load: 14.909 (Prep: 3.102, Struc: 0.294, Fetch: 11.513) | Fwd: 8.482 | Bwd: 9.515 | Opt: 0.567 | GPU_Tot: 30.371
[Autotune] {"version": 1, "step": 550, "wall_seconds": 30.712072854017606, "seed_nodes": 2177659, "loss": 1.0352577209472655, "all_losses_finite": true}
[Step=0560] Wall=31.0994s | Loss=1.0427
[Profile] Avg ms/step | Load: 15.016 (Prep: 3.158, Struc: 0.294, Fetch: 11.564) | Fwd: 8.478 | Bwd: 9.510 | Opt: 0.567 | GPU_Tot: 30.413
[Autotune] {"version": 1, "step": 560, "wall_seconds": 31.09939066800871, "seed_nodes": 2215352, "loss": 1.042660617828369, "all_losses_finite": true}
[Step=0570] Wall=31.3998s | Loss=1.0187
[Profile] Avg ms/step | Load: 14.939 (Prep: 3.100, Struc: 0.294, Fetch: 11.546) | Fwd: 8.481 | Bwd: 9.514 | Opt: 0.567 | GPU_Tot: 30.402
[Autotune] {"version": 1, "step": 570, "wall_seconds": 31.39976972702425, "seed_nodes": 2256312, "loss": 1.01873779296875, "all_losses_finite": true}
[Step=0580] Wall=31.7886s | Loss=1.0189
[Profile] Avg ms/step | Load: 15.045 (Prep: 3.199, Struc: 0.294, Fetch: 11.553) | Fwd: 8.477 | Bwd: 9.509 | Opt: 0.567 | GPU_Tot: 30.400
[Autotune] {"version": 1, "step": 580, "wall_seconds": 31.788600639003562, "seed_nodes": 2294005, "loss": 1.018923854827881, "all_losses_finite": true}
[Step=0590] Wall=32.0889s | Loss=1.0088
[Profile] Avg ms/step | Load: 14.970 (Prep: 3.141, Struc: 0.294, Fetch: 11.535) | Fwd: 8.480 | Bwd: 9.513 | Opt: 0.567 | GPU_Tot: 30.389
[Autotune] {"version": 1, "step": 590, "wall_seconds": 32.08891501202015, "seed_nodes": 2334965, "loss": 1.0087912559509278, "all_losses_finite": true}
[Step=0600] Wall=32.4870s | Loss=1.0060
[Profile] Avg ms/step | Load: 15.088 (Prep: 3.267, Struc: 0.294, Fetch: 11.527) | Fwd: 8.476 | Bwd: 9.508 | Opt: 0.567 | GPU_Tot: 30.373
[Autotune] {"version": 1, "step": 600, "wall_seconds": 32.4869809380034, "seed_nodes": 2372658, "loss": 1.0060269355773925, "all_losses_finite": true}
[Step=0610] Wall=32.7944s | Loss=1.0094
[Profile] Avg ms/step | Load: 15.027 (Prep: 3.210, Struc: 0.294, Fetch: 11.523) | Fwd: 8.480 | Bwd: 9.512 | Opt: 0.567 | GPU_Tot: 30.376
[Autotune] {"version": 1, "step": 610, "wall_seconds": 32.79443350000656, "seed_nodes": 2413618, "loss": 1.0093753814697266, "all_losses_finite": true}
[Step=0620] Wall=33.1006s | Loss=1.0035
[Profile] Avg ms/step | Load: 14.967 (Prep: 3.156, Struc: 0.294, Fetch: 11.517) | Fwd: 8.483 | Bwd: 9.516 | Opt: 0.567 | GPU_Tot: 30.377
[Autotune] {"version": 1, "step": 620, "wall_seconds": 33.10061826300807, "seed_nodes": 2454578, "loss": 1.0034605979919433, "all_losses_finite": true}
[Step=0630] Wall=33.4720s | Loss=1.0106
[Profile] Avg ms/step | Load: 15.034 (Prep: 3.198, Struc: 0.294, Fetch: 11.542) | Fwd: 8.478 | Bwd: 9.511 | Opt: 0.568 | GPU_Tot: 30.392
[Autotune] {"version": 1, "step": 630, "wall_seconds": 33.471993509010645, "seed_nodes": 2492271, "loss": 1.0106165885925293, "all_losses_finite": true}
[Step=0640] Wall=33.7721s | Loss=1.0029
[Profile] Avg ms/step | Load: 14.965 (Prep: 3.146, Struc: 0.294, Fetch: 11.525) | Fwd: 8.482 | Bwd: 9.515 | Opt: 0.567 | GPU_Tot: 30.383
[Autotune] {"version": 1, "step": 640, "wall_seconds": 33.772054054017644, "seed_nodes": 2533231, "loss": 1.0029449462890625, "all_losses_finite": true}
[Step=0650] Wall=34.1512s | Loss=1.0061
[Profile] Avg ms/step | Load: 15.043 (Prep: 3.204, Struc: 0.294, Fetch: 11.545) | Fwd: 8.477 | Bwd: 9.510 | Opt: 0.568 | GPU_Tot: 30.394
[Autotune] {"version": 1, "step": 650, "wall_seconds": 34.151217803999316, "seed_nodes": 2570924, "loss": 1.0061203956604003, "all_losses_finite": true}
[Step=0660] Wall=34.4529s | Loss=0.9964
[Profile] Avg ms/step | Load: 14.978 (Prep: 3.153, Struc: 0.294, Fetch: 11.532) | Fwd: 8.480 | Bwd: 9.514 | Opt: 0.567 | GPU_Tot: 30.387
[Autotune] {"version": 1, "step": 660, "wall_seconds": 34.452857346012024, "seed_nodes": 2611884, "loss": 0.9964383125305176, "all_losses_finite": true}
[Step=0670] Wall=34.8406s | Loss=0.9986
[Profile] Avg ms/step | Load: 15.067 (Prep: 3.224, Struc: 0.294, Fetch: 11.549) | Fwd: 8.477 | Bwd: 9.509 | Opt: 0.568 | GPU_Tot: 30.396
[Autotune] {"version": 1, "step": 670, "wall_seconds": 34.840602336014854, "seed_nodes": 2649577, "loss": 0.9985722541809082, "all_losses_finite": true}
[Step=0680] Wall=35.1587s | Loss=0.9925
[Profile] Avg ms/step | Load: 15.030 (Prep: 3.175, Struc: 0.294, Fetch: 11.562) | Fwd: 8.480 | Bwd: 9.512 | Opt: 0.567 | GPU_Tot: 30.415
[Autotune] {"version": 1, "step": 680, "wall_seconds": 35.15869525301969, "seed_nodes": 2690537, "loss": 0.9924513816833496, "all_losses_finite": true}
[Step=0690] Wall=35.4428s | Loss=0.9954
[Profile] Avg ms/step | Load: 14.956 (Prep: 3.127, Struc: 0.294, Fetch: 11.536) | Fwd: 8.476 | Bwd: 9.508 | Opt: 0.567 | GPU_Tot: 30.381
[Autotune] {"version": 1, "step": 690, "wall_seconds": 35.44277095302823, "seed_nodes": 2728230, "loss": 0.9953792572021485, "all_losses_finite": true}
[Step=0700] Wall=35.8422s | Loss=0.9897
[Profile] Avg ms/step | Load: 15.045 (Prep: 3.193, Struc: 0.294, Fetch: 11.558) | Fwd: 8.479 | Bwd: 9.512 | Opt: 0.567 | GPU_Tot: 30.410
[Autotune] {"version": 1, "step": 700, "wall_seconds": 35.84224317900953, "seed_nodes": 2769190, "loss": 0.9897201538085938, "all_losses_finite": true}
[Step=0710] Wall=36.1430s | Loss=0.9889
[Profile] Avg ms/step | Load: 14.984 (Prep: 3.146, Struc: 0.294, Fetch: 11.543) | Fwd: 8.482 | Bwd: 9.515 | Opt: 0.567 | GPU_Tot: 30.402
[Autotune] {"version": 1, "step": 710, "wall_seconds": 36.142965845006984, "seed_nodes": 2810150, "loss": 0.9888528823852539, "all_losses_finite": true}
[Step=0720] Wall=36.5498s | Loss=0.9849
[Profile] Avg ms/step | Load: 15.094 (Prep: 3.260, Struc: 0.294, Fetch: 11.540) | Fwd: 8.478 | Bwd: 9.511 | Opt: 0.567 | GPU_Tot: 30.391
[Autotune] {"version": 1, "step": 720, "wall_seconds": 36.54978887402103, "seed_nodes": 2847843, "loss": 0.9849154472351074, "all_losses_finite": true}
[Step=0730] Wall=36.8507s | Loss=0.9842
[Profile] Avg ms/step | Load: 15.034 (Prep: 3.213, Struc: 0.294, Fetch: 11.527) | Fwd: 8.481 | Bwd: 9.514 | Opt: 0.567 | GPU_Tot: 30.384
[Autotune] {"version": 1, "step": 730, "wall_seconds": 36.850744333001785, "seed_nodes": 2888803, "loss": 0.9841997146606445, "all_losses_finite": true}
[Step=0740] Wall=37.2595s | Loss=0.9868
[Profile] Avg ms/step | Load: 15.143 (Prep: 3.294, Struc: 0.294, Fetch: 11.555) | Fwd: 8.478 | Bwd: 9.510 | Opt: 0.567 | GPU_Tot: 30.405
[Autotune] {"version": 1, "step": 740, "wall_seconds": 37.259451208024984, "seed_nodes": 2926496, "loss": 0.986794376373291, "all_losses_finite": true}
[Step=0750] Wall=37.5610s | Loss=0.9826
[Profile] Avg ms/step | Load: 15.085 (Prep: 3.248, Struc: 0.294, Fetch: 11.543) | Fwd: 8.481 | Bwd: 9.514 | Opt: 0.567 | GPU_Tot: 30.398
[Autotune] {"version": 1, "step": 750, "wall_seconds": 37.56097611802397, "seed_nodes": 2967456, "loss": 0.9825902938842773, "all_losses_finite": true}
[Step=0760] Wall=37.9302s | Loss=0.9746
[Profile] Avg ms/step | Load: 15.136 (Prep: 3.313, Struc: 0.294, Fetch: 11.529) | Fwd: 8.477 | Bwd: 9.509 | Opt: 0.567 | GPU_Tot: 30.377
[Autotune] {"version": 1, "step": 760, "wall_seconds": 37.93017602400505, "seed_nodes": 3005149, "loss": 0.9746216773986817, "all_losses_finite": true}
[Step=0770] Wall=38.2658s | Loss=0.9779
[Profile] Avg ms/step | Load: 15.126 (Prep: 3.288, Struc: 0.294, Fetch: 11.544) | Fwd: 8.480 | Bwd: 9.513 | Opt: 0.567 | GPU_Tot: 30.398
[Autotune] {"version": 1, "step": 770, "wall_seconds": 38.26576988300076, "seed_nodes": 3046109, "loss": 0.9779373168945312, "all_losses_finite": true}
[Step=0780] Wall=38.5650s | Loss=0.9667
[Profile] Avg ms/step | Load: 15.068 (Prep: 3.244, Struc: 0.294, Fetch: 11.530) | Fwd: 8.483 | Bwd: 9.516 | Opt: 0.567 | GPU_Tot: 30.389
[Autotune] {"version": 1, "step": 780, "wall_seconds": 38.564997723005945, "seed_nodes": 3087069, "loss": 0.9667083740234375, "all_losses_finite": true}
[Step=0790] Wall=38.9392s | Loss=0.9902
[Profile] Avg ms/step | Load: 15.124 (Prep: 3.299, Struc: 0.294, Fetch: 11.531) | Fwd: 8.479 | Bwd: 9.512 | Opt: 0.567 | GPU_Tot: 30.383
[Autotune] {"version": 1, "step": 790, "wall_seconds": 38.93917951002368, "seed_nodes": 3124762, "loss": 0.9901838302612305, "all_losses_finite": true}
[Step=0800] Wall=39.2393s | Loss=0.9726
[Profile] Avg ms/step | Load: 15.068 (Prep: 3.256, Struc: 0.294, Fetch: 11.518) | Fwd: 8.482 | Bwd: 9.515 | Opt: 0.567 | GPU_Tot: 30.375
[Autotune] {"version": 1, "step": 800, "wall_seconds": 39.23933908101753, "seed_nodes": 3165722, "loss": 0.9726485252380371, "all_losses_finite": true}
[Step=0810] Wall=39.6205s | Loss=0.9715
[Profile] Avg ms/step | Load: 15.131 (Prep: 3.314, Struc: 0.294, Fetch: 11.523) | Fwd: 8.478 | Bwd: 9.511 | Opt: 0.567 | GPU_Tot: 30.374
[Autotune] {"version": 1, "step": 810, "wall_seconds": 39.6204673940083, "seed_nodes": 3203415, "loss": 0.9715471267700195, "all_losses_finite": true}
[Step=0820] Wall=39.9200s | Loss=0.9746
[Profile] Avg ms/step | Load: 15.076 (Prep: 3.272, Struc: 0.294, Fetch: 11.510) | Fwd: 8.481 | Bwd: 9.514 | Opt: 0.567 | GPU_Tot: 30.366
[Autotune] {"version": 1, "step": 820, "wall_seconds": 39.91995240902179, "seed_nodes": 3244375, "loss": 0.9746036529541016, "all_losses_finite": true}
[Step=0830] Wall=40.3050s | Loss=0.9724
[Profile] Avg ms/step | Load: 15.142 (Prep: 3.342, Struc: 0.294, Fetch: 11.505) | Fwd: 8.478 | Bwd: 9.511 | Opt: 0.567 | GPU_Tot: 30.354
[Autotune] {"version": 1, "step": 830, "wall_seconds": 40.30499508502544, "seed_nodes": 3282068, "loss": 0.972443675994873, "all_losses_finite": true}
[Step=0840] Wall=40.6162s | Loss=0.9740
[Profile] Avg ms/step | Load: 15.103 (Prep: 3.301, Struc: 0.294, Fetch: 11.508) | Fwd: 8.480 | Bwd: 9.513 | Opt: 0.567 | GPU_Tot: 30.362
[Autotune] {"version": 1, "step": 840, "wall_seconds": 40.61615569400601, "seed_nodes": 3323028, "loss": 0.9740265846252442, "all_losses_finite": true}
------------------------------------------------------------
Training Completed. Total Steps: 840 (Active: 800)
Avg Breakdown (ms): Load=15.103 [Prep:3.301, Struc:0.294, Fetch:11.508], Fwd=8.480, Bwd=9.513, Opt=0.567
------------------------------------------------------------
