$REPO_ROOT/.venv/lib/python3.11/site-packages/outdated/__init__.py:36: UserWarning: pkg_resources is deprecated as an API. See https://setuptools.pypa.io/en/latest/pkg_resources.html. The pkg_resources package is slated for removal as early as 2025-11-30. Refrain from using this package or pin to Setuptools<81.
  from pkg_resources import parse_version
[ddp] Single-process mode: device=cuda
[Info] Running in Single-Process mode (CPU or Single GPU).
[Info] Device: cuda
[GraphCache] Caching disabled (0 nodes).
[Step=0010] Wall=12.3715s | Loss=6.1072
[Profile] Avg ms/step | Load: 29.173 (Prep: 9.935, Struc: 0.727, Fetch: 18.511) | Fwd: 969.922 | Bwd: 230.615 | Opt: 5.013 | GPU_Tot: 1224.788
[Autotune] {"version": 1, "step": 10, "wall_seconds": 12.371487685973989, "seed_nodes": 40960, "loss": 6.1072441101074215, "all_losses_finite": true}
[Step=0020] Wall=12.7176s | Loss=3.2713
[Profile] Avg ms/step | Load: 22.341 (Prep: 5.664, Struc: 0.517, Fetch: 16.161) | Fwd: 489.280 | Bwd: 120.165 | Opt: 2.794 | GPU_Tot: 628.916
[Autotune] {"version": 1, "step": 20, "wall_seconds": 12.717636094981572, "seed_nodes": 81920, "loss": 3.2713043212890627, "all_losses_finite": true}
[Step=0030] Wall=13.1072s | Loss=2.6719
[Profile] Avg ms/step | Load: 21.787 (Prep: 5.450, Struc: 0.443, Fetch: 15.893) | Fwd: 328.939 | Bwd: 83.185 | Opt: 2.070 | GPU_Tot: 430.531
[Autotune] {"version": 1, "step": 30, "wall_seconds": 13.107187051995425, "seed_nodes": 119613, "loss": 2.6719100952148436, "all_losses_finite": true}
[Step=0040] Wall=13.4722s | Loss=2.2817
[Profile] Avg ms/step | Load: 0.000 (Prep: 0.000, Struc: 0.000, Fetch: 0.000) | Fwd: 0.000 | Bwd: 0.000 | Opt: 0.000 | GPU_Tot: 0.000
[Autotune] {"version": 1, "step": 40, "wall_seconds": 13.47224053699756, "seed_nodes": 160573, "loss": 2.281747245788574, "all_losses_finite": true}
[Step=0050] Wall=13.8449s | Loss=1.9919
[Profile] Avg ms/step | Load: 19.031 (Prep: 4.894, Struc: 0.291, Fetch: 13.845) | Fwd: 8.216 | Bwd: 9.209 | Opt: 0.608 | GPU_Tot: 32.170
[Autotune] {"version": 1, "step": 50, "wall_seconds": 13.844899638992501, "seed_nodes": 198266, "loss": 1.9919141769409179, "all_losses_finite": true}
[Step=0060] Wall=14.2206s | Loss=1.8149
[Profile] Avg ms/step | Load: 18.663 (Prep: 2.654, Struc: 0.298, Fetch: 15.712) | Fwd: 8.465 | Bwd: 9.471 | Opt: 0.624 | GPU_Tot: 34.570
[Autotune] {"version": 1, "step": 60, "wall_seconds": 14.220554244995583, "seed_nodes": 239226, "loss": 1.814923095703125, "all_losses_finite": true}
[Step=0070] Wall=14.5843s | Loss=1.6977
[Profile] Avg ms/step | Load: 18.519 (Prep: 3.754, Struc: 0.295, Fetch: 14.469) | Fwd: 8.379 | Bwd: 9.377 | Opt: 0.612 | GPU_Tot: 33.134
[Autotune] {"version": 1, "step": 70, "wall_seconds": 14.584322964976309, "seed_nodes": 276919, "loss": 1.6976722717285155, "all_losses_finite": true}
[Step=0080] Wall=14.9547s | Loss=1.5844
[Profile] Avg ms/step | Load: 18.352 (Prep: 2.916, Struc: 0.297, Fetch: 15.138) | Fwd: 8.460 | Bwd: 9.461 | Opt: 0.611 | GPU_Tot: 33.967
[Autotune] {"version": 1, "step": 80, "wall_seconds": 14.954742612986593, "seed_nodes": 317879, "loss": 1.584445858001709, "all_losses_finite": true}
[Step=0090] Wall=15.2953s | Loss=1.5110
[Profile] Avg ms/step | Load: 17.658 (Prep: 2.499, Struc: 0.298, Fetch: 14.860) | Fwd: 8.509 | Bwd: 9.516 | Opt: 0.603 | GPU_Tot: 33.786
[Autotune] {"version": 1, "step": 90, "wall_seconds": 15.295258825994097, "seed_nodes": 358839, "loss": 1.5109933853149413, "all_losses_finite": true}
[Step=0100] Wall=15.6965s | Loss=1.4407
[Profile] Avg ms/step | Load: 18.363 (Prep: 3.147, Struc: 0.299, Fetch: 14.918) | Fwd: 8.466 | Bwd: 9.466 | Opt: 0.601 | GPU_Tot: 33.749
[Autotune] {"version": 1, "step": 100, "wall_seconds": 15.696473869000329, "seed_nodes": 396532, "loss": 1.4407367706298828, "all_losses_finite": true}
[Step=0110] Wall=16.0571s | Loss=1.3803
[Profile] Avg ms/step | Load: 18.145 (Prep: 2.868, Struc: 0.299, Fetch: 14.978) | Fwd: 8.503 | Bwd: 9.506 | Opt: 0.599 | GPU_Tot: 33.886
[Autotune] {"version": 1, "step": 110, "wall_seconds": 16.0571233809751, "seed_nodes": 437492, "loss": 1.3802764892578125, "all_losses_finite": true}
[Step=0120] Wall=16.4235s | Loss=1.3545
[Profile] Avg ms/step | Load: 18.171 (Prep: 3.120, Struc: 0.300, Fetch: 14.752) | Fwd: 8.473 | Bwd: 9.473 | Opt: 0.599 | GPU_Tot: 33.596
[Autotune] {"version": 1, "step": 120, "wall_seconds": 16.42345701699378, "seed_nodes": 475185, "loss": 1.3544980049133302, "all_losses_finite": true}
[Step=0130] Wall=16.8012s | Loss=1.3458
[Profile] Avg ms/step | Load: 18.216 (Prep: 2.915, Struc: 0.300, Fetch: 15.001) | Fwd: 8.500 | Bwd: 9.501 | Opt: 0.599 | GPU_Tot: 33.900
[Autotune] {"version": 1, "step": 130, "wall_seconds": 16.801230778975878, "seed_nodes": 516145, "loss": 1.3457548141479492, "all_losses_finite": true}
[Step=0140] Wall=17.1558s | Loss=1.2993
[Profile] Avg ms/step | Load: 18.121 (Prep: 3.146, Struc: 0.300, Fetch: 14.676) | Fwd: 8.472 | Bwd: 9.473 | Opt: 0.597 | GPU_Tot: 33.517
[Autotune] {"version": 1, "step": 140, "wall_seconds": 17.155761920992518, "seed_nodes": 553838, "loss": 1.2993252754211426, "all_losses_finite": true}
[Step=0150] Wall=17.5318s | Loss=1.2849
[Profile] Avg ms/step | Load: 18.142 (Prep: 2.897, Struc: 0.300, Fetch: 14.945) | Fwd: 8.495 | Bwd: 9.496 | Opt: 0.601 | GPU_Tot: 33.836
[Autotune] {"version": 1, "step": 150, "wall_seconds": 17.531838220980717, "seed_nodes": 594798, "loss": 1.284876823425293, "all_losses_finite": true}
[Step=0160] Wall=17.8643s | Loss=1.2605
[Profile] Avg ms/step | Load: 17.808 (Prep: 2.743, Struc: 0.300, Fetch: 14.765) | Fwd: 8.509 | Bwd: 9.515 | Opt: 0.598 | GPU_Tot: 33.687
[Autotune] {"version": 1, "step": 160, "wall_seconds": 17.864349079987733, "seed_nodes": 635758, "loss": 1.2605131149291993, "all_losses_finite": true}
[Step=0170] Wall=18.2751s | Loss=1.2411
[Profile] Avg ms/step | Load: 18.193 (Prep: 3.034, Struc: 0.300, Fetch: 14.858) | Fwd: 8.491 | Bwd: 9.492 | Opt: 0.598 | GPU_Tot: 33.740
[Autotune] {"version": 1, "step": 170, "wall_seconds": 18.27510821298347, "seed_nodes": 673451, "loss": 1.2410881042480468, "all_losses_finite": true}
[Step=0180] Wall=18.6343s | Loss=1.2383
[Profile] Avg ms/step | Load: 18.092 (Prep: 2.901, Struc: 0.300, Fetch: 14.891) | Fwd: 8.504 | Bwd: 9.507 | Opt: 0.597 | GPU_Tot: 33.800
[Autotune] {"version": 1, "step": 180, "wall_seconds": 18.634270149981603, "seed_nodes": 714411, "loss": 1.2382816314697265, "all_losses_finite": true}
[Step=0190] Wall=19.0391s | Loss=1.2060
[Profile] Avg ms/step | Load: 18.366 (Prep: 3.131, Struc: 0.301, Fetch: 14.935) | Fwd: 8.489 | Bwd: 9.489 | Opt: 0.597 | GPU_Tot: 33.811
[Autotune] {"version": 1, "step": 190, "wall_seconds": 19.03913580699009, "seed_nodes": 752104, "loss": 1.2060416221618653, "all_losses_finite": true}
[Step=0200] Wall=19.4130s | Loss=1.1986
[Profile] Avg ms/step | Load: 18.357 (Prep: 3.014, Struc: 0.301, Fetch: 15.042) | Fwd: 8.502 | Bwd: 9.503 | Opt: 0.597 | GPU_Tot: 33.945
[Autotune] {"version": 1, "step": 200, "wall_seconds": 19.412959058972774, "seed_nodes": 793064, "loss": 1.1985633850097657, "all_losses_finite": true}
[Step=0210] Wall=19.7809s | Loss=1.2151
[Profile] Avg ms/step | Load: 18.370 (Prep: 3.180, Struc: 0.300, Fetch: 14.890) | Fwd: 8.486 | Bwd: 9.486 | Opt: 0.597 | GPU_Tot: 33.759
[Autotune] {"version": 1, "step": 210, "wall_seconds": 19.7808653889806, "seed_nodes": 830757, "loss": 1.2151040077209472, "all_losses_finite": true}
[Step=0220] Wall=20.1491s | Loss=1.1955
[Profile] Avg ms/step | Load: 18.327 (Prep: 3.026, Struc: 0.300, Fetch: 15.001) | Fwd: 8.498 | Bwd: 9.500 | Opt: 0.597 | GPU_Tot: 33.896
[Autotune] {"version": 1, "step": 220, "wall_seconds": 20.14908427899354, "seed_nodes": 871717, "loss": 1.1954559326171874, "all_losses_finite": true}
[Step=0230] Wall=20.4565s | Loss=1.1757
[Profile] Avg ms/step | Load: 18.026 (Prep: 2.921, Struc: 0.300, Fetch: 14.805) | Fwd: 8.483 | Bwd: 9.485 | Opt: 0.595 | GPU_Tot: 33.668
[Autotune] {"version": 1, "step": 230, "wall_seconds": 20.45650269597536, "seed_nodes": 909410, "loss": 1.1756880760192872, "all_losses_finite": true}
[Step=0240] Wall=20.8861s | Loss=1.1659
[Profile] Avg ms/step | Load: 18.311 (Prep: 3.077, Struc: 0.300, Fetch: 14.934) | Fwd: 8.495 | Bwd: 9.498 | Opt: 0.595 | GPU_Tot: 33.822
[Autotune] {"version": 1, "step": 240, "wall_seconds": 20.886146523989737, "seed_nodes": 950370, "loss": 1.1658771514892579, "all_losses_finite": true}
[Step=0250] Wall=21.2312s | Loss=1.1653
[Profile] Avg ms/step | Load: 18.170 (Prep: 2.984, Struc: 0.300, Fetch: 14.886) | Fwd: 8.504 | Bwd: 9.508 | Opt: 0.595 | GPU_Tot: 33.793
[Autotune] {"version": 1, "step": 250, "wall_seconds": 21.23117223198642, "seed_nodes": 991330, "loss": 1.1653135299682618, "all_losses_finite": true}
[Step=0260] Wall=21.6173s | Loss=1.1394
[Profile] Avg ms/step | Load: 18.270 (Prep: 3.078, Struc: 0.300, Fetch: 14.892) | Fwd: 8.492 | Bwd: 9.494 | Opt: 0.596 | GPU_Tot: 33.774
[Autotune] {"version": 1, "step": 260, "wall_seconds": 21.617335923976498, "seed_nodes": 1029023, "loss": 1.1393668174743652, "all_losses_finite": true}
[Step=0270] Wall=21.9833s | Loss=1.1399
[Profile] Avg ms/step | Load: 18.231 (Prep: 2.998, Struc: 0.300, Fetch: 14.933) | Fwd: 8.502 | Bwd: 9.505 | Opt: 0.596 | GPU_Tot: 33.836
[Autotune] {"version": 1, "step": 270, "wall_seconds": 21.98325615399517, "seed_nodes": 1069983, "loss": 1.1399240493774414, "all_losses_finite": true}
[Step=0280] Wall=22.3426s | Loss=1.1515
[Profile] Avg ms/step | Load: 18.211 (Prep: 3.078, Struc: 0.300, Fetch: 14.834) | Fwd: 8.490 | Bwd: 9.492 | Opt: 0.596 | GPU_Tot: 33.712
[Autotune] {"version": 1, "step": 280, "wall_seconds": 22.34262900298927, "seed_nodes": 1107676, "loss": 1.1515149116516112, "all_losses_finite": true}
[Step=0290] Wall=22.7175s | Loss=1.1336
[Profile] Avg ms/step | Load: 18.215 (Prep: 2.971, Struc: 0.300, Fetch: 14.944) | Fwd: 8.498 | Bwd: 9.501 | Opt: 0.596 | GPU_Tot: 33.839
[Autotune] {"version": 1, "step": 290, "wall_seconds": 22.71748492398183, "seed_nodes": 1148636, "loss": 1.1335728645324707, "all_losses_finite": true}
[Step=0300] Wall=23.0844s | Loss=1.1239
[Profile] Avg ms/step | Load: 18.225 (Prep: 3.103, Struc: 0.300, Fetch: 14.822) | Fwd: 8.488 | Bwd: 9.491 | Opt: 0.595 | GPU_Tot: 33.696
[Autotune] {"version": 1, "step": 300, "wall_seconds": 23.084359985979972, "seed_nodes": 1186329, "loss": 1.1238563537597657, "all_losses_finite": true}
[Step=0310] Wall=23.4542s | Loss=1.1217
[Profile] Avg ms/step | Load: 18.209 (Prep: 3.004, Struc: 0.300, Fetch: 14.905) | Fwd: 8.497 | Bwd: 9.500 | Opt: 0.595 | GPU_Tot: 33.796
[Autotune] {"version": 1, "step": 310, "wall_seconds": 23.45423446598579, "seed_nodes": 1227289, "loss": 1.1216633796691895, "all_losses_finite": true}
[Step=0320] Wall=23.7878s | Loss=1.1154
[Profile] Avg ms/step | Load: 18.067 (Prep: 2.927, Struc: 0.301, Fetch: 14.839) | Fwd: 8.503 | Bwd: 9.508 | Opt: 0.594 | GPU_Tot: 33.744
[Autotune] {"version": 1, "step": 320, "wall_seconds": 23.78784893298871, "seed_nodes": 1268249, "loss": 1.1153712272644043, "all_losses_finite": true}
[Step=0330] Wall=24.1898s | Loss=1.1095
[Profile] Avg ms/step | Load: 18.200 (Prep: 3.048, Struc: 0.300, Fetch: 14.851) | Fwd: 8.495 | Bwd: 9.498 | Opt: 0.594 | GPU_Tot: 33.739
[Autotune] {"version": 1, "step": 330, "wall_seconds": 24.18977370398352, "seed_nodes": 1305942, "loss": 1.1094958305358886, "all_losses_finite": true}
[Step=0340] Wall=24.5495s | Loss=1.1143
[Profile] Avg ms/step | Load: 18.152 (Prep: 2.979, Struc: 0.301, Fetch: 14.872) | Fwd: 8.502 | Bwd: 9.505 | Opt: 0.595 | GPU_Tot: 33.775
[Autotune] {"version": 1, "step": 340, "wall_seconds": 24.54950018899399, "seed_nodes": 1346902, "loss": 1.1143012046813965, "all_losses_finite": true}
[Step=0350] Wall=24.9268s | Loss=1.1060
[Profile] Avg ms/step | Load: 18.196 (Prep: 3.059, Struc: 0.300, Fetch: 14.836) | Fwd: 8.494 | Bwd: 9.496 | Opt: 0.594 | GPU_Tot: 33.721
[Autotune] {"version": 1, "step": 350, "wall_seconds": 24.926776619977318, "seed_nodes": 1384595, "loss": 1.1060484886169433, "all_losses_finite": true}
[Step=0360] Wall=25.3067s | Loss=1.1022
[Profile] Avg ms/step | Load: 18.214 (Prep: 3.005, Struc: 0.301, Fetch: 14.909) | Fwd: 8.501 | Bwd: 9.503 | Opt: 0.595 | GPU_Tot: 33.808
[Autotune] {"version": 1, "step": 360, "wall_seconds": 25.30670440098038, "seed_nodes": 1425555, "loss": 1.1021910667419434, "all_losses_finite": true}
[Step=0370] Wall=25.6622s | Loss=1.0814
[Profile] Avg ms/step | Load: 18.190 (Prep: 3.092, Struc: 0.300, Fetch: 14.798) | Fwd: 8.492 | Bwd: 9.494 | Opt: 0.594 | GPU_Tot: 33.678
[Autotune] {"version": 1, "step": 370, "wall_seconds": 25.662248518987326, "seed_nodes": 1463248, "loss": 1.0813618659973145, "all_losses_finite": true}
[Step=0380] Wall=26.0364s | Loss=1.0905
[Profile] Avg ms/step | Load: 18.190 (Prep: 3.014, Struc: 0.300, Fetch: 14.876) | Fwd: 8.499 | Bwd: 9.501 | Opt: 0.594 | GPU_Tot: 33.770
[Autotune] {"version": 1, "step": 380, "wall_seconds": 26.036380290985107, "seed_nodes": 1504208, "loss": 1.0904500961303711, "all_losses_finite": true}
[Step=0390] Wall=26.3642s | Loss=1.0768
[Profile] Avg ms/step | Load: 18.060 (Prep: 2.949, Struc: 0.300, Fetch: 14.811) | Fwd: 8.504 | Bwd: 9.508 | Opt: 0.593 | GPU_Tot: 33.716
[Autotune] {"version": 1, "step": 390, "wall_seconds": 26.36419825698249, "seed_nodes": 1545168, "loss": 1.0768093109130858, "all_losses_finite": true}
[Step=0400] Wall=26.7826s | Loss=1.0868
[Profile] Avg ms/step | Load: 18.212 (Prep: 3.047, Struc: 0.300, Fetch: 14.865) | Fwd: 8.498 | Bwd: 9.500 | Opt: 0.594 | GPU_Tot: 33.756
[Autotune] {"version": 1, "step": 400, "wall_seconds": 26.78256308598793, "seed_nodes": 1582861, "loss": 1.0868001937866212, "all_losses_finite": true}
[Step=0410] Wall=27.1396s | Loss=1.0827
[Profile] Avg ms/step | Load: 18.166 (Prep: 2.996, Struc: 0.300, Fetch: 14.870) | Fwd: 8.503 | Bwd: 9.506 | Opt: 0.593 | GPU_Tot: 33.773
[Autotune] {"version": 1, "step": 410, "wall_seconds": 27.139561010990292, "seed_nodes": 1623821, "loss": 1.0826528549194336, "all_losses_finite": true}
[Step=0420] Wall=27.5237s | Loss=1.0815
[Profile] Avg ms/step | Load: 18.220 (Prep: 3.074, Struc: 0.300, Fetch: 14.846) | Fwd: 8.497 | Bwd: 9.499 | Opt: 0.593 | GPU_Tot: 33.734
[Autotune] {"version": 1, "step": 420, "wall_seconds": 27.52374643398798, "seed_nodes": 1661514, "loss": 1.081515121459961, "all_losses_finite": true}
[Step=0430] Wall=27.9051s | Loss=1.0643
[Profile] Avg ms/step | Load: 18.237 (Prep: 3.028, Struc: 0.300, Fetch: 14.909) | Fwd: 8.502 | Bwd: 9.504 | Opt: 0.594 | GPU_Tot: 33.810
[Autotune] {"version": 1, "step": 430, "wall_seconds": 27.90512835897971, "seed_nodes": 1702474, "loss": 1.0643045425415039, "all_losses_finite": true}
[Step=0440] Wall=28.2750s | Loss=1.0730
[Profile] Avg ms/step | Load: 18.249 (Prep: 3.110, Struc: 0.300, Fetch: 14.839) | Fwd: 8.497 | Bwd: 9.498 | Opt: 0.593 | GPU_Tot: 33.727
[Autotune] {"version": 1, "step": 440, "wall_seconds": 28.27498390999972, "seed_nodes": 1740167, "loss": 1.0729780197143555, "all_losses_finite": true}
[Step=0450] Wall=28.6502s | Loss=1.0635
[Profile] Avg ms/step | Load: 18.251 (Prep: 3.045, Struc: 0.300, Fetch: 14.906) | Fwd: 8.502 | Bwd: 9.503 | Opt: 0.594 | GPU_Tot: 33.805
[Autotune] {"version": 1, "step": 450, "wall_seconds": 28.65023828597623, "seed_nodes": 1781127, "loss": 1.0634735107421875, "all_losses_finite": true}
[Step=0460] Wall=28.9700s | Loss=1.0502
[Profile] Avg ms/step | Load: 18.145 (Prep: 2.991, Struc: 0.300, Fetch: 14.854) | Fwd: 8.496 | Bwd: 9.497 | Opt: 0.593 | GPU_Tot: 33.739
[Autotune] {"version": 1, "step": 460, "wall_seconds": 28.97002139899996, "seed_nodes": 1818820, "loss": 1.0501734733581543, "all_losses_finite": true}
[Step=0470] Wall=29.3932s | Loss=1.0589
[Profile] Avg ms/step | Load: 18.261 (Prep: 3.051, Struc: 0.300, Fetch: 14.909) | Fwd: 8.501 | Bwd: 9.502 | Opt: 0.593 | GPU_Tot: 33.806
[Autotune] {"version": 1, "step": 470, "wall_seconds": 29.393214290990727, "seed_nodes": 1859780, "loss": 1.0589408874511719, "all_losses_finite": true}
[Step=0480] Wall=29.7414s | Loss=1.0476
[Profile] Avg ms/step | Load: 18.201 (Prep: 3.007, Struc: 0.300, Fetch: 14.894) | Fwd: 8.505 | Bwd: 9.507 | Opt: 0.593 | GPU_Tot: 33.799
[Autotune] {"version": 1, "step": 480, "wall_seconds": 29.74144520398113, "seed_nodes": 1900740, "loss": 1.0475755691528321, "all_losses_finite": true}
[Step=0490] Wall=30.1429s | Loss=1.0423
[Profile] Avg ms/step | Load: 18.284 (Prep: 3.096, Struc: 0.300, Fetch: 14.888) | Fwd: 8.500 | Bwd: 9.501 | Opt: 0.592 | GPU_Tot: 33.781
[Autotune] {"version": 1, "step": 490, "wall_seconds": 30.142903504980495, "seed_nodes": 1938433, "loss": 1.0423247337341308, "all_losses_finite": true}
[Step=0500] Wall=30.5174s | Loss=1.0420
[Profile] Avg ms/step | Load: 18.282 (Prep: 3.055, Struc: 0.301, Fetch: 14.926) | Fwd: 8.505 | Bwd: 9.506 | Opt: 0.592 | GPU_Tot: 33.830
[Autotune] {"version": 1, "step": 500, "wall_seconds": 30.517355828982545, "seed_nodes": 1979393, "loss": 1.042032814025879, "all_losses_finite": true}
[Step=0510] Wall=30.8816s | Loss=1.0253
[Profile] Avg ms/step | Load: 18.280 (Prep: 3.104, Struc: 0.300, Fetch: 14.876) | Fwd: 8.500 | Bwd: 9.500 | Opt: 0.592 | GPU_Tot: 33.768
[Autotune] {"version": 1, "step": 510, "wall_seconds": 30.881642847991316, "seed_nodes": 2017086, "loss": 1.0253158569335938, "all_losses_finite": true}
[Step=0520] Wall=31.2519s | Loss=1.0438
[Profile] Avg ms/step | Load: 18.271 (Prep: 3.048, Struc: 0.300, Fetch: 14.923) | Fwd: 8.504 | Bwd: 9.505 | Opt: 0.592 | GPU_Tot: 33.824
[Autotune] {"version": 1, "step": 520, "wall_seconds": 31.251879919000203, "seed_nodes": 2058046, "loss": 1.0437926292419433, "all_losses_finite": true}
[Step=0530] Wall=31.6201s | Loss=1.0362
[Profile] Avg ms/step | Load: 18.278 (Prep: 3.126, Struc: 0.300, Fetch: 14.852) | Fwd: 8.499 | Bwd: 9.499 | Opt: 0.592 | GPU_Tot: 33.742
[Autotune] {"version": 1, "step": 530, "wall_seconds": 31.620142469997518, "seed_nodes": 2095739, "loss": 1.0362116813659668, "all_losses_finite": true}
[Step=0540] Wall=31.9927s | Loss=1.0256
[Profile] Avg ms/step | Load: 18.274 (Prep: 3.071, Struc: 0.300, Fetch: 14.902) | Fwd: 8.503 | Bwd: 9.504 | Opt: 0.592 | GPU_Tot: 33.801
[Autotune] {"version": 1, "step": 540, "wall_seconds": 31.992732099985005, "seed_nodes": 2136699, "loss": 1.0256383895874024, "all_losses_finite": true}
[Step=0550] Wall=32.3290s | Loss=1.0442
[Profile] Avg ms/step | Load: 18.199 (Prep: 3.031, Struc: 0.300, Fetch: 14.867) | Fwd: 8.507 | Bwd: 9.508 | Opt: 0.591 | GPU_Tot: 33.774
[Autotune] {"version": 1, "step": 550, "wall_seconds": 32.329015736992005, "seed_nodes": 2177659, "loss": 1.0441803932189941, "all_losses_finite": true}
[Step=0560] Wall=32.7257s | Loss=1.0454
[Profile] Avg ms/step | Load: 18.261 (Prep: 3.087, Struc: 0.300, Fetch: 14.874) | Fwd: 8.502 | Bwd: 9.503 | Opt: 0.591 | GPU_Tot: 33.770
[Autotune] {"version": 1, "step": 560, "wall_seconds": 32.72566310997354, "seed_nodes": 2215352, "loss": 1.0453656196594239, "all_losses_finite": true}
[Step=0570] Wall=33.0928s | Loss=1.0247
[Profile] Avg ms/step | Load: 18.247 (Prep: 3.047, Struc: 0.300, Fetch: 14.899) | Fwd: 8.506 | Bwd: 9.507 | Opt: 0.592 | GPU_Tot: 33.804
[Autotune] {"version": 1, "step": 570, "wall_seconds": 33.09284519098583, "seed_nodes": 2256312, "loss": 1.0246949195861816, "all_losses_finite": true}
[Step=0580] Wall=33.4796s | Loss=1.0271
[Profile] Avg ms/step | Load: 18.286 (Prep: 3.099, Struc: 0.300, Fetch: 14.886) | Fwd: 8.501 | Bwd: 9.502 | Opt: 0.593 | GPU_Tot: 33.782
[Autotune] {"version": 1, "step": 580, "wall_seconds": 33.47955455898773, "seed_nodes": 2294005, "loss": 1.027147388458252, "all_losses_finite": true}
[Step=0590] Wall=33.8626s | Loss=1.0102
[Profile] Avg ms/step | Load: 18.300 (Prep: 3.067, Struc: 0.301, Fetch: 14.932) | Fwd: 8.505 | Bwd: 9.506 | Opt: 0.594 | GPU_Tot: 33.837
[Autotune] {"version": 1, "step": 590, "wall_seconds": 33.862563170987414, "seed_nodes": 2334965, "loss": 1.0102306365966798, "all_losses_finite": true}
[Step=0600] Wall=34.2198s | Loss=1.0158
[Profile] Avg ms/step | Load: 18.286 (Prep: 3.115, Struc: 0.300, Fetch: 14.870) | Fwd: 8.500 | Bwd: 9.501 | Opt: 0.593 | GPU_Tot: 33.765
[Autotune] {"version": 1, "step": 600, "wall_seconds": 34.219818320998456, "seed_nodes": 2372658, "loss": 1.0158138275146484, "all_losses_finite": true}
[Step=0610] Wall=34.5918s | Loss=1.0215
[Profile] Avg ms/step | Load: 18.280 (Prep: 3.069, Struc: 0.301, Fetch: 14.911) | Fwd: 8.504 | Bwd: 9.505 | Opt: 0.594 | GPU_Tot: 33.814
[Autotune] {"version": 1, "step": 610, "wall_seconds": 34.59180901298532, "seed_nodes": 2413618, "loss": 1.0214656829833983, "all_losses_finite": true}
[Step=0620] Wall=34.9338s | Loss=1.0111
[Profile] Avg ms/step | Load: 18.225 (Prep: 3.034, Struc: 0.301, Fetch: 14.890) | Fwd: 8.507 | Bwd: 9.508 | Opt: 0.593 | GPU_Tot: 33.800
[Autotune] {"version": 1, "step": 620, "wall_seconds": 34.933844433980994, "seed_nodes": 2454578, "loss": 1.0111051559448243, "all_losses_finite": true}
[Step=0630] Wall=35.3308s | Loss=1.0222
[Profile] Avg ms/step | Load: 18.280 (Prep: 3.069, Struc: 0.300, Fetch: 14.911) | Fwd: 8.503 | Bwd: 9.503 | Opt: 0.594 | GPU_Tot: 33.810
[Autotune] {"version": 1, "step": 630, "wall_seconds": 35.33078523297445, "seed_nodes": 2492271, "loss": 1.022214412689209, "all_losses_finite": true}
[Step=0640] Wall=35.6918s | Loss=1.0135
[Profile] Avg ms/step | Load: 18.257 (Prep: 3.040, Struc: 0.300, Fetch: 14.917) | Fwd: 8.506 | Bwd: 9.507 | Opt: 0.593 | GPU_Tot: 33.824
[Autotune] {"version": 1, "step": 640, "wall_seconds": 35.69177294700057, "seed_nodes": 2533231, "loss": 1.0134518623352051, "all_losses_finite": true}
[Step=0650] Wall=36.0772s | Loss=1.0120
[Profile] Avg ms/step | Load: 18.292 (Prep: 3.088, Struc: 0.300, Fetch: 14.904) | Fwd: 8.502 | Bwd: 9.502 | Opt: 0.593 | GPU_Tot: 33.801
[Autotune] {"version": 1, "step": 650, "wall_seconds": 36.0772047789942, "seed_nodes": 2570924, "loss": 1.0119592666625976, "all_losses_finite": true}
[Step=0660] Wall=36.4509s | Loss=1.0042
[Profile] Avg ms/step | Load: 18.289 (Prep: 3.055, Struc: 0.300, Fetch: 14.934) | Fwd: 8.505 | Bwd: 9.506 | Opt: 0.593 | GPU_Tot: 33.839
[Autotune] {"version": 1, "step": 660, "wall_seconds": 36.45093986298889, "seed_nodes": 2611884, "loss": 1.0041646003723144, "all_losses_finite": true}
[Step=0670] Wall=36.8085s | Loss=1.0017
[Profile] Avg ms/step | Load: 18.277 (Prep: 3.090, Struc: 0.300, Fetch: 14.887) | Fwd: 8.501 | Bwd: 9.501 | Opt: 0.593 | GPU_Tot: 33.782
[Autotune] {"version": 1, "step": 670, "wall_seconds": 36.80846038897289, "seed_nodes": 2649577, "loss": 1.0016631126403808, "all_losses_finite": true}
[Step=0680] Wall=37.1836s | Loss=1.0053
[Profile] Avg ms/step | Load: 18.278 (Prep: 3.049, Struc: 0.300, Fetch: 14.929) | Fwd: 8.504 | Bwd: 9.505 | Opt: 0.593 | GPU_Tot: 33.831
[Autotune] {"version": 1, "step": 680, "wall_seconds": 37.18364118898171, "seed_nodes": 2690537, "loss": 1.0053060531616211, "all_losses_finite": true}
[Step=0690] Wall=37.4981s | Loss=1.0079
[Profile] Avg ms/step | Load: 18.201 (Prep: 3.018, Struc: 0.300, Fetch: 14.883) | Fwd: 8.500 | Bwd: 9.501 | Opt: 0.593 | GPU_Tot: 33.776
[Autotune] {"version": 1, "step": 690, "wall_seconds": 37.49809384098626, "seed_nodes": 2728230, "loss": 1.0078521728515626, "all_losses_finite": true}
[Step=0700] Wall=37.9305s | Loss=0.9972
[Profile] Avg ms/step | Load: 18.288 (Prep: 3.048, Struc: 0.300, Fetch: 14.940) | Fwd: 8.503 | Bwd: 9.504 | Opt: 0.593 | GPU_Tot: 33.841
[Autotune] {"version": 1, "step": 700, "wall_seconds": 37.93053821197827, "seed_nodes": 2769190, "loss": 0.9972422599792481, "all_losses_finite": true}
[Step=0710] Wall=38.2765s | Loss=0.9966
[Profile] Avg ms/step | Load: 18.246 (Prep: 3.020, Struc: 0.300, Fetch: 14.926) | Fwd: 8.506 | Bwd: 9.508 | Opt: 0.593 | GPU_Tot: 33.833
[Autotune] {"version": 1, "step": 710, "wall_seconds": 38.27652881498216, "seed_nodes": 2810150, "loss": 0.9966099739074707, "all_losses_finite": true}
[Step=0720] Wall=38.6588s | Loss=0.9897
[Profile] Avg ms/step | Load: 18.271 (Prep: 3.049, Struc: 0.300, Fetch: 14.923) | Fwd: 8.502 | Bwd: 9.503 | Opt: 0.593 | GPU_Tot: 33.821
[Autotune] {"version": 1, "step": 720, "wall_seconds": 38.65882031698129, "seed_nodes": 2847843, "loss": 0.9896547317504882, "all_losses_finite": true}
[Step=0730] Wall=39.0403s | Loss=0.9929
[Profile] Avg ms/step | Load: 18.280 (Prep: 3.019, Struc: 0.300, Fetch: 14.961) | Fwd: 8.505 | Bwd: 9.507 | Opt: 0.594 | GPU_Tot: 33.867
[Autotune] {"version": 1, "step": 730, "wall_seconds": 39.040292741992744, "seed_nodes": 2888803, "loss": 0.992917537689209, "all_losses_finite": true}
[Step=0740] Wall=39.4191s | Loss=0.9890
[Profile] Avg ms/step | Load: 18.300 (Prep: 3.072, Struc: 0.300, Fetch: 14.928) | Fwd: 8.501 | Bwd: 9.503 | Opt: 0.593 | GPU_Tot: 33.826
[Autotune] {"version": 1, "step": 740, "wall_seconds": 39.419134883995866, "seed_nodes": 2926496, "loss": 0.9890419960021972, "all_losses_finite": true}
[Step=0750] Wall=39.7914s | Loss=0.9887
[Profile] Avg ms/step | Load: 18.296 (Prep: 3.035, Struc: 0.300, Fetch: 14.961) | Fwd: 8.504 | Bwd: 9.506 | Opt: 0.594 | GPU_Tot: 33.865
[Autotune] {"version": 1, "step": 750, "wall_seconds": 39.79138358699856, "seed_nodes": 2967456, "loss": 0.9886624336242675, "all_losses_finite": true}
[Step=0760] Wall=40.1675s | Loss=0.9910
[Profile] Avg ms/step | Load: 18.312 (Prep: 3.076, Struc: 0.300, Fetch: 14.936) | Fwd: 8.501 | Bwd: 9.502 | Opt: 0.593 | GPU_Tot: 33.832
[Autotune] {"version": 1, "step": 760, "wall_seconds": 40.16752125497442, "seed_nodes": 3005149, "loss": 0.9909640312194824, "all_losses_finite": true}
[Step=0770] Wall=40.5399s | Loss=0.9825
[Profile] Avg ms/step | Load: 18.307 (Prep: 3.039, Struc: 0.300, Fetch: 14.968) | Fwd: 8.504 | Bwd: 9.506 | Opt: 0.593 | GPU_Tot: 33.871
[Autotune] {"version": 1, "step": 770, "wall_seconds": 40.539922639, "seed_nodes": 3046109, "loss": 0.9825332641601563, "all_losses_finite": true}
[Step=0780] Wall=40.8784s | Loss=0.9725
[Profile] Avg ms/step | Load: 18.258 (Prep: 3.013, Struc: 0.300, Fetch: 14.946) | Fwd: 8.506 | Bwd: 9.509 | Opt: 0.593 | GPU_Tot: 33.854
[Autotune] {"version": 1, "step": 780, "wall_seconds": 40.87839870899916, "seed_nodes": 3087069, "loss": 0.9725135803222656, "all_losses_finite": true}
[Step=0790] Wall=41.2773s | Loss=0.9968
[Profile] Avg ms/step | Load: 18.303 (Prep: 3.046, Struc: 0.300, Fetch: 14.957) | Fwd: 8.503 | Bwd: 9.505 | Opt: 0.593 | GPU_Tot: 33.858
[Autotune] {"version": 1, "step": 790, "wall_seconds": 41.27725087699946, "seed_nodes": 3124762, "loss": 0.9967552185058594, "all_losses_finite": true}
[Step=0800] Wall=41.6412s | Loss=0.9829
[Profile] Avg ms/step | Load: 18.288 (Prep: 3.024, Struc: 0.300, Fetch: 14.964) | Fwd: 8.506 | Bwd: 9.508 | Opt: 0.593 | GPU_Tot: 33.872
[Autotune] {"version": 1, "step": 800, "wall_seconds": 41.64117795097991, "seed_nodes": 3165722, "loss": 0.9829354286193848, "all_losses_finite": true}
[Step=0810] Wall=42.0138s | Loss=0.9743
[Profile] Avg ms/step | Load: 18.298 (Prep: 3.055, Struc: 0.300, Fetch: 14.943) | Fwd: 8.502 | Bwd: 9.504 | Opt: 0.594 | GPU_Tot: 33.843
[Autotune] {"version": 1, "step": 810, "wall_seconds": 42.01377875698381, "seed_nodes": 3203415, "loss": 0.9742534637451172, "all_losses_finite": true}
[Step=0820] Wall=42.3927s | Loss=0.9751
[Profile] Avg ms/step | Load: 18.303 (Prep: 3.030, Struc: 0.300, Fetch: 14.973) | Fwd: 8.505 | Bwd: 9.507 | Opt: 0.594 | GPU_Tot: 33.879
[Autotune] {"version": 1, "step": 820, "wall_seconds": 42.39266234697425, "seed_nodes": 3244375, "loss": 0.9751419067382813, "all_losses_finite": true}
[Step=0830] Wall=42.7511s | Loss=0.9789
[Profile] Avg ms/step | Load: 18.295 (Prep: 3.065, Struc: 0.300, Fetch: 14.929) | Fwd: 8.502 | Bwd: 9.503 | Opt: 0.593 | GPU_Tot: 33.828
[Autotune] {"version": 1, "step": 830, "wall_seconds": 42.75110959398444, "seed_nodes": 3282068, "loss": 0.9788704872131347, "all_losses_finite": true}
[Step=0840] Wall=43.1213s | Loss=0.9796
[Profile] Avg ms/step | Load: 18.289 (Prep: 3.032, Struc: 0.300, Fetch: 14.957) | Fwd: 8.504 | Bwd: 9.506 | Opt: 0.593 | GPU_Tot: 33.860
[Autotune] {"version": 1, "step": 840, "wall_seconds": 43.12133473099675, "seed_nodes": 3323028, "loss": 0.9796029090881347, "all_losses_finite": true}
------------------------------------------------------------
Training Completed. Total Steps: 840 (Active: 800)
Avg Breakdown (ms): Load=18.289 [Prep:3.032, Struc:0.300, Fetch:14.957], Fwd=8.504, Bwd=9.506, Opt=0.593
------------------------------------------------------------
