$REPO_ROOT/.venv/lib/python3.11/site-packages/outdated/__init__.py:36: UserWarning: pkg_resources is deprecated as an API. See https://setuptools.pypa.io/en/latest/pkg_resources.html. The pkg_resources package is slated for removal as early as 2025-11-30. Refrain from using this package or pin to Setuptools<81.
  from pkg_resources import parse_version
2026-09-18 16:48:03,678 INFO:   Connectivity check: running command: ping -c 1 -W 3 10.125.8.2
2026-09-18 16:48:03,684 INFO:   Connectivity check succeeded.
2026-09-18 16:48:03,705 INFO:   Appliance client semantic version: 1.14.0, cluster server semantic version: 1.20.2, job operator semantic version: 1.20.2
2026-09-18 16:48:03,707 INFO:   Successfully initialized workflow with id: wflow-knv6ynxd9jhh6ssnesry4j
2026-09-18 16:48:03,713 WARNING:   The trainer configuration for train_and_eval does not configure checkpointing. In the event of a failure, the run will be restarted from the beginning. If this is not intentional, please specifiy a checkpoint callback with a checkpointing frequency to enable auto-restarting from previously saved checkpoints.
2026-09-18 16:48:03,713 INFO:   Spawning child process for the fit run ...
2026-09-18 16:48:03,717 INFO:   Child process started with pid: 1997729
$REPO_ROOT/.venv/lib/python3.11/site-packages/outdated/__init__.py:36: UserWarning: pkg_resources is deprecated as an API. See https://setuptools.pypa.io/en/latest/pkg_resources.html. The pkg_resources package is slated for removal as early as 2025-11-30. Refrain from using this package or pin to Setuptools<81.
  from pkg_resources import parse_version
2026-09-18 16:48:09,849 INFO:   Current Working Directory: $REPO_ROOT/src/cerebras/modelzoo/models/gnn
2026-09-18 16:48:09,849 INFO:   Running command: $REPO_ROOT/src/cerebras/modelzoo/cli/main.py fit $REPO_ROOT/model_dirs/hpcasia_r04/campaign_20260918T032805.576636Z/workers_w16/sensitivity_w04_p2_s1_r3/params.yaml --target_device CSX --model_dir $REPO_ROOT/model_dirs/hpcasia_r04/campaign_20260918T032805.576636Z/workers_w16/sensitivity_w04_p2_s1_r3/model
2026-09-18 16:48:10,391 INFO:   No checkpoint was provided. Using randomly initialized model parameters.
2026-09-18 16:48:10,391 INFO:   Ordinal 0: Initializing GNNDataProcessor for dataset 'ogbn-arxiv' (split=train, mode=neighbor).
$REPO_ROOT/.venv/lib/python3.11/site-packages/ogb/nodeproppred/dataset_pyg.py:69: FutureWarning: You are using `torch.load` with `weights_only=False` (the current default value), which uses the default pickle module implicitly. It is possible to construct malicious pickle data which will execute arbitrary code during unpickling (See https://github.com/pytorch/pytorch/blob/main/SECURITY.md#untrusted-models for more details). In a future release, the default value for `weights_only` will be flipped to `True`. This limits the functions that could be executed during unpickling. Arbitrary objects will no longer be allowed to be loaded via this mode unless they are explicitly allowlisted by the user via `torch.serialization.add_safe_globals`. We recommend you start setting `weights_only=True` for any use case where you don't have full control of the loaded file. Please open an issue on GitHub for any issues related to this experimental feature.
  self.data, self.slices = torch.load(self.processed_paths[0])
GNN_INPUT_CONTRACT {"batch_index_origin": 0, "batch_size": 4096, "count_basis": "deterministic loader schedule; not device counters", "dataset_name": "ogbn-arxiv", "drop_last": false, "event": "gnn_input_contract", "num_streamers": 1, "ordered_targets_and_labels_sha256": "cb189ecb3f75e653df7daacc08ead8c3b14bd353d302209c179a41e2b2b47d07", "restartable": false, "sampler_seed": 42, "seed_nodes_by_batch": [4096, 4096, 4096, 4096, 4096, 4096, 4096, 4096, 4096, 4096, 4096, 4096, 4096, 4096, 4096, 4096, 4096, 4096, 4096, 4096, 4096, 4096, 829], "seed_nodes_per_epoch": 90941, "shuffle": true, "source_seed_nodes": 90941, "split": "train", "static_batch_cache_size": 0, "supervised_targets_by_batch": [4096, 4096, 4096, 4096, 4096, 4096, 4096, 4096, 4096, 4096, 4096, 4096, 4096, 4096, 4096, 4096, 4096, 4096, 4096, 4096, 4096, 4096, 829], "traversal": "continuous_sequential_batches", "traversal_scope": "single_data_executor", "version": 1}
2026-09-18 16:48:10,616 INFO:   Connectivity check: running command: ping -c 1 -W 3 10.125.8.2
2026-09-18 16:48:10,622 INFO:   Connectivity check succeeded.
2026-09-18 16:48:10,642 INFO:   Appliance client semantic version: 1.14.0, cluster server semantic version: 1.20.2, job operator semantic version: 1.20.2
2026-09-18 16:48:10,642 INFO:   ===========================================================================
2026-09-18 16:48:10,643 INFO:   Trainer Fit Summary
2026-09-18 16:48:10,643 INFO:   ---------------------------------------------------------------------------
2026-09-18 16:48:10,643 INFO:   Trainer will run 1 train loop.
2026-09-18 16:48:10,643 INFO:   
2026-09-18 16:48:10,643 INFO:   Train steps per train loop:
2026-09-18 16:48:10,643 INFO:   * 1 loop of 440 steps
2026-09-18 16:48:10,643 INFO:   for a total of 440 train steps.
2026-09-18 16:48:10,643 INFO:   
2026-09-18 16:48:10,643 INFO:   Progress will be logged every 10 steps.
2026-09-18 16:48:10,643 INFO:   ===========================================================================
2026-09-18 16:48:10,643 INFO:   ---------------------------------------------------------------------------
2026-09-18 16:48:10,643 INFO:   Starting train loop 1 of 1, from global step 1 to 440 (440 steps)
2026-09-18 16:48:10,643 INFO:   ---------------------------------------------------------------------------
2026-09-18 16:48:15,417 INFO:   Compiling the model. This may take a few minutes.
2026-09-18 16:48:15,418 INFO:   Connectivity check: running command: ping -c 1 -W 3 10.125.8.2
2026-09-18 16:48:15,423 INFO:   Connectivity check succeeded.
2026-09-18 16:48:15,440 INFO:   Appliance client semantic version: 1.14.0, cluster server semantic version: 1.20.2, job operator semantic version: 1.20.2
2026-09-18 16:48:16,573 INFO:   Initiating a new image build job against the cluster server.
2026-09-18 16:48:16,590 INFO:   Job id: imgjob-42280d4f85d91291dacb2ef766350f15, workflow id: wflow-knv6ynxd9jhh6ssnesry4j, namespace: job-operator, remote log path: /n1/wsjob/workdir/job-operator/imgjob-42280d4f85d91291dacb2ef766350f15
2026-09-18 16:48:16,594 INFO:   Connectivity check: running command: ping -c 1 -W 3 10.125.8.2
2026-09-18 16:48:16,599 INFO:   Connectivity check succeeded.
2026-09-18 16:48:16,616 INFO:   Appliance client semantic version: 1.14.0, cluster server semantic version: 1.20.2, job operator semantic version: 1.20.2
2026-09-18 16:48:16,635 INFO:   Initiating a new compile wsjob against the cluster server.
2026-09-18 16:48:16,651 INFO:   Job id: wsjob-dbfbsltvls95tpspa3nhq9, workflow id: wflow-knv6ynxd9jhh6ssnesry4j, namespace: job-operator, remote log path: /n1/wsjob/workdir/job-operator/wsjob-dbfbsltvls95tpspa3nhq9
2026-09-18 16:48:36,652 INFO:   Poll ingress status: Waiting for job to be scheduled, current job status: Queueing, msg: job queueing to be scheduled. Job queue status: current job is top of queue but likely blocked by running/reserved jobs, 1 execute job(s) running/reserved using 1 system(s) and 1 nodegroup(s)[1 pop and 0 depop], 2 compile job(s) running/reserved using 90Gi memory. For more information, please run 'csctl get job wsjob-dbfbsltvls95tpspa3nhq9 --pending-status'.
2026-09-18 16:49:26,653 INFO:   Poll ingress status: Waiting for job to be scheduled, current job status: Queueing, msg: job queueing to be scheduled. Job queue status: 1 compile job(s) queued before current job. For more information, please run 'csctl get job wsjob-dbfbsltvls95tpspa3nhq9 --pending-status'.
2026-09-18 16:49:36,658 INFO:   Poll ingress status: Waiting for job to be scheduled, current job status: Queueing, msg: job queueing to be scheduled. Job queue status: current job is top of queue but likely blocked by running/reserved jobs, 2 execute job(s) running/reserved using 2 system(s) and 2 nodegroup(s)[2 pop and 0 depop], 2 compile job(s) running/reserved. For more information, please run 'csctl get job wsjob-dbfbsltvls95tpspa3nhq9 --pending-status'.
2026-09-18 16:59:36,664 INFO:   Poll ingress status: Waiting for job to be scheduled, current job status: Queueing, msg: job queueing to be scheduled. Job queue status: current job is top of queue but likely blocked by running/reserved jobs, 2 execute job(s) running/reserved using 2 system(s) and 2 nodegroup(s)[2 pop and 0 depop], 2 compile job(s) running/reserved. For more information, please run 'csctl get job wsjob-dbfbsltvls95tpspa3nhq9 --pending-status'.
2026-09-18 17:01:06,666 INFO:   Poll ingress status: Waiting for all Coordinator pods to be running, current running: 0/1.
2026-09-18 17:01:06,676 INFO:   Recording the timestamp when jobs is scheduled.
2026-09-18 17:01:06,721 WARNING:   Event 2026-09-18 17:00:54 +0000 UTC reason=InconsistentVersion wsjob=wsjob-dbfbsltvls95tpspa3nhq9 message='Warning: client semantic version 1.14.0 is inconsistent with cluster server semantic version 1.20.2, there's a risk job could fail due to inconsistent setup.'
2026-09-18 17:01:26,721 INFO:   Poll ingress status: Waiting for job ingress readiness.
2026-09-18 17:01:56,760 INFO:   Poll ingress status: Job ingress ready, dashboard: <internal-dashboard-url>
2026-09-18 17:01:56,794 INFO:   Poll ingress success: Job ingress ready, dashboard: <internal-dashboard-url>
2026-09-18 17:01:56,805 INFO:   Finalizing out-of-cluster job handle with ingress service url: 
2026-09-18 17:01:56,806 WARNING:   Empty ingress service url. Falling back to default server: 10.125.8.2:443
2026-09-18 17:01:56,875 INFO:   Found existing cached compile with hash: "cs_3310013607597699701"
2026-09-18 17:01:58,778 INFO:   Using power profile none

2026-09-18 17:01:58,792 INFO:   Compile artifacts successfully written to remote compile directory. Compile hash is: cs_3310013607597699701
2026-09-18 17:02:06,768 ERROR:   Image build job imgjob-42280d4f85d91291dacb2ef766350f15 failed. Please check the error log in $REPO_ROOT/model_dirs/hpcasia_r04/campaign_20260918T032805.576636Z/workers_w16/sensitivity_w04_p2_s1_r3/model/cerebras_logs/20260918_164809/executors/000001/custom_worker_build.out. 
2026-09-18 17:02:06,768 INFO:   Falling back to venv mounting.
2026-09-18 17:02:06,771 INFO:   Compile was successful!
2026-09-18 17:02:06,771 INFO:   Programming Cerebras Wafer Scale Cluster for execution. This may take a few minutes.
2026-09-18 17:02:08,781 INFO:   Connectivity check: running command: ping -c 1 -W 3 10.125.8.2
2026-09-18 17:02:08,787 INFO:   Connectivity check succeeded.
2026-09-18 17:02:08,805 INFO:   Appliance client semantic version: 1.14.0, cluster server semantic version: 1.20.2, job operator semantic version: 1.20.2
2026-09-18 17:02:08,807 INFO:   Initiating a new execute wsjob against the cluster server.
2026-09-18 17:02:08,847 INFO:   Job id: wsjob-ct88b2rrd57kbqt89dckxb, workflow id: wflow-knv6ynxd9jhh6ssnesry4j, namespace: job-operator, remote log path: /n1/wsjob/workdir/job-operator/wsjob-ct88b2rrd57kbqt89dckxb
2026-09-18 17:02:28,848 INFO:   Poll ingress status: Waiting for all Worker pods to be running, current running: 0/1.
2026-09-18 17:02:28,850 INFO:   Recording the timestamp when jobs is scheduled.
2026-09-18 17:02:28,898 WARNING:   Event 2026-09-18 17:02:16 +0000 UTC reason=InconsistentVersion wsjob=wsjob-ct88b2rrd57kbqt89dckxb message='Warning: client semantic version 1.14.0 is inconsistent with cluster server semantic version 1.20.2, there's a risk job could fail due to inconsistent setup.'
2026-09-18 17:02:28,898 INFO:   Infrastructure setup started for job wsjob-ct88b2rrd57kbqt89dckxb
2026-09-18 17:02:38,898 INFO:   Poll ingress status: Waiting for all Weight pods to be running, current running: 0/2.
2026-09-18 17:02:38,941 INFO:   Infrastructure setup completed successfully for job wsjob-ct88b2rrd57kbqt89dckxb
2026-09-18 17:02:48,941 INFO:   Poll ingress status: Waiting for all Worker pods to be running, current running: 0/1.
2026-09-18 17:02:48,981 INFO:   Infrastructure setup completed successfully for job wsjob-ct88b2rrd57kbqt89dckxb
2026-09-18 17:02:58,981 INFO:   Poll ingress status: Waiting for all Weight pods to be running, current running: 1/2.
2026-09-18 17:02:59,021 INFO:   Infrastructure setup completed successfully for job wsjob-ct88b2rrd57kbqt89dckxb
2026-09-18 17:03:09,022 INFO:   Poll ingress status: Waiting for all Worker pods to be running, current running: 0/1.
2026-09-18 17:03:09,061 INFO:   Infrastructure setup completed successfully for job wsjob-ct88b2rrd57kbqt89dckxb
2026-09-18 17:03:19,061 INFO:   Poll ingress status: Waiting for all Activation pods to be running, current running: 0/21.
2026-09-18 17:03:19,098 INFO:   Infrastructure setup completed successfully for job wsjob-ct88b2rrd57kbqt89dckxb
2026-09-18 17:03:29,098 INFO:   Poll ingress status: Waiting for all Worker pods to be running, current running: 0/1.
2026-09-18 17:03:29,139 INFO:   Infrastructure setup completed successfully for job wsjob-ct88b2rrd57kbqt89dckxb
2026-09-18 17:03:39,139 INFO:   Infrastructure setup completed successfully for job wsjob-ct88b2rrd57kbqt89dckxb
2026-09-18 17:03:49,140 INFO:   Poll ingress status: Waiting for all Activation pods to be running, current running: 0/21.
2026-09-18 17:03:49,174 INFO:   Infrastructure setup completed successfully for job wsjob-ct88b2rrd57kbqt89dckxb
2026-09-18 17:03:59,174 INFO:   Infrastructure setup completed successfully for job wsjob-ct88b2rrd57kbqt89dckxb
2026-09-18 17:04:09,175 INFO:   Poll ingress status: Waiting for all Worker pods to be running, current running: 0/1.
2026-09-18 17:04:09,215 INFO:   Infrastructure setup completed successfully for job wsjob-ct88b2rrd57kbqt89dckxb
2026-09-18 17:04:19,216 INFO:   Infrastructure setup completed successfully for job wsjob-ct88b2rrd57kbqt89dckxb
2026-09-18 17:04:29,216 INFO:   Infrastructure setup completed successfully for job wsjob-ct88b2rrd57kbqt89dckxb
2026-09-18 17:04:39,216 INFO:   Poll ingress status: Waiting for all Chief pods to be running, current running: 0/1.
2026-09-18 17:04:39,264 INFO:   Infrastructure setup completed successfully for job wsjob-ct88b2rrd57kbqt89dckxb
2026-09-18 17:04:49,264 INFO:   Poll ingress status: Waiting for all Activation pods to be running, current running: 0/21.
2026-09-18 17:04:49,304 INFO:   Infrastructure setup completed successfully for job wsjob-ct88b2rrd57kbqt89dckxb
2026-09-18 17:04:59,305 INFO:   Infrastructure setup completed successfully for job wsjob-ct88b2rrd57kbqt89dckxb
2026-09-18 17:05:09,305 INFO:   Infrastructure setup completed successfully for job wsjob-ct88b2rrd57kbqt89dckxb
2026-09-18 17:05:19,305 INFO:   Infrastructure setup completed successfully for job wsjob-ct88b2rrd57kbqt89dckxb
2026-09-18 17:05:29,306 INFO:   Poll ingress status: Waiting for all Chief pods to be running, current running: 0/1.
2026-09-18 17:05:29,351 INFO:   Infrastructure setup completed successfully for job wsjob-ct88b2rrd57kbqt89dckxb
2026-09-18 17:05:39,351 INFO:   Poll ingress status: Job ingress ready, dashboard: <internal-dashboard-url>
2026-09-18 17:05:39,387 INFO:   Infrastructure setup completed successfully for job wsjob-ct88b2rrd57kbqt89dckxb
2026-09-18 17:05:39,387 INFO:   Poll ingress success: Job ingress ready, dashboard: <internal-dashboard-url>
2026-09-18 17:05:39,401 INFO:   Finalizing out-of-cluster job handle with ingress service url: 
2026-09-18 17:05:39,401 WARNING:   Empty ingress service url. Falling back to default server: 10.125.8.2:443
2026-09-18 17:05:39,479 INFO:   Preparing to execute using 1 CSX
2026-09-18 17:05:56,870 INFO:   About to send initial weights
2026-09-18 17:05:57,105 INFO:   Finished sending initial weights
2026-09-18 17:05:57,105 INFO:   Finalizing appliance staging for the run
2026-09-18 17:06:03,582 INFO:   Waiting for device programming to complete
2026-09-18 17:06:16,975 INFO:   Device programming is complete
2026-09-18 17:06:17,316 INFO:   Using network type: ROCE
2026-09-18 17:06:17,317 INFO:   Waiting for input workers to prime the data pipeline and begin streaming ...
2026-09-18 17:06:17,326 INFO:   Input workers have begun streaming input data
2026-09-18 17:06:17,461 INFO:   Appliance staging is complete
2026-09-18 17:06:17,461 INFO:   Beginning appliance run
2026-09-18 17:06:28,076 INFO:   | Train Device=CSX, Step=10, Loss=3.37719, Rate=2846.25 samples/sec, GlobalRate=37.42 samples/sec, LoopTimeRemaining=0:10:19, TimeRemaining=0:10:19
2026-09-18 17:06:42,647 INFO:   | Train Device=CSX, Step=20, Loss=2.83006, Rate=2861.79 samples/sec, GlobalRate=73.85 samples/sec, LoopTimeRemaining=0:10:08, TimeRemaining=0:10:08
2026-09-18 17:07:01,277 INFO:   | Train Device=CSX, Step=30, Loss=2.48321, Rate=2742.57 samples/sec, GlobalRate=108.94 samples/sec, LoopTimeRemaining=0:09:57, TimeRemaining=0:09:57
2026-09-18 17:07:15,991 INFO:   | Train Device=CSX, Step=40, Loss=2.17466, Rate=2841.78 samples/sec, GlobalRate=143.39 samples/sec, LoopTimeRemaining=0:09:45, TimeRemaining=0:09:45
2026-09-18 17:07:34,762 INFO:   | Train Device=CSX, Step=50, Loss=1.85241, Rate=2481.20 samples/sec, GlobalRate=176.34 samples/sec, LoopTimeRemaining=0:09:29, TimeRemaining=0:09:29
2026-09-18 17:07:49,497 INFO:   | Train Device=CSX, Step=60, Loss=1.63806, Rate=2756.16 samples/sec, GlobalRate=208.96 samples/sec, LoopTimeRemaining=0:09:16, TimeRemaining=0:09:16
2026-09-18 17:08:07,631 INFO:   | Train Device=CSX, Step=70, Loss=1.52059, Rate=1653.66 samples/sec, GlobalRate=240.08 samples/sec, LoopTimeRemaining=0:09:00, TimeRemaining=0:09:00
2026-09-18 17:08:22,568 INFO:   | Train Device=CSX, Step=80, Loss=1.42359, Rate=2779.33 samples/sec, GlobalRate=270.99 samples/sec, LoopTimeRemaining=0:08:47, TimeRemaining=0:08:47
2026-09-18 17:08:37,064 INFO:   | Train Device=CSX, Step=90, Loss=1.41382, Rate=2883.25 samples/sec, GlobalRate=301.25 samples/sec, LoopTimeRemaining=0:08:32, TimeRemaining=0:08:32
2026-09-18 17:08:55,434 INFO:   | Train Device=CSX, Step=100, Loss=1.31883, Rate=2759.72 samples/sec, GlobalRate=329.77 samples/sec, LoopTimeRemaining=0:08:18, TimeRemaining=0:08:18
2026-09-18 17:09:10,857 INFO:   | Train Device=CSX, Step=110, Loss=1.27947, Rate=2741.50 samples/sec, GlobalRate=358.30 samples/sec, LoopTimeRemaining=0:08:06, TimeRemaining=0:08:06
2026-09-18 17:09:29,098 INFO:   | Train Device=CSX, Step=120, Loss=1.21283, Rate=2699.05 samples/sec, GlobalRate=385.28 samples/sec, LoopTimeRemaining=0:07:51, TimeRemaining=0:07:51
2026-09-18 17:09:44,023 INFO:   | Train Device=CSX, Step=130, Loss=1.25431, Rate=2776.52 samples/sec, GlobalRate=412.57 samples/sec, LoopTimeRemaining=0:07:36, TimeRemaining=0:07:36
2026-09-18 17:10:02,265 INFO:   | Train Device=CSX, Step=140, Loss=1.17677, Rate=2269.37 samples/sec, GlobalRate=438.11 samples/sec, LoopTimeRemaining=0:07:20, TimeRemaining=0:07:20
2026-09-18 17:10:17,265 INFO:   | Train Device=CSX, Step=150, Loss=1.18961, Rate=2778.66 samples/sec, GlobalRate=464.08 samples/sec, LoopTimeRemaining=0:07:06, TimeRemaining=0:07:06
2026-09-18 17:10:32,063 INFO:   | Train Device=CSX, Step=160, Loss=1.17591, Rate=2576.45 samples/sec, GlobalRate=489.55 samples/sec, LoopTimeRemaining=0:06:51, TimeRemaining=0:06:51
2026-09-18 17:10:50,549 INFO:   | Train Device=CSX, Step=170, Loss=1.11490, Rate=2770.19 samples/sec, GlobalRate=513.06 samples/sec, LoopTimeRemaining=0:06:37, TimeRemaining=0:06:37
2026-09-18 17:11:05,311 INFO:   | Train Device=CSX, Step=180, Loss=1.16431, Rate=2889.74 samples/sec, GlobalRate=537.40 samples/sec, LoopTimeRemaining=0:06:22, TimeRemaining=0:06:22
2026-09-18 17:11:23,691 INFO:   | Train Device=CSX, Step=190, Loss=1.17256, Rate=2701.94 samples/sec, GlobalRate=559.75 samples/sec, LoopTimeRemaining=0:06:08, TimeRemaining=0:06:08
2026-09-18 17:11:38,420 INFO:   | Train Device=CSX, Step=200, Loss=1.15904, Rate=2788.96 samples/sec, GlobalRate=583.04 samples/sec, LoopTimeRemaining=0:05:53, TimeRemaining=0:05:53
2026-09-18 17:11:57,035 INFO:   | Train Device=CSX, Step=210, Loss=1.11809, Rate=2562.06 samples/sec, GlobalRate=604.19 samples/sec, LoopTimeRemaining=0:05:38, TimeRemaining=0:05:38
2026-09-18 17:12:11,876 INFO:   | Train Device=CSX, Step=220, Loss=1.11506, Rate=2812.98 samples/sec, GlobalRate=626.43 samples/sec, LoopTimeRemaining=0:05:24, TimeRemaining=0:05:24
2026-09-18 17:12:26,101 INFO:   | Train Device=CSX, Step=230, Loss=1.00655, Rate=2936.34 samples/sec, GlobalRate=648.49 samples/sec, LoopTimeRemaining=0:05:09, TimeRemaining=0:05:09
2026-09-18 17:12:44,988 INFO:   | Train Device=CSX, Step=240, Loss=1.11497, Rate=2771.94 samples/sec, GlobalRate=668.00 samples/sec, LoopTimeRemaining=0:04:54, TimeRemaining=0:04:54
2026-09-18 17:12:59,559 INFO:   | Train Device=CSX, Step=250, Loss=1.07827, Rate=2888.03 samples/sec, GlobalRate=689.01 samples/sec, LoopTimeRemaining=0:04:40, TimeRemaining=0:04:40
2026-09-18 17:13:18,451 INFO:   | Train Device=CSX, Step=260, Loss=1.07885, Rate=2535.63 samples/sec, GlobalRate=707.57 samples/sec, LoopTimeRemaining=0:04:26, TimeRemaining=0:04:26
2026-09-18 17:13:33,971 INFO:   | Train Device=CSX, Step=270, Loss=1.08083, Rate=2713.62 samples/sec, GlobalRate=727.29 samples/sec, LoopTimeRemaining=0:04:10, TimeRemaining=0:04:10
2026-09-18 17:13:52,559 INFO:   | Train Device=CSX, Step=280, Loss=1.11849, Rate=2671.76 samples/sec, GlobalRate=745.12 samples/sec, LoopTimeRemaining=0:03:56, TimeRemaining=0:03:56
2026-09-18 17:14:07,583 INFO:   | Train Device=CSX, Step=290, Loss=1.06843, Rate=2787.55 samples/sec, GlobalRate=764.27 samples/sec, LoopTimeRemaining=0:03:41, TimeRemaining=0:03:41
2026-09-18 17:14:25,669 INFO:   | Train Device=CSX, Step=300, Loss=1.02315, Rate=1644.92 samples/sec, GlobalRate=781.53 samples/sec, LoopTimeRemaining=0:03:26, TimeRemaining=0:03:26
2026-09-18 17:14:40,526 INFO:   | Train Device=CSX, Step=310, Loss=1.04774, Rate=2776.28 samples/sec, GlobalRate=800.02 samples/sec, LoopTimeRemaining=0:03:11, TimeRemaining=0:03:11
2026-09-18 17:14:55,145 INFO:   | Train Device=CSX, Step=320, Loss=1.09656, Rate=2890.79 samples/sec, GlobalRate=818.29 samples/sec, LoopTimeRemaining=0:02:56, TimeRemaining=0:02:56
2026-09-18 17:15:13,667 INFO:   | Train Device=CSX, Step=330, Loss=1.02357, Rate=2763.29 samples/sec, GlobalRate=834.22 samples/sec, LoopTimeRemaining=0:02:42, TimeRemaining=0:02:42
2026-09-18 17:15:28,536 INFO:   | Train Device=CSX, Step=340, Loss=1.03504, Rate=2834.78 samples/sec, GlobalRate=851.68 samples/sec, LoopTimeRemaining=0:02:27, TimeRemaining=0:02:27
2026-09-18 17:15:46,778 INFO:   | Train Device=CSX, Step=350, Loss=0.99137, Rate=2719.30 samples/sec, GlobalRate=867.06 samples/sec, LoopTimeRemaining=0:02:12, TimeRemaining=0:02:12
2026-09-18 17:16:01,765 INFO:   | Train Device=CSX, Step=360, Loss=1.03419, Rate=2794.82 samples/sec, GlobalRate=883.82 samples/sec, LoopTimeRemaining=0:01:58, TimeRemaining=0:01:58
2026-09-18 17:16:19,943 INFO:   | Train Device=CSX, Step=370, Loss=1.01350, Rate=2035.34 samples/sec, GlobalRate=898.58 samples/sec, LoopTimeRemaining=0:01:43, TimeRemaining=0:01:43
2026-09-18 17:16:34,826 INFO:   | Train Device=CSX, Step=380, Loss=1.02233, Rate=2782.65 samples/sec, GlobalRate=914.79 samples/sec, LoopTimeRemaining=0:01:28, TimeRemaining=0:01:28
2026-09-18 17:16:49,418 INFO:   | Train Device=CSX, Step=390, Loss=1.02352, Rate=2891.67 samples/sec, GlobalRate=930.88 samples/sec, LoopTimeRemaining=0:01:13, TimeRemaining=0:01:13
2026-09-18 17:17:07,999 INFO:   | Train Device=CSX, Step=400, Loss=0.95176, Rate=2786.75 samples/sec, GlobalRate=944.52 samples/sec, LoopTimeRemaining=0:00:59, TimeRemaining=0:00:59
2026-09-18 17:17:22,491 INFO:   | Train Device=CSX, Step=410, Loss=1.01225, Rate=2896.71 samples/sec, GlobalRate=960.11 samples/sec, LoopTimeRemaining=0:00:44, TimeRemaining=0:00:44
2026-09-18 17:17:40,860 INFO:   | Train Device=CSX, Step=420, Loss=1.01939, Rate=2727.91 samples/sec, GlobalRate=973.31 samples/sec, LoopTimeRemaining=0:00:29, TimeRemaining=0:00:29
2026-09-18 17:17:55,513 INFO:   | Train Device=CSX, Step=430, Loss=1.00939, Rate=2785.20 samples/sec, GlobalRate=988.29 samples/sec, LoopTimeRemaining=0:00:15, TimeRemaining=0:00:15
2026-09-18 17:18:14,220 INFO:   | Train Device=CSX, Step=440, Loss=0.98283, Rate=2503.65 samples/sec, GlobalRate=1000.77 samples/sec, LoopTimeRemaining=0:00:00, TimeRemaining=0:00:00
2026-09-18 17:18:14,336 INFO:   Training completed successfully!
2026-09-18 17:18:14,347 INFO:   Processed 1802240 training sample(s) in 1803.731487424 seconds.
