$REPO_ROOT/.venv/lib/python3.11/site-packages/outdated/__init__.py:36: UserWarning: pkg_resources is deprecated as an API. See https://setuptools.pypa.io/en/latest/pkg_resources.html. The pkg_resources package is slated for removal as early as 2025-11-30. Refrain from using this package or pin to Setuptools<81.
  from pkg_resources import parse_version
[ddp] Single-process mode: device=cuda
[Info] Running in Single-Process mode (CPU or Single GPU).
[Info] Device: cuda
[GraphCache] Caching disabled (0 nodes).
[Compile] {"enabled": true, "dynamic": true}
[GPU policy] {"version": 1, "optimizer": "torch.optim.AdamW", "epsilon_convention": "sqrt_bias_corrected_second_moment_plus_eps", "optimizer_defaults": {"lr": 0.003, "betas": [0.9, 0.999], "eps": 1e-06, "weight_decay": 0.0005, "amsgrad": false, "foreach": null, "maximize": false, "capturable": false, "differentiable": false, "fused": null}, "optimizer_groups": [{"parameters": ["_orig_mod.gnn.convs.0.lin_l.weight", "_orig_mod.gnn.convs.0.lin_r.weight", "_orig_mod.gnn.convs.1.lin_l.weight", "_orig_mod.gnn.convs.1.lin_r.weight", "_orig_mod.gnn.convs.2.lin_l.weight", "_orig_mod.gnn.convs.2.lin_r.weight", "_orig_mod.classifier.weight"], "weight_decay": 0.0005}, {"parameters": ["_orig_mod.gnn.convs.0.lin_l.bias", "_orig_mod.gnn.convs.1.lin_l.bias", "_orig_mod.gnn.convs.2.lin_l.bias", "_orig_mod.classifier.bias"], "weight_decay": 0.0}], "parameter_count": 4500520, "amp": {"implementation": "torch.amp.GradScaler", "enabled": true, "init_scale": 32768.0, "growth_interval": 2000, "growth_factor": 2.0, "backoff_factor": 0.5, "sdk_scale_clamps": false}}
[Step=0010] Wall=12.3243s | Loss=4.3810
[Profile] Avg ms/step | Load: 31.653 (Prep: 13.087, Struc: 0.376, Fetch: 18.189) | Fwd: 988.883 | Bwd: 111.980 | Opt: 76.960 | GPU_Tot: 1196.388
[Autotune] {"version": 2, "step": 10, "wall_seconds": 12.324301453016233, "seed_nodes": 40960, "loss": 4.380965042114258, "all_losses_finite": true, "optimizer_steps": 10, "skipped_optimizer_steps": 0, "loss_scale": 32768.0}
[Step=0020] Wall=12.6734s | Loss=3.0526
[Profile] Avg ms/step | Load: 23.680 (Prep: 7.197, Struc: 0.338, Fetch: 16.145) | Fwd: 498.770 | Bwd: 60.851 | Opt: 38.808 | GPU_Tot: 614.911
[Autotune] {"version": 2, "step": 20, "wall_seconds": 12.673448551009642, "seed_nodes": 81920, "loss": 3.052587890625, "all_losses_finite": true, "optimizer_steps": 20, "skipped_optimizer_steps": 0, "loss_scale": 32768.0}
[Step=0030] Wall=13.0739s | Loss=2.5493
[Profile] Avg ms/step | Load: 22.997 (Prep: 6.952, Struc: 0.324, Fetch: 15.721) | Fwd: 335.297 | Bwd: 43.642 | Opt: 26.094 | GPU_Tot: 421.078
[Autotune] {"version": 2, "step": 30, "wall_seconds": 13.073882960015908, "seed_nodes": 119613, "loss": 2.549294281005859, "all_losses_finite": true, "optimizer_steps": 30, "skipped_optimizer_steps": 0, "loss_scale": 32768.0}
[Step=0040] Wall=13.4428s | Loss=2.2212
[Profile] Avg ms/step | Load: 0.000 (Prep: 0.000, Struc: 0.000, Fetch: 0.000) | Fwd: 0.000 | Bwd: 0.000 | Opt: 0.000 | GPU_Tot: 0.000
[Autotune] {"version": 2, "step": 40, "wall_seconds": 13.442834553017747, "seed_nodes": 160573, "loss": 2.2212467193603516, "all_losses_finite": true, "optimizer_steps": 40, "skipped_optimizer_steps": 0, "loss_scale": 32768.0}
[Step=0050] Wall=13.8158s | Loss=1.9103
[Profile] Avg ms/step | Load: 19.089 (Prep: 5.673, Struc: 0.289, Fetch: 13.127) | Fwd: 8.194 | Bwd: 9.187 | Opt: 0.660 | GPU_Tot: 31.456
[Autotune] {"version": 2, "step": 50, "wall_seconds": 13.815754620009102, "seed_nodes": 198266, "loss": 1.9103099822998046, "all_losses_finite": true, "optimizer_steps": 50, "skipped_optimizer_steps": 0, "loss_scale": 32768.0}
[Step=0060] Wall=14.1861s | Loss=1.7204
[Profile] Avg ms/step | Load: 18.433 (Prep: 3.035, Struc: 0.295, Fetch: 15.102) | Fwd: 8.443 | Bwd: 9.455 | Opt: 0.667 | GPU_Tot: 33.963
[Autotune] {"version": 2, "step": 60, "wall_seconds": 14.18613252902287, "seed_nodes": 239226, "loss": 1.7203676223754882, "all_losses_finite": true, "optimizer_steps": 60, "skipped_optimizer_steps": 0, "loss_scale": 32768.0}
[Step=0070] Wall=14.5494s | Loss=1.6047
[Profile] Avg ms/step | Load: 18.332 (Prep: 4.160, Struc: 0.292, Fetch: 13.879) | Fwd: 8.361 | Bwd: 9.371 | Opt: 0.658 | GPU_Tot: 32.560
[Autotune] {"version": 2, "step": 70, "wall_seconds": 14.549426133016823, "seed_nodes": 276919, "loss": 1.6047121047973634, "all_losses_finite": true, "optimizer_steps": 70, "skipped_optimizer_steps": 0, "loss_scale": 32768.0}
[Step=0080] Wall=14.9197s | Loss=1.4951
[Profile] Avg ms/step | Load: 18.195 (Prep: 3.219, Struc: 0.295, Fetch: 14.681) | Fwd: 8.441 | Bwd: 9.453 | Opt: 0.663 | GPU_Tot: 33.533
[Autotune] {"version": 2, "step": 80, "wall_seconds": 14.919671035022475, "seed_nodes": 317879, "loss": 1.4951139450073243, "all_losses_finite": true, "optimizer_steps": 80, "skipped_optimizer_steps": 0, "loss_scale": 32768.0}
[Step=0090] Wall=15.2640s | Loss=1.4408
[Profile] Avg ms/step | Load: 17.607 (Prep: 2.792, Struc: 0.296, Fetch: 14.519) | Fwd: 8.484 | Bwd: 9.506 | Opt: 0.660 | GPU_Tot: 33.464
[Autotune] {"version": 2, "step": 90, "wall_seconds": 15.264043894014321, "seed_nodes": 358839, "loss": 1.4408434867858886, "all_losses_finite": true, "optimizer_steps": 90, "skipped_optimizer_steps": 0, "loss_scale": 32768.0}
[Step=0100] Wall=15.6666s | Loss=1.3872
[Profile] Avg ms/step | Load: 18.325 (Prep: 3.404, Struc: 0.297, Fetch: 14.624) | Fwd: 8.446 | Bwd: 9.463 | Opt: 0.661 | GPU_Tot: 33.490
[Autotune] {"version": 2, "step": 100, "wall_seconds": 15.666613050008891, "seed_nodes": 396532, "loss": 1.3872355461120605, "all_losses_finite": true, "optimizer_steps": 100, "skipped_optimizer_steps": 0, "loss_scale": 32768.0}
[Step=0110] Wall=16.0312s | Loss=1.3414
[Profile] Avg ms/step | Load: 18.170 (Prep: 3.104, Struc: 0.298, Fetch: 14.768) | Fwd: 8.479 | Bwd: 9.500 | Opt: 0.660 | GPU_Tot: 33.705
[Autotune] {"version": 2, "step": 110, "wall_seconds": 16.031215548020555, "seed_nodes": 437492, "loss": 1.341353988647461, "all_losses_finite": true, "optimizer_steps": 110, "skipped_optimizer_steps": 0, "loss_scale": 32768.0}
[Step=0120] Wall=16.4019s | Loss=1.3326
[Profile] Avg ms/step | Load: 18.251 (Prep: 3.386, Struc: 0.297, Fetch: 14.568) | Fwd: 8.446 | Bwd: 9.463 | Opt: 0.660 | GPU_Tot: 33.434
[Autotune] {"version": 2, "step": 120, "wall_seconds": 16.4018959000241, "seed_nodes": 475185, "loss": 1.3326034545898438, "all_losses_finite": true, "optimizer_steps": 120, "skipped_optimizer_steps": 0, "loss_scale": 32768.0}
[Step=0130] Wall=16.7809s | Loss=1.2932
[Profile] Avg ms/step | Load: 18.295 (Prep: 3.152, Struc: 0.298, Fetch: 14.846) | Fwd: 8.473 | Bwd: 9.491 | Opt: 0.661 | GPU_Tot: 33.769
[Autotune] {"version": 2, "step": 130, "wall_seconds": 16.780909801018424, "seed_nodes": 516145, "loss": 1.293227481842041, "all_losses_finite": true, "optimizer_steps": 130, "skipped_optimizer_steps": 0, "loss_scale": 32768.0}
[Step=0140] Wall=17.1416s | Loss=1.2622
[Profile] Avg ms/step | Load: 18.247 (Prep: 3.460, Struc: 0.298, Fetch: 14.489) | Fwd: 8.449 | Bwd: 9.464 | Opt: 0.659 | GPU_Tot: 33.360
[Autotune] {"version": 2, "step": 140, "wall_seconds": 17.141640619025566, "seed_nodes": 553838, "loss": 1.2622187614440918, "all_losses_finite": true, "optimizer_steps": 140, "skipped_optimizer_steps": 0, "loss_scale": 32768.0}
[Step=0150] Wall=17.5196s | Loss=1.2637
[Profile] Avg ms/step | Load: 18.274 (Prep: 3.182, Struc: 0.298, Fetch: 14.794) | Fwd: 8.471 | Bwd: 9.486 | Opt: 0.663 | GPU_Tot: 33.711
[Autotune] {"version": 2, "step": 150, "wall_seconds": 17.519590497016907, "seed_nodes": 594798, "loss": 1.26369047164917, "all_losses_finite": true, "optimizer_steps": 150, "skipped_optimizer_steps": 0, "loss_scale": 32768.0}
[Step=0160] Wall=17.8518s | Loss=1.2384
[Profile] Avg ms/step | Load: 17.918 (Prep: 3.005, Struc: 0.298, Fetch: 14.615) | Fwd: 8.488 | Bwd: 9.506 | Opt: 0.661 | GPU_Tot: 33.568
[Autotune] {"version": 2, "step": 160, "wall_seconds": 17.851800043019466, "seed_nodes": 635758, "loss": 1.2384052276611328, "all_losses_finite": true, "optimizer_steps": 160, "skipped_optimizer_steps": 0, "loss_scale": 32768.0}
[Step=0170] Wall=18.2580s | Loss=1.2120
[Profile] Avg ms/step | Load: 18.256 (Prep: 3.233, Struc: 0.298, Fetch: 14.725) | Fwd: 8.469 | Bwd: 9.485 | Opt: 0.662 | GPU_Tot: 33.638
[Autotune] {"version": 2, "step": 170, "wall_seconds": 18.258001813024748, "seed_nodes": 673451, "loss": 1.2120287895202637, "all_losses_finite": true, "optimizer_steps": 170, "skipped_optimizer_steps": 0, "loss_scale": 32768.0}
[Step=0180] Wall=18.6111s | Loss=1.2111
[Profile] Avg ms/step | Load: 18.096 (Prep: 3.084, Struc: 0.298, Fetch: 14.714) | Fwd: 8.485 | Bwd: 9.503 | Opt: 0.662 | GPU_Tot: 33.663
[Autotune] {"version": 2, "step": 180, "wall_seconds": 18.61106055401615, "seed_nodes": 714411, "loss": 1.2111258506774902, "all_losses_finite": true, "optimizer_steps": 180, "skipped_optimizer_steps": 0, "loss_scale": 32768.0}
[Step=0190] Wall=18.9908s | Loss=1.1921
[Profile] Avg ms/step | Load: 18.200 (Prep: 3.238, Struc: 0.298, Fetch: 14.664) | Fwd: 8.470 | Bwd: 9.485 | Opt: 0.663 | GPU_Tot: 33.579
[Autotune] {"version": 2, "step": 190, "wall_seconds": 18.99080151002272, "seed_nodes": 752104, "loss": 1.1920915603637696, "all_losses_finite": true, "optimizer_steps": 190, "skipped_optimizer_steps": 0, "loss_scale": 32768.0}
[Step=0200] Wall=19.3643s | Loss=1.1827
[Profile] Avg ms/step | Load: 18.192 (Prep: 3.114, Struc: 0.299, Fetch: 14.779) | Fwd: 8.484 | Bwd: 9.501 | Opt: 0.663 | GPU_Tot: 33.726
[Autotune] {"version": 2, "step": 200, "wall_seconds": 19.36426776301232, "seed_nodes": 793064, "loss": 1.1827061653137207, "all_losses_finite": true, "optimizer_steps": 200, "skipped_optimizer_steps": 0, "loss_scale": 32768.0}
[Step=0210] Wall=19.7305s | Loss=1.1685
[Profile] Avg ms/step | Load: 18.205 (Prep: 3.298, Struc: 0.299, Fetch: 14.608) | Fwd: 8.468 | Bwd: 9.483 | Opt: 0.662 | GPU_Tot: 33.520
[Autotune] {"version": 2, "step": 210, "wall_seconds": 19.730526909028413, "seed_nodes": 830757, "loss": 1.168510627746582, "all_losses_finite": true, "optimizer_steps": 210, "skipped_optimizer_steps": 0, "loss_scale": 32768.0}
[Step=0220] Wall=20.1058s | Loss=1.1648
[Profile] Avg ms/step | Load: 18.205 (Prep: 3.138, Struc: 0.299, Fetch: 14.768) | Fwd: 8.480 | Bwd: 9.496 | Opt: 0.666 | GPU_Tot: 33.710
[Autotune] {"version": 2, "step": 220, "wall_seconds": 20.105789220018778, "seed_nodes": 871717, "loss": 1.164751148223877, "all_losses_finite": true, "optimizer_steps": 220, "skipped_optimizer_steps": 0, "loss_scale": 32768.0}
[Step=0230] Wall=20.4141s | Loss=1.1592
[Profile] Avg ms/step | Load: 17.911 (Prep: 3.014, Struc: 0.298, Fetch: 14.598) | Fwd: 8.466 | Bwd: 9.481 | Opt: 0.665 | GPU_Tot: 33.509
[Autotune] {"version": 2, "step": 230, "wall_seconds": 20.414142154011643, "seed_nodes": 909410, "loss": 1.1591700553894042, "all_losses_finite": true, "optimizer_steps": 230, "skipped_optimizer_steps": 0, "loss_scale": 32768.0}
[Step=0240] Wall=20.8455s | Loss=1.1471
[Profile] Avg ms/step | Load: 18.208 (Prep: 3.185, Struc: 0.299, Fetch: 14.724) | Fwd: 8.478 | Bwd: 9.493 | Opt: 0.665 | GPU_Tot: 33.660
[Autotune] {"version": 2, "step": 240, "wall_seconds": 20.845511618012097, "seed_nodes": 950370, "loss": 1.147107982635498, "all_losses_finite": true, "optimizer_steps": 240, "skipped_optimizer_steps": 0, "loss_scale": 32768.0}
[Step=0250] Wall=21.1918s | Loss=1.1405
[Profile] Avg ms/step | Load: 18.075 (Prep: 3.086, Struc: 0.299, Fetch: 14.689) | Fwd: 8.488 | Bwd: 9.505 | Opt: 0.665 | GPU_Tot: 33.645
[Autotune] {"version": 2, "step": 250, "wall_seconds": 21.1918212120072, "seed_nodes": 991330, "loss": 1.1405495643615722, "all_losses_finite": true, "optimizer_steps": 250, "skipped_optimizer_steps": 0, "loss_scale": 32768.0}
[Step=0260] Wall=21.5902s | Loss=1.1379
[Profile] Avg ms/step | Load: 18.231 (Prep: 3.237, Struc: 0.299, Fetch: 14.694) | Fwd: 8.477 | Bwd: 9.492 | Opt: 0.665 | GPU_Tot: 33.628
[Autotune] {"version": 2, "step": 260, "wall_seconds": 21.590188573027262, "seed_nodes": 1029023, "loss": 1.137888526916504, "all_losses_finite": true, "optimizer_steps": 260, "skipped_optimizer_steps": 0, "loss_scale": 32768.0}
[Step=0270] Wall=21.9613s | Loss=1.1152
[Profile] Avg ms/step | Load: 18.214 (Prep: 3.149, Struc: 0.300, Fetch: 14.765) | Fwd: 8.487 | Bwd: 9.503 | Opt: 0.665 | GPU_Tot: 33.719
[Autotune] {"version": 2, "step": 270, "wall_seconds": 21.961296134017175, "seed_nodes": 1069983, "loss": 1.1152377128601074, "all_losses_finite": true, "optimizer_steps": 270, "skipped_optimizer_steps": 0, "loss_scale": 32768.0}
[Step=0280] Wall=22.3332s | Loss=1.1094
[Profile] Avg ms/step | Load: 18.246 (Prep: 3.257, Struc: 0.299, Fetch: 14.690) | Fwd: 8.475 | Bwd: 9.490 | Opt: 0.664 | GPU_Tot: 33.617
[Autotune] {"version": 2, "step": 280, "wall_seconds": 22.33320106600877, "seed_nodes": 1107676, "loss": 1.1094383239746093, "all_losses_finite": true, "optimizer_steps": 280, "skipped_optimizer_steps": 0, "loss_scale": 32768.0}
[Step=0290] Wall=22.7125s | Loss=1.1066
[Profile] Avg ms/step | Load: 18.260 (Prep: 3.143, Struc: 0.299, Fetch: 14.818) | Fwd: 8.484 | Bwd: 9.499 | Opt: 0.666 | GPU_Tot: 33.766
[Autotune] {"version": 2, "step": 290, "wall_seconds": 22.712491395010147, "seed_nodes": 1148636, "loss": 1.106594944000244, "all_losses_finite": true, "optimizer_steps": 290, "skipped_optimizer_steps": 0, "loss_scale": 32768.0}
[Step=0300] Wall=23.0870s | Loss=1.1131
[Profile] Avg ms/step | Load: 18.295 (Prep: 3.292, Struc: 0.299, Fetch: 14.704) | Fwd: 8.475 | Bwd: 9.489 | Opt: 0.665 | GPU_Tot: 33.632
[Autotune] {"version": 2, "step": 300, "wall_seconds": 23.086975521000568, "seed_nodes": 1186329, "loss": 1.1130696296691895, "all_losses_finite": true, "optimizer_steps": 300, "skipped_optimizer_steps": 0, "loss_scale": 32768.0}
[Step=0310] Wall=23.4577s | Loss=1.1016
[Profile] Avg ms/step | Load: 18.277 (Prep: 3.184, Struc: 0.299, Fetch: 14.794) | Fwd: 8.483 | Bwd: 9.497 | Opt: 0.665 | GPU_Tot: 33.738
[Autotune] {"version": 2, "step": 310, "wall_seconds": 23.457737334014382, "seed_nodes": 1227289, "loss": 1.1016018867492676, "all_losses_finite": true, "optimizer_steps": 310, "skipped_optimizer_steps": 0, "loss_scale": 32768.0}
[Step=0320] Wall=23.7958s | Loss=1.0952
[Profile] Avg ms/step | Load: 18.146 (Prep: 3.110, Struc: 0.299, Fetch: 14.737) | Fwd: 8.490 | Bwd: 9.505 | Opt: 0.665 | GPU_Tot: 33.696
[Autotune] {"version": 2, "step": 320, "wall_seconds": 23.79579492501216, "seed_nodes": 1268249, "loss": 1.0951523780822754, "all_losses_finite": true, "optimizer_steps": 320, "skipped_optimizer_steps": 0, "loss_scale": 32768.0}
[Step=0330] Wall=24.1889s | Loss=1.0924
[Profile] Avg ms/step | Load: 18.246 (Prep: 3.191, Struc: 0.299, Fetch: 14.756) | Fwd: 8.481 | Bwd: 9.495 | Opt: 0.665 | GPU_Tot: 33.696
[Autotune] {"version": 2, "step": 330, "wall_seconds": 24.188874724000925, "seed_nodes": 1305942, "loss": 1.0924396514892578, "all_losses_finite": true, "optimizer_steps": 330, "skipped_optimizer_steps": 0, "loss_scale": 32768.0}
[Step=0340] Wall=24.5483s | Loss=1.0837
[Profile] Avg ms/step | Load: 18.194 (Prep: 3.124, Struc: 0.299, Fetch: 14.770) | Fwd: 8.488 | Bwd: 9.502 | Opt: 0.665 | GPU_Tot: 33.725
[Autotune] {"version": 2, "step": 340, "wall_seconds": 24.54826379500446, "seed_nodes": 1346902, "loss": 1.0836977005004882, "all_losses_finite": true, "optimizer_steps": 340, "skipped_optimizer_steps": 0, "loss_scale": 32768.0}
[Step=0350] Wall=24.9290s | Loss=1.0658
[Profile] Avg ms/step | Load: 18.245 (Prep: 3.210, Struc: 0.299, Fetch: 14.736) | Fwd: 8.480 | Bwd: 9.494 | Opt: 0.664 | GPU_Tot: 33.673
[Autotune] {"version": 2, "step": 350, "wall_seconds": 24.92904191702837, "seed_nodes": 1384595, "loss": 1.0657501220703125, "all_losses_finite": true, "optimizer_steps": 350, "skipped_optimizer_steps": 0, "loss_scale": 32768.0}
[Step=0360] Wall=25.3082s | Loss=1.0659
[Profile] Avg ms/step | Load: 18.257 (Prep: 3.150, Struc: 0.299, Fetch: 14.808) | Fwd: 8.487 | Bwd: 9.501 | Opt: 0.665 | GPU_Tot: 33.760
[Autotune] {"version": 2, "step": 360, "wall_seconds": 25.30816156801302, "seed_nodes": 1425555, "loss": 1.065918254852295, "all_losses_finite": true, "optimizer_steps": 360, "skipped_optimizer_steps": 0, "loss_scale": 32768.0}
[Step=0370] Wall=25.6638s | Loss=1.0709
[Profile] Avg ms/step | Load: 18.228 (Prep: 3.211, Struc: 0.299, Fetch: 14.719) | Fwd: 8.479 | Bwd: 9.492 | Opt: 0.665 | GPU_Tot: 33.654
[Autotune] {"version": 2, "step": 370, "wall_seconds": 25.663815417006845, "seed_nodes": 1463248, "loss": 1.070931339263916, "all_losses_finite": true, "optimizer_steps": 370, "skipped_optimizer_steps": 0, "loss_scale": 32768.0}
[Step=0380] Wall=26.0353s | Loss=1.0556
[Profile] Avg ms/step | Load: 18.218 (Prep: 3.129, Struc: 0.299, Fetch: 14.791) | Fwd: 8.485 | Bwd: 9.498 | Opt: 0.665 | GPU_Tot: 33.739
[Autotune] {"version": 2, "step": 380, "wall_seconds": 26.035257345007267, "seed_nodes": 1504208, "loss": 1.055594253540039, "all_losses_finite": true, "optimizer_steps": 380, "skipped_optimizer_steps": 0, "loss_scale": 32768.0}
[Step=0390] Wall=26.3632s | Loss=1.0807
[Profile] Avg ms/step | Load: 18.086 (Prep: 3.063, Struc: 0.299, Fetch: 14.724) | Fwd: 8.490 | Bwd: 9.505 | Opt: 0.665 | GPU_Tot: 33.683
[Autotune] {"version": 2, "step": 390, "wall_seconds": 26.363151936006034, "seed_nodes": 1545168, "loss": 1.0807052612304688, "all_losses_finite": true, "optimizer_steps": 390, "skipped_optimizer_steps": 0, "loss_scale": 32768.0}
[Step=0400] Wall=26.7635s | Loss=1.0599
[Profile] Avg ms/step | Load: 18.185 (Prep: 3.118, Struc: 0.299, Fetch: 14.769) | Fwd: 8.484 | Bwd: 9.497 | Opt: 0.667 | GPU_Tot: 33.715
[Autotune] {"version": 2, "step": 400, "wall_seconds": 26.763542826025514, "seed_nodes": 1582861, "loss": 1.0599440574645995, "all_losses_finite": true, "optimizer_steps": 400, "skipped_optimizer_steps": 0, "loss_scale": 32768.0}
[Step=0410] Wall=27.1314s | Loss=1.0518
[Profile] Avg ms/step | Load: 18.166 (Prep: 3.065, Struc: 0.299, Fetch: 14.801) | Fwd: 8.489 | Bwd: 9.503 | Opt: 0.668 | GPU_Tot: 33.761
[Autotune] {"version": 2, "step": 410, "wall_seconds": 27.131363260006765, "seed_nodes": 1623821, "loss": 1.051783847808838, "all_losses_finite": true, "optimizer_steps": 410, "skipped_optimizer_steps": 0, "loss_scale": 32768.0}
[Step=0420] Wall=27.5141s | Loss=1.0598
[Profile] Avg ms/step | Load: 18.214 (Prep: 3.137, Struc: 0.299, Fetch: 14.778) | Fwd: 8.483 | Bwd: 9.495 | Opt: 0.668 | GPU_Tot: 33.723
[Autotune] {"version": 2, "step": 420, "wall_seconds": 27.5140523170121, "seed_nodes": 1661514, "loss": 1.0597905158996581, "all_losses_finite": true, "optimizer_steps": 420, "skipped_optimizer_steps": 0, "loss_scale": 32768.0}
[Step=0430] Wall=27.8841s | Loss=1.0569
[Profile] Avg ms/step | Load: 18.202 (Prep: 3.083, Struc: 0.299, Fetch: 14.821) | Fwd: 8.488 | Bwd: 9.501 | Opt: 0.668 | GPU_Tot: 33.776
[Autotune] {"version": 2, "step": 430, "wall_seconds": 27.88405579800019, "seed_nodes": 1702474, "loss": 1.0568906784057617, "all_losses_finite": true, "optimizer_steps": 430, "skipped_optimizer_steps": 0, "loss_scale": 32768.0}
[Step=0440] Wall=28.2626s | Loss=1.0296
[Profile] Avg ms/step | Load: 18.238 (Prep: 3.159, Struc: 0.299, Fetch: 14.780) | Fwd: 8.481 | Bwd: 9.493 | Opt: 0.667 | GPU_Tot: 33.720
[Autotune] {"version": 2, "step": 440, "wall_seconds": 28.2625788100122, "seed_nodes": 1740167, "loss": 1.0296031951904296, "all_losses_finite": true, "optimizer_steps": 440, "skipped_optimizer_steps": 0, "loss_scale": 32768.0}
[Step=0450] Wall=28.6348s | Loss=1.0430
[Profile] Avg ms/step | Load: 18.231 (Prep: 3.093, Struc: 0.299, Fetch: 14.839) | Fwd: 8.487 | Bwd: 9.499 | Opt: 0.668 | GPU_Tot: 33.791
[Autotune] {"version": 2, "step": 450, "wall_seconds": 28.634782620007172, "seed_nodes": 1781127, "loss": 1.0429819107055665, "all_losses_finite": true, "optimizer_steps": 450, "skipped_optimizer_steps": 0, "loss_scale": 32768.0}
[Step=0460] Wall=28.9421s | Loss=1.0411
[Profile] Avg ms/step | Load: 18.093 (Prep: 3.038, Struc: 0.298, Fetch: 14.756) | Fwd: 8.482 | Bwd: 9.492 | Opt: 0.667 | GPU_Tot: 33.696
[Autotune] {"version": 2, "step": 460, "wall_seconds": 28.94213032501284, "seed_nodes": 1818820, "loss": 1.0410547256469727, "all_losses_finite": true, "optimizer_steps": 460, "skipped_optimizer_steps": 0, "loss_scale": 32768.0}
[Step=0470] Wall=29.3626s | Loss=1.0390
[Profile] Avg ms/step | Load: 18.201 (Prep: 3.086, Struc: 0.299, Fetch: 14.816) | Fwd: 8.487 | Bwd: 9.497 | Opt: 0.668 | GPU_Tot: 33.767
[Autotune] {"version": 2, "step": 470, "wall_seconds": 29.36263937901822, "seed_nodes": 1859780, "loss": 1.0390360832214356, "all_losses_finite": true, "optimizer_steps": 470, "skipped_optimizer_steps": 0, "loss_scale": 32768.0}
[Step=0480] Wall=29.7086s | Loss=1.0249
[Profile] Avg ms/step | Load: 18.136 (Prep: 3.046, Struc: 0.299, Fetch: 14.791) | Fwd: 8.492 | Bwd: 9.502 | Opt: 0.668 | GPU_Tot: 33.752
[Autotune] {"version": 2, "step": 480, "wall_seconds": 29.70861603700905, "seed_nodes": 1900740, "loss": 1.0248950958251952, "all_losses_finite": true, "optimizer_steps": 480, "skipped_optimizer_steps": 0, "loss_scale": 32768.0}
[Step=0490] Wall=30.1093s | Loss=1.0265
[Profile] Avg ms/step | Load: 18.216 (Prep: 3.100, Struc: 0.299, Fetch: 14.817) | Fwd: 8.486 | Bwd: 9.496 | Opt: 0.668 | GPU_Tot: 33.767
[Autotune] {"version": 2, "step": 490, "wall_seconds": 30.10932138300268, "seed_nodes": 1938433, "loss": 1.0264867782592773, "all_losses_finite": true, "optimizer_steps": 490, "skipped_optimizer_steps": 0, "loss_scale": 32768.0}
[Step=0500] Wall=30.4790s | Loss=1.0242
[Profile] Avg ms/step | Load: 18.205 (Prep: 3.058, Struc: 0.299, Fetch: 14.848) | Fwd: 8.491 | Bwd: 9.501 | Opt: 0.669 | GPU_Tot: 33.807
[Autotune] {"version": 2, "step": 500, "wall_seconds": 30.479021209001075, "seed_nodes": 1979393, "loss": 1.024245834350586, "all_losses_finite": true, "optimizer_steps": 500, "skipped_optimizer_steps": 0, "loss_scale": 32768.0}
[Step=0510] Wall=30.8490s | Loss=1.0294
[Profile] Avg ms/step | Load: 18.216 (Prep: 3.107, Struc: 0.298, Fetch: 14.810) | Fwd: 8.485 | Bwd: 9.495 | Opt: 0.669 | GPU_Tot: 33.758
[Autotune] {"version": 2, "step": 510, "wall_seconds": 30.84902748800232, "seed_nodes": 2017086, "loss": 1.02938871383667, "all_losses_finite": true, "optimizer_steps": 510, "skipped_optimizer_steps": 0, "loss_scale": 32768.0}
[Step=0520] Wall=31.2197s | Loss=1.0155
[Profile] Avg ms/step | Load: 18.208 (Prep: 3.051, Struc: 0.299, Fetch: 14.859) | Fwd: 8.489 | Bwd: 9.499 | Opt: 0.669 | GPU_Tot: 33.814
[Autotune] {"version": 2, "step": 520, "wall_seconds": 31.219677652028622, "seed_nodes": 2058046, "loss": 1.0155335426330567, "all_losses_finite": true, "optimizer_steps": 520, "skipped_optimizer_steps": 0, "loss_scale": 32768.0}
[Step=0530] Wall=31.5857s | Loss=1.0161
[Profile] Avg ms/step | Load: 18.211 (Prep: 3.127, Struc: 0.299, Fetch: 14.785) | Fwd: 8.484 | Bwd: 9.493 | Opt: 0.669 | GPU_Tot: 33.729
[Autotune] {"version": 2, "step": 530, "wall_seconds": 31.585657592018833, "seed_nodes": 2095739, "loss": 1.0161141395568847, "all_losses_finite": true, "optimizer_steps": 530, "skipped_optimizer_steps": 0, "loss_scale": 32768.0}
[Step=0540] Wall=31.9575s | Loss=1.0151
[Profile] Avg ms/step | Load: 18.205 (Prep: 3.073, Struc: 0.299, Fetch: 14.834) | Fwd: 8.488 | Bwd: 9.498 | Opt: 0.669 | GPU_Tot: 33.786
[Autotune] {"version": 2, "step": 540, "wall_seconds": 31.957460444013122, "seed_nodes": 2136699, "loss": 1.0150571823120118, "all_losses_finite": true, "optimizer_steps": 540, "skipped_optimizer_steps": 0, "loss_scale": 32768.0}
[Step=0550] Wall=32.3046s | Loss=1.0151
[Profile] Avg ms/step | Load: 18.153 (Prep: 3.037, Struc: 0.299, Fetch: 14.817) | Fwd: 8.491 | Bwd: 9.502 | Opt: 0.668 | GPU_Tot: 33.777
[Autotune] {"version": 2, "step": 550, "wall_seconds": 32.304611015017144, "seed_nodes": 2177659, "loss": 1.015134620666504, "all_losses_finite": true, "optimizer_steps": 550, "skipped_optimizer_steps": 0, "loss_scale": 32768.0}
[Step=0560] Wall=32.7075s | Loss=1.0144
[Profile] Avg ms/step | Load: 18.227 (Prep: 3.101, Struc: 0.299, Fetch: 14.827) | Fwd: 8.486 | Bwd: 9.496 | Opt: 0.668 | GPU_Tot: 33.777
[Autotune] {"version": 2, "step": 560, "wall_seconds": 32.70751821700833, "seed_nodes": 2215352, "loss": 1.0143723487854004, "all_losses_finite": true, "optimizer_steps": 560, "skipped_optimizer_steps": 0, "loss_scale": 32768.0}
[Step=0570] Wall=33.0750s | Loss=1.0050
[Profile] Avg ms/step | Load: 18.213 (Prep: 3.066, Struc: 0.299, Fetch: 14.848) | Fwd: 8.490 | Bwd: 9.501 | Opt: 0.668 | GPU_Tot: 33.806
[Autotune] {"version": 2, "step": 570, "wall_seconds": 33.07495570802712, "seed_nodes": 2256312, "loss": 1.0049640655517578, "all_losses_finite": true, "optimizer_steps": 570, "skipped_optimizer_steps": 0, "loss_scale": 32768.0}
[Step=0580] Wall=33.4683s | Loss=1.0111
[Profile] Avg ms/step | Load: 18.266 (Prep: 3.124, Struc: 0.299, Fetch: 14.843) | Fwd: 8.485 | Bwd: 9.495 | Opt: 0.668 | GPU_Tot: 33.790
[Autotune] {"version": 2, "step": 580, "wall_seconds": 33.46833821202745, "seed_nodes": 2294005, "loss": 1.0111035346984862, "all_losses_finite": true, "optimizer_steps": 580, "skipped_optimizer_steps": 0, "loss_scale": 32768.0}
[Step=0590] Wall=33.8539s | Loss=1.0040
[Profile] Avg ms/step | Load: 18.284 (Prep: 3.091, Struc: 0.299, Fetch: 14.894) | Fwd: 8.489 | Bwd: 9.500 | Opt: 0.669 | GPU_Tot: 33.850
[Autotune] {"version": 2, "step": 590, "wall_seconds": 33.85391300302581, "seed_nodes": 2334965, "loss": 1.0039690017700196, "all_losses_finite": true, "optimizer_steps": 590, "skipped_optimizer_steps": 0, "loss_scale": 32768.0}
[Step=0600] Wall=34.2115s | Loss=0.9916
[Profile] Avg ms/step | Load: 18.270 (Prep: 3.139, Struc: 0.299, Fetch: 14.833) | Fwd: 8.484 | Bwd: 9.494 | Opt: 0.668 | GPU_Tot: 33.778
[Autotune] {"version": 2, "step": 600, "wall_seconds": 34.21151090101921, "seed_nodes": 2372658, "loss": 0.9915996551513672, "all_losses_finite": true, "optimizer_steps": 600, "skipped_optimizer_steps": 0, "loss_scale": 32768.0}
[Step=0610] Wall=34.5877s | Loss=0.9884
[Profile] Avg ms/step | Load: 18.271 (Prep: 3.091, Struc: 0.299, Fetch: 14.881) | Fwd: 8.488 | Bwd: 9.498 | Opt: 0.669 | GPU_Tot: 33.835
[Autotune] {"version": 2, "step": 610, "wall_seconds": 34.58766917302273, "seed_nodes": 2413618, "loss": 0.9884262084960938, "all_losses_finite": true, "optimizer_steps": 610, "skipped_optimizer_steps": 0, "loss_scale": 32768.0}
[Step=0620] Wall=34.9250s | Loss=1.0022
[Profile] Avg ms/step | Load: 18.207 (Prep: 3.056, Struc: 0.299, Fetch: 14.852) | Fwd: 8.491 | Bwd: 9.502 | Opt: 0.669 | GPU_Tot: 33.813
[Autotune] {"version": 2, "step": 620, "wall_seconds": 34.92501639801776, "seed_nodes": 2454578, "loss": 1.0021833419799804, "all_losses_finite": true, "optimizer_steps": 620, "skipped_optimizer_steps": 0, "loss_scale": 32768.0}
[Step=0630] Wall=35.3405s | Loss=0.9916
[Profile] Avg ms/step | Load: 18.291 (Prep: 3.112, Struc: 0.299, Fetch: 14.880) | Fwd: 8.487 | Bwd: 9.498 | Opt: 0.669 | GPU_Tot: 33.833
[Autotune] {"version": 2, "step": 630, "wall_seconds": 35.3404678980005, "seed_nodes": 2492271, "loss": 0.9916351318359375, "all_losses_finite": true, "optimizer_steps": 630, "skipped_optimizer_steps": 0, "loss_scale": 32768.0}
[Step=0640] Wall=35.6992s | Loss=1.0003
[Profile] Avg ms/step | Load: 18.264 (Prep: 3.080, Struc: 0.299, Fetch: 14.885) | Fwd: 8.491 | Bwd: 9.501 | Opt: 0.668 | GPU_Tot: 33.844
[Autotune] {"version": 2, "step": 640, "wall_seconds": 35.69917636702303, "seed_nodes": 2533231, "loss": 1.0003135681152344, "all_losses_finite": true, "optimizer_steps": 640, "skipped_optimizer_steps": 0, "loss_scale": 32768.0}
[Step=0650] Wall=36.0824s | Loss=0.9719
[Profile] Avg ms/step | Load: 18.293 (Prep: 3.117, Struc: 0.299, Fetch: 14.877) | Fwd: 8.486 | Bwd: 9.497 | Opt: 0.668 | GPU_Tot: 33.827
[Autotune] {"version": 2, "step": 650, "wall_seconds": 36.08235201402567, "seed_nodes": 2570924, "loss": 0.9718506813049317, "all_losses_finite": true, "optimizer_steps": 650, "skipped_optimizer_steps": 0, "loss_scale": 32768.0}
[Step=0660] Wall=36.4589s | Loss=0.9806
[Profile] Avg ms/step | Load: 18.294 (Prep: 3.087, Struc: 0.299, Fetch: 14.907) | Fwd: 8.490 | Bwd: 9.500 | Opt: 0.668 | GPU_Tot: 33.866
[Autotune] {"version": 2, "step": 660, "wall_seconds": 36.45889437300502, "seed_nodes": 2611884, "loss": 0.980589485168457, "all_losses_finite": true, "optimizer_steps": 660, "skipped_optimizer_steps": 0, "loss_scale": 32768.0}
[Step=0670] Wall=36.8291s | Loss=0.9983
[Profile] Avg ms/step | Load: 18.301 (Prep: 3.137, Struc: 0.299, Fetch: 14.864) | Fwd: 8.486 | Bwd: 9.496 | Opt: 0.668 | GPU_Tot: 33.814
[Autotune] {"version": 2, "step": 670, "wall_seconds": 36.8291356190166, "seed_nodes": 2649577, "loss": 0.9982636451721192, "all_losses_finite": true, "optimizer_steps": 670, "skipped_optimizer_steps": 0, "loss_scale": 32768.0}
[Step=0680] Wall=37.2049s | Loss=0.9780
[Profile] Avg ms/step | Load: 18.301 (Prep: 3.095, Struc: 0.299, Fetch: 14.906) | Fwd: 8.489 | Bwd: 9.500 | Opt: 0.668 | GPU_Tot: 33.863
[Autotune] {"version": 2, "step": 680, "wall_seconds": 37.20489975102828, "seed_nodes": 2690537, "loss": 0.977966594696045, "all_losses_finite": true, "optimizer_steps": 680, "skipped_optimizer_steps": 0, "loss_scale": 32768.0}
[Step=0690] Wall=37.5114s | Loss=0.9812
[Profile] Avg ms/step | Load: 18.211 (Prep: 3.064, Struc: 0.299, Fetch: 14.848) | Fwd: 8.485 | Bwd: 9.495 | Opt: 0.668 | GPU_Tot: 33.796
[Autotune] {"version": 2, "step": 690, "wall_seconds": 37.51143268900341, "seed_nodes": 2728230, "loss": 0.9811747550964356, "all_losses_finite": true, "optimizer_steps": 690, "skipped_optimizer_steps": 0, "loss_scale": 32768.0}
[Step=0700] Wall=37.9434s | Loss=0.9731
[Profile] Avg ms/step | Load: 18.297 (Prep: 3.115, Struc: 0.299, Fetch: 14.883) | Fwd: 8.488 | Bwd: 9.499 | Opt: 0.668 | GPU_Tot: 33.837
[Autotune] {"version": 2, "step": 700, "wall_seconds": 37.94336499401834, "seed_nodes": 2769190, "loss": 0.9731188774108886, "all_losses_finite": true, "optimizer_steps": 700, "skipped_optimizer_steps": 0, "loss_scale": 32768.0}
[Step=0710] Wall=38.2972s | Loss=0.9843
[Profile] Avg ms/step | Load: 18.266 (Prep: 3.088, Struc: 0.299, Fetch: 14.879) | Fwd: 8.491 | Bwd: 9.502 | Opt: 0.668 | GPU_Tot: 33.839
[Autotune] {"version": 2, "step": 710, "wall_seconds": 38.297223395027686, "seed_nodes": 2810150, "loss": 0.9842777252197266, "all_losses_finite": true, "optimizer_steps": 710, "skipped_optimizer_steps": 0, "loss_scale": 32768.0}
[Step=0720] Wall=38.6983s | Loss=0.9696
[Profile] Avg ms/step | Load: 18.318 (Prep: 3.130, Struc: 0.299, Fetch: 14.889) | Fwd: 8.487 | Bwd: 9.498 | Opt: 0.667 | GPU_Tot: 33.841
[Autotune] {"version": 2, "step": 720, "wall_seconds": 38.69831381700351, "seed_nodes": 2847843, "loss": 0.9696180343627929, "all_losses_finite": true, "optimizer_steps": 720, "skipped_optimizer_steps": 0, "loss_scale": 32768.0}
[Step=0730] Wall=39.0838s | Loss=0.9760
[Profile] Avg ms/step | Load: 18.332 (Prep: 3.104, Struc: 0.300, Fetch: 14.928) | Fwd: 8.490 | Bwd: 9.501 | Opt: 0.668 | GPU_Tot: 33.887
[Autotune] {"version": 2, "step": 730, "wall_seconds": 39.0837757520203, "seed_nodes": 2888803, "loss": 0.9759766578674316, "all_losses_finite": true, "optimizer_steps": 730, "skipped_optimizer_steps": 0, "loss_scale": 32768.0}
[Step=0740] Wall=39.4635s | Loss=0.9697
[Profile] Avg ms/step | Load: 18.352 (Prep: 3.149, Struc: 0.300, Fetch: 14.903) | Fwd: 8.487 | Bwd: 9.497 | Opt: 0.667 | GPU_Tot: 33.854
[Autotune] {"version": 2, "step": 740, "wall_seconds": 39.463476555014495, "seed_nodes": 2926496, "loss": 0.9696739196777344, "all_losses_finite": true, "optimizer_steps": 740, "skipped_optimizer_steps": 0, "loss_scale": 32768.0}
[Step=0750] Wall=39.8362s | Loss=0.9705
[Profile] Avg ms/step | Load: 18.347 (Prep: 3.110, Struc: 0.300, Fetch: 14.937) | Fwd: 8.490 | Bwd: 9.500 | Opt: 0.668 | GPU_Tot: 33.894
[Autotune] {"version": 2, "step": 750, "wall_seconds": 39.83619737101253, "seed_nodes": 2967456, "loss": 0.9704842567443848, "all_losses_finite": true, "optimizer_steps": 750, "skipped_optimizer_steps": 0, "loss_scale": 32768.0}
[Step=0760] Wall=40.2063s | Loss=0.9698
[Profile] Avg ms/step | Load: 18.352 (Prep: 3.165, Struc: 0.300, Fetch: 14.888) | Fwd: 8.486 | Bwd: 9.496 | Opt: 0.667 | GPU_Tot: 33.837
[Autotune] {"version": 2, "step": 760, "wall_seconds": 40.206293801020365, "seed_nodes": 3005149, "loss": 0.9698205947875976, "all_losses_finite": true, "optimizer_steps": 760, "skipped_optimizer_steps": 0, "loss_scale": 32768.0}
[Step=0770] Wall=40.5786s | Loss=0.9642
[Profile] Avg ms/step | Load: 18.347 (Prep: 3.127, Struc: 0.300, Fetch: 14.920) | Fwd: 8.489 | Bwd: 9.500 | Opt: 0.667 | GPU_Tot: 33.876
[Autotune] {"version": 2, "step": 770, "wall_seconds": 40.57855824101716, "seed_nodes": 3046109, "loss": 0.9641664505004883, "all_losses_finite": true, "optimizer_steps": 770, "skipped_optimizer_steps": 0, "loss_scale": 32768.0}
[Step=0780] Wall=40.9189s | Loss=0.9729
[Profile] Avg ms/step | Load: 18.300 (Prep: 3.100, Struc: 0.300, Fetch: 14.900) | Fwd: 8.491 | Bwd: 9.502 | Opt: 0.667 | GPU_Tot: 33.861
[Autotune] {"version": 2, "step": 780, "wall_seconds": 40.91892799400375, "seed_nodes": 3087069, "loss": 0.9728861808776855, "all_losses_finite": true, "optimizer_steps": 780, "skipped_optimizer_steps": 0, "loss_scale": 32768.0}
[Step=0790] Wall=41.3181s | Loss=0.9625
[Profile] Avg ms/step | Load: 18.344 (Prep: 3.138, Struc: 0.300, Fetch: 14.907) | Fwd: 8.488 | Bwd: 9.498 | Opt: 0.667 | GPU_Tot: 33.860
[Autotune] {"version": 2, "step": 790, "wall_seconds": 41.31809672102099, "seed_nodes": 3124762, "loss": 0.9625457763671875, "all_losses_finite": true, "optimizer_steps": 790, "skipped_optimizer_steps": 0, "loss_scale": 32768.0}
[Step=0800] Wall=41.6775s | Loss=0.9619
[Profile] Avg ms/step | Load: 18.322 (Prep: 3.112, Struc: 0.300, Fetch: 14.910) | Fwd: 8.491 | Bwd: 9.501 | Opt: 0.667 | GPU_Tot: 33.869
[Autotune] {"version": 2, "step": 800, "wall_seconds": 41.67752384400228, "seed_nodes": 3165722, "loss": 0.9618878364562988, "all_losses_finite": true, "optimizer_steps": 800, "skipped_optimizer_steps": 0, "loss_scale": 32768.0}
[Step=0810] Wall=42.0599s | Loss=0.9616
[Profile] Avg ms/step | Load: 18.344 (Prep: 3.153, Struc: 0.300, Fetch: 14.891) | Fwd: 8.487 | Bwd: 9.497 | Opt: 0.667 | GPU_Tot: 33.842
[Autotune] {"version": 2, "step": 810, "wall_seconds": 42.05987463801284, "seed_nodes": 3203415, "loss": 0.9615565299987793, "all_losses_finite": true, "optimizer_steps": 810, "skipped_optimizer_steps": 0, "loss_scale": 32768.0}
[Step=0820] Wall=42.4436s | Loss=0.9538
[Profile] Avg ms/step | Load: 18.353 (Prep: 3.131, Struc: 0.300, Fetch: 14.922) | Fwd: 8.490 | Bwd: 9.501 | Opt: 0.667 | GPU_Tot: 33.880
[Autotune] {"version": 2, "step": 820, "wall_seconds": 42.443589152011555, "seed_nodes": 3244375, "loss": 0.9537867546081543, "all_losses_finite": true, "optimizer_steps": 820, "skipped_optimizer_steps": 0, "loss_scale": 32768.0}
[Step=0830] Wall=42.8101s | Loss=0.9642
[Profile] Avg ms/step | Load: 18.354 (Prep: 3.170, Struc: 0.300, Fetch: 14.885) | Fwd: 8.486 | Bwd: 9.497 | Opt: 0.667 | GPU_Tot: 33.835
[Autotune] {"version": 2, "step": 830, "wall_seconds": 42.81011554802535, "seed_nodes": 3282068, "loss": 0.9642123222351074, "all_losses_finite": true, "optimizer_steps": 830, "skipped_optimizer_steps": 0, "loss_scale": 32768.0}
[Step=0840] Wall=43.1879s | Loss=0.9626
[Profile] Avg ms/step | Load: 18.356 (Prep: 3.135, Struc: 0.300, Fetch: 14.921) | Fwd: 8.489 | Bwd: 9.500 | Opt: 0.667 | GPU_Tot: 33.876
[Autotune] {"version": 2, "step": 840, "wall_seconds": 43.187948211008916, "seed_nodes": 3323028, "loss": 0.9625656127929687, "all_losses_finite": true, "optimizer_steps": 840, "skipped_optimizer_steps": 0, "loss_scale": 32768.0}
------------------------------------------------------------
Training Completed. Total Steps: 840 (Active: 800)
Avg Breakdown (ms): Load=18.356 [Prep:3.135, Struc:0.300, Fetch:14.921], Fwd=8.489, Bwd=9.500, Opt=0.667
------------------------------------------------------------
