$REPO_ROOT/.venv/lib/python3.11/site-packages/outdated/__init__.py:36: UserWarning: pkg_resources is deprecated as an API. See https://setuptools.pypa.io/en/latest/pkg_resources.html. The pkg_resources package is slated for removal as early as 2025-11-30. Refrain from using this package or pin to Setuptools<81.
  from pkg_resources import parse_version
[ddp] Single-process mode: device=cuda
[Info] Running in Single-Process mode (CPU or Single GPU).
[Info] Device: cuda
[GraphCache] Caching disabled (0 nodes).
[Step=0010] Wall=12.4259s | Loss=6.1088
[Profile] Avg ms/step | Load: 36.911 (Prep: 21.126, Struc: 0.416, Fetch: 15.369) | Fwd: 967.462 | Bwd: 230.910 | Opt: 4.900 | GPU_Tot: 1219.057
[Autotune] {"version": 1, "step": 10, "wall_seconds": 12.425856529996963, "seed_nodes": 40960, "loss": 6.108773422241211, "all_losses_finite": true}
[Step=0020] Wall=12.7237s | Loss=3.2591
[Profile] Avg ms/step | Load: 23.810 (Prep: 10.587, Struc: 0.356, Fetch: 12.867) | Fwd: 488.052 | Bwd: 120.307 | Opt: 2.733 | GPU_Tot: 624.315
[Autotune] {"version": 1, "step": 20, "wall_seconds": 12.723656374990242, "seed_nodes": 81920, "loss": 3.2590667724609377, "all_losses_finite": true}
[Step=0030] Wall=13.0960s | Loss=2.6648
[Profile] Avg ms/step | Load: 22.209 (Prep: 9.258, Struc: 0.334, Fetch: 12.618) | Fwd: 328.122 | Bwd: 83.284 | Opt: 2.010 | GPU_Tot: 426.368
[Autotune] {"version": 1, "step": 30, "wall_seconds": 13.096011855988763, "seed_nodes": 119613, "loss": 2.6647857666015624, "all_losses_finite": true}
[Step=0040] Wall=13.4002s | Loss=2.2980
[Profile] Avg ms/step | Load: 0.000 (Prep: 0.000, Struc: 0.000, Fetch: 0.000) | Fwd: 0.000 | Bwd: 0.000 | Opt: 0.000 | GPU_Tot: 0.000
[Autotune] {"version": 1, "step": 40, "wall_seconds": 13.40019524798845, "seed_nodes": 160573, "loss": 2.297962760925293, "all_losses_finite": true}
[Step=0050] Wall=13.7616s | Loss=2.0223
[Profile] Avg ms/step | Load: 17.955 (Prep: 5.291, Struc: 0.298, Fetch: 12.365) | Fwd: 8.232 | Bwd: 9.211 | Opt: 0.582 | GPU_Tot: 30.688
[Autotune] {"version": 1, "step": 50, "wall_seconds": 13.761577222001506, "seed_nodes": 198266, "loss": 2.0223432540893556, "all_losses_finite": true}
[Step=0060] Wall=14.0754s | Loss=1.8390
[Profile] Avg ms/step | Load: 15.123 (Prep: 2.670, Struc: 0.298, Fetch: 12.156) | Fwd: 8.447 | Bwd: 9.466 | Opt: 0.567 | GPU_Tot: 30.934
[Autotune] {"version": 1, "step": 60, "wall_seconds": 14.075374025997007, "seed_nodes": 239226, "loss": 1.838961410522461, "all_losses_finite": true}
[Step=0070] Wall=14.4247s | Loss=1.7065
[Profile] Avg ms/step | Load: 15.678 (Prep: 3.566, Struc: 0.297, Fetch: 11.815) | Fwd: 8.371 | Bwd: 9.376 | Opt: 0.567 | GPU_Tot: 30.427
[Autotune] {"version": 1, "step": 70, "wall_seconds": 14.424674062000122, "seed_nodes": 276919, "loss": 1.7065389633178711, "all_losses_finite": true}
[Step=0080] Wall=14.7585s | Loss=1.5931
[Profile] Avg ms/step | Load: 15.331 (Prep: 2.687, Struc: 0.297, Fetch: 12.347) | Fwd: 8.445 | Bwd: 9.460 | Opt: 0.567 | GPU_Tot: 31.116
[Autotune] {"version": 1, "step": 80, "wall_seconds": 14.758524089003913, "seed_nodes": 317879, "loss": 1.5930595397949219, "all_losses_finite": true}
[Step=0090] Wall=15.0571s | Loss=1.5264
[Profile] Avg ms/step | Load: 14.411 (Prep: 2.160, Struc: 0.297, Fetch: 11.954) | Fwd: 8.491 | Bwd: 9.516 | Opt: 0.566 | GPU_Tot: 30.824
[Autotune] {"version": 1, "step": 90, "wall_seconds": 15.057140691991663, "seed_nodes": 358839, "loss": 1.5263750076293945, "all_losses_finite": true}
[Step=0100] Wall=15.4256s | Loss=1.4677
[Profile] Avg ms/step | Load: 15.124 (Prep: 2.691, Struc: 0.296, Fetch: 12.136) | Fwd: 8.446 | Bwd: 9.464 | Opt: 0.567 | GPU_Tot: 30.909
[Autotune] {"version": 1, "step": 100, "wall_seconds": 15.425634849991184, "seed_nodes": 396532, "loss": 1.4676721572875977, "all_losses_finite": true}
[Step=0110] Wall=15.7290s | Loss=1.3997
[Profile] Avg ms/step | Load: 14.563 (Prep: 2.314, Struc: 0.296, Fetch: 11.953) | Fwd: 8.481 | Bwd: 9.505 | Opt: 0.564 | GPU_Tot: 30.799
[Autotune] {"version": 1, "step": 110, "wall_seconds": 15.729029484995408, "seed_nodes": 437492, "loss": 1.399727725982666, "all_losses_finite": true}
[Step=0120] Wall=16.1001s | Loss=1.3765
[Profile] Avg ms/step | Load: 15.102 (Prep: 2.756, Struc: 0.295, Fetch: 12.051) | Fwd: 8.454 | Bwd: 9.471 | Opt: 0.565 | GPU_Tot: 30.836
[Autotune] {"version": 1, "step": 120, "wall_seconds": 16.1001092850056, "seed_nodes": 475185, "loss": 1.376456356048584, "all_losses_finite": true}
[Step=0130] Wall=16.3994s | Loss=1.3583
[Profile] Avg ms/step | Load: 14.628 (Prep: 2.455, Struc: 0.295, Fetch: 11.877) | Fwd: 8.477 | Bwd: 9.500 | Opt: 0.564 | GPU_Tot: 30.713
[Autotune] {"version": 1, "step": 130, "wall_seconds": 16.39944576000562, "seed_nodes": 516145, "loss": 1.358330535888672, "all_losses_finite": true}
[Step=0140] Wall=16.7591s | Loss=1.3064
[Profile] Avg ms/step | Load: 14.941 (Prep: 2.849, Struc: 0.295, Fetch: 11.797) | Fwd: 8.453 | Bwd: 9.474 | Opt: 0.565 | GPU_Tot: 30.584
[Autotune] {"version": 1, "step": 140, "wall_seconds": 16.759149722987786, "seed_nodes": 553838, "loss": 1.3064067840576172, "all_losses_finite": true}
[Step=0150] Wall=17.1052s | Loss=1.3035
[Profile] Avg ms/step | Load: 14.993 (Prep: 2.595, Struc: 0.295, Fetch: 12.103) | Fwd: 8.471 | Bwd: 9.497 | Opt: 0.564 | GPU_Tot: 30.931
[Autotune] {"version": 1, "step": 150, "wall_seconds": 17.105209801986348, "seed_nodes": 594798, "loss": 1.303468608856201, "all_losses_finite": true}
[Step=0160] Wall=17.4028s | Loss=1.2660
[Profile] Avg ms/step | Load: 14.634 (Prep: 2.383, Struc: 0.295, Fetch: 11.955) | Fwd: 8.486 | Bwd: 9.516 | Opt: 0.563 | GPU_Tot: 30.816
[Autotune] {"version": 1, "step": 160, "wall_seconds": 17.40283519399236, "seed_nodes": 635758, "loss": 1.2660087585449218, "all_losses_finite": true}
[Step=0170] Wall=17.7845s | Loss=1.2495
[Profile] Avg ms/step | Load: 15.042 (Prep: 2.618, Struc: 0.294, Fetch: 12.130) | Fwd: 8.468 | Bwd: 9.493 | Opt: 0.565 | GPU_Tot: 30.951
[Autotune] {"version": 1, "step": 170, "wall_seconds": 17.784501515998272, "seed_nodes": 673451, "loss": 1.2494720458984374, "all_losses_finite": true}
[Step=0180] Wall=18.0818s | Loss=1.2433
[Profile] Avg ms/step | Load: 14.730 (Prep: 2.435, Struc: 0.295, Fetch: 12.001) | Fwd: 8.482 | Bwd: 9.508 | Opt: 0.564 | GPU_Tot: 30.849
[Autotune] {"version": 1, "step": 180, "wall_seconds": 18.081819909013575, "seed_nodes": 714411, "loss": 1.2433344841003418, "all_losses_finite": true}
[Step=0190] Wall=18.4578s | Loss=1.2082
[Profile] Avg ms/step | Load: 15.037 (Prep: 2.656, Struc: 0.294, Fetch: 12.086) | Fwd: 8.468 | Bwd: 9.489 | Opt: 0.567 | GPU_Tot: 30.904
[Autotune] {"version": 1, "step": 190, "wall_seconds": 18.457834878005087, "seed_nodes": 752104, "loss": 1.208246612548828, "all_losses_finite": true}
[Step=0200] Wall=18.7559s | Loss=1.2124
[Profile] Avg ms/step | Load: 14.768 (Prep: 2.493, Struc: 0.294, Fetch: 11.980) | Fwd: 8.479 | Bwd: 9.503 | Opt: 0.566 | GPU_Tot: 30.823
[Autotune] {"version": 1, "step": 200, "wall_seconds": 18.75586690098862, "seed_nodes": 793064, "loss": 1.2123598098754882, "all_losses_finite": true}
[Step=0210] Wall=19.1458s | Loss=1.2224
[Profile] Avg ms/step | Load: 15.123 (Prep: 2.866, Struc: 0.295, Fetch: 11.963) | Fwd: 8.465 | Bwd: 9.487 | Opt: 0.565 | GPU_Tot: 30.774
[Autotune] {"version": 1, "step": 210, "wall_seconds": 19.145797117991606, "seed_nodes": 830757, "loss": 1.222376251220703, "all_losses_finite": true}
[Step=0220] Wall=19.4523s | Loss=1.1930
[Profile] Avg ms/step | Load: 14.925 (Prep: 2.710, Struc: 0.295, Fetch: 11.920) | Fwd: 8.476 | Bwd: 9.501 | Opt: 0.565 | GPU_Tot: 30.756
[Autotune] {"version": 1, "step": 220, "wall_seconds": 19.452339371986454, "seed_nodes": 871717, "loss": 1.1929944038391114, "all_losses_finite": true}
[Step=0230] Wall=19.7359s | Loss=1.1704
[Profile] Avg ms/step | Load: 14.676 (Prep: 2.570, Struc: 0.294, Fetch: 11.813) | Fwd: 8.463 | Bwd: 9.486 | Opt: 0.564 | GPU_Tot: 30.620
[Autotune] {"version": 1, "step": 230, "wall_seconds": 19.73591449399828, "seed_nodes": 909410, "loss": 1.1704144477844238, "all_losses_finite": true}
[Step=0240] Wall=20.1318s | Loss=1.1677
[Profile] Avg ms/step | Load: 14.966 (Prep: 2.733, Struc: 0.295, Fetch: 11.938) | Fwd: 8.474 | Bwd: 9.497 | Opt: 0.564 | GPU_Tot: 30.768
[Autotune] {"version": 1, "step": 240, "wall_seconds": 20.131769695988623, "seed_nodes": 950370, "loss": 1.167726421356201, "all_losses_finite": true}
[Step=0250] Wall=20.4304s | Loss=1.1659
[Profile] Avg ms/step | Load: 14.766 (Prep: 2.606, Struc: 0.295, Fetch: 11.865) | Fwd: 8.483 | Bwd: 9.508 | Opt: 0.564 | GPU_Tot: 30.715
[Autotune] {"version": 1, "step": 250, "wall_seconds": 20.430411812994862, "seed_nodes": 991330, "loss": 1.1659485816955566, "all_losses_finite": true}
[Step=0260] Wall=20.8179s | Loss=1.1452
[Profile] Avg ms/step | Load: 15.028 (Prep: 2.761, Struc: 0.295, Fetch: 11.972) | Fwd: 8.472 | Bwd: 9.495 | Opt: 0.566 | GPU_Tot: 30.799
[Autotune] {"version": 1, "step": 260, "wall_seconds": 20.817920014989795, "seed_nodes": 1029023, "loss": 1.145180892944336, "all_losses_finite": true}
[Step=0270] Wall=21.1178s | Loss=1.1390
[Profile] Avg ms/step | Load: 14.848 (Prep: 2.643, Struc: 0.295, Fetch: 11.910) | Fwd: 8.480 | Bwd: 9.505 | Opt: 0.565 | GPU_Tot: 30.755
[Autotune] {"version": 1, "step": 270, "wall_seconds": 21.117789662006544, "seed_nodes": 1069983, "loss": 1.1390204429626465, "all_losses_finite": true}
[Step=0280] Wall=21.5054s | Loss=1.1475
[Profile] Avg ms/step | Load: 15.088 (Prep: 2.885, Struc: 0.295, Fetch: 11.909) | Fwd: 8.469 | Bwd: 9.492 | Opt: 0.565 | GPU_Tot: 30.730
[Autotune] {"version": 1, "step": 280, "wall_seconds": 21.50539760600077, "seed_nodes": 1107676, "loss": 1.147484588623047, "all_losses_finite": true}
[Step=0290] Wall=21.8037s | Loss=1.1382
[Profile] Avg ms/step | Load: 14.916 (Prep: 2.771, Struc: 0.295, Fetch: 11.850) | Fwd: 8.476 | Bwd: 9.501 | Opt: 0.565 | GPU_Tot: 30.687
[Autotune] {"version": 1, "step": 290, "wall_seconds": 21.803725392004708, "seed_nodes": 1148636, "loss": 1.1381604194641113, "all_losses_finite": true}
[Step=0300] Wall=22.1608s | Loss=1.1258
[Profile] Avg ms/step | Load: 15.014 (Prep: 2.886, Struc: 0.294, Fetch: 11.834) | Fwd: 8.468 | Bwd: 9.492 | Opt: 0.565 | GPU_Tot: 30.653
[Autotune] {"version": 1, "step": 300, "wall_seconds": 22.160829686996294, "seed_nodes": 1186329, "loss": 1.1257702827453613, "all_losses_finite": true}
[Step=0310] Wall=22.4925s | Loss=1.1197
[Profile] Avg ms/step | Load: 14.977 (Prep: 2.781, Struc: 0.294, Fetch: 11.902) | Fwd: 8.475 | Bwd: 9.501 | Opt: 0.565 | GPU_Tot: 30.738
[Autotune] {"version": 1, "step": 310, "wall_seconds": 22.492506637005135, "seed_nodes": 1227289, "loss": 1.1196807861328124, "all_losses_finite": true}
[Step=0320] Wall=22.8104s | Loss=1.1190
[Profile] Avg ms/step | Load: 14.895 (Prep: 2.683, Struc: 0.295, Fetch: 11.918) | Fwd: 8.482 | Bwd: 9.509 | Opt: 0.565 | GPU_Tot: 30.768
[Autotune] {"version": 1, "step": 320, "wall_seconds": 22.81038054599776, "seed_nodes": 1268249, "loss": 1.1190073013305664, "all_losses_finite": true}
[Step=0330] Wall=23.1813s | Loss=1.1063
[Profile] Avg ms/step | Load: 15.034 (Prep: 2.776, Struc: 0.294, Fetch: 11.964) | Fwd: 8.473 | Bwd: 9.498 | Opt: 0.566 | GPU_Tot: 30.796
[Autotune] {"version": 1, "step": 330, "wall_seconds": 23.181303199991817, "seed_nodes": 1305942, "loss": 1.1062548637390137, "all_losses_finite": true}
[Step=0340] Wall=23.4812s | Loss=1.1101
[Profile] Avg ms/step | Load: 14.895 (Prep: 2.685, Struc: 0.294, Fetch: 11.916) | Fwd: 8.480 | Bwd: 9.506 | Opt: 0.566 | GPU_Tot: 30.762
[Autotune] {"version": 1, "step": 340, "wall_seconds": 23.481230965000577, "seed_nodes": 1346902, "loss": 1.1101011276245116, "all_losses_finite": true}
[Step=0350] Wall=23.8637s | Loss=1.1012
[Profile] Avg ms/step | Load: 15.061 (Prep: 2.826, Struc: 0.294, Fetch: 11.942) | Fwd: 8.473 | Bwd: 9.497 | Opt: 0.566 | GPU_Tot: 30.771
[Autotune] {"version": 1, "step": 350, "wall_seconds": 23.863687064993428, "seed_nodes": 1384595, "loss": 1.1012306213378906, "all_losses_finite": true}
[Step=0360] Wall=24.1633s | Loss=1.0959
[Profile] Avg ms/step | Load: 14.932 (Prep: 2.739, Struc: 0.294, Fetch: 11.899) | Fwd: 8.478 | Bwd: 9.504 | Opt: 0.565 | GPU_Tot: 30.740
[Autotune] {"version": 1, "step": 360, "wall_seconds": 24.163265790004516, "seed_nodes": 1425555, "loss": 1.0959180831909179, "all_losses_finite": true}
[Step=0370] Wall=24.5144s | Loss=1.0792
[Profile] Avg ms/step | Load: 14.992 (Prep: 2.815, Struc: 0.294, Fetch: 11.883) | Fwd: 8.471 | Bwd: 9.495 | Opt: 0.566 | GPU_Tot: 30.708
[Autotune] {"version": 1, "step": 370, "wall_seconds": 24.5143783740059, "seed_nodes": 1463248, "loss": 1.079176425933838, "all_losses_finite": true}
[Step=0380] Wall=24.8329s | Loss=1.0846
[Profile] Avg ms/step | Load: 14.925 (Prep: 2.733, Struc: 0.294, Fetch: 11.898) | Fwd: 8.477 | Bwd: 9.501 | Opt: 0.565 | GPU_Tot: 30.736
[Autotune] {"version": 1, "step": 380, "wall_seconds": 24.832909257005667, "seed_nodes": 1504208, "loss": 1.0845677375793457, "all_losses_finite": true}
[Step=0390] Wall=25.1329s | Loss=1.0731
[Profile] Avg ms/step | Load: 14.809 (Prep: 2.657, Struc: 0.294, Fetch: 11.858) | Fwd: 8.483 | Bwd: 9.508 | Opt: 0.565 | GPU_Tot: 30.709
[Autotune] {"version": 1, "step": 390, "wall_seconds": 25.132936173991766, "seed_nodes": 1545168, "loss": 1.0730751991271972, "all_losses_finite": true}
[Step=0400] Wall=25.5064s | Loss=1.0799
[Profile] Avg ms/step | Load: 14.929 (Prep: 2.734, Struc: 0.294, Fetch: 11.900) | Fwd: 8.477 | Bwd: 9.500 | Opt: 0.565 | GPU_Tot: 30.738
[Autotune] {"version": 1, "step": 400, "wall_seconds": 25.50639420899097, "seed_nodes": 1582861, "loss": 1.0799077033996582, "all_losses_finite": true}
[Step=0410] Wall=25.8128s | Loss=1.0718
[Profile] Avg ms/step | Load: 14.836 (Prep: 2.661, Struc: 0.294, Fetch: 11.880) | Fwd: 8.483 | Bwd: 9.507 | Opt: 0.565 | GPU_Tot: 30.729
[Autotune] {"version": 1, "step": 410, "wall_seconds": 25.81277395199868, "seed_nodes": 1623821, "loss": 1.0717807769775392, "all_losses_finite": true}
[Step=0420] Wall=26.2046s | Loss=1.0745
[Profile] Avg ms/step | Load: 14.998 (Prep: 2.808, Struc: 0.295, Fetch: 11.896) | Fwd: 8.476 | Bwd: 9.500 | Opt: 0.565 | GPU_Tot: 30.731
[Autotune] {"version": 1, "step": 420, "wall_seconds": 26.204627155995695, "seed_nodes": 1661514, "loss": 1.074501132965088, "all_losses_finite": true}
[Step=0430] Wall=26.5068s | Loss=1.0623
[Profile] Avg ms/step | Load: 14.899 (Prep: 2.737, Struc: 0.295, Fetch: 11.867) | Fwd: 8.481 | Bwd: 9.505 | Opt: 0.565 | GPU_Tot: 30.713
[Autotune] {"version": 1, "step": 430, "wall_seconds": 26.506830019003246, "seed_nodes": 1702474, "loss": 1.0622861862182618, "all_losses_finite": true}
[Step=0440] Wall=26.8827s | Loss=1.0826
[Profile] Avg ms/step | Load: 15.009 (Prep: 2.818, Struc: 0.294, Fetch: 11.897) | Fwd: 8.476 | Bwd: 9.499 | Opt: 0.566 | GPU_Tot: 30.732
[Autotune] {"version": 1, "step": 440, "wall_seconds": 26.882746869989205, "seed_nodes": 1740167, "loss": 1.0826189994812012, "all_losses_finite": true}
[Step=0450] Wall=27.2029s | Loss=1.0628
[Profile] Avg ms/step | Load: 14.958 (Prep: 2.750, Struc: 0.294, Fetch: 11.913) | Fwd: 8.480 | Bwd: 9.505 | Opt: 0.565 | GPU_Tot: 30.758
[Autotune] {"version": 1, "step": 450, "wall_seconds": 27.202850205008872, "seed_nodes": 1781127, "loss": 1.0627671241760255, "all_losses_finite": true}
[Step=0460] Wall=27.4892s | Loss=1.0479
[Profile] Avg ms/step | Load: 14.850 (Prep: 2.686, Struc: 0.294, Fetch: 11.870) | Fwd: 8.475 | Bwd: 9.498 | Opt: 0.565 | GPU_Tot: 30.702
[Autotune] {"version": 1, "step": 460, "wall_seconds": 27.48917287698714, "seed_nodes": 1818820, "loss": 1.0478938102722168, "all_losses_finite": true}
[Step=0470] Wall=27.8763s | Loss=1.0546
[Profile] Avg ms/step | Load: 14.960 (Prep: 2.749, Struc: 0.294, Fetch: 11.917) | Fwd: 8.479 | Bwd: 9.503 | Opt: 0.566 | GPU_Tot: 30.760
[Autotune] {"version": 1, "step": 470, "wall_seconds": 27.876333083986538, "seed_nodes": 1859780, "loss": 1.0546204566955566, "all_losses_finite": true}
[Step=0480] Wall=28.1764s | Loss=1.0524
[Profile] Avg ms/step | Load: 14.867 (Prep: 2.687, Struc: 0.295, Fetch: 11.886) | Fwd: 8.484 | Bwd: 9.508 | Opt: 0.566 | GPU_Tot: 30.738
[Autotune] {"version": 1, "step": 480, "wall_seconds": 28.176388533989666, "seed_nodes": 1900740, "loss": 1.052354907989502, "all_losses_finite": true}
[Step=0490] Wall=28.5515s | Loss=1.0423
[Profile] Avg ms/step | Load: 14.966 (Prep: 2.746, Struc: 0.294, Fetch: 11.926) | Fwd: 8.478 | Bwd: 9.502 | Opt: 0.566 | GPU_Tot: 30.767
[Autotune] {"version": 1, "step": 490, "wall_seconds": 28.551527778996387, "seed_nodes": 1938433, "loss": 1.0422592163085938, "all_losses_finite": true}
[Step=0500] Wall=28.8534s | Loss=1.0451
[Profile] Avg ms/step | Load: 14.880 (Prep: 2.687, Struc: 0.294, Fetch: 11.899) | Fwd: 8.483 | Bwd: 9.507 | Opt: 0.566 | GPU_Tot: 30.750
[Autotune] {"version": 1, "step": 500, "wall_seconds": 28.853369324991945, "seed_nodes": 1979393, "loss": 1.0450766563415528, "all_losses_finite": true}
[Step=0510] Wall=29.2195s | Loss=1.0277
[Profile] Avg ms/step | Load: 14.955 (Prep: 2.749, Struc: 0.295, Fetch: 11.911) | Fwd: 8.478 | Bwd: 9.502 | Opt: 0.566 | GPU_Tot: 30.752
[Autotune] {"version": 1, "step": 510, "wall_seconds": 29.21950228899368, "seed_nodes": 2017086, "loss": 1.0277457237243652, "all_losses_finite": true}
[Step=0520] Wall=29.5251s | Loss=1.0471
[Profile] Avg ms/step | Load: 14.883 (Prep: 2.693, Struc: 0.295, Fetch: 11.895) | Fwd: 8.482 | Bwd: 9.506 | Opt: 0.566 | GPU_Tot: 30.744
[Autotune] {"version": 1, "step": 520, "wall_seconds": 29.525106296990998, "seed_nodes": 2058046, "loss": 1.047144603729248, "all_losses_finite": true}
[Step=0530] Wall=29.8808s | Loss=1.0332
[Profile] Avg ms/step | Load: 14.933 (Prep: 2.767, Struc: 0.294, Fetch: 11.872) | Fwd: 8.477 | Bwd: 9.501 | Opt: 0.566 | GPU_Tot: 30.710
[Autotune] {"version": 1, "step": 530, "wall_seconds": 29.880803959997138, "seed_nodes": 2095739, "loss": 1.033212661743164, "all_losses_finite": true}
[Step=0540] Wall=30.2230s | Loss=1.0283
[Profile] Avg ms/step | Load: 14.937 (Prep: 2.712, Struc: 0.294, Fetch: 11.930) | Fwd: 8.481 | Bwd: 9.505 | Opt: 0.566 | GPU_Tot: 30.776
[Autotune] {"version": 1, "step": 540, "wall_seconds": 30.223002370010363, "seed_nodes": 2136699, "loss": 1.0282964706420898, "all_losses_finite": true}
[Step=0550] Wall=30.5238s | Loss=1.0404
[Profile] Avg ms/step | Load: 14.859 (Prep: 2.660, Struc: 0.295, Fetch: 11.904) | Fwd: 8.485 | Bwd: 9.510 | Opt: 0.566 | GPU_Tot: 30.759
[Autotune] {"version": 1, "step": 550, "wall_seconds": 30.52376334098517, "seed_nodes": 2177659, "loss": 1.0403907775878907, "all_losses_finite": true}
[Step=0560] Wall=30.9076s | Loss=1.0393
[Profile] Avg ms/step | Load: 14.960 (Prep: 2.713, Struc: 0.294, Fetch: 11.953) | Fwd: 8.480 | Bwd: 9.504 | Opt: 0.567 | GPU_Tot: 30.798
[Autotune] {"version": 1, "step": 560, "wall_seconds": 30.90755117300432, "seed_nodes": 2215352, "loss": 1.0392569541931151, "all_losses_finite": true}
[Step=0570] Wall=31.2086s | Loss=1.0231
[Profile] Avg ms/step | Load: 14.886 (Prep: 2.663, Struc: 0.294, Fetch: 11.929) | Fwd: 8.484 | Bwd: 9.508 | Opt: 0.566 | GPU_Tot: 30.781
[Autotune] {"version": 1, "step": 570, "wall_seconds": 31.208618903008755, "seed_nodes": 2256312, "loss": 1.0230690002441407, "all_losses_finite": true}
[Step=0580] Wall=31.5842s | Loss=1.0245
[Profile] Avg ms/step | Load: 14.968 (Prep: 2.723, Struc: 0.294, Fetch: 11.951) | Fwd: 8.479 | Bwd: 9.503 | Opt: 0.567 | GPU_Tot: 30.794
[Autotune] {"version": 1, "step": 580, "wall_seconds": 31.584232627006713, "seed_nodes": 2294005, "loss": 1.0245125770568848, "all_losses_finite": true}
[Step=0590] Wall=31.8956s | Loss=1.0131
[Profile] Avg ms/step | Load: 14.915 (Prep: 2.674, Struc: 0.294, Fetch: 11.947) | Fwd: 8.483 | Bwd: 9.507 | Opt: 0.566 | GPU_Tot: 30.797
[Autotune] {"version": 1, "step": 590, "wall_seconds": 31.89559348698822, "seed_nodes": 2334965, "loss": 1.013148880004883, "all_losses_finite": true}
[Step=0600] Wall=32.2646s | Loss=1.0215
[Profile] Avg ms/step | Load: 14.983 (Prep: 2.757, Struc: 0.294, Fetch: 11.931) | Fwd: 8.478 | Bwd: 9.502 | Opt: 0.566 | GPU_Tot: 30.773
[Autotune] {"version": 1, "step": 600, "wall_seconds": 32.26464474800741, "seed_nodes": 2372658, "loss": 1.0214899063110352, "all_losses_finite": true}
[Step=0610] Wall=32.5756s | Loss=1.0187
[Profile] Avg ms/step | Load: 14.930 (Prep: 2.710, Struc: 0.294, Fetch: 11.926) | Fwd: 8.482 | Bwd: 9.506 | Opt: 0.566 | GPU_Tot: 30.775
[Autotune] {"version": 1, "step": 610, "wall_seconds": 32.57563816898619, "seed_nodes": 2413618, "loss": 1.0187049865722657, "all_losses_finite": true}
[Step=0620] Wall=32.8867s | Loss=1.0107
[Profile] Avg ms/step | Load: 14.879 (Prep: 2.664, Struc: 0.295, Fetch: 11.921) | Fwd: 8.485 | Bwd: 9.510 | Opt: 0.566 | GPU_Tot: 30.777
[Autotune] {"version": 1, "step": 620, "wall_seconds": 32.88673612900311, "seed_nodes": 2454578, "loss": 1.0107358932495116, "all_losses_finite": true}
[Step=0630] Wall=33.2618s | Loss=1.0219
[Profile] Avg ms/step | Load: 14.955 (Prep: 2.709, Struc: 0.294, Fetch: 11.952) | Fwd: 8.481 | Bwd: 9.505 | Opt: 0.566 | GPU_Tot: 30.798
[Autotune] {"version": 1, "step": 630, "wall_seconds": 33.26181493798504, "seed_nodes": 2492271, "loss": 1.0218758583068848, "all_losses_finite": true}
[Step=0640] Wall=33.5613s | Loss=1.0133
[Profile] Avg ms/step | Load: 14.887 (Prep: 2.665, Struc: 0.295, Fetch: 11.927) | Fwd: 8.484 | Bwd: 9.509 | Opt: 0.566 | GPU_Tot: 30.781
[Autotune] {"version": 1, "step": 640, "wall_seconds": 33.561330080003245, "seed_nodes": 2533231, "loss": 1.0133089065551757, "all_losses_finite": true}
[Step=0650] Wall=33.9311s | Loss=1.0129
[Profile] Avg ms/step | Load: 14.950 (Prep: 2.717, Struc: 0.294, Fetch: 11.938) | Fwd: 8.480 | Bwd: 9.504 | Opt: 0.567 | GPU_Tot: 30.783
[Autotune] {"version": 1, "step": 650, "wall_seconds": 33.9310671610001, "seed_nodes": 2570924, "loss": 1.0129213333129883, "all_losses_finite": true}
[Step=0660] Wall=34.2307s | Loss=1.0044
[Profile] Avg ms/step | Load: 14.884 (Prep: 2.674, Struc: 0.295, Fetch: 11.915) | Fwd: 8.483 | Bwd: 9.508 | Opt: 0.566 | GPU_Tot: 30.767
[Autotune] {"version": 1, "step": 660, "wall_seconds": 34.23069577300339, "seed_nodes": 2611884, "loss": 1.0044414520263671, "all_losses_finite": true}
[Step=0670] Wall=34.5883s | Loss=1.0040
[Profile] Avg ms/step | Load: 14.926 (Prep: 2.716, Struc: 0.294, Fetch: 11.915) | Fwd: 8.479 | Bwd: 9.503 | Opt: 0.567 | GPU_Tot: 30.759
[Autotune] {"version": 1, "step": 670, "wall_seconds": 34.588261122989934, "seed_nodes": 2649577, "loss": 1.0040102005004883, "all_losses_finite": true}
[Step=0680] Wall=34.8932s | Loss=0.9998
[Profile] Avg ms/step | Load: 14.871 (Prep: 2.675, Struc: 0.294, Fetch: 11.902) | Fwd: 8.482 | Bwd: 9.507 | Opt: 0.567 | GPU_Tot: 30.751
[Autotune] {"version": 1, "step": 680, "wall_seconds": 34.89317821300938, "seed_nodes": 2690537, "loss": 0.9998268127441406, "all_losses_finite": true}
[Step=0690] Wall=35.1772s | Loss=1.0022
[Profile] Avg ms/step | Load: 14.799 (Prep: 2.634, Struc: 0.294, Fetch: 11.871) | Fwd: 8.478 | Bwd: 9.503 | Opt: 0.566 | GPU_Tot: 30.712
[Autotune] {"version": 1, "step": 690, "wall_seconds": 35.17718652001349, "seed_nodes": 2728230, "loss": 1.0021746635437012, "all_losses_finite": true}
[Step=0700] Wall=35.5634s | Loss=0.9931
[Profile] Avg ms/step | Load: 14.868 (Prep: 2.675, Struc: 0.294, Fetch: 11.899) | Fwd: 8.483 | Bwd: 9.506 | Opt: 0.567 | GPU_Tot: 30.749
[Autotune] {"version": 1, "step": 700, "wall_seconds": 35.563448002008954, "seed_nodes": 2769190, "loss": 0.9931331634521484, "all_losses_finite": true}
[Step=0710] Wall=35.8627s | Loss=0.9901
[Profile] Avg ms/step | Load: 14.808 (Prep: 2.636, Struc: 0.294, Fetch: 11.877) | Fwd: 8.486 | Bwd: 9.509 | Opt: 0.567 | GPU_Tot: 30.734
[Autotune] {"version": 1, "step": 710, "wall_seconds": 35.86268148198724, "seed_nodes": 2810150, "loss": 0.990114974975586, "all_losses_finite": true}
[Step=0720] Wall=36.2491s | Loss=0.9887
[Profile] Avg ms/step | Load: 14.890 (Prep: 2.711, Struc: 0.294, Fetch: 11.885) | Fwd: 8.482 | Bwd: 9.505 | Opt: 0.567 | GPU_Tot: 30.734
[Autotune] {"version": 1, "step": 720, "wall_seconds": 36.249093471997185, "seed_nodes": 2847843, "loss": 0.9887036323547364, "all_losses_finite": true}
[Step=0730] Wall=36.5488s | Loss=0.9865
[Profile] Avg ms/step | Load: 14.831 (Prep: 2.672, Struc: 0.294, Fetch: 11.865) | Fwd: 8.485 | Bwd: 9.509 | Opt: 0.567 | GPU_Tot: 30.720
[Autotune] {"version": 1, "step": 730, "wall_seconds": 36.54884959800984, "seed_nodes": 2888803, "loss": 0.9864874839782715, "all_losses_finite": true}
[Step=0740] Wall=36.9433s | Loss=0.9844
[Profile] Avg ms/step | Load: 14.923 (Prep: 2.732, Struc: 0.294, Fetch: 11.896) | Fwd: 8.482 | Bwd: 9.505 | Opt: 0.567 | GPU_Tot: 30.744
[Autotune] {"version": 1, "step": 740, "wall_seconds": 36.94331838900689, "seed_nodes": 2926496, "loss": 0.9843937873840332, "all_losses_finite": true}
[Step=0750] Wall=37.2432s | Loss=0.9877
[Profile] Avg ms/step | Load: 14.866 (Prep: 2.695, Struc: 0.294, Fetch: 11.877) | Fwd: 8.484 | Bwd: 9.508 | Opt: 0.567 | GPU_Tot: 30.730
[Autotune] {"version": 1, "step": 750, "wall_seconds": 37.24315368200769, "seed_nodes": 2967456, "loss": 0.987706184387207, "all_losses_finite": true}
[Step=0760] Wall=37.5948s | Loss=0.9845
[Profile] Avg ms/step | Load: 14.895 (Prep: 2.733, Struc: 0.294, Fetch: 11.868) | Fwd: 8.481 | Bwd: 9.504 | Opt: 0.567 | GPU_Tot: 30.714
[Autotune] {"version": 1, "step": 760, "wall_seconds": 37.59475729800761, "seed_nodes": 3005149, "loss": 0.9844976425170898, "all_losses_finite": true}
[Step=0770] Wall=37.9486s | Loss=0.9732
[Profile] Avg ms/step | Load: 14.914 (Prep: 2.718, Struc: 0.295, Fetch: 11.901) | Fwd: 8.484 | Bwd: 9.507 | Opt: 0.567 | GPU_Tot: 30.753
[Autotune] {"version": 1, "step": 770, "wall_seconds": 37.948615861008875, "seed_nodes": 3046109, "loss": 0.9731927871704101, "all_losses_finite": true}
[Step=0780] Wall=38.2474s | Loss=0.9715
[Profile] Avg ms/step | Load: 14.858 (Prep: 2.682, Struc: 0.295, Fetch: 11.882) | Fwd: 8.486 | Bwd: 9.510 | Opt: 0.567 | GPU_Tot: 30.739
[Autotune] {"version": 1, "step": 780, "wall_seconds": 38.2474496109935, "seed_nodes": 3087069, "loss": 0.9714501380920411, "all_losses_finite": true}
[Step=0790] Wall=38.6250s | Loss=0.9826
[Profile] Avg ms/step | Load: 14.921 (Prep: 2.734, Struc: 0.294, Fetch: 11.892) | Fwd: 8.483 | Bwd: 9.506 | Opt: 0.567 | GPU_Tot: 30.742
[Autotune] {"version": 1, "step": 790, "wall_seconds": 38.62498913999298, "seed_nodes": 3124762, "loss": 0.9826466560363769, "all_losses_finite": true}
[Step=0800] Wall=38.9251s | Loss=0.9786
[Profile] Avg ms/step | Load: 14.868 (Prep: 2.699, Struc: 0.295, Fetch: 11.874) | Fwd: 8.485 | Bwd: 9.509 | Opt: 0.567 | GPU_Tot: 30.730
[Autotune] {"version": 1, "step": 800, "wall_seconds": 38.925137078011176, "seed_nodes": 3165722, "loss": 0.9785984992980957, "all_losses_finite": true}
[Step=0810] Wall=39.3018s | Loss=0.9735
[Profile] Avg ms/step | Load: 14.927 (Prep: 2.735, Struc: 0.295, Fetch: 11.898) | Fwd: 8.482 | Bwd: 9.506 | Opt: 0.567 | GPU_Tot: 30.747
[Autotune] {"version": 1, "step": 810, "wall_seconds": 39.301812619989505, "seed_nodes": 3203415, "loss": 0.9735197067260742, "all_losses_finite": true}
[Step=0820] Wall=39.6092s | Loss=0.9774
[Profile] Avg ms/step | Load: 14.885 (Prep: 2.700, Struc: 0.295, Fetch: 11.890) | Fwd: 8.485 | Bwd: 9.509 | Opt: 0.566 | GPU_Tot: 30.745
[Autotune] {"version": 1, "step": 820, "wall_seconds": 39.6092152929923, "seed_nodes": 3244375, "loss": 0.9774429321289062, "all_losses_finite": true}
[Step=0830] Wall=40.0092s | Loss=0.9689
[Profile] Avg ms/step | Load: 14.972 (Prep: 2.766, Struc: 0.294, Fetch: 11.911) | Fwd: 8.482 | Bwd: 9.505 | Opt: 0.567 | GPU_Tot: 30.759
[Autotune] {"version": 1, "step": 830, "wall_seconds": 40.00916650600266, "seed_nodes": 3282068, "loss": 0.9688516616821289, "all_losses_finite": true}
[Step=0840] Wall=40.3291s | Loss=0.9735
[Profile] Avg ms/step | Load: 14.946 (Prep: 2.732, Struc: 0.294, Fetch: 11.919) | Fwd: 8.484 | Bwd: 9.508 | Opt: 0.567 | GPU_Tot: 30.772
[Autotune] {"version": 1, "step": 840, "wall_seconds": 40.32912038799259, "seed_nodes": 3323028, "loss": 0.9734872817993164, "all_losses_finite": true}
------------------------------------------------------------
Training Completed. Total Steps: 840 (Active: 800)
Avg Breakdown (ms): Load=14.946 [Prep:2.732, Struc:0.294, Fetch:11.919], Fwd=8.484, Bwd=9.508, Opt=0.567
------------------------------------------------------------
