$REPO_ROOT/.venv/lib/python3.11/site-packages/outdated/__init__.py:36: UserWarning: pkg_resources is deprecated as an API. See https://setuptools.pypa.io/en/latest/pkg_resources.html. The pkg_resources package is slated for removal as early as 2025-11-30. Refrain from using this package or pin to Setuptools<81.
  from pkg_resources import parse_version
2026-09-18 15:10:09,137 INFO:   Connectivity check: running command: ping -c 1 -W 3 10.125.8.2
2026-09-18 15:10:09,143 INFO:   Connectivity check succeeded.
2026-09-18 15:10:09,165 INFO:   Appliance client semantic version: 1.14.0, cluster server semantic version: 1.20.2, job operator semantic version: 1.20.2
2026-09-18 15:10:09,168 INFO:   Successfully initialized workflow with id: wflow-edd4x7cex558qifdfpjkmv
2026-09-18 15:10:09,173 WARNING:   The trainer configuration for train_and_eval does not configure checkpointing. In the event of a failure, the run will be restarted from the beginning. If this is not intentional, please specifiy a checkpoint callback with a checkpointing frequency to enable auto-restarting from previously saved checkpoints.
2026-09-18 15:10:09,173 INFO:   Spawning child process for the fit run ...
2026-09-18 15:10:09,177 INFO:   Child process started with pid: 586963
$REPO_ROOT/.venv/lib/python3.11/site-packages/outdated/__init__.py:36: UserWarning: pkg_resources is deprecated as an API. See https://setuptools.pypa.io/en/latest/pkg_resources.html. The pkg_resources package is slated for removal as early as 2025-11-30. Refrain from using this package or pin to Setuptools<81.
  from pkg_resources import parse_version
2026-09-18 15:10:15,009 INFO:   Current Working Directory: $REPO_ROOT/src/cerebras/modelzoo/models/gnn
2026-09-18 15:10:15,010 INFO:   Running command: $REPO_ROOT/src/cerebras/modelzoo/cli/main.py fit $REPO_ROOT/model_dirs/hpcasia_learning/arxiv_20260918T122621.253613Z/tuning/workers_w04_p2_s1_r1/params.yaml --target_device CSX --model_dir $REPO_ROOT/model_dirs/hpcasia_learning/arxiv_20260918T122621.253613Z/tuning/workers_w04_p2_s1_r1/model
2026-09-18 15:10:15,534 INFO:   No checkpoint was provided. Using randomly initialized model parameters.
2026-09-18 15:10:15,534 INFO:   Ordinal 0: Initializing GNNDataProcessor for dataset 'ogbn-arxiv' (split=train, mode=neighbor).
$REPO_ROOT/.venv/lib/python3.11/site-packages/ogb/nodeproppred/dataset_pyg.py:69: FutureWarning: You are using `torch.load` with `weights_only=False` (the current default value), which uses the default pickle module implicitly. It is possible to construct malicious pickle data which will execute arbitrary code during unpickling (See https://github.com/pytorch/pytorch/blob/main/SECURITY.md#untrusted-models for more details). In a future release, the default value for `weights_only` will be flipped to `True`. This limits the functions that could be executed during unpickling. Arbitrary objects will no longer be allowed to be loaded via this mode unless they are explicitly allowlisted by the user via `torch.serialization.add_safe_globals`. We recommend you start setting `weights_only=True` for any use case where you don't have full control of the loaded file. Please open an issue on GitHub for any issues related to this experimental feature.
  self.data, self.slices = torch.load(self.processed_paths[0])
GNN_INPUT_CONTRACT {"batch_index_origin": 0, "batch_size": 4096, "count_basis": "deterministic loader schedule; not device counters", "dataset_name": "ogbn-arxiv", "drop_last": false, "event": "gnn_input_contract", "num_streamers": 1, "ordered_targets_and_labels_sha256": "cb189ecb3f75e653df7daacc08ead8c3b14bd353d302209c179a41e2b2b47d07", "restartable": false, "sampler_seed": 42, "seed_nodes_by_batch": [4096, 4096, 4096, 4096, 4096, 4096, 4096, 4096, 4096, 4096, 4096, 4096, 4096, 4096, 4096, 4096, 4096, 4096, 4096, 4096, 4096, 4096, 829], "seed_nodes_per_epoch": 90941, "shuffle": true, "source_seed_nodes": 90941, "split": "train", "static_batch_cache_size": 0, "supervised_targets_by_batch": [4096, 4096, 4096, 4096, 4096, 4096, 4096, 4096, 4096, 4096, 4096, 4096, 4096, 4096, 4096, 4096, 4096, 4096, 4096, 4096, 4096, 4096, 829], "traversal": "continuous_sequential_batches", "traversal_scope": "single_data_executor", "version": 1}
2026-09-18 15:10:15,764 INFO:   Connectivity check: running command: ping -c 1 -W 3 10.125.8.2
2026-09-18 15:10:15,769 INFO:   Connectivity check succeeded.
2026-09-18 15:10:15,789 INFO:   Appliance client semantic version: 1.14.0, cluster server semantic version: 1.20.2, job operator semantic version: 1.20.2
2026-09-18 15:10:15,790 INFO:   ===========================================================================
2026-09-18 15:10:15,790 INFO:   Trainer Fit Summary
2026-09-18 15:10:15,790 INFO:   ---------------------------------------------------------------------------
2026-09-18 15:10:15,790 INFO:   Trainer will run 1 train loop.
2026-09-18 15:10:15,790 INFO:   
2026-09-18 15:10:15,790 INFO:   Train steps per train loop:
2026-09-18 15:10:15,790 INFO:   * 1 loop of 440 steps
2026-09-18 15:10:15,790 INFO:   for a total of 440 train steps.
2026-09-18 15:10:15,790 INFO:   
2026-09-18 15:10:15,790 INFO:   Progress will be logged every 10 steps.
2026-09-18 15:10:15,790 INFO:   ===========================================================================
2026-09-18 15:10:15,790 INFO:   ---------------------------------------------------------------------------
2026-09-18 15:10:15,791 INFO:   Starting train loop 1 of 1, from global step 1 to 440 (440 steps)
2026-09-18 15:10:15,791 INFO:   ---------------------------------------------------------------------------
2026-09-18 15:10:20,500 INFO:   Compiling the model. This may take a few minutes.
2026-09-18 15:10:20,501 INFO:   Connectivity check: running command: ping -c 1 -W 3 10.125.8.2
2026-09-18 15:10:20,506 INFO:   Connectivity check succeeded.
2026-09-18 15:10:20,523 INFO:   Appliance client semantic version: 1.14.0, cluster server semantic version: 1.20.2, job operator semantic version: 1.20.2
2026-09-18 15:10:21,600 INFO:   Initiating a new image build job against the cluster server.
2026-09-18 15:10:21,617 INFO:   Job id: imgjob-42280d4f85d91291dacb2ef766350f15, workflow id: wflow-edd4x7cex558qifdfpjkmv, namespace: job-operator, remote log path: /n1/wsjob/workdir/job-operator/imgjob-42280d4f85d91291dacb2ef766350f15
2026-09-18 15:10:21,620 INFO:   Connectivity check: running command: ping -c 1 -W 3 10.125.8.2
2026-09-18 15:10:21,626 INFO:   Connectivity check succeeded.
2026-09-18 15:10:21,643 INFO:   Appliance client semantic version: 1.14.0, cluster server semantic version: 1.20.2, job operator semantic version: 1.20.2
2026-09-18 15:10:21,746 INFO:   Initiating a new compile wsjob against the cluster server.
2026-09-18 15:10:21,763 INFO:   Job id: wsjob-3uwqgdkw77qmuscneuuz2c, workflow id: wflow-edd4x7cex558qifdfpjkmv, namespace: job-operator, remote log path: /n1/wsjob/workdir/job-operator/wsjob-3uwqgdkw77qmuscneuuz2c
2026-09-18 15:10:41,764 INFO:   Poll ingress status: Waiting for job to be scheduled, current job status: Queueing, msg: job queueing to be scheduled. Job queue status: 1 compile job(s) queued before current job. For more information, please run 'csctl get job wsjob-3uwqgdkw77qmuscneuuz2c --pending-status'.
2026-09-18 15:20:41,769 INFO:   Poll ingress status: Waiting for job to be scheduled, current job status: Queueing, msg: job queueing to be scheduled. Job queue status: 1 compile job(s) queued before current job. For more information, please run 'csctl get job wsjob-3uwqgdkw77qmuscneuuz2c --pending-status'.
2026-09-18 15:28:41,774 INFO:   Poll ingress status: Waiting for all Coordinator pods to be running, current running: 0/1.
2026-09-18 15:28:41,777 INFO:   Recording the timestamp when jobs is scheduled.
2026-09-18 15:28:41,813 WARNING:   Event 2026-09-18 15:28:27 +0000 UTC reason=InconsistentVersion wsjob=wsjob-3uwqgdkw77qmuscneuuz2c message='Warning: client semantic version 1.14.0 is inconsistent with cluster server semantic version 1.20.2, there's a risk job could fail due to inconsistent setup.'
2026-09-18 15:29:01,814 INFO:   Poll ingress status: Job ingress ready, dashboard: <internal-dashboard-url>
2026-09-18 15:29:01,844 INFO:   Poll ingress success: Job ingress ready, dashboard: <internal-dashboard-url>
2026-09-18 15:29:01,854 INFO:   Finalizing out-of-cluster job handle with ingress service url: 
2026-09-18 15:29:01,854 WARNING:   Empty ingress service url. Falling back to default server: 10.125.8.2:443
2026-09-18 15:29:01,925 INFO:   Found existing cached compile with hash: "cs_3310013607597699701"
2026-09-18 15:29:03,771 INFO:   Using power profile none

2026-09-18 15:29:03,788 INFO:   Compile artifacts successfully written to remote compile directory. Compile hash is: cs_3310013607597699701
2026-09-18 15:29:11,898 ERROR:   Image build job imgjob-42280d4f85d91291dacb2ef766350f15 failed. Please check the error log in $REPO_ROOT/model_dirs/hpcasia_learning/arxiv_20260918T122621.253613Z/tuning/workers_w04_p2_s1_r1/model/cerebras_logs/20260918_151014/executors/000001/custom_worker_build.out. 
2026-09-18 15:29:11,898 INFO:   Falling back to venv mounting.
2026-09-18 15:29:11,901 INFO:   Compile was successful!
2026-09-18 15:29:11,901 INFO:   Programming Cerebras Wafer Scale Cluster for execution. This may take a few minutes.
2026-09-18 15:29:13,911 INFO:   Connectivity check: running command: ping -c 1 -W 3 10.125.8.2
2026-09-18 15:29:13,916 INFO:   Connectivity check succeeded.
2026-09-18 15:29:13,932 INFO:   Appliance client semantic version: 1.14.0, cluster server semantic version: 1.20.2, job operator semantic version: 1.20.2
2026-09-18 15:29:13,934 INFO:   Initiating a new execute wsjob against the cluster server.
2026-09-18 15:29:13,971 INFO:   Job id: wsjob-pmcyaiua2prwib5eb8ukcj, workflow id: wflow-edd4x7cex558qifdfpjkmv, namespace: job-operator, remote log path: /n1/wsjob/workdir/job-operator/wsjob-pmcyaiua2prwib5eb8ukcj
2026-09-18 15:29:33,972 INFO:   Poll ingress status: Waiting for job to be scheduled, current job status: Queueing, msg: job queueing to be scheduled. Job queue status: current job is top of queue but likely blocked by running/reserved jobs, 3 compile job(s) running/reserved using 340Gi memory. For more information, please run 'csctl get job wsjob-pmcyaiua2prwib5eb8ukcj --pending-status'.
2026-09-18 15:29:43,972 INFO:   Poll ingress status: Waiting for job to be scheduled, current job status: Queueing, msg: job queueing to be scheduled. Job queue status: current job is top of queue but likely blocked by running/reserved jobs, 2 compile job(s) running/reserved using 250Gi memory. For more information, please run 'csctl get job wsjob-pmcyaiua2prwib5eb8ukcj --pending-status'.
2026-09-18 15:30:23,972 INFO:   Poll ingress status: Waiting for all Activation pods to be running, current running: 0/21.
2026-09-18 15:30:23,975 INFO:   Recording the timestamp when jobs is scheduled.
2026-09-18 15:30:24,010 WARNING:   Event 2026-09-18 15:30:11 +0000 UTC reason=InconsistentVersion wsjob=wsjob-pmcyaiua2prwib5eb8ukcj message='Warning: client semantic version 1.14.0 is inconsistent with cluster server semantic version 1.20.2, there's a risk job could fail due to inconsistent setup.'
2026-09-18 15:30:24,010 INFO:   Infrastructure setup started for job wsjob-pmcyaiua2prwib5eb8ukcj
2026-09-18 15:30:34,011 INFO:   Poll ingress status: Waiting for all Command pods to be running, current running: 0/1.
2026-09-18 15:30:34,041 INFO:   Infrastructure setup completed successfully for job wsjob-pmcyaiua2prwib5eb8ukcj
2026-09-18 15:30:44,041 INFO:   Poll ingress status: Waiting for all Worker pods to be running, current running: 0/1.
2026-09-18 15:30:44,087 INFO:   Infrastructure setup completed successfully for job wsjob-pmcyaiua2prwib5eb8ukcj
2026-09-18 15:30:54,088 INFO:   Poll ingress status: Job ingress ready, dashboard: <internal-dashboard-url>
2026-09-18 15:30:54,124 INFO:   Infrastructure setup completed successfully for job wsjob-pmcyaiua2prwib5eb8ukcj
2026-09-18 15:30:54,124 INFO:   Poll ingress success: Job ingress ready, dashboard: <internal-dashboard-url>
2026-09-18 15:30:54,135 INFO:   Finalizing out-of-cluster job handle with ingress service url: 
2026-09-18 15:30:54,135 WARNING:   Empty ingress service url. Falling back to default server: 10.125.8.2:443
2026-09-18 15:30:54,213 INFO:   Preparing to execute using 1 CSX
2026-09-18 15:31:11,626 INFO:   About to send initial weights
2026-09-18 15:31:11,826 INFO:   Finished sending initial weights
2026-09-18 15:31:11,826 INFO:   Finalizing appliance staging for the run
2026-09-18 15:31:18,405 INFO:   Waiting for device programming to complete
2026-09-18 15:31:32,639 INFO:   Device programming is complete
2026-09-18 15:31:32,975 INFO:   Using network type: ROCE
2026-09-18 15:31:32,976 INFO:   Waiting for input workers to prime the data pipeline and begin streaming ...
2026-09-18 15:31:32,986 INFO:   Input workers have begun streaming input data
2026-09-18 15:31:33,111 INFO:   Appliance staging is complete
2026-09-18 15:31:33,112 INFO:   Beginning appliance run
2026-09-18 15:31:43,611 INFO:   | Train Device=CSX, Step=10, Loss=3.37719, Rate=2820.59 samples/sec, GlobalRate=31.87 samples/sec, LoopTimeRemaining=0:10:21, TimeRemaining=0:10:21
2026-09-18 15:31:58,554 INFO:   | Train Device=CSX, Step=20, Loss=2.83006, Rate=2865.81 samples/sec, GlobalRate=63.01 samples/sec, LoopTimeRemaining=0:10:11, TimeRemaining=0:10:11
2026-09-18 15:32:16,774 INFO:   | Train Device=CSX, Step=30, Loss=2.48321, Rate=2790.21 samples/sec, GlobalRate=93.21 samples/sec, LoopTimeRemaining=0:09:56, TimeRemaining=0:09:56
2026-09-18 15:32:31,395 INFO:   | Train Device=CSX, Step=40, Loss=2.17466, Rate=2843.01 samples/sec, GlobalRate=122.92 samples/sec, LoopTimeRemaining=0:09:44, TimeRemaining=0:09:44
2026-09-18 15:32:49,664 INFO:   | Train Device=CSX, Step=50, Loss=1.85241, Rate=2703.33 samples/sec, GlobalRate=151.57 samples/sec, LoopTimeRemaining=0:09:28, TimeRemaining=0:09:28
2026-09-18 15:33:04,339 INFO:   | Train Device=CSX, Step=60, Loss=1.63806, Rate=2827.82 samples/sec, GlobalRate=179.94 samples/sec, LoopTimeRemaining=0:09:16, TimeRemaining=0:09:16
2026-09-18 15:33:22,099 INFO:   | Train Device=CSX, Step=70, Loss=1.52059, Rate=1665.70 samples/sec, GlobalRate=207.23 samples/sec, LoopTimeRemaining=0:08:58, TimeRemaining=0:08:58
2026-09-18 15:33:36,917 INFO:   | Train Device=CSX, Step=80, Loss=1.42359, Rate=2832.27 samples/sec, GlobalRate=234.32 samples/sec, LoopTimeRemaining=0:08:46, TimeRemaining=0:08:46
2026-09-18 15:33:51,287 INFO:   | Train Device=CSX, Step=90, Loss=1.41382, Rate=2891.28 samples/sec, GlobalRate=260.93 samples/sec, LoopTimeRemaining=0:08:30, TimeRemaining=0:08:30
2026-09-18 15:34:09,532 INFO:   | Train Device=CSX, Step=100, Loss=1.31883, Rate=2760.16 samples/sec, GlobalRate=286.23 samples/sec, LoopTimeRemaining=0:08:16, TimeRemaining=0:08:16
2026-09-18 15:34:23,994 INFO:   | Train Device=CSX, Step=110, Loss=1.27947, Rate=2901.44 samples/sec, GlobalRate=311.70 samples/sec, LoopTimeRemaining=0:08:01, TimeRemaining=0:08:01
2026-09-18 15:34:42,643 INFO:   | Train Device=CSX, Step=120, Loss=1.21283, Rate=2720.87 samples/sec, GlobalRate=335.71 samples/sec, LoopTimeRemaining=0:07:48, TimeRemaining=0:07:48
2026-09-18 15:34:57,250 INFO:   | Train Device=CSX, Step=130, Loss=1.25431, Rate=2830.93 samples/sec, GlobalRate=360.09 samples/sec, LoopTimeRemaining=0:07:32, TimeRemaining=0:07:32
2026-09-18 15:35:15,189 INFO:   | Train Device=CSX, Step=140, Loss=1.17677, Rate=2269.06 samples/sec, GlobalRate=383.14 samples/sec, LoopTimeRemaining=0:07:17, TimeRemaining=0:07:17
2026-09-18 15:35:30,306 INFO:   | Train Device=CSX, Step=150, Loss=1.18961, Rate=2493.37 samples/sec, GlobalRate=406.41 samples/sec, LoopTimeRemaining=0:07:03, TimeRemaining=0:07:03
2026-09-18 15:35:44,723 INFO:   | Train Device=CSX, Step=160, Loss=1.17591, Rate=2832.05 samples/sec, GlobalRate=429.40 samples/sec, LoopTimeRemaining=0:06:48, TimeRemaining=0:06:48
2026-09-18 15:36:03,111 INFO:   | Train Device=CSX, Step=170, Loss=1.11490, Rate=2799.26 samples/sec, GlobalRate=450.81 samples/sec, LoopTimeRemaining=0:06:34, TimeRemaining=0:06:34
2026-09-18 15:36:17,565 INFO:   | Train Device=CSX, Step=180, Loss=1.16431, Rate=2903.25 samples/sec, GlobalRate=472.90 samples/sec, LoopTimeRemaining=0:06:19, TimeRemaining=0:06:19
2026-09-18 15:36:35,882 INFO:   | Train Device=CSX, Step=190, Loss=1.17256, Rate=2704.70 samples/sec, GlobalRate=493.38 samples/sec, LoopTimeRemaining=0:06:05, TimeRemaining=0:06:05
2026-09-18 15:36:50,521 INFO:   | Train Device=CSX, Step=200, Loss=1.15904, Rate=2793.11 samples/sec, GlobalRate=514.57 samples/sec, LoopTimeRemaining=0:05:50, TimeRemaining=0:05:50
2026-09-18 15:37:08,394 INFO:   | Train Device=CSX, Step=210, Loss=1.11809, Rate=2534.33 samples/sec, GlobalRate=534.30 samples/sec, LoopTimeRemaining=0:05:35, TimeRemaining=0:05:35
2026-09-18 15:37:23,221 INFO:   | Train Device=CSX, Step=220, Loss=1.11506, Rate=2765.39 samples/sec, GlobalRate=554.64 samples/sec, LoopTimeRemaining=0:05:21, TimeRemaining=0:05:21
2026-09-18 15:37:37,448 INFO:   | Train Device=CSX, Step=230, Loss=1.00655, Rate=2912.32 samples/sec, GlobalRate=574.81 samples/sec, LoopTimeRemaining=0:05:06, TimeRemaining=0:05:06
2026-09-18 15:37:55,756 INFO:   | Train Device=CSX, Step=240, Loss=1.11497, Rate=2769.82 samples/sec, GlobalRate=593.18 samples/sec, LoopTimeRemaining=0:04:52, TimeRemaining=0:04:52
2026-09-18 15:38:10,153 INFO:   | Train Device=CSX, Step=250, Loss=1.07827, Rate=2913.53 samples/sec, GlobalRate=612.57 samples/sec, LoopTimeRemaining=0:04:37, TimeRemaining=0:04:37
2026-09-18 15:38:28,252 INFO:   | Train Device=CSX, Step=260, Loss=1.07885, Rate=2781.82 samples/sec, GlobalRate=630.25 samples/sec, LoopTimeRemaining=0:04:23, TimeRemaining=0:04:23
2026-09-18 15:38:42,782 INFO:   | Train Device=CSX, Step=270, Loss=1.08083, Rate=2877.77 samples/sec, GlobalRate=648.91 samples/sec, LoopTimeRemaining=0:04:08, TimeRemaining=0:04:08
2026-09-18 15:39:01,026 INFO:   | Train Device=CSX, Step=280, Loss=1.11849, Rate=2674.77 samples/sec, GlobalRate=665.82 samples/sec, LoopTimeRemaining=0:03:53, TimeRemaining=0:03:53
2026-09-18 15:39:15,710 INFO:   | Train Device=CSX, Step=290, Loss=1.06843, Rate=2768.70 samples/sec, GlobalRate=683.77 samples/sec, LoopTimeRemaining=0:03:39, TimeRemaining=0:03:39
2026-09-18 15:39:33,484 INFO:   | Train Device=CSX, Step=300, Loss=1.02315, Rate=1667.79 samples/sec, GlobalRate=700.18 samples/sec, LoopTimeRemaining=0:03:23, TimeRemaining=0:03:23
2026-09-18 15:39:48,375 INFO:   | Train Device=CSX, Step=310, Loss=1.04774, Rate=2808.48 samples/sec, GlobalRate=717.43 samples/sec, LoopTimeRemaining=0:03:10, TimeRemaining=0:03:10
2026-09-18 15:40:02,677 INFO:   | Train Device=CSX, Step=320, Loss=1.09656, Rate=2923.11 samples/sec, GlobalRate=734.64 samples/sec, LoopTimeRemaining=0:02:54, TimeRemaining=0:02:54
2026-09-18 15:40:20,879 INFO:   | Train Device=CSX, Step=330, Loss=1.02357, Rate=2795.99 samples/sec, GlobalRate=749.95 samples/sec, LoopTimeRemaining=0:02:40, TimeRemaining=0:02:40
2026-09-18 15:40:35,441 INFO:   | Train Device=CSX, Step=340, Loss=1.03504, Rate=2886.17 samples/sec, GlobalRate=766.48 samples/sec, LoopTimeRemaining=0:02:25, TimeRemaining=0:02:25
2026-09-18 15:40:53,551 INFO:   | Train Device=CSX, Step=350, Loss=0.99137, Rate=2740.64 samples/sec, GlobalRate=781.24 samples/sec, LoopTimeRemaining=0:02:11, TimeRemaining=0:02:11
2026-09-18 15:41:08,155 INFO:   | Train Device=CSX, Step=360, Loss=1.03419, Rate=2834.39 samples/sec, GlobalRate=797.21 samples/sec, LoopTimeRemaining=0:01:56, TimeRemaining=0:01:56
2026-09-18 15:41:26,419 INFO:   | Train Device=CSX, Step=370, Loss=1.01350, Rate=2237.46 samples/sec, GlobalRate=811.35 samples/sec, LoopTimeRemaining=0:01:42, TimeRemaining=0:01:42
2026-09-18 15:41:41,185 INFO:   | Train Device=CSX, Step=380, Loss=1.02233, Rate=2784.77 samples/sec, GlobalRate=826.74 samples/sec, LoopTimeRemaining=0:01:27, TimeRemaining=0:01:27
2026-09-18 15:41:55,489 INFO:   | Train Device=CSX, Step=390, Loss=1.02352, Rate=2933.70 samples/sec, GlobalRate=842.10 samples/sec, LoopTimeRemaining=0:01:13, TimeRemaining=0:01:13
2026-09-18 15:42:14,820 INFO:   | Train Device=CSX, Step=400, Loss=0.95176, Rate=2789.19 samples/sec, GlobalRate=854.98 samples/sec, LoopTimeRemaining=0:00:58, TimeRemaining=0:00:58
2026-09-18 15:42:29,668 INFO:   | Train Device=CSX, Step=410, Loss=1.01225, Rate=2821.33 samples/sec, GlobalRate=869.61 samples/sec, LoopTimeRemaining=0:00:44, TimeRemaining=0:00:44
2026-09-18 15:42:48,170 INFO:   | Train Device=CSX, Step=420, Loss=1.01939, Rate=2687.88 samples/sec, GlobalRate=882.37 samples/sec, LoopTimeRemaining=0:00:29, TimeRemaining=0:00:29
2026-09-18 15:43:02,743 INFO:   | Train Device=CSX, Step=430, Loss=1.00939, Rate=2840.27 samples/sec, GlobalRate=896.68 samples/sec, LoopTimeRemaining=0:00:15, TimeRemaining=0:00:15
2026-09-18 15:43:20,663 INFO:   | Train Device=CSX, Step=440, Loss=0.98283, Rate=2534.99 samples/sec, GlobalRate=909.24 samples/sec, LoopTimeRemaining=0:00:00, TimeRemaining=0:00:00
2026-09-18 15:43:20,767 INFO:   Training completed successfully!
2026-09-18 15:43:20,771 INFO:   Processed 1802240 training sample(s) in 1985.008356799 seconds.
