$REPO_ROOT/.venv/lib/python3.11/site-packages/outdated/__init__.py:36: UserWarning: pkg_resources is deprecated as an API. See https://setuptools.pypa.io/en/latest/pkg_resources.html. The pkg_resources package is slated for removal as early as 2025-11-30. Refrain from using this package or pin to Setuptools<81.
  from pkg_resources import parse_version
[ddp] Single-process mode: device=cuda
[Info] Running in Single-Process mode (CPU or Single GPU).
[Info] Device: cuda
[GraphCache] Caching disabled (0 nodes).
[Compile] {"enabled": true, "dynamic": true}
[GPU policy] {"version": 1, "optimizer": "torch.optim.AdamW", "epsilon_convention": "sqrt_bias_corrected_second_moment_plus_eps", "optimizer_defaults": {"lr": 0.003, "betas": [0.9, 0.999], "eps": 1e-06, "weight_decay": 0.0005, "amsgrad": false, "foreach": null, "maximize": false, "capturable": false, "differentiable": false, "fused": null}, "optimizer_groups": [{"parameters": ["_orig_mod.gnn.convs.0.lin_l.weight", "_orig_mod.gnn.convs.0.lin_r.weight", "_orig_mod.gnn.convs.1.lin_l.weight", "_orig_mod.gnn.convs.1.lin_r.weight", "_orig_mod.gnn.convs.2.lin_l.weight", "_orig_mod.gnn.convs.2.lin_r.weight", "_orig_mod.classifier.weight"], "weight_decay": 0.0005}, {"parameters": ["_orig_mod.gnn.convs.0.lin_l.bias", "_orig_mod.gnn.convs.1.lin_l.bias", "_orig_mod.gnn.convs.2.lin_l.bias", "_orig_mod.classifier.bias"], "weight_decay": 0.0}], "parameter_count": 4450351, "amp": {"implementation": "torch.amp.GradScaler", "enabled": true, "init_scale": 32768.0, "growth_interval": 2000, "growth_factor": 2.0, "backoff_factor": 0.5, "sdk_scale_clamps": false}}
[Step=0010] Wall=16.3167s | Loss=8.1378
[Profile] Avg ms/step | Load: 245.251 (Prep: 164.068, Struc: 1.333, Fetch: 79.850) | Fwd: 1187.605 | Bwd: 191.605 | Opt: 4.684 | GPU_Tot: 1465.077
[Autotune] {"version": 2, "step": 10, "wall_seconds": 16.316679053008556, "seed_nodes": 40960, "loss": 8.137825775146485, "all_losses_finite": true, "optimizer_steps": 9, "skipped_optimizer_steps": 1, "loss_scale": 16384.0}
[Step=0020] Wall=18.2939s | Loss=2.7839
[Profile] Avg ms/step | Load: 161.136 (Prep: 82.060, Struc: 1.307, Fetch: 77.770) | Fwd: 620.772 | Bwd: 128.747 | Opt: 2.689 | GPU_Tot: 831.284
[Autotune] {"version": 2, "step": 20, "wall_seconds": 18.29391513695009, "seed_nodes": 81920, "loss": 2.7839242935180666, "all_losses_finite": true, "optimizer_steps": 19, "skipped_optimizer_steps": 1, "loss_scale": 16384.0}
[Step=0030] Wall=20.2672s | Loss=2.3630
[Profile] Avg ms/step | Load: 133.006 (Prep: 54.725, Struc: 1.299, Fetch: 76.982) | Fwd: 431.799 | Bwd: 107.781 | Opt: 2.025 | GPU_Tot: 619.886
[Autotune] {"version": 2, "step": 30, "wall_seconds": 20.26718507707119, "seed_nodes": 122880, "loss": 2.3629739761352537, "all_losses_finite": true, "optimizer_steps": 29, "skipped_optimizer_steps": 1, "loss_scale": 16384.0}
[Step=0040] Wall=22.2466s | Loss=1.9711
[Profile] Avg ms/step | Load: 0.000 (Prep: 0.000, Struc: 0.000, Fetch: 0.000) | Fwd: 0.000 | Bwd: 0.000 | Opt: 0.000 | GPU_Tot: 0.000
[Autotune] {"version": 2, "step": 40, "wall_seconds": 22.246613431023434, "seed_nodes": 163840, "loss": 1.9711458206176757, "all_losses_finite": true, "optimizer_steps": 39, "skipped_optimizer_steps": 1, "loss_scale": 16384.0}
[Step=0050] Wall=25.1535s | Loss=1.5137
[Profile] Avg ms/step | Load: 153.215 (Prep: 77.607, Struc: 1.172, Fetch: 74.436) | Fwd: 72.439 | Bwd: 64.140 | Opt: 0.710 | GPU_Tot: 212.898
[Autotune] {"version": 2, "step": 50, "wall_seconds": 25.153483089990914, "seed_nodes": 200711, "loss": 1.5137054443359375, "all_losses_finite": true, "optimizer_steps": 49, "skipped_optimizer_steps": 1, "loss_scale": 16384.0}
[Step=0060] Wall=27.1900s | Loss=1.4471
[Profile] Avg ms/step | Load: 118.200 (Prep: 38.832, Struc: 1.225, Fetch: 78.144) | Fwd: 63.195 | Bwd: 64.892 | Opt: 0.700 | GPU_Tot: 208.155
[Autotune] {"version": 2, "step": 60, "wall_seconds": 27.189965477911755, "seed_nodes": 241671, "loss": 1.4471116065979004, "all_losses_finite": true, "optimizer_steps": 59, "skipped_optimizer_steps": 1, "loss_scale": 16384.0}
[Step=0070] Wall=29.1891s | Loss=1.2814
[Profile] Avg ms/step | Load: 105.595 (Prep: 25.905, Struc: 1.242, Fetch: 78.448) | Fwd: 60.002 | Bwd: 64.945 | Opt: 0.696 | GPU_Tot: 205.333
[Autotune] {"version": 2, "step": 70, "wall_seconds": 29.189053300069645, "seed_nodes": 282631, "loss": 1.2813685417175293, "all_losses_finite": true, "optimizer_steps": 69, "skipped_optimizer_steps": 1, "loss_scale": 16384.0}
[Step=0080] Wall=31.1906s | Loss=1.1798
[Profile] Avg ms/step | Load: 99.267 (Prep: 19.443, Struc: 1.251, Fetch: 78.572) | Fwd: 58.445 | Bwd: 65.019 | Opt: 0.693 | GPU_Tot: 203.980
[Autotune] {"version": 2, "step": 80, "wall_seconds": 31.190634506056085, "seed_nodes": 323591, "loss": 1.1797890663146973, "all_losses_finite": true, "optimizer_steps": 79, "skipped_optimizer_steps": 1, "loss_scale": 16384.0}
[Step=0090] Wall=33.1901s | Loss=1.0982
[Profile] Avg ms/step | Load: 95.479 (Prep: 15.565, Struc: 1.257, Fetch: 78.658) | Fwd: 57.493 | Bwd: 65.029 | Opt: 0.693 | GPU_Tot: 203.130
[Autotune] {"version": 2, "step": 90, "wall_seconds": 33.19014457985759, "seed_nodes": 364551, "loss": 1.0982465744018555, "all_losses_finite": true, "optimizer_steps": 89, "skipped_optimizer_steps": 1, "loss_scale": 16384.0}
[Step=0100] Wall=35.9876s | Loss=1.0606
[Profile] Avg ms/step | Load: 108.217 (Prep: 28.979, Struc: 1.242, Fetch: 77.995) | Fwd: 55.972 | Bwd: 63.959 | Opt: 0.692 | GPU_Tot: 199.860
[Autotune] {"version": 2, "step": 100, "wall_seconds": 35.98760307999328, "seed_nodes": 401422, "loss": 1.0605660438537599, "all_losses_finite": true, "optimizer_steps": 99, "skipped_optimizer_steps": 1, "loss_scale": 16384.0}
[Step=0110] Wall=38.0101s | Loss=0.9927
[Profile] Avg ms/step | Load: 104.449 (Prep: 24.846, Struc: 1.247, Fetch: 78.356) | Fwd: 55.668 | Bwd: 64.208 | Opt: 0.692 | GPU_Tot: 200.171
[Autotune] {"version": 2, "step": 110, "wall_seconds": 38.01014798087999, "seed_nodes": 442382, "loss": 0.9927117347717285, "all_losses_finite": true, "optimizer_steps": 109, "skipped_optimizer_steps": 1, "loss_scale": 16384.0}
[Step=0120] Wall=40.0089s | Loss=0.9386
[Profile] Avg ms/step | Load: 101.478 (Prep: 21.746, Struc: 1.251, Fetch: 78.481) | Fwd: 55.400 | Bwd: 64.283 | Opt: 0.692 | GPU_Tot: 200.106
[Autotune] {"version": 2, "step": 120, "wall_seconds": 40.008923484012485, "seed_nodes": 483342, "loss": 0.9385806083679199, "all_losses_finite": true, "optimizer_steps": 119, "skipped_optimizer_steps": 1, "loss_scale": 16384.0}
[Step=0130] Wall=42.0221s | Loss=0.8827
[Profile] Avg ms/step | Load: 99.222 (Prep: 19.336, Struc: 1.254, Fetch: 78.633) | Fwd: 55.236 | Bwd: 64.403 | Opt: 0.692 | GPU_Tot: 200.216
[Autotune] {"version": 2, "step": 130, "wall_seconds": 42.02214008686133, "seed_nodes": 524302, "loss": 0.8827051162719727, "all_losses_finite": true, "optimizer_steps": 129, "skipped_optimizer_steps": 1, "loss_scale": 16384.0}
[Step=0140] Wall=44.0400s | Loss=0.8576
[Profile] Avg ms/step | Load: 97.427 (Prep: 17.407, Struc: 1.257, Fetch: 78.764) | Fwd: 55.114 | Bwd: 64.526 | Opt: 0.691 | GPU_Tot: 200.352
[Autotune] {"version": 2, "step": 140, "wall_seconds": 44.040009930031374, "seed_nodes": 565262, "loss": 0.8575965881347656, "all_losses_finite": true, "optimizer_steps": 139, "skipped_optimizer_steps": 1, "loss_scale": 16384.0}
[Step=0150] Wall=46.9079s | Loss=0.9902
[Profile] Avg ms/step | Load: 104.779 (Prep: 24.863, Struc: 1.249, Fetch: 78.667) | Fwd: 54.521 | Bwd: 64.026 | Opt: 0.692 | GPU_Tot: 199.155
[Autotune] {"version": 2, "step": 150, "wall_seconds": 46.90792306698859, "seed_nodes": 602133, "loss": 0.9901675224304199, "all_losses_finite": true, "optimizer_steps": 149, "skipped_optimizer_steps": 1, "loss_scale": 16384.0}
[Step=0160] Wall=48.9264s | Loss=0.9268
[Profile] Avg ms/step | Load: 102.842 (Prep: 22.795, Struc: 1.252, Fetch: 78.795) | Fwd: 54.474 | Bwd: 64.148 | Opt: 0.692 | GPU_Tot: 199.361
[Autotune] {"version": 2, "step": 160, "wall_seconds": 48.92637793789618, "seed_nodes": 643093, "loss": 0.9267993927001953, "all_losses_finite": true, "optimizer_steps": 159, "skipped_optimizer_steps": 1, "loss_scale": 16384.0}
[Step=0170] Wall=50.9396s | Loss=0.8663
[Profile] Avg ms/step | Load: 101.192 (Prep: 21.045, Struc: 1.254, Fetch: 78.894) | Fwd: 54.422 | Bwd: 64.233 | Opt: 0.692 | GPU_Tot: 199.494
[Autotune] {"version": 2, "step": 170, "wall_seconds": 50.939562991959974, "seed_nodes": 684053, "loss": 0.8663201332092285, "all_losses_finite": true, "optimizer_steps": 169, "skipped_optimizer_steps": 1, "loss_scale": 16384.0}
[Step=0180] Wall=52.9591s | Loss=0.8096
[Profile] Avg ms/step | Load: 99.791 (Prep: 19.546, Struc: 1.255, Fetch: 78.990) | Fwd: 54.379 | Bwd: 64.336 | Opt: 0.692 | GPU_Tot: 199.653
[Autotune] {"version": 2, "step": 180, "wall_seconds": 52.95908719301224, "seed_nodes": 725013, "loss": 0.809625244140625, "all_losses_finite": true, "optimizer_steps": 179, "skipped_optimizer_steps": 1, "loss_scale": 16384.0}
[Step=0190] Wall=54.9875s | Loss=0.7768
[Profile] Avg ms/step | Load: 98.587 (Prep: 18.246, Struc: 1.257, Fetch: 79.084) | Fwd: 54.357 | Bwd: 64.459 | Opt: 0.693 | GPU_Tot: 199.851
[Autotune] {"version": 2, "step": 190, "wall_seconds": 54.98753832792863, "seed_nodes": 765973, "loss": 0.7767580986022949, "all_losses_finite": true, "optimizer_steps": 189, "skipped_optimizer_steps": 1, "loss_scale": 16384.0}
[Step=0200] Wall=57.7545s | Loss=0.9220
[Profile] Avg ms/step | Load: 102.950 (Prep: 22.574, Struc: 1.252, Fetch: 79.125) | Fwd: 53.995 | Bwd: 64.110 | Opt: 0.693 | GPU_Tot: 199.174
[Autotune] {"version": 2, "step": 200, "wall_seconds": 57.754519124981016, "seed_nodes": 802844, "loss": 0.9220047950744629, "all_losses_finite": true, "optimizer_steps": 199, "skipped_optimizer_steps": 1, "loss_scale": 16384.0}
[Step=0210] Wall=59.7713s | Loss=0.8634
[Profile] Avg ms/step | Load: 101.669 (Prep: 21.249, Struc: 1.253, Fetch: 79.167) | Fwd: 53.989 | Bwd: 64.206 | Opt: 0.693 | GPU_Tot: 199.308
[Autotune] {"version": 2, "step": 210, "wall_seconds": 59.771280149929225, "seed_nodes": 843804, "loss": 0.8634379386901856, "all_losses_finite": true, "optimizer_steps": 209, "skipped_optimizer_steps": 1, "loss_scale": 16384.0}
[Step=0220] Wall=61.7865s | Loss=0.7973
[Profile] Avg ms/step | Load: 100.522 (Prep: 20.071, Struc: 1.255, Fetch: 79.196) | Fwd: 53.989 | Bwd: 64.285 | Opt: 0.693 | GPU_Tot: 199.418
[Autotune] {"version": 2, "step": 220, "wall_seconds": 61.78652620385401, "seed_nodes": 884764, "loss": 0.7972852706909179, "all_losses_finite": true, "optimizer_steps": 219, "skipped_optimizer_steps": 1, "loss_scale": 16384.0}
[Step=0230] Wall=63.7951s | Loss=0.7509
[Profile] Avg ms/step | Load: 99.487 (Prep: 19.018, Struc: 1.256, Fetch: 79.214) | Fwd: 53.985 | Bwd: 64.335 | Opt: 0.693 | GPU_Tot: 199.482
[Autotune] {"version": 2, "step": 230, "wall_seconds": 63.79510142398067, "seed_nodes": 925724, "loss": 0.7508952617645264, "all_losses_finite": true, "optimizer_steps": 229, "skipped_optimizer_steps": 1, "loss_scale": 16384.0}
[Step=0240] Wall=65.8086s | Loss=0.7238
[Profile] Avg ms/step | Load: 98.546 (Prep: 18.069, Struc: 1.257, Fetch: 79.220) | Fwd: 53.981 | Bwd: 64.413 | Opt: 0.693 | GPU_Tot: 199.564
[Autotune] {"version": 2, "step": 240, "wall_seconds": 65.80857637990266, "seed_nodes": 966684, "loss": 0.7237909317016602, "all_losses_finite": true, "optimizer_steps": 239, "skipped_optimizer_steps": 1, "loss_scale": 16384.0}
[Step=0250] Wall=68.4468s | Loss=0.7252
[Profile] Avg ms/step | Load: 101.239 (Prep: 20.554, Struc: 1.252, Fetch: 79.433) | Fwd: 53.730 | Bwd: 64.162 | Opt: 0.694 | GPU_Tot: 199.271
[Autotune] {"version": 2, "step": 250, "wall_seconds": 68.44675514404662, "seed_nodes": 1003555, "loss": 0.7251910209655762, "all_losses_finite": true, "optimizer_steps": 249, "skipped_optimizer_steps": 1, "loss_scale": 16384.0}
[Step=0260] Wall=70.4695s | Loss=0.7305
[Profile] Avg ms/step | Load: 100.355 (Prep: 19.622, Struc: 1.254, Fetch: 79.480) | Fwd: 53.739 | Bwd: 64.230 | Opt: 0.694 | GPU_Tot: 199.397
[Autotune] {"version": 2, "step": 260, "wall_seconds": 70.46949441195466, "seed_nodes": 1044515, "loss": 0.7305464744567871, "all_losses_finite": true, "optimizer_steps": 259, "skipped_optimizer_steps": 1, "loss_scale": 16384.0}
[Step=0270] Wall=72.4927s | Loss=0.7101
[Profile] Avg ms/step | Load: 99.549 (Prep: 18.771, Struc: 1.255, Fetch: 79.523) | Fwd: 53.749 | Bwd: 64.293 | Opt: 0.694 | GPU_Tot: 199.514
[Autotune] {"version": 2, "step": 270, "wall_seconds": 72.49272050894797, "seed_nodes": 1085475, "loss": 0.7101189613342285, "all_losses_finite": true, "optimizer_steps": 269, "skipped_optimizer_steps": 1, "loss_scale": 16384.0}
[Step=0280] Wall=74.5144s | Loss=0.6767
[Profile] Avg ms/step | Load: 98.806 (Prep: 17.991, Struc: 1.256, Fetch: 79.559) | Fwd: 53.757 | Bwd: 64.348 | Opt: 0.694 | GPU_Tot: 199.614
[Autotune] {"version": 2, "step": 280, "wall_seconds": 74.51437272294424, "seed_nodes": 1126435, "loss": 0.6766817569732666, "all_losses_finite": true, "optimizer_steps": 279, "skipped_optimizer_steps": 1, "loss_scale": 16384.0}
[Step=0290] Wall=76.5401s | Loss=0.6633
[Profile] Avg ms/step | Load: 98.131 (Prep: 17.273, Struc: 1.257, Fetch: 79.600) | Fwd: 53.768 | Bwd: 64.404 | Opt: 0.695 | GPU_Tot: 199.724
[Autotune] {"version": 2, "step": 290, "wall_seconds": 76.54009005101398, "seed_nodes": 1167395, "loss": 0.6632974147796631, "all_losses_finite": true, "optimizer_steps": 289, "skipped_optimizer_steps": 1, "loss_scale": 16384.0}
[Step=0300] Wall=79.3237s | Loss=0.7119
[Profile] Avg ms/step | Load: 100.857 (Prep: 19.932, Struc: 1.255, Fetch: 79.671) | Fwd: 53.577 | Bwd: 64.221 | Opt: 0.695 | GPU_Tot: 199.418
[Autotune] {"version": 2, "step": 300, "wall_seconds": 79.32369494205341, "seed_nodes": 1204266, "loss": 0.7119256019592285, "all_losses_finite": true, "optimizer_steps": 299, "skipped_optimizer_steps": 1, "loss_scale": 16384.0}
[Step=0310] Wall=81.3565s | Loss=0.7203
[Profile] Avg ms/step | Load: 100.179 (Prep: 19.195, Struc: 1.256, Fetch: 79.728) | Fwd: 53.594 | Bwd: 64.280 | Opt: 0.695 | GPU_Tot: 199.553
[Autotune] {"version": 2, "step": 310, "wall_seconds": 81.3565447719302, "seed_nodes": 1245226, "loss": 0.7202615737915039, "all_losses_finite": true, "optimizer_steps": 309, "skipped_optimizer_steps": 1, "loss_scale": 16384.0}
[Step=0320] Wall=83.3906s | Loss=0.6658
[Profile] Avg ms/step | Load: 99.542 (Prep: 18.512, Struc: 1.257, Fetch: 79.774) | Fwd: 53.611 | Bwd: 64.345 | Opt: 0.695 | GPU_Tot: 199.682
[Autotune] {"version": 2, "step": 320, "wall_seconds": 83.39061539899558, "seed_nodes": 1286186, "loss": 0.6657583713531494, "all_losses_finite": true, "optimizer_steps": 319, "skipped_optimizer_steps": 1, "loss_scale": 16384.0}
[Step=0330] Wall=85.4257s | Loss=0.6551
[Profile] Avg ms/step | Load: 98.957 (Prep: 17.875, Struc: 1.258, Fetch: 79.824) | Fwd: 53.628 | Bwd: 64.402 | Opt: 0.695 | GPU_Tot: 199.807
[Autotune] {"version": 2, "step": 330, "wall_seconds": 85.42574726091698, "seed_nodes": 1327146, "loss": 0.6550572872161865, "all_losses_finite": true, "optimizer_steps": 329, "skipped_optimizer_steps": 1, "loss_scale": 16384.0}
[Step=0340] Wall=87.4591s | Loss=0.6517
[Profile] Avg ms/step | Load: 98.410 (Prep: 17.281, Struc: 1.259, Fetch: 79.871) | Fwd: 53.644 | Bwd: 64.448 | Opt: 0.695 | GPU_Tot: 199.917
[Autotune] {"version": 2, "step": 340, "wall_seconds": 87.45912127988413, "seed_nodes": 1368106, "loss": 0.651686716079712, "all_losses_finite": true, "optimizer_steps": 339, "skipped_optimizer_steps": 1, "loss_scale": 16384.0}
[Step=0350] Wall=90.3327s | Loss=0.6173
[Profile] Avg ms/step | Load: 100.993 (Prep: 20.002, Struc: 1.256, Fetch: 79.736) | Fwd: 53.484 | Bwd: 64.282 | Opt: 0.696 | GPU_Tot: 199.454
[Autotune] {"version": 2, "step": 350, "wall_seconds": 90.33270167303272, "seed_nodes": 1404977, "loss": 0.6173462867736816, "all_losses_finite": true, "optimizer_steps": 349, "skipped_optimizer_steps": 1, "loss_scale": 16384.0}
[Step=0360] Wall=92.3558s | Loss=0.6454
[Profile] Avg ms/step | Load: 100.394 (Prep: 19.378, Struc: 1.256, Fetch: 79.759) | Fwd: 53.499 | Bwd: 64.325 | Opt: 0.696 | GPU_Tot: 199.536
[Autotune] {"version": 2, "step": 360, "wall_seconds": 92.35575776197948, "seed_nodes": 1445937, "loss": 0.6454074859619141, "all_losses_finite": true, "optimizer_steps": 359, "skipped_optimizer_steps": 1, "loss_scale": 16384.0}
[Step=0370] Wall=94.3814s | Loss=0.6427
[Profile] Avg ms/step | Load: 99.827 (Prep: 18.793, Struc: 1.257, Fetch: 79.777) | Fwd: 53.515 | Bwd: 64.375 | Opt: 0.696 | GPU_Tot: 199.620
[Autotune] {"version": 2, "step": 370, "wall_seconds": 94.38135393802077, "seed_nodes": 1486897, "loss": 0.6426804065704346, "all_losses_finite": true, "optimizer_steps": 369, "skipped_optimizer_steps": 1, "loss_scale": 16384.0}
[Step=0380] Wall=96.4744s | Loss=0.6321
[Profile] Avg ms/step | Load: 99.330 (Prep: 18.241, Struc: 1.264, Fetch: 79.825) | Fwd: 53.651 | Bwd: 64.446 | Opt: 0.713 | GPU_Tot: 199.898
[Autotune] {"version": 2, "step": 380, "wall_seconds": 96.47439141687937, "seed_nodes": 1527857, "loss": 0.6321037769317627, "all_losses_finite": true, "optimizer_steps": 379, "skipped_optimizer_steps": 1, "loss_scale": 16384.0}
[Step=0390] Wall=98.5068s | Loss=0.6143
[Profile] Avg ms/step | Load: 98.831 (Prep: 17.722, Struc: 1.265, Fetch: 79.844) | Fwd: 53.667 | Bwd: 64.499 | Opt: 0.713 | GPU_Tot: 199.987
[Autotune] {"version": 2, "step": 390, "wall_seconds": 98.5067770788446, "seed_nodes": 1568817, "loss": 0.6143082618713379, "all_losses_finite": true, "optimizer_steps": 389, "skipped_optimizer_steps": 1, "loss_scale": 16384.0}
[Step=0400] Wall=101.3539s | Loss=0.6176
[Profile] Avg ms/step | Load: 100.958 (Prep: 19.976, Struc: 1.262, Fetch: 79.720) | Fwd: 53.534 | Bwd: 64.361 | Opt: 0.713 | GPU_Tot: 199.589
[Autotune] {"version": 2, "step": 400, "wall_seconds": 101.3539076980669, "seed_nodes": 1605688, "loss": 0.6175804615020752, "all_losses_finite": true, "optimizer_steps": 399, "skipped_optimizer_steps": 1, "loss_scale": 16384.0}
[Step=0410] Wall=103.3724s | Loss=0.6450
[Profile] Avg ms/step | Load: 100.422 (Prep: 19.437, Struc: 1.263, Fetch: 79.722) | Fwd: 53.545 | Bwd: 64.402 | Opt: 0.712 | GPU_Tot: 199.644
[Autotune] {"version": 2, "step": 410, "wall_seconds": 103.37236710404977, "seed_nodes": 1646648, "loss": 0.6450360298156739, "all_losses_finite": true, "optimizer_steps": 409, "skipped_optimizer_steps": 1, "loss_scale": 16384.0}
[Step=0420] Wall=105.4112s | Loss=0.6117
[Profile] Avg ms/step | Load: 99.979 (Prep: 18.927, Struc: 1.263, Fetch: 79.789) | Fwd: 53.553 | Bwd: 64.433 | Opt: 0.711 | GPU_Tot: 199.750
[Autotune] {"version": 2, "step": 420, "wall_seconds": 105.4111854499206, "seed_nodes": 1687608, "loss": 0.611688232421875, "all_losses_finite": true, "optimizer_steps": 419, "skipped_optimizer_steps": 1, "loss_scale": 16384.0}
[Step=0430] Wall=107.4197s | Loss=0.6186
[Profile] Avg ms/step | Load: 99.494 (Prep: 18.443, Struc: 1.263, Fetch: 79.787) | Fwd: 53.558 | Bwd: 64.453 | Opt: 0.711 | GPU_Tot: 199.772
[Autotune] {"version": 2, "step": 430, "wall_seconds": 107.41966456896625, "seed_nodes": 1728568, "loss": 0.6185700416564941, "all_losses_finite": true, "optimizer_steps": 429, "skipped_optimizer_steps": 1, "loss_scale": 16384.0}
[Step=0440] Wall=109.4325s | Loss=0.6057
[Profile] Avg ms/step | Load: 99.030 (Prep: 17.983, Struc: 1.264, Fetch: 79.783) | Fwd: 53.565 | Bwd: 64.482 | Opt: 0.710 | GPU_Tot: 199.804
[Autotune] {"version": 2, "step": 440, "wall_seconds": 109.43247722205706, "seed_nodes": 1769528, "loss": 0.6057158470153808, "all_losses_finite": true, "optimizer_steps": 439, "skipped_optimizer_steps": 1, "loss_scale": 16384.0}
[Step=0450] Wall=112.0692s | Loss=0.6859
[Profile] Avg ms/step | Load: 100.374 (Prep: 19.273, Struc: 1.261, Fetch: 79.840) | Fwd: 53.455 | Bwd: 64.363 | Opt: 0.710 | GPU_Tot: 199.629
[Autotune] {"version": 2, "step": 450, "wall_seconds": 112.06916987686418, "seed_nodes": 1806399, "loss": 0.6859277725219727, "all_losses_finite": true, "optimizer_steps": 449, "skipped_optimizer_steps": 1, "loss_scale": 16384.0}
[Step=0460] Wall=114.0883s | Loss=0.6559
[Profile] Avg ms/step | Load: 99.914 (Prep: 18.815, Struc: 1.262, Fetch: 79.837) | Fwd: 53.467 | Bwd: 64.403 | Opt: 0.710 | GPU_Tot: 199.678
[Autotune] {"version": 2, "step": 460, "wall_seconds": 114.08831192087382, "seed_nodes": 1847359, "loss": 0.655949068069458, "all_losses_finite": true, "optimizer_steps": 459, "skipped_optimizer_steps": 1, "loss_scale": 16384.0}
[Step=0470] Wall=116.1077s | Loss=0.6380
[Profile] Avg ms/step | Load: 99.480 (Prep: 18.379, Struc: 1.262, Fetch: 79.838) | Fwd: 53.478 | Bwd: 64.438 | Opt: 0.710 | GPU_Tot: 199.725
[Autotune] {"version": 2, "step": 470, "wall_seconds": 116.10773008293472, "seed_nodes": 1888319, "loss": 0.6380177974700928, "all_losses_finite": true, "optimizer_steps": 469, "skipped_optimizer_steps": 1, "loss_scale": 16384.0}
[Step=0480] Wall=118.1146s | Loss=0.6012
[Profile] Avg ms/step | Load: 99.057 (Prep: 17.962, Struc: 1.263, Fetch: 79.832) | Fwd: 53.485 | Bwd: 64.453 | Opt: 0.710 | GPU_Tot: 199.742
[Autotune] {"version": 2, "step": 480, "wall_seconds": 118.114570901962, "seed_nodes": 1929279, "loss": 0.6012325763702393, "all_losses_finite": true, "optimizer_steps": 479, "skipped_optimizer_steps": 1, "loss_scale": 16384.0}
[Step=0490] Wall=119.9347s | Loss=0.5775
[Profile] Avg ms/step | Load: 98.480 (Prep: 17.564, Struc: 1.260, Fetch: 79.656) | Fwd: 53.377 | Bwd: 64.340 | Opt: 0.710 | GPU_Tot: 199.343
[Autotune] {"version": 2, "step": 490, "wall_seconds": 119.93469655886292, "seed_nodes": 1966150, "loss": 0.5774600505828857, "all_losses_finite": true, "optimizer_steps": 489, "skipped_optimizer_steps": 1, "loss_scale": 16384.0}
[Step=0500] Wall=122.8259s | Loss=0.6398
[Profile] Avg ms/step | Load: 100.008 (Prep: 18.838, Struc: 1.261, Fetch: 79.910) | Fwd: 53.388 | Bwd: 64.368 | Opt: 0.710 | GPU_Tot: 199.635
[Autotune] {"version": 2, "step": 500, "wall_seconds": 122.8259462879505, "seed_nodes": 2007110, "loss": 0.6397685527801513, "all_losses_finite": true, "optimizer_steps": 499, "skipped_optimizer_steps": 1, "loss_scale": 16384.0}
[Step=0510] Wall=124.8551s | Loss=0.6227
[Profile] Avg ms/step | Load: 99.631 (Prep: 18.438, Struc: 1.261, Fetch: 79.931) | Fwd: 53.401 | Bwd: 64.398 | Opt: 0.709 | GPU_Tot: 199.700
[Autotune] {"version": 2, "step": 510, "wall_seconds": 124.85506945196539, "seed_nodes": 2048070, "loss": 0.6226852893829345, "all_losses_finite": true, "optimizer_steps": 509, "skipped_optimizer_steps": 1, "loss_scale": 16384.0}
[Step=0520] Wall=126.8874s | Loss=0.6113
[Profile] Avg ms/step | Load: 99.267 (Prep: 18.055, Struc: 1.262, Fetch: 79.950) | Fwd: 53.413 | Bwd: 64.434 | Opt: 0.709 | GPU_Tot: 199.769
[Autotune] {"version": 2, "step": 520, "wall_seconds": 126.88738634786569, "seed_nodes": 2089030, "loss": 0.6112517356872559, "all_losses_finite": true, "optimizer_steps": 519, "skipped_optimizer_steps": 1, "loss_scale": 16384.0}
[Step=0530] Wall=128.9130s | Loss=0.5876
[Profile] Avg ms/step | Load: 98.918 (Prep: 17.688, Struc: 1.262, Fetch: 79.968) | Fwd: 53.423 | Bwd: 64.459 | Opt: 0.709 | GPU_Tot: 199.821
[Autotune] {"version": 2, "step": 530, "wall_seconds": 128.91295175487176, "seed_nodes": 2129990, "loss": 0.5875617980957031, "all_losses_finite": true, "optimizer_steps": 529, "skipped_optimizer_steps": 1, "loss_scale": 16384.0}
[Step=0540] Wall=131.7085s | Loss=0.7228
[Profile] Avg ms/step | Load: 100.353 (Prep: 19.159, Struc: 1.260, Fetch: 79.934) | Fwd: 53.328 | Bwd: 64.356 | Opt: 0.709 | GPU_Tot: 199.588
[Autotune] {"version": 2, "step": 540, "wall_seconds": 131.70854494487867, "seed_nodes": 2166861, "loss": 0.7227916240692138, "all_losses_finite": true, "optimizer_steps": 539, "skipped_optimizer_steps": 1, "loss_scale": 16384.0}
[Step=0550] Wall=133.7508s | Loss=0.8389
[Profile] Avg ms/step | Load: 100.027 (Prep: 18.784, Struc: 1.261, Fetch: 79.982) | Fwd: 53.338 | Bwd: 64.384 | Opt: 0.709 | GPU_Tot: 199.674
[Autotune] {"version": 2, "step": 550, "wall_seconds": 133.75075704790652, "seed_nodes": 2207821, "loss": 0.8388671875, "all_losses_finite": true, "optimizer_steps": 549, "skipped_optimizer_steps": 1, "loss_scale": 16384.0}
[Step=0560] Wall=135.7772s | Loss=0.7207
[Profile] Avg ms/step | Load: 99.684 (Prep: 18.424, Struc: 1.261, Fetch: 79.999) | Fwd: 53.349 | Bwd: 64.409 | Opt: 0.709 | GPU_Tot: 199.727
[Autotune] {"version": 2, "step": 560, "wall_seconds": 135.77720049396157, "seed_nodes": 2248781, "loss": 0.7207136631011963, "all_losses_finite": true, "optimizer_steps": 559, "skipped_optimizer_steps": 1, "loss_scale": 16384.0}
[Step=0570] Wall=137.8083s | Loss=0.6655
[Profile] Avg ms/step | Load: 99.351 (Prep: 18.078, Struc: 1.261, Fetch: 80.012) | Fwd: 53.360 | Bwd: 64.443 | Opt: 0.709 | GPU_Tot: 199.786
[Autotune] {"version": 2, "step": 570, "wall_seconds": 137.8083226608578, "seed_nodes": 2289741, "loss": 0.6654640674591065, "all_losses_finite": true, "optimizer_steps": 569, "skipped_optimizer_steps": 1, "loss_scale": 16384.0}
[Step=0580] Wall=139.8353s | Loss=0.6315
[Profile] Avg ms/step | Load: 99.030 (Prep: 17.744, Struc: 1.262, Fetch: 80.025) | Fwd: 53.373 | Bwd: 64.468 | Opt: 0.709 | GPU_Tot: 199.836
[Autotune] {"version": 2, "step": 580, "wall_seconds": 139.83533626887947, "seed_nodes": 2330701, "loss": 0.6315135002136231, "all_losses_finite": true, "optimizer_steps": 579, "skipped_optimizer_steps": 1, "loss_scale": 16384.0}
[Step=0590] Wall=142.6477s | Loss=0.6333
[Profile] Avg ms/step | Load: 100.357 (Prep: 19.161, Struc: 1.260, Fetch: 79.935) | Fwd: 53.289 | Bwd: 64.379 | Opt: 0.709 | GPU_Tot: 199.573
[Autotune] {"version": 2, "step": 590, "wall_seconds": 142.6476532558445, "seed_nodes": 2367572, "loss": 0.6333420753479004, "all_losses_finite": true, "optimizer_steps": 589, "skipped_optimizer_steps": 1, "loss_scale": 16384.0}
[Step=0600] Wall=144.6872s | Loss=0.6801
[Profile] Avg ms/step | Load: 100.047 (Prep: 18.820, Struc: 1.261, Fetch: 79.967) | Fwd: 53.301 | Bwd: 64.410 | Opt: 0.709 | GPU_Tot: 199.647
[Autotune] {"version": 2, "step": 600, "wall_seconds": 144.68717513792217, "seed_nodes": 2408532, "loss": 0.6801116943359375, "all_losses_finite": true, "optimizer_steps": 599, "skipped_optimizer_steps": 1, "loss_scale": 16384.0}
[Step=0610] Wall=146.7108s | Loss=0.6370
[Profile] Avg ms/step | Load: 99.728 (Prep: 18.490, Struc: 1.261, Fetch: 79.977) | Fwd: 53.311 | Bwd: 64.433 | Opt: 0.708 | GPU_Tot: 199.691
[Autotune] {"version": 2, "step": 610, "wall_seconds": 146.71075792284682, "seed_nodes": 2449492, "loss": 0.6370481491088867, "all_losses_finite": true, "optimizer_steps": 609, "skipped_optimizer_steps": 1, "loss_scale": 16384.0}
[Step=0620] Wall=148.7493s | Loss=0.6345
[Profile] Avg ms/step | Load: 99.434 (Prep: 18.173, Struc: 1.261, Fetch: 80.000) | Fwd: 53.325 | Bwd: 64.464 | Opt: 0.708 | GPU_Tot: 199.758
[Autotune] {"version": 2, "step": 620, "wall_seconds": 148.74932522000745, "seed_nodes": 2490452, "loss": 0.6344684600830078, "all_losses_finite": true, "optimizer_steps": 619, "skipped_optimizer_steps": 1, "loss_scale": 16384.0}
[Step=0630] Wall=150.7756s | Loss=0.5992
[Profile] Avg ms/step | Load: 99.141 (Prep: 17.865, Struc: 1.262, Fetch: 80.014) | Fwd: 53.334 | Bwd: 64.485 | Opt: 0.708 | GPU_Tot: 199.803
[Autotune] {"version": 2, "step": 630, "wall_seconds": 150.77563942293637, "seed_nodes": 2531412, "loss": 0.5992006778717041, "all_losses_finite": true, "optimizer_steps": 629, "skipped_optimizer_steps": 1, "loss_scale": 16384.0}
[Step=0640] Wall=153.6436s | Loss=0.7396
[Profile] Avg ms/step | Load: 100.448 (Prep: 19.252, Struc: 1.260, Fetch: 79.936) | Fwd: 53.257 | Bwd: 64.404 | Opt: 0.708 | GPU_Tot: 199.565
[Autotune] {"version": 2, "step": 640, "wall_seconds": 153.64356917585246, "seed_nodes": 2568283, "loss": 0.7396101951599121, "all_losses_finite": true, "optimizer_steps": 639, "skipped_optimizer_steps": 1, "loss_scale": 16384.0}
[Step=0650] Wall=155.6754s | Loss=0.7905
[Profile] Avg ms/step | Load: 100.153 (Prep: 18.938, Struc: 1.261, Fetch: 79.955) | Fwd: 53.269 | Bwd: 64.428 | Opt: 0.708 | GPU_Tot: 199.621
[Autotune] {"version": 2, "step": 650, "wall_seconds": 155.6754151189234, "seed_nodes": 2609243, "loss": 0.7905281066894532, "all_losses_finite": true, "optimizer_steps": 649, "skipped_optimizer_steps": 1, "loss_scale": 16384.0}
[Step=0660] Wall=157.7140s | Loss=0.7007
[Profile] Avg ms/step | Load: 99.869 (Prep: 18.633, Struc: 1.261, Fetch: 79.975) | Fwd: 53.283 | Bwd: 64.459 | Opt: 0.708 | GPU_Tot: 199.686
[Autotune] {"version": 2, "step": 660, "wall_seconds": 157.71398069895804, "seed_nodes": 2650203, "loss": 0.7007372856140137, "all_losses_finite": true, "optimizer_steps": 659, "skipped_optimizer_steps": 1, "loss_scale": 16384.0}
[Step=0670] Wall=159.7432s | Loss=0.6471
[Profile] Avg ms/step | Load: 99.589 (Prep: 18.338, Struc: 1.261, Fetch: 79.990) | Fwd: 53.293 | Bwd: 64.481 | Opt: 0.708 | GPU_Tot: 199.733
[Autotune] {"version": 2, "step": 670, "wall_seconds": 159.74316735984758, "seed_nodes": 2691163, "loss": 0.647089147567749, "all_losses_finite": true, "optimizer_steps": 669, "skipped_optimizer_steps": 1, "loss_scale": 16384.0}
[Step=0680] Wall=161.7754s | Loss=0.6198
[Profile] Avg ms/step | Load: 99.322 (Prep: 18.052, Struc: 1.261, Fetch: 80.008) | Fwd: 53.304 | Bwd: 64.503 | Opt: 0.708 | GPU_Tot: 199.784
[Autotune] {"version": 2, "step": 680, "wall_seconds": 161.77539667091332, "seed_nodes": 2732123, "loss": 0.6197989463806153, "all_losses_finite": true, "optimizer_steps": 679, "skipped_optimizer_steps": 1, "loss_scale": 16384.0}
[Step=0690] Wall=164.6366s | Loss=0.6160
[Profile] Avg ms/step | Load: 100.514 (Prep: 19.307, Struc: 1.260, Fetch: 79.947) | Fwd: 53.234 | Bwd: 64.428 | Opt: 0.708 | GPU_Tot: 199.578
[Autotune] {"version": 2, "step": 690, "wall_seconds": 164.63658506586216, "seed_nodes": 2768994, "loss": 0.6160096645355224, "all_losses_finite": true, "optimizer_steps": 689, "skipped_optimizer_steps": 1, "loss_scale": 16384.0}
[Step=0700] Wall=166.6881s | Loss=0.6205
[Profile] Avg ms/step | Load: 100.264 (Prep: 19.015, Struc: 1.260, Fetch: 79.989) | Fwd: 53.246 | Bwd: 64.456 | Opt: 0.708 | GPU_Tot: 199.659
[Autotune] {"version": 2, "step": 700, "wall_seconds": 166.6880771520082, "seed_nodes": 2809954, "loss": 0.6204843997955323, "all_losses_finite": true, "optimizer_steps": 699, "skipped_optimizer_steps": 1, "loss_scale": 16384.0}
[Step=0710] Wall=168.7159s | Loss=0.6182
[Profile] Avg ms/step | Load: 99.992 (Prep: 18.732, Struc: 1.261, Fetch: 80.000) | Fwd: 53.256 | Bwd: 64.478 | Opt: 0.708 | GPU_Tot: 199.702
[Autotune] {"version": 2, "step": 710, "wall_seconds": 168.71587703796104, "seed_nodes": 2850914, "loss": 0.6181728839874268, "all_losses_finite": true, "optimizer_steps": 709, "skipped_optimizer_steps": 1, "loss_scale": 16384.0}
[Step=0720] Wall=170.7392s | Loss=0.5995
[Profile] Avg ms/step | Load: 99.721 (Prep: 18.457, Struc: 1.261, Fetch: 80.003) | Fwd: 53.267 | Bwd: 64.500 | Opt: 0.707 | GPU_Tot: 199.737
[Autotune] {"version": 2, "step": 720, "wall_seconds": 170.73922112886794, "seed_nodes": 2891874, "loss": 0.5994724273681641, "all_losses_finite": true, "optimizer_steps": 719, "skipped_optimizer_steps": 1, "loss_scale": 16384.0}
[Step=0730] Wall=172.7632s | Loss=0.5877
[Profile] Avg ms/step | Load: 99.457 (Prep: 18.190, Struc: 1.261, Fetch: 80.005) | Fwd: 53.277 | Bwd: 64.521 | Opt: 0.707 | GPU_Tot: 199.773
[Autotune] {"version": 2, "step": 730, "wall_seconds": 172.7631920010317, "seed_nodes": 2932834, "loss": 0.5877399444580078, "all_losses_finite": true, "optimizer_steps": 729, "skipped_optimizer_steps": 1, "loss_scale": 16384.0}
[Step=0740] Wall=175.5931s | Loss=0.7968
[Profile] Avg ms/step | Load: 100.519 (Prep: 19.316, Struc: 1.260, Fetch: 79.943) | Fwd: 53.212 | Bwd: 64.450 | Opt: 0.708 | GPU_Tot: 199.573
[Autotune] {"version": 2, "step": 740, "wall_seconds": 175.59313586191274, "seed_nodes": 2969705, "loss": 0.796837043762207, "all_losses_finite": true, "optimizer_steps": 739, "skipped_optimizer_steps": 1, "loss_scale": 16384.0}
[Step=0750] Wall=177.6281s | Loss=0.7951
[Profile] Avg ms/step | Load: 100.260 (Prep: 19.045, Struc: 1.260, Fetch: 79.955) | Fwd: 53.225 | Bwd: 64.476 | Opt: 0.708 | GPU_Tot: 199.625
[Autotune] {"version": 2, "step": 750, "wall_seconds": 177.62809290294535, "seed_nodes": 3010665, "loss": 0.7951156616210937, "all_losses_finite": true, "optimizer_steps": 749, "skipped_optimizer_steps": 1, "loss_scale": 16384.0}
[Step=0760] Wall=179.6526s | Loss=0.6997
[Profile] Avg ms/step | Load: 100.005 (Prep: 18.781, Struc: 1.260, Fetch: 79.963) | Fwd: 53.235 | Bwd: 64.494 | Opt: 0.708 | GPU_Tot: 199.661
[Autotune] {"version": 2, "step": 760, "wall_seconds": 179.65260321786627, "seed_nodes": 3051625, "loss": 0.6996536254882812, "all_losses_finite": true, "optimizer_steps": 759, "skipped_optimizer_steps": 1, "loss_scale": 16384.0}
[Step=0770] Wall=181.6833s | Loss=0.6845
[Profile] Avg ms/step | Load: 99.759 (Prep: 18.524, Struc: 1.261, Fetch: 79.974) | Fwd: 53.246 | Bwd: 64.516 | Opt: 0.708 | GPU_Tot: 199.705
[Autotune] {"version": 2, "step": 770, "wall_seconds": 181.68334609200247, "seed_nodes": 3092585, "loss": 0.6845417022705078, "all_losses_finite": true, "optimizer_steps": 769, "skipped_optimizer_steps": 1, "loss_scale": 16384.0}
[Step=0780] Wall=183.7197s | Loss=0.6417
[Profile] Avg ms/step | Load: 99.526 (Prep: 18.275, Struc: 1.261, Fetch: 79.990) | Fwd: 53.257 | Bwd: 64.539 | Opt: 0.708 | GPU_Tot: 199.755
[Autotune] {"version": 2, "step": 780, "wall_seconds": 183.71965502691455, "seed_nodes": 3133545, "loss": 0.6416785240173339, "all_losses_finite": true, "optimizer_steps": 779, "skipped_optimizer_steps": 1, "loss_scale": 16384.0}
[Step=0790] Wall=186.4054s | Loss=0.6438
[Profile] Avg ms/step | Load: 100.313 (Prep: 19.045, Struc: 1.260, Fetch: 80.009) | Fwd: 53.199 | Bwd: 64.481 | Opt: 0.708 | GPU_Tot: 199.656
[Autotune] {"version": 2, "step": 790, "wall_seconds": 186.40535459807143, "seed_nodes": 3170416, "loss": 0.6438286781311036, "all_losses_finite": true, "optimizer_steps": 789, "skipped_optimizer_steps": 1, "loss_scale": 16384.0}
[Step=0800] Wall=188.4286s | Loss=0.6524
[Profile] Avg ms/step | Load: 100.063 (Prep: 18.795, Struc: 1.260, Fetch: 80.008) | Fwd: 53.210 | Bwd: 64.502 | Opt: 0.708 | GPU_Tot: 199.689
[Autotune] {"version": 2, "step": 800, "wall_seconds": 188.42864880897105, "seed_nodes": 3211376, "loss": 0.6523603916168212, "all_losses_finite": true, "optimizer_steps": 799, "skipped_optimizer_steps": 1, "loss_scale": 16384.0}
[Step=0810] Wall=190.4496s | Loss=0.6344
[Profile] Avg ms/step | Load: 99.820 (Prep: 18.551, Struc: 1.260, Fetch: 80.008) | Fwd: 53.220 | Bwd: 64.520 | Opt: 0.708 | GPU_Tot: 199.717
[Autotune] {"version": 2, "step": 810, "wall_seconds": 190.4495790998917, "seed_nodes": 3252336, "loss": 0.634388017654419, "all_losses_finite": true, "optimizer_steps": 809, "skipped_optimizer_steps": 1, "loss_scale": 16384.0}
[Step=0820] Wall=192.4705s | Loss=0.6065
[Profile] Avg ms/step | Load: 99.582 (Prep: 18.314, Struc: 1.261, Fetch: 80.008) | Fwd: 53.230 | Bwd: 64.539 | Opt: 0.708 | GPU_Tot: 199.744
[Autotune] {"version": 2, "step": 820, "wall_seconds": 192.4704807989765, "seed_nodes": 3293296, "loss": 0.6065300941467285, "all_losses_finite": true, "optimizer_steps": 819, "skipped_optimizer_steps": 1, "loss_scale": 16384.0}
[Step=0830] Wall=194.4937s | Loss=0.5889
[Profile] Avg ms/step | Load: 99.351 (Prep: 18.083, Struc: 1.261, Fetch: 80.008) | Fwd: 53.240 | Bwd: 64.558 | Opt: 0.708 | GPU_Tot: 199.774
[Autotune] {"version": 2, "step": 830, "wall_seconds": 194.49365594494157, "seed_nodes": 3334256, "loss": 0.5888676643371582, "all_losses_finite": true, "optimizer_steps": 829, "skipped_optimizer_steps": 1, "loss_scale": 16384.0}
[Step=0840] Wall=197.3304s | Loss=0.6032
[Profile] Avg ms/step | Load: 100.289 (Prep: 18.974, Struc: 1.260, Fetch: 80.056) | Fwd: 53.184 | Bwd: 64.497 | Opt: 0.708 | GPU_Tot: 199.704
[Autotune] {"version": 2, "step": 840, "wall_seconds": 197.33043445600197, "seed_nodes": 3371127, "loss": 0.6032272815704346, "all_losses_finite": true, "optimizer_steps": 839, "skipped_optimizer_steps": 1, "loss_scale": 16384.0}
[Step=0850] Wall=199.3670s | Loss=0.6366
[Profile] Avg ms/step | Load: 100.071 (Prep: 18.740, Struc: 1.260, Fetch: 80.071) | Fwd: 53.194 | Bwd: 64.517 | Opt: 0.708 | GPU_Tot: 199.750
[Autotune] {"version": 2, "step": 850, "wall_seconds": 199.36700184689835, "seed_nodes": 3412087, "loss": 0.6365579605102539, "all_losses_finite": true, "optimizer_steps": 849, "skipped_optimizer_steps": 1, "loss_scale": 16384.0}
[Step=0860] Wall=201.4093s | Loss=0.5971
[Profile] Avg ms/step | Load: 99.860 (Prep: 18.512, Struc: 1.260, Fetch: 80.087) | Fwd: 53.206 | Bwd: 64.541 | Opt: 0.708 | GPU_Tot: 199.801
[Autotune] {"version": 2, "step": 860, "wall_seconds": 201.4092916790396, "seed_nodes": 3453047, "loss": 0.5970666885375977, "all_losses_finite": true, "optimizer_steps": 859, "skipped_optimizer_steps": 1, "loss_scale": 16384.0}
[Step=0870] Wall=203.4417s | Loss=0.5960
[Profile] Avg ms/step | Load: 99.650 (Prep: 18.290, Struc: 1.261, Fetch: 80.100) | Fwd: 53.215 | Bwd: 64.557 | Opt: 0.708 | GPU_Tot: 199.840
[Autotune] {"version": 2, "step": 870, "wall_seconds": 203.44169850484468, "seed_nodes": 3494007, "loss": 0.595970630645752, "all_losses_finite": true, "optimizer_steps": 869, "skipped_optimizer_steps": 1, "loss_scale": 16384.0}
[Step=0880] Wall=205.4873s | Loss=0.5724
[Profile] Avg ms/step | Load: 99.452 (Prep: 18.073, Struc: 1.261, Fetch: 80.119) | Fwd: 53.226 | Bwd: 64.580 | Opt: 0.708 | GPU_Tot: 199.894
[Autotune] {"version": 2, "step": 880, "wall_seconds": 205.48733841907233, "seed_nodes": 3534967, "loss": 0.5724316596984863, "all_losses_finite": true, "optimizer_steps": 879, "skipped_optimizer_steps": 1, "loss_scale": 16384.0}
[Step=0890] Wall=208.3123s | Loss=0.6305
[Profile] Avg ms/step | Load: 100.318 (Prep: 18.998, Struc: 1.260, Fetch: 80.060) | Fwd: 53.174 | Bwd: 64.524 | Opt: 0.708 | GPU_Tot: 199.725
[Autotune] {"version": 2, "step": 890, "wall_seconds": 208.31226564990357, "seed_nodes": 3571838, "loss": 0.6305299758911133, "all_losses_finite": true, "optimizer_steps": 889, "skipped_optimizer_steps": 1, "loss_scale": 16384.0}
[Step=0900] Wall=210.3375s | Loss=0.6347
[Profile] Avg ms/step | Load: 100.100 (Prep: 18.778, Struc: 1.260, Fetch: 80.063) | Fwd: 53.184 | Bwd: 64.540 | Opt: 0.708 | GPU_Tot: 199.755
[Autotune] {"version": 2, "step": 900, "wall_seconds": 210.3375378290657, "seed_nodes": 3612798, "loss": 0.6346948623657227, "all_losses_finite": true, "optimizer_steps": 899, "skipped_optimizer_steps": 1, "loss_scale": 16384.0}
[Step=0910] Wall=212.3637s | Loss=0.6003
[Profile] Avg ms/step | Load: 99.888 (Prep: 18.562, Struc: 1.260, Fetch: 80.065) | Fwd: 53.194 | Bwd: 64.559 | Opt: 0.708 | GPU_Tot: 199.785
[Autotune] {"version": 2, "step": 910, "wall_seconds": 212.36365064699203, "seed_nodes": 3653758, "loss": 0.6003162860870361, "all_losses_finite": true, "optimizer_steps": 909, "skipped_optimizer_steps": 1, "loss_scale": 16384.0}
[Step=0920] Wall=214.3900s | Loss=0.5899
[Profile] Avg ms/step | Load: 99.679 (Prep: 18.352, Struc: 1.261, Fetch: 80.066) | Fwd: 53.203 | Bwd: 64.578 | Opt: 0.708 | GPU_Tot: 199.815
[Autotune] {"version": 2, "step": 920, "wall_seconds": 214.39001807686873, "seed_nodes": 3694718, "loss": 0.5898847579956055, "all_losses_finite": true, "optimizer_steps": 919, "skipped_optimizer_steps": 1, "loss_scale": 16384.0}
[Step=0930] Wall=216.4130s | Loss=0.5750
[Profile] Avg ms/step | Load: 99.474 (Prep: 18.146, Struc: 1.261, Fetch: 80.067) | Fwd: 53.212 | Bwd: 64.594 | Opt: 0.708 | GPU_Tot: 199.841
[Autotune] {"version": 2, "step": 930, "wall_seconds": 216.41298574092798, "seed_nodes": 3735678, "loss": 0.5749870777130127, "all_losses_finite": true, "optimizer_steps": 929, "skipped_optimizer_steps": 1, "loss_scale": 16384.0}
[Step=0940] Wall=219.0951s | Loss=0.7373
[Profile] Avg ms/step | Load: 100.136 (Prep: 18.800, Struc: 1.260, Fetch: 80.076) | Fwd: 53.161 | Bwd: 64.538 | Opt: 0.708 | GPU_Tot: 199.743
[Autotune] {"version": 2, "step": 940, "wall_seconds": 219.09507702104747, "seed_nodes": 3772549, "loss": 0.7373154163360596, "all_losses_finite": true, "optimizer_steps": 939, "skipped_optimizer_steps": 1, "loss_scale": 16384.0}
[Step=0950] Wall=221.1259s | Loss=0.6952
[Profile] Avg ms/step | Load: 99.935 (Prep: 18.594, Struc: 1.260, Fetch: 80.081) | Fwd: 53.171 | Bwd: 64.557 | Opt: 0.708 | GPU_Tot: 199.777
[Autotune] {"version": 2, "step": 950, "wall_seconds": 221.1259326529689, "seed_nodes": 3813509, "loss": 0.6951519966125488, "all_losses_finite": true, "optimizer_steps": 949, "skipped_optimizer_steps": 1, "loss_scale": 16384.0}
[Step=0960] Wall=223.1522s | Loss=0.6354
[Profile] Avg ms/step | Load: 99.739 (Prep: 18.392, Struc: 1.260, Fetch: 80.086) | Fwd: 53.180 | Bwd: 64.572 | Opt: 0.708 | GPU_Tot: 199.806
[Autotune] {"version": 2, "step": 960, "wall_seconds": 223.152201019926, "seed_nodes": 3854469, "loss": 0.6354079246520996, "all_losses_finite": true, "optimizer_steps": 959, "skipped_optimizer_steps": 1, "loss_scale": 16384.0}
[Step=0970] Wall=225.2119s | Loss=0.6110
[Profile] Avg ms/step | Load: 99.577 (Prep: 18.195, Struc: 1.260, Fetch: 80.122) | Fwd: 53.190 | Bwd: 64.590 | Opt: 0.707 | GPU_Tot: 199.870
[Autotune] {"version": 2, "step": 970, "wall_seconds": 225.21190580097027, "seed_nodes": 3895429, "loss": 0.6110003471374512, "all_losses_finite": true, "optimizer_steps": 969, "skipped_optimizer_steps": 1, "loss_scale": 16384.0}
[Step=0980] Wall=227.0488s | Loss=0.6242
[Profile] Avg ms/step | Load: 99.309 (Prep: 18.002, Struc: 1.259, Fetch: 80.047) | Fwd: 53.143 | Bwd: 64.538 | Opt: 0.708 | GPU_Tot: 199.695
[Autotune] {"version": 2, "step": 980, "wall_seconds": 227.04884101985954, "seed_nodes": 3932300, "loss": 0.624160623550415, "all_losses_finite": true, "optimizer_steps": 979, "skipped_optimizer_steps": 1, "loss_scale": 16384.0}
[Step=0990] Wall=229.9552s | Loss=0.7322
[Profile] Avg ms/step | Load: 100.048 (Prep: 18.642, Struc: 1.260, Fetch: 80.147) | Fwd: 53.152 | Bwd: 64.554 | Opt: 0.708 | GPU_Tot: 199.821
[Autotune] {"version": 2, "step": 990, "wall_seconds": 229.95515977707691, "seed_nodes": 3973260, "loss": 0.7321966171264649, "all_losses_finite": true, "optimizer_steps": 989, "skipped_optimizer_steps": 1, "loss_scale": 16384.0}
[Step=1000] Wall=232.0029s | Loss=0.6728
[Profile] Avg ms/step | Load: 99.874 (Prep: 18.448, Struc: 1.260, Fetch: 80.166) | Fwd: 53.162 | Bwd: 64.574 | Opt: 0.708 | GPU_Tot: 199.870
[Autotune] {"version": 2, "step": 1000, "wall_seconds": 232.00291702896357, "seed_nodes": 4014220, "loss": 0.6727749824523925, "all_losses_finite": true, "optimizer_steps": 999, "skipped_optimizer_steps": 1, "loss_scale": 16384.0}
[Step=1010] Wall=234.0398s | Loss=0.6339
[Profile] Avg ms/step | Load: 99.698 (Prep: 18.259, Struc: 1.260, Fetch: 80.179) | Fwd: 53.171 | Bwd: 64.589 | Opt: 0.708 | GPU_Tot: 199.907
[Autotune] {"version": 2, "step": 1010, "wall_seconds": 234.0397921600379, "seed_nodes": 4055180, "loss": 0.6338691711425781, "all_losses_finite": true, "optimizer_steps": 1009, "skipped_optimizer_steps": 1, "loss_scale": 16384.0}
[Step=1020] Wall=236.0579s | Loss=0.6126
[Profile] Avg ms/step | Load: 99.512 (Prep: 18.073, Struc: 1.260, Fetch: 80.179) | Fwd: 53.177 | Bwd: 64.600 | Opt: 0.708 | GPU_Tot: 199.924
[Autotune] {"version": 2, "step": 1020, "wall_seconds": 236.05791001906618, "seed_nodes": 4096140, "loss": 0.6126256465911866, "all_losses_finite": true, "optimizer_steps": 1019, "skipped_optimizer_steps": 1, "loss_scale": 16384.0}
[Step=1030] Wall=238.8955s | Loss=0.5984
[Profile] Avg ms/step | Load: 100.265 (Prep: 18.899, Struc: 1.259, Fetch: 80.107) | Fwd: 53.134 | Bwd: 64.553 | Opt: 0.708 | GPU_Tot: 199.761
[Autotune] {"version": 2, "step": 1030, "wall_seconds": 238.8955358150415, "seed_nodes": 4133011, "loss": 0.5983898162841796, "all_losses_finite": true, "optimizer_steps": 1029, "skipped_optimizer_steps": 1, "loss_scale": 16384.0}
[Step=1040] Wall=240.9444s | Loss=0.7690
[Profile] Avg ms/step | Load: 100.097 (Prep: 18.710, Struc: 1.260, Fetch: 80.127) | Fwd: 53.144 | Bwd: 64.572 | Opt: 0.708 | GPU_Tot: 199.810
[Autotune] {"version": 2, "step": 1040, "wall_seconds": 240.9444348718971, "seed_nodes": 4173971, "loss": 0.7689975738525391, "all_losses_finite": true, "optimizer_steps": 1039, "skipped_optimizer_steps": 1, "loss_scale": 16384.0}
[Step=1050] Wall=242.9731s | Loss=0.6675
[Profile] Avg ms/step | Load: 99.916 (Prep: 18.525, Struc: 1.260, Fetch: 80.131) | Fwd: 53.153 | Bwd: 64.586 | Opt: 0.708 | GPU_Tot: 199.838
[Autotune] {"version": 2, "step": 1050, "wall_seconds": 242.9730583629571, "seed_nodes": 4214931, "loss": 0.6675268650054932, "all_losses_finite": true, "optimizer_steps": 1049, "skipped_optimizer_steps": 1, "loss_scale": 16384.0}
[Step=1060] Wall=245.0080s | Loss=0.6271
[Profile] Avg ms/step | Load: 99.743 (Prep: 18.344, Struc: 1.260, Fetch: 80.139) | Fwd: 53.161 | Bwd: 64.604 | Opt: 0.708 | GPU_Tot: 199.872
[Autotune] {"version": 2, "step": 1060, "wall_seconds": 245.00796578684822, "seed_nodes": 4255891, "loss": 0.6271496295928956, "all_losses_finite": true, "optimizer_steps": 1059, "skipped_optimizer_steps": 1, "loss_scale": 16384.0}
[Step=1070] Wall=247.0361s | Loss=0.6014
[Profile] Avg ms/step | Load: 99.571 (Prep: 18.167, Struc: 1.260, Fetch: 80.144) | Fwd: 53.169 | Bwd: 64.617 | Opt: 0.708 | GPU_Tot: 199.898
[Autotune] {"version": 2, "step": 1070, "wall_seconds": 247.0360535120126, "seed_nodes": 4296851, "loss": 0.6014428615570069, "all_losses_finite": true, "optimizer_steps": 1069, "skipped_optimizer_steps": 1, "loss_scale": 16384.0}
[Step=1080] Wall=249.8751s | Loss=0.5628
[Profile] Avg ms/step | Load: 100.289 (Prep: 18.949, Struc: 1.259, Fetch: 80.081) | Fwd: 53.128 | Bwd: 64.571 | Opt: 0.708 | GPU_Tot: 199.747
[Autotune] {"version": 2, "step": 1080, "wall_seconds": 249.87510433001444, "seed_nodes": 4333722, "loss": 0.5627500057220459, "all_losses_finite": true, "optimizer_steps": 1079, "skipped_optimizer_steps": 1, "loss_scale": 16384.0}
[Step=1090] Wall=251.9131s | Loss=0.6226
[Profile] Avg ms/step | Load: 100.122 (Prep: 18.769, Struc: 1.260, Fetch: 80.093) | Fwd: 53.137 | Bwd: 64.586 | Opt: 0.708 | GPU_Tot: 199.783
[Autotune] {"version": 2, "step": 1090, "wall_seconds": 251.9130695029162, "seed_nodes": 4374682, "loss": 0.6225530624389648, "all_losses_finite": true, "optimizer_steps": 1089, "skipped_optimizer_steps": 1, "loss_scale": 16384.0}
[Step=1100] Wall=253.9376s | Loss=0.5934
[Profile] Avg ms/step | Load: 99.947 (Prep: 18.593, Struc: 1.260, Fetch: 80.094) | Fwd: 53.145 | Bwd: 64.599 | Opt: 0.708 | GPU_Tot: 199.806
[Autotune] {"version": 2, "step": 1100, "wall_seconds": 253.93760107597336, "seed_nodes": 4415642, "loss": 0.5933742523193359, "all_losses_finite": true, "optimizer_steps": 1099, "skipped_optimizer_steps": 1, "loss_scale": 16384.0}
[Step=1110] Wall=255.9666s | Loss=0.5782
[Profile] Avg ms/step | Load: 99.775 (Prep: 18.419, Struc: 1.260, Fetch: 80.095) | Fwd: 53.154 | Bwd: 64.616 | Opt: 0.708 | GPU_Tot: 199.833
[Autotune] {"version": 2, "step": 1110, "wall_seconds": 255.96657027793117, "seed_nodes": 4456602, "loss": 0.578173303604126, "all_losses_finite": true, "optimizer_steps": 1109, "skipped_optimizer_steps": 1, "loss_scale": 16384.0}
[Step=1120] Wall=257.9932s | Loss=0.5836
[Profile] Avg ms/step | Load: 99.606 (Prep: 18.249, Struc: 1.260, Fetch: 80.097) | Fwd: 53.163 | Bwd: 64.630 | Opt: 0.708 | GPU_Tot: 199.857
[Autotune] {"version": 2, "step": 1120, "wall_seconds": 257.9932441909332, "seed_nodes": 4497562, "loss": 0.5835618019104004, "all_losses_finite": true, "optimizer_steps": 1119, "skipped_optimizer_steps": 1, "loss_scale": 16384.0}
[Step=1130] Wall=260.8099s | Loss=0.5981
[Profile] Avg ms/step | Load: 100.270 (Prep: 18.910, Struc: 1.259, Fetch: 80.100) | Fwd: 53.124 | Bwd: 64.587 | Opt: 0.707 | GPU_Tot: 199.778
[Autotune] {"version": 2, "step": 1130, "wall_seconds": 260.8099425858818, "seed_nodes": 4534433, "loss": 0.5981035709381104, "all_losses_finite": true, "optimizer_steps": 1129, "skipped_optimizer_steps": 1, "loss_scale": 16384.0}
[Step=1140] Wall=262.8391s | Loss=0.7420
[Profile] Avg ms/step | Load: 100.105 (Prep: 18.739, Struc: 1.259, Fetch: 80.106) | Fwd: 53.132 | Bwd: 64.599 | Opt: 0.707 | GPU_Tot: 199.804
[Autotune] {"version": 2, "step": 1140, "wall_seconds": 262.83914288086817, "seed_nodes": 4575393, "loss": 0.74199538230896, "all_losses_finite": true, "optimizer_steps": 1139, "skipped_optimizer_steps": 1, "loss_scale": 16384.0}
[Step=1150] Wall=264.8733s | Loss=0.6550
[Profile] Avg ms/step | Load: 99.945 (Prep: 18.570, Struc: 1.260, Fetch: 80.115) | Fwd: 53.140 | Bwd: 64.613 | Opt: 0.707 | GPU_Tot: 199.835
[Autotune] {"version": 2, "step": 1150, "wall_seconds": 264.87325800885446, "seed_nodes": 4616353, "loss": 0.6550192832946777, "all_losses_finite": true, "optimizer_steps": 1149, "skipped_optimizer_steps": 1, "loss_scale": 16384.0}
[Step=1160] Wall=266.9271s | Loss=0.6315
[Profile] Avg ms/step | Load: 99.799 (Prep: 18.405, Struc: 1.260, Fetch: 80.134) | Fwd: 53.150 | Bwd: 64.631 | Opt: 0.707 | GPU_Tot: 199.882
[Autotune] {"version": 2, "step": 1160, "wall_seconds": 266.9271406920161, "seed_nodes": 4657313, "loss": 0.6314711093902587, "all_losses_finite": true, "optimizer_steps": 1159, "skipped_optimizer_steps": 1, "loss_scale": 16384.0}
[Step=1170] Wall=268.9522s | Loss=0.6003
[Profile] Avg ms/step | Load: 99.638 (Prep: 18.243, Struc: 1.260, Fetch: 80.135) | Fwd: 53.158 | Bwd: 64.643 | Opt: 0.707 | GPU_Tot: 199.903
[Autotune] {"version": 2, "step": 1170, "wall_seconds": 268.9521599658765, "seed_nodes": 4698273, "loss": 0.6003353595733643, "all_losses_finite": true, "optimizer_steps": 1169, "skipped_optimizer_steps": 1, "loss_scale": 16384.0}
[Step=1180] Wall=271.7115s | Loss=0.5886
[Profile] Avg ms/step | Load: 100.224 (Prep: 18.827, Struc: 1.259, Fetch: 80.138) | Fwd: 53.120 | Bwd: 64.600 | Opt: 0.707 | GPU_Tot: 199.825
[Autotune] {"version": 2, "step": 1180, "wall_seconds": 271.7115312588867, "seed_nodes": 4735144, "loss": 0.5885940551757812, "all_losses_finite": true, "optimizer_steps": 1179, "skipped_optimizer_steps": 1, "loss_scale": 16384.0}
[Step=1190] Wall=273.7347s | Loss=0.6788
[Profile] Avg ms/step | Load: 100.061 (Prep: 18.663, Struc: 1.260, Fetch: 80.137) | Fwd: 53.128 | Bwd: 64.612 | Opt: 0.707 | GPU_Tot: 199.844
[Autotune] {"version": 2, "step": 1190, "wall_seconds": 273.7346894359216, "seed_nodes": 4776104, "loss": 0.6788247108459473, "all_losses_finite": true, "optimizer_steps": 1189, "skipped_optimizer_steps": 1, "loss_scale": 16384.0}
[Step=1200] Wall=275.7546s | Loss=0.6287
[Profile] Avg ms/step | Load: 99.898 (Prep: 18.503, Struc: 1.260, Fetch: 80.135) | Fwd: 53.135 | Bwd: 64.624 | Opt: 0.707 | GPU_Tot: 199.861
[Autotune] {"version": 2, "step": 1200, "wall_seconds": 275.7546082579065, "seed_nodes": 4817064, "loss": 0.6286996841430664, "all_losses_finite": true, "optimizer_steps": 1199, "skipped_optimizer_steps": 1, "loss_scale": 16384.0}
[Step=1210] Wall=277.7762s | Loss=0.5836
[Profile] Avg ms/step | Load: 99.739 (Prep: 18.345, Struc: 1.260, Fetch: 80.134) | Fwd: 53.143 | Bwd: 64.635 | Opt: 0.707 | GPU_Tot: 199.879
[Autotune] {"version": 2, "step": 1210, "wall_seconds": 277.77619256288745, "seed_nodes": 4858024, "loss": 0.5836302280426026, "all_losses_finite": true, "optimizer_steps": 1209, "skipped_optimizer_steps": 1, "loss_scale": 16384.0}
[Step=1220] Wall=279.8210s | Loss=0.5818
[Profile] Avg ms/step | Load: 99.595 (Prep: 18.190, Struc: 1.260, Fetch: 80.145) | Fwd: 53.152 | Bwd: 64.652 | Opt: 0.707 | GPU_Tot: 199.916
[Autotune] {"version": 2, "step": 1220, "wall_seconds": 279.82103343401104, "seed_nodes": 4898984, "loss": 0.5817963123321533, "all_losses_finite": true, "optimizer_steps": 1219, "skipped_optimizer_steps": 1, "loss_scale": 16384.0}
[Step=1230] Wall=282.6497s | Loss=0.6484
[Profile] Avg ms/step | Load: 100.213 (Prep: 18.786, Struc: 1.259, Fetch: 80.168) | Fwd: 53.116 | Bwd: 64.613 | Opt: 0.707 | GPU_Tot: 199.863
[Autotune] {"version": 2, "step": 1230, "wall_seconds": 282.64972832007334, "seed_nodes": 4935855, "loss": 0.6483948230743408, "all_losses_finite": true, "optimizer_steps": 1229, "skipped_optimizer_steps": 1, "loss_scale": 16384.0}
[Step=1240] Wall=284.6920s | Loss=0.6508
[Profile] Avg ms/step | Load: 100.068 (Prep: 18.630, Struc: 1.259, Fetch: 80.179) | Fwd: 53.124 | Bwd: 64.628 | Opt: 0.707 | GPU_Tot: 199.897
[Autotune] {"version": 2, "step": 1240, "wall_seconds": 284.6920390930027, "seed_nodes": 4976815, "loss": 0.6507661819458008, "all_losses_finite": true, "optimizer_steps": 1239, "skipped_optimizer_steps": 1, "loss_scale": 16384.0}
[Step=1250] Wall=286.7419s | Loss=0.6308
[Profile] Avg ms/step | Load: 99.935 (Prep: 18.476, Struc: 1.260, Fetch: 80.199) | Fwd: 53.131 | Bwd: 64.641 | Opt: 0.707 | GPU_Tot: 199.938
[Autotune] {"version": 2, "step": 1250, "wall_seconds": 286.7419170779176, "seed_nodes": 5017775, "loss": 0.630762243270874, "all_losses_finite": true, "optimizer_steps": 1249, "skipped_optimizer_steps": 1, "loss_scale": 16384.0}
[Step=1260] Wall=288.7703s | Loss=0.6136
[Profile] Avg ms/step | Load: 99.785 (Prep: 18.325, Struc: 1.260, Fetch: 80.200) | Fwd: 53.139 | Bwd: 64.655 | Opt: 0.707 | GPU_Tot: 199.960
[Autotune] {"version": 2, "step": 1260, "wall_seconds": 288.77032701601274, "seed_nodes": 5058735, "loss": 0.6136133193969726, "all_losses_finite": true, "optimizer_steps": 1259, "skipped_optimizer_steps": 1, "loss_scale": 16384.0}
[Step=1270] Wall=290.7971s | Loss=0.5865
[Profile] Avg ms/step | Load: 99.638 (Prep: 18.176, Struc: 1.260, Fetch: 80.202) | Fwd: 53.146 | Bwd: 64.666 | Opt: 0.707 | GPU_Tot: 199.980
[Autotune] {"version": 2, "step": 1270, "wall_seconds": 290.7971300869249, "seed_nodes": 5099695, "loss": 0.5865143299102783, "all_losses_finite": true, "optimizer_steps": 1269, "skipped_optimizer_steps": 1, "loss_scale": 16384.0}
[Step=1280] Wall=293.6181s | Loss=0.6997
[Profile] Avg ms/step | Load: 100.222 (Prep: 18.775, Struc: 1.259, Fetch: 80.188) | Fwd: 53.112 | Bwd: 64.629 | Opt: 0.707 | GPU_Tot: 199.895
[Autotune] {"version": 2, "step": 1280, "wall_seconds": 293.6180856670253, "seed_nodes": 5136566, "loss": 0.6996642112731933, "all_losses_finite": true, "optimizer_steps": 1279, "skipped_optimizer_steps": 1, "loss_scale": 16384.0}
[Step=1290] Wall=295.6568s | Loss=0.6528
[Profile] Avg ms/step | Load: 100.082 (Prep: 18.626, Struc: 1.259, Fetch: 80.197) | Fwd: 53.120 | Bwd: 64.642 | Opt: 0.707 | GPU_Tot: 199.925
[Autotune] {"version": 2, "step": 1290, "wall_seconds": 295.65680947806686, "seed_nodes": 5177526, "loss": 0.6528281211853028, "all_losses_finite": true, "optimizer_steps": 1289, "skipped_optimizer_steps": 1, "loss_scale": 16384.0}
[Step=1300] Wall=297.7002s | Loss=0.6315
[Profile] Avg ms/step | Load: 99.947 (Prep: 18.478, Struc: 1.260, Fetch: 80.209) | Fwd: 53.128 | Bwd: 64.655 | Opt: 0.707 | GPU_Tot: 199.958
[Autotune] {"version": 2, "step": 1300, "wall_seconds": 297.70018405490555, "seed_nodes": 5218486, "loss": 0.6315176486968994, "all_losses_finite": true, "optimizer_steps": 1299, "skipped_optimizer_steps": 1, "loss_scale": 16384.0}
[Step=1310] Wall=299.7419s | Loss=0.6084
[Profile] Avg ms/step | Load: 99.814 (Prep: 18.333, Struc: 1.260, Fetch: 80.221) | Fwd: 53.135 | Bwd: 64.667 | Opt: 0.707 | GPU_Tot: 199.989
[Autotune] {"version": 2, "step": 1310, "wall_seconds": 299.74191196798347, "seed_nodes": 5259446, "loss": 0.6084175109863281, "all_losses_finite": true, "optimizer_steps": 1309, "skipped_optimizer_steps": 1, "loss_scale": 16384.0}
[Step=1320] Wall=301.7740s | Loss=0.5968
[Profile] Avg ms/step | Load: 99.675 (Prep: 18.190, Struc: 1.260, Fetch: 80.225) | Fwd: 53.142 | Bwd: 64.679 | Opt: 0.707 | GPU_Tot: 200.013
[Autotune] {"version": 2, "step": 1320, "wall_seconds": 301.7739530240651, "seed_nodes": 5300406, "loss": 0.596837854385376, "all_losses_finite": true, "optimizer_steps": 1319, "skipped_optimizer_steps": 1, "loss_scale": 16384.0}
[Step=1330] Wall=304.6157s | Loss=0.5269
[Profile] Avg ms/step | Load: 100.256 (Prep: 18.819, Struc: 1.259, Fetch: 80.178) | Fwd: 53.110 | Bwd: 64.640 | Opt: 0.707 | GPU_Tot: 199.894
[Autotune] {"version": 2, "step": 1330, "wall_seconds": 304.61568292602897, "seed_nodes": 5337277, "loss": 0.5268705368041993, "all_losses_finite": true, "optimizer_steps": 1329, "skipped_optimizer_steps": 1, "loss_scale": 16384.0}
[Step=1340] Wall=306.6335s | Loss=0.5912
[Profile] Avg ms/step | Load: 100.106 (Prep: 18.674, Struc: 1.259, Fetch: 80.172) | Fwd: 53.117 | Bwd: 64.652 | Opt: 0.707 | GPU_Tot: 199.907
[Autotune] {"version": 2, "step": 1340, "wall_seconds": 306.63349790289067, "seed_nodes": 5378237, "loss": 0.5911828517913819, "all_losses_finite": true, "optimizer_steps": 1339, "skipped_optimizer_steps": 1, "loss_scale": 16384.0}
[Step=1350] Wall=308.6498s | Loss=0.5828
[Profile] Avg ms/step | Load: 99.958 (Prep: 18.532, Struc: 1.259, Fetch: 80.166) | Fwd: 53.124 | Bwd: 64.663 | Opt: 0.706 | GPU_Tot: 199.918
[Autotune] {"version": 2, "step": 1350, "wall_seconds": 308.6497513160575, "seed_nodes": 5419197, "loss": 0.5827620506286622, "all_losses_finite": true, "optimizer_steps": 1349, "skipped_optimizer_steps": 1, "loss_scale": 16384.0}
[Step=1360] Wall=310.6679s | Loss=0.5665
[Profile] Avg ms/step | Load: 99.813 (Prep: 18.392, Struc: 1.260, Fetch: 80.161) | Fwd: 53.131 | Bwd: 64.673 | Opt: 0.706 | GPU_Tot: 199.931
[Autotune] {"version": 2, "step": 1360, "wall_seconds": 310.66791721689515, "seed_nodes": 5460157, "loss": 0.5664688110351562, "all_losses_finite": true, "optimizer_steps": 1359, "skipped_optimizer_steps": 1, "loss_scale": 16384.0}
[Step=1370] Wall=312.6900s | Loss=0.5686
[Profile] Avg ms/step | Load: 99.673 (Prep: 18.254, Struc: 1.260, Fetch: 80.159) | Fwd: 53.138 | Bwd: 64.684 | Opt: 0.706 | GPU_Tot: 199.947
[Autotune] {"version": 2, "step": 1370, "wall_seconds": 312.6899581910111, "seed_nodes": 5501117, "loss": 0.5685975074768066, "all_losses_finite": true, "optimizer_steps": 1369, "skipped_optimizer_steps": 1, "loss_scale": 16384.0}
[Step=1380] Wall=315.5312s | Loss=0.6656
[Profile] Avg ms/step | Load: 100.228 (Prep: 18.842, Struc: 1.259, Fetch: 80.127) | Fwd: 53.107 | Bwd: 64.651 | Opt: 0.706 | GPU_Tot: 199.850
[Autotune] {"version": 2, "step": 1380, "wall_seconds": 315.53123230999336, "seed_nodes": 5537988, "loss": 0.6656060695648194, "all_losses_finite": true, "optimizer_steps": 1379, "skipped_optimizer_steps": 1, "loss_scale": 16384.0}
[Step=1390] Wall=317.5501s | Loss=0.6571
[Profile] Avg ms/step | Load: 100.085 (Prep: 18.702, Struc: 1.259, Fetch: 80.123) | Fwd: 53.113 | Bwd: 64.661 | Opt: 0.706 | GPU_Tot: 199.863
[Autotune] {"version": 2, "step": 1390, "wall_seconds": 317.55013414286077, "seed_nodes": 5578948, "loss": 0.6571279048919678, "all_losses_finite": true, "optimizer_steps": 1389, "skipped_optimizer_steps": 1, "loss_scale": 16384.0}
[Step=1400] Wall=319.5732s | Loss=0.5987
[Profile] Avg ms/step | Load: 99.947 (Prep: 18.565, Struc: 1.259, Fetch: 80.122) | Fwd: 53.120 | Bwd: 64.672 | Opt: 0.706 | GPU_Tot: 199.880
[Autotune] {"version": 2, "step": 1400, "wall_seconds": 319.5731838820502, "seed_nodes": 5619908, "loss": 0.5986998558044434, "all_losses_finite": true, "optimizer_steps": 1399, "skipped_optimizer_steps": 1, "loss_scale": 16384.0}
[Step=1410] Wall=321.5918s | Loss=0.5842
[Profile] Avg ms/step | Load: 99.808 (Prep: 18.430, Struc: 1.260, Fetch: 80.118) | Fwd: 53.127 | Bwd: 64.682 | Opt: 0.706 | GPU_Tot: 199.892
[Autotune] {"version": 2, "step": 1410, "wall_seconds": 321.59177714795806, "seed_nodes": 5660868, "loss": 0.5841798305511474, "all_losses_finite": true, "optimizer_steps": 1409, "skipped_optimizer_steps": 1, "loss_scale": 16384.0}
[Step=1420] Wall=323.6198s | Loss=0.5787
[Profile] Avg ms/step | Load: 99.677 (Prep: 18.297, Struc: 1.260, Fetch: 80.121) | Fwd: 53.133 | Bwd: 64.692 | Opt: 0.706 | GPU_Tot: 199.912
[Autotune] {"version": 2, "step": 1420, "wall_seconds": 323.61980359000154, "seed_nodes": 5701828, "loss": 0.5787111282348633, "all_losses_finite": true, "optimizer_steps": 1419, "skipped_optimizer_steps": 1, "loss_scale": 16384.0}
[Step=1430] Wall=326.3323s | Loss=0.5767
[Profile] Avg ms/step | Load: 100.124 (Prep: 18.722, Struc: 1.259, Fetch: 80.144) | Fwd: 53.103 | Bwd: 64.656 | Opt: 0.706 | GPU_Tot: 199.867
[Autotune] {"version": 2, "step": 1430, "wall_seconds": 326.33231528894976, "seed_nodes": 5738699, "loss": 0.5767443180084229, "all_losses_finite": true, "optimizer_steps": 1429, "skipped_optimizer_steps": 1, "loss_scale": 16384.0}
[Step=1440] Wall=328.3696s | Loss=0.5886
[Profile] Avg ms/step | Load: 99.998 (Prep: 18.588, Struc: 1.259, Fetch: 80.150) | Fwd: 53.110 | Bwd: 64.668 | Opt: 0.706 | GPU_Tot: 199.893
[Autotune] {"version": 2, "step": 1440, "wall_seconds": 328.36964683490805, "seed_nodes": 5779659, "loss": 0.5886210441589356, "all_losses_finite": true, "optimizer_steps": 1439, "skipped_optimizer_steps": 1, "loss_scale": 16384.0}
[Step=1450] Wall=330.4059s | Loss=0.5710
[Profile] Avg ms/step | Load: 99.873 (Prep: 18.457, Struc: 1.259, Fetch: 80.156) | Fwd: 53.117 | Bwd: 64.680 | Opt: 0.706 | GPU_Tot: 199.918
[Autotune] {"version": 2, "step": 1450, "wall_seconds": 330.4058804810047, "seed_nodes": 5820619, "loss": 0.571035623550415, "all_losses_finite": true, "optimizer_steps": 1449, "skipped_optimizer_steps": 1, "loss_scale": 16384.0}
[Step=1460] Wall=332.4386s | Loss=0.5754
[Profile] Avg ms/step | Load: 99.749 (Prep: 18.327, Struc: 1.260, Fetch: 80.162) | Fwd: 53.123 | Bwd: 64.689 | Opt: 0.706 | GPU_Tot: 199.940
[Autotune] {"version": 2, "step": 1460, "wall_seconds": 332.4386354018934, "seed_nodes": 5861579, "loss": 0.5754399299621582, "all_losses_finite": true, "optimizer_steps": 1459, "skipped_optimizer_steps": 1, "loss_scale": 16384.0}
[Step=1470] Wall=334.2802s | Loss=0.5381
[Profile] Avg ms/step | Load: 99.572 (Prep: 18.200, Struc: 1.259, Fetch: 80.114) | Fwd: 53.093 | Bwd: 64.656 | Opt: 0.706 | GPU_Tot: 199.828
[Autotune] {"version": 2, "step": 1470, "wall_seconds": 334.28024417790584, "seed_nodes": 5898450, "loss": 0.5380917549133301, "all_losses_finite": true, "optimizer_steps": 1469, "skipped_optimizer_steps": 1, "loss_scale": 16384.0}
[Step=1480] Wall=337.3338s | Loss=0.7236
[Profile] Avg ms/step | Load: 100.158 (Prep: 18.764, Struc: 1.259, Fetch: 80.135) | Fwd: 53.101 | Bwd: 64.668 | Opt: 0.706 | GPU_Tot: 199.869
[Autotune] {"version": 2, "step": 1480, "wall_seconds": 337.3338324339129, "seed_nodes": 5939410, "loss": 0.7236248970031738, "all_losses_finite": true, "optimizer_steps": 1479, "skipped_optimizer_steps": 1, "loss_scale": 16384.0}
[Step=1490] Wall=339.3601s | Loss=0.6431
[Profile] Avg ms/step | Load: 100.031 (Prep: 18.634, Struc: 1.259, Fetch: 80.138) | Fwd: 53.107 | Bwd: 64.677 | Opt: 0.706 | GPU_Tot: 199.887
[Autotune] {"version": 2, "step": 1490, "wall_seconds": 339.3601264238823, "seed_nodes": 5980370, "loss": 0.6430810451507568, "all_losses_finite": true, "optimizer_steps": 1489, "skipped_optimizer_steps": 1, "loss_scale": 16384.0}
[Step=1500] Wall=341.3918s | Loss=0.5961
[Profile] Avg ms/step | Load: 99.907 (Prep: 18.507, Struc: 1.259, Fetch: 80.141) | Fwd: 53.114 | Bwd: 64.688 | Opt: 0.706 | GPU_Tot: 199.908
[Autotune] {"version": 2, "step": 1500, "wall_seconds": 341.3918450700585, "seed_nodes": 6021330, "loss": 0.5961304187774659, "all_losses_finite": true, "optimizer_steps": 1499, "skipped_optimizer_steps": 1, "loss_scale": 16384.0}
[Step=1510] Wall=343.4223s | Loss=0.5750
[Profile] Avg ms/step | Load: 99.785 (Prep: 18.382, Struc: 1.259, Fetch: 80.144) | Fwd: 53.120 | Bwd: 64.698 | Opt: 0.706 | GPU_Tot: 199.927
[Autotune] {"version": 2, "step": 1510, "wall_seconds": 343.42225256189704, "seed_nodes": 6062290, "loss": 0.5750002384185791, "all_losses_finite": true, "optimizer_steps": 1509, "skipped_optimizer_steps": 1, "loss_scale": 16384.0}
[Step=1520] Wall=346.0529s | Loss=0.5465
[Profile] Avg ms/step | Load: 100.150 (Prep: 18.748, Struc: 1.259, Fetch: 80.143) | Fwd: 53.091 | Bwd: 64.663 | Opt: 0.706 | GPU_Tot: 199.863
[Autotune] {"version": 2, "step": 1520, "wall_seconds": 346.05290344404057, "seed_nodes": 6099161, "loss": 0.5464837074279785, "all_losses_finite": true, "optimizer_steps": 1519, "skipped_optimizer_steps": 1, "loss_scale": 16384.0}
[Step=1530] Wall=348.1178s | Loss=0.6092
[Profile] Avg ms/step | Load: 100.048 (Prep: 18.622, Struc: 1.259, Fetch: 80.167) | Fwd: 53.098 | Bwd: 64.675 | Opt: 0.706 | GPU_Tot: 199.906
[Autotune] {"version": 2, "step": 1530, "wall_seconds": 348.1177697649691, "seed_nodes": 6140121, "loss": 0.6091517448425293, "all_losses_finite": true, "optimizer_steps": 1529, "skipped_optimizer_steps": 1, "loss_scale": 16384.0}
[Step=1540] Wall=350.1514s | Loss=0.5841
[Profile] Avg ms/step | Load: 99.927 (Prep: 18.498, Struc: 1.259, Fetch: 80.170) | Fwd: 53.105 | Bwd: 64.687 | Opt: 0.706 | GPU_Tot: 199.927
[Autotune] {"version": 2, "step": 1540, "wall_seconds": 350.15140376007184, "seed_nodes": 6181081, "loss": 0.5841254711151123, "all_losses_finite": true, "optimizer_steps": 1539, "skipped_optimizer_steps": 1, "loss_scale": 16384.0}
[Step=1550] Wall=352.1791s | Loss=0.5853
[Profile] Avg ms/step | Load: 99.808 (Prep: 18.376, Struc: 1.259, Fetch: 80.172) | Fwd: 53.111 | Bwd: 64.696 | Opt: 0.706 | GPU_Tot: 199.945
[Autotune] {"version": 2, "step": 1550, "wall_seconds": 352.1790530150756, "seed_nodes": 6222041, "loss": 0.585316276550293, "all_losses_finite": true, "optimizer_steps": 1549, "skipped_optimizer_steps": 1, "loss_scale": 16384.0}
[Step=1560] Wall=354.2135s | Loss=0.5503
[Profile] Avg ms/step | Load: 99.691 (Prep: 18.256, Struc: 1.260, Fetch: 80.176) | Fwd: 53.117 | Bwd: 64.707 | Opt: 0.706 | GPU_Tot: 199.966
[Autotune] {"version": 2, "step": 1560, "wall_seconds": 354.2134563198779, "seed_nodes": 6263001, "loss": 0.5503403663635253, "all_losses_finite": true, "optimizer_steps": 1559, "skipped_optimizer_steps": 1, "loss_scale": 16384.0}
[Step=1570] Wall=357.0312s | Loss=0.6137
[Profile] Avg ms/step | Load: 100.164 (Prep: 18.770, Struc: 1.259, Fetch: 80.134) | Fwd: 53.090 | Bwd: 64.675 | Opt: 0.706 | GPU_Tot: 199.865
[Autotune] {"version": 2, "step": 1570, "wall_seconds": 357.0312214810401, "seed_nodes": 6299872, "loss": 0.613689374923706, "all_losses_finite": true, "optimizer_steps": 1569, "skipped_optimizer_steps": 1, "loss_scale": 16384.0}
[Step=1580] Wall=359.0801s | Loss=0.6029
[Profile] Avg ms/step | Load: 100.057 (Prep: 18.649, Struc: 1.259, Fetch: 80.149) | Fwd: 53.097 | Bwd: 64.685 | Opt: 0.706 | GPU_Tot: 199.896
[Autotune] {"version": 2, "step": 1580, "wall_seconds": 359.0800840219017, "seed_nodes": 6340832, "loss": 0.6028676986694336, "all_losses_finite": true, "optimizer_steps": 1579, "skipped_optimizer_steps": 1, "loss_scale": 16384.0}
[Step=1590] Wall=361.1123s | Loss=0.5684
[Profile] Avg ms/step | Load: 99.940 (Prep: 18.529, Struc: 1.259, Fetch: 80.151) | Fwd: 53.104 | Bwd: 64.696 | Opt: 0.706 | GPU_Tot: 199.916
[Autotune] {"version": 2, "step": 1590, "wall_seconds": 361.1123473648913, "seed_nodes": 6381792, "loss": 0.5684061050415039, "all_losses_finite": true, "optimizer_steps": 1589, "skipped_optimizer_steps": 1, "loss_scale": 16384.0}
[Step=1600] Wall=363.1243s | Loss=0.5657
[Profile] Avg ms/step | Load: 99.817 (Prep: 18.410, Struc: 1.259, Fetch: 80.147) | Fwd: 53.109 | Bwd: 64.702 | Opt: 0.706 | GPU_Tot: 199.923
[Autotune] {"version": 2, "step": 1600, "wall_seconds": 363.1243176339194, "seed_nodes": 6422752, "loss": 0.5656662940979004, "all_losses_finite": true, "optimizer_steps": 1599, "skipped_optimizer_steps": 1, "loss_scale": 16384.0}
[Step=1610] Wall=365.1411s | Loss=0.5617
[Profile] Avg ms/step | Load: 99.697 (Prep: 18.294, Struc: 1.260, Fetch: 80.144) | Fwd: 53.114 | Bwd: 64.709 | Opt: 0.706 | GPU_Tot: 199.933
[Autotune] {"version": 2, "step": 1610, "wall_seconds": 365.1411050250754, "seed_nodes": 6463712, "loss": 0.5617291450500488, "all_losses_finite": true, "optimizer_steps": 1609, "skipped_optimizer_steps": 1, "loss_scale": 16384.0}
[Step=1620] Wall=367.9472s | Loss=0.6135
[Profile] Avg ms/step | Load: 100.147 (Prep: 18.785, Struc: 1.259, Fetch: 80.104) | Fwd: 53.088 | Bwd: 64.679 | Opt: 0.706 | GPU_Tot: 199.835
[Autotune] {"version": 2, "step": 1620, "wall_seconds": 367.9471762259491, "seed_nodes": 6500583, "loss": 0.613480520248413, "all_losses_finite": true, "optimizer_steps": 1619, "skipped_optimizer_steps": 1, "loss_scale": 16384.0}
[Step=1630] Wall=369.9819s | Loss=0.6488
[Profile] Avg ms/step | Load: 100.036 (Prep: 18.667, Struc: 1.259, Fetch: 80.109) | Fwd: 53.093 | Bwd: 64.689 | Opt: 0.706 | GPU_Tot: 199.857
[Autotune] {"version": 2, "step": 1630, "wall_seconds": 369.9819344379939, "seed_nodes": 6541543, "loss": 0.6488475799560547, "all_losses_finite": true, "optimizer_steps": 1629, "skipped_optimizer_steps": 1, "loss_scale": 16384.0}
[Step=1640] Wall=372.0169s | Loss=0.6131
[Profile] Avg ms/step | Load: 99.923 (Prep: 18.551, Struc: 1.259, Fetch: 80.113) | Fwd: 53.100 | Bwd: 64.700 | Opt: 0.706 | GPU_Tot: 199.878
[Autotune] {"version": 2, "step": 1640, "wall_seconds": 372.01686078007333, "seed_nodes": 6582503, "loss": 0.613149356842041, "all_losses_finite": true, "optimizer_steps": 1639, "skipped_optimizer_steps": 1, "loss_scale": 16384.0}
------------------------------------------------------------
Training Completed. Total Steps: 1640 (Active: 1600)
Avg Breakdown (ms): Load=99.923 [Prep:18.551, Struc:1.259, Fetch:80.113], Fwd=53.100, Bwd=64.700, Opt=0.706
------------------------------------------------------------
