$REPO_ROOT/.venv/lib/python3.11/site-packages/outdated/__init__.py:36: UserWarning: pkg_resources is deprecated as an API. See https://setuptools.pypa.io/en/latest/pkg_resources.html. The pkg_resources package is slated for removal as early as 2025-11-30. Refrain from using this package or pin to Setuptools<81.
  from pkg_resources import parse_version
[ddp] Single-process mode: device=cuda
[Info] Running in Single-Process mode (CPU or Single GPU).
[Info] Device: cuda
[GraphCache] Caching disabled (0 nodes).
[Step=0010] Wall=5.7556s | Loss=6.1076
[Profile] Avg ms/step | Load: 34.132 (Prep: 17.842, Struc: 0.384, Fetch: 15.906) | Fwd: 491.217 | Bwd: 43.405 | Opt: 4.367 | GPU_Tot: 555.279
[Autotune] {"version": 1, "step": 10, "wall_seconds": 5.755609212006675, "seed_nodes": 40960, "loss": 6.107635879516602, "all_losses_finite": true}
[Step=0020] Wall=6.0532s | Loss=3.2671
[Profile] Avg ms/step | Load: 22.423 (Prep: 8.947, Struc: 0.341, Fetch: 13.135) | Fwd: 249.918 | Bwd: 26.544 | Opt: 2.462 | GPU_Tot: 292.400
[Autotune] {"version": 1, "step": 20, "wall_seconds": 6.053187771001831, "seed_nodes": 81920, "loss": 3.2671199798583985, "all_losses_finite": true}
[Step=0030] Wall=6.4538s | Loss=2.6764
[Profile] Avg ms/step | Load: 22.196 (Prep: 8.074, Struc: 0.326, Fetch: 13.796) | Fwd: 169.366 | Bwd: 20.775 | Opt: 1.851 | GPU_Tot: 206.114
[Autotune] {"version": 1, "step": 30, "wall_seconds": 6.453762518998701, "seed_nodes": 119613, "loss": 2.676443099975586, "all_losses_finite": true}
[Step=0040] Wall=6.7597s | Loss=2.3225
[Profile] Avg ms/step | Load: 0.000 (Prep: 0.000, Struc: 0.000, Fetch: 0.000) | Fwd: 0.000 | Bwd: 0.000 | Opt: 0.000 | GPU_Tot: 0.000
[Autotune] {"version": 1, "step": 40, "wall_seconds": 6.759748876997037, "seed_nodes": 160573, "loss": 2.3225101470947265, "all_losses_finite": true}
[Step=0050] Wall=7.1280s | Loss=2.0562
[Profile] Avg ms/step | Load: 18.644 (Prep: 5.382, Struc: 0.304, Fetch: 12.958) | Fwd: 8.221 | Bwd: 9.190 | Opt: 0.598 | GPU_Tot: 31.272
[Autotune] {"version": 1, "step": 50, "wall_seconds": 7.128037738992134, "seed_nodes": 198266, "loss": 2.0561819076538086, "all_losses_finite": true}
[Step=0060] Wall=7.4570s | Loss=1.8568
[Profile] Avg ms/step | Load: 16.206 (Prep: 3.185, Struc: 0.302, Fetch: 12.719) | Fwd: 8.449 | Bwd: 9.454 | Opt: 0.584 | GPU_Tot: 31.508
[Autotune] {"version": 1, "step": 60, "wall_seconds": 7.456956646987237, "seed_nodes": 239226, "loss": 1.8568151473999024, "all_losses_finite": true}
[Step=0070] Wall=7.8088s | Loss=1.7326
[Profile] Avg ms/step | Load: 16.485 (Prep: 3.769, Struc: 0.300, Fetch: 12.417) | Fwd: 8.369 | Bwd: 9.367 | Opt: 0.581 | GPU_Tot: 31.033
[Autotune] {"version": 1, "step": 70, "wall_seconds": 7.808762375003425, "seed_nodes": 276919, "loss": 1.7326339721679687, "all_losses_finite": true}
[Step=0080] Wall=8.1555s | Loss=1.6196
[Profile] Avg ms/step | Load: 16.251 (Prep: 3.054, Struc: 0.300, Fetch: 12.897) | Fwd: 8.444 | Bwd: 9.454 | Opt: 0.580 | GPU_Tot: 31.674
[Autotune] {"version": 1, "step": 80, "wall_seconds": 8.15549203599221, "seed_nodes": 317879, "loss": 1.6195833206176757, "all_losses_finite": true}
[Step=0090] Wall=8.4514s | Loss=1.5373
[Profile] Avg ms/step | Load: 15.101 (Prep: 2.453, Struc: 0.299, Fetch: 12.348) | Fwd: 8.487 | Bwd: 9.509 | Opt: 0.573 | GPU_Tot: 31.217
[Autotune] {"version": 1, "step": 90, "wall_seconds": 8.451359745988157, "seed_nodes": 358839, "loss": 1.537306785583496, "all_losses_finite": true}
[Step=0100] Wall=8.8752s | Loss=1.4738
[Profile] Avg ms/step | Load: 16.617 (Prep: 3.233, Struc: 0.299, Fetch: 13.085) | Fwd: 8.446 | Bwd: 9.455 | Opt: 0.575 | GPU_Tot: 31.860
[Autotune] {"version": 1, "step": 100, "wall_seconds": 8.875170449988218, "seed_nodes": 396532, "loss": 1.473751926422119, "all_losses_finite": true}
[Step=0110] Wall=9.1719s | Loss=1.4100
[Profile] Avg ms/step | Load: 15.754 (Prep: 2.778, Struc: 0.299, Fetch: 12.677) | Fwd: 8.477 | Bwd: 9.497 | Opt: 0.571 | GPU_Tot: 31.520
[Autotune] {"version": 1, "step": 110, "wall_seconds": 9.171942658984335, "seed_nodes": 437492, "loss": 1.4099506378173827, "all_losses_finite": true}
[Step=0120] Wall=9.5443s | Loss=1.3858
[Profile] Avg ms/step | Load: 16.161 (Prep: 3.120, Struc: 0.298, Fetch: 12.743) | Fwd: 8.448 | Bwd: 9.464 | Opt: 0.571 | GPU_Tot: 31.524
[Autotune] {"version": 1, "step": 120, "wall_seconds": 9.544313099002466, "seed_nodes": 475185, "loss": 1.3858484268188476, "all_losses_finite": true}
[Step=0130] Wall=9.8732s | Loss=1.3614
[Profile] Avg ms/step | Load: 15.899 (Prep: 2.885, Struc: 0.298, Fetch: 12.715) | Fwd: 8.472 | Bwd: 9.492 | Opt: 0.569 | GPU_Tot: 31.546
[Autotune] {"version": 1, "step": 130, "wall_seconds": 9.873210021993145, "seed_nodes": 516145, "loss": 1.3614127159118652, "all_losses_finite": true}
[Step=0140] Wall=10.2217s | Loss=1.3169
[Profile] Avg ms/step | Load: 15.975 (Prep: 3.092, Struc: 0.297, Fetch: 12.585) | Fwd: 8.447 | Bwd: 9.464 | Opt: 0.572 | GPU_Tot: 31.364
[Autotune] {"version": 1, "step": 140, "wall_seconds": 10.221693062980194, "seed_nodes": 553838, "loss": 1.3168545722961427, "all_losses_finite": true}
[Step=0150] Wall=10.5749s | Loss=1.3039
[Profile] Avg ms/step | Load: 15.993 (Prep: 2.892, Struc: 0.298, Fetch: 12.804) | Fwd: 8.468 | Bwd: 9.488 | Opt: 0.572 | GPU_Tot: 31.629
[Autotune] {"version": 1, "step": 150, "wall_seconds": 10.574866087990813, "seed_nodes": 594798, "loss": 1.3038707733154298, "all_losses_finite": true}
[Step=0160] Wall=10.8728s | Loss=1.2689
[Profile] Avg ms/step | Load: 15.554 (Prep: 2.655, Struc: 0.297, Fetch: 12.601) | Fwd: 8.483 | Bwd: 9.507 | Opt: 0.570 | GPU_Tot: 31.459
[Autotune] {"version": 1, "step": 160, "wall_seconds": 10.872774933988694, "seed_nodes": 635758, "loss": 1.2688952445983888, "all_losses_finite": true}
[Step=0170] Wall=11.2827s | Loss=1.2537
[Profile] Avg ms/step | Load: 16.108 (Prep: 3.067, Struc: 0.297, Fetch: 12.744) | Fwd: 8.465 | Bwd: 9.486 | Opt: 0.571 | GPU_Tot: 31.563
[Autotune] {"version": 1, "step": 170, "wall_seconds": 11.28266913598054, "seed_nodes": 673451, "loss": 1.2536703109741212, "all_losses_finite": true}
[Step=0180] Wall=11.5819s | Loss=1.2525
[Profile] Avg ms/step | Load: 15.735 (Prep: 2.851, Struc: 0.297, Fetch: 12.586) | Fwd: 8.479 | Bwd: 9.501 | Opt: 0.569 | GPU_Tot: 31.432
[Autotune] {"version": 1, "step": 180, "wall_seconds": 11.581938469986198, "seed_nodes": 714411, "loss": 1.2525418281555176, "all_losses_finite": true}
[Step=0190] Wall=11.9589s | Loss=1.2075
[Profile] Avg ms/step | Load: 15.981 (Prep: 3.006, Struc: 0.297, Fetch: 12.678) | Fwd: 8.463 | Bwd: 9.483 | Opt: 0.572 | GPU_Tot: 31.493
[Autotune] {"version": 1, "step": 190, "wall_seconds": 11.958859278005548, "seed_nodes": 752104, "loss": 1.2074572563171386, "all_losses_finite": true}
[Step=0200] Wall=12.2744s | Loss=1.2062
[Profile] Avg ms/step | Load: 15.762 (Prep: 2.879, Struc: 0.297, Fetch: 12.587) | Fwd: 8.475 | Bwd: 9.497 | Opt: 0.570 | GPU_Tot: 31.426
[Autotune] {"version": 1, "step": 200, "wall_seconds": 12.274447334988508, "seed_nodes": 793064, "loss": 1.2062103271484375, "all_losses_finite": true}
[Step=0210] Wall=12.6526s | Loss=1.2267
[Profile] Avg ms/step | Load: 15.991 (Prep: 3.153, Struc: 0.297, Fetch: 12.542) | Fwd: 8.460 | Bwd: 9.480 | Opt: 0.570 | GPU_Tot: 31.349
[Autotune] {"version": 1, "step": 210, "wall_seconds": 12.652556540997466, "seed_nodes": 830757, "loss": 1.2267078399658202, "all_losses_finite": true}
[Step=0220] Wall=12.9963s | Loss=1.2004
[Profile] Avg ms/step | Load: 15.950 (Prep: 3.045, Struc: 0.297, Fetch: 12.608) | Fwd: 8.472 | Bwd: 9.494 | Opt: 0.569 | GPU_Tot: 31.440
[Autotune] {"version": 1, "step": 220, "wall_seconds": 12.99628643298638, "seed_nodes": 871717, "loss": 1.2004197120666504, "all_losses_finite": true}
[Step=0230] Wall=13.2783s | Loss=1.1737
[Profile] Avg ms/step | Load: 15.641 (Prep: 2.888, Struc: 0.296, Fetch: 12.457) | Fwd: 8.458 | Bwd: 9.479 | Opt: 0.568 | GPU_Tot: 31.259
[Autotune] {"version": 1, "step": 230, "wall_seconds": 13.278291697002714, "seed_nodes": 909410, "loss": 1.1737136840820312, "all_losses_finite": true}
[Step=0240] Wall=13.7253s | Loss=1.1690
[Profile] Avg ms/step | Load: 16.135 (Prep: 3.145, Struc: 0.297, Fetch: 12.693) | Fwd: 8.471 | Bwd: 9.492 | Opt: 0.569 | GPU_Tot: 31.521
[Autotune] {"version": 1, "step": 240, "wall_seconds": 13.725261208979646, "seed_nodes": 950370, "loss": 1.1689988136291505, "all_losses_finite": true}
[Step=0250] Wall=14.0736s | Loss=1.1652
[Profile] Avg ms/step | Load: 16.117 (Prep: 2.998, Struc: 0.297, Fetch: 12.822) | Fwd: 8.479 | Bwd: 9.502 | Opt: 0.568 | GPU_Tot: 31.669
[Autotune] {"version": 1, "step": 250, "wall_seconds": 14.073648580990266, "seed_nodes": 991330, "loss": 1.1652012825012208, "all_losses_finite": true}
[Step=0260] Wall=14.4813s | Loss=1.1463
[Profile] Avg ms/step | Load: 16.410 (Prep: 3.179, Struc: 0.297, Fetch: 12.933) | Fwd: 8.469 | Bwd: 9.488 | Opt: 0.569 | GPU_Tot: 31.757
[Autotune] {"version": 1, "step": 260, "wall_seconds": 14.481260885979282, "seed_nodes": 1029023, "loss": 1.1463065147399902, "all_losses_finite": true}
[Step=0270] Wall=14.7825s | Loss=1.1432
[Profile] Avg ms/step | Load: 16.175 (Prep: 3.043, Struc: 0.297, Fetch: 12.835) | Fwd: 8.477 | Bwd: 9.499 | Opt: 0.568 | GPU_Tot: 31.677
[Autotune] {"version": 1, "step": 270, "wall_seconds": 14.782460299989907, "seed_nodes": 1069983, "loss": 1.1431512832641602, "all_losses_finite": true}
[Step=0280] Wall=15.1462s | Loss=1.1540
[Profile] Avg ms/step | Load: 16.260 (Prep: 3.126, Struc: 0.297, Fetch: 12.838) | Fwd: 8.467 | Bwd: 9.486 | Opt: 0.569 | GPU_Tot: 31.656
[Autotune] {"version": 1, "step": 280, "wall_seconds": 15.146196677000262, "seed_nodes": 1107676, "loss": 1.1539958000183106, "all_losses_finite": true}
[Step=0290] Wall=15.4753s | Loss=1.1370
[Profile] Avg ms/step | Load: 16.164 (Prep: 3.043, Struc: 0.297, Fetch: 12.824) | Fwd: 8.474 | Bwd: 9.495 | Opt: 0.568 | GPU_Tot: 31.658
[Autotune] {"version": 1, "step": 290, "wall_seconds": 15.475329603999853, "seed_nodes": 1148636, "loss": 1.1369592666625976, "all_losses_finite": true}
[Step=0300] Wall=15.8257s | Loss=1.1308
[Profile] Avg ms/step | Load: 16.190 (Prep: 3.153, Struc: 0.297, Fetch: 12.740) | Fwd: 8.465 | Bwd: 9.485 | Opt: 0.568 | GPU_Tot: 31.554
[Autotune] {"version": 1, "step": 300, "wall_seconds": 15.825714006001363, "seed_nodes": 1186329, "loss": 1.1308321952819824, "all_losses_finite": true}
[Step=0310] Wall=16.1861s | Loss=1.1245
[Profile] Avg ms/step | Load: 16.214 (Prep: 3.079, Struc: 0.297, Fetch: 12.837) | Fwd: 8.474 | Bwd: 9.494 | Opt: 0.569 | GPU_Tot: 31.671
[Autotune] {"version": 1, "step": 310, "wall_seconds": 16.18607714798418, "seed_nodes": 1227289, "loss": 1.1244874000549316, "all_losses_finite": true}
[Step=0320] Wall=16.4852s | Loss=1.1086
[Profile] Avg ms/step | Load: 16.022 (Prep: 2.971, Struc: 0.297, Fetch: 12.754) | Fwd: 8.480 | Bwd: 9.502 | Opt: 0.569 | GPU_Tot: 31.601
[Autotune] {"version": 1, "step": 320, "wall_seconds": 16.48517543199705, "seed_nodes": 1268249, "loss": 1.1086255073547364, "all_losses_finite": true}
[Step=0330] Wall=16.8997s | Loss=1.1035
[Profile] Avg ms/step | Load: 16.270 (Prep: 3.144, Struc: 0.297, Fetch: 12.830) | Fwd: 8.472 | Bwd: 9.492 | Opt: 0.569 | GPU_Tot: 31.660
[Autotune] {"version": 1, "step": 330, "wall_seconds": 16.89971872998285, "seed_nodes": 1305942, "loss": 1.103488063812256, "all_losses_finite": true}
[Step=0340] Wall=17.1983s | Loss=1.1105
[Profile] Avg ms/step | Load: 16.088 (Prep: 3.041, Struc: 0.297, Fetch: 12.750) | Fwd: 8.478 | Bwd: 9.500 | Opt: 0.568 | GPU_Tot: 31.593
[Autotune] {"version": 1, "step": 340, "wall_seconds": 17.198301491996972, "seed_nodes": 1346902, "loss": 1.110473346710205, "all_losses_finite": true}
[Step=0350] Wall=17.5840s | Loss=1.1078
[Profile] Avg ms/step | Load: 16.224 (Prep: 3.169, Struc: 0.297, Fetch: 12.759) | Fwd: 8.471 | Bwd: 9.491 | Opt: 0.569 | GPU_Tot: 31.586
[Autotune] {"version": 1, "step": 350, "wall_seconds": 17.584008551988518, "seed_nodes": 1384595, "loss": 1.1077960014343262, "all_losses_finite": true}
[Step=0360] Wall=17.9149s | Loss=1.1074
[Profile] Avg ms/step | Load: 16.154 (Prep: 3.106, Struc: 0.297, Fetch: 12.752) | Fwd: 8.477 | Bwd: 9.498 | Opt: 0.569 | GPU_Tot: 31.592
[Autotune] {"version": 1, "step": 360, "wall_seconds": 17.914898429997265, "seed_nodes": 1425555, "loss": 1.1073599815368653, "all_losses_finite": true}
[Step=0370] Wall=18.2672s | Loss=1.0738
[Profile] Avg ms/step | Load: 16.181 (Prep: 3.176, Struc: 0.296, Fetch: 12.708) | Fwd: 8.470 | Bwd: 9.490 | Opt: 0.569 | GPU_Tot: 31.533
[Autotune] {"version": 1, "step": 370, "wall_seconds": 18.267211558006238, "seed_nodes": 1463248, "loss": 1.0738059997558593, "all_losses_finite": true}
[Step=0380] Wall=18.6120s | Loss=1.0957
[Profile] Avg ms/step | Load: 16.155 (Prep: 3.116, Struc: 0.297, Fetch: 12.743) | Fwd: 8.477 | Bwd: 9.497 | Opt: 0.569 | GPU_Tot: 31.582
[Autotune] {"version": 1, "step": 380, "wall_seconds": 18.611957297980553, "seed_nodes": 1504208, "loss": 1.0957476615905761, "all_losses_finite": true}
[Step=0390] Wall=18.9105s | Loss=1.0753
[Profile] Avg ms/step | Load: 16.001 (Prep: 3.028, Struc: 0.297, Fetch: 12.676) | Fwd: 8.482 | Bwd: 9.504 | Opt: 0.568 | GPU_Tot: 31.527
[Autotune] {"version": 1, "step": 390, "wall_seconds": 18.910516656993423, "seed_nodes": 1545168, "loss": 1.0752547264099122, "all_losses_finite": true}
[Step=0400] Wall=19.3256s | Loss=1.0767
[Profile] Avg ms/step | Load: 16.203 (Prep: 3.153, Struc: 0.297, Fetch: 12.752) | Fwd: 8.476 | Bwd: 9.496 | Opt: 0.569 | GPU_Tot: 31.590
[Autotune] {"version": 1, "step": 400, "wall_seconds": 19.325569360982627, "seed_nodes": 1582861, "loss": 1.0767292976379395, "all_losses_finite": true}
[Step=0410] Wall=19.6255s | Loss=1.0720
[Profile] Avg ms/step | Load: 16.059 (Prep: 3.069, Struc: 0.297, Fetch: 12.693) | Fwd: 8.481 | Bwd: 9.502 | Opt: 0.568 | GPU_Tot: 31.541
[Autotune] {"version": 1, "step": 410, "wall_seconds": 19.62546163998195, "seed_nodes": 1623821, "loss": 1.0719633102416992, "all_losses_finite": true}
[Step=0420] Wall=20.0092s | Loss=1.0834
[Profile] Avg ms/step | Load: 16.165 (Prep: 3.136, Struc: 0.297, Fetch: 12.733) | Fwd: 8.476 | Bwd: 9.495 | Opt: 0.569 | GPU_Tot: 31.569
[Autotune] {"version": 1, "step": 420, "wall_seconds": 20.009191065997584, "seed_nodes": 1661514, "loss": 1.083421516418457, "all_losses_finite": true}
[Step=0430] Wall=20.3251s | Loss=1.0671
[Profile] Avg ms/step | Load: 16.072 (Prep: 3.085, Struc: 0.297, Fetch: 12.690) | Fwd: 8.480 | Bwd: 9.501 | Opt: 0.568 | GPU_Tot: 31.537
[Autotune] {"version": 1, "step": 430, "wall_seconds": 20.325088266981766, "seed_nodes": 1702474, "loss": 1.0671005249023438, "all_losses_finite": true}
[Step=0440] Wall=20.7008s | Loss=1.0763
[Profile] Avg ms/step | Load: 16.153 (Prep: 3.181, Struc: 0.296, Fetch: 12.675) | Fwd: 8.475 | Bwd: 9.495 | Opt: 0.568 | GPU_Tot: 31.510
[Autotune] {"version": 1, "step": 440, "wall_seconds": 20.700822258979315, "seed_nodes": 1740167, "loss": 1.0762615203857422, "all_losses_finite": true}
[Step=0450] Wall=21.0373s | Loss=1.0634
[Profile] Avg ms/step | Load: 16.113 (Prep: 3.125, Struc: 0.297, Fetch: 12.692) | Fwd: 8.480 | Bwd: 9.500 | Opt: 0.568 | GPU_Tot: 31.537
[Autotune] {"version": 1, "step": 450, "wall_seconds": 21.037274306989275, "seed_nodes": 1781127, "loss": 1.0634422302246094, "all_losses_finite": true}
[Step=0460] Wall=21.3325s | Loss=1.0528
[Profile] Avg ms/step | Load: 16.000 (Prep: 3.052, Struc: 0.296, Fetch: 12.652) | Fwd: 8.474 | Bwd: 9.494 | Opt: 0.568 | GPU_Tot: 31.484
[Autotune] {"version": 1, "step": 460, "wall_seconds": 21.3325283099839, "seed_nodes": 1818820, "loss": 1.0528396606445312, "all_losses_finite": true}
[Step=0470] Wall=21.7677s | Loss=1.0560
[Profile] Avg ms/step | Load: 16.195 (Prep: 3.178, Struc: 0.296, Fetch: 12.720) | Fwd: 8.479 | Bwd: 9.499 | Opt: 0.568 | GPU_Tot: 31.563
[Autotune] {"version": 1, "step": 470, "wall_seconds": 21.76770987099735, "seed_nodes": 1859780, "loss": 1.0559539794921875, "all_losses_finite": true}
[Step=0480] Wall=22.0671s | Loss=1.0521
[Profile] Avg ms/step | Load: 16.073 (Prep: 3.107, Struc: 0.296, Fetch: 12.669) | Fwd: 8.484 | Bwd: 9.504 | Opt: 0.568 | GPU_Tot: 31.522
[Autotune] {"version": 1, "step": 480, "wall_seconds": 22.067132856987882, "seed_nodes": 1900740, "loss": 1.0521425247192382, "all_losses_finite": true}
[Step=0490] Wall=22.4697s | Loss=1.0474
[Profile] Avg ms/step | Load: 16.205 (Prep: 3.194, Struc: 0.297, Fetch: 12.714) | Fwd: 8.478 | Bwd: 9.498 | Opt: 0.568 | GPU_Tot: 31.555
[Autotune] {"version": 1, "step": 490, "wall_seconds": 22.469664542993996, "seed_nodes": 1938433, "loss": 1.0473620414733886, "all_losses_finite": true}
[Step=0500] Wall=22.7758s | Loss=1.0397
[Profile] Avg ms/step | Load: 16.103 (Prep: 3.126, Struc: 0.297, Fetch: 12.680) | Fwd: 8.483 | Bwd: 9.503 | Opt: 0.568 | GPU_Tot: 31.530
[Autotune] {"version": 1, "step": 500, "wall_seconds": 22.775760875985725, "seed_nodes": 1979393, "loss": 1.0397005081176758, "all_losses_finite": true}
[Step=0510] Wall=23.1545s | Loss=1.0329
[Profile] Avg ms/step | Load: 16.178 (Prep: 3.208, Struc: 0.296, Fetch: 12.673) | Fwd: 8.478 | Bwd: 9.497 | Opt: 0.569 | GPU_Tot: 31.513
[Autotune] {"version": 1, "step": 510, "wall_seconds": 23.154546473990194, "seed_nodes": 2017086, "loss": 1.0329374313354491, "all_losses_finite": true}
[Step=0520] Wall=23.4911s | Loss=1.0480
[Profile] Avg ms/step | Load: 16.144 (Prep: 3.163, Struc: 0.296, Fetch: 12.684) | Fwd: 8.482 | Bwd: 9.501 | Opt: 0.568 | GPU_Tot: 31.532
[Autotune] {"version": 1, "step": 520, "wall_seconds": 23.49110711098183, "seed_nodes": 2058046, "loss": 1.0480318069458008, "all_losses_finite": true}
[Step=0530] Wall=23.8562s | Loss=1.0427
[Profile] Avg ms/step | Load: 16.189 (Prep: 3.250, Struc: 0.296, Fetch: 12.642) | Fwd: 8.477 | Bwd: 9.495 | Opt: 0.568 | GPU_Tot: 31.479
[Autotune] {"version": 1, "step": 530, "wall_seconds": 23.856193101004465, "seed_nodes": 2095739, "loss": 1.0427459716796874, "all_losses_finite": true}
[Step=0540] Wall=24.2093s | Loss=1.0284
[Profile] Avg ms/step | Load: 16.188 (Prep: 3.208, Struc: 0.296, Fetch: 12.683) | Fwd: 8.481 | Bwd: 9.500 | Opt: 0.569 | GPU_Tot: 31.529
[Autotune] {"version": 1, "step": 540, "wall_seconds": 24.209307577984873, "seed_nodes": 2136699, "loss": 1.0283867835998535, "all_losses_finite": true}
[Step=0550] Wall=24.5074s | Loss=1.0426
[Profile] Avg ms/step | Load: 16.081 (Prep: 3.147, Struc: 0.296, Fetch: 12.638) | Fwd: 8.485 | Bwd: 9.504 | Opt: 0.568 | GPU_Tot: 31.491
[Autotune] {"version": 1, "step": 550, "wall_seconds": 24.507396240980597, "seed_nodes": 2177659, "loss": 1.0425568580627442, "all_losses_finite": true}
[Step=0560] Wall=24.9151s | Loss=1.0453
[Profile] Avg ms/step | Load: 16.205 (Prep: 3.216, Struc: 0.296, Fetch: 12.693) | Fwd: 8.480 | Bwd: 9.499 | Opt: 0.568 | GPU_Tot: 31.536
[Autotune] {"version": 1, "step": 560, "wall_seconds": 24.915082003979478, "seed_nodes": 2215352, "loss": 1.0452552795410157, "all_losses_finite": true}
[Step=0570] Wall=25.2149s | Loss=1.0210
[Profile] Avg ms/step | Load: 16.105 (Prep: 3.156, Struc: 0.296, Fetch: 12.652) | Fwd: 8.484 | Bwd: 9.503 | Opt: 0.568 | GPU_Tot: 31.503
[Autotune] {"version": 1, "step": 570, "wall_seconds": 25.214899409998907, "seed_nodes": 2256312, "loss": 1.0209874153137206, "all_losses_finite": true}
[Step=0580] Wall=25.6038s | Loss=1.0206
[Profile] Avg ms/step | Load: 16.190 (Prep: 3.229, Struc: 0.297, Fetch: 12.664) | Fwd: 8.479 | Bwd: 9.497 | Opt: 0.569 | GPU_Tot: 31.506
[Autotune] {"version": 1, "step": 580, "wall_seconds": 25.603792341978988, "seed_nodes": 2294005, "loss": 1.0205743789672852, "all_losses_finite": true}
[Step=0590] Wall=25.9287s | Loss=1.0097
[Profile] Avg ms/step | Load: 16.139 (Prep: 3.191, Struc: 0.297, Fetch: 12.651) | Fwd: 8.483 | Bwd: 9.501 | Opt: 0.569 | GPU_Tot: 31.500
[Autotune] {"version": 1, "step": 590, "wall_seconds": 25.928669827000704, "seed_nodes": 2334965, "loss": 1.0096908569335938, "all_losses_finite": true}
[Step=0600] Wall=26.3061s | Loss=1.0162
[Profile] Avg ms/step | Load: 16.199 (Prep: 3.276, Struc: 0.297, Fetch: 12.627) | Fwd: 8.479 | Bwd: 9.496 | Opt: 0.569 | GPU_Tot: 31.467
[Autotune] {"version": 1, "step": 600, "wall_seconds": 26.30609500099672, "seed_nodes": 2372658, "loss": 1.016153907775879, "all_losses_finite": true}
[Step=0610] Wall=26.6432s | Loss=1.0188
[Profile] Avg ms/step | Load: 16.170 (Prep: 3.235, Struc: 0.297, Fetch: 12.638) | Fwd: 8.482 | Bwd: 9.501 | Opt: 0.569 | GPU_Tot: 31.487
[Autotune] {"version": 1, "step": 610, "wall_seconds": 26.643187832989497, "seed_nodes": 2413618, "loss": 1.0188072204589844, "all_losses_finite": true}
[Step=0620] Wall=26.9458s | Loss=1.0104
[Profile] Avg ms/step | Load: 16.084 (Prep: 3.180, Struc: 0.297, Fetch: 12.607) | Fwd: 8.485 | Bwd: 9.504 | Opt: 0.568 | GPU_Tot: 31.462
[Autotune] {"version": 1, "step": 620, "wall_seconds": 26.94577862598817, "seed_nodes": 2454578, "loss": 1.010358715057373, "all_losses_finite": true}
[Step=0630] Wall=27.3527s | Loss=1.0147
[Profile] Avg ms/step | Load: 16.193 (Prep: 3.244, Struc: 0.297, Fetch: 12.652) | Fwd: 8.481 | Bwd: 9.499 | Opt: 0.569 | GPU_Tot: 31.498
[Autotune] {"version": 1, "step": 630, "wall_seconds": 27.352725223987363, "seed_nodes": 2492271, "loss": 1.0147018432617188, "all_losses_finite": true}
[Step=0640] Wall=27.6517s | Loss=1.0154
[Profile] Avg ms/step | Load: 16.103 (Prep: 3.191, Struc: 0.297, Fetch: 12.615) | Fwd: 8.484 | Bwd: 9.503 | Opt: 0.568 | GPU_Tot: 31.468
[Autotune] {"version": 1, "step": 640, "wall_seconds": 27.651721097005066, "seed_nodes": 2533231, "loss": 1.015389633178711, "all_losses_finite": true}
[Step=0650] Wall=28.0591s | Loss=1.0138
[Profile] Avg ms/step | Load: 16.208 (Prep: 3.265, Struc: 0.297, Fetch: 12.646) | Fwd: 8.481 | Bwd: 9.499 | Opt: 0.568 | GPU_Tot: 31.491
[Autotune] {"version": 1, "step": 650, "wall_seconds": 28.059083077998366, "seed_nodes": 2570924, "loss": 1.0137899398803711, "all_losses_finite": true}
[Step=0660] Wall=28.3824s | Loss=1.0028
[Profile] Avg ms/step | Load: 16.159 (Prep: 3.228, Struc: 0.297, Fetch: 12.635) | Fwd: 8.484 | Bwd: 9.502 | Opt: 0.568 | GPU_Tot: 31.486
[Autotune] {"version": 1, "step": 660, "wall_seconds": 28.382412104983814, "seed_nodes": 2611884, "loss": 1.0027664184570313, "all_losses_finite": true}
[Step=0670] Wall=28.7611s | Loss=1.0019
[Profile] Avg ms/step | Load: 16.214 (Prep: 3.295, Struc: 0.297, Fetch: 12.623) | Fwd: 8.481 | Bwd: 9.498 | Opt: 0.568 | GPU_Tot: 31.466
[Autotune] {"version": 1, "step": 670, "wall_seconds": 28.76107099300134, "seed_nodes": 2649577, "loss": 1.0018935203552246, "all_losses_finite": true}
[Step=0680] Wall=29.1143s | Loss=0.9931
[Profile] Avg ms/step | Load: 16.214 (Prep: 3.264, Struc: 0.297, Fetch: 12.653) | Fwd: 8.483 | Bwd: 9.501 | Opt: 0.568 | GPU_Tot: 31.503
[Autotune] {"version": 1, "step": 680, "wall_seconds": 29.114336072001606, "seed_nodes": 2690537, "loss": 0.9931153297424317, "all_losses_finite": true}
[Step=0690] Wall=29.3979s | Loss=1.0048
[Profile] Avg ms/step | Load: 16.122 (Prep: 3.215, Struc: 0.296, Fetch: 12.610) | Fwd: 8.480 | Bwd: 9.497 | Opt: 0.568 | GPU_Tot: 31.452
[Autotune] {"version": 1, "step": 690, "wall_seconds": 29.39788533898536, "seed_nodes": 2728230, "loss": 1.004793357849121, "all_losses_finite": true}
[Step=0700] Wall=29.8184s | Loss=0.9975
[Profile] Avg ms/step | Load: 16.224 (Prep: 3.262, Struc: 0.297, Fetch: 12.665) | Fwd: 8.483 | Bwd: 9.501 | Opt: 0.568 | GPU_Tot: 31.514
[Autotune] {"version": 1, "step": 700, "wall_seconds": 29.818379606993403, "seed_nodes": 2769190, "loss": 0.9974888801574707, "all_losses_finite": true}
[Step=0710] Wall=30.1163s | Loss=0.9984
[Profile] Avg ms/step | Load: 16.141 (Prep: 3.214, Struc: 0.297, Fetch: 12.630) | Fwd: 8.486 | Bwd: 9.504 | Opt: 0.568 | GPU_Tot: 31.485
[Autotune] {"version": 1, "step": 710, "wall_seconds": 30.11628806599765, "seed_nodes": 2810150, "loss": 0.9984150886535644, "all_losses_finite": true}
[Step=0720] Wall=30.5292s | Loss=0.9967
[Profile] Avg ms/step | Load: 16.242 (Prep: 3.276, Struc: 0.297, Fetch: 12.670) | Fwd: 8.483 | Bwd: 9.500 | Opt: 0.569 | GPU_Tot: 31.518
[Autotune] {"version": 1, "step": 720, "wall_seconds": 30.52920905899373, "seed_nodes": 2847843, "loss": 0.9967283248901367, "all_losses_finite": true}
[Step=0730] Wall=30.8545s | Loss=0.9965
[Profile] Avg ms/step | Load: 16.202 (Prep: 3.229, Struc: 0.297, Fetch: 12.676) | Fwd: 8.486 | Bwd: 9.503 | Opt: 0.569 | GPU_Tot: 31.530
[Autotune] {"version": 1, "step": 730, "wall_seconds": 30.85452593897935, "seed_nodes": 2888803, "loss": 0.9965158462524414, "all_losses_finite": true}
[Step=0740] Wall=31.2669s | Loss=0.9896
[Profile] Avg ms/step | Load: 16.299 (Prep: 3.310, Struc: 0.297, Fetch: 12.692) | Fwd: 8.482 | Bwd: 9.499 | Opt: 0.569 | GPU_Tot: 31.539
[Autotune] {"version": 1, "step": 740, "wall_seconds": 31.266939911001828, "seed_nodes": 2926496, "loss": 0.9896260261535644, "all_losses_finite": true}
[Step=0750] Wall=31.6151s | Loss=0.9894
[Profile] Avg ms/step | Load: 16.291 (Prep: 3.275, Struc: 0.297, Fetch: 12.719) | Fwd: 8.485 | Bwd: 9.502 | Opt: 0.569 | GPU_Tot: 31.571
[Autotune] {"version": 1, "step": 750, "wall_seconds": 31.61511674898793, "seed_nodes": 2967456, "loss": 0.989407730102539, "all_losses_finite": true}
[Step=0760] Wall=31.9725s | Loss=0.9876
[Profile] Avg ms/step | Load: 16.309 (Prep: 3.326, Struc: 0.297, Fetch: 12.686) | Fwd: 8.482 | Bwd: 9.498 | Opt: 0.568 | GPU_Tot: 31.531
[Autotune] {"version": 1, "step": 760, "wall_seconds": 31.97248748099082, "seed_nodes": 3005149, "loss": 0.9876155853271484, "all_losses_finite": true}
[Step=0770] Wall=32.3307s | Loss=0.9885
[Profile] Avg ms/step | Load: 16.313 (Prep: 3.297, Struc: 0.297, Fetch: 12.719) | Fwd: 8.485 | Bwd: 9.501 | Opt: 0.569 | GPU_Tot: 31.571
[Autotune] {"version": 1, "step": 770, "wall_seconds": 32.330707663000794, "seed_nodes": 3046109, "loss": 0.9884649276733398, "all_losses_finite": true}
[Step=0780] Wall=32.6292s | Loss=0.9698
[Profile] Avg ms/step | Load: 16.237 (Prep: 3.253, Struc: 0.297, Fetch: 12.688) | Fwd: 8.487 | Bwd: 9.504 | Opt: 0.569 | GPU_Tot: 31.545
[Autotune] {"version": 1, "step": 780, "wall_seconds": 32.62917366999318, "seed_nodes": 3087069, "loss": 0.9698019981384277, "all_losses_finite": true}
[Step=0790] Wall=33.0593s | Loss=0.9991
[Profile] Avg ms/step | Load: 16.351 (Prep: 3.331, Struc: 0.297, Fetch: 12.724) | Fwd: 8.484 | Bwd: 9.500 | Opt: 0.569 | GPU_Tot: 31.574
[Autotune] {"version": 1, "step": 790, "wall_seconds": 33.05926257499959, "seed_nodes": 3124762, "loss": 0.9991339683532715, "all_losses_finite": true}
[Step=0800] Wall=33.3832s | Loss=0.9823
[Profile] Avg ms/step | Load: 16.311 (Prep: 3.288, Struc: 0.297, Fetch: 12.726) | Fwd: 8.487 | Bwd: 9.503 | Opt: 0.569 | GPU_Tot: 31.582
[Autotune] {"version": 1, "step": 800, "wall_seconds": 33.383187796978746, "seed_nodes": 3165722, "loss": 0.9822940826416016, "all_losses_finite": true}
[Step=0810] Wall=33.7623s | Loss=0.9736
[Profile] Avg ms/step | Load: 16.355 (Prep: 3.323, Struc: 0.297, Fetch: 12.735) | Fwd: 8.484 | Bwd: 9.499 | Opt: 0.569 | GPU_Tot: 31.584
[Autotune] {"version": 1, "step": 810, "wall_seconds": 33.762294535990804, "seed_nodes": 3203415, "loss": 0.9736348152160644, "all_losses_finite": true}
[Step=0820] Wall=34.0933s | Loss=0.9818
[Profile] Avg ms/step | Load: 16.324 (Prep: 3.295, Struc: 0.297, Fetch: 12.732) | Fwd: 8.486 | Bwd: 9.502 | Opt: 0.569 | GPU_Tot: 31.587
[Autotune] {"version": 1, "step": 820, "wall_seconds": 34.093290906981565, "seed_nodes": 3244375, "loss": 0.9817561149597168, "all_losses_finite": true}
[Step=0830] Wall=34.4689s | Loss=0.9807
[Profile] Avg ms/step | Load: 16.363 (Prep: 3.354, Struc: 0.296, Fetch: 12.713) | Fwd: 8.483 | Bwd: 9.499 | Opt: 0.569 | GPU_Tot: 31.560
[Autotune] {"version": 1, "step": 830, "wall_seconds": 34.46890532199177, "seed_nodes": 3282068, "loss": 0.9807055473327637, "all_losses_finite": true}
[Step=0840] Wall=34.8186s | Loss=0.9781
[Profile] Avg ms/step | Load: 16.355 (Prep: 3.326, Struc: 0.297, Fetch: 12.733) | Fwd: 8.486 | Bwd: 9.502 | Opt: 0.569 | GPU_Tot: 31.586
[Autotune] {"version": 1, "step": 840, "wall_seconds": 34.81860004400369, "seed_nodes": 3323028, "loss": 0.9780673027038574, "all_losses_finite": true}
------------------------------------------------------------
Training Completed. Total Steps: 840 (Active: 800)
Avg Breakdown (ms): Load=16.355 [Prep:3.326, Struc:0.297, Fetch:12.733], Fwd=8.486, Bwd=9.502, Opt=0.569
------------------------------------------------------------
