$REPO_ROOT/.venv/lib/python3.11/site-packages/outdated/__init__.py:36: UserWarning: pkg_resources is deprecated as an API. See https://setuptools.pypa.io/en/latest/pkg_resources.html. The pkg_resources package is slated for removal as early as 2025-11-30. Refrain from using this package or pin to Setuptools<81.
  from pkg_resources import parse_version
2026-09-18 17:48:21,300 INFO:   Connectivity check: running command: ping -c 1 -W 3 10.125.8.2
2026-09-18 17:48:21,305 INFO:   Connectivity check succeeded.
2026-09-18 17:48:21,327 INFO:   Appliance client semantic version: 1.14.0, cluster server semantic version: 1.20.2, job operator semantic version: 1.20.2
2026-09-18 17:48:21,329 INFO:   Successfully initialized workflow with id: wflow-kp9mls4pwajzn62m5vu7tr
2026-09-18 17:48:21,335 WARNING:   The trainer configuration for train_and_eval does not configure checkpointing. In the event of a failure, the run will be restarted from the beginning. If this is not intentional, please specifiy a checkpoint callback with a checkpointing frequency to enable auto-restarting from previously saved checkpoints.
2026-09-18 17:48:21,335 INFO:   Spawning child process for the fit run ...
2026-09-18 17:48:21,339 INFO:   Child process started with pid: 920220
$REPO_ROOT/.venv/lib/python3.11/site-packages/outdated/__init__.py:36: UserWarning: pkg_resources is deprecated as an API. See https://setuptools.pypa.io/en/latest/pkg_resources.html. The pkg_resources package is slated for removal as early as 2025-11-30. Refrain from using this package or pin to Setuptools<81.
  from pkg_resources import parse_version
2026-09-18 17:48:27,278 INFO:   Current Working Directory: $REPO_ROOT/src/cerebras/modelzoo/models/gnn
2026-09-18 17:48:27,278 INFO:   Running command: $REPO_ROOT/src/cerebras/modelzoo/cli/main.py fit $REPO_ROOT/model_dirs/hpcasia_learning/arxiv_20260918T122621.253613Z/tuning/loader_w16_p2_s1_r1/params.yaml --target_device CSX --model_dir $REPO_ROOT/model_dirs/hpcasia_learning/arxiv_20260918T122621.253613Z/tuning/loader_w16_p2_s1_r1/model
2026-09-18 17:48:27,822 INFO:   No checkpoint was provided. Using randomly initialized model parameters.
2026-09-18 17:48:27,822 INFO:   Ordinal 0: Initializing GNNDataProcessor for dataset 'ogbn-arxiv' (split=train, mode=neighbor).
$REPO_ROOT/.venv/lib/python3.11/site-packages/ogb/nodeproppred/dataset_pyg.py:69: FutureWarning: You are using `torch.load` with `weights_only=False` (the current default value), which uses the default pickle module implicitly. It is possible to construct malicious pickle data which will execute arbitrary code during unpickling (See https://github.com/pytorch/pytorch/blob/main/SECURITY.md#untrusted-models for more details). In a future release, the default value for `weights_only` will be flipped to `True`. This limits the functions that could be executed during unpickling. Arbitrary objects will no longer be allowed to be loaded via this mode unless they are explicitly allowlisted by the user via `torch.serialization.add_safe_globals`. We recommend you start setting `weights_only=True` for any use case where you don't have full control of the loaded file. Please open an issue on GitHub for any issues related to this experimental feature.
  self.data, self.slices = torch.load(self.processed_paths[0])
GNN_INPUT_CONTRACT {"batch_index_origin": 0, "batch_size": 4096, "count_basis": "deterministic loader schedule; not device counters", "dataset_name": "ogbn-arxiv", "drop_last": false, "event": "gnn_input_contract", "num_streamers": 1, "ordered_targets_and_labels_sha256": "cb189ecb3f75e653df7daacc08ead8c3b14bd353d302209c179a41e2b2b47d07", "restartable": false, "sampler_seed": 42, "seed_nodes_by_batch": [4096, 4096, 4096, 4096, 4096, 4096, 4096, 4096, 4096, 4096, 4096, 4096, 4096, 4096, 4096, 4096, 4096, 4096, 4096, 4096, 4096, 4096, 829], "seed_nodes_per_epoch": 90941, "shuffle": true, "source_seed_nodes": 90941, "split": "train", "static_batch_cache_size": 0, "supervised_targets_by_batch": [4096, 4096, 4096, 4096, 4096, 4096, 4096, 4096, 4096, 4096, 4096, 4096, 4096, 4096, 4096, 4096, 4096, 4096, 4096, 4096, 4096, 4096, 829], "traversal": "continuous_sequential_batches", "traversal_scope": "single_data_executor", "version": 1}
2026-09-18 17:48:28,046 INFO:   Connectivity check: running command: ping -c 1 -W 3 10.125.8.2
2026-09-18 17:48:28,053 INFO:   Connectivity check succeeded.
2026-09-18 17:48:28,072 INFO:   Appliance client semantic version: 1.14.0, cluster server semantic version: 1.20.2, job operator semantic version: 1.20.2
2026-09-18 17:48:28,072 INFO:   ===========================================================================
2026-09-18 17:48:28,072 INFO:   Trainer Fit Summary
2026-09-18 17:48:28,072 INFO:   ---------------------------------------------------------------------------
2026-09-18 17:48:28,072 INFO:   Trainer will run 1 train loop.
2026-09-18 17:48:28,073 INFO:   
2026-09-18 17:48:28,073 INFO:   Train steps per train loop:
2026-09-18 17:48:28,073 INFO:   * 1 loop of 440 steps
2026-09-18 17:48:28,073 INFO:   for a total of 440 train steps.
2026-09-18 17:48:28,073 INFO:   
2026-09-18 17:48:28,073 INFO:   Progress will be logged every 10 steps.
2026-09-18 17:48:28,073 INFO:   ===========================================================================
2026-09-18 17:48:28,073 INFO:   ---------------------------------------------------------------------------
2026-09-18 17:48:28,073 INFO:   Starting train loop 1 of 1, from global step 1 to 440 (440 steps)
2026-09-18 17:48:28,073 INFO:   ---------------------------------------------------------------------------
2026-09-18 17:48:32,766 INFO:   Compiling the model. This may take a few minutes.
2026-09-18 17:48:32,767 INFO:   Connectivity check: running command: ping -c 1 -W 3 10.125.8.2
2026-09-18 17:48:32,772 INFO:   Connectivity check succeeded.
2026-09-18 17:48:32,788 INFO:   Appliance client semantic version: 1.14.0, cluster server semantic version: 1.20.2, job operator semantic version: 1.20.2
2026-09-18 17:48:33,923 INFO:   Initiating a new image build job against the cluster server.
2026-09-18 17:48:33,941 INFO:   Job id: imgjob-42280d4f85d91291dacb2ef766350f15, workflow id: wflow-kp9mls4pwajzn62m5vu7tr, namespace: job-operator, remote log path: /n1/wsjob/workdir/job-operator/imgjob-42280d4f85d91291dacb2ef766350f15
2026-09-18 17:48:33,944 INFO:   Connectivity check: running command: ping -c 1 -W 3 10.125.8.2
2026-09-18 17:48:33,949 INFO:   Connectivity check succeeded.
2026-09-18 17:48:33,973 INFO:   Appliance client semantic version: 1.14.0, cluster server semantic version: 1.20.2, job operator semantic version: 1.20.2
2026-09-18 17:48:34,075 INFO:   Initiating a new compile wsjob against the cluster server.
2026-09-18 17:48:34,100 INFO:   Job id: wsjob-yvufff7gzhkghpw9stavbn, workflow id: wflow-kp9mls4pwajzn62m5vu7tr, namespace: job-operator, remote log path: /n1/wsjob/workdir/job-operator/wsjob-yvufff7gzhkghpw9stavbn
2026-09-18 17:48:54,101 INFO:   Poll ingress status: Waiting for all Coordinator pods to be running, current running: 0/1.
2026-09-18 17:48:54,105 INFO:   Recording the timestamp when jobs is scheduled.
2026-09-18 17:48:54,142 WARNING:   Event 2026-09-18 17:48:35 +0000 UTC reason=InconsistentVersion wsjob=wsjob-yvufff7gzhkghpw9stavbn message='Warning: client semantic version 1.14.0 is inconsistent with cluster server semantic version 1.20.2, there's a risk job could fail due to inconsistent setup.'
2026-09-18 17:49:04,142 INFO:   Poll ingress status: Job ingress ready, dashboard: <internal-dashboard-url>
2026-09-18 17:49:04,175 INFO:   Poll ingress success: Job ingress ready, dashboard: <internal-dashboard-url>
2026-09-18 17:49:04,186 INFO:   Finalizing out-of-cluster job handle with ingress service url: 
2026-09-18 17:49:04,186 WARNING:   Empty ingress service url. Falling back to default server: 10.125.8.2:443
2026-09-18 17:49:04,256 INFO:   Found existing cached compile with hash: "cs_3310013607597699701"
2026-09-18 17:49:06,098 INFO:   Using power profile none

2026-09-18 17:49:06,112 INFO:   Compile artifacts successfully written to remote compile directory. Compile hash is: cs_3310013607597699701
2026-09-18 17:49:14,133 ERROR:   Image build job imgjob-42280d4f85d91291dacb2ef766350f15 failed. Please check the error log in $REPO_ROOT/model_dirs/hpcasia_learning/arxiv_20260918T122621.253613Z/tuning/loader_w16_p2_s1_r1/model/cerebras_logs/20260918_174827/executors/000001/custom_worker_build.out. 
2026-09-18 17:49:14,133 INFO:   Falling back to venv mounting.
2026-09-18 17:49:14,135 INFO:   Compile was successful!
2026-09-18 17:49:14,136 INFO:   Programming Cerebras Wafer Scale Cluster for execution. This may take a few minutes.
2026-09-18 17:49:16,145 INFO:   Connectivity check: running command: ping -c 1 -W 3 10.125.8.2
2026-09-18 17:49:16,151 INFO:   Connectivity check succeeded.
2026-09-18 17:49:16,168 INFO:   Appliance client semantic version: 1.14.0, cluster server semantic version: 1.20.2, job operator semantic version: 1.20.2
2026-09-18 17:49:16,170 INFO:   Initiating a new execute wsjob against the cluster server.
2026-09-18 17:49:16,208 INFO:   Job id: wsjob-abqdrhmuk6qabv7w6euwat, workflow id: wflow-kp9mls4pwajzn62m5vu7tr, namespace: job-operator, remote log path: /n1/wsjob/workdir/job-operator/wsjob-abqdrhmuk6qabv7w6euwat
2026-09-18 17:49:36,209 INFO:   Poll ingress status: Waiting for all Weight pods to be running, current running: 0/2.
2026-09-18 17:49:36,212 INFO:   Recording the timestamp when jobs is scheduled.
2026-09-18 17:49:36,251 WARNING:   Event 2026-09-18 17:49:23 +0000 UTC reason=InconsistentVersion wsjob=wsjob-abqdrhmuk6qabv7w6euwat message='Warning: client semantic version 1.14.0 is inconsistent with cluster server semantic version 1.20.2, there's a risk job could fail due to inconsistent setup.'
2026-09-18 17:49:36,251 INFO:   Infrastructure setup started for job wsjob-abqdrhmuk6qabv7w6euwat
2026-09-18 17:49:46,251 INFO:   Poll ingress status: Waiting for all Activation pods to be running, current running: 0/21.
2026-09-18 17:49:46,284 INFO:   Infrastructure setup completed successfully for job wsjob-abqdrhmuk6qabv7w6euwat
2026-09-18 17:49:56,284 INFO:   Poll ingress status: Waiting for all Chief pods to be running, current running: 0/1.
2026-09-18 17:49:56,315 INFO:   Infrastructure setup completed successfully for job wsjob-abqdrhmuk6qabv7w6euwat
2026-09-18 17:50:06,315 INFO:   Poll ingress status: Job ingress ready, dashboard: <internal-dashboard-url>
2026-09-18 17:50:06,347 INFO:   Infrastructure setup completed successfully for job wsjob-abqdrhmuk6qabv7w6euwat
2026-09-18 17:50:06,347 INFO:   Poll ingress success: Job ingress ready, dashboard: <internal-dashboard-url>
2026-09-18 17:50:06,360 INFO:   Finalizing out-of-cluster job handle with ingress service url: 
2026-09-18 17:50:06,360 WARNING:   Empty ingress service url. Falling back to default server: 10.125.8.2:443
2026-09-18 17:50:06,439 INFO:   Preparing to execute using 1 CSX
2026-09-18 17:50:23,836 INFO:   About to send initial weights
2026-09-18 17:50:24,052 INFO:   Finished sending initial weights
2026-09-18 17:50:24,052 INFO:   Finalizing appliance staging for the run
2026-09-18 17:50:30,547 INFO:   Waiting for device programming to complete
2026-09-18 17:50:43,843 INFO:   Device programming is complete
2026-09-18 17:50:44,171 INFO:   Using network type: ROCE
2026-09-18 17:50:44,172 INFO:   Waiting for input workers to prime the data pipeline and begin streaming ...
2026-09-18 17:50:44,182 INFO:   Input workers have begun streaming input data
2026-09-18 17:50:44,334 INFO:   Appliance staging is complete
2026-09-18 17:50:44,334 INFO:   Beginning appliance run
2026-09-18 17:50:54,614 INFO:   | Train Device=CSX, Step=10, Loss=3.37719, Rate=2947.83 samples/sec, GlobalRate=284.70 samples/sec, LoopTimeRemaining=0:09:52, TimeRemaining=0:09:52
2026-09-18 17:51:08,540 INFO:   | Train Device=CSX, Step=20, Loss=2.83006, Rate=2964.18 samples/sec, GlobalRate=519.16 samples/sec, LoopTimeRemaining=0:09:43, TimeRemaining=0:09:43
2026-09-18 17:51:26,769 INFO:   | Train Device=CSX, Step=30, Loss=2.48321, Rate=2927.47 samples/sec, GlobalRate=698.09 samples/sec, LoopTimeRemaining=0:09:29, TimeRemaining=0:09:29
2026-09-18 17:51:40,613 INFO:   | Train Device=CSX, Step=40, Loss=2.17466, Rate=2948.15 samples/sec, GlobalRate=862.92 samples/sec, LoopTimeRemaining=0:09:15, TimeRemaining=0:09:15
2026-09-18 17:51:58,793 INFO:   | Train Device=CSX, Step=50, Loss=1.85241, Rate=2795.72 samples/sec, GlobalRate=984.39 samples/sec, LoopTimeRemaining=0:09:02, TimeRemaining=0:09:02
2026-09-18 17:52:12,869 INFO:   | Train Device=CSX, Step=60, Loss=1.63806, Rate=2917.08 samples/sec, GlobalRate=1106.41 samples/sec, LoopTimeRemaining=0:08:48, TimeRemaining=0:08:48
2026-09-18 17:52:30,763 INFO:   | Train Device=CSX, Step=70, Loss=1.52059, Rate=1639.79 samples/sec, GlobalRate=1194.58 samples/sec, LoopTimeRemaining=0:08:34, TimeRemaining=0:08:34
2026-09-18 17:52:45,072 INFO:   | Train Device=CSX, Step=80, Loss=1.42359, Rate=2930.36 samples/sec, GlobalRate=1288.42 samples/sec, LoopTimeRemaining=0:08:20, TimeRemaining=0:08:20
2026-09-18 17:52:58,950 INFO:   | Train Device=CSX, Step=90, Loss=1.41382, Rate=2948.00 samples/sec, GlobalRate=1374.47 samples/sec, LoopTimeRemaining=0:08:06, TimeRemaining=0:08:06
2026-09-18 17:53:17,324 INFO:   | Train Device=CSX, Step=100, Loss=1.31883, Rate=2943.75 samples/sec, GlobalRate=1429.27 samples/sec, LoopTimeRemaining=0:07:53, TimeRemaining=0:07:53
2026-09-18 17:53:31,413 INFO:   | Train Device=CSX, Step=110, Loss=1.27947, Rate=2941.42 samples/sec, GlobalRate=1498.53 samples/sec, LoopTimeRemaining=0:07:39, TimeRemaining=0:07:39
2026-09-18 17:53:50,121 INFO:   | Train Device=CSX, Step=120, Loss=1.21283, Rate=2878.95 samples/sec, GlobalRate=1539.00 samples/sec, LoopTimeRemaining=0:07:25, TimeRemaining=0:07:25
2026-09-18 17:54:04,229 INFO:   | Train Device=CSX, Step=130, Loss=1.25431, Rate=2922.01 samples/sec, GlobalRate=1596.72 samples/sec, LoopTimeRemaining=0:07:11, TimeRemaining=0:07:11
2026-09-18 17:54:22,550 INFO:   | Train Device=CSX, Step=140, Loss=1.17677, Rate=2292.28 samples/sec, GlobalRate=1629.99 samples/sec, LoopTimeRemaining=0:06:58, TimeRemaining=0:06:58
2026-09-18 17:54:36,883 INFO:   | Train Device=CSX, Step=150, Loss=1.18961, Rate=2881.95 samples/sec, GlobalRate=1678.06 samples/sec, LoopTimeRemaining=0:06:44, TimeRemaining=0:06:44
2026-09-18 17:54:51,252 INFO:   | Train Device=CSX, Step=160, Loss=1.17591, Rate=2937.97 samples/sec, GlobalRate=1722.33 samples/sec, LoopTimeRemaining=0:06:30, TimeRemaining=0:06:30
2026-09-18 17:55:09,785 INFO:   | Train Device=CSX, Step=170, Loss=1.11490, Rate=2956.27 samples/sec, GlobalRate=1744.99 samples/sec, LoopTimeRemaining=0:06:16, TimeRemaining=0:06:16
2026-09-18 17:55:24,163 INFO:   | Train Device=CSX, Step=180, Loss=1.16431, Rate=2684.55 samples/sec, GlobalRate=1783.38 samples/sec, LoopTimeRemaining=0:06:02, TimeRemaining=0:06:02
2026-09-18 17:55:42,457 INFO:   | Train Device=CSX, Step=190, Loss=1.17256, Rate=2931.63 samples/sec, GlobalRate=1802.68 samples/sec, LoopTimeRemaining=0:05:48, TimeRemaining=0:05:48
2026-09-18 17:55:56,342 INFO:   | Train Device=CSX, Step=200, Loss=1.15904, Rate=2929.92 samples/sec, GlobalRate=1838.43 samples/sec, LoopTimeRemaining=0:05:34, TimeRemaining=0:05:34
2026-09-18 17:56:14,812 INFO:   | Train Device=CSX, Step=210, Loss=1.11809, Rate=2628.68 samples/sec, GlobalRate=1853.52 samples/sec, LoopTimeRemaining=0:05:21, TimeRemaining=0:05:21
2026-09-18 17:56:28,908 INFO:   | Train Device=CSX, Step=220, Loss=1.11506, Rate=2955.28 samples/sec, GlobalRate=1884.55 samples/sec, LoopTimeRemaining=0:05:07, TimeRemaining=0:05:07
2026-09-18 17:56:43,017 INFO:   | Train Device=CSX, Step=230, Loss=1.00655, Rate=2974.16 samples/sec, GlobalRate=1913.74 samples/sec, LoopTimeRemaining=0:04:52, TimeRemaining=0:04:52
2026-09-18 17:57:01,232 INFO:   | Train Device=CSX, Step=240, Loss=1.11497, Rate=2972.83 samples/sec, GlobalRate=1925.69 samples/sec, LoopTimeRemaining=0:04:38, TimeRemaining=0:04:38
2026-09-18 17:57:15,227 INFO:   | Train Device=CSX, Step=250, Loss=1.07827, Rate=2945.16 samples/sec, GlobalRate=1952.40 samples/sec, LoopTimeRemaining=0:04:25, TimeRemaining=0:04:25
2026-09-18 17:57:33,513 INFO:   | Train Device=CSX, Step=260, Loss=1.07885, Rate=2951.14 samples/sec, GlobalRate=1962.09 samples/sec, LoopTimeRemaining=0:04:11, TimeRemaining=0:04:11
2026-09-18 17:57:47,353 INFO:   | Train Device=CSX, Step=270, Loss=1.08083, Rate=2932.54 samples/sec, GlobalRate=1986.89 samples/sec, LoopTimeRemaining=0:03:56, TimeRemaining=0:03:56
2026-09-18 17:58:05,541 INFO:   | Train Device=CSX, Step=280, Loss=1.11849, Rate=2836.47 samples/sec, GlobalRate=1995.28 samples/sec, LoopTimeRemaining=0:03:42, TimeRemaining=0:03:42
2026-09-18 17:58:19,388 INFO:   | Train Device=CSX, Step=290, Loss=1.06843, Rate=2971.80 samples/sec, GlobalRate=2017.93 samples/sec, LoopTimeRemaining=0:03:28, TimeRemaining=0:03:28
2026-09-18 17:58:37,365 INFO:   | Train Device=CSX, Step=300, Loss=1.02315, Rate=1628.25 samples/sec, GlobalRate=2025.65 samples/sec, LoopTimeRemaining=0:03:15, TimeRemaining=0:03:15
2026-09-18 17:58:52,117 INFO:   | Train Device=CSX, Step=310, Loss=1.04774, Rate=2942.60 samples/sec, GlobalRate=2043.48 samples/sec, LoopTimeRemaining=0:03:01, TimeRemaining=0:03:01
2026-09-18 17:59:06,277 INFO:   | Train Device=CSX, Step=320, Loss=1.09656, Rate=2935.30 samples/sec, GlobalRate=2062.40 samples/sec, LoopTimeRemaining=0:02:47, TimeRemaining=0:02:47
2026-09-18 17:59:24,457 INFO:   | Train Device=CSX, Step=330, Loss=1.02357, Rate=2970.09 samples/sec, GlobalRate=2067.70 samples/sec, LoopTimeRemaining=0:02:33, TimeRemaining=0:02:33
2026-09-18 17:59:38,340 INFO:   | Train Device=CSX, Step=340, Loss=1.03504, Rate=2942.91 samples/sec, GlobalRate=2086.05 samples/sec, LoopTimeRemaining=0:02:19, TimeRemaining=0:02:19
2026-09-18 17:59:56,540 INFO:   | Train Device=CSX, Step=350, Loss=0.99137, Rate=2884.40 samples/sec, GlobalRate=2090.42 samples/sec, LoopTimeRemaining=0:02:05, TimeRemaining=0:02:05
2026-09-18 18:00:10,645 INFO:   | Train Device=CSX, Step=360, Loss=1.03419, Rate=2958.30 samples/sec, GlobalRate=2106.82 samples/sec, LoopTimeRemaining=0:01:51, TimeRemaining=0:01:51
2026-09-18 18:00:28,735 INFO:   | Train Device=CSX, Step=370, Loss=1.01350, Rate=2215.10 samples/sec, GlobalRate=2110.78 samples/sec, LoopTimeRemaining=0:01:37, TimeRemaining=0:01:37
2026-09-18 18:00:42,643 INFO:   | Train Device=CSX, Step=380, Loss=1.02233, Rate=2931.30 samples/sec, GlobalRate=2126.63 samples/sec, LoopTimeRemaining=0:01:23, TimeRemaining=0:01:23
2026-09-18 18:00:56,580 INFO:   | Train Device=CSX, Step=390, Loss=1.02352, Rate=2942.18 samples/sec, GlobalRate=2141.81 samples/sec, LoopTimeRemaining=0:01:10, TimeRemaining=0:01:10
2026-09-18 18:01:15,488 INFO:   | Train Device=CSX, Step=400, Loss=0.95176, Rate=2820.44 samples/sec, GlobalRate=2142.42 samples/sec, LoopTimeRemaining=0:00:56, TimeRemaining=0:00:56
2026-09-18 18:01:30,176 INFO:   | Train Device=CSX, Step=410, Loss=1.01225, Rate=2784.44 samples/sec, GlobalRate=2154.60 samples/sec, LoopTimeRemaining=0:00:42, TimeRemaining=0:00:42
2026-09-18 18:01:48,768 INFO:   | Train Device=CSX, Step=420, Loss=1.01939, Rate=2899.10 samples/sec, GlobalRate=2155.73 samples/sec, LoopTimeRemaining=0:00:28, TimeRemaining=0:00:28
2026-09-18 18:02:02,709 INFO:   | Train Device=CSX, Step=430, Loss=1.00939, Rate=2946.96 samples/sec, GlobalRate=2169.16 samples/sec, LoopTimeRemaining=0:00:14, TimeRemaining=0:00:14
2026-09-18 18:02:21,215 INFO:   | Train Device=CSX, Step=440, Loss=0.98283, Rate=2575.97 samples/sec, GlobalRate=2170.14 samples/sec, LoopTimeRemaining=0:00:00, TimeRemaining=0:00:00
2026-09-18 18:02:21,326 INFO:   Training completed successfully!
2026-09-18 18:02:21,337 INFO:   Processed 1802240 training sample(s) in 833.291508806 seconds.
