$REPO_ROOT/.venv/lib/python3.11/site-packages/outdated/__init__.py:36: UserWarning: pkg_resources is deprecated as an API. See https://setuptools.pypa.io/en/latest/pkg_resources.html. The pkg_resources package is slated for removal as early as 2025-11-30. Refrain from using this package or pin to Setuptools<81.
  from pkg_resources import parse_version
[ddp] Single-process mode: device=cuda
[Info] Running in Single-Process mode (CPU or Single GPU).
[Info] Device: cuda
[GraphCache] Caching disabled (0 nodes).
[Step=0010] Wall=23.0028s | Loss=10.5055
[Profile] Avg ms/step | Load: 153.680 (Prep: 57.662, Struc: 1.413, Fetch: 94.606) | Fwd: 1767.950 | Bwd: 371.463 | Opt: 4.625 | GPU_Tot: 2240.056
[Autotune] {"version": 1, "step": 10, "wall_seconds": 23.00282622400846, "seed_nodes": 40960, "loss": 10.50548858642578, "all_losses_finite": true}
[Step=0020] Wall=25.1236s | Loss=2.8083
[Profile] Avg ms/step | Load: 122.321 (Prep: 29.042, Struc: 1.349, Fetch: 91.930) | Fwd: 911.104 | Bwd: 218.689 | Opt: 2.683 | GPU_Tot: 1225.755
[Autotune] {"version": 1, "step": 20, "wall_seconds": 25.12359721699613, "seed_nodes": 81920, "loss": 2.8082836151123045, "all_losses_finite": true}
[Step=0030] Wall=27.2438s | Loss=2.3146
[Profile] Avg ms/step | Load: 111.951 (Prep: 19.500, Struc: 1.328, Fetch: 91.122) | Fwd: 625.449 | Bwd: 167.721 | Opt: 2.020 | GPU_Tot: 887.640
[Autotune] {"version": 1, "step": 30, "wall_seconds": 27.243796559996554, "seed_nodes": 122880, "loss": 2.3145984649658202, "all_losses_finite": true}
[Step=0040] Wall=29.4291s | Loss=1.8307
[Profile] Avg ms/step | Load: 0.000 (Prep: 0.000, Struc: 0.000, Fetch: 0.000) | Fwd: 0.000 | Bwd: 0.000 | Opt: 0.000 | GPU_Tot: 0.000
[Autotune] {"version": 1, "step": 40, "wall_seconds": 29.429079713008832, "seed_nodes": 163840, "loss": 1.8307138442993165, "all_losses_finite": true}
[Step=0050] Wall=31.7619s | Loss=1.5114
[Profile] Avg ms/step | Load: 121.746 (Prep: 41.578, Struc: 1.178, Fetch: 78.990) | Fwd: 50.850 | Bwd: 59.841 | Opt: 0.662 | GPU_Tot: 191.520
[Autotune] {"version": 1, "step": 50, "wall_seconds": 31.761879498008057, "seed_nodes": 200711, "loss": 1.5114493370056152, "all_losses_finite": true}
[Step=0060] Wall=33.9034s | Loss=1.4862
[Profile] Avg ms/step | Load: 107.212 (Prep: 20.995, Struc: 1.236, Fetch: 84.981) | Fwd: 52.569 | Bwd: 63.062 | Opt: 0.686 | GPU_Tot: 202.534
[Autotune] {"version": 1, "step": 60, "wall_seconds": 33.90340548400127, "seed_nodes": 241671, "loss": 1.486210536956787, "all_losses_finite": true}
[Step=0070] Wall=36.0231s | Loss=1.3470
[Profile] Avg ms/step | Load: 101.746 (Prep: 14.131, Struc: 1.253, Fetch: 86.362) | Fwd: 53.124 | Bwd: 64.049 | Opt: 0.694 | GPU_Tot: 205.482
[Autotune] {"version": 1, "step": 70, "wall_seconds": 36.023067608999554, "seed_nodes": 282631, "loss": 1.34698429107666, "all_losses_finite": true}
[Step=0080] Wall=38.1692s | Loss=1.2492
[Profile] Avg ms/step | Load: 99.622 (Prep: 10.696, Struc: 1.262, Fetch: 87.664) | Fwd: 53.418 | Bwd: 64.580 | Opt: 0.697 | GPU_Tot: 207.621
[Autotune] {"version": 1, "step": 80, "wall_seconds": 38.16920382299577, "seed_nodes": 323591, "loss": 1.2491809844970703, "all_losses_finite": true}
[Step=0090] Wall=40.2934s | Loss=1.1746
[Profile] Avg ms/step | Load: 97.881 (Prep: 8.638, Struc: 1.267, Fetch: 87.976) | Fwd: 53.596 | Bwd: 64.924 | Opt: 0.698 | GPU_Tot: 208.460
[Autotune] {"version": 1, "step": 90, "wall_seconds": 40.293406964003225, "seed_nodes": 364551, "loss": 1.1746150970458984, "all_losses_finite": true}
[Step=0100] Wall=42.6083s | Loss=1.1297
[Profile] Avg ms/step | Load: 101.904 (Prep: 14.442, Struc: 1.251, Fetch: 86.211) | Fwd: 52.824 | Bwd: 64.043 | Opt: 0.694 | GPU_Tot: 205.024
[Autotune] {"version": 1, "step": 100, "wall_seconds": 42.60825788900547, "seed_nodes": 401422, "loss": 1.129715633392334, "all_losses_finite": true}
[Step=0110] Wall=44.7180s | Loss=1.0429
[Profile] Avg ms/step | Load: 100.160 (Prep: 12.436, Struc: 1.256, Fetch: 86.468) | Fwd: 53.022 | Bwd: 64.348 | Opt: 0.696 | GPU_Tot: 205.789
[Autotune] {"version": 1, "step": 110, "wall_seconds": 44.71799919899786, "seed_nodes": 442382, "loss": 1.0428624153137207, "all_losses_finite": true}
[Step=0120] Wall=46.8537s | Loss=0.9666
[Profile] Avg ms/step | Load: 99.201 (Prep: 10.932, Struc: 1.259, Fetch: 87.009) | Fwd: 53.167 | Bwd: 64.555 | Opt: 0.696 | GPU_Tot: 206.687
[Autotune] {"version": 1, "step": 120, "wall_seconds": 46.85371008999937, "seed_nodes": 483342, "loss": 0.9665610313415527, "all_losses_finite": true}
[Step=0130] Wall=48.9748s | Loss=0.9033
[Profile] Avg ms/step | Load: 98.249 (Prep: 9.762, Struc: 1.263, Fetch: 87.224) | Fwd: 53.299 | Bwd: 64.741 | Opt: 0.697 | GPU_Tot: 207.224
[Autotune] {"version": 1, "step": 130, "wall_seconds": 48.974752316004015, "seed_nodes": 524302, "loss": 0.9032707214355469, "all_losses_finite": true}
[Step=0140] Wall=51.1165s | Loss=0.8566
[Profile] Avg ms/step | Load: 97.687 (Prep: 8.827, Struc: 1.265, Fetch: 87.595) | Fwd: 53.405 | Bwd: 64.895 | Opt: 0.698 | GPU_Tot: 207.859
[Autotune] {"version": 1, "step": 140, "wall_seconds": 51.11647053199704, "seed_nodes": 565262, "loss": 0.8566117286682129, "all_losses_finite": true}
[Step=0150] Wall=53.4195s | Loss=0.9460
[Profile] Avg ms/step | Load: 99.759 (Prep: 11.749, Struc: 1.258, Fetch: 86.752) | Fwd: 53.004 | Bwd: 64.447 | Opt: 0.696 | GPU_Tot: 206.157
[Autotune] {"version": 1, "step": 150, "wall_seconds": 53.41947175899986, "seed_nodes": 602133, "loss": 0.9460415840148926, "all_losses_finite": true}
[Step=0160] Wall=55.5579s | Loss=0.8604
[Profile] Avg ms/step | Load: 99.127 (Prep: 10.805, Struc: 1.264, Fetch: 87.059) | Fwd: 53.118 | Bwd: 64.609 | Opt: 0.697 | GPU_Tot: 206.747
[Autotune] {"version": 1, "step": 160, "wall_seconds": 55.55787809699541, "seed_nodes": 643093, "loss": 0.8603792190551758, "all_losses_finite": true}
[Step=0170] Wall=57.6753s | Loss=0.8041
[Profile] Avg ms/step | Load: 98.457 (Prep: 10.005, Struc: 1.266, Fetch: 87.187) | Fwd: 53.204 | Bwd: 64.731 | Opt: 0.697 | GPU_Tot: 207.085
[Autotune] {"version": 1, "step": 170, "wall_seconds": 57.67528133800079, "seed_nodes": 684053, "loss": 0.8041414260864258, "all_losses_finite": true}
[Step=0180] Wall=59.8044s | Loss=0.7689
[Profile] Avg ms/step | Load: 97.965 (Prep: 9.319, Struc: 1.268, Fetch: 87.378) | Fwd: 53.282 | Bwd: 64.831 | Opt: 0.700 | GPU_Tot: 207.458
[Autotune] {"version": 1, "step": 180, "wall_seconds": 59.8043846119981, "seed_nodes": 725013, "loss": 0.768878698348999, "all_losses_finite": true}
[Step=0190] Wall=61.9342s | Loss=0.7433
[Profile] Avg ms/step | Load: 97.537 (Prep: 8.725, Struc: 1.271, Fetch: 87.542) | Fwd: 53.349 | Bwd: 64.922 | Opt: 0.703 | GPU_Tot: 207.787
[Autotune] {"version": 1, "step": 190, "wall_seconds": 61.93420208900352, "seed_nodes": 765973, "loss": 0.7433053493499756, "all_losses_finite": true}
[Step=0200] Wall=64.2292s | Loss=0.7992
[Profile] Avg ms/step | Load: 98.951 (Prep: 10.819, Struc: 1.265, Fetch: 86.867) | Fwd: 53.076 | Bwd: 64.584 | Opt: 0.701 | GPU_Tot: 206.493
[Autotune] {"version": 1, "step": 200, "wall_seconds": 64.22920387300837, "seed_nodes": 802844, "loss": 0.7992467403411865, "all_losses_finite": true}
[Step=0210] Wall=66.3439s | Loss=0.7954
[Profile] Avg ms/step | Load: 98.411 (Prep: 10.207, Struc: 1.266, Fetch: 86.938) | Fwd: 53.154 | Bwd: 64.689 | Opt: 0.702 | GPU_Tot: 206.750
[Autotune] {"version": 1, "step": 210, "wall_seconds": 66.34385449200636, "seed_nodes": 843804, "loss": 0.7954092979431152, "all_losses_finite": true}
[Step=0220] Wall=68.4709s | Loss=0.7519
[Profile] Avg ms/step | Load: 98.006 (Prep: 9.663, Struc: 1.267, Fetch: 87.076) | Fwd: 53.221 | Bwd: 64.782 | Opt: 0.702 | GPU_Tot: 207.047
[Autotune] {"version": 1, "step": 220, "wall_seconds": 68.47085359500488, "seed_nodes": 884764, "loss": 0.7519395351409912, "all_losses_finite": true}
[Step=0230] Wall=70.6002s | Loss=0.7120
[Profile] Avg ms/step | Load: 97.650 (Prep: 9.176, Struc: 1.268, Fetch: 87.205) | Fwd: 53.282 | Bwd: 64.867 | Opt: 0.702 | GPU_Tot: 207.325
[Autotune] {"version": 1, "step": 230, "wall_seconds": 70.60017512500053, "seed_nodes": 925724, "loss": 0.7120021343231201, "all_losses_finite": true}
[Step=0240] Wall=72.7555s | Loss=0.7023
[Profile] Avg ms/step | Load: 97.502 (Prep: 8.738, Struc: 1.269, Fetch: 87.495) | Fwd: 53.325 | Bwd: 64.915 | Opt: 0.702 | GPU_Tot: 207.706
[Autotune] {"version": 1, "step": 240, "wall_seconds": 72.75553556800878, "seed_nodes": 966684, "loss": 0.7023386001586914, "all_losses_finite": true}
[Step=0250] Wall=75.0508s | Loss=0.7131
[Profile] Avg ms/step | Load: 98.580 (Prep: 10.293, Struc: 1.265, Fetch: 87.021) | Fwd: 53.117 | Bwd: 64.660 | Opt: 0.701 | GPU_Tot: 206.765
[Autotune] {"version": 1, "step": 250, "wall_seconds": 75.05084960399836, "seed_nodes": 1003555, "loss": 0.7130689144134521, "all_losses_finite": true}
[Step=0260] Wall=77.1873s | Loss=0.7326
[Profile] Avg ms/step | Load: 98.289 (Prep: 9.844, Struc: 1.266, Fetch: 87.179) | Fwd: 53.175 | Bwd: 64.729 | Opt: 0.701 | GPU_Tot: 207.050
[Autotune] {"version": 1, "step": 260, "wall_seconds": 77.1872838929994, "seed_nodes": 1044515, "loss": 0.7325958251953125, "all_losses_finite": true}
[Step=0270] Wall=79.3030s | Loss=0.6907
[Profile] Avg ms/step | Load: 97.924 (Prep: 9.434, Struc: 1.267, Fetch: 87.223) | Fwd: 53.226 | Bwd: 64.804 | Opt: 0.701 | GPU_Tot: 207.221
[Autotune] {"version": 1, "step": 270, "wall_seconds": 79.30302740800835, "seed_nodes": 1085475, "loss": 0.6907443046569824, "all_losses_finite": true}
[Step=0280] Wall=81.4258s | Loss=0.6710
[Profile] Avg ms/step | Load: 97.636 (Prep: 9.059, Struc: 1.268, Fetch: 87.309) | Fwd: 53.268 | Bwd: 64.859 | Opt: 0.701 | GPU_Tot: 207.405
[Autotune] {"version": 1, "step": 280, "wall_seconds": 81.42584479499783, "seed_nodes": 1126435, "loss": 0.6710423946380615, "all_losses_finite": true}
[Step=0290] Wall=83.5653s | Loss=0.6522
[Profile] Avg ms/step | Load: 97.427 (Prep: 8.754, Struc: 1.269, Fetch: 87.405) | Fwd: 53.312 | Bwd: 64.916 | Opt: 0.701 | GPU_Tot: 207.602
[Autotune] {"version": 1, "step": 290, "wall_seconds": 83.56530471300357, "seed_nodes": 1167395, "loss": 0.6521733283996582, "all_losses_finite": true}
[Step=0300] Wall=85.8789s | Loss=0.7560
[Profile] Avg ms/step | Load: 98.339 (Prep: 9.986, Struc: 1.265, Fetch: 87.087) | Fwd: 53.151 | Bwd: 64.736 | Opt: 0.700 | GPU_Tot: 206.940
[Autotune] {"version": 1, "step": 300, "wall_seconds": 85.87890940300713, "seed_nodes": 1204266, "loss": 0.7559566020965576, "all_losses_finite": true}
[Step=0310] Wall=88.0039s | Loss=0.7510
[Profile] Avg ms/step | Load: 98.068 (Prep: 9.632, Struc: 1.266, Fetch: 87.170) | Fwd: 53.195 | Bwd: 64.792 | Opt: 0.700 | GPU_Tot: 207.123
[Autotune] {"version": 1, "step": 310, "wall_seconds": 88.00385636699502, "seed_nodes": 1245226, "loss": 0.7510139465332031, "all_losses_finite": true}
[Step=0320] Wall=90.1419s | Loss=0.6793
[Profile] Avg ms/step | Load: 97.860 (Prep: 9.303, Struc: 1.267, Fetch: 87.291) | Fwd: 53.235 | Bwd: 64.848 | Opt: 0.700 | GPU_Tot: 207.340
[Autotune] {"version": 1, "step": 320, "wall_seconds": 90.14186700100254, "seed_nodes": 1286186, "loss": 0.6793462753295898, "all_losses_finite": true}
[Step=0330] Wall=92.2996s | Loss=0.6549
[Profile] Avg ms/step | Load: 97.738 (Prep: 8.996, Struc: 1.267, Fetch: 87.474) | Fwd: 53.274 | Bwd: 64.894 | Opt: 0.700 | GPU_Tot: 207.610
[Autotune] {"version": 1, "step": 330, "wall_seconds": 92.29963148100069, "seed_nodes": 1327146, "loss": 0.6549145698547363, "all_losses_finite": true}
[Step=0340] Wall=94.4637s | Loss=0.6504
[Profile] Avg ms/step | Load: 97.617 (Prep: 8.741, Struc: 1.268, Fetch: 87.608) | Fwd: 53.317 | Bwd: 64.959 | Opt: 0.701 | GPU_Tot: 207.852
[Autotune] {"version": 1, "step": 340, "wall_seconds": 94.46373318599944, "seed_nodes": 1368106, "loss": 0.6504461288452148, "all_losses_finite": true}
[Step=0350] Wall=96.7825s | Loss=0.6104
[Profile] Avg ms/step | Load: 98.413 (Prep: 9.749, Struc: 1.265, Fetch: 87.399) | Fwd: 53.178 | Bwd: 64.788 | Opt: 0.701 | GPU_Tot: 207.331
[Autotune] {"version": 1, "step": 350, "wall_seconds": 96.78254265300347, "seed_nodes": 1404977, "loss": 0.6104289054870605, "all_losses_finite": true}
[Step=0360] Wall=98.9117s | Loss=0.6386
[Profile] Avg ms/step | Load: 98.193 (Prep: 9.458, Struc: 1.266, Fetch: 87.469) | Fwd: 53.214 | Bwd: 64.837 | Opt: 0.701 | GPU_Tot: 207.487
[Autotune] {"version": 1, "step": 360, "wall_seconds": 98.9116511339962, "seed_nodes": 1445937, "loss": 0.6386028289794922, "all_losses_finite": true}
[Step=0370] Wall=101.0439s | Loss=0.6401
[Profile] Avg ms/step | Load: 97.982 (Prep: 9.184, Struc: 1.266, Fetch: 87.532) | Fwd: 53.252 | Bwd: 64.891 | Opt: 0.701 | GPU_Tot: 207.642
[Autotune] {"version": 1, "step": 370, "wall_seconds": 101.04388734800159, "seed_nodes": 1486897, "loss": 0.6400660514831543, "all_losses_finite": true}
[Step=0380] Wall=103.1908s | Loss=0.6325
[Profile] Avg ms/step | Load: 97.824 (Prep: 8.926, Struc: 1.267, Fetch: 87.631) | Fwd: 53.288 | Bwd: 64.944 | Opt: 0.701 | GPU_Tot: 207.831
[Autotune] {"version": 1, "step": 380, "wall_seconds": 103.19079728600627, "seed_nodes": 1527857, "loss": 0.6324573516845703, "all_losses_finite": true}
[Step=0390] Wall=105.3349s | Loss=0.6163
[Profile] Avg ms/step | Load: 97.676 (Prep: 8.711, Struc: 1.268, Fetch: 87.697) | Fwd: 53.319 | Bwd: 64.989 | Opt: 0.700 | GPU_Tot: 207.974
[Autotune] {"version": 1, "step": 390, "wall_seconds": 105.33489433000796, "seed_nodes": 1568817, "loss": 0.6163227558135986, "all_losses_finite": true}
[Step=0400] Wall=107.6557s | Loss=0.5907
[Profile] Avg ms/step | Load: 98.351 (Prep: 9.650, Struc: 1.265, Fetch: 87.435) | Fwd: 53.205 | Bwd: 64.852 | Opt: 0.700 | GPU_Tot: 207.457
[Autotune] {"version": 1, "step": 400, "wall_seconds": 107.65573400299763, "seed_nodes": 1605688, "loss": 0.590687894821167, "all_losses_finite": true}
[Step=0410] Wall=109.7637s | Loss=0.6378
[Profile] Avg ms/step | Load: 98.100 (Prep: 9.401, Struc: 1.266, Fetch: 87.434) | Fwd: 53.238 | Bwd: 64.893 | Opt: 0.700 | GPU_Tot: 207.531
[Autotune] {"version": 1, "step": 410, "wall_seconds": 109.7637380429951, "seed_nodes": 1646648, "loss": 0.6377528667449951, "all_losses_finite": true}
[Step=0420] Wall=111.9313s | Loss=0.6064
[Profile] Avg ms/step | Load: 97.917 (Prep: 9.164, Struc: 1.269, Fetch: 87.483) | Fwd: 53.328 | Bwd: 64.962 | Opt: 0.716 | GPU_Tot: 207.758
[Autotune] {"version": 1, "step": 420, "wall_seconds": 111.93128887900093, "seed_nodes": 1687608, "loss": 0.606394100189209, "all_losses_finite": true}
[Step=0430] Wall=114.0782s | Loss=0.6150
[Profile] Avg ms/step | Load: 97.777 (Prep: 8.940, Struc: 1.270, Fetch: 87.568) | Fwd: 53.358 | Bwd: 65.010 | Opt: 0.715 | GPU_Tot: 207.921
[Autotune] {"version": 1, "step": 430, "wall_seconds": 114.07823809499678, "seed_nodes": 1728568, "loss": 0.6149829387664795, "all_losses_finite": true}
[Step=0440] Wall=116.1832s | Loss=0.6047
[Profile] Avg ms/step | Load: 97.545 (Prep: 8.749, Struc: 1.270, Fetch: 87.526) | Fwd: 53.385 | Bwd: 65.052 | Opt: 0.715 | GPU_Tot: 207.947
[Autotune] {"version": 1, "step": 440, "wall_seconds": 116.18317085399758, "seed_nodes": 1769528, "loss": 0.6047202110290527, "all_losses_finite": true}
[Step=0450] Wall=118.5066s | Loss=0.7025
[Profile] Avg ms/step | Load: 98.146 (Prep: 9.529, Struc: 1.268, Fetch: 87.349) | Fwd: 53.289 | Bwd: 64.924 | Opt: 0.715 | GPU_Tot: 207.545
[Autotune] {"version": 1, "step": 450, "wall_seconds": 118.50662911900145, "seed_nodes": 1806399, "loss": 0.70252685546875, "all_losses_finite": true}
[Step=0460] Wall=120.6384s | Loss=0.6784
[Profile] Avg ms/step | Load: 97.977 (Prep: 9.312, Struc: 1.268, Fetch: 87.397) | Fwd: 53.319 | Bwd: 64.967 | Opt: 0.714 | GPU_Tot: 207.664
[Autotune] {"version": 1, "step": 460, "wall_seconds": 120.63843564799754, "seed_nodes": 1847359, "loss": 0.6784084796905517, "all_losses_finite": true}
[Step=0470] Wall=122.7656s | Loss=0.6477
[Profile] Avg ms/step | Load: 97.806 (Prep: 9.105, Struc: 1.269, Fetch: 87.432) | Fwd: 53.347 | Bwd: 65.006 | Opt: 0.714 | GPU_Tot: 207.768
[Autotune] {"version": 1, "step": 470, "wall_seconds": 122.76561676499841, "seed_nodes": 1888319, "loss": 0.6477450847625732, "all_losses_finite": true}
[Step=0480] Wall=124.9355s | Loss=0.6118
[Profile] Avg ms/step | Load: 97.742 (Prep: 8.908, Struc: 1.269, Fetch: 87.565) | Fwd: 53.372 | Bwd: 65.044 | Opt: 0.714 | GPU_Tot: 207.963
[Autotune] {"version": 1, "step": 480, "wall_seconds": 124.93551654800831, "seed_nodes": 1929279, "loss": 0.6117610454559326, "all_losses_finite": true}
[Step=0490] Wall=126.8666s | Loss=0.5979
[Profile] Avg ms/step | Load: 97.403 (Prep: 8.740, Struc: 1.267, Fetch: 87.396) | Fwd: 53.282 | Bwd: 64.940 | Opt: 0.713 | GPU_Tot: 207.599
[Autotune] {"version": 1, "step": 490, "wall_seconds": 126.8666480039974, "seed_nodes": 1966150, "loss": 0.5979331493377685, "all_losses_finite": true}
[Step=0500] Wall=129.3974s | Loss=0.6346
[Profile] Avg ms/step | Load: 98.137 (Prep: 9.445, Struc: 1.268, Fetch: 87.425) | Fwd: 53.306 | Bwd: 64.977 | Opt: 0.713 | GPU_Tot: 207.689
[Autotune] {"version": 1, "step": 500, "wall_seconds": 129.39738624999882, "seed_nodes": 2007110, "loss": 0.6345978736877441, "all_losses_finite": true}
[Step=0510] Wall=131.5180s | Loss=0.6257
[Profile] Avg ms/step | Load: 97.962 (Prep: 9.253, Struc: 1.268, Fetch: 87.441) | Fwd: 53.333 | Bwd: 65.014 | Opt: 0.713 | GPU_Tot: 207.769
[Autotune] {"version": 1, "step": 510, "wall_seconds": 131.5179778580059, "seed_nodes": 2048070, "loss": 0.6257490158081055, "all_losses_finite": true}
[Step=0520] Wall=133.6620s | Loss=0.6139
[Profile] Avg ms/step | Load: 97.841 (Prep: 9.069, Struc: 1.268, Fetch: 87.504) | Fwd: 53.359 | Bwd: 65.050 | Opt: 0.713 | GPU_Tot: 207.894
[Autotune] {"version": 1, "step": 520, "wall_seconds": 133.66203877300723, "seed_nodes": 2089030, "loss": 0.6138942241668701, "all_losses_finite": true}
[Step=0530] Wall=135.8373s | Loss=0.5877
[Profile] Avg ms/step | Load: 97.789 (Prep: 8.892, Struc: 1.269, Fetch: 87.628) | Fwd: 53.384 | Bwd: 65.085 | Opt: 0.713 | GPU_Tot: 208.079
[Autotune] {"version": 1, "step": 530, "wall_seconds": 135.83732290600892, "seed_nodes": 2129990, "loss": 0.5877330780029297, "all_losses_finite": true}
[Step=0540] Wall=138.1414s | Loss=0.7544
[Profile] Avg ms/step | Load: 98.246 (Prep: 9.545, Struc: 1.267, Fetch: 87.434) | Fwd: 53.298 | Bwd: 64.979 | Opt: 0.712 | GPU_Tot: 207.690
[Autotune] {"version": 1, "step": 540, "wall_seconds": 138.14144808299898, "seed_nodes": 2166861, "loss": 0.7543845653533936, "all_losses_finite": true}
[Step=0550] Wall=140.2651s | Loss=0.9652
[Profile] Avg ms/step | Load: 98.099 (Prep: 9.366, Struc: 1.267, Fetch: 87.466) | Fwd: 53.319 | Bwd: 65.007 | Opt: 0.712 | GPU_Tot: 207.770
[Autotune] {"version": 1, "step": 550, "wall_seconds": 140.26514510600828, "seed_nodes": 2207821, "loss": 0.9652492523193359, "all_losses_finite": true}
[Step=0560] Wall=142.3966s | Loss=0.8282
[Profile] Avg ms/step | Load: 97.968 (Prep: 9.194, Struc: 1.268, Fetch: 87.506) | Fwd: 53.340 | Bwd: 65.036 | Opt: 0.712 | GPU_Tot: 207.862
[Autotune] {"version": 1, "step": 560, "wall_seconds": 142.39655151999614, "seed_nodes": 2248781, "loss": 0.8281850814819336, "all_losses_finite": true}
[Step=0570] Wall=144.5376s | Loss=0.7355
[Profile] Avg ms/step | Load: 97.858 (Prep: 9.029, Struc: 1.268, Fetch: 87.561) | Fwd: 53.361 | Bwd: 65.067 | Opt: 0.712 | GPU_Tot: 207.968
[Autotune] {"version": 1, "step": 570, "wall_seconds": 144.5375781449984, "seed_nodes": 2289741, "loss": 0.7355162143707276, "all_losses_finite": true}
[Step=0580] Wall=146.7153s | Loss=0.6926
[Profile] Avg ms/step | Load: 97.816 (Prep: 8.869, Struc: 1.268, Fetch: 87.679) | Fwd: 53.382 | Bwd: 65.098 | Opt: 0.712 | GPU_Tot: 208.138
[Autotune] {"version": 1, "step": 580, "wall_seconds": 146.71534667900414, "seed_nodes": 2330701, "loss": 0.6926355838775635, "all_losses_finite": true}
[Step=0590] Wall=149.0544s | Loss=0.6612
[Profile] Avg ms/step | Load: 98.289 (Prep: 9.510, Struc: 1.267, Fetch: 87.513) | Fwd: 53.305 | Bwd: 65.006 | Opt: 0.711 | GPU_Tot: 207.801
[Autotune] {"version": 1, "step": 590, "wall_seconds": 149.05443335299788, "seed_nodes": 2367572, "loss": 0.6611623764038086, "all_losses_finite": true}
[Step=0600] Wall=151.1850s | Loss=0.6703
[Profile] Avg ms/step | Load: 98.164 (Prep: 9.348, Struc: 1.267, Fetch: 87.549) | Fwd: 53.325 | Bwd: 65.032 | Opt: 0.711 | GPU_Tot: 207.884
[Autotune] {"version": 1, "step": 600, "wall_seconds": 151.18503645299643, "seed_nodes": 2408532, "loss": 0.6703155040740967, "all_losses_finite": true}
[Step=0610] Wall=153.3188s | Loss=0.6434
[Profile] Avg ms/step | Load: 98.048 (Prep: 9.191, Struc: 1.267, Fetch: 87.590) | Fwd: 53.344 | Bwd: 65.057 | Opt: 0.711 | GPU_Tot: 207.970
[Autotune] {"version": 1, "step": 610, "wall_seconds": 153.31876409400138, "seed_nodes": 2449492, "loss": 0.6433654308319092, "all_losses_finite": true}
[Step=0620] Wall=155.4866s | Loss=0.6479
[Profile] Avg ms/step | Load: 97.993 (Prep: 9.040, Struc: 1.268, Fetch: 87.685) | Fwd: 53.364 | Bwd: 65.083 | Opt: 0.711 | GPU_Tot: 208.111
[Autotune] {"version": 1, "step": 620, "wall_seconds": 155.48661758200615, "seed_nodes": 2490452, "loss": 0.6478513717651367, "all_losses_finite": true}
[Step=0630] Wall=157.6307s | Loss=0.6136
[Profile] Avg ms/step | Load: 97.897 (Prep: 8.894, Struc: 1.268, Fetch: 87.734) | Fwd: 53.383 | Bwd: 65.111 | Opt: 0.711 | GPU_Tot: 208.207
[Autotune] {"version": 1, "step": 630, "wall_seconds": 157.63068349800596, "seed_nodes": 2531412, "loss": 0.6135767459869385, "all_losses_finite": true}
[Step=0640] Wall=159.9590s | Loss=0.6768
[Profile] Avg ms/step | Load: 98.307 (Prep: 9.448, Struc: 1.267, Fetch: 87.592) | Fwd: 53.310 | Bwd: 65.033 | Opt: 0.711 | GPU_Tot: 207.912
[Autotune] {"version": 1, "step": 640, "wall_seconds": 159.95903871899645, "seed_nodes": 2568283, "loss": 0.6767539978027344, "all_losses_finite": true}
[Step=0650] Wall=162.1195s | Loss=0.6938
[Profile] Avg ms/step | Load: 98.247 (Prep: 9.300, Struc: 1.267, Fetch: 87.679) | Fwd: 53.325 | Bwd: 65.053 | Opt: 0.710 | GPU_Tot: 208.035
[Autotune] {"version": 1, "step": 650, "wall_seconds": 162.11948092500097, "seed_nodes": 2609243, "loss": 0.6938225746154785, "all_losses_finite": true}
[Step=0660] Wall=164.2504s | Loss=0.6520
[Profile] Avg ms/step | Load: 98.135 (Prep: 9.157, Struc: 1.267, Fetch: 87.710) | Fwd: 53.342 | Bwd: 65.077 | Opt: 0.711 | GPU_Tot: 208.107
[Autotune] {"version": 1, "step": 660, "wall_seconds": 164.25042267600656, "seed_nodes": 2650203, "loss": 0.6520047664642334, "all_losses_finite": true}
[Step=0670] Wall=166.4008s | Loss=0.6329
[Profile] Avg ms/step | Load: 98.064 (Prep: 9.018, Struc: 1.268, Fetch: 87.778) | Fwd: 53.356 | Bwd: 65.095 | Opt: 0.710 | GPU_Tot: 208.208
[Autotune] {"version": 1, "step": 670, "wall_seconds": 166.40084133700293, "seed_nodes": 2691163, "loss": 0.6329395771026611, "all_losses_finite": true}
[Step=0680] Wall=168.5435s | Loss=0.6046
[Profile] Avg ms/step | Load: 97.977 (Prep: 8.884, Struc: 1.268, Fetch: 87.826) | Fwd: 53.371 | Bwd: 65.118 | Opt: 0.710 | GPU_Tot: 208.293
[Autotune] {"version": 1, "step": 680, "wall_seconds": 168.543527205009, "seed_nodes": 2732123, "loss": 0.6046249866485596, "all_losses_finite": true}
[Step=0690] Wall=170.8718s | Loss=0.6035
[Profile] Avg ms/step | Load: 98.365 (Prep: 9.409, Struc: 1.267, Fetch: 87.689) | Fwd: 53.304 | Bwd: 65.036 | Opt: 0.710 | GPU_Tot: 208.006
[Autotune] {"version": 1, "step": 690, "wall_seconds": 170.87184972800605, "seed_nodes": 2768994, "loss": 0.6034605503082275, "all_losses_finite": true}
[Step=0700] Wall=173.0033s | Loss=0.6253
[Profile] Avg ms/step | Load: 98.258 (Prep: 9.272, Struc: 1.267, Fetch: 87.718) | Fwd: 53.320 | Bwd: 65.060 | Opt: 0.710 | GPU_Tot: 208.075
[Autotune] {"version": 1, "step": 700, "wall_seconds": 173.00329014699673, "seed_nodes": 2809954, "loss": 0.6252651691436768, "all_losses_finite": true}
[Step=0710] Wall=175.1233s | Loss=0.6206
[Profile] Avg ms/step | Load: 98.138 (Prep: 9.140, Struc: 1.267, Fetch: 87.730) | Fwd: 53.335 | Bwd: 65.082 | Opt: 0.710 | GPU_Tot: 208.124
[Autotune] {"version": 1, "step": 710, "wall_seconds": 175.1233089890011, "seed_nodes": 2850914, "loss": 0.6206107616424561, "all_losses_finite": true}
[Step=0720] Wall=177.2803s | Loss=0.5899
[Profile] Avg ms/step | Load: 98.078 (Prep: 9.012, Struc: 1.267, Fetch: 87.798) | Fwd: 53.347 | Bwd: 65.104 | Opt: 0.710 | GPU_Tot: 208.227
[Autotune] {"version": 1, "step": 720, "wall_seconds": 177.28030908599612, "seed_nodes": 2891874, "loss": 0.5899078369140625, "all_losses_finite": true}
[Step=0730] Wall=179.4426s | Loss=0.5835
[Profile] Avg ms/step | Load: 98.017 (Prep: 8.887, Struc: 1.268, Fetch: 87.862) | Fwd: 53.364 | Bwd: 65.130 | Opt: 0.710 | GPU_Tot: 208.334
[Autotune] {"version": 1, "step": 730, "wall_seconds": 179.44263911699818, "seed_nodes": 2932834, "loss": 0.5834594249725342, "all_losses_finite": true}
[Step=0740] Wall=181.7457s | Loss=0.8680
[Profile] Avg ms/step | Load: 98.341 (Prep: 9.376, Struc: 1.266, Fetch: 87.698) | Fwd: 53.301 | Bwd: 65.054 | Opt: 0.710 | GPU_Tot: 208.029
[Autotune] {"version": 1, "step": 740, "wall_seconds": 181.74573773000157, "seed_nodes": 2969705, "loss": 0.8680232048034668, "all_losses_finite": true}
[Step=0750] Wall=183.8577s | Loss=0.7607
[Profile] Avg ms/step | Load: 98.212 (Prep: 9.250, Struc: 1.267, Fetch: 87.695) | Fwd: 53.316 | Bwd: 65.079 | Opt: 0.710 | GPU_Tot: 208.065
[Autotune] {"version": 1, "step": 750, "wall_seconds": 183.8577431320009, "seed_nodes": 3010665, "loss": 0.7606535434722901, "all_losses_finite": true}
[Step=0760] Wall=185.9905s | Loss=0.6839
[Profile] Avg ms/step | Load: 98.122 (Prep: 9.127, Struc: 1.267, Fetch: 87.728) | Fwd: 53.328 | Bwd: 65.097 | Opt: 0.710 | GPU_Tot: 208.130
[Autotune] {"version": 1, "step": 760, "wall_seconds": 185.9905476749991, "seed_nodes": 3051625, "loss": 0.6838711261749267, "all_losses_finite": true}
[Step=0770] Wall=188.1444s | Loss=0.6621
[Profile] Avg ms/step | Load: 98.053 (Prep: 9.008, Struc: 1.267, Fetch: 87.778) | Fwd: 53.344 | Bwd: 65.121 | Opt: 0.710 | GPU_Tot: 208.221
[Autotune] {"version": 1, "step": 770, "wall_seconds": 188.14442672600853, "seed_nodes": 3092585, "loss": 0.6620870113372803, "all_losses_finite": true}
[Step=0780] Wall=190.3126s | Loss=0.6222
[Profile] Avg ms/step | Load: 98.014 (Prep: 8.907, Struc: 1.267, Fetch: 87.840) | Fwd: 53.356 | Bwd: 65.139 | Opt: 0.710 | GPU_Tot: 208.314
[Autotune] {"version": 1, "step": 780, "wall_seconds": 190.31263771399972, "seed_nodes": 3133545, "loss": 0.6222196578979492, "all_losses_finite": true}
[Step=0790] Wall=192.6310s | Loss=0.6269
[Profile] Avg ms/step | Load: 98.330 (Prep: 9.362, Struc: 1.266, Fetch: 87.701) | Fwd: 53.299 | Bwd: 65.074 | Opt: 0.710 | GPU_Tot: 208.051
[Autotune] {"version": 1, "step": 790, "wall_seconds": 192.63101252900378, "seed_nodes": 3170416, "loss": 0.6268643379211426, "all_losses_finite": true}
[Step=0800] Wall=194.7632s | Loss=0.6528
[Profile] Avg ms/step | Load: 98.236 (Prep: 9.244, Struc: 1.267, Fetch: 87.725) | Fwd: 53.313 | Bwd: 65.096 | Opt: 0.710 | GPU_Tot: 208.111
[Autotune] {"version": 1, "step": 800, "wall_seconds": 194.76323950600636, "seed_nodes": 3211376, "loss": 0.6528443336486817, "all_losses_finite": true}
[Step=0810] Wall=196.9426s | Loss=0.6227
[Profile] Avg ms/step | Load: 98.211 (Prep: 9.130, Struc: 1.267, Fetch: 87.814) | Fwd: 53.325 | Bwd: 65.114 | Opt: 0.710 | GPU_Tot: 208.231
[Autotune] {"version": 1, "step": 810, "wall_seconds": 196.9425676319952, "seed_nodes": 3252336, "loss": 0.6226594924926758, "all_losses_finite": true}
[Step=0820] Wall=199.0844s | Loss=0.6082
[Profile] Avg ms/step | Load: 98.139 (Prep: 9.018, Struc: 1.267, Fetch: 87.854) | Fwd: 53.338 | Bwd: 65.130 | Opt: 0.710 | GPU_Tot: 208.299
[Autotune] {"version": 1, "step": 820, "wall_seconds": 199.0844444060058, "seed_nodes": 3293296, "loss": 0.6081554412841796, "all_losses_finite": true}
[Step=0830] Wall=201.2211s | Loss=0.5868
[Profile] Avg ms/step | Load: 98.056 (Prep: 8.920, Struc: 1.268, Fetch: 87.868) | Fwd: 53.352 | Bwd: 65.151 | Opt: 0.710 | GPU_Tot: 208.348
[Autotune] {"version": 1, "step": 830, "wall_seconds": 201.2210981870012, "seed_nodes": 3334256, "loss": 0.5867862224578857, "all_losses_finite": true}
[Step=0840] Wall=203.5455s | Loss=0.6160
[Profile] Avg ms/step | Load: 98.361 (Prep: 9.351, Struc: 1.267, Fetch: 87.744) | Fwd: 53.297 | Bwd: 65.088 | Opt: 0.710 | GPU_Tot: 208.105
[Autotune] {"version": 1, "step": 840, "wall_seconds": 203.54547730300692, "seed_nodes": 3371127, "loss": 0.6160113334655761, "all_losses_finite": true}
[Step=0850] Wall=205.6955s | Loss=0.6505
[Profile] Avg ms/step | Load: 98.298 (Prep: 9.241, Struc: 1.267, Fetch: 87.790) | Fwd: 53.310 | Bwd: 65.106 | Opt: 0.710 | GPU_Tot: 208.182
[Autotune] {"version": 1, "step": 850, "wall_seconds": 205.6955368080089, "seed_nodes": 3412087, "loss": 0.650541877746582, "all_losses_finite": true}
[Step=0860] Wall=207.8428s | Loss=0.6136
[Profile] Avg ms/step | Load: 98.227 (Prep: 9.133, Struc: 1.267, Fetch: 87.827) | Fwd: 53.324 | Bwd: 65.127 | Opt: 0.710 | GPU_Tot: 208.255
[Autotune] {"version": 1, "step": 860, "wall_seconds": 207.8428020900028, "seed_nodes": 3453047, "loss": 0.6135648727416992, "all_losses_finite": true}
[Step=0870] Wall=209.9907s | Loss=0.6029
[Profile] Avg ms/step | Load: 98.163 (Prep: 9.028, Struc: 1.267, Fetch: 87.868) | Fwd: 53.336 | Bwd: 65.145 | Opt: 0.710 | GPU_Tot: 208.326
[Autotune] {"version": 1, "step": 870, "wall_seconds": 209.99072813200473, "seed_nodes": 3494007, "loss": 0.6029429912567139, "all_losses_finite": true}
[Step=0880] Wall=212.1240s | Loss=0.5831
[Profile] Avg ms/step | Load: 98.081 (Prep: 8.937, Struc: 1.268, Fetch: 87.876) | Fwd: 53.349 | Bwd: 65.165 | Opt: 0.710 | GPU_Tot: 208.367
[Autotune] {"version": 1, "step": 880, "wall_seconds": 212.12404997099657, "seed_nodes": 3534967, "loss": 0.583066987991333, "all_losses_finite": true}
[Step=0890] Wall=214.4255s | Loss=0.6181
[Profile] Avg ms/step | Load: 98.339 (Prep: 9.311, Struc: 1.267, Fetch: 87.762) | Fwd: 53.298 | Bwd: 65.106 | Opt: 0.710 | GPU_Tot: 208.142
[Autotune] {"version": 1, "step": 890, "wall_seconds": 214.42545544200402, "seed_nodes": 3571838, "loss": 0.6180747985839844, "all_losses_finite": true}
[Step=0900] Wall=216.5866s | Loss=0.6386
[Profile] Avg ms/step | Load: 98.288 (Prep: 9.207, Struc: 1.267, Fetch: 87.814) | Fwd: 53.311 | Bwd: 65.126 | Opt: 0.710 | GPU_Tot: 208.228
[Autotune] {"version": 1, "step": 900, "wall_seconds": 216.58663462899858, "seed_nodes": 3612798, "loss": 0.638622522354126, "all_losses_finite": true}
[Step=0910] Wall=218.7710s | Loss=0.6045
[Profile] Avg ms/step | Load: 98.262 (Prep: 9.106, Struc: 1.267, Fetch: 87.889) | Fwd: 53.325 | Bwd: 65.148 | Opt: 0.710 | GPU_Tot: 208.338
[Autotune] {"version": 1, "step": 910, "wall_seconds": 218.77098038699478, "seed_nodes": 3653758, "loss": 0.6045082092285157, "all_losses_finite": true}
[Step=0920] Wall=220.9055s | Loss=0.5928
[Profile] Avg ms/step | Load: 98.187 (Prep: 9.007, Struc: 1.267, Fetch: 87.913) | Fwd: 53.336 | Bwd: 65.164 | Opt: 0.710 | GPU_Tot: 208.389
[Autotune] {"version": 1, "step": 920, "wall_seconds": 220.90554912900552, "seed_nodes": 3694718, "loss": 0.5927874565124511, "all_losses_finite": true}
[Step=0930] Wall=223.0455s | Loss=0.5786
[Profile] Avg ms/step | Load: 98.121 (Prep: 8.917, Struc: 1.267, Fetch: 87.937) | Fwd: 53.346 | Bwd: 65.179 | Opt: 0.709 | GPU_Tot: 208.440
[Autotune] {"version": 1, "step": 930, "wall_seconds": 223.0455420500075, "seed_nodes": 3735678, "loss": 0.5785956859588623, "all_losses_finite": true}
[Step=0940] Wall=225.3564s | Loss=0.7231
[Profile] Avg ms/step | Load: 98.377 (Prep: 9.269, Struc: 1.266, Fetch: 87.842) | Fwd: 53.299 | Bwd: 65.121 | Opt: 0.709 | GPU_Tot: 208.237
[Autotune] {"version": 1, "step": 940, "wall_seconds": 225.35639708899544, "seed_nodes": 3772549, "loss": 0.7230794429779053, "all_losses_finite": true}
[Step=0950] Wall=227.4989s | Loss=0.6815
[Profile] Avg ms/step | Load: 98.312 (Prep: 9.172, Struc: 1.267, Fetch: 87.873) | Fwd: 53.309 | Bwd: 65.139 | Opt: 0.709 | GPU_Tot: 208.297
[Autotune] {"version": 1, "step": 950, "wall_seconds": 227.49894151699846, "seed_nodes": 3813509, "loss": 0.6814633369445801, "all_losses_finite": true}
[Step=0960] Wall=229.6291s | Loss=0.6393
[Profile] Avg ms/step | Load: 98.238 (Prep: 9.077, Struc: 1.267, Fetch: 87.894) | Fwd: 53.320 | Bwd: 65.152 | Opt: 0.709 | GPU_Tot: 208.342
[Autotune] {"version": 1, "step": 960, "wall_seconds": 229.6291215980018, "seed_nodes": 3854469, "loss": 0.639298391342163, "all_losses_finite": true}
[Step=0970] Wall=231.7694s | Loss=0.6082
[Profile] Avg ms/step | Load: 98.171 (Prep: 8.984, Struc: 1.267, Fetch: 87.920) | Fwd: 53.331 | Bwd: 65.169 | Opt: 0.709 | GPU_Tot: 208.396
[Autotune] {"version": 1, "step": 970, "wall_seconds": 231.7693737100053, "seed_nodes": 3895429, "loss": 0.6081876277923584, "all_losses_finite": true}
[Step=0980] Wall=233.6554s | Loss=0.5696
[Profile] Avg ms/step | Load: 97.961 (Prep: 8.902, Struc: 1.266, Fetch: 87.793) | Fwd: 53.286 | Bwd: 65.116 | Opt: 0.709 | GPU_Tot: 208.170
[Autotune] {"version": 1, "step": 980, "wall_seconds": 233.65544165599567, "seed_nodes": 3932300, "loss": 0.5695809364318848, "all_losses_finite": true}
[Step=0990] Wall=236.1891s | Loss=0.6299
[Profile] Avg ms/step | Load: 98.315 (Prep: 9.247, Struc: 1.266, Fetch: 87.802) | Fwd: 53.297 | Bwd: 65.131 | Opt: 0.709 | GPU_Tot: 208.205
[Autotune] {"version": 1, "step": 990, "wall_seconds": 236.1891003329947, "seed_nodes": 3973260, "loss": 0.6298670768737793, "all_losses_finite": true}
[Step=1000] Wall=238.3104s | Loss=0.6041
[Profile] Avg ms/step | Load: 98.230 (Prep: 9.155, Struc: 1.266, Fetch: 87.809) | Fwd: 53.308 | Bwd: 65.147 | Opt: 0.709 | GPU_Tot: 208.239
[Autotune] {"version": 1, "step": 1000, "wall_seconds": 238.31040727099753, "seed_nodes": 4014220, "loss": 0.6041186809539795, "all_losses_finite": true}
[Step=1010] Wall=240.4299s | Loss=0.5910
[Profile] Avg ms/step | Load: 98.149 (Prep: 9.065, Struc: 1.267, Fetch: 87.818) | Fwd: 53.318 | Bwd: 65.160 | Opt: 0.709 | GPU_Tot: 208.272
[Autotune] {"version": 1, "step": 1010, "wall_seconds": 240.429861334007, "seed_nodes": 4055180, "loss": 0.591015100479126, "all_losses_finite": true}
[Step=1020] Wall=242.5949s | Loss=0.5881
[Profile] Avg ms/step | Load: 98.111 (Prep: 8.977, Struc: 1.267, Fetch: 87.868) | Fwd: 53.328 | Bwd: 65.177 | Opt: 0.709 | GPU_Tot: 208.349
[Autotune] {"version": 1, "step": 1020, "wall_seconds": 242.59485469599895, "seed_nodes": 4096140, "loss": 0.588141393661499, "all_losses_finite": true}
[Step=1030] Wall=244.9038s | Loss=0.5835
[Profile] Avg ms/step | Load: 98.340 (Prep: 9.298, Struc: 1.266, Fetch: 87.776) | Fwd: 53.286 | Bwd: 65.127 | Opt: 0.709 | GPU_Tot: 208.163
[Autotune] {"version": 1, "step": 1030, "wall_seconds": 244.90380742000707, "seed_nodes": 4133011, "loss": 0.5834837436676026, "all_losses_finite": true}
[Step=1040] Wall=247.0413s | Loss=0.8063
[Profile] Avg ms/step | Load: 98.272 (Prep: 9.209, Struc: 1.266, Fetch: 87.796) | Fwd: 53.297 | Bwd: 65.144 | Opt: 0.709 | GPU_Tot: 208.213
[Autotune] {"version": 1, "step": 1040, "wall_seconds": 247.04133163600636, "seed_nodes": 4173971, "loss": 0.8063036918640136, "all_losses_finite": true}
[Step=1050] Wall=249.1747s | Loss=0.6900
[Profile] Avg ms/step | Load: 98.205 (Prep: 9.122, Struc: 1.267, Fetch: 87.816) | Fwd: 53.307 | Bwd: 65.159 | Opt: 0.709 | GPU_Tot: 208.258
[Autotune] {"version": 1, "step": 1050, "wall_seconds": 249.174708948005, "seed_nodes": 4214931, "loss": 0.6899564743041993, "all_losses_finite": true}
[Step=1060] Wall=251.3343s | Loss=0.6323
[Profile] Avg ms/step | Load: 98.166 (Prep: 9.037, Struc: 1.267, Fetch: 87.862) | Fwd: 53.317 | Bwd: 65.173 | Opt: 0.709 | GPU_Tot: 208.327
[Autotune] {"version": 1, "step": 1060, "wall_seconds": 251.33428652099974, "seed_nodes": 4255891, "loss": 0.6322534561157227, "all_losses_finite": true}
[Step=1070] Wall=253.4861s | Loss=0.6071
[Profile] Avg ms/step | Load: 98.115 (Prep: 8.953, Struc: 1.267, Fetch: 87.895) | Fwd: 53.327 | Bwd: 65.189 | Opt: 0.709 | GPU_Tot: 208.388
[Autotune] {"version": 1, "step": 1070, "wall_seconds": 253.48605106699688, "seed_nodes": 4296851, "loss": 0.6071141242980957, "all_losses_finite": true}
[Step=1080] Wall=255.8337s | Loss=0.5682
[Profile] Avg ms/step | Load: 98.369 (Prep: 9.291, Struc: 1.266, Fetch: 87.812) | Fwd: 53.287 | Bwd: 65.142 | Opt: 0.709 | GPU_Tot: 208.216
[Autotune] {"version": 1, "step": 1080, "wall_seconds": 255.83368517900817, "seed_nodes": 4333722, "loss": 0.568170166015625, "all_losses_finite": true}
[Step=1090] Wall=257.9718s | Loss=0.6135
[Profile] Avg ms/step | Load: 98.310 (Prep: 9.206, Struc: 1.267, Fetch: 87.838) | Fwd: 53.297 | Bwd: 65.154 | Opt: 0.709 | GPU_Tot: 208.264
[Autotune] {"version": 1, "step": 1090, "wall_seconds": 257.9718323440029, "seed_nodes": 4374682, "loss": 0.613481855392456, "all_losses_finite": true}
[Step=1100] Wall=260.1053s | Loss=0.5821
[Profile] Avg ms/step | Load: 98.245 (Prep: 9.123, Struc: 1.267, Fetch: 87.855) | Fwd: 53.307 | Bwd: 65.169 | Opt: 0.708 | GPU_Tot: 208.306
[Autotune] {"version": 1, "step": 1100, "wall_seconds": 260.1053306130052, "seed_nodes": 4415642, "loss": 0.5821352005004883, "all_losses_finite": true}
[Step=1110] Wall=262.2249s | Loss=0.5831
[Profile] Avg ms/step | Load: 98.168 (Prep: 9.042, Struc: 1.267, Fetch: 87.859) | Fwd: 53.317 | Bwd: 65.183 | Opt: 0.708 | GPU_Tot: 208.334
[Autotune] {"version": 1, "step": 1110, "wall_seconds": 262.2249302400014, "seed_nodes": 4456602, "loss": 0.5831010341644287, "all_losses_finite": true}
[Step=1120] Wall=264.3724s | Loss=0.5759
[Profile] Avg ms/step | Load: 98.113 (Prep: 8.962, Struc: 1.267, Fetch: 87.884) | Fwd: 53.328 | Bwd: 65.201 | Opt: 0.708 | GPU_Tot: 208.388
[Autotune] {"version": 1, "step": 1120, "wall_seconds": 264.3723756429972, "seed_nodes": 4497562, "loss": 0.575937557220459, "all_losses_finite": true}
[Step=1130] Wall=266.7066s | Loss=0.5773
[Profile] Avg ms/step | Load: 98.346 (Prep: 9.266, Struc: 1.266, Fetch: 87.814) | Fwd: 53.289 | Bwd: 65.153 | Opt: 0.708 | GPU_Tot: 208.230
[Autotune] {"version": 1, "step": 1130, "wall_seconds": 266.70660234800016, "seed_nodes": 4534433, "loss": 0.5772737026214599, "all_losses_finite": true}
[Step=1140] Wall=268.8456s | Loss=0.6748
[Profile] Avg ms/step | Load: 98.286 (Prep: 9.186, Struc: 1.266, Fetch: 87.834) | Fwd: 53.299 | Bwd: 65.168 | Opt: 0.708 | GPU_Tot: 208.276
[Autotune] {"version": 1, "step": 1140, "wall_seconds": 268.84563812099805, "seed_nodes": 4575393, "loss": 0.6748315811157226, "all_losses_finite": true}
[Step=1150] Wall=271.0072s | Loss=0.6147
[Profile] Avg ms/step | Load: 98.253 (Prep: 9.107, Struc: 1.267, Fetch: 87.880) | Fwd: 53.308 | Bwd: 65.179 | Opt: 0.708 | GPU_Tot: 208.341
[Autotune] {"version": 1, "step": 1150, "wall_seconds": 271.00718498999777, "seed_nodes": 4616353, "loss": 0.6146636486053467, "all_losses_finite": true}
[Step=1160] Wall=273.1727s | Loss=0.5854
[Profile] Avg ms/step | Load: 98.221 (Prep: 9.029, Struc: 1.267, Fetch: 87.925) | Fwd: 53.317 | Bwd: 65.192 | Opt: 0.708 | GPU_Tot: 208.409
[Autotune] {"version": 1, "step": 1160, "wall_seconds": 273.1727113730012, "seed_nodes": 4657313, "loss": 0.5853879451751709, "all_losses_finite": true}
[Step=1170] Wall=275.3190s | Loss=0.5599
[Profile] Avg ms/step | Load: 98.171 (Prep: 8.953, Struc: 1.267, Fetch: 87.951) | Fwd: 53.326 | Bwd: 65.206 | Opt: 0.708 | GPU_Tot: 208.459
[Autotune] {"version": 1, "step": 1170, "wall_seconds": 275.31902449700283, "seed_nodes": 4698273, "loss": 0.5599071502685546, "all_losses_finite": true}
[Step=1180] Wall=277.6742s | Loss=0.5031
[Profile] Avg ms/step | Load: 98.406 (Prep: 9.267, Struc: 1.266, Fetch: 87.873) | Fwd: 53.290 | Bwd: 65.165 | Opt: 0.708 | GPU_Tot: 208.302
[Autotune] {"version": 1, "step": 1180, "wall_seconds": 277.6741948919953, "seed_nodes": 4735144, "loss": 0.5030689239501953, "all_losses_finite": true}
[Step=1190] Wall=279.7932s | Loss=0.5543
[Profile] Avg ms/step | Load: 98.333 (Prep: 9.190, Struc: 1.266, Fetch: 87.877) | Fwd: 53.300 | Bwd: 65.177 | Opt: 0.708 | GPU_Tot: 208.328
[Autotune] {"version": 1, "step": 1190, "wall_seconds": 279.7932268739969, "seed_nodes": 4776104, "loss": 0.5542742252349854, "all_losses_finite": true}
[Step=1200] Wall=281.9450s | Loss=0.5493
[Profile] Avg ms/step | Load: 98.285 (Prep: 9.114, Struc: 1.266, Fetch: 87.904) | Fwd: 53.310 | Bwd: 65.193 | Opt: 0.708 | GPU_Tot: 208.382
[Autotune] {"version": 1, "step": 1200, "wall_seconds": 281.94497847200546, "seed_nodes": 4817064, "loss": 0.5493151664733886, "all_losses_finite": true}
[Step=1210] Wall=284.1031s | Loss=0.5292
[Profile] Avg ms/step | Load: 98.245 (Prep: 9.040, Struc: 1.267, Fetch: 87.939) | Fwd: 53.319 | Bwd: 65.208 | Opt: 0.708 | GPU_Tot: 208.440
[Autotune] {"version": 1, "step": 1210, "wall_seconds": 284.10312288900604, "seed_nodes": 4858024, "loss": 0.5292364120483398, "all_losses_finite": true}
[Step=1220] Wall=286.3054s | Loss=0.5292
[Profile] Avg ms/step | Load: 98.243 (Prep: 8.966, Struc: 1.267, Fetch: 88.010) | Fwd: 53.329 | Bwd: 65.221 | Opt: 0.708 | GPU_Tot: 208.535
[Autotune] {"version": 1, "step": 1220, "wall_seconds": 286.3053702850011, "seed_nodes": 4898984, "loss": 0.5292089939117431, "all_losses_finite": true}
[Step=1230] Wall=288.6518s | Loss=0.6005
[Profile] Avg ms/step | Load: 98.467 (Prep: 9.263, Struc: 1.266, Fetch: 87.938) | Fwd: 53.294 | Bwd: 65.176 | Opt: 0.707 | GPU_Tot: 208.381
[Autotune] {"version": 1, "step": 1230, "wall_seconds": 288.65183198000886, "seed_nodes": 4935855, "loss": 0.6005203723907471, "all_losses_finite": true}
[Step=1240] Wall=290.7868s | Loss=0.6001
[Profile] Avg ms/step | Load: 98.409 (Prep: 9.190, Struc: 1.266, Fetch: 87.953) | Fwd: 53.303 | Bwd: 65.189 | Opt: 0.707 | GPU_Tot: 208.418
[Autotune] {"version": 1, "step": 1240, "wall_seconds": 290.78677664299903, "seed_nodes": 4976815, "loss": 0.6001483917236328, "all_losses_finite": true}
[Step=1250] Wall=292.9205s | Loss=0.5771
[Profile] Avg ms/step | Load: 98.351 (Prep: 9.117, Struc: 1.266, Fetch: 87.967) | Fwd: 53.312 | Bwd: 65.201 | Opt: 0.707 | GPU_Tot: 208.454
[Autotune] {"version": 1, "step": 1250, "wall_seconds": 292.92047574400203, "seed_nodes": 5017775, "loss": 0.5770886898040771, "all_losses_finite": true}
[Step=1260] Wall=295.1048s | Loss=0.5538
[Profile] Avg ms/step | Load: 98.332 (Prep: 9.046, Struc: 1.266, Fetch: 88.020) | Fwd: 53.321 | Bwd: 65.216 | Opt: 0.707 | GPU_Tot: 208.531
[Autotune] {"version": 1, "step": 1260, "wall_seconds": 295.1047562580061, "seed_nodes": 5058735, "loss": 0.5537718296051025, "all_losses_finite": true}
[Step=1270] Wall=297.2655s | Loss=0.5380
[Profile] Avg ms/step | Load: 98.298 (Prep: 8.984, Struc: 1.267, Fetch: 88.048) | Fwd: 53.330 | Bwd: 65.228 | Opt: 0.707 | GPU_Tot: 208.579
[Autotune] {"version": 1, "step": 1270, "wall_seconds": 297.26553241800866, "seed_nodes": 5099695, "loss": 0.5379907608032226, "all_losses_finite": true}
[Step=1280] Wall=299.5729s | Loss=0.6011
[Profile] Avg ms/step | Load: 98.480 (Prep: 9.242, Struc: 1.266, Fetch: 87.972) | Fwd: 53.295 | Bwd: 65.185 | Opt: 0.707 | GPU_Tot: 208.425
[Autotune] {"version": 1, "step": 1280, "wall_seconds": 299.57285244300147, "seed_nodes": 5136566, "loss": 0.6011396884918213, "all_losses_finite": true}
[Step=1290] Wall=301.7001s | Loss=0.5728
[Profile] Avg ms/step | Load: 98.419 (Prep: 9.172, Struc: 1.266, Fetch: 87.981) | Fwd: 53.304 | Bwd: 65.197 | Opt: 0.707 | GPU_Tot: 208.455
[Autotune] {"version": 1, "step": 1290, "wall_seconds": 301.7001198439975, "seed_nodes": 5177526, "loss": 0.5727638244628906, "all_losses_finite": true}
[Step=1300] Wall=303.8430s | Loss=0.5592
[Profile] Avg ms/step | Load: 98.369 (Prep: 9.102, Struc: 1.266, Fetch: 88.001) | Fwd: 53.313 | Bwd: 65.209 | Opt: 0.707 | GPU_Tot: 208.497
[Autotune] {"version": 1, "step": 1300, "wall_seconds": 303.843023613008, "seed_nodes": 5218486, "loss": 0.5592161178588867, "all_losses_finite": true}
[Step=1310] Wall=305.9693s | Loss=0.5358
[Profile] Avg ms/step | Load: 98.309 (Prep: 9.034, Struc: 1.267, Fetch: 88.009) | Fwd: 53.322 | Bwd: 65.220 | Opt: 0.707 | GPU_Tot: 208.524
[Autotune] {"version": 1, "step": 1310, "wall_seconds": 305.9692734230048, "seed_nodes": 5259446, "loss": 0.5357794761657715, "all_losses_finite": true}
[Step=1320] Wall=308.1123s | Loss=0.5363
[Profile] Avg ms/step | Load: 98.263 (Prep: 8.973, Struc: 1.267, Fetch: 88.023) | Fwd: 53.330 | Bwd: 65.231 | Opt: 0.707 | GPU_Tot: 208.558
[Autotune] {"version": 1, "step": 1320, "wall_seconds": 308.11227260899614, "seed_nodes": 5300406, "loss": 0.5362782001495361, "all_losses_finite": true}
[Step=1330] Wall=310.4373s | Loss=0.4879
[Profile] Avg ms/step | Load: 98.448 (Prep: 9.237, Struc: 1.266, Fetch: 87.945) | Fwd: 53.298 | Bwd: 65.192 | Opt: 0.707 | GPU_Tot: 208.409
[Autotune] {"version": 1, "step": 1330, "wall_seconds": 310.43732825999905, "seed_nodes": 5337277, "loss": 0.48790879249572755, "all_losses_finite": true}
[Step=1340] Wall=312.5887s | Loss=0.5619
[Profile] Avg ms/step | Load: 98.406 (Prep: 9.169, Struc: 1.266, Fetch: 87.971) | Fwd: 53.307 | Bwd: 65.205 | Opt: 0.707 | GPU_Tot: 208.456
[Autotune] {"version": 1, "step": 1340, "wall_seconds": 312.58866514200054, "seed_nodes": 5378237, "loss": 0.5618928909301758, "all_losses_finite": true}
[Step=1350] Wall=314.7252s | Loss=0.5335
[Profile] Avg ms/step | Load: 98.354 (Prep: 9.102, Struc: 1.266, Fetch: 87.986) | Fwd: 53.315 | Bwd: 65.217 | Opt: 0.707 | GPU_Tot: 208.491
[Autotune] {"version": 1, "step": 1350, "wall_seconds": 314.72524499500287, "seed_nodes": 5419197, "loss": 0.5334882736206055, "all_losses_finite": true}
[Step=1360] Wall=316.9333s | Loss=0.5194
[Profile] Avg ms/step | Load: 98.354 (Prep: 9.036, Struc: 1.267, Fetch: 88.051) | Fwd: 53.324 | Bwd: 65.230 | Opt: 0.708 | GPU_Tot: 208.579
[Autotune] {"version": 1, "step": 1360, "wall_seconds": 316.9332778859971, "seed_nodes": 5460157, "loss": 0.5194090843200684, "all_losses_finite": true}
[Step=1370] Wall=319.0653s | Loss=0.5150
[Profile] Avg ms/step | Load: 98.296 (Prep: 8.978, Struc: 1.267, Fetch: 88.051) | Fwd: 53.334 | Bwd: 65.245 | Opt: 0.707 | GPU_Tot: 208.603
[Autotune] {"version": 1, "step": 1370, "wall_seconds": 319.0653028119996, "seed_nodes": 5501117, "loss": 0.5149744987487793, "all_losses_finite": true}
[Step=1380] Wall=321.5050s | Loss=0.5748
[Profile] Avg ms/step | Load: 98.560 (Prep: 9.300, Struc: 1.266, Fetch: 87.993) | Fwd: 53.302 | Bwd: 65.208 | Opt: 0.707 | GPU_Tot: 208.477
[Autotune] {"version": 1, "step": 1380, "wall_seconds": 321.5050219459954, "seed_nodes": 5537988, "loss": 0.5747520446777343, "all_losses_finite": true}
[Step=1390] Wall=323.6930s | Loss=0.5764
[Profile] Avg ms/step | Load: 98.547 (Prep: 9.234, Struc: 1.267, Fetch: 88.046) | Fwd: 53.310 | Bwd: 65.219 | Opt: 0.707 | GPU_Tot: 208.548
[Autotune] {"version": 1, "step": 1390, "wall_seconds": 323.6929647770012, "seed_nodes": 5578948, "loss": 0.576372766494751, "all_losses_finite": true}
[Step=1400] Wall=325.8873s | Loss=0.5350
[Profile] Avg ms/step | Load: 98.538 (Prep: 9.169, Struc: 1.267, Fetch: 88.102) | Fwd: 53.318 | Bwd: 65.230 | Opt: 0.707 | GPU_Tot: 208.624
[Autotune] {"version": 1, "step": 1400, "wall_seconds": 325.8872541650053, "seed_nodes": 5619908, "loss": 0.5349767208099365, "all_losses_finite": true}
[Step=1410] Wall=328.0296s | Loss=0.5262
[Profile] Avg ms/step | Load: 98.492 (Prep: 9.105, Struc: 1.267, Fetch: 88.119) | Fwd: 53.326 | Bwd: 65.241 | Opt: 0.707 | GPU_Tot: 208.661
[Autotune] {"version": 1, "step": 1410, "wall_seconds": 328.0295535920013, "seed_nodes": 5660868, "loss": 0.526246976852417, "all_losses_finite": true}
[Step=1420] Wall=330.1446s | Loss=0.5086
[Profile] Avg ms/step | Load: 98.423 (Prep: 9.048, Struc: 1.267, Fetch: 88.108) | Fwd: 53.335 | Bwd: 65.254 | Opt: 0.707 | GPU_Tot: 208.671
[Autotune] {"version": 1, "step": 1420, "wall_seconds": 330.14456677500857, "seed_nodes": 5701828, "loss": 0.5086219787597657, "all_losses_finite": true}
[Step=1430] Wall=332.4879s | Loss=0.4691
[Profile] Avg ms/step | Load: 98.610 (Prep: 9.277, Struc: 1.266, Fetch: 88.066) | Fwd: 53.304 | Bwd: 65.217 | Opt: 0.707 | GPU_Tot: 208.561
[Autotune] {"version": 1, "step": 1430, "wall_seconds": 332.48794690700015, "seed_nodes": 5738699, "loss": 0.46908135414123536, "all_losses_finite": true}
[Step=1440] Wall=334.6338s | Loss=0.4966
[Profile] Avg ms/step | Load: 98.567 (Prep: 9.214, Struc: 1.266, Fetch: 88.087) | Fwd: 53.312 | Bwd: 65.227 | Opt: 0.707 | GPU_Tot: 208.599
[Autotune] {"version": 1, "step": 1440, "wall_seconds": 334.63382884800376, "seed_nodes": 5779659, "loss": 0.49661951065063475, "all_losses_finite": true}
[Step=1450] Wall=336.7513s | Loss=0.4848
[Profile] Avg ms/step | Load: 98.505 (Prep: 9.151, Struc: 1.267, Fetch: 88.087) | Fwd: 53.319 | Bwd: 65.238 | Opt: 0.707 | GPU_Tot: 208.617
[Autotune] {"version": 1, "step": 1450, "wall_seconds": 336.75127966199943, "seed_nodes": 5820619, "loss": 0.4848049163818359, "all_losses_finite": true}
[Step=1460] Wall=338.9060s | Loss=0.4953
[Profile] Avg ms/step | Load: 98.469 (Prep: 9.090, Struc: 1.267, Fetch: 88.112) | Fwd: 53.327 | Bwd: 65.249 | Opt: 0.707 | GPU_Tot: 208.661
[Autotune] {"version": 1, "step": 1460, "wall_seconds": 338.90597778400115, "seed_nodes": 5861579, "loss": 0.49527268409729003, "all_losses_finite": true}
[Step=1470] Wall=340.8251s | Loss=0.4822
[Profile] Avg ms/step | Load: 98.352 (Prep: 9.035, Struc: 1.266, Fetch: 88.051) | Fwd: 53.298 | Bwd: 65.213 | Opt: 0.707 | GPU_Tot: 208.535
[Autotune] {"version": 1, "step": 1470, "wall_seconds": 340.82507219800027, "seed_nodes": 5898450, "loss": 0.48223042488098145, "all_losses_finite": true}
[Step=1480] Wall=343.3816s | Loss=0.5401
[Profile] Avg ms/step | Load: 98.593 (Prep: 9.259, Struc: 1.266, Fetch: 88.068) | Fwd: 53.307 | Bwd: 65.226 | Opt: 0.707 | GPU_Tot: 208.573
[Autotune] {"version": 1, "step": 1480, "wall_seconds": 343.3816202010057, "seed_nodes": 5939410, "loss": 0.5400944709777832, "all_losses_finite": true}
[Step=1490] Wall=345.5024s | Loss=0.5308
[Profile] Avg ms/step | Load: 98.536 (Prep: 9.198, Struc: 1.266, Fetch: 88.072) | Fwd: 53.313 | Bwd: 65.235 | Opt: 0.707 | GPU_Tot: 208.593
[Autotune] {"version": 1, "step": 1490, "wall_seconds": 345.5023644390021, "seed_nodes": 5980370, "loss": 0.5307917594909668, "all_losses_finite": true}
[Step=1500] Wall=347.6438s | Loss=0.5071
[Profile] Avg ms/step | Load: 98.492 (Prep: 9.138, Struc: 1.267, Fetch: 88.088) | Fwd: 53.321 | Bwd: 65.246 | Opt: 0.706 | GPU_Tot: 208.627
[Autotune] {"version": 1, "step": 1500, "wall_seconds": 347.64379868599644, "seed_nodes": 6021330, "loss": 0.5071346759796143, "all_losses_finite": true}
[Step=1510] Wall=349.8066s | Loss=0.4954
[Profile] Avg ms/step | Load: 98.462 (Prep: 9.078, Struc: 1.267, Fetch: 88.117) | Fwd: 53.328 | Bwd: 65.257 | Opt: 0.706 | GPU_Tot: 208.675
[Autotune] {"version": 1, "step": 1510, "wall_seconds": 349.8065549169987, "seed_nodes": 6062290, "loss": 0.49544615745544435, "all_losses_finite": true}
[Step=1520] Wall=352.1403s | Loss=0.4374
[Profile] Avg ms/step | Load: 98.623 (Prep: 9.301, Struc: 1.266, Fetch: 88.056) | Fwd: 53.301 | Bwd: 65.227 | Opt: 0.706 | GPU_Tot: 208.557
[Autotune] {"version": 1, "step": 1520, "wall_seconds": 352.1403345150029, "seed_nodes": 6099161, "loss": 0.4373744487762451, "all_losses_finite": true}
[Step=1530] Wall=354.2858s | Loss=0.4820
[Profile] Avg ms/step | Load: 98.579 (Prep: 9.241, Struc: 1.266, Fetch: 88.072) | Fwd: 53.309 | Bwd: 65.239 | Opt: 0.706 | GPU_Tot: 208.593
[Autotune] {"version": 1, "step": 1530, "wall_seconds": 354.2857581410062, "seed_nodes": 6140121, "loss": 0.48201870918273926, "all_losses_finite": true}
[Step=1540] Wall=356.4511s | Loss=0.4824
[Profile] Avg ms/step | Load: 98.551 (Prep: 9.182, Struc: 1.266, Fetch: 88.102) | Fwd: 53.317 | Bwd: 65.250 | Opt: 0.706 | GPU_Tot: 208.642
[Autotune] {"version": 1, "step": 1540, "wall_seconds": 356.4511396760063, "seed_nodes": 6181081, "loss": 0.48238120079040525, "all_losses_finite": true}
[Step=1550] Wall=358.5942s | Loss=0.4855
[Profile] Avg ms/step | Load: 98.508 (Prep: 9.124, Struc: 1.266, Fetch: 88.117) | Fwd: 53.324 | Bwd: 65.261 | Opt: 0.706 | GPU_Tot: 208.675
[Autotune] {"version": 1, "step": 1550, "wall_seconds": 358.59422164500575, "seed_nodes": 6222041, "loss": 0.48546037673950193, "all_losses_finite": true}
[Step=1560] Wall=360.7354s | Loss=0.4711
[Profile] Avg ms/step | Load: 98.465 (Prep: 9.067, Struc: 1.267, Fetch: 88.131) | Fwd: 53.331 | Bwd: 65.272 | Opt: 0.706 | GPU_Tot: 208.707
[Autotune] {"version": 1, "step": 1560, "wall_seconds": 360.7353564710065, "seed_nodes": 6263001, "loss": 0.4710576057434082, "all_losses_finite": true}
[Step=1570] Wall=363.0427s | Loss=0.5246
[Profile] Avg ms/step | Load: 98.609 (Prep: 9.281, Struc: 1.266, Fetch: 88.061) | Fwd: 53.304 | Bwd: 65.239 | Opt: 0.706 | GPU_Tot: 208.576
[Autotune] {"version": 1, "step": 1570, "wall_seconds": 363.04270235799777, "seed_nodes": 6299872, "loss": 0.5246308326721192, "all_losses_finite": true}
[Step=1580] Wall=365.1818s | Loss=0.5151
[Profile] Avg ms/step | Load: 98.562 (Prep: 9.224, Struc: 1.266, Fetch: 88.072) | Fwd: 53.312 | Bwd: 65.250 | Opt: 0.706 | GPU_Tot: 208.607
[Autotune] {"version": 1, "step": 1580, "wall_seconds": 365.18184663300053, "seed_nodes": 6340832, "loss": 0.5151440143585205, "all_losses_finite": true}
[Step=1590] Wall=367.3156s | Loss=0.4916
[Profile] Avg ms/step | Load: 98.517 (Prep: 9.167, Struc: 1.266, Fetch: 88.084) | Fwd: 53.319 | Bwd: 65.259 | Opt: 0.706 | GPU_Tot: 208.634
[Autotune] {"version": 1, "step": 1590, "wall_seconds": 367.3156150200084, "seed_nodes": 6381792, "loss": 0.49156794548034666, "all_losses_finite": true}
[Step=1600] Wall=369.4291s | Loss=0.4903
[Profile] Avg ms/step | Load: 98.461 (Prep: 9.111, Struc: 1.266, Fetch: 88.083) | Fwd: 53.325 | Bwd: 65.267 | Opt: 0.706 | GPU_Tot: 208.648
[Autotune] {"version": 1, "step": 1600, "wall_seconds": 369.42913541600865, "seed_nodes": 6422752, "loss": 0.4902867317199707, "all_losses_finite": true}
[Step=1610] Wall=371.6222s | Loss=0.4794
[Profile] Avg ms/step | Load: 98.449 (Prep: 9.055, Struc: 1.266, Fetch: 88.127) | Fwd: 53.332 | Bwd: 65.280 | Opt: 0.706 | GPU_Tot: 208.712
[Autotune] {"version": 1, "step": 1610, "wall_seconds": 371.6222055929975, "seed_nodes": 6463712, "loss": 0.47936105728149414, "all_losses_finite": true}
[Step=1620] Wall=373.9759s | Loss=0.5219
[Profile] Avg ms/step | Load: 98.615 (Prep: 9.277, Struc: 1.266, Fetch: 88.071) | Fwd: 53.307 | Bwd: 65.251 | Opt: 0.706 | GPU_Tot: 208.600
[Autotune] {"version": 1, "step": 1620, "wall_seconds": 373.97594519300037, "seed_nodes": 6500583, "loss": 0.5219499588012695, "all_losses_finite": true}
[Step=1630] Wall=376.1151s | Loss=0.5857
[Profile] Avg ms/step | Load: 98.574 (Prep: 9.222, Struc: 1.266, Fetch: 88.086) | Fwd: 53.313 | Bwd: 65.259 | Opt: 0.705 | GPU_Tot: 208.630
[Autotune] {"version": 1, "step": 1630, "wall_seconds": 376.1151260600018, "seed_nodes": 6541543, "loss": 0.5857381343841552, "all_losses_finite": true}
[Step=1640] Wall=378.2408s | Loss=0.5409
[Profile] Avg ms/step | Load: 98.524 (Prep: 9.167, Struc: 1.266, Fetch: 88.091) | Fwd: 53.320 | Bwd: 65.268 | Opt: 0.705 | GPU_Tot: 208.650
[Autotune] {"version": 1, "step": 1640, "wall_seconds": 378.24084048300574, "seed_nodes": 6582503, "loss": 0.5408763408660888, "all_losses_finite": true}
------------------------------------------------------------
Training Completed. Total Steps: 1640 (Active: 1600)
Avg Breakdown (ms): Load=98.524 [Prep:9.167, Struc:1.266, Fetch:88.091], Fwd=53.320, Bwd=65.268, Opt=0.705
------------------------------------------------------------
