$REPO_ROOT/.venv/lib/python3.11/site-packages/outdated/__init__.py:36: UserWarning: pkg_resources is deprecated as an API. See https://setuptools.pypa.io/en/latest/pkg_resources.html. The pkg_resources package is slated for removal as early as 2025-11-30. Refrain from using this package or pin to Setuptools<81.
  from pkg_resources import parse_version
[ddp] Single-process mode: device=cuda
[Info] Running in Single-Process mode (CPU or Single GPU).
[Info] Device: cuda
[GraphCache] Caching disabled (0 nodes).
[Compile] {"enabled": true, "dynamic": true}
[GPU policy] {"version": 1, "optimizer": "torch.optim.AdamW", "epsilon_convention": "sqrt_bias_corrected_second_moment_plus_eps", "optimizer_defaults": {"lr": 0.003, "betas": [0.9, 0.999], "eps": 1e-06, "weight_decay": 0.0005, "amsgrad": false, "foreach": null, "maximize": false, "capturable": false, "differentiable": false, "fused": null}, "optimizer_groups": [{"parameters": ["_orig_mod.gnn.convs.0.lin_l.weight", "_orig_mod.gnn.convs.0.lin_r.weight", "_orig_mod.gnn.convs.1.lin_l.weight", "_orig_mod.gnn.convs.1.lin_r.weight", "_orig_mod.gnn.convs.2.lin_l.weight", "_orig_mod.gnn.convs.2.lin_r.weight", "_orig_mod.classifier.weight"], "weight_decay": 0.0005}, {"parameters": ["_orig_mod.gnn.convs.0.lin_l.bias", "_orig_mod.gnn.convs.1.lin_l.bias", "_orig_mod.gnn.convs.2.lin_l.bias", "_orig_mod.classifier.bias"], "weight_decay": 0.0}], "parameter_count": 4450351, "amp": {"implementation": "torch.amp.GradScaler", "enabled": true, "init_scale": 32768.0, "growth_interval": 2000, "growth_factor": 2.0, "backoff_factor": 0.5, "sdk_scale_clamps": false}}
[Step=0010] Wall=18.2990s | Loss=8.1374
[Profile] Avg ms/step | Load: 152.585 (Prep: 57.929, Struc: 1.343, Fetch: 93.313) | Fwd: 1371.602 | Bwd: 209.756 | Opt: 76.934 | GPU_Tot: 1752.948
[Autotune] {"version": 2, "step": 10, "wall_seconds": 18.29896195558831, "seed_nodes": 40960, "loss": 8.137438201904297, "all_losses_finite": true, "optimizer_steps": 9, "skipped_optimizer_steps": 1, "loss_scale": 16384.0}
[Step=0020] Wall=20.4612s | Loss=2.7826
[Profile] Avg ms/step | Load: 123.831 (Prep: 29.176, Struc: 1.316, Fetch: 93.339) | Fwd: 712.895 | Bwd: 137.855 | Opt: 38.869 | GPU_Tot: 984.274
[Autotune] {"version": 2, "step": 20, "wall_seconds": 20.46115028159693, "seed_nodes": 81920, "loss": 2.7825746536254883, "all_losses_finite": true, "optimizer_steps": 19, "skipped_optimizer_steps": 1, "loss_scale": 16384.0}
[Step=0030] Wall=22.5945s | Loss=2.3599
[Profile] Avg ms/step | Load: 113.434 (Prep: 19.589, Struc: 1.305, Fetch: 92.540) | Fwd: 493.251 | Bwd: 113.829 | Opt: 26.169 | GPU_Tot: 727.094
[Autotune] {"version": 2, "step": 30, "wall_seconds": 22.594523591920733, "seed_nodes": 122880, "loss": 2.3598793029785154, "all_losses_finite": true, "optimizer_steps": 29, "skipped_optimizer_steps": 1, "loss_scale": 16384.0}
[Step=0040] Wall=24.7236s | Loss=2.0091
[Profile] Avg ms/step | Load: 0.000 (Prep: 0.000, Struc: 0.000, Fetch: 0.000) | Fwd: 0.000 | Bwd: 0.000 | Opt: 0.000 | GPU_Tot: 0.000
[Autotune] {"version": 2, "step": 40, "wall_seconds": 24.723585311789066, "seed_nodes": 163840, "loss": 2.009065055847168, "all_losses_finite": true, "optimizer_steps": 39, "skipped_optimizer_steps": 1, "loss_scale": 16384.0}
[Step=0050] Wall=27.3961s | Loss=1.5460
[Profile] Avg ms/step | Load: 121.943 (Prep: 48.279, Struc: 1.180, Fetch: 72.484) | Fwd: 68.299 | Bwd: 76.092 | Opt: 0.725 | GPU_Tot: 218.780
[Autotune] {"version": 2, "step": 50, "wall_seconds": 27.39606487378478, "seed_nodes": 200711, "loss": 1.5460476875305176, "all_losses_finite": true, "optimizer_steps": 49, "skipped_optimizer_steps": 1, "loss_scale": 16384.0}
[Step=0060] Wall=29.5318s | Loss=1.4486
[Profile] Avg ms/step | Load: 107.129 (Prep: 24.469, Struc: 1.237, Fetch: 81.424) | Fwd: 61.236 | Bwd: 71.106 | Opt: 0.748 | GPU_Tot: 215.751
[Autotune] {"version": 2, "step": 60, "wall_seconds": 29.53179796691984, "seed_nodes": 241671, "loss": 1.4486488342285155, "all_losses_finite": true, "optimizer_steps": 59, "skipped_optimizer_steps": 1, "loss_scale": 16384.0}
[Step=0070] Wall=31.6788s | Loss=1.2935
[Profile] Avg ms/step | Load: 102.719 (Prep: 16.451, Struc: 1.253, Fetch: 85.014) | Fwd: 58.830 | Bwd: 69.343 | Opt: 0.757 | GPU_Tot: 215.198
[Autotune] {"version": 2, "step": 70, "wall_seconds": 31.678809168748558, "seed_nodes": 282631, "loss": 1.2934723854064942, "all_losses_finite": true, "optimizer_steps": 69, "skipped_optimizer_steps": 1, "loss_scale": 16384.0}
[Step=0080] Wall=33.8287s | Loss=1.1821
[Profile] Avg ms/step | Load: 100.465 (Prep: 12.443, Struc: 1.263, Fetch: 86.759) | Fwd: 57.657 | Bwd: 68.551 | Opt: 0.762 | GPU_Tot: 214.993
[Autotune] {"version": 2, "step": 80, "wall_seconds": 33.82867211289704, "seed_nodes": 323591, "loss": 1.1820773124694823, "all_losses_finite": true, "optimizer_steps": 79, "skipped_optimizer_steps": 1, "loss_scale": 16384.0}
[Step=0090] Wall=35.9629s | Loss=1.0952
[Profile] Avg ms/step | Load: 98.930 (Prep: 10.252, Struc: 1.268, Fetch: 87.411) | Fwd: 56.922 | Bwd: 67.980 | Opt: 0.764 | GPU_Tot: 214.344
[Autotune] {"version": 2, "step": 90, "wall_seconds": 35.96288713766262, "seed_nodes": 364551, "loss": 1.0951572418212892, "all_losses_finite": true, "optimizer_steps": 89, "skipped_optimizer_steps": 1, "loss_scale": 16384.0}
[Step=0100] Wall=38.2672s | Loss=1.0815
[Profile] Avg ms/step | Load: 102.703 (Prep: 16.300, Struc: 1.253, Fetch: 85.150) | Fwd: 55.559 | Bwd: 66.520 | Opt: 0.756 | GPU_Tot: 209.238
[Autotune] {"version": 2, "step": 100, "wall_seconds": 38.26721534691751, "seed_nodes": 401422, "loss": 1.0815107345581054, "all_losses_finite": true, "optimizer_steps": 99, "skipped_optimizer_steps": 1, "loss_scale": 16384.0}
[Step=0110] Wall=40.3972s | Loss=1.0075
[Profile] Avg ms/step | Load: 101.235 (Prep: 14.030, Struc: 1.258, Fetch: 85.947) | Fwd: 55.326 | Bwd: 66.402 | Opt: 0.758 | GPU_Tot: 209.691
[Autotune] {"version": 2, "step": 110, "wall_seconds": 40.39723329199478, "seed_nodes": 442382, "loss": 1.007543182373047, "all_losses_finite": true, "optimizer_steps": 109, "skipped_optimizer_steps": 1, "loss_scale": 16384.0}
[Step=0120] Wall=42.5588s | Loss=0.9497
[Profile] Avg ms/step | Load: 100.514 (Prep: 12.328, Struc: 1.261, Fetch: 86.925) | Fwd: 55.146 | Bwd: 66.324 | Opt: 0.765 | GPU_Tot: 210.421
[Autotune] {"version": 2, "step": 120, "wall_seconds": 42.558772725984454, "seed_nodes": 483342, "loss": 0.9497282981872559, "all_losses_finite": true, "optimizer_steps": 119, "skipped_optimizer_steps": 1, "loss_scale": 16384.0}
[Step=0130] Wall=44.6908s | Loss=0.8944
[Profile] Avg ms/step | Load: 99.532 (Prep: 11.005, Struc: 1.263, Fetch: 87.263) | Fwd: 55.047 | Bwd: 66.318 | Opt: 0.769 | GPU_Tot: 210.660
[Autotune] {"version": 2, "step": 130, "wall_seconds": 44.69079559575766, "seed_nodes": 524302, "loss": 0.8944351196289062, "all_losses_finite": true, "optimizer_steps": 129, "skipped_optimizer_steps": 1, "loss_scale": 16384.0}
[Step=0140] Wall=46.8569s | Loss=0.8681
[Profile] Avg ms/step | Load: 99.142 (Prep: 10.046, Struc: 1.266, Fetch: 87.830) | Fwd: 54.958 | Bwd: 66.271 | Opt: 0.771 | GPU_Tot: 211.096
[Autotune] {"version": 2, "step": 140, "wall_seconds": 46.856945308856666, "seed_nodes": 565262, "loss": 0.8681229591369629, "all_losses_finite": true, "optimizer_steps": 139, "skipped_optimizer_steps": 1, "loss_scale": 16384.0}
[Step=0150] Wall=49.1627s | Loss=1.0234
[Profile] Avg ms/step | Load: 101.078 (Prep: 13.237, Struc: 1.257, Fetch: 86.583) | Fwd: 54.424 | Bwd: 65.713 | Opt: 0.768 | GPU_Tot: 208.745
[Autotune] {"version": 2, "step": 150, "wall_seconds": 49.162707769777626, "seed_nodes": 602133, "loss": 1.0234373092651368, "all_losses_finite": true, "optimizer_steps": 149, "skipped_optimizer_steps": 1, "loss_scale": 16384.0}
[Step=0160] Wall=51.2958s | Loss=0.8703
[Profile] Avg ms/step | Load: 100.313 (Prep: 12.170, Struc: 1.260, Fetch: 86.884) | Fwd: 54.406 | Bwd: 65.751 | Opt: 0.772 | GPU_Tot: 209.073
[Autotune] {"version": 2, "step": 160, "wall_seconds": 51.29578217957169, "seed_nodes": 643093, "loss": 0.8702698707580566, "all_losses_finite": true, "optimizer_steps": 159, "skipped_optimizer_steps": 1, "loss_scale": 16384.0}
[Step=0170] Wall=53.4183s | Loss=0.8171
[Profile] Avg ms/step | Load: 99.622 (Prep: 11.266, Struc: 1.262, Fetch: 87.094) | Fwd: 54.385 | Bwd: 65.753 | Opt: 0.775 | GPU_Tot: 209.268
[Autotune] {"version": 2, "step": 170, "wall_seconds": 53.41825340082869, "seed_nodes": 684053, "loss": 0.8170997619628906, "all_losses_finite": true, "optimizer_steps": 169, "skipped_optimizer_steps": 1, "loss_scale": 16384.0}
[Step=0180] Wall=55.5563s | Loss=0.7749
[Profile] Avg ms/step | Load: 99.127 (Prep: 10.491, Struc: 1.264, Fetch: 87.372) | Fwd: 54.372 | Bwd: 65.765 | Opt: 0.775 | GPU_Tot: 209.547
[Autotune] {"version": 2, "step": 180, "wall_seconds": 55.55626147100702, "seed_nodes": 725013, "loss": 0.7749078750610352, "all_losses_finite": true, "optimizer_steps": 179, "skipped_optimizer_steps": 1, "loss_scale": 16384.0}
[Step=0190] Wall=57.6947s | Loss=0.7454
[Profile] Avg ms/step | Load: 98.706 (Prep: 9.881, Struc: 1.265, Fetch: 87.560) | Fwd: 54.357 | Bwd: 65.777 | Opt: 0.773 | GPU_Tot: 209.732
[Autotune] {"version": 2, "step": 190, "wall_seconds": 57.69465428497642, "seed_nodes": 765973, "loss": 0.745362377166748, "all_losses_finite": true, "optimizer_steps": 189, "skipped_optimizer_steps": 1, "loss_scale": 16384.0}
[Step=0200] Wall=59.9399s | Loss=0.8705
[Profile] Avg ms/step | Load: 99.736 (Prep: 11.841, Struc: 1.259, Fetch: 86.635) | Fwd: 54.012 | Bwd: 65.387 | Opt: 0.773 | GPU_Tot: 208.067
[Autotune] {"version": 2, "step": 200, "wall_seconds": 59.93987321993336, "seed_nodes": 802844, "loss": 0.870462703704834, "all_losses_finite": true, "optimizer_steps": 199, "skipped_optimizer_steps": 1, "loss_scale": 16384.0}
[Step=0210] Wall=62.0651s | Loss=0.8402
[Profile] Avg ms/step | Load: 99.223 (Prep: 11.169, Struc: 1.261, Fetch: 86.793) | Fwd: 54.027 | Bwd: 65.440 | Opt: 0.772 | GPU_Tot: 208.293
[Autotune] {"version": 2, "step": 210, "wall_seconds": 62.065128195565194, "seed_nodes": 843804, "loss": 0.8402212142944336, "all_losses_finite": true, "optimizer_steps": 209, "skipped_optimizer_steps": 1, "loss_scale": 16384.0}
[Step=0220] Wall=64.2194s | Loss=0.7772
[Profile] Avg ms/step | Load: 98.919 (Prep: 10.572, Struc: 1.262, Fetch: 87.084) | Fwd: 54.041 | Bwd: 65.491 | Opt: 0.774 | GPU_Tot: 208.653
[Autotune] {"version": 2, "step": 220, "wall_seconds": 64.21938737062737, "seed_nodes": 884764, "loss": 0.7772135257720947, "all_losses_finite": true, "optimizer_steps": 219, "skipped_optimizer_steps": 1, "loss_scale": 16384.0}
[Step=0230] Wall=66.3878s | Loss=0.7356
[Profile] Avg ms/step | Load: 98.737 (Prep: 10.039, Struc: 1.264, Fetch: 87.435) | Fwd: 54.053 | Bwd: 65.526 | Opt: 0.774 | GPU_Tot: 209.051
[Autotune] {"version": 2, "step": 230, "wall_seconds": 66.38776770187542, "seed_nodes": 925724, "loss": 0.7356180191040039, "all_losses_finite": true, "optimizer_steps": 229, "skipped_optimizer_steps": 1, "loss_scale": 16384.0}
[Step=0240] Wall=68.5048s | Loss=0.7116
[Profile] Avg ms/step | Load: 98.329 (Prep: 9.600, Struc: 1.265, Fetch: 87.465) | Fwd: 54.055 | Bwd: 65.550 | Opt: 0.777 | GPU_Tot: 209.111
[Autotune] {"version": 2, "step": 240, "wall_seconds": 68.504842588678, "seed_nodes": 966684, "loss": 0.7115673542022705, "all_losses_finite": true, "optimizer_steps": 239, "skipped_optimizer_steps": 1, "loss_scale": 16384.0}
[Step=0250] Wall=70.7996s | Loss=0.6868
[Profile] Avg ms/step | Load: 99.365 (Prep: 11.115, Struc: 1.260, Fetch: 86.990) | Fwd: 53.811 | Bwd: 65.264 | Opt: 0.775 | GPU_Tot: 208.100
[Autotune] {"version": 2, "step": 250, "wall_seconds": 70.79961452586576, "seed_nodes": 1003555, "loss": 0.6868383407592773, "all_losses_finite": true, "optimizer_steps": 249, "skipped_optimizer_steps": 1, "loss_scale": 16384.0}
[Step=0260] Wall=72.9625s | Loss=0.7065
[Profile] Avg ms/step | Load: 99.167 (Prep: 10.628, Struc: 1.261, Fetch: 87.277) | Fwd: 53.829 | Bwd: 65.300 | Opt: 0.777 | GPU_Tot: 208.445
[Autotune] {"version": 2, "step": 260, "wall_seconds": 72.96251792181283, "seed_nodes": 1044515, "loss": 0.7065451145172119, "all_losses_finite": true, "optimizer_steps": 259, "skipped_optimizer_steps": 1, "loss_scale": 16384.0}
[Step=0270] Wall=75.1548s | Loss=0.6841
[Profile] Avg ms/step | Load: 99.090 (Prep: 10.184, Struc: 1.262, Fetch: 87.643) | Fwd: 53.852 | Bwd: 65.354 | Opt: 0.776 | GPU_Tot: 208.888
[Autotune] {"version": 2, "step": 270, "wall_seconds": 75.15479583200067, "seed_nodes": 1085475, "loss": 0.6840821266174316, "all_losses_finite": true, "optimizer_steps": 269, "skipped_optimizer_steps": 1, "loss_scale": 16384.0}
[Step=0280] Wall=77.3346s | Loss=0.6571
[Profile] Avg ms/step | Load: 98.982 (Prep: 9.777, Struc: 1.263, Fetch: 87.941) | Fwd: 53.869 | Bwd: 65.389 | Opt: 0.778 | GPU_Tot: 209.241
[Autotune] {"version": 2, "step": 280, "wall_seconds": 77.33460628287867, "seed_nodes": 1126435, "loss": 0.6570910930633544, "all_losses_finite": true, "optimizer_steps": 279, "skipped_optimizer_steps": 1, "loss_scale": 16384.0}
[Step=0290] Wall=79.4342s | Loss=0.6492
[Profile] Avg ms/step | Load: 98.545 (Prep: 9.435, Struc: 1.264, Fetch: 87.845) | Fwd: 53.890 | Bwd: 65.437 | Opt: 0.777 | GPU_Tot: 209.213
[Autotune] {"version": 2, "step": 290, "wall_seconds": 79.43419766891748, "seed_nodes": 1167395, "loss": 0.6492446422576904, "all_losses_finite": true, "optimizer_steps": 289, "skipped_optimizer_steps": 1, "loss_scale": 16384.0}
[Step=0300] Wall=81.7559s | Loss=0.6081
[Profile] Avg ms/step | Load: 99.437 (Prep: 10.664, Struc: 1.261, Fetch: 87.513) | Fwd: 53.707 | Bwd: 65.240 | Opt: 0.776 | GPU_Tot: 208.497
[Autotune] {"version": 2, "step": 300, "wall_seconds": 81.75585752585903, "seed_nodes": 1204266, "loss": 0.6080681324005127, "all_losses_finite": true, "optimizer_steps": 299, "skipped_optimizer_steps": 1, "loss_scale": 16384.0}
[Step=0310] Wall=83.9324s | Loss=0.6553
[Profile] Avg ms/step | Load: 99.303 (Prep: 10.294, Struc: 1.262, Fetch: 87.747) | Fwd: 53.732 | Bwd: 65.285 | Opt: 0.778 | GPU_Tot: 208.804
[Autotune] {"version": 2, "step": 310, "wall_seconds": 83.93243882572278, "seed_nodes": 1245226, "loss": 0.6552908897399903, "all_losses_finite": true, "optimizer_steps": 309, "skipped_optimizer_steps": 1, "loss_scale": 16384.0}
[Step=0320] Wall=86.0819s | Loss=0.6251
[Profile] Avg ms/step | Load: 99.084 (Prep: 9.941, Struc: 1.263, Fetch: 87.881) | Fwd: 53.756 | Bwd: 65.324 | Opt: 0.778 | GPU_Tot: 209.002
[Autotune] {"version": 2, "step": 320, "wall_seconds": 86.08186358399689, "seed_nodes": 1286186, "loss": 0.625090217590332, "all_losses_finite": true, "optimizer_steps": 319, "skipped_optimizer_steps": 1, "loss_scale": 16384.0}
[Step=0330] Wall=88.2594s | Loss=0.6262
[Profile] Avg ms/step | Load: 98.973 (Prep: 9.612, Struc: 1.264, Fetch: 88.098) | Fwd: 53.780 | Bwd: 65.364 | Opt: 0.778 | GPU_Tot: 209.284
[Autotune] {"version": 2, "step": 330, "wall_seconds": 88.25942723965272, "seed_nodes": 1327146, "loss": 0.6261823177337646, "all_losses_finite": true, "optimizer_steps": 329, "skipped_optimizer_steps": 1, "loss_scale": 16384.0}
[Step=0340] Wall=90.3524s | Loss=0.6250
[Profile] Avg ms/step | Load: 98.558 (Prep: 9.336, Struc: 1.264, Fetch: 87.957) | Fwd: 53.807 | Bwd: 65.428 | Opt: 0.777 | GPU_Tot: 209.234
[Autotune] {"version": 2, "step": 340, "wall_seconds": 90.35236971266568, "seed_nodes": 1368106, "loss": 0.6249671459197998, "all_losses_finite": true, "optimizer_steps": 339, "skipped_optimizer_steps": 1, "loss_scale": 16384.0}
[Step=0350] Wall=92.7124s | Loss=0.5706
[Profile] Avg ms/step | Load: 99.433 (Prep: 10.426, Struc: 1.262, Fetch: 87.745) | Fwd: 53.655 | Bwd: 65.262 | Opt: 0.776 | GPU_Tot: 208.700
[Autotune] {"version": 2, "step": 350, "wall_seconds": 92.71240282896906, "seed_nodes": 1404977, "loss": 0.5705682754516601, "all_losses_finite": true, "optimizer_steps": 349, "skipped_optimizer_steps": 1, "loss_scale": 16384.0}
[Step=0360] Wall=94.8552s | Loss=0.6169
[Profile] Avg ms/step | Load: 99.215 (Prep: 10.113, Struc: 1.262, Fetch: 87.839) | Fwd: 53.678 | Bwd: 65.299 | Opt: 0.776 | GPU_Tot: 208.855
[Autotune] {"version": 2, "step": 360, "wall_seconds": 94.85522437281907, "seed_nodes": 1445937, "loss": 0.6168671607971191, "all_losses_finite": true, "optimizer_steps": 359, "skipped_optimizer_steps": 1, "loss_scale": 16384.0}
[Step=0370] Wall=97.0032s | Loss=0.6269
[Profile] Avg ms/step | Load: 99.037 (Prep: 9.819, Struc: 1.263, Fetch: 87.955) | Fwd: 53.697 | Bwd: 65.326 | Opt: 0.776 | GPU_Tot: 209.017
[Autotune] {"version": 2, "step": 370, "wall_seconds": 97.00315316673368, "seed_nodes": 1486897, "loss": 0.6268986701965332, "all_losses_finite": true, "optimizer_steps": 369, "skipped_optimizer_steps": 1, "loss_scale": 16384.0}
[Step=0380] Wall=99.1842s | Loss=0.6148
[Profile] Avg ms/step | Load: 98.941 (Prep: 9.543, Struc: 1.264, Fetch: 88.135) | Fwd: 53.721 | Bwd: 65.370 | Opt: 0.776 | GPU_Tot: 209.266
[Autotune] {"version": 2, "step": 380, "wall_seconds": 99.18418123573065, "seed_nodes": 1527857, "loss": 0.6147882461547851, "all_losses_finite": true, "optimizer_steps": 379, "skipped_optimizer_steps": 1, "loss_scale": 16384.0}
[Step=0390] Wall=101.2565s | Loss=0.5974
[Profile] Avg ms/step | Load: 98.556 (Prep: 9.306, Struc: 1.264, Fetch: 87.985) | Fwd: 53.744 | Bwd: 65.398 | Opt: 0.775 | GPU_Tot: 209.167
[Autotune] {"version": 2, "step": 390, "wall_seconds": 101.25650971569121, "seed_nodes": 1568817, "loss": 0.5974358558654785, "all_losses_finite": true, "optimizer_steps": 389, "skipped_optimizer_steps": 1, "loss_scale": 16384.0}
[Step=0400] Wall=103.6532s | Loss=0.5820
[Profile] Avg ms/step | Load: 99.410 (Prep: 10.256, Struc: 1.262, Fetch: 87.892) | Fwd: 53.619 | Bwd: 65.252 | Opt: 0.776 | GPU_Tot: 208.801
[Autotune] {"version": 2, "step": 400, "wall_seconds": 103.65317772096023, "seed_nodes": 1605688, "loss": 0.5819836616516113, "all_losses_finite": true, "optimizer_steps": 399, "skipped_optimizer_steps": 1, "loss_scale": 16384.0}
[Step=0410] Wall=105.8206s | Loss=0.6199
[Profile] Avg ms/step | Load: 99.294 (Prep: 9.990, Struc: 1.263, Fetch: 88.042) | Fwd: 53.639 | Bwd: 65.279 | Opt: 0.776 | GPU_Tot: 208.999
[Autotune] {"version": 2, "step": 410, "wall_seconds": 105.82055133581161, "seed_nodes": 1646648, "loss": 0.6199130058288574, "all_losses_finite": true, "optimizer_steps": 409, "skipped_optimizer_steps": 1, "loss_scale": 16384.0}
[Step=0420] Wall=108.0000s | Loss=0.5838
[Profile] Avg ms/step | Load: 99.205 (Prep: 9.738, Struc: 1.263, Fetch: 88.204) | Fwd: 53.660 | Bwd: 65.315 | Opt: 0.777 | GPU_Tot: 209.219
[Autotune] {"version": 2, "step": 420, "wall_seconds": 108.00001462781802, "seed_nodes": 1687608, "loss": 0.5838166236877441, "all_losses_finite": true, "optimizer_steps": 419, "skipped_optimizer_steps": 1, "loss_scale": 16384.0}
[Step=0430] Wall=110.1795s | Loss=0.6077
[Profile] Avg ms/step | Load: 99.137 (Prep: 9.499, Struc: 1.264, Fetch: 88.375) | Fwd: 53.676 | Bwd: 65.335 | Opt: 0.777 | GPU_Tot: 209.427
[Autotune] {"version": 2, "step": 430, "wall_seconds": 110.17947552865371, "seed_nodes": 1728568, "loss": 0.607656192779541, "all_losses_finite": true, "optimizer_steps": 429, "skipped_optimizer_steps": 1, "loss_scale": 16384.0}
[Step=0440] Wall=112.2358s | Loss=0.5921
[Profile] Avg ms/step | Load: 98.749 (Prep: 9.288, Struc: 1.264, Fetch: 88.196) | Fwd: 53.695 | Bwd: 65.369 | Opt: 0.776 | GPU_Tot: 209.300
[Autotune] {"version": 2, "step": 440, "wall_seconds": 112.23580427374691, "seed_nodes": 1769528, "loss": 0.5921139717102051, "all_losses_finite": true, "optimizer_steps": 439, "skipped_optimizer_steps": 1, "loss_scale": 16384.0}
[Step=0450] Wall=114.6292s | Loss=0.6567
[Profile] Avg ms/step | Load: 99.498 (Prep: 10.116, Struc: 1.262, Fetch: 88.120) | Fwd: 53.580 | Bwd: 65.234 | Opt: 0.777 | GPU_Tot: 208.974
[Autotune] {"version": 2, "step": 450, "wall_seconds": 114.62916063098237, "seed_nodes": 1806399, "loss": 0.6567410945892334, "all_losses_finite": true, "optimizer_steps": 449, "skipped_optimizer_steps": 1, "loss_scale": 16384.0}
[Step=0460] Wall=116.7892s | Loss=0.6286
[Profile] Avg ms/step | Load: 99.370 (Prep: 9.885, Struc: 1.263, Fetch: 88.222) | Fwd: 53.601 | Bwd: 65.263 | Opt: 0.778 | GPU_Tot: 209.127
[Autotune] {"version": 2, "step": 460, "wall_seconds": 116.78922806400806, "seed_nodes": 1847359, "loss": 0.6285935401916504, "all_losses_finite": true, "optimizer_steps": 459, "skipped_optimizer_steps": 1, "loss_scale": 16384.0}
[Step=0470] Wall=118.9596s | Loss=0.6122
[Profile] Avg ms/step | Load: 99.267 (Prep: 9.665, Struc: 1.263, Fetch: 88.339) | Fwd: 53.621 | Bwd: 65.294 | Opt: 0.779 | GPU_Tot: 209.297
[Autotune] {"version": 2, "step": 470, "wall_seconds": 118.9595513548702, "seed_nodes": 1888319, "loss": 0.6122257232666015, "all_losses_finite": true, "optimizer_steps": 469, "skipped_optimizer_steps": 1, "loss_scale": 16384.0}
[Step=0480] Wall=121.1166s | Loss=0.5847
[Profile] Avg ms/step | Load: 99.150 (Prep: 9.454, Struc: 1.264, Fetch: 88.432) | Fwd: 53.639 | Bwd: 65.315 | Opt: 0.779 | GPU_Tot: 209.429
[Autotune] {"version": 2, "step": 480, "wall_seconds": 121.11655948497355, "seed_nodes": 1929279, "loss": 0.5846598148345947, "all_losses_finite": true, "optimizer_steps": 479, "skipped_optimizer_steps": 1, "loss_scale": 16384.0}
[Step=0490] Wall=122.9607s | Loss=0.5705
[Profile] Avg ms/step | Load: 98.604 (Prep: 9.268, Struc: 1.262, Fetch: 88.075) | Fwd: 53.539 | Bwd: 65.193 | Opt: 0.778 | GPU_Tot: 208.846
[Autotune] {"version": 2, "step": 490, "wall_seconds": 122.96071928786114, "seed_nodes": 1966150, "loss": 0.570457124710083, "all_losses_finite": true, "optimizer_steps": 489, "skipped_optimizer_steps": 1, "loss_scale": 16384.0}
[Step=0500] Wall=125.5529s | Loss=0.6162
[Profile] Avg ms/step | Load: 99.455 (Prep: 10.006, Struc: 1.262, Fetch: 88.186) | Fwd: 53.555 | Bwd: 65.214 | Opt: 0.778 | GPU_Tot: 208.996
[Autotune] {"version": 2, "step": 500, "wall_seconds": 125.55288664158434, "seed_nodes": 2007110, "loss": 0.6161850452423095, "all_losses_finite": true, "optimizer_steps": 499, "skipped_optimizer_steps": 1, "loss_scale": 16384.0}
[Step=0510] Wall=127.7081s | Loss=0.6021
[Profile] Avg ms/step | Load: 99.329 (Prep: 9.802, Struc: 1.263, Fetch: 88.264) | Fwd: 53.574 | Bwd: 65.243 | Opt: 0.778 | GPU_Tot: 209.123
[Autotune] {"version": 2, "step": 510, "wall_seconds": 127.7081171409227, "seed_nodes": 2048070, "loss": 0.6021251678466797, "all_losses_finite": true, "optimizer_steps": 509, "skipped_optimizer_steps": 1, "loss_scale": 16384.0}
[Step=0520] Wall=129.8959s | Loss=0.5960
[Profile] Avg ms/step | Load: 99.275 (Prep: 9.606, Struc: 1.263, Fetch: 88.405) | Fwd: 53.592 | Bwd: 65.273 | Opt: 0.778 | GPU_Tot: 209.311
[Autotune] {"version": 2, "step": 520, "wall_seconds": 129.8958541075699, "seed_nodes": 2089030, "loss": 0.5959657669067383, "all_losses_finite": true, "optimizer_steps": 519, "skipped_optimizer_steps": 1, "loss_scale": 16384.0}
[Step=0530] Wall=132.0695s | Loss=0.5776
[Profile] Avg ms/step | Load: 99.198 (Prep: 9.419, Struc: 1.264, Fetch: 88.516) | Fwd: 53.608 | Bwd: 65.297 | Opt: 0.778 | GPU_Tot: 209.463
[Autotune] {"version": 2, "step": 530, "wall_seconds": 132.06949745956808, "seed_nodes": 2129990, "loss": 0.5775609970092773, "all_losses_finite": true, "optimizer_steps": 529, "skipped_optimizer_steps": 1, "loss_scale": 16384.0}
[Step=0540] Wall=134.3066s | Loss=0.6659
[Profile] Avg ms/step | Load: 99.502 (Prep: 10.064, Struc: 1.264, Fetch: 88.173) | Fwd: 53.514 | Bwd: 65.182 | Opt: 0.777 | GPU_Tot: 208.910
[Autotune] {"version": 2, "step": 540, "wall_seconds": 134.30658316472545, "seed_nodes": 2166861, "loss": 0.6659390449523925, "all_losses_finite": true, "optimizer_steps": 539, "skipped_optimizer_steps": 1, "loss_scale": 16384.0}
[Step=0550] Wall=136.4984s | Loss=0.8181
[Profile] Avg ms/step | Load: 99.470 (Prep: 9.875, Struc: 1.265, Fetch: 88.329) | Fwd: 53.528 | Bwd: 65.199 | Opt: 0.778 | GPU_Tot: 209.100
[Autotune] {"version": 2, "step": 550, "wall_seconds": 136.4984233356081, "seed_nodes": 2207821, "loss": 0.8180500030517578, "all_losses_finite": true, "optimizer_steps": 549, "skipped_optimizer_steps": 1, "loss_scale": 16384.0}
[Step=0560] Wall=138.6757s | Loss=0.7060
[Profile] Avg ms/step | Load: 99.407 (Prep: 9.694, Struc: 1.265, Fetch: 88.448) | Fwd: 53.544 | Bwd: 65.218 | Opt: 0.778 | GPU_Tot: 209.254
[Autotune] {"version": 2, "step": 560, "wall_seconds": 138.6756813796237, "seed_nodes": 2248781, "loss": 0.7059500694274903, "all_losses_finite": true, "optimizer_steps": 559, "skipped_optimizer_steps": 1, "loss_scale": 16384.0}
[Step=0570] Wall=140.8326s | Loss=0.6485
[Profile] Avg ms/step | Load: 99.306 (Prep: 9.519, Struc: 1.266, Fetch: 88.522) | Fwd: 53.558 | Bwd: 65.240 | Opt: 0.778 | GPU_Tot: 209.364
[Autotune] {"version": 2, "step": 570, "wall_seconds": 140.83263647183776, "seed_nodes": 2289741, "loss": 0.648484754562378, "all_losses_finite": true, "optimizer_steps": 569, "skipped_optimizer_steps": 1, "loss_scale": 16384.0}
[Step=0580] Wall=143.0186s | Loss=0.6167
[Profile] Avg ms/step | Load: 99.264 (Prep: 9.370, Struc: 1.266, Fetch: 88.628) | Fwd: 53.573 | Bwd: 65.258 | Opt: 0.778 | GPU_Tot: 209.503
[Autotune] {"version": 2, "step": 580, "wall_seconds": 143.0186328906566, "seed_nodes": 2330701, "loss": 0.6166982173919677, "all_losses_finite": true, "optimizer_steps": 579, "skipped_optimizer_steps": 1, "loss_scale": 16384.0}
[Step=0590] Wall=145.3008s | Loss=0.5977
[Profile] Avg ms/step | Load: 99.603 (Prep: 9.990, Struc: 1.264, Fetch: 88.349) | Fwd: 53.494 | Bwd: 65.165 | Opt: 0.777 | GPU_Tot: 209.050
[Autotune] {"version": 2, "step": 590, "wall_seconds": 145.30078103160486, "seed_nodes": 2367572, "loss": 0.5977430820465088, "all_losses_finite": true, "optimizer_steps": 589, "skipped_optimizer_steps": 1, "loss_scale": 16384.0}
[Step=0600] Wall=147.4828s | Loss=0.6296
[Profile] Avg ms/step | Load: 99.549 (Prep: 9.819, Struc: 1.265, Fetch: 88.465) | Fwd: 53.510 | Bwd: 65.185 | Opt: 0.777 | GPU_Tot: 209.202
[Autotune] {"version": 2, "step": 600, "wall_seconds": 147.48279501590878, "seed_nodes": 2408532, "loss": 0.6296167850494385, "all_losses_finite": true, "optimizer_steps": 599, "skipped_optimizer_steps": 1, "loss_scale": 16384.0}
[Step=0610] Wall=149.6511s | Loss=0.6009
[Profile] Avg ms/step | Load: 99.467 (Prep: 9.654, Struc: 1.265, Fetch: 88.547) | Fwd: 53.525 | Bwd: 65.209 | Opt: 0.778 | GPU_Tot: 209.325
[Autotune] {"version": 2, "step": 610, "wall_seconds": 149.6511499066837, "seed_nodes": 2449492, "loss": 0.6008551597595215, "all_losses_finite": true, "optimizer_steps": 609, "skipped_optimizer_steps": 1, "loss_scale": 16384.0}
[Step=0620] Wall=151.8472s | Loss=0.6147
[Profile] Avg ms/step | Load: 99.421 (Prep: 9.495, Struc: 1.266, Fetch: 88.660) | Fwd: 53.544 | Bwd: 65.244 | Opt: 0.778 | GPU_Tot: 209.492
[Autotune] {"version": 2, "step": 620, "wall_seconds": 151.8471948178485, "seed_nodes": 2490452, "loss": 0.6147113800048828, "all_losses_finite": true, "optimizer_steps": 619, "skipped_optimizer_steps": 1, "loss_scale": 16384.0}
[Step=0630] Wall=154.0363s | Loss=0.5833
[Profile] Avg ms/step | Load: 99.378 (Prep: 9.356, Struc: 1.266, Fetch: 88.756) | Fwd: 53.558 | Bwd: 65.268 | Opt: 0.779 | GPU_Tot: 209.627
[Autotune] {"version": 2, "step": 630, "wall_seconds": 154.03631219873205, "seed_nodes": 2531412, "loss": 0.5832849979400635, "all_losses_finite": true, "optimizer_steps": 629, "skipped_optimizer_steps": 1, "loss_scale": 16384.0}
[Step=0640] Wall=156.2967s | Loss=0.7165
[Profile] Avg ms/step | Load: 99.651 (Prep: 9.887, Struc: 1.264, Fetch: 88.499) | Fwd: 53.486 | Bwd: 65.182 | Opt: 0.778 | GPU_Tot: 209.210
[Autotune] {"version": 2, "step": 640, "wall_seconds": 156.2967155147344, "seed_nodes": 2568283, "loss": 0.7165466785430908, "all_losses_finite": true, "optimizer_steps": 639, "skipped_optimizer_steps": 1, "loss_scale": 16384.0}
[Step=0650] Wall=158.4710s | Loss=0.7764
[Profile] Avg ms/step | Load: 99.581 (Prep: 9.732, Struc: 1.265, Fetch: 88.584) | Fwd: 53.503 | Bwd: 65.205 | Opt: 0.779 | GPU_Tot: 209.335
[Autotune] {"version": 2, "step": 650, "wall_seconds": 158.47097637876868, "seed_nodes": 2609243, "loss": 0.776445722579956, "all_losses_finite": true, "optimizer_steps": 649, "skipped_optimizer_steps": 1, "loss_scale": 16384.0}
[Step=0660] Wall=160.6564s | Loss=0.6769
[Profile] Avg ms/step | Load: 99.528 (Prep: 9.581, Struc: 1.265, Fetch: 88.681) | Fwd: 53.519 | Bwd: 65.229 | Opt: 0.779 | GPU_Tot: 209.474
[Autotune] {"version": 2, "step": 660, "wall_seconds": 160.65638267155737, "seed_nodes": 2650203, "loss": 0.6769035816192627, "all_losses_finite": true, "optimizer_steps": 659, "skipped_optimizer_steps": 1, "loss_scale": 16384.0}
[Step=0670] Wall=162.8532s | Loss=0.6300
[Profile] Avg ms/step | Load: 99.505 (Prep: 9.436, Struc: 1.265, Fetch: 88.804) | Fwd: 53.532 | Bwd: 65.245 | Opt: 0.779 | GPU_Tot: 209.626
[Autotune] {"version": 2, "step": 670, "wall_seconds": 162.8531946707517, "seed_nodes": 2691163, "loss": 0.6299876213073731, "all_losses_finite": true, "optimizer_steps": 669, "skipped_optimizer_steps": 1, "loss_scale": 16384.0}
[Step=0680] Wall=165.0172s | Loss=0.6062
[Profile] Avg ms/step | Load: 99.424 (Prep: 9.311, Struc: 1.266, Fetch: 88.847) | Fwd: 53.547 | Bwd: 65.268 | Opt: 0.779 | GPU_Tot: 209.707
[Autotune] {"version": 2, "step": 680, "wall_seconds": 165.01717464486137, "seed_nodes": 2732123, "loss": 0.6061540603637695, "all_losses_finite": true, "optimizer_steps": 679, "skipped_optimizer_steps": 1, "loss_scale": 16384.0}
[Step=0690] Wall=167.3411s | Loss=0.5927
[Profile] Avg ms/step | Load: 99.776 (Prep: 9.884, Struc: 1.264, Fetch: 88.628) | Fwd: 53.481 | Bwd: 65.185 | Opt: 0.778 | GPU_Tot: 209.336
[Autotune] {"version": 2, "step": 690, "wall_seconds": 167.34109381586313, "seed_nodes": 2768994, "loss": 0.5927468299865722, "all_losses_finite": true, "optimizer_steps": 689, "skipped_optimizer_steps": 1, "loss_scale": 16384.0}
[Step=0700] Wall=169.5007s | Loss=0.6298
[Profile] Avg ms/step | Load: 99.689 (Prep: 9.741, Struc: 1.265, Fetch: 88.684) | Fwd: 53.495 | Bwd: 65.206 | Opt: 0.778 | GPU_Tot: 209.427
[Autotune] {"version": 2, "step": 700, "wall_seconds": 169.50068052578717, "seed_nodes": 2809954, "loss": 0.6298077583312989, "all_losses_finite": true, "optimizer_steps": 699, "skipped_optimizer_steps": 1, "loss_scale": 16384.0}
[Step=0710] Wall=171.6718s | Loss=0.6102
[Profile] Avg ms/step | Load: 99.618 (Prep: 9.601, Struc: 1.265, Fetch: 88.751) | Fwd: 53.510 | Bwd: 65.228 | Opt: 0.779 | GPU_Tot: 209.533
[Autotune] {"version": 2, "step": 710, "wall_seconds": 171.67178934579715, "seed_nodes": 2850914, "loss": 0.6101790428161621, "all_losses_finite": true, "optimizer_steps": 709, "skipped_optimizer_steps": 1, "loss_scale": 16384.0}
[Step=0720] Wall=173.8433s | Loss=0.5820
[Profile] Avg ms/step | Load: 99.557 (Prep: 9.466, Struc: 1.265, Fetch: 88.826) | Fwd: 53.522 | Bwd: 65.244 | Opt: 0.779 | GPU_Tot: 209.636
[Autotune] {"version": 2, "step": 720, "wall_seconds": 173.84325897088274, "seed_nodes": 2891874, "loss": 0.5820075511932373, "all_losses_finite": true, "optimizer_steps": 719, "skipped_optimizer_steps": 1, "loss_scale": 16384.0}
[Step=0730] Wall=175.9766s | Loss=0.5714
[Profile] Avg ms/step | Load: 99.436 (Prep: 9.349, Struc: 1.266, Fetch: 88.821) | Fwd: 53.536 | Bwd: 65.266 | Opt: 0.779 | GPU_Tot: 209.667
[Autotune] {"version": 2, "step": 730, "wall_seconds": 175.976592537947, "seed_nodes": 2932834, "loss": 0.5714416980743409, "all_losses_finite": true, "optimizer_steps": 729, "skipped_optimizer_steps": 1, "loss_scale": 16384.0}
[Step=0740] Wall=178.2839s | Loss=0.8334
[Profile] Avg ms/step | Load: 99.738 (Prep: 9.827, Struc: 1.264, Fetch: 88.646) | Fwd: 53.474 | Bwd: 65.190 | Opt: 0.778 | GPU_Tot: 209.353
[Autotune] {"version": 2, "step": 740, "wall_seconds": 178.28390909684822, "seed_nodes": 2969705, "loss": 0.8334175109863281, "all_losses_finite": true, "optimizer_steps": 739, "skipped_optimizer_steps": 1, "loss_scale": 16384.0}
[Step=0750] Wall=180.4961s | Loss=0.7825
[Profile] Avg ms/step | Load: 99.728 (Prep: 9.695, Struc: 1.265, Fetch: 88.768) | Fwd: 53.489 | Bwd: 65.212 | Opt: 0.778 | GPU_Tot: 209.512
[Autotune] {"version": 2, "step": 750, "wall_seconds": 180.49612405057997, "seed_nodes": 3010665, "loss": 0.7824796676635742, "all_losses_finite": true, "optimizer_steps": 749, "skipped_optimizer_steps": 1, "loss_scale": 16384.0}
[Step=0760] Wall=182.6856s | Loss=0.6894
[Profile] Avg ms/step | Load: 99.697 (Prep: 9.566, Struc: 1.265, Fetch: 88.867) | Fwd: 53.500 | Bwd: 65.224 | Opt: 0.778 | GPU_Tot: 209.635
[Autotune] {"version": 2, "step": 760, "wall_seconds": 182.68563345773146, "seed_nodes": 3051625, "loss": 0.6893861293792725, "all_losses_finite": true, "optimizer_steps": 759, "skipped_optimizer_steps": 1, "loss_scale": 16384.0}
[Step=0770] Wall=184.8854s | Loss=0.6651
[Profile] Avg ms/step | Load: 99.673 (Prep: 9.440, Struc: 1.265, Fetch: 88.967) | Fwd: 53.514 | Bwd: 65.244 | Opt: 0.778 | GPU_Tot: 209.768
[Autotune] {"version": 2, "step": 770, "wall_seconds": 184.88537633093074, "seed_nodes": 3092585, "loss": 0.6650906562805176, "all_losses_finite": true, "optimizer_steps": 769, "skipped_optimizer_steps": 1, "loss_scale": 16384.0}
[Step=0780] Wall=186.9986s | Loss=0.6278
[Profile] Avg ms/step | Load: 99.545 (Prep: 9.331, Struc: 1.266, Fetch: 88.948) | Fwd: 53.524 | Bwd: 65.253 | Opt: 0.778 | GPU_Tot: 209.768
[Autotune] {"version": 2, "step": 780, "wall_seconds": 186.9985939487815, "seed_nodes": 3133545, "loss": 0.62779541015625, "all_losses_finite": true, "optimizer_steps": 779, "skipped_optimizer_steps": 1, "loss_scale": 16384.0}
[Step=0790] Wall=189.3403s | Loss=0.6709
[Profile] Avg ms/step | Load: 99.873 (Prep: 9.780, Struc: 1.264, Fetch: 88.829) | Fwd: 53.465 | Bwd: 65.182 | Opt: 0.778 | GPU_Tot: 209.518
[Autotune] {"version": 2, "step": 790, "wall_seconds": 189.34027674561366, "seed_nodes": 3170416, "loss": 0.6709355354309082, "all_losses_finite": true, "optimizer_steps": 789, "skipped_optimizer_steps": 1, "loss_scale": 16384.0}
[Step=0800] Wall=191.5268s | Loss=0.6656
[Profile] Avg ms/step | Load: 99.838 (Prep: 9.657, Struc: 1.265, Fetch: 88.917) | Fwd: 53.476 | Bwd: 65.195 | Opt: 0.778 | GPU_Tot: 209.630
[Autotune] {"version": 2, "step": 800, "wall_seconds": 191.52683671656996, "seed_nodes": 3211376, "loss": 0.6655763149261474, "all_losses_finite": true, "optimizer_steps": 799, "skipped_optimizer_steps": 1, "loss_scale": 16384.0}
[Step=0810] Wall=193.6970s | Loss=0.6249
[Profile] Avg ms/step | Load: 99.780 (Prep: 9.537, Struc: 1.265, Fetch: 88.978) | Fwd: 53.488 | Bwd: 65.210 | Opt: 0.778 | GPU_Tot: 209.718
[Autotune] {"version": 2, "step": 810, "wall_seconds": 193.697034584824, "seed_nodes": 3252336, "loss": 0.624859094619751, "all_losses_finite": true, "optimizer_steps": 809, "skipped_optimizer_steps": 1, "loss_scale": 16384.0}
[Step=0820] Wall=195.9156s | Loss=0.6052
[Profile] Avg ms/step | Load: 99.785 (Prep: 9.420, Struc: 1.265, Fetch: 89.100) | Fwd: 53.499 | Bwd: 65.224 | Opt: 0.778 | GPU_Tot: 209.866
[Autotune] {"version": 2, "step": 820, "wall_seconds": 195.91556552471593, "seed_nodes": 3293296, "loss": 0.6052387714385986, "all_losses_finite": true, "optimizer_steps": 819, "skipped_optimizer_steps": 1, "loss_scale": 16384.0}
[Step=0830] Wall=198.0169s | Loss=0.5818
[Profile] Avg ms/step | Load: 99.636 (Prep: 9.317, Struc: 1.265, Fetch: 89.054) | Fwd: 53.512 | Bwd: 65.243 | Opt: 0.777 | GPU_Tot: 209.851
[Autotune] {"version": 2, "step": 830, "wall_seconds": 198.0169454878196, "seed_nodes": 3334256, "loss": 0.5818475723266602, "all_losses_finite": true, "optimizer_steps": 829, "skipped_optimizer_steps": 1, "loss_scale": 16384.0}
[Step=0840] Wall=200.3531s | Loss=0.6062
[Profile] Avg ms/step | Load: 99.934 (Prep: 9.742, Struc: 1.264, Fetch: 88.928) | Fwd: 53.456 | Bwd: 65.178 | Opt: 0.778 | GPU_Tot: 209.604
[Autotune] {"version": 2, "step": 840, "wall_seconds": 200.35311948368326, "seed_nodes": 3371127, "loss": 0.6061662673950196, "all_losses_finite": true, "optimizer_steps": 839, "skipped_optimizer_steps": 1, "loss_scale": 16384.0}
[Step=0850] Wall=202.5413s | Loss=0.6275
[Profile] Avg ms/step | Load: 99.902 (Prep: 9.627, Struc: 1.264, Fetch: 89.011) | Fwd: 53.466 | Bwd: 65.191 | Opt: 0.778 | GPU_Tot: 209.710
[Autotune] {"version": 2, "step": 850, "wall_seconds": 202.54127431381494, "seed_nodes": 3412087, "loss": 0.6275139331817627, "all_losses_finite": true, "optimizer_steps": 849, "skipped_optimizer_steps": 1, "loss_scale": 16384.0}
[Step=0860] Wall=204.7367s | Loss=0.5964
[Profile] Avg ms/step | Load: 99.871 (Prep: 9.514, Struc: 1.265, Fetch: 89.091) | Fwd: 53.479 | Bwd: 65.210 | Opt: 0.778 | GPU_Tot: 209.823
[Autotune] {"version": 2, "step": 860, "wall_seconds": 204.73668861063197, "seed_nodes": 3453047, "loss": 0.5964125633239746, "all_losses_finite": true, "optimizer_steps": 859, "skipped_optimizer_steps": 1, "loss_scale": 16384.0}
[Step=0870] Wall=206.9282s | Loss=0.5932
[Profile] Avg ms/step | Load: 99.836 (Prep: 9.405, Struc: 1.265, Fetch: 89.166) | Fwd: 53.490 | Bwd: 65.229 | Opt: 0.778 | GPU_Tot: 209.928
[Autotune] {"version": 2, "step": 870, "wall_seconds": 206.92818247759715, "seed_nodes": 3494007, "loss": 0.5931915760040283, "all_losses_finite": true, "optimizer_steps": 869, "skipped_optimizer_steps": 1, "loss_scale": 16384.0}
[Step=0880] Wall=209.0196s | Loss=0.5682
[Profile] Avg ms/step | Load: 99.690 (Prep: 9.306, Struc: 1.265, Fetch: 89.118) | Fwd: 53.500 | Bwd: 65.242 | Opt: 0.777 | GPU_Tot: 209.903
[Autotune] {"version": 2, "step": 880, "wall_seconds": 209.0195901626721, "seed_nodes": 3534967, "loss": 0.5681698322296143, "all_losses_finite": true, "optimizer_steps": 879, "skipped_optimizer_steps": 1, "loss_scale": 16384.0}
[Step=0890] Wall=211.3574s | Loss=0.7645
[Profile] Avg ms/step | Load: 99.973 (Prep: 9.686, Struc: 1.264, Fetch: 89.023) | Fwd: 53.449 | Bwd: 65.179 | Opt: 0.778 | GPU_Tot: 209.692
[Autotune] {"version": 2, "step": 890, "wall_seconds": 211.3573930929415, "seed_nodes": 3571838, "loss": 0.7644972801208496, "all_losses_finite": true, "optimizer_steps": 889, "skipped_optimizer_steps": 1, "loss_scale": 16384.0}
[Step=0900] Wall=213.5564s | Loss=0.6692
[Profile] Avg ms/step | Load: 99.943 (Prep: 9.578, Struc: 1.265, Fetch: 89.100) | Fwd: 53.462 | Bwd: 65.200 | Opt: 0.778 | GPU_Tot: 209.804
[Autotune] {"version": 2, "step": 900, "wall_seconds": 213.5563885299489, "seed_nodes": 3612798, "loss": 0.6691723346710206, "all_losses_finite": true, "optimizer_steps": 899, "skipped_optimizer_steps": 1, "loss_scale": 16384.0}
[Step=0910] Wall=215.7653s | Loss=0.6269
[Profile] Avg ms/step | Load: 99.937 (Prep: 9.473, Struc: 1.265, Fetch: 89.200) | Fwd: 53.472 | Bwd: 65.210 | Opt: 0.778 | GPU_Tot: 209.925
[Autotune] {"version": 2, "step": 910, "wall_seconds": 215.76526432763785, "seed_nodes": 3653758, "loss": 0.6269114494323731, "all_losses_finite": true, "optimizer_steps": 909, "skipped_optimizer_steps": 1, "loss_scale": 16384.0}
[Step=0920] Wall=217.9011s | Loss=0.6005
[Profile] Avg ms/step | Load: 99.844 (Prep: 9.370, Struc: 1.265, Fetch: 89.209) | Fwd: 53.482 | Bwd: 65.225 | Opt: 0.779 | GPU_Tot: 209.959
[Autotune] {"version": 2, "step": 920, "wall_seconds": 217.9011106127873, "seed_nodes": 3694718, "loss": 0.6005368232727051, "all_losses_finite": true, "optimizer_steps": 919, "skipped_optimizer_steps": 1, "loss_scale": 16384.0}
[Step=0930] Wall=219.9571s | Loss=0.5767
[Profile] Avg ms/step | Load: 99.668 (Prep: 9.277, Struc: 1.266, Fetch: 89.124) | Fwd: 53.491 | Bwd: 65.235 | Opt: 0.778 | GPU_Tot: 209.896
[Autotune] {"version": 2, "step": 930, "wall_seconds": 219.9571012086235, "seed_nodes": 3735678, "loss": 0.5767206668853759, "all_losses_finite": true, "optimizer_steps": 929, "skipped_optimizer_steps": 1, "loss_scale": 16384.0}
[Step=0940] Wall=222.3603s | Loss=0.8358
[Profile] Avg ms/step | Load: 100.010 (Prep: 9.630, Struc: 1.265, Fetch: 89.114) | Fwd: 53.442 | Bwd: 65.176 | Opt: 0.778 | GPU_Tot: 209.775
[Autotune] {"version": 2, "step": 940, "wall_seconds": 222.3602679199539, "seed_nodes": 3772549, "loss": 0.8358449935913086, "all_losses_finite": true, "optimizer_steps": 939, "skipped_optimizer_steps": 1, "loss_scale": 16384.0}
[Step=0950] Wall=224.5481s | Loss=0.7631
[Profile] Avg ms/step | Load: 99.974 (Prep: 9.529, Struc: 1.266, Fetch: 89.179) | Fwd: 53.452 | Bwd: 65.192 | Opt: 0.779 | GPU_Tot: 209.868
[Autotune] {"version": 2, "step": 950, "wall_seconds": 224.5480977888219, "seed_nodes": 3813509, "loss": 0.7631160736083984, "all_losses_finite": true, "optimizer_steps": 949, "skipped_optimizer_steps": 1, "loss_scale": 16384.0}
[Step=0960] Wall=226.7163s | Loss=0.6681
[Profile] Avg ms/step | Load: 99.925 (Prep: 9.430, Struc: 1.266, Fetch: 89.229) | Fwd: 53.461 | Bwd: 65.202 | Opt: 0.778 | GPU_Tot: 209.937
[Autotune] {"version": 2, "step": 960, "wall_seconds": 226.71625504270196, "seed_nodes": 3854469, "loss": 0.6681417465209961, "all_losses_finite": true, "optimizer_steps": 959, "skipped_optimizer_steps": 1, "loss_scale": 16384.0}
[Step=0970] Wall=228.8933s | Loss=0.6230
[Profile] Avg ms/step | Load: 99.875 (Prep: 9.333, Struc: 1.266, Fetch: 89.276) | Fwd: 53.473 | Bwd: 65.220 | Opt: 0.779 | GPU_Tot: 210.014
[Autotune] {"version": 2, "step": 970, "wall_seconds": 228.89326805295423, "seed_nodes": 3895429, "loss": 0.6230315685272216, "all_losses_finite": true, "optimizer_steps": 969, "skipped_optimizer_steps": 1, "loss_scale": 16384.0}
[Step=0980] Wall=230.7434s | Loss=0.6062
[Profile] Avg ms/step | Load: 99.609 (Prep: 9.243, Struc: 1.265, Fetch: 89.101) | Fwd: 53.427 | Bwd: 65.165 | Opt: 0.778 | GPU_Tot: 209.737
[Autotune] {"version": 2, "step": 980, "wall_seconds": 230.743445829954, "seed_nodes": 3932300, "loss": 0.6061878204345703, "all_losses_finite": true, "optimizer_steps": 979, "skipped_optimizer_steps": 1, "loss_scale": 16384.0}
[Step=0990] Wall=233.3382s | Loss=0.6983
[Profile] Avg ms/step | Load: 100.015 (Prep: 9.582, Struc: 1.265, Fetch: 89.168) | Fwd: 53.436 | Bwd: 65.175 | Opt: 0.778 | GPU_Tot: 209.822
[Autotune] {"version": 2, "step": 990, "wall_seconds": 233.33821342792362, "seed_nodes": 3973260, "loss": 0.6982642650604248, "all_losses_finite": true, "optimizer_steps": 989, "skipped_optimizer_steps": 1, "loss_scale": 16384.0}
[Step=1000] Wall=235.5111s | Loss=0.6590
[Profile] Avg ms/step | Load: 99.962 (Prep: 9.486, Struc: 1.266, Fetch: 89.210) | Fwd: 53.447 | Bwd: 65.193 | Opt: 0.778 | GPU_Tot: 209.894
[Autotune] {"version": 2, "step": 1000, "wall_seconds": 235.5111316186376, "seed_nodes": 4014220, "loss": 0.6589703559875488, "all_losses_finite": true, "optimizer_steps": 999, "skipped_optimizer_steps": 1, "loss_scale": 16384.0}
[Step=1010] Wall=237.6557s | Loss=0.6360
[Profile] Avg ms/step | Load: 99.886 (Prep: 9.392, Struc: 1.266, Fetch: 89.227) | Fwd: 53.457 | Bwd: 65.206 | Opt: 0.779 | GPU_Tot: 209.935
[Autotune] {"version": 2, "step": 1010, "wall_seconds": 237.65569206280634, "seed_nodes": 4055180, "loss": 0.6360006332397461, "all_losses_finite": true, "optimizer_steps": 1009, "skipped_optimizer_steps": 1, "loss_scale": 16384.0}
[Step=1020] Wall=239.8092s | Loss=0.6021
[Profile] Avg ms/step | Load: 99.822 (Prep: 9.301, Struc: 1.266, Fetch: 89.255) | Fwd: 53.465 | Bwd: 65.219 | Opt: 0.779 | GPU_Tot: 209.984
[Autotune] {"version": 2, "step": 1020, "wall_seconds": 239.80919978488237, "seed_nodes": 4096140, "loss": 0.6021205902099609, "all_losses_finite": true, "optimizer_steps": 1019, "skipped_optimizer_steps": 1, "loss_scale": 16384.0}
[Step=1030] Wall=242.1139s | Loss=0.6098
[Profile] Avg ms/step | Load: 100.030 (Prep: 9.671, Struc: 1.265, Fetch: 89.094) | Fwd: 53.421 | Bwd: 65.166 | Opt: 0.778 | GPU_Tot: 209.725
[Autotune] {"version": 2, "step": 1030, "wall_seconds": 242.11391667090356, "seed_nodes": 4133011, "loss": 0.6097905158996582, "all_losses_finite": true, "optimizer_steps": 1029, "skipped_optimizer_steps": 1, "loss_scale": 16384.0}
[Step=1040] Wall=244.2907s | Loss=0.7136
[Profile] Avg ms/step | Load: 99.990 (Prep: 9.578, Struc: 1.265, Fetch: 89.146) | Fwd: 53.430 | Bwd: 65.179 | Opt: 0.778 | GPU_Tot: 209.798
[Autotune] {"version": 2, "step": 1040, "wall_seconds": 244.2906545456499, "seed_nodes": 4173971, "loss": 0.7136262416839599, "all_losses_finite": true, "optimizer_steps": 1039, "skipped_optimizer_steps": 1, "loss_scale": 16384.0}
[Step=1050] Wall=246.4589s | Loss=0.6273
[Profile] Avg ms/step | Load: 99.944 (Prep: 9.487, Struc: 1.265, Fetch: 89.192) | Fwd: 53.437 | Bwd: 65.190 | Opt: 0.778 | GPU_Tot: 209.862
[Autotune] {"version": 2, "step": 1050, "wall_seconds": 246.45889209164307, "seed_nodes": 4214931, "loss": 0.6273136615753174, "all_losses_finite": true, "optimizer_steps": 1049, "skipped_optimizer_steps": 1, "loss_scale": 16384.0}
[Step=1060] Wall=248.6218s | Loss=0.6034
[Profile] Avg ms/step | Load: 99.896 (Prep: 9.398, Struc: 1.266, Fetch: 89.232) | Fwd: 53.444 | Bwd: 65.198 | Opt: 0.778 | GPU_Tot: 209.919
[Autotune] {"version": 2, "step": 1060, "wall_seconds": 248.6217526816763, "seed_nodes": 4255891, "loss": 0.6034202575683594, "all_losses_finite": true, "optimizer_steps": 1059, "skipped_optimizer_steps": 1, "loss_scale": 16384.0}
[Step=1070] Wall=250.8178s | Loss=0.5841
[Profile] Avg ms/step | Load: 99.878 (Prep: 9.320, Struc: 1.266, Fetch: 89.292) | Fwd: 53.452 | Bwd: 65.210 | Opt: 0.778 | GPU_Tot: 209.998
[Autotune] {"version": 2, "step": 1070, "wall_seconds": 250.8178423307836, "seed_nodes": 4296851, "loss": 0.5840929031372071, "all_losses_finite": true, "optimizer_steps": 1069, "skipped_optimizer_steps": 1, "loss_scale": 16384.0}
[Step=1080] Wall=253.0621s | Loss=0.5315
[Profile] Avg ms/step | Load: 100.024 (Prep: 9.626, Struc: 1.265, Fetch: 89.134) | Fwd: 53.409 | Bwd: 65.155 | Opt: 0.778 | GPU_Tot: 209.740
[Autotune] {"version": 2, "step": 1080, "wall_seconds": 253.06209313170984, "seed_nodes": 4333722, "loss": 0.5314857006072998, "all_losses_finite": true, "optimizer_steps": 1079, "skipped_optimizer_steps": 1, "loss_scale": 16384.0}
[Step=1090] Wall=255.2556s | Loss=0.5744
[Profile] Avg ms/step | Load: 100.001 (Prep: 9.538, Struc: 1.265, Fetch: 89.198) | Fwd: 53.418 | Bwd: 65.168 | Opt: 0.778 | GPU_Tot: 209.826
[Autotune] {"version": 2, "step": 1090, "wall_seconds": 255.25560305686668, "seed_nodes": 4374682, "loss": 0.5743825912475586, "all_losses_finite": true, "optimizer_steps": 1089, "skipped_optimizer_steps": 1, "loss_scale": 16384.0}
[Step=1100] Wall=257.4188s | Loss=0.5622
[Profile] Avg ms/step | Load: 99.954 (Prep: 9.452, Struc: 1.265, Fetch: 89.236) | Fwd: 53.425 | Bwd: 65.177 | Opt: 0.778 | GPU_Tot: 209.881
[Autotune] {"version": 2, "step": 1100, "wall_seconds": 257.41875526867807, "seed_nodes": 4415642, "loss": 0.5621803283691407, "all_losses_finite": true, "optimizer_steps": 1099, "skipped_optimizer_steps": 1, "loss_scale": 16384.0}
[Step=1110] Wall=259.6037s | Loss=0.5551
[Profile] Avg ms/step | Load: 99.923 (Prep: 9.368, Struc: 1.266, Fetch: 89.290) | Fwd: 53.433 | Bwd: 65.190 | Opt: 0.778 | GPU_Tot: 209.956
[Autotune] {"version": 2, "step": 1110, "wall_seconds": 259.6037387526594, "seed_nodes": 4456602, "loss": 0.5551443576812745, "all_losses_finite": true, "optimizer_steps": 1109, "skipped_optimizer_steps": 1, "loss_scale": 16384.0}
[Step=1120] Wall=261.8123s | Loss=0.5561
[Profile] Avg ms/step | Load: 99.918 (Prep: 9.295, Struc: 1.266, Fetch: 89.358) | Fwd: 53.440 | Bwd: 65.200 | Opt: 0.777 | GPU_Tot: 210.041
[Autotune] {"version": 2, "step": 1120, "wall_seconds": 261.8122657947242, "seed_nodes": 4497562, "loss": 0.556096076965332, "all_losses_finite": true, "optimizer_steps": 1119, "skipped_optimizer_steps": 1, "loss_scale": 16384.0}
[Step=1130] Wall=264.0829s | Loss=0.5544
[Profile] Avg ms/step | Load: 100.075 (Prep: 9.586, Struc: 1.265, Fetch: 89.224) | Fwd: 53.400 | Bwd: 65.153 | Opt: 0.777 | GPU_Tot: 209.819
[Autotune] {"version": 2, "step": 1130, "wall_seconds": 264.0828580330126, "seed_nodes": 4534433, "loss": 0.5544360160827637, "all_losses_finite": true, "optimizer_steps": 1129, "skipped_optimizer_steps": 1, "loss_scale": 16384.0}
[Step=1140] Wall=266.2773s | Loss=0.6436
[Profile] Avg ms/step | Load: 100.052 (Prep: 9.502, Struc: 1.265, Fetch: 89.284) | Fwd: 53.408 | Bwd: 65.167 | Opt: 0.777 | GPU_Tot: 209.901
[Autotune] {"version": 2, "step": 1140, "wall_seconds": 266.277330506593, "seed_nodes": 4575393, "loss": 0.6436097145080566, "all_losses_finite": true, "optimizer_steps": 1139, "skipped_optimizer_steps": 1, "loss_scale": 16384.0}
[Step=1150] Wall=268.4541s | Loss=0.5830
[Profile] Avg ms/step | Load: 100.020 (Prep: 9.420, Struc: 1.265, Fetch: 89.334) | Fwd: 53.415 | Bwd: 65.175 | Opt: 0.777 | GPU_Tot: 209.966
[Autotune] {"version": 2, "step": 1150, "wall_seconds": 268.4541402817704, "seed_nodes": 4616353, "loss": 0.5830107212066651, "all_losses_finite": true, "optimizer_steps": 1149, "skipped_optimizer_steps": 1, "loss_scale": 16384.0}
[Step=1160] Wall=270.5998s | Loss=0.5742
[Profile] Avg ms/step | Load: 99.960 (Prep: 9.340, Struc: 1.265, Fetch: 89.354) | Fwd: 53.422 | Bwd: 65.183 | Opt: 0.777 | GPU_Tot: 210.002
[Autotune] {"version": 2, "step": 1160, "wall_seconds": 270.59979244088754, "seed_nodes": 4657313, "loss": 0.5741729736328125, "all_losses_finite": true, "optimizer_steps": 1159, "skipped_optimizer_steps": 1, "loss_scale": 16384.0}
[Step=1170] Wall=272.7434s | Loss=0.5460
[Profile] Avg ms/step | Load: 99.898 (Prep: 9.269, Struc: 1.266, Fetch: 89.363) | Fwd: 53.429 | Bwd: 65.193 | Opt: 0.777 | GPU_Tot: 210.027
[Autotune] {"version": 2, "step": 1170, "wall_seconds": 272.74343446595594, "seed_nodes": 4698273, "loss": 0.5459746837615966, "all_losses_finite": true, "optimizer_steps": 1169, "skipped_optimizer_steps": 1, "loss_scale": 16384.0}
[Step=1180] Wall=275.0537s | Loss=0.5035
[Profile] Avg ms/step | Load: 100.086 (Prep: 9.580, Struc: 1.265, Fetch: 89.241) | Fwd: 53.390 | Bwd: 65.145 | Opt: 0.776 | GPU_Tot: 209.817
[Autotune] {"version": 2, "step": 1180, "wall_seconds": 275.05371576873586, "seed_nodes": 4735144, "loss": 0.5034860134124756, "all_losses_finite": true, "optimizer_steps": 1179, "skipped_optimizer_steps": 1, "loss_scale": 16384.0}
[Step=1190] Wall=277.2198s | Loss=0.5507
[Profile] Avg ms/step | Load: 100.044 (Prep: 9.500, Struc: 1.265, Fetch: 89.279) | Fwd: 53.397 | Bwd: 65.154 | Opt: 0.776 | GPU_Tot: 209.871
[Autotune] {"version": 2, "step": 1190, "wall_seconds": 277.21975882397965, "seed_nodes": 4776104, "loss": 0.5507247924804688, "all_losses_finite": true, "optimizer_steps": 1189, "skipped_optimizer_steps": 1, "loss_scale": 16384.0}
[Step=1200] Wall=279.3962s | Loss=0.5482
[Profile] Avg ms/step | Load: 100.008 (Prep: 9.422, Struc: 1.265, Fetch: 89.321) | Fwd: 53.404 | Bwd: 65.166 | Opt: 0.776 | GPU_Tot: 209.933
[Autotune] {"version": 2, "step": 1200, "wall_seconds": 279.39620003756136, "seed_nodes": 4817064, "loss": 0.5481999397277832, "all_losses_finite": true, "optimizer_steps": 1199, "skipped_optimizer_steps": 1, "loss_scale": 16384.0}
[Step=1210] Wall=281.5574s | Loss=0.5323
[Profile] Avg ms/step | Load: 99.962 (Prep: 9.345, Struc: 1.265, Fetch: 89.351) | Fwd: 53.411 | Bwd: 65.177 | Opt: 0.776 | GPU_Tot: 209.981
[Autotune] {"version": 2, "step": 1210, "wall_seconds": 281.5574144786224, "seed_nodes": 4858024, "loss": 0.5322855949401856, "all_losses_finite": true, "optimizer_steps": 1209, "skipped_optimizer_steps": 1, "loss_scale": 16384.0}
[Step=1220] Wall=283.6767s | Loss=0.5399
[Profile] Avg ms/step | Load: 99.885 (Prep: 9.276, Struc: 1.266, Fetch: 89.343) | Fwd: 53.418 | Bwd: 65.183 | Opt: 0.776 | GPU_Tot: 209.985
[Autotune] {"version": 2, "step": 1220, "wall_seconds": 283.67670748755336, "seed_nodes": 4898984, "loss": 0.5399440288543701, "all_losses_finite": true, "optimizer_steps": 1219, "skipped_optimizer_steps": 1, "loss_scale": 16384.0}
[Step=1230] Wall=285.9983s | Loss=0.7134
[Profile] Avg ms/step | Load: 100.071 (Prep: 9.558, Struc: 1.265, Fetch: 89.248) | Fwd: 53.381 | Bwd: 65.140 | Opt: 0.776 | GPU_Tot: 209.810
[Autotune] {"version": 2, "step": 1230, "wall_seconds": 285.99833569070324, "seed_nodes": 4935855, "loss": 0.7134268760681153, "all_losses_finite": true, "optimizer_steps": 1229, "skipped_optimizer_steps": 1, "loss_scale": 16384.0}
[Step=1240] Wall=288.1819s | Loss=0.6568
[Profile] Avg ms/step | Load: 100.048 (Prep: 9.482, Struc: 1.265, Fetch: 89.301) | Fwd: 53.387 | Bwd: 65.147 | Opt: 0.776 | GPU_Tot: 209.876
[Autotune] {"version": 2, "step": 1240, "wall_seconds": 288.1818801816553, "seed_nodes": 4976815, "loss": 0.6568437576293945, "all_losses_finite": true, "optimizer_steps": 1239, "skipped_optimizer_steps": 1, "loss_scale": 16384.0}
[Step=1250] Wall=290.3622s | Loss=0.6138
[Profile] Avg ms/step | Load: 100.021 (Prep: 9.407, Struc: 1.265, Fetch: 89.349) | Fwd: 53.393 | Bwd: 65.156 | Opt: 0.776 | GPU_Tot: 209.939
[Autotune] {"version": 2, "step": 1250, "wall_seconds": 290.3622159715742, "seed_nodes": 5017775, "loss": 0.613822078704834, "all_losses_finite": true, "optimizer_steps": 1249, "skipped_optimizer_steps": 1, "loss_scale": 16384.0}
[Step=1260] Wall=292.5449s | Loss=0.5954
[Profile] Avg ms/step | Load: 99.991 (Prep: 9.333, Struc: 1.265, Fetch: 89.393) | Fwd: 53.401 | Bwd: 65.167 | Opt: 0.776 | GPU_Tot: 210.002
[Autotune] {"version": 2, "step": 1260, "wall_seconds": 292.54492519795895, "seed_nodes": 5058735, "loss": 0.5954312801361084, "all_losses_finite": true, "optimizer_steps": 1259, "skipped_optimizer_steps": 1, "loss_scale": 16384.0}
[Step=1270] Wall=294.6766s | Loss=0.5687
[Profile] Avg ms/step | Load: 99.927 (Prep: 9.268, Struc: 1.265, Fetch: 89.393) | Fwd: 53.407 | Bwd: 65.174 | Opt: 0.776 | GPU_Tot: 210.015
[Autotune] {"version": 2, "step": 1270, "wall_seconds": 294.6765946839005, "seed_nodes": 5099695, "loss": 0.5686557769775391, "all_losses_finite": true, "optimizer_steps": 1269, "skipped_optimizer_steps": 1, "loss_scale": 16384.0}
[Step=1280] Wall=297.0054s | Loss=0.6681
[Profile] Avg ms/step | Load: 100.112 (Prep: 9.541, Struc: 1.265, Fetch: 89.306) | Fwd: 53.372 | Bwd: 65.133 | Opt: 0.776 | GPU_Tot: 209.851
[Autotune] {"version": 2, "step": 1280, "wall_seconds": 297.0054151369259, "seed_nodes": 5136566, "loss": 0.6680511951446533, "all_losses_finite": true, "optimizer_steps": 1279, "skipped_optimizer_steps": 1, "loss_scale": 16384.0}
[Step=1290] Wall=299.1911s | Loss=0.6402
[Profile] Avg ms/step | Load: 100.082 (Prep: 9.468, Struc: 1.265, Fetch: 89.350) | Fwd: 53.379 | Bwd: 65.146 | Opt: 0.776 | GPU_Tot: 209.916
[Autotune] {"version": 2, "step": 1290, "wall_seconds": 299.19105651788414, "seed_nodes": 5177526, "loss": 0.6402290821075439, "all_losses_finite": true, "optimizer_steps": 1289, "skipped_optimizer_steps": 1, "loss_scale": 16384.0}
[Step=1300] Wall=301.3872s | Loss=0.6162
[Profile] Avg ms/step | Load: 100.063 (Prep: 9.396, Struc: 1.265, Fetch: 89.402) | Fwd: 53.387 | Bwd: 65.158 | Opt: 0.776 | GPU_Tot: 209.988
[Autotune] {"version": 2, "step": 1300, "wall_seconds": 301.3872255217284, "seed_nodes": 5218486, "loss": 0.6161987781524658, "all_losses_finite": true, "optimizer_steps": 1299, "skipped_optimizer_steps": 1, "loss_scale": 16384.0}
[Step=1310] Wall=303.5693s | Loss=0.5898
[Profile] Avg ms/step | Load: 100.036 (Prep: 9.325, Struc: 1.265, Fetch: 89.445) | Fwd: 53.394 | Bwd: 65.168 | Opt: 0.776 | GPU_Tot: 210.048
[Autotune] {"version": 2, "step": 1310, "wall_seconds": 303.56929095089436, "seed_nodes": 5259446, "loss": 0.5898311614990235, "all_losses_finite": true, "optimizer_steps": 1309, "skipped_optimizer_steps": 1, "loss_scale": 16384.0}
[Step=1320] Wall=305.6768s | Loss=0.5683
[Profile] Avg ms/step | Load: 99.951 (Prep: 9.261, Struc: 1.265, Fetch: 89.425) | Fwd: 53.400 | Bwd: 65.177 | Opt: 0.776 | GPU_Tot: 210.043
[Autotune] {"version": 2, "step": 1320, "wall_seconds": 305.67684010090306, "seed_nodes": 5300406, "loss": 0.5683385372161865, "all_losses_finite": true, "optimizer_steps": 1319, "skipped_optimizer_steps": 1, "loss_scale": 16384.0}
[Step=1330] Wall=308.0244s | Loss=0.4928
[Profile] Avg ms/step | Load: 100.146 (Prep: 9.525, Struc: 1.265, Fetch: 89.356) | Fwd: 53.366 | Bwd: 65.136 | Opt: 0.775 | GPU_Tot: 209.898
[Autotune] {"version": 2, "step": 1330, "wall_seconds": 308.02444265177473, "seed_nodes": 5337277, "loss": 0.49279136657714845, "all_losses_finite": true, "optimizer_steps": 1329, "skipped_optimizer_steps": 1, "loss_scale": 16384.0}
[Step=1340] Wall=310.1962s | Loss=0.5538
[Profile] Avg ms/step | Load: 100.110 (Prep: 9.455, Struc: 1.265, Fetch: 89.390) | Fwd: 53.372 | Bwd: 65.147 | Opt: 0.775 | GPU_Tot: 209.949
[Autotune] {"version": 2, "step": 1340, "wall_seconds": 310.19616960175335, "seed_nodes": 5378237, "loss": 0.5537949085235596, "all_losses_finite": true, "optimizer_steps": 1339, "skipped_optimizer_steps": 1, "loss_scale": 16384.0}
[Step=1350] Wall=312.3843s | Loss=0.5435
[Profile] Avg ms/step | Load: 100.089 (Prep: 9.386, Struc: 1.265, Fetch: 89.438) | Fwd: 53.378 | Bwd: 65.155 | Opt: 0.775 | GPU_Tot: 210.012
[Autotune] {"version": 2, "step": 1350, "wall_seconds": 312.3842875235714, "seed_nodes": 5419197, "loss": 0.5435269355773926, "all_losses_finite": true, "optimizer_steps": 1349, "skipped_optimizer_steps": 1, "loss_scale": 16384.0}
[Step=1360] Wall=314.5586s | Loss=0.5314
[Profile] Avg ms/step | Load: 100.060 (Prep: 9.318, Struc: 1.265, Fetch: 89.477) | Fwd: 53.384 | Bwd: 65.163 | Opt: 0.775 | GPU_Tot: 210.064
[Autotune] {"version": 2, "step": 1360, "wall_seconds": 314.5585995237343, "seed_nodes": 5460157, "loss": 0.5313648700714111, "all_losses_finite": true, "optimizer_steps": 1359, "skipped_optimizer_steps": 1, "loss_scale": 16384.0}
[Step=1370] Wall=316.6380s | Loss=0.5292
[Profile] Avg ms/step | Load: 99.950 (Prep: 9.256, Struc: 1.265, Fetch: 89.429) | Fwd: 53.392 | Bwd: 65.177 | Opt: 0.775 | GPU_Tot: 210.038
[Autotune] {"version": 2, "step": 1370, "wall_seconds": 316.6380206956528, "seed_nodes": 5501117, "loss": 0.5292340755462647, "all_losses_finite": true, "optimizer_steps": 1369, "skipped_optimizer_steps": 1, "loss_scale": 16384.0}
[Step=1380] Wall=319.0161s | Loss=0.6381
[Profile] Avg ms/step | Load: 100.160 (Prep: 9.522, Struc: 1.265, Fetch: 89.373) | Fwd: 53.359 | Bwd: 65.137 | Opt: 0.775 | GPU_Tot: 209.909
[Autotune] {"version": 2, "step": 1380, "wall_seconds": 319.0160569977015, "seed_nodes": 5537988, "loss": 0.6380664348602295, "all_losses_finite": true, "optimizer_steps": 1379, "skipped_optimizer_steps": 1, "loss_scale": 16384.0}
[Step=1390] Wall=321.1845s | Loss=0.6219
[Profile] Avg ms/step | Load: 100.121 (Prep: 9.454, Struc: 1.265, Fetch: 89.402) | Fwd: 53.366 | Bwd: 65.148 | Opt: 0.775 | GPU_Tot: 209.956
[Autotune] {"version": 2, "step": 1390, "wall_seconds": 321.1845211959444, "seed_nodes": 5578948, "loss": 0.6218569278717041, "all_losses_finite": true, "optimizer_steps": 1389, "skipped_optimizer_steps": 1, "loss_scale": 16384.0}
[Step=1400] Wall=323.3598s | Loss=0.5771
[Profile] Avg ms/step | Load: 100.087 (Prep: 9.388, Struc: 1.265, Fetch: 89.434) | Fwd: 53.373 | Bwd: 65.159 | Opt: 0.775 | GPU_Tot: 210.007
[Autotune] {"version": 2, "step": 1400, "wall_seconds": 323.35978564666584, "seed_nodes": 5619908, "loss": 0.5771342277526855, "all_losses_finite": true, "optimizer_steps": 1399, "skipped_optimizer_steps": 1, "loss_scale": 16384.0}
[Step=1410] Wall=325.5287s | Loss=0.5531
[Profile] Avg ms/step | Load: 100.054 (Prep: 9.322, Struc: 1.265, Fetch: 89.467) | Fwd: 53.379 | Bwd: 65.167 | Opt: 0.775 | GPU_Tot: 210.053
[Autotune] {"version": 2, "step": 1410, "wall_seconds": 325.52869100356475, "seed_nodes": 5660868, "loss": 0.553120231628418, "all_losses_finite": true, "optimizer_steps": 1409, "skipped_optimizer_steps": 1, "loss_scale": 16384.0}
[Step=1420] Wall=327.5966s | Loss=0.5436
[Profile] Avg ms/step | Load: 99.940 (Prep: 9.264, Struc: 1.265, Fetch: 89.411) | Fwd: 53.386 | Bwd: 65.181 | Opt: 0.775 | GPU_Tot: 210.019
[Autotune] {"version": 2, "step": 1420, "wall_seconds": 327.59657454676926, "seed_nodes": 5701828, "loss": 0.5436240196228027, "all_losses_finite": true, "optimizer_steps": 1419, "skipped_optimizer_steps": 1, "loss_scale": 16384.0}
[Step=1430] Wall=329.9795s | Loss=0.5579
[Profile] Avg ms/step | Load: 100.147 (Prep: 9.508, Struc: 1.265, Fetch: 89.374) | Fwd: 53.354 | Bwd: 65.143 | Opt: 0.775 | GPU_Tot: 209.910
[Autotune] {"version": 2, "step": 1430, "wall_seconds": 329.97950332192704, "seed_nodes": 5738699, "loss": 0.557893705368042, "all_losses_finite": true, "optimizer_steps": 1429, "skipped_optimizer_steps": 1, "loss_scale": 16384.0}
[Step=1440] Wall=332.1780s | Loss=0.5561
[Profile] Avg ms/step | Load: 100.132 (Prep: 9.443, Struc: 1.265, Fetch: 89.424) | Fwd: 53.361 | Bwd: 65.152 | Opt: 0.775 | GPU_Tot: 209.977
[Autotune] {"version": 2, "step": 1440, "wall_seconds": 332.1780311088078, "seed_nodes": 5779659, "loss": 0.5560576915740967, "all_losses_finite": true, "optimizer_steps": 1439, "skipped_optimizer_steps": 1, "loss_scale": 16384.0}
[Step=1450] Wall=334.3738s | Loss=0.5324
[Profile] Avg ms/step | Load: 100.113 (Prep: 9.379, Struc: 1.265, Fetch: 89.468) | Fwd: 53.369 | Bwd: 65.163 | Opt: 0.775 | GPU_Tot: 210.040
[Autotune] {"version": 2, "step": 1450, "wall_seconds": 334.37384367361665, "seed_nodes": 5820619, "loss": 0.532351303100586, "all_losses_finite": true, "optimizer_steps": 1449, "skipped_optimizer_steps": 1, "loss_scale": 16384.0}
[Step=1460] Wall=336.5568s | Loss=0.5383
[Profile] Avg ms/step | Load: 100.093 (Prep: 9.316, Struc: 1.265, Fetch: 89.512) | Fwd: 53.374 | Bwd: 65.169 | Opt: 0.775 | GPU_Tot: 210.094
[Autotune] {"version": 2, "step": 1460, "wall_seconds": 336.55679921479896, "seed_nodes": 5861579, "loss": 0.5382766246795654, "all_losses_finite": true, "optimizer_steps": 1459, "skipped_optimizer_steps": 1, "loss_scale": 16384.0}
[Step=1470] Wall=338.4028s | Loss=0.4923
[Profile] Avg ms/step | Load: 99.916 (Prep: 9.260, Struc: 1.264, Fetch: 89.392) | Fwd: 53.344 | Bwd: 65.132 | Opt: 0.774 | GPU_Tot: 209.906
[Autotune] {"version": 2, "step": 1470, "wall_seconds": 338.4027835968882, "seed_nodes": 5898450, "loss": 0.4923286437988281, "all_losses_finite": true, "optimizer_steps": 1469, "skipped_optimizer_steps": 1, "loss_scale": 16384.0}
[Step=1480] Wall=341.0522s | Loss=0.6031
[Profile] Avg ms/step | Load: 100.215 (Prep: 9.508, Struc: 1.265, Fetch: 89.442) | Fwd: 53.351 | Bwd: 65.142 | Opt: 0.774 | GPU_Tot: 209.975
[Autotune] {"version": 2, "step": 1480, "wall_seconds": 341.052241908852, "seed_nodes": 5939410, "loss": 0.6031014442443847, "all_losses_finite": true, "optimizer_steps": 1479, "skipped_optimizer_steps": 1, "loss_scale": 16384.0}
[Step=1490] Wall=343.2382s | Loss=0.5688
[Profile] Avg ms/step | Load: 100.194 (Prep: 9.445, Struc: 1.265, Fetch: 89.484) | Fwd: 53.356 | Bwd: 65.150 | Opt: 0.775 | GPU_Tot: 210.030
[Autotune] {"version": 2, "step": 1490, "wall_seconds": 343.238167992793, "seed_nodes": 5980370, "loss": 0.5688074111938477, "all_losses_finite": true, "optimizer_steps": 1489, "skipped_optimizer_steps": 1, "loss_scale": 16384.0}
[Step=1500] Wall=345.3888s | Loss=0.5438
[Profile] Avg ms/step | Load: 100.147 (Prep: 9.383, Struc: 1.265, Fetch: 89.499) | Fwd: 53.362 | Bwd: 65.159 | Opt: 0.775 | GPU_Tot: 210.060
[Autotune] {"version": 2, "step": 1500, "wall_seconds": 345.3887639208697, "seed_nodes": 6021330, "loss": 0.543845796585083, "all_losses_finite": true, "optimizer_steps": 1499, "skipped_optimizer_steps": 1, "loss_scale": 16384.0}
[Step=1510] Wall=347.5573s | Loss=0.5210
[Profile] Avg ms/step | Load: 100.109 (Prep: 9.322, Struc: 1.265, Fetch: 89.522) | Fwd: 53.369 | Bwd: 65.171 | Opt: 0.775 | GPU_Tot: 210.102
[Autotune] {"version": 2, "step": 1510, "wall_seconds": 347.55734058097005, "seed_nodes": 6062290, "loss": 0.5210259914398193, "all_losses_finite": true, "optimizer_steps": 1509, "skipped_optimizer_steps": 1, "loss_scale": 16384.0}
[Step=1520] Wall=349.8173s | Loss=0.4743
[Profile] Avg ms/step | Load: 100.216 (Prep: 9.540, Struc: 1.264, Fetch: 89.411) | Fwd: 53.339 | Bwd: 65.138 | Opt: 0.775 | GPU_Tot: 209.927
[Autotune] {"version": 2, "step": 1520, "wall_seconds": 349.81725257774815, "seed_nodes": 6099161, "loss": 0.47430710792541503, "all_losses_finite": true, "optimizer_steps": 1519, "skipped_optimizer_steps": 1, "loss_scale": 16384.0}
[Step=1530] Wall=351.9973s | Loss=0.5361
[Profile] Avg ms/step | Load: 100.189 (Prep: 9.479, Struc: 1.265, Fetch: 89.445) | Fwd: 53.346 | Bwd: 65.147 | Opt: 0.775 | GPU_Tot: 209.978
[Autotune] {"version": 2, "step": 1530, "wall_seconds": 351.99731567688286, "seed_nodes": 6140121, "loss": 0.5361150741577149, "all_losses_finite": true, "optimizer_steps": 1529, "skipped_optimizer_steps": 1, "loss_scale": 16384.0}
[Step=1540] Wall=354.1780s | Loss=0.5269
[Profile] Avg ms/step | Load: 100.164 (Prep: 9.419, Struc: 1.265, Fetch: 89.480) | Fwd: 53.352 | Bwd: 65.156 | Opt: 0.775 | GPU_Tot: 210.027
[Autotune] {"version": 2, "step": 1540, "wall_seconds": 354.17802615463734, "seed_nodes": 6181081, "loss": 0.5269096851348877, "all_losses_finite": true, "optimizer_steps": 1539, "skipped_optimizer_steps": 1, "loss_scale": 16384.0}
[Step=1550] Wall=356.3530s | Loss=0.5218
[Profile] Avg ms/step | Load: 100.136 (Prep: 9.359, Struc: 1.265, Fetch: 89.512) | Fwd: 53.357 | Bwd: 65.164 | Opt: 0.775 | GPU_Tot: 210.073
[Autotune] {"version": 2, "step": 1550, "wall_seconds": 356.35298326192424, "seed_nodes": 6222041, "loss": 0.5218011379241944, "all_losses_finite": true, "optimizer_steps": 1549, "skipped_optimizer_steps": 1, "loss_scale": 16384.0}
[Step=1560] Wall=358.5184s | Loss=0.5032
[Profile] Avg ms/step | Load: 100.106 (Prep: 9.306, Struc: 1.265, Fetch: 89.534) | Fwd: 53.362 | Bwd: 65.169 | Opt: 0.775 | GPU_Tot: 210.106
[Autotune] {"version": 2, "step": 1560, "wall_seconds": 358.51840572291985, "seed_nodes": 6263001, "loss": 0.5032095909118652, "all_losses_finite": true, "optimizer_steps": 1559, "skipped_optimizer_steps": 1, "loss_scale": 16384.0}
[Step=1570] Wall=360.7822s | Loss=0.5565
[Profile] Avg ms/step | Load: 100.211 (Prep: 9.516, Struc: 1.264, Fetch: 89.431) | Fwd: 53.334 | Bwd: 65.137 | Opt: 0.774 | GPU_Tot: 209.940
[Autotune] {"version": 2, "step": 1570, "wall_seconds": 360.78223251970485, "seed_nodes": 6299872, "loss": 0.5564821720123291, "all_losses_finite": true, "optimizer_steps": 1569, "skipped_optimizer_steps": 1, "loss_scale": 16384.0}
[Step=1580] Wall=362.9750s | Loss=0.5275
[Profile] Avg ms/step | Load: 100.187 (Prep: 9.456, Struc: 1.265, Fetch: 89.466) | Fwd: 53.341 | Bwd: 65.151 | Opt: 0.774 | GPU_Tot: 209.997
[Autotune] {"version": 2, "step": 1580, "wall_seconds": 362.9749758206308, "seed_nodes": 6340832, "loss": 0.5274533748626709, "all_losses_finite": true, "optimizer_steps": 1579, "skipped_optimizer_steps": 1, "loss_scale": 16384.0}
[Step=1590] Wall=365.1784s | Loss=0.4955
[Profile] Avg ms/step | Load: 100.176 (Prep: 9.398, Struc: 1.265, Fetch: 89.513) | Fwd: 53.348 | Bwd: 65.160 | Opt: 0.774 | GPU_Tot: 210.060
[Autotune] {"version": 2, "step": 1590, "wall_seconds": 365.17839849181473, "seed_nodes": 6381792, "loss": 0.4955312728881836, "all_losses_finite": true, "optimizer_steps": 1589, "skipped_optimizer_steps": 1, "loss_scale": 16384.0}
[Step=1600] Wall=367.3579s | Loss=0.5116
[Profile] Avg ms/step | Load: 100.153 (Prep: 9.341, Struc: 1.265, Fetch: 89.547) | Fwd: 53.353 | Bwd: 65.167 | Opt: 0.774 | GPU_Tot: 210.107
[Autotune] {"version": 2, "step": 1600, "wall_seconds": 367.35789915779606, "seed_nodes": 6422752, "loss": 0.5116177082061768, "all_losses_finite": true, "optimizer_steps": 1599, "skipped_optimizer_steps": 1, "loss_scale": 16384.0}
[Step=1610] Wall=369.5296s | Loss=0.5093
[Profile] Avg ms/step | Load: 100.126 (Prep: 9.289, Struc: 1.265, Fetch: 89.572) | Fwd: 53.358 | Bwd: 65.173 | Opt: 0.775 | GPU_Tot: 210.142
[Autotune] {"version": 2, "step": 1610, "wall_seconds": 369.5296349208802, "seed_nodes": 6463712, "loss": 0.5092548847198486, "all_losses_finite": true, "optimizer_steps": 1609, "skipped_optimizer_steps": 1, "loss_scale": 16384.0}
[Step=1620] Wall=371.8148s | Loss=0.6105
[Profile] Avg ms/step | Load: 100.239 (Prep: 9.502, Struc: 1.264, Fetch: 89.473) | Fwd: 53.331 | Bwd: 65.143 | Opt: 0.774 | GPU_Tot: 209.986
[Autotune] {"version": 2, "step": 1620, "wall_seconds": 371.81475800974295, "seed_nodes": 6500583, "loss": 0.6104898929595948, "all_losses_finite": true, "optimizer_steps": 1619, "skipped_optimizer_steps": 1, "loss_scale": 16384.0}
[Step=1630] Wall=374.0042s | Loss=0.5987
[Profile] Avg ms/step | Load: 100.217 (Prep: 9.445, Struc: 1.264, Fetch: 89.507) | Fwd: 53.338 | Bwd: 65.154 | Opt: 0.774 | GPU_Tot: 210.038
[Autotune] {"version": 2, "step": 1630, "wall_seconds": 374.0041647939943, "seed_nodes": 6541543, "loss": 0.5986740589141846, "all_losses_finite": true, "optimizer_steps": 1629, "skipped_optimizer_steps": 1, "loss_scale": 16384.0}
[Step=1640] Wall=376.1818s | Loss=0.5578
[Profile] Avg ms/step | Load: 100.192 (Prep: 9.389, Struc: 1.265, Fetch: 89.538) | Fwd: 53.343 | Bwd: 65.162 | Opt: 0.774 | GPU_Tot: 210.083
[Autotune] {"version": 2, "step": 1640, "wall_seconds": 376.1817674529739, "seed_nodes": 6582503, "loss": 0.5578499794006347, "all_losses_finite": true, "optimizer_steps": 1639, "skipped_optimizer_steps": 1, "loss_scale": 16384.0}
------------------------------------------------------------
Training Completed. Total Steps: 1640 (Active: 1600)
Avg Breakdown (ms): Load=100.192 [Prep:9.389, Struc:1.265, Fetch:89.538], Fwd=53.343, Bwd=65.162, Opt=0.774
------------------------------------------------------------
