$REPO_ROOT/.venv/lib/python3.11/site-packages/outdated/__init__.py:36: UserWarning: pkg_resources is deprecated as an API. See https://setuptools.pypa.io/en/latest/pkg_resources.html. The pkg_resources package is slated for removal as early as 2025-11-30. Refrain from using this package or pin to Setuptools<81.
  from pkg_resources import parse_version
[ddp] Single-process mode: device=cuda
[Info] Running in Single-Process mode (CPU or Single GPU).
[Info] Device: cuda
[GraphCache] Caching disabled (0 nodes).
[Step=0010] Wall=8.7811s | Loss=10.4944
[Profile] Avg ms/step | Load: 158.826 (Prep: 64.339, Struc: 1.348, Fetch: 93.138) | Fwd: 611.395 | Bwd: 101.309 | Opt: 4.160 | GPU_Tot: 811.351
[Autotune] {"version": 1, "step": 10, "wall_seconds": 8.781084412999917, "seed_nodes": 40960, "loss": 10.49435043334961, "all_losses_finite": true}
[Step=0020] Wall=10.9062s | Loss=2.8269
[Profile] Avg ms/step | Load: 125.142 (Prep: 32.378, Struc: 1.319, Fetch: 91.445) | Fwd: 332.773 | Bwd: 83.664 | Opt: 2.427 | GPU_Tot: 511.626
[Autotune] {"version": 1, "step": 20, "wall_seconds": 10.906223453988787, "seed_nodes": 81920, "loss": 2.826898193359375, "all_losses_finite": true}
[Step=0030] Wall=13.0428s | Loss=2.3657
[Profile] Avg ms/step | Load: 114.278 (Prep: 21.724, Struc: 1.307, Fetch: 91.246) | Fwd: 239.869 | Bwd: 77.832 | Opt: 1.847 | GPU_Tot: 412.102
[Autotune] {"version": 1, "step": 30, "wall_seconds": 13.042764405021444, "seed_nodes": 122880, "loss": 2.365663528442383, "all_losses_finite": true}
[Step=0040] Wall=15.1729s | Loss=2.0261
[Profile] Avg ms/step | Load: 0.000 (Prep: 0.000, Struc: 0.000, Fetch: 0.000) | Fwd: 0.000 | Bwd: 0.000 | Opt: 0.000 | GPU_Tot: 0.000
[Autotune] {"version": 1, "step": 40, "wall_seconds": 15.172927900974173, "seed_nodes": 163840, "loss": 2.02614688873291, "all_losses_finite": true}
[Step=0050] Wall=17.5248s | Loss=1.5801
[Profile] Avg ms/step | Load: 121.921 (Prep: 47.133, Struc: 1.169, Fetch: 73.619) | Fwd: 51.013 | Bwd: 61.427 | Opt: 0.637 | GPU_Tot: 187.866
[Autotune] {"version": 1, "step": 50, "wall_seconds": 17.524776410020422, "seed_nodes": 200711, "loss": 1.5800630569458007, "all_losses_finite": true}
[Step=0060] Wall=19.7062s | Loss=1.4235
[Profile] Avg ms/step | Load: 109.649 (Prep: 23.768, Struc: 1.231, Fetch: 84.651) | Fwd: 52.575 | Bwd: 63.585 | Opt: 0.667 | GPU_Tot: 202.709
[Autotune] {"version": 1, "step": 60, "wall_seconds": 19.706191745994147, "seed_nodes": 241671, "loss": 1.4235464096069337, "all_losses_finite": true}
[Step=0070] Wall=21.8585s | Loss=1.1683
[Profile] Avg ms/step | Load: 104.492 (Prep: 15.978, Struc: 1.249, Fetch: 87.265) | Fwd: 53.084 | Bwd: 64.408 | Opt: 0.681 | GPU_Tot: 206.686
[Autotune] {"version": 1, "step": 70, "wall_seconds": 21.85853585699806, "seed_nodes": 282631, "loss": 1.1683067321777343, "all_losses_finite": true}
[Step=0080] Wall=23.9796s | Loss=0.9749
[Profile] Avg ms/step | Load: 101.082 (Prep: 12.085, Struc: 1.258, Fetch: 87.738) | Fwd: 53.356 | Bwd: 64.858 | Opt: 0.683 | GPU_Tot: 207.894
[Autotune] {"version": 1, "step": 80, "wall_seconds": 23.97962161002215, "seed_nodes": 323591, "loss": 0.9749459266662598, "all_losses_finite": true}
[Step=0090] Wall=26.1530s | Loss=0.8578
[Profile] Avg ms/step | Load: 100.145 (Prep: 9.952, Struc: 1.264, Fetch: 88.929) | Fwd: 53.511 | Bwd: 65.066 | Opt: 0.688 | GPU_Tot: 209.459
[Autotune] {"version": 1, "step": 90, "wall_seconds": 26.153000526013784, "seed_nodes": 364551, "loss": 0.8577706336975097, "all_losses_finite": true}
[Step=0100] Wall=28.4068s | Loss=0.8615
[Profile] Avg ms/step | Load: 102.942 (Prep: 15.197, Struc: 1.248, Fetch: 86.497) | Fwd: 52.705 | Bwd: 64.046 | Opt: 0.683 | GPU_Tot: 205.178
[Autotune] {"version": 1, "step": 100, "wall_seconds": 28.406768259010278, "seed_nodes": 401422, "loss": 0.8614912986755371, "all_losses_finite": true}
[Step=0110] Wall=30.5516s | Loss=0.8001
[Profile] Avg ms/step | Load: 101.606 (Prep: 13.085, Struc: 1.253, Fetch: 87.267) | Fwd: 52.900 | Bwd: 64.317 | Opt: 0.684 | GPU_Tot: 206.421
[Autotune] {"version": 1, "step": 110, "wall_seconds": 30.551580236991867, "seed_nodes": 442382, "loss": 0.8001108169555664, "all_losses_finite": true}
[Step=0120] Wall=32.6778s | Loss=0.7432
[Profile] Avg ms/step | Load: 100.366 (Prep: 11.502, Struc: 1.257, Fetch: 87.607) | Fwd: 53.040 | Bwd: 64.528 | Opt: 0.685 | GPU_Tot: 207.117
[Autotune] {"version": 1, "step": 120, "wall_seconds": 32.67781027400633, "seed_nodes": 483342, "loss": 0.7431910037994385, "all_losses_finite": true}
[Step=0130] Wall=34.8413s | Loss=0.6908
[Profile] Avg ms/step | Load: 99.760 (Prep: 10.272, Struc: 1.261, Fetch: 88.227) | Fwd: 53.168 | Bwd: 64.730 | Opt: 0.688 | GPU_Tot: 208.074
[Autotune] {"version": 1, "step": 130, "wall_seconds": 34.841303711989895, "seed_nodes": 524302, "loss": 0.6908433437347412, "all_losses_finite": true}
[Step=0140] Wall=36.9969s | Loss=0.6712
[Profile] Avg ms/step | Load: 99.246 (Prep: 9.380, Struc: 1.263, Fetch: 88.603) | Fwd: 53.258 | Bwd: 64.857 | Opt: 0.687 | GPU_Tot: 208.668
[Autotune] {"version": 1, "step": 140, "wall_seconds": 36.99687772797188, "seed_nodes": 565262, "loss": 0.6711536407470703, "all_losses_finite": true}
[Step=0150] Wall=39.2637s | Loss=0.8353
[Profile] Avg ms/step | Load: 100.957 (Prep: 12.308, Struc: 1.255, Fetch: 87.394) | Fwd: 52.833 | Bwd: 64.341 | Opt: 0.684 | GPU_Tot: 206.507
[Autotune] {"version": 1, "step": 150, "wall_seconds": 39.263651340967044, "seed_nodes": 602133, "loss": 0.8352906227111816, "all_losses_finite": true}
[Step=0160] Wall=41.3880s | Loss=0.7387
[Profile] Avg ms/step | Load: 100.199 (Prep: 11.363, Struc: 1.258, Fetch: 87.578) | Fwd: 52.923 | Bwd: 64.459 | Opt: 0.686 | GPU_Tot: 206.904
[Autotune] {"version": 1, "step": 160, "wall_seconds": 41.387966881971806, "seed_nodes": 643093, "loss": 0.738718843460083, "all_losses_finite": true}
[Step=0170] Wall=43.5705s | Loss=0.6713
[Profile] Avg ms/step | Load: 99.990 (Prep: 10.521, Struc: 1.260, Fetch: 88.209) | Fwd: 52.997 | Bwd: 64.575 | Opt: 0.689 | GPU_Tot: 207.731
[Autotune] {"version": 1, "step": 170, "wall_seconds": 43.57054020499345, "seed_nodes": 684053, "loss": 0.6712844848632813, "all_losses_finite": true}
[Step=0180] Wall=45.7305s | Loss=0.6396
[Profile] Avg ms/step | Load: 99.646 (Prep: 9.799, Struc: 1.261, Fetch: 88.585) | Fwd: 53.062 | Bwd: 64.679 | Opt: 0.690 | GPU_Tot: 208.278
[Autotune] {"version": 1, "step": 180, "wall_seconds": 45.730526708008256, "seed_nodes": 725013, "loss": 0.6396427154541016, "all_losses_finite": true}
[Step=0190] Wall=47.8455s | Loss=0.6149
[Profile] Avg ms/step | Load: 99.043 (Prep: 9.261, Struc: 1.263, Fetch: 88.519) | Fwd: 53.119 | Bwd: 64.776 | Opt: 0.689 | GPU_Tot: 208.365
[Autotune] {"version": 1, "step": 190, "wall_seconds": 47.84550940099871, "seed_nodes": 765973, "loss": 0.6149144172668457, "all_losses_finite": true}
[Step=0200] Wall=50.1525s | Loss=0.7589
[Profile] Avg ms/step | Load: 100.401 (Prep: 11.392, Struc: 1.257, Fetch: 87.752) | Fwd: 52.851 | Bwd: 64.493 | Opt: 0.687 | GPU_Tot: 207.040
[Autotune] {"version": 1, "step": 200, "wall_seconds": 50.152532913023606, "seed_nodes": 802844, "loss": 0.7589282035827637, "all_losses_finite": true}
[Step=0210] Wall=52.2975s | Loss=0.7604
[Profile] Avg ms/step | Load: 99.990 (Prep: 10.746, Struc: 1.259, Fetch: 87.986) | Fwd: 52.918 | Bwd: 64.590 | Opt: 0.690 | GPU_Tot: 207.443
[Autotune] {"version": 1, "step": 210, "wall_seconds": 52.29745270102285, "seed_nodes": 843804, "loss": 0.7604084491729737, "all_losses_finite": true}
[Step=0220] Wall=54.4609s | Loss=0.6799
[Profile] Avg ms/step | Load: 99.708 (Prep: 10.172, Struc: 1.260, Fetch: 88.276) | Fwd: 52.983 | Bwd: 64.693 | Opt: 0.690 | GPU_Tot: 207.904
[Autotune] {"version": 1, "step": 220, "wall_seconds": 54.46092514699558, "seed_nodes": 884764, "loss": 0.679859972000122, "all_losses_finite": true}
[Step=0230] Wall=56.6115s | Loss=0.6422
[Profile] Avg ms/step | Load: 99.408 (Prep: 9.659, Struc: 1.262, Fetch: 88.488) | Fwd: 53.035 | Bwd: 64.772 | Opt: 0.692 | GPU_Tot: 208.248
[Autotune] {"version": 1, "step": 230, "wall_seconds": 56.61150721897138, "seed_nodes": 925724, "loss": 0.6422275543212891, "all_losses_finite": true}
[Step=0240] Wall=58.7066s | Loss=0.6152
[Profile] Avg ms/step | Load: 98.887 (Prep: 9.245, Struc: 1.263, Fetch: 88.379) | Fwd: 53.077 | Bwd: 64.823 | Opt: 0.691 | GPU_Tot: 208.232
[Autotune] {"version": 1, "step": 240, "wall_seconds": 58.706579018966295, "seed_nodes": 966684, "loss": 0.6151619911193847, "all_losses_finite": true}
[Step=0250] Wall=61.0109s | Loss=0.5608
[Profile] Avg ms/step | Load: 99.948 (Prep: 10.844, Struc: 1.258, Fetch: 87.845) | Fwd: 52.871 | Bwd: 64.577 | Opt: 0.689 | GPU_Tot: 207.241
[Autotune] {"version": 1, "step": 250, "wall_seconds": 61.01093791198218, "seed_nodes": 1003555, "loss": 0.5608449935913086, "all_losses_finite": true}
[Step=0260] Wall=63.1941s | Loss=0.5948
[Profile] Avg ms/step | Load: 99.825 (Prep: 10.370, Struc: 1.260, Fetch: 88.195) | Fwd: 52.922 | Bwd: 64.651 | Opt: 0.689 | GPU_Tot: 207.718
[Autotune] {"version": 1, "step": 260, "wall_seconds": 63.19413579098182, "seed_nodes": 1044515, "loss": 0.5947962760925293, "all_losses_finite": true}
[Step=0270] Wall=65.3474s | Loss=0.5792
[Profile] Avg ms/step | Load: 99.600 (Prep: 9.937, Struc: 1.261, Fetch: 88.402) | Fwd: 52.965 | Bwd: 64.705 | Opt: 0.690 | GPU_Tot: 208.022
[Autotune] {"version": 1, "step": 270, "wall_seconds": 65.34739693300799, "seed_nodes": 1085475, "loss": 0.5791927814483643, "all_losses_finite": true}
[Step=0280] Wall=67.5112s | Loss=0.5610
[Profile] Avg ms/step | Load: 99.444 (Prep: 9.540, Struc: 1.262, Fetch: 88.642) | Fwd: 53.002 | Bwd: 64.749 | Opt: 0.690 | GPU_Tot: 208.345
[Autotune] {"version": 1, "step": 280, "wall_seconds": 67.51121320098173, "seed_nodes": 1126435, "loss": 0.5610016822814942, "all_losses_finite": true}
[Step=0290] Wall=69.6197s | Loss=0.5500
[Profile] Avg ms/step | Load: 99.048 (Prep: 9.208, Struc: 1.263, Fetch: 88.578) | Fwd: 53.042 | Bwd: 64.818 | Opt: 0.689 | GPU_Tot: 208.389
[Autotune] {"version": 1, "step": 290, "wall_seconds": 69.61973028699867, "seed_nodes": 1167395, "loss": 0.5499867916107177, "all_losses_finite": true}
[Step=0300] Wall=71.9434s | Loss=0.5119
[Profile] Avg ms/step | Load: 99.965 (Prep: 10.535, Struc: 1.259, Fetch: 88.171) | Fwd: 52.876 | Bwd: 64.626 | Opt: 0.690 | GPU_Tot: 207.622
[Autotune] {"version": 1, "step": 300, "wall_seconds": 71.94338141597109, "seed_nodes": 1204266, "loss": 0.5118834018707276, "all_losses_finite": true}
[Step=0310] Wall=74.0922s | Loss=0.5595
[Profile] Avg ms/step | Load: 99.736 (Prep: 10.160, Struc: 1.260, Fetch: 88.316) | Fwd: 52.918 | Bwd: 64.686 | Opt: 0.690 | GPU_Tot: 207.869
[Autotune] {"version": 1, "step": 310, "wall_seconds": 74.09220750600798, "seed_nodes": 1245226, "loss": 0.5594600200653076, "all_losses_finite": true}
[Step=0320] Wall=76.2585s | Loss=0.5328
[Profile] Avg ms/step | Load: 99.593 (Prep: 9.813, Struc: 1.261, Fetch: 88.520) | Fwd: 52.957 | Bwd: 64.731 | Opt: 0.691 | GPU_Tot: 208.160
[Autotune] {"version": 1, "step": 320, "wall_seconds": 76.25846501399064, "seed_nodes": 1286186, "loss": 0.5327519416809082, "all_losses_finite": true}
[Step=0330] Wall=78.3957s | Loss=0.5270
[Profile] Avg ms/step | Load: 99.366 (Prep: 9.488, Struc: 1.262, Fetch: 88.615) | Fwd: 52.991 | Bwd: 64.772 | Opt: 0.691 | GPU_Tot: 208.331
[Autotune] {"version": 1, "step": 330, "wall_seconds": 78.39567003399134, "seed_nodes": 1327146, "loss": 0.5269680023193359, "all_losses_finite": true}
[Step=0340] Wall=80.4793s | Loss=0.5358
[Profile] Avg ms/step | Load: 98.955 (Prep: 9.214, Struc: 1.263, Fetch: 88.478) | Fwd: 53.030 | Bwd: 64.822 | Opt: 0.691 | GPU_Tot: 208.283
[Autotune] {"version": 1, "step": 340, "wall_seconds": 80.47925518197007, "seed_nodes": 1368106, "loss": 0.5358038425445557, "all_losses_finite": true}
[Step=0350] Wall=82.8335s | Loss=0.5202
[Profile] Avg ms/step | Load: 99.849 (Prep: 10.379, Struc: 1.260, Fetch: 88.210) | Fwd: 52.887 | Bwd: 64.643 | Opt: 0.691 | GPU_Tot: 207.690
[Autotune] {"version": 1, "step": 350, "wall_seconds": 82.83349056402221, "seed_nodes": 1404977, "loss": 0.5201877117156982, "all_losses_finite": true}
[Step=0360] Wall=85.0061s | Loss=0.5650
[Profile] Avg ms/step | Load: 99.715 (Prep: 10.080, Struc: 1.261, Fetch: 88.374) | Fwd: 52.925 | Bwd: 64.708 | Opt: 0.691 | GPU_Tot: 207.958
[Autotune] {"version": 1, "step": 360, "wall_seconds": 85.00612183299381, "seed_nodes": 1445937, "loss": 0.5650498390197753, "all_losses_finite": true}
[Step=0370] Wall=87.1738s | Loss=0.5557
[Profile] Avg ms/step | Load: 99.596 (Prep: 9.788, Struc: 1.261, Fetch: 88.547) | Fwd: 52.957 | Bwd: 64.748 | Opt: 0.692 | GPU_Tot: 208.206
[Autotune] {"version": 1, "step": 370, "wall_seconds": 87.17377561499598, "seed_nodes": 1486897, "loss": 0.5556634426116943, "all_losses_finite": true}
[Step=0380] Wall=89.3198s | Loss=0.5415
[Profile] Avg ms/step | Load: 99.402 (Prep: 9.512, Struc: 1.262, Fetch: 88.628) | Fwd: 52.993 | Bwd: 64.799 | Opt: 0.693 | GPU_Tot: 208.376
[Autotune] {"version": 1, "step": 380, "wall_seconds": 89.319778228004, "seed_nodes": 1527857, "loss": 0.5415352821350098, "all_losses_finite": true}
[Step=0390] Wall=91.3852s | Loss=0.5157
[Profile] Avg ms/step | Load: 98.994 (Prep: 9.273, Struc: 1.262, Fetch: 88.459) | Fwd: 53.029 | Bwd: 64.844 | Opt: 0.692 | GPU_Tot: 208.286
[Autotune] {"version": 1, "step": 390, "wall_seconds": 91.38524943299126, "seed_nodes": 1568817, "loss": 0.5156743049621582, "all_losses_finite": true}
[Step=0400] Wall=93.7718s | Loss=0.5112
[Profile] Avg ms/step | Load: 99.833 (Prep: 10.323, Struc: 1.260, Fetch: 88.250) | Fwd: 52.912 | Bwd: 64.703 | Opt: 0.692 | GPU_Tot: 207.817
[Autotune] {"version": 1, "step": 400, "wall_seconds": 93.7718215570203, "seed_nodes": 1605688, "loss": 0.5111946105957031, "all_losses_finite": true}
[Step=0410] Wall=95.9256s | Loss=0.5326
[Profile] Avg ms/step | Load: 99.679 (Prep: 10.055, Struc: 1.261, Fetch: 88.363) | Fwd: 52.943 | Bwd: 64.745 | Opt: 0.693 | GPU_Tot: 208.005
[Autotune] {"version": 1, "step": 410, "wall_seconds": 95.92559198499657, "seed_nodes": 1646648, "loss": 0.5326449871063232, "all_losses_finite": true}
[Step=0420] Wall=98.0908s | Loss=0.5119
[Profile] Avg ms/step | Load: 99.554 (Prep: 9.801, Struc: 1.261, Fetch: 88.492) | Fwd: 52.975 | Bwd: 64.791 | Opt: 0.694 | GPU_Tot: 208.213
[Autotune] {"version": 1, "step": 420, "wall_seconds": 98.09076307201758, "seed_nodes": 1687608, "loss": 0.5118799209594727, "all_losses_finite": true}
[Step=0430] Wall=100.2711s | Loss=0.5184
[Profile] Avg ms/step | Load: 99.495 (Prep: 9.560, Struc: 1.262, Fetch: 88.672) | Fwd: 53.001 | Bwd: 64.820 | Opt: 0.694 | GPU_Tot: 208.449
[Autotune] {"version": 1, "step": 430, "wall_seconds": 100.27107916399837, "seed_nodes": 1728568, "loss": 0.5184088230133057, "all_losses_finite": true}
[Step=0440] Wall=102.3026s | Loss=0.5033
[Profile] Avg ms/step | Load: 99.070 (Prep: 9.349, Struc: 1.262, Fetch: 88.459) | Fwd: 53.024 | Bwd: 64.846 | Opt: 0.693 | GPU_Tot: 208.285
[Autotune] {"version": 1, "step": 440, "wall_seconds": 102.3025702079758, "seed_nodes": 1769528, "loss": 0.5033255100250245, "all_losses_finite": true}
[Step=0450] Wall=104.7367s | Loss=0.6880
[Profile] Avg ms/step | Load: 99.925 (Prep: 10.264, Struc: 1.260, Fetch: 88.401) | Fwd: 52.918 | Bwd: 64.722 | Opt: 0.693 | GPU_Tot: 207.994
[Autotune] {"version": 1, "step": 450, "wall_seconds": 104.73672882601386, "seed_nodes": 1806399, "loss": 0.6879682064056396, "all_losses_finite": true}
[Step=0460] Wall=106.8984s | Loss=0.5977
[Profile] Avg ms/step | Load: 99.804 (Prep: 10.029, Struc: 1.261, Fetch: 88.514) | Fwd: 52.945 | Bwd: 64.760 | Opt: 0.694 | GPU_Tot: 208.174
[Autotune] {"version": 1, "step": 460, "wall_seconds": 106.89841020299355, "seed_nodes": 1847359, "loss": 0.5977394104003906, "all_losses_finite": true}
[Step=0470] Wall=109.0682s | Loss=0.5635
[Profile] Avg ms/step | Load: 99.709 (Prep: 9.805, Struc: 1.261, Fetch: 88.643) | Fwd: 52.972 | Bwd: 64.795 | Opt: 0.695 | GPU_Tot: 208.365
[Autotune] {"version": 1, "step": 470, "wall_seconds": 109.0682291649864, "seed_nodes": 1888319, "loss": 0.5634881496429444, "all_losses_finite": true}
[Step=0480] Wall=111.2222s | Loss=0.5259
[Profile] Avg ms/step | Load: 99.575 (Prep: 9.592, Struc: 1.262, Fetch: 88.722) | Fwd: 52.998 | Bwd: 64.834 | Opt: 0.697 | GPU_Tot: 208.512
[Autotune] {"version": 1, "step": 480, "wall_seconds": 111.22224713000469, "seed_nodes": 1929279, "loss": 0.5258816719055176, "all_losses_finite": true}
[Step=0490] Wall=113.0896s | Loss=0.4858
[Profile] Avg ms/step | Load: 99.077 (Prep: 9.405, Struc: 1.260, Fetch: 88.412) | Fwd: 52.907 | Bwd: 64.724 | Opt: 0.695 | GPU_Tot: 207.997
[Autotune] {"version": 1, "step": 490, "wall_seconds": 113.08958668296691, "seed_nodes": 1966150, "loss": 0.48582944869995115, "all_losses_finite": true}
[Step=0500] Wall=115.7015s | Loss=0.5392
[Profile] Avg ms/step | Load: 99.971 (Prep: 10.146, Struc: 1.261, Fetch: 88.564) | Fwd: 52.930 | Bwd: 64.753 | Opt: 0.695 | GPU_Tot: 208.203
[Autotune] {"version": 1, "step": 500, "wall_seconds": 115.70147156401072, "seed_nodes": 2007110, "loss": 0.539212989807129, "all_losses_finite": true}
[Step=0510] Wall=117.8729s | Loss=0.5284
[Profile] Avg ms/step | Load: 99.886 (Prep: 9.940, Struc: 1.261, Fetch: 88.685) | Fwd: 52.954 | Bwd: 64.785 | Opt: 0.695 | GPU_Tot: 208.380
[Autotune] {"version": 1, "step": 510, "wall_seconds": 117.87287735496648, "seed_nodes": 2048070, "loss": 0.5283945560455322, "all_losses_finite": true}
[Step=0520] Wall=120.0553s | Loss=0.5137
[Profile] Avg ms/step | Load: 99.825 (Prep: 9.741, Struc: 1.262, Fetch: 88.822) | Fwd: 52.978 | Bwd: 64.817 | Opt: 0.695 | GPU_Tot: 208.573
[Autotune] {"version": 1, "step": 520, "wall_seconds": 120.05527733801864, "seed_nodes": 2089030, "loss": 0.5136819839477539, "all_losses_finite": true}
[Step=0530] Wall=122.2380s | Loss=0.4985
[Profile] Avg ms/step | Load: 99.766 (Prep: 9.551, Struc: 1.262, Fetch: 88.953) | Fwd: 53.000 | Bwd: 64.848 | Opt: 0.696 | GPU_Tot: 208.759
[Autotune] {"version": 1, "step": 530, "wall_seconds": 122.23798627499491, "seed_nodes": 2129990, "loss": 0.49849495887756345, "all_losses_finite": true}
[Step=0540] Wall=124.5493s | Loss=0.5159
[Profile] Avg ms/step | Load: 100.214 (Prep: 10.277, Struc: 1.260, Fetch: 88.677) | Fwd: 52.914 | Bwd: 64.739 | Opt: 0.694 | GPU_Tot: 208.285
[Autotune] {"version": 1, "step": 540, "wall_seconds": 124.54926398897078, "seed_nodes": 2166861, "loss": 0.5159167766571044, "all_losses_finite": true}
[Step=0550] Wall=126.7368s | Loss=0.6517
[Profile] Avg ms/step | Load: 100.166 (Prep: 10.084, Struc: 1.261, Fetch: 88.821) | Fwd: 52.937 | Bwd: 64.766 | Opt: 0.694 | GPU_Tot: 208.479
[Autotune] {"version": 1, "step": 550, "wall_seconds": 126.73680139699718, "seed_nodes": 2207821, "loss": 0.6516611576080322, "all_losses_finite": true}
[Step=0560] Wall=128.9042s | Loss=0.5774
[Profile] Avg ms/step | Load: 100.085 (Prep: 9.897, Struc: 1.261, Fetch: 88.927) | Fwd: 52.956 | Bwd: 64.787 | Opt: 0.695 | GPU_Tot: 208.626
[Autotune] {"version": 1, "step": 560, "wall_seconds": 128.90420711401384, "seed_nodes": 2248781, "loss": 0.5773687362670898, "all_losses_finite": true}
[Step=0570] Wall=131.0706s | Loss=0.5276
[Profile] Avg ms/step | Load: 99.999 (Prep: 9.718, Struc: 1.262, Fetch: 89.018) | Fwd: 52.977 | Bwd: 64.815 | Opt: 0.695 | GPU_Tot: 208.766
[Autotune] {"version": 1, "step": 570, "wall_seconds": 131.07058928598417, "seed_nodes": 2289741, "loss": 0.527554702758789, "all_losses_finite": true}
[Step=0580] Wall=133.2577s | Loss=0.5111
[Profile] Avg ms/step | Load: 99.961 (Prep: 9.563, Struc: 1.262, Fetch: 89.136) | Fwd: 52.995 | Bwd: 64.834 | Opt: 0.695 | GPU_Tot: 208.923
[Autotune] {"version": 1, "step": 580, "wall_seconds": 133.25769269402372, "seed_nodes": 2330701, "loss": 0.5111237525939941, "all_losses_finite": true}
[Step=0590] Wall=135.5363s | Loss=0.5300
[Profile] Avg ms/step | Load: 100.290 (Prep: 10.170, Struc: 1.260, Fetch: 88.859) | Fwd: 52.923 | Bwd: 64.746 | Opt: 0.694 | GPU_Tot: 208.482
[Autotune] {"version": 1, "step": 590, "wall_seconds": 135.53625402098987, "seed_nodes": 2367572, "loss": 0.5299646377563476, "all_losses_finite": true}
[Step=0600] Wall=137.7007s | Loss=0.5918
[Profile] Avg ms/step | Load: 100.205 (Prep: 9.996, Struc: 1.261, Fetch: 88.948) | Fwd: 52.941 | Bwd: 64.770 | Opt: 0.694 | GPU_Tot: 208.614
[Autotune] {"version": 1, "step": 600, "wall_seconds": 137.70071732398355, "seed_nodes": 2408532, "loss": 0.5917957305908204, "all_losses_finite": true}
[Step=0610] Wall=139.8916s | Loss=0.5480
[Profile] Avg ms/step | Load: 100.161 (Prep: 9.828, Struc: 1.261, Fetch: 89.072) | Fwd: 52.961 | Bwd: 64.798 | Opt: 0.695 | GPU_Tot: 208.787
[Autotune] {"version": 1, "step": 610, "wall_seconds": 139.89164549298584, "seed_nodes": 2449492, "loss": 0.5480248928070068, "all_losses_finite": true}
[Step=0620] Wall=142.0816s | Loss=0.5505
[Profile] Avg ms/step | Load: 100.118 (Prep: 9.666, Struc: 1.262, Fetch: 89.191) | Fwd: 52.981 | Bwd: 64.823 | Opt: 0.695 | GPU_Tot: 208.953
[Autotune] {"version": 1, "step": 620, "wall_seconds": 142.0815636580228, "seed_nodes": 2490452, "loss": 0.5505117416381836, "all_losses_finite": true}
[Step=0630] Wall=144.2683s | Loss=0.5003
[Profile] Avg ms/step | Load: 100.068 (Prep: 9.526, Struc: 1.262, Fetch: 89.280) | Fwd: 53.000 | Bwd: 64.853 | Opt: 0.695 | GPU_Tot: 209.090
[Autotune] {"version": 1, "step": 630, "wall_seconds": 144.26827947900165, "seed_nodes": 2531412, "loss": 0.5002903938293457, "all_losses_finite": true}
[Step=0640] Wall=146.5667s | Loss=0.6737
[Profile] Avg ms/step | Load: 100.412 (Prep: 10.111, Struc: 1.260, Fetch: 89.040) | Fwd: 52.929 | Bwd: 64.764 | Opt: 0.695 | GPU_Tot: 208.689
[Autotune] {"version": 1, "step": 640, "wall_seconds": 146.56668455101317, "seed_nodes": 2568283, "loss": 0.6736969470977783, "all_losses_finite": true}
[Step=0650] Wall=148.7607s | Loss=0.6972
[Profile] Avg ms/step | Load: 100.367 (Prep: 9.952, Struc: 1.261, Fetch: 89.153) | Fwd: 52.949 | Bwd: 64.795 | Opt: 0.696 | GPU_Tot: 208.854
[Autotune] {"version": 1, "step": 650, "wall_seconds": 148.7606575199752, "seed_nodes": 2609243, "loss": 0.6972393035888672, "all_losses_finite": true}
[Step=0660] Wall=150.9454s | Loss=0.6174
[Profile] Avg ms/step | Load: 100.310 (Prep: 9.798, Struc: 1.261, Fetch: 89.250) | Fwd: 52.969 | Bwd: 64.823 | Opt: 0.696 | GPU_Tot: 209.000
[Autotune] {"version": 1, "step": 660, "wall_seconds": 150.94541976699838, "seed_nodes": 2650203, "loss": 0.6174051761627197, "all_losses_finite": true}
[Step=0670] Wall=153.1031s | Loss=0.5636
[Profile] Avg ms/step | Load: 100.218 (Prep: 9.649, Struc: 1.262, Fetch: 89.307) | Fwd: 52.987 | Bwd: 64.846 | Opt: 0.697 | GPU_Tot: 209.098
[Autotune] {"version": 1, "step": 670, "wall_seconds": 153.10310624400154, "seed_nodes": 2691163, "loss": 0.5635971546173095, "all_losses_finite": true}
[Step=0680] Wall=155.2643s | Loss=0.5280
[Profile] Avg ms/step | Load: 100.125 (Prep: 9.521, Struc: 1.262, Fetch: 89.342) | Fwd: 53.005 | Bwd: 64.876 | Opt: 0.696 | GPU_Tot: 209.182
[Autotune] {"version": 1, "step": 680, "wall_seconds": 155.26425588596612, "seed_nodes": 2732123, "loss": 0.5279861450195312, "all_losses_finite": true}
[Step=0690] Wall=157.6017s | Loss=0.5170
[Profile] Avg ms/step | Load: 100.491 (Prep: 10.068, Struc: 1.261, Fetch: 89.162) | Fwd: 52.942 | Bwd: 64.803 | Opt: 0.696 | GPU_Tot: 208.864
[Autotune] {"version": 1, "step": 690, "wall_seconds": 157.60170806298265, "seed_nodes": 2768994, "loss": 0.5169997215270996, "all_losses_finite": true}
[Step=0700] Wall=159.7777s | Loss=0.5433
[Profile] Avg ms/step | Load: 100.425 (Prep: 9.922, Struc: 1.261, Fetch: 89.243) | Fwd: 52.960 | Bwd: 64.827 | Opt: 0.696 | GPU_Tot: 208.987
[Autotune] {"version": 1, "step": 700, "wall_seconds": 159.7776561700157, "seed_nodes": 2809954, "loss": 0.5433018684387207, "all_losses_finite": true}
[Step=0710] Wall=161.9391s | Loss=0.5294
[Profile] Avg ms/step | Load: 100.347 (Prep: 9.780, Struc: 1.261, Fetch: 89.306) | Fwd: 52.976 | Bwd: 64.846 | Opt: 0.696 | GPU_Tot: 209.085
[Autotune] {"version": 1, "step": 710, "wall_seconds": 161.93909435300156, "seed_nodes": 2850914, "loss": 0.5293748855590821, "all_losses_finite": true}
[Step=0720] Wall=164.1040s | Loss=0.5032
[Profile] Avg ms/step | Load: 100.270 (Prep: 9.642, Struc: 1.262, Fetch: 89.366) | Fwd: 52.991 | Bwd: 64.869 | Opt: 0.696 | GPU_Tot: 209.185
[Autotune] {"version": 1, "step": 720, "wall_seconds": 164.10403302597115, "seed_nodes": 2891874, "loss": 0.5032371997833252, "all_losses_finite": true}
[Step=0730] Wall=166.2347s | Loss=0.4942
[Profile] Avg ms/step | Load: 100.150 (Prep: 9.520, Struc: 1.262, Fetch: 89.368) | Fwd: 53.006 | Bwd: 64.888 | Opt: 0.696 | GPU_Tot: 209.220
[Autotune] {"version": 1, "step": 730, "wall_seconds": 166.2346698049805, "seed_nodes": 2932834, "loss": 0.49422922134399416, "all_losses_finite": true}
[Step=0740] Wall=168.5641s | Loss=0.7285
[Profile] Avg ms/step | Load: 100.486 (Prep: 10.018, Struc: 1.261, Fetch: 89.207) | Fwd: 52.946 | Bwd: 64.813 | Opt: 0.696 | GPU_Tot: 208.922
[Autotune] {"version": 1, "step": 740, "wall_seconds": 168.5641252240166, "seed_nodes": 2969705, "loss": 0.7284650325775146, "all_losses_finite": true}
[Step=0750] Wall=170.7651s | Loss=0.6793
[Profile] Avg ms/step | Load: 100.458 (Prep: 9.883, Struc: 1.261, Fetch: 89.314) | Fwd: 52.963 | Bwd: 64.837 | Opt: 0.696 | GPU_Tot: 209.071
[Autotune] {"version": 1, "step": 750, "wall_seconds": 170.76513423601864, "seed_nodes": 3010665, "loss": 0.6793440818786621, "all_losses_finite": true}
[Step=0760] Wall=172.9452s | Loss=0.5944
[Profile] Avg ms/step | Load: 100.408 (Prep: 9.752, Struc: 1.261, Fetch: 89.395) | Fwd: 52.978 | Bwd: 64.856 | Opt: 0.696 | GPU_Tot: 209.187
[Autotune] {"version": 1, "step": 760, "wall_seconds": 172.9451997440192, "seed_nodes": 3051625, "loss": 0.5944125175476074, "all_losses_finite": true}
[Step=0770] Wall=175.1370s | Loss=0.5748
[Profile] Avg ms/step | Load: 100.369 (Prep: 9.624, Struc: 1.262, Fetch: 89.484) | Fwd: 52.994 | Bwd: 64.880 | Opt: 0.696 | GPU_Tot: 209.316
[Autotune] {"version": 1, "step": 770, "wall_seconds": 175.13696597301168, "seed_nodes": 3092585, "loss": 0.5747872352600097, "all_losses_finite": true}
[Step=0780] Wall=177.2322s | Loss=0.5408
[Profile] Avg ms/step | Load: 100.211 (Prep: 9.511, Struc: 1.262, Fetch: 89.438) | Fwd: 53.007 | Bwd: 64.896 | Opt: 0.696 | GPU_Tot: 209.298
[Autotune] {"version": 1, "step": 780, "wall_seconds": 177.2321714910213, "seed_nodes": 3133545, "loss": 0.5408360481262207, "all_losses_finite": true}
[Step=0790] Wall=179.5866s | Loss=0.5777
[Profile] Avg ms/step | Load: 100.560 (Prep: 10.005, Struc: 1.261, Fetch: 89.295) | Fwd: 52.950 | Bwd: 64.823 | Opt: 0.696 | GPU_Tot: 209.024
[Autotune] {"version": 1, "step": 790, "wall_seconds": 179.58658052701503, "seed_nodes": 3170416, "loss": 0.5776971817016602, "all_losses_finite": true}
[Step=0800] Wall=181.7787s | Loss=0.6021
[Profile] Avg ms/step | Load: 100.527 (Prep: 9.878, Struc: 1.261, Fetch: 89.388) | Fwd: 52.964 | Bwd: 64.841 | Opt: 0.696 | GPU_Tot: 209.150
[Autotune] {"version": 1, "step": 800, "wall_seconds": 181.7787449519965, "seed_nodes": 3211376, "loss": 0.6021029949188232, "all_losses_finite": true}
[Step=0810] Wall=183.9580s | Loss=0.5613
[Profile] Avg ms/step | Load: 100.473 (Prep: 9.755, Struc: 1.261, Fetch: 89.456) | Fwd: 52.978 | Bwd: 64.865 | Opt: 0.696 | GPU_Tot: 209.256
[Autotune] {"version": 1, "step": 810, "wall_seconds": 183.95799973001704, "seed_nodes": 3252336, "loss": 0.5613192558288574, "all_losses_finite": true}
[Step=0820] Wall=186.1663s | Loss=0.5367
[Profile] Avg ms/step | Load: 100.458 (Prep: 9.636, Struc: 1.262, Fetch: 89.560) | Fwd: 52.993 | Bwd: 64.886 | Opt: 0.696 | GPU_Tot: 209.397
[Autotune] {"version": 1, "step": 820, "wall_seconds": 186.16632390901214, "seed_nodes": 3293296, "loss": 0.5366936683654785, "all_losses_finite": true}
[Step=0830] Wall=188.2670s | Loss=0.5064
[Profile] Avg ms/step | Load: 100.311 (Prep: 9.528, Struc: 1.262, Fetch: 89.521) | Fwd: 53.007 | Bwd: 64.903 | Opt: 0.695 | GPU_Tot: 209.389
[Autotune] {"version": 1, "step": 830, "wall_seconds": 188.26695774501422, "seed_nodes": 3334256, "loss": 0.5064267158508301, "all_losses_finite": true}
[Step=0840] Wall=190.6555s | Loss=0.5140
[Profile] Avg ms/step | Load: 100.673 (Prep: 9.994, Struc: 1.261, Fetch: 89.419) | Fwd: 52.955 | Bwd: 64.841 | Opt: 0.695 | GPU_Tot: 209.170
[Autotune] {"version": 1, "step": 840, "wall_seconds": 190.655542884022, "seed_nodes": 3371127, "loss": 0.513993787765503, "all_losses_finite": true}
[Step=0850] Wall=192.8468s | Loss=0.5357
[Profile] Avg ms/step | Load: 100.644 (Prep: 9.875, Struc: 1.261, Fetch: 89.508) | Fwd: 52.968 | Bwd: 64.854 | Opt: 0.696 | GPU_Tot: 209.286
[Autotune] {"version": 1, "step": 850, "wall_seconds": 192.84678095101845, "seed_nodes": 3412087, "loss": 0.5357414722442627, "all_losses_finite": true}
[Step=0860] Wall=195.0514s | Loss=0.5161
[Profile] Avg ms/step | Load: 100.623 (Prep: 9.760, Struc: 1.261, Fetch: 89.602) | Fwd: 52.982 | Bwd: 64.873 | Opt: 0.696 | GPU_Tot: 209.415
[Autotune] {"version": 1, "step": 860, "wall_seconds": 195.05137060099514, "seed_nodes": 3453047, "loss": 0.5160907745361328, "all_losses_finite": true}
[Step=0870] Wall=197.2127s | Loss=0.5044
[Profile] Avg ms/step | Load: 100.553 (Prep: 9.647, Struc: 1.262, Fetch: 89.644) | Fwd: 52.995 | Bwd: 64.889 | Opt: 0.698 | GPU_Tot: 209.488
[Autotune] {"version": 1, "step": 870, "wall_seconds": 197.21268238697667, "seed_nodes": 3494007, "loss": 0.5044081687927247, "all_losses_finite": true}
[Step=0880] Wall=199.2880s | Loss=0.4797
[Profile] Avg ms/step | Load: 100.390 (Prep: 9.546, Struc: 1.262, Fetch: 89.582) | Fwd: 53.008 | Bwd: 64.900 | Opt: 0.698 | GPU_Tot: 209.450
[Autotune] {"version": 1, "step": 880, "wall_seconds": 199.28795808402356, "seed_nodes": 3534967, "loss": 0.47972779273986815, "all_losses_finite": true}
[Step=0890] Wall=201.6844s | Loss=0.5561
[Profile] Avg ms/step | Load: 100.738 (Prep: 9.987, Struc: 1.261, Fetch: 89.490) | Fwd: 52.959 | Bwd: 64.842 | Opt: 0.698 | GPU_Tot: 209.249
[Autotune] {"version": 1, "step": 890, "wall_seconds": 201.68440738599747, "seed_nodes": 3571838, "loss": 0.5561155319213867, "all_losses_finite": true}
[Step=0900] Wall=203.8741s | Loss=0.5496
[Profile] Avg ms/step | Load: 100.707 (Prep: 9.876, Struc: 1.261, Fetch: 89.570) | Fwd: 52.971 | Bwd: 64.855 | Opt: 0.698 | GPU_Tot: 209.355
[Autotune] {"version": 1, "step": 900, "wall_seconds": 203.87406443298096, "seed_nodes": 3612798, "loss": 0.5496245861053467, "all_losses_finite": true}
[Step=0910] Wall=206.0442s | Loss=0.5252
[Profile] Avg ms/step | Load: 100.647 (Prep: 9.767, Struc: 1.261, Fetch: 89.619) | Fwd: 52.984 | Bwd: 64.874 | Opt: 0.698 | GPU_Tot: 209.436
[Autotune] {"version": 1, "step": 910, "wall_seconds": 206.04415125696687, "seed_nodes": 3653758, "loss": 0.5252165794372559, "all_losses_finite": true}
[Step=0920] Wall=208.2145s | Loss=0.5056
[Profile] Avg ms/step | Load: 100.596 (Prep: 9.661, Struc: 1.262, Fetch: 89.673) | Fwd: 52.996 | Bwd: 64.886 | Opt: 0.698 | GPU_Tot: 209.515
[Autotune] {"version": 1, "step": 920, "wall_seconds": 208.2145450799726, "seed_nodes": 3694718, "loss": 0.5055572509765625, "all_losses_finite": true}
[Step=0930] Wall=210.2673s | Loss=0.4914
[Profile] Avg ms/step | Load: 100.404 (Prep: 9.565, Struc: 1.262, Fetch: 89.578) | Fwd: 53.009 | Bwd: 64.907 | Opt: 0.697 | GPU_Tot: 209.453
[Autotune] {"version": 1, "step": 930, "wall_seconds": 210.26728335698135, "seed_nodes": 3735678, "loss": 0.4914341926574707, "all_losses_finite": true}
[Step=0940] Wall=212.6877s | Loss=0.5167
[Profile] Avg ms/step | Load: 100.765 (Prep: 9.959, Struc: 1.261, Fetch: 89.545) | Fwd: 52.961 | Bwd: 64.847 | Opt: 0.697 | GPU_Tot: 209.312
[Autotune] {"version": 1, "step": 940, "wall_seconds": 212.6877013290068, "seed_nodes": 3772549, "loss": 0.5166791915893555, "all_losses_finite": true}
[Step=0950] Wall=214.8884s | Loss=0.5417
[Profile] Avg ms/step | Load: 100.740 (Prep: 9.854, Struc: 1.261, Fetch: 89.625) | Fwd: 52.973 | Bwd: 64.867 | Opt: 0.697 | GPU_Tot: 209.424
[Autotune] {"version": 1, "step": 950, "wall_seconds": 214.88837172999047, "seed_nodes": 3813509, "loss": 0.5416831970214844, "all_losses_finite": true}
[Step=0960] Wall=217.0485s | Loss=0.5097
[Profile] Avg ms/step | Load: 100.676 (Prep: 9.752, Struc: 1.261, Fetch: 89.663) | Fwd: 52.985 | Bwd: 64.882 | Opt: 0.698 | GPU_Tot: 209.489
[Autotune] {"version": 1, "step": 960, "wall_seconds": 217.04853432701202, "seed_nodes": 3854469, "loss": 0.5096704006195069, "all_losses_finite": true}
[Step=0970] Wall=219.2483s | Loss=0.5021
[Profile] Avg ms/step | Load: 100.646 (Prep: 9.651, Struc: 1.262, Fetch: 89.733) | Fwd: 52.999 | Bwd: 64.904 | Opt: 0.698 | GPU_Tot: 209.595
[Autotune] {"version": 1, "step": 970, "wall_seconds": 219.24825137900189, "seed_nodes": 3895429, "loss": 0.5020897865295411, "all_losses_finite": true}
[Step=0980] Wall=221.1168s | Loss=0.4564
[Profile] Avg ms/step | Load: 100.400 (Prep: 9.561, Struc: 1.261, Fetch: 89.578) | Fwd: 52.954 | Bwd: 64.848 | Opt: 0.697 | GPU_Tot: 209.338
[Autotune] {"version": 1, "step": 980, "wall_seconds": 221.11683017999167, "seed_nodes": 3932300, "loss": 0.4563736915588379, "all_losses_finite": true}
[Step=0990] Wall=223.7272s | Loss=0.5212
[Profile] Avg ms/step | Load: 100.819 (Prep: 9.916, Struc: 1.261, Fetch: 89.642) | Fwd: 52.965 | Bwd: 64.860 | Opt: 0.697 | GPU_Tot: 209.425
[Autotune] {"version": 1, "step": 990, "wall_seconds": 223.72722929297015, "seed_nodes": 3973260, "loss": 0.5211694240570068, "all_losses_finite": true}
[Step=1000] Wall=225.9233s | Loss=0.5118
[Profile] Avg ms/step | Load: 100.799 (Prep: 9.817, Struc: 1.261, Fetch: 89.721) | Fwd: 52.976 | Bwd: 64.870 | Opt: 0.697 | GPU_Tot: 209.525
[Autotune] {"version": 1, "step": 1000, "wall_seconds": 225.92327746201772, "seed_nodes": 4014220, "loss": 0.5118050575256348, "all_losses_finite": true}
[Step=1010] Wall=228.1197s | Loss=0.5006
[Profile] Avg ms/step | Load: 100.772 (Prep: 9.720, Struc: 1.261, Fetch: 89.790) | Fwd: 52.988 | Bwd: 64.887 | Opt: 0.697 | GPU_Tot: 209.623
[Autotune] {"version": 1, "step": 1010, "wall_seconds": 228.11973619199125, "seed_nodes": 4055180, "loss": 0.5005519390106201, "all_losses_finite": true}
[Step=1020] Wall=230.3040s | Loss=0.4863
[Profile] Avg ms/step | Load: 100.736 (Prep: 9.625, Struc: 1.262, Fetch: 89.850) | Fwd: 52.998 | Bwd: 64.901 | Opt: 0.697 | GPU_Tot: 209.707
[Autotune] {"version": 1, "step": 1020, "wall_seconds": 230.30400422902312, "seed_nodes": 4096140, "loss": 0.4863298416137695, "all_losses_finite": true}
[Step=1030] Wall=232.5714s | Loss=0.4866
[Profile] Avg ms/step | Load: 100.905 (Prep: 9.969, Struc: 1.261, Fetch: 89.675) | Fwd: 52.956 | Bwd: 64.848 | Opt: 0.697 | GPU_Tot: 209.436
[Autotune] {"version": 1, "step": 1030, "wall_seconds": 232.5713685899973, "seed_nodes": 4133011, "loss": 0.4865700721740723, "all_losses_finite": true}
[Step=1040] Wall=234.7530s | Loss=0.5887
[Profile] Avg ms/step | Load: 100.858 (Prep: 9.873, Struc: 1.261, Fetch: 89.724) | Fwd: 52.969 | Bwd: 64.867 | Opt: 0.697 | GPU_Tot: 209.517
[Autotune] {"version": 1, "step": 1040, "wall_seconds": 234.7529574270011, "seed_nodes": 4173971, "loss": 0.5886708736419678, "all_losses_finite": true}
[Step=1050] Wall=236.9437s | Loss=0.5249
[Profile] Avg ms/step | Load: 100.819 (Prep: 9.780, Struc: 1.261, Fetch: 89.779) | Fwd: 52.981 | Bwd: 64.888 | Opt: 0.697 | GPU_Tot: 209.606
[Autotune] {"version": 1, "step": 1050, "wall_seconds": 236.9436624670052, "seed_nodes": 4214931, "loss": 0.524864387512207, "all_losses_finite": true}
[Step=1060] Wall=239.1461s | Loss=0.4987
[Profile] Avg ms/step | Load: 100.802 (Prep: 9.688, Struc: 1.261, Fetch: 89.853) | Fwd: 52.991 | Bwd: 64.902 | Opt: 0.697 | GPU_Tot: 209.704
[Autotune] {"version": 1, "step": 1060, "wall_seconds": 239.14611906401115, "seed_nodes": 4255891, "loss": 0.49873037338256837, "all_losses_finite": true}
[Step=1070] Wall=241.3454s | Loss=0.4874
[Profile] Avg ms/step | Load: 100.779 (Prep: 9.607, Struc: 1.262, Fetch: 89.911) | Fwd: 53.001 | Bwd: 64.918 | Opt: 0.697 | GPU_Tot: 209.789
[Autotune] {"version": 1, "step": 1070, "wall_seconds": 241.34543852700153, "seed_nodes": 4296851, "loss": 0.48743839263916017, "all_losses_finite": true}
[Step=1080] Wall=243.6275s | Loss=0.4558
[Profile] Avg ms/step | Load: 100.949 (Prep: 9.915, Struc: 1.261, Fetch: 89.774) | Fwd: 52.962 | Bwd: 64.870 | Opt: 0.697 | GPU_Tot: 209.564
[Autotune] {"version": 1, "step": 1080, "wall_seconds": 243.62753423699178, "seed_nodes": 4333722, "loss": 0.4557811737060547, "all_losses_finite": true}
[Step=1090] Wall=245.7872s | Loss=0.4876
[Profile] Avg ms/step | Load: 100.884 (Prep: 9.824, Struc: 1.261, Fetch: 89.799) | Fwd: 52.974 | Bwd: 64.888 | Opt: 0.697 | GPU_Tot: 209.619
[Autotune] {"version": 1, "step": 1090, "wall_seconds": 245.78723119798815, "seed_nodes": 4374682, "loss": 0.48758816719055176, "all_losses_finite": true}
[Step=1100] Wall=247.9670s | Loss=0.4737
[Profile] Avg ms/step | Load: 100.844 (Prep: 9.735, Struc: 1.261, Fetch: 89.847) | Fwd: 52.984 | Bwd: 64.903 | Opt: 0.697 | GPU_Tot: 209.692
[Autotune] {"version": 1, "step": 1100, "wall_seconds": 247.96703517402057, "seed_nodes": 4415642, "loss": 0.4736682415008545, "all_losses_finite": true}
[Step=1110] Wall=250.1468s | Loss=0.4708
[Profile] Avg ms/step | Load: 100.802 (Prep: 9.648, Struc: 1.261, Fetch: 89.893) | Fwd: 52.995 | Bwd: 64.919 | Opt: 0.697 | GPU_Tot: 209.764
[Autotune] {"version": 1, "step": 1110, "wall_seconds": 250.14681341999676, "seed_nodes": 4456602, "loss": 0.47077021598815916, "all_losses_finite": true}
[Step=1120] Wall=252.3132s | Loss=0.4728
[Profile] Avg ms/step | Load: 100.754 (Prep: 9.571, Struc: 1.262, Fetch: 89.921) | Fwd: 53.004 | Bwd: 64.930 | Opt: 0.696 | GPU_Tot: 209.814
[Autotune] {"version": 1, "step": 1120, "wall_seconds": 252.31318445398938, "seed_nodes": 4497562, "loss": 0.47283711433410647, "all_losses_finite": true}
[Step=1130] Wall=254.6483s | Loss=0.5020
[Profile] Avg ms/step | Load: 100.969 (Prep: 9.916, Struc: 1.261, Fetch: 89.792) | Fwd: 52.966 | Bwd: 64.881 | Opt: 0.696 | GPU_Tot: 209.597
[Autotune] {"version": 1, "step": 1130, "wall_seconds": 254.64832484797807, "seed_nodes": 4534433, "loss": 0.502046012878418, "all_losses_finite": true}
[Step=1140] Wall=256.8133s | Loss=0.5893
[Profile] Avg ms/step | Load: 100.914 (Prep: 9.830, Struc: 1.261, Fetch: 89.823) | Fwd: 52.976 | Bwd: 64.897 | Opt: 0.696 | GPU_Tot: 209.654
[Autotune] {"version": 1, "step": 1140, "wall_seconds": 256.8133088540053, "seed_nodes": 4575393, "loss": 0.5893021106719971, "all_losses_finite": true}
[Step=1150] Wall=258.9945s | Loss=0.5094
[Profile] Avg ms/step | Load: 100.882 (Prep: 9.745, Struc: 1.261, Fetch: 89.876) | Fwd: 52.985 | Bwd: 64.907 | Opt: 0.696 | GPU_Tot: 209.725
[Autotune] {"version": 1, "step": 1150, "wall_seconds": 258.99446256802185, "seed_nodes": 4616353, "loss": 0.5093979835510254, "all_losses_finite": true}
[Step=1160] Wall=261.1670s | Loss=0.4988
[Profile] Avg ms/step | Load: 100.837 (Prep: 9.662, Struc: 1.261, Fetch: 89.914) | Fwd: 52.995 | Bwd: 64.920 | Opt: 0.696 | GPU_Tot: 209.787
[Autotune] {"version": 1, "step": 1160, "wall_seconds": 261.1670109910192, "seed_nodes": 4657313, "loss": 0.49884600639343263, "all_losses_finite": true}
[Step=1170] Wall=263.3348s | Loss=0.4747
[Profile] Avg ms/step | Load: 100.791 (Prep: 9.588, Struc: 1.262, Fetch: 89.941) | Fwd: 53.005 | Bwd: 64.932 | Opt: 0.696 | GPU_Tot: 209.835
[Autotune] {"version": 1, "step": 1170, "wall_seconds": 263.334799380973, "seed_nodes": 4698273, "loss": 0.474715518951416, "all_losses_finite": true}
[Step=1180] Wall=265.6880s | Loss=0.4447
[Profile] Avg ms/step | Load: 101.014 (Prep: 9.914, Struc: 1.261, Fetch: 89.839) | Fwd: 52.968 | Bwd: 64.884 | Opt: 0.696 | GPU_Tot: 209.647
[Autotune] {"version": 1, "step": 1180, "wall_seconds": 265.68800433998695, "seed_nodes": 4735144, "loss": 0.4446536064147949, "all_losses_finite": true}
[Step=1190] Wall=267.8076s | Loss=0.5001
[Profile] Avg ms/step | Load: 100.924 (Prep: 9.832, Struc: 1.261, Fetch: 89.831) | Fwd: 52.977 | Bwd: 64.896 | Opt: 0.696 | GPU_Tot: 209.662
[Autotune] {"version": 1, "step": 1190, "wall_seconds": 267.8075945400051, "seed_nodes": 4776104, "loss": 0.5001020431518555, "all_losses_finite": true}
[Step=1200] Wall=269.9837s | Loss=0.4933
[Profile] Avg ms/step | Load: 100.880 (Prep: 9.751, Struc: 1.261, Fetch: 89.869) | Fwd: 52.988 | Bwd: 64.912 | Opt: 0.696 | GPU_Tot: 209.725
[Autotune] {"version": 1, "step": 1200, "wall_seconds": 269.9836894450127, "seed_nodes": 4817064, "loss": 0.49326319694519044, "all_losses_finite": true}
[Step=1210] Wall=272.1646s | Loss=0.4663
[Profile] Avg ms/step | Load: 100.843 (Prep: 9.671, Struc: 1.261, Fetch: 89.911) | Fwd: 52.997 | Bwd: 64.926 | Opt: 0.696 | GPU_Tot: 209.791
[Autotune] {"version": 1, "step": 1210, "wall_seconds": 272.164594227972, "seed_nodes": 4858024, "loss": 0.46629652976989744, "all_losses_finite": true}
[Step=1220] Wall=274.2975s | Loss=0.4657
[Profile] Avg ms/step | Load: 100.769 (Prep: 9.600, Struc: 1.262, Fetch: 89.907) | Fwd: 53.006 | Bwd: 64.938 | Opt: 0.696 | GPU_Tot: 209.808
[Autotune] {"version": 1, "step": 1220, "wall_seconds": 274.29749179800274, "seed_nodes": 4898984, "loss": 0.46573700904846194, "all_losses_finite": true}
[Step=1230] Wall=276.6542s | Loss=0.5424
[Profile] Avg ms/step | Load: 100.985 (Prep: 9.913, Struc: 1.261, Fetch: 89.812) | Fwd: 52.970 | Bwd: 64.892 | Opt: 0.696 | GPU_Tot: 209.630
[Autotune] {"version": 1, "step": 1230, "wall_seconds": 276.65421835001325, "seed_nodes": 4935855, "loss": 0.5424057483673096, "all_losses_finite": true}
[Step=1240] Wall=278.7918s | Loss=0.5280
[Profile] Avg ms/step | Load: 100.918 (Prep: 9.833, Struc: 1.261, Fetch: 89.823) | Fwd: 52.979 | Bwd: 64.901 | Opt: 0.696 | GPU_Tot: 209.660
[Autotune] {"version": 1, "step": 1240, "wall_seconds": 278.79183643398574, "seed_nodes": 4976815, "loss": 0.5280070304870605, "all_losses_finite": true}
[Step=1250] Wall=280.9854s | Loss=0.5006
[Profile] Avg ms/step | Load: 100.899 (Prep: 9.756, Struc: 1.261, Fetch: 89.882) | Fwd: 52.987 | Bwd: 64.909 | Opt: 0.696 | GPU_Tot: 209.735
[Autotune] {"version": 1, "step": 1250, "wall_seconds": 280.98541124298936, "seed_nodes": 5017775, "loss": 0.500612449645996, "all_losses_finite": true}
[Step=1260] Wall=283.1488s | Loss=0.4908
[Profile] Avg ms/step | Load: 100.853 (Prep: 9.679, Struc: 1.261, Fetch: 89.913) | Fwd: 52.995 | Bwd: 64.918 | Opt: 0.696 | GPU_Tot: 209.784
[Autotune] {"version": 1, "step": 1260, "wall_seconds": 283.1488231580006, "seed_nodes": 5058735, "loss": 0.49076023101806643, "all_losses_finite": true}
[Step=1270] Wall=285.2456s | Loss=0.4652
[Profile] Avg ms/step | Load: 100.753 (Prep: 9.610, Struc: 1.262, Fetch: 89.881) | Fwd: 53.003 | Bwd: 64.930 | Opt: 0.696 | GPU_Tot: 209.772
[Autotune] {"version": 1, "step": 1270, "wall_seconds": 285.24560699402355, "seed_nodes": 5099695, "loss": 0.46518511772155763, "all_losses_finite": true}
[Step=1280] Wall=287.5778s | Loss=0.5829
[Profile] Avg ms/step | Load: 100.937 (Prep: 9.880, Struc: 1.261, Fetch: 89.796) | Fwd: 52.970 | Bwd: 64.889 | Opt: 0.696 | GPU_Tot: 209.612
[Autotune] {"version": 1, "step": 1280, "wall_seconds": 287.5777503079735, "seed_nodes": 5136566, "loss": 0.5828877449035644, "all_losses_finite": true}
[Step=1290] Wall=289.7936s | Loss=0.5497
[Profile] Avg ms/step | Load: 100.932 (Prep: 9.804, Struc: 1.261, Fetch: 89.866) | Fwd: 52.979 | Bwd: 64.901 | Opt: 0.696 | GPU_Tot: 209.703
[Autotune] {"version": 1, "step": 1290, "wall_seconds": 289.79363759298576, "seed_nodes": 5177526, "loss": 0.5496552467346192, "all_losses_finite": true}
[Step=1300] Wall=291.9864s | Loss=0.5200
[Profile] Avg ms/step | Load: 100.899 (Prep: 9.730, Struc: 1.261, Fetch: 89.908) | Fwd: 52.989 | Bwd: 64.919 | Opt: 0.696 | GPU_Tot: 209.774
[Autotune] {"version": 1, "step": 1300, "wall_seconds": 291.98635680397274, "seed_nodes": 5218486, "loss": 0.5200371742248535, "all_losses_finite": true}
[Step=1310] Wall=294.1290s | Loss=0.5017
[Profile] Avg ms/step | Load: 100.839 (Prep: 9.657, Struc: 1.261, Fetch: 89.921) | Fwd: 52.997 | Bwd: 64.928 | Opt: 0.697 | GPU_Tot: 209.804
[Autotune] {"version": 1, "step": 1310, "wall_seconds": 294.129000668996, "seed_nodes": 5259446, "loss": 0.5016759872436524, "all_losses_finite": true}
[Step=1320] Wall=296.2254s | Loss=0.4941
[Profile] Avg ms/step | Load: 100.737 (Prep: 9.591, Struc: 1.262, Fetch: 89.884) | Fwd: 53.006 | Bwd: 64.944 | Opt: 0.696 | GPU_Tot: 209.792
[Autotune] {"version": 1, "step": 1320, "wall_seconds": 296.2253700430156, "seed_nodes": 5300406, "loss": 0.49413290023803713, "all_losses_finite": true}
[Step=1330] Wall=298.6234s | Loss=0.5027
[Profile] Avg ms/step | Load: 100.962 (Prep: 9.878, Struc: 1.261, Fetch: 89.822) | Fwd: 52.975 | Bwd: 64.907 | Opt: 0.696 | GPU_Tot: 209.661
[Autotune] {"version": 1, "step": 1330, "wall_seconds": 298.62344726000447, "seed_nodes": 5337277, "loss": 0.5027193069458008, "all_losses_finite": true}
[Step=1340] Wall=300.8136s | Loss=0.5681
[Profile] Avg ms/step | Load: 100.938 (Prep: 9.806, Struc: 1.261, Fetch: 89.871) | Fwd: 52.983 | Bwd: 64.917 | Opt: 0.696 | GPU_Tot: 209.729
[Autotune] {"version": 1, "step": 1340, "wall_seconds": 300.8136333330185, "seed_nodes": 5378237, "loss": 0.5681439876556397, "all_losses_finite": true}
[Step=1350] Wall=303.0173s | Loss=0.5180
[Profile] Avg ms/step | Load: 100.928 (Prep: 9.734, Struc: 1.261, Fetch: 89.932) | Fwd: 52.990 | Bwd: 64.925 | Opt: 0.696 | GPU_Tot: 209.805
[Autotune] {"version": 1, "step": 1350, "wall_seconds": 303.01733740698546, "seed_nodes": 5419197, "loss": 0.5179807662963867, "all_losses_finite": true}
[Step=1360] Wall=305.2269s | Loss=0.4986
[Profile] Avg ms/step | Load: 100.916 (Prep: 9.663, Struc: 1.261, Fetch: 89.991) | Fwd: 52.999 | Bwd: 64.938 | Opt: 0.696 | GPU_Tot: 209.885
[Autotune] {"version": 1, "step": 1360, "wall_seconds": 305.2269423250109, "seed_nodes": 5460157, "loss": 0.4986124515533447, "all_losses_finite": true}
[Step=1370] Wall=307.3285s | Loss=0.4830
[Profile] Avg ms/step | Load: 100.821 (Prep: 9.599, Struc: 1.262, Fetch: 89.961) | Fwd: 53.007 | Bwd: 64.952 | Opt: 0.696 | GPU_Tot: 209.877
[Autotune] {"version": 1, "step": 1370, "wall_seconds": 307.3285491329734, "seed_nodes": 5501117, "loss": 0.4830002307891846, "all_losses_finite": true}
[Step=1380] Wall=309.7168s | Loss=0.5351
[Profile] Avg ms/step | Load: 101.038 (Prep: 9.859, Struc: 1.261, Fetch: 89.919) | Fwd: 52.975 | Bwd: 64.910 | Opt: 0.696 | GPU_Tot: 209.761
[Autotune] {"version": 1, "step": 1380, "wall_seconds": 309.71684398601064, "seed_nodes": 5537988, "loss": 0.5350631713867188, "all_losses_finite": true}
[Step=1390] Wall=311.9284s | Loss=0.5325
[Profile] Avg ms/step | Load: 101.031 (Prep: 9.789, Struc: 1.261, Fetch: 89.981) | Fwd: 52.982 | Bwd: 64.920 | Opt: 0.696 | GPU_Tot: 209.841
[Autotune] {"version": 1, "step": 1390, "wall_seconds": 311.92837887100177, "seed_nodes": 5578948, "loss": 0.532529354095459, "all_losses_finite": true}
[Step=1400] Wall=314.1062s | Loss=0.5050
[Profile] Avg ms/step | Load: 100.996 (Prep: 9.720, Struc: 1.261, Fetch: 90.015) | Fwd: 52.991 | Bwd: 64.931 | Opt: 0.696 | GPU_Tot: 209.895
[Autotune] {"version": 1, "step": 1400, "wall_seconds": 314.10621666000225, "seed_nodes": 5619908, "loss": 0.5050090789794922, "all_losses_finite": true}
[Step=1410] Wall=316.3003s | Loss=0.4901
[Profile] Avg ms/step | Load: 100.971 (Prep: 9.652, Struc: 1.261, Fetch: 90.058) | Fwd: 52.999 | Bwd: 64.945 | Opt: 0.696 | GPU_Tot: 209.960
[Autotune] {"version": 1, "step": 1410, "wall_seconds": 316.30028660799144, "seed_nodes": 5660868, "loss": 0.49011878967285155, "all_losses_finite": true}
[Step=1420] Wall=318.3688s | Loss=0.4835
[Profile] Avg ms/step | Load: 100.863 (Prep: 9.590, Struc: 1.262, Fetch: 90.012) | Fwd: 53.007 | Bwd: 64.952 | Opt: 0.696 | GPU_Tot: 209.928
[Autotune] {"version": 1, "step": 1420, "wall_seconds": 318.3687822910142, "seed_nodes": 5701828, "loss": 0.483549690246582, "all_losses_finite": true}
[Step=1430] Wall=320.7922s | Loss=0.4638
[Profile] Avg ms/step | Load: 101.093 (Prep: 9.856, Struc: 1.261, Fetch: 89.976) | Fwd: 52.976 | Bwd: 64.915 | Opt: 0.696 | GPU_Tot: 209.824
[Autotune] {"version": 1, "step": 1430, "wall_seconds": 320.79218922700966, "seed_nodes": 5738699, "loss": 0.4638091564178467, "all_losses_finite": true}
[Step=1440] Wall=322.9679s | Loss=0.4742
[Profile] Avg ms/step | Load: 101.061 (Prep: 9.789, Struc: 1.261, Fetch: 90.011) | Fwd: 52.984 | Bwd: 64.924 | Opt: 0.696 | GPU_Tot: 209.875
[Autotune] {"version": 1, "step": 1440, "wall_seconds": 322.96788611100055, "seed_nodes": 5779659, "loss": 0.4742439746856689, "all_losses_finite": true}
[Step=1450] Wall=325.1741s | Loss=0.4677
[Profile] Avg ms/step | Load: 101.049 (Prep: 9.722, Struc: 1.261, Fetch: 90.066) | Fwd: 52.992 | Bwd: 64.933 | Opt: 0.696 | GPU_Tot: 209.947
[Autotune] {"version": 1, "step": 1450, "wall_seconds": 325.17410317697795, "seed_nodes": 5820619, "loss": 0.4677256107330322, "all_losses_finite": true}
[Step=1460] Wall=327.3715s | Loss=0.4745
[Profile] Avg ms/step | Load: 101.029 (Prep: 9.657, Struc: 1.261, Fetch: 90.111) | Fwd: 52.999 | Bwd: 64.944 | Opt: 0.696 | GPU_Tot: 210.012
[Autotune] {"version": 1, "step": 1460, "wall_seconds": 327.37153472797945, "seed_nodes": 5861579, "loss": 0.47446422576904296, "all_losses_finite": true}
[Step=1470] Wall=329.2355s | Loss=0.4348
[Profile] Avg ms/step | Load: 100.866 (Prep: 9.598, Struc: 1.261, Fetch: 90.008) | Fwd: 52.969 | Bwd: 64.904 | Opt: 0.695 | GPU_Tot: 209.837
[Autotune] {"version": 1, "step": 1470, "wall_seconds": 329.23554911400424, "seed_nodes": 5898450, "loss": 0.4348212718963623, "all_losses_finite": true}
[Step=1480] Wall=331.8624s | Loss=0.5332
[Profile] Avg ms/step | Load: 101.146 (Prep: 9.835, Struc: 1.261, Fetch: 90.050) | Fwd: 52.978 | Bwd: 64.914 | Opt: 0.695 | GPU_Tot: 209.899
[Autotune] {"version": 1, "step": 1480, "wall_seconds": 331.8623769470141, "seed_nodes": 5939410, "loss": 0.5332259178161621, "all_losses_finite": true}
[Step=1490] Wall=334.0028s | Loss=0.4997
[Profile] Avg ms/step | Load: 101.089 (Prep: 9.770, Struc: 1.261, Fetch: 90.058) | Fwd: 52.985 | Bwd: 64.924 | Opt: 0.695 | GPU_Tot: 209.923
[Autotune] {"version": 1, "step": 1490, "wall_seconds": 334.0027651459677, "seed_nodes": 5980370, "loss": 0.4996804237365723, "all_losses_finite": true}
[Step=1500] Wall=336.1722s | Loss=0.4817
[Profile] Avg ms/step | Load: 101.054 (Prep: 9.706, Struc: 1.261, Fetch: 90.086) | Fwd: 52.991 | Bwd: 64.932 | Opt: 0.696 | GPU_Tot: 209.967
[Autotune] {"version": 1, "step": 1500, "wall_seconds": 336.17217529402114, "seed_nodes": 6021330, "loss": 0.4817172050476074, "all_losses_finite": true}
[Step=1510] Wall=338.3722s | Loss=0.4672
[Profile] Avg ms/step | Load: 101.041 (Prep: 9.643, Struc: 1.261, Fetch: 90.137) | Fwd: 52.998 | Bwd: 64.939 | Opt: 0.696 | GPU_Tot: 210.031
[Autotune] {"version": 1, "step": 1510, "wall_seconds": 338.3721502919798, "seed_nodes": 6062290, "loss": 0.4672358512878418, "all_losses_finite": true}
[Step=1520] Wall=340.6525s | Loss=0.4254
[Profile] Avg ms/step | Load: 101.160 (Prep: 9.875, Struc: 1.261, Fetch: 90.025) | Fwd: 52.970 | Bwd: 64.904 | Opt: 0.695 | GPU_Tot: 209.854
[Autotune] {"version": 1, "step": 1520, "wall_seconds": 340.6525275550084, "seed_nodes": 6099161, "loss": 0.42543835639953614, "all_losses_finite": true}
[Step=1530] Wall=342.8405s | Loss=0.4707
[Profile] Avg ms/step | Load: 101.134 (Prep: 9.811, Struc: 1.261, Fetch: 90.062) | Fwd: 52.978 | Bwd: 64.914 | Opt: 0.695 | GPU_Tot: 209.910
[Autotune] {"version": 1, "step": 1530, "wall_seconds": 342.8404730129987, "seed_nodes": 6140121, "loss": 0.470737361907959, "all_losses_finite": true}
[Step=1540] Wall=345.0294s | Loss=0.4671
[Profile] Avg ms/step | Load: 101.109 (Prep: 9.749, Struc: 1.261, Fetch: 90.099) | Fwd: 52.985 | Bwd: 64.925 | Opt: 0.695 | GPU_Tot: 209.966
[Autotune] {"version": 1, "step": 1540, "wall_seconds": 345.02937381202355, "seed_nodes": 6181081, "loss": 0.46709380149841306, "all_losses_finite": true}
[Step=1550] Wall=347.2291s | Loss=0.4654
[Profile] Avg ms/step | Load: 101.095 (Prep: 9.687, Struc: 1.261, Fetch: 90.148) | Fwd: 52.992 | Bwd: 64.932 | Opt: 0.695 | GPU_Tot: 210.029
[Autotune] {"version": 1, "step": 1550, "wall_seconds": 347.2291020259727, "seed_nodes": 6222041, "loss": 0.46540241241455077, "all_losses_finite": true}
[Step=1560] Wall=349.3895s | Loss=0.4459
[Profile] Avg ms/step | Load: 101.056 (Prep: 9.632, Struc: 1.261, Fetch: 90.163) | Fwd: 52.998 | Bwd: 64.940 | Opt: 0.695 | GPU_Tot: 210.058
[Autotune] {"version": 1, "step": 1560, "wall_seconds": 349.3895098019857, "seed_nodes": 6263001, "loss": 0.44587116241455077, "all_losses_finite": true}
[Step=1570] Wall=351.6528s | Loss=0.4968
[Profile] Avg ms/step | Load: 101.161 (Prep: 9.840, Struc: 1.261, Fetch: 90.061) | Fwd: 52.971 | Bwd: 64.905 | Opt: 0.695 | GPU_Tot: 209.892
[Autotune] {"version": 1, "step": 1570, "wall_seconds": 351.6528118730057, "seed_nodes": 6299872, "loss": 0.4967512130737305, "all_losses_finite": true}
[Step=1580] Wall=353.8414s | Loss=0.4744
[Profile] Avg ms/step | Load: 101.135 (Prep: 9.779, Struc: 1.261, Fetch: 90.096) | Fwd: 52.979 | Bwd: 64.916 | Opt: 0.695 | GPU_Tot: 209.947
[Autotune] {"version": 1, "step": 1580, "wall_seconds": 353.8414351969841, "seed_nodes": 6340832, "loss": 0.47441587448120115, "all_losses_finite": true}
[Step=1590] Wall=355.9902s | Loss=0.4493
[Profile] Avg ms/step | Load: 101.087 (Prep: 9.718, Struc: 1.261, Fetch: 90.108) | Fwd: 52.986 | Bwd: 64.925 | Opt: 0.695 | GPU_Tot: 209.974
[Autotune] {"version": 1, "step": 1590, "wall_seconds": 355.99022688897094, "seed_nodes": 6381792, "loss": 0.44934892654418945, "all_losses_finite": true}
[Step=1600] Wall=358.1815s | Loss=0.4652
[Profile] Avg ms/step | Load: 101.065 (Prep: 9.659, Struc: 1.261, Fetch: 90.145) | Fwd: 52.993 | Bwd: 64.935 | Opt: 0.695 | GPU_Tot: 210.029
[Autotune] {"version": 1, "step": 1600, "wall_seconds": 358.1814656009665, "seed_nodes": 6422752, "loss": 0.4652080535888672, "all_losses_finite": true}
[Step=1610] Wall=360.3486s | Loss=0.4539
[Profile] Avg ms/step | Load: 101.026 (Prep: 9.605, Struc: 1.261, Fetch: 90.160) | Fwd: 53.000 | Bwd: 64.947 | Opt: 0.695 | GPU_Tot: 210.062
[Autotune] {"version": 1, "step": 1610, "wall_seconds": 360.34860866196686, "seed_nodes": 6463712, "loss": 0.4538738250732422, "all_losses_finite": true}
[Step=1620] Wall=362.6672s | Loss=0.5907
[Profile] Avg ms/step | Load: 101.157 (Prep: 9.831, Struc: 1.261, Fetch: 90.065) | Fwd: 52.974 | Bwd: 64.918 | Opt: 0.695 | GPU_Tot: 209.913
[Autotune] {"version": 1, "step": 1620, "wall_seconds": 362.66720267001074, "seed_nodes": 6500583, "loss": 0.5907059192657471, "all_losses_finite": true}
[Step=1630] Wall=364.8151s | Loss=0.6151
[Profile] Avg ms/step | Load: 101.108 (Prep: 9.772, Struc: 1.261, Fetch: 90.075) | Fwd: 52.981 | Bwd: 64.927 | Opt: 0.695 | GPU_Tot: 209.939
[Autotune] {"version": 1, "step": 1630, "wall_seconds": 364.8151322269696, "seed_nodes": 6541543, "loss": 0.61505126953125, "all_losses_finite": true}
[Step=1640] Wall=366.9648s | Loss=0.5439
[Profile] Avg ms/step | Load: 101.060 (Prep: 9.713, Struc: 1.261, Fetch: 90.085) | Fwd: 52.988 | Bwd: 64.938 | Opt: 0.695 | GPU_Tot: 209.967
[Autotune] {"version": 1, "step": 1640, "wall_seconds": 366.96481524797855, "seed_nodes": 6582503, "loss": 0.543853759765625, "all_losses_finite": true}
------------------------------------------------------------
Training Completed. Total Steps: 1640 (Active: 1600)
Avg Breakdown (ms): Load=101.060 [Prep:9.713, Struc:1.261, Fetch:90.085], Fwd=52.988, Bwd=64.938, Opt=0.695
------------------------------------------------------------
