$REPO_ROOT/.venv/lib/python3.11/site-packages/outdated/__init__.py:36: UserWarning: pkg_resources is deprecated as an API. See https://setuptools.pypa.io/en/latest/pkg_resources.html. The pkg_resources package is slated for removal as early as 2025-11-30. Refrain from using this package or pin to Setuptools<81.
  from pkg_resources import parse_version
[ddp] Single-process mode: device=cuda
[Info] Running in Single-Process mode (CPU or Single GPU).
[Info] Device: cuda
[GraphCache] Caching disabled (0 nodes).
[Step=0010] Wall=5.7979s | Loss=6.1082
[Profile] Avg ms/step | Load: 34.213 (Prep: 21.199, Struc: 0.392, Fetch: 12.623) | Fwd: 495.615 | Bwd: 43.342 | Opt: 4.256 | GPU_Tot: 556.228
[Autotune] {"version": 1, "step": 10, "wall_seconds": 5.79794267800753, "seed_nodes": 40960, "loss": 6.108232116699218, "all_losses_finite": true}
[Step=0020] Wall=6.0952s | Loss=3.2578
[Profile] Avg ms/step | Load: 22.444 (Prep: 10.623, Struc: 0.344, Fetch: 11.477) | Fwd: 252.121 | Bwd: 26.521 | Opt: 2.409 | GPU_Tot: 292.873
[Autotune] {"version": 1, "step": 20, "wall_seconds": 6.095167530991603, "seed_nodes": 81920, "loss": 3.257821273803711, "all_losses_finite": true}
[Step=0030] Wall=6.5003s | Loss=2.6623
[Profile] Avg ms/step | Load: 22.397 (Prep: 10.706, Struc: 0.328, Fetch: 11.364) | Fwd: 170.830 | Bwd: 20.759 | Opt: 1.795 | GPU_Tot: 205.076
[Autotune] {"version": 1, "step": 30, "wall_seconds": 6.500293935998343, "seed_nodes": 119613, "loss": 2.66231632232666, "all_losses_finite": true}
[Step=0040] Wall=6.7976s | Loss=2.2900
[Profile] Avg ms/step | Load: 0.000 (Prep: 0.000, Struc: 0.000, Fetch: 0.000) | Fwd: 0.000 | Bwd: 0.000 | Opt: 0.000 | GPU_Tot: 0.000
[Autotune] {"version": 1, "step": 40, "wall_seconds": 6.797636297997087, "seed_nodes": 160573, "loss": 2.2899925231933596, "all_losses_finite": true}
[Step=0050] Wall=7.1936s | Loss=2.0057
[Profile] Avg ms/step | Load: 21.463 (Prep: 9.918, Struc: 0.304, Fetch: 11.241) | Fwd: 8.208 | Bwd: 9.201 | Opt: 0.562 | GPU_Tot: 29.516
[Autotune] {"version": 1, "step": 50, "wall_seconds": 7.193550627009245, "seed_nodes": 198266, "loss": 2.005723762512207, "all_losses_finite": true}
[Step=0060] Wall=7.4918s | Loss=1.8323
[Profile] Avg ms/step | Load: 16.092 (Prep: 4.980, Struc: 0.299, Fetch: 10.813) | Fwd: 8.436 | Bwd: 9.468 | Opt: 0.556 | GPU_Tot: 29.573
[Autotune] {"version": 1, "step": 60, "wall_seconds": 7.491769593005301, "seed_nodes": 239226, "loss": 1.8323436737060548, "all_losses_finite": true}
[Step=0070] Wall=7.8354s | Loss=1.7075
[Profile] Avg ms/step | Load: 16.136 (Prep: 5.244, Struc: 0.296, Fetch: 10.595) | Fwd: 8.361 | Bwd: 9.380 | Opt: 0.560 | GPU_Tot: 29.193
[Autotune] {"version": 1, "step": 70, "wall_seconds": 7.8354331020091195, "seed_nodes": 276919, "loss": 1.7074575424194336, "all_losses_finite": true}
[Step=0080] Wall=8.1646s | Loss=1.5789
[Profile] Avg ms/step | Load: 15.556 (Prep: 4.076, Struc: 0.296, Fetch: 11.185) | Fwd: 8.437 | Bwd: 9.466 | Opt: 0.559 | GPU_Tot: 29.944
[Autotune] {"version": 1, "step": 80, "wall_seconds": 8.164631028019357, "seed_nodes": 317879, "loss": 1.5789108276367188, "all_losses_finite": true}
[Step=0090] Wall=8.4641s | Loss=1.4969
[Profile] Avg ms/step | Load: 14.609 (Prep: 3.271, Struc: 0.296, Fetch: 11.042) | Fwd: 8.485 | Bwd: 9.522 | Opt: 0.559 | GPU_Tot: 29.905
[Autotune] {"version": 1, "step": 90, "wall_seconds": 8.464138215000276, "seed_nodes": 358839, "loss": 1.496907615661621, "all_losses_finite": true}
[Step=0100] Wall=8.8609s | Loss=1.4401
[Profile] Avg ms/step | Load: 15.766 (Prep: 4.562, Struc: 0.297, Fetch: 10.907) | Fwd: 8.439 | Bwd: 9.468 | Opt: 0.560 | GPU_Tot: 29.670
[Autotune] {"version": 1, "step": 100, "wall_seconds": 8.86091956301243, "seed_nodes": 396532, "loss": 1.4400894165039062, "all_losses_finite": true}
[Step=0110] Wall=9.1589s | Loss=1.3801
[Profile] Avg ms/step | Load: 15.036 (Prep: 3.917, Struc: 0.297, Fetch: 10.822) | Fwd: 8.474 | Bwd: 9.508 | Opt: 0.559 | GPU_Tot: 29.660
[Autotune] {"version": 1, "step": 110, "wall_seconds": 9.158852743013995, "seed_nodes": 437492, "loss": 1.3801223754882812, "all_losses_finite": true}
[Step=0120] Wall=9.5608s | Loss=1.3528
[Profile] Avg ms/step | Load: 15.898 (Prep: 4.590, Struc: 0.297, Fetch: 11.011) | Fwd: 8.446 | Bwd: 9.475 | Opt: 0.564 | GPU_Tot: 29.793
[Autotune] {"version": 1, "step": 120, "wall_seconds": 9.560806010005763, "seed_nodes": 475185, "loss": 1.3528297424316407, "all_losses_finite": true}
[Step=0130] Wall=9.8624s | Loss=1.3377
[Profile] Avg ms/step | Load: 15.361 (Prep: 4.085, Struc: 0.297, Fetch: 10.980) | Fwd: 8.470 | Bwd: 9.503 | Opt: 0.563 | GPU_Tot: 29.813
[Autotune] {"version": 1, "step": 130, "wall_seconds": 9.862431567016756, "seed_nodes": 516145, "loss": 1.3377470016479491, "all_losses_finite": true}
[Step=0140] Wall=10.2617s | Loss=1.2887
[Profile] Avg ms/step | Load: 15.996 (Prep: 4.697, Struc: 0.297, Fetch: 11.002) | Fwd: 8.447 | Bwd: 9.476 | Opt: 0.565 | GPU_Tot: 29.786
[Autotune] {"version": 1, "step": 140, "wall_seconds": 10.261652991990559, "seed_nodes": 553838, "loss": 1.2887131690979003, "all_losses_finite": true}
[Step=0150] Wall=10.5667s | Loss=1.2807
[Profile] Avg ms/step | Load: 15.578 (Prep: 4.275, Struc: 0.297, Fetch: 11.007) | Fwd: 8.467 | Bwd: 9.500 | Opt: 0.564 | GPU_Tot: 29.834
[Autotune] {"version": 1, "step": 150, "wall_seconds": 10.566711691004457, "seed_nodes": 594798, "loss": 1.2806763648986816, "all_losses_finite": true}
[Step=0160] Wall=10.8641s | Loss=1.2517
[Profile] Avg ms/step | Load: 15.168 (Prep: 3.922, Struc: 0.297, Fetch: 10.949) | Fwd: 8.483 | Bwd: 9.517 | Opt: 0.564 | GPU_Tot: 29.809
[Autotune] {"version": 1, "step": 160, "wall_seconds": 10.864093623997178, "seed_nodes": 635758, "loss": 1.2516754150390625, "all_losses_finite": true}
[Step=0170] Wall=11.2644s | Loss=1.2322
[Profile] Avg ms/step | Load: 15.680 (Prep: 4.368, Struc: 0.297, Fetch: 11.015) | Fwd: 8.464 | Bwd: 9.495 | Opt: 0.564 | GPU_Tot: 29.835
[Autotune] {"version": 1, "step": 170, "wall_seconds": 11.264425816014409, "seed_nodes": 673451, "loss": 1.2322015762329102, "all_losses_finite": true}
[Step=0180] Wall=11.5745s | Loss=1.2364
[Profile] Avg ms/step | Load: 15.410 (Prep: 4.060, Struc: 0.297, Fetch: 11.054) | Fwd: 8.479 | Bwd: 9.512 | Opt: 0.564 | GPU_Tot: 29.905
[Autotune] {"version": 1, "step": 180, "wall_seconds": 11.574538977001794, "seed_nodes": 714411, "loss": 1.236420249938965, "all_losses_finite": true}
[Step=0190] Wall=11.9917s | Loss=1.1965
[Profile] Avg ms/step | Load: 15.951 (Prep: 4.453, Struc: 0.296, Fetch: 11.201) | Fwd: 8.463 | Bwd: 9.492 | Opt: 0.565 | GPU_Tot: 30.018
[Autotune] {"version": 1, "step": 190, "wall_seconds": 11.991738723998424, "seed_nodes": 752104, "loss": 1.1965030670166015, "all_losses_finite": true}
[Step=0200] Wall=12.3097s | Loss=1.1963
[Profile] Avg ms/step | Load: 15.748 (Prep: 4.178, Struc: 0.297, Fetch: 11.273) | Fwd: 8.475 | Bwd: 9.506 | Opt: 0.565 | GPU_Tot: 30.116
[Autotune] {"version": 1, "step": 200, "wall_seconds": 12.309693921997678, "seed_nodes": 793064, "loss": 1.1963062286376953, "all_losses_finite": true}
[Step=0210] Wall=12.7335s | Loss=1.2077
[Profile] Avg ms/step | Load: 16.244 (Prep: 4.596, Struc: 0.296, Fetch: 11.352) | Fwd: 8.461 | Bwd: 9.489 | Opt: 0.566 | GPU_Tot: 30.164
[Autotune] {"version": 1, "step": 210, "wall_seconds": 12.733492778992513, "seed_nodes": 830757, "loss": 1.2077414512634277, "all_losses_finite": true}
[Step=0220] Wall=13.0437s | Loss=1.1805
[Profile] Avg ms/step | Load: 16.004 (Prep: 4.344, Struc: 0.296, Fetch: 11.365) | Fwd: 8.472 | Bwd: 9.502 | Opt: 0.565 | GPU_Tot: 30.201
[Autotune] {"version": 1, "step": 220, "wall_seconds": 13.043716318992665, "seed_nodes": 871717, "loss": 1.180464744567871, "all_losses_finite": true}
[Step=0230] Wall=13.3313s | Loss=1.1575
[Profile] Avg ms/step | Load: 15.721 (Prep: 4.117, Struc: 0.295, Fetch: 11.308) | Fwd: 8.459 | Bwd: 9.488 | Opt: 0.565 | GPU_Tot: 30.114
[Autotune] {"version": 1, "step": 230, "wall_seconds": 13.331326807005098, "seed_nodes": 909410, "loss": 1.1575456619262696, "all_losses_finite": true}
[Step=0240] Wall=13.7445s | Loss=1.1549
[Profile] Avg ms/step | Load: 16.044 (Prep: 4.393, Struc: 0.297, Fetch: 11.354) | Fwd: 8.469 | Bwd: 9.500 | Opt: 0.564 | GPU_Tot: 30.185
[Autotune] {"version": 1, "step": 240, "wall_seconds": 13.744451333011966, "seed_nodes": 950370, "loss": 1.154940700531006, "all_losses_finite": true}
[Step=0250] Wall=14.0409s | Loss=1.1541
[Profile] Avg ms/step | Load: 15.782 (Prep: 4.186, Struc: 0.297, Fetch: 11.300) | Fwd: 8.478 | Bwd: 9.511 | Opt: 0.564 | GPU_Tot: 30.150
[Autotune] {"version": 1, "step": 250, "wall_seconds": 14.040894992009271, "seed_nodes": 991330, "loss": 1.1540973663330079, "all_losses_finite": true}
[Step=0260] Wall=14.4399s | Loss=1.1381
[Profile] Avg ms/step | Load: 16.053 (Prep: 4.429, Struc: 0.296, Fetch: 11.328) | Fwd: 8.467 | Bwd: 9.497 | Opt: 0.564 | GPU_Tot: 30.153
[Autotune] {"version": 1, "step": 260, "wall_seconds": 14.439923628000543, "seed_nodes": 1029023, "loss": 1.1380590438842773, "all_losses_finite": true}
[Step=0270] Wall=14.7376s | Loss=1.1313
[Profile] Avg ms/step | Load: 15.819 (Prep: 4.238, Struc: 0.296, Fetch: 11.284) | Fwd: 8.476 | Bwd: 9.507 | Opt: 0.563 | GPU_Tot: 30.127
[Autotune] {"version": 1, "step": 270, "wall_seconds": 14.737558552995324, "seed_nodes": 1069983, "loss": 1.131254291534424, "all_losses_finite": true}
[Step=0280] Wall=15.1205s | Loss=1.1384
[Profile] Avg ms/step | Load: 15.998 (Prep: 4.416, Struc: 0.296, Fetch: 11.287) | Fwd: 8.465 | Bwd: 9.495 | Opt: 0.563 | GPU_Tot: 30.107
[Autotune] {"version": 1, "step": 280, "wall_seconds": 15.120539526018547, "seed_nodes": 1107676, "loss": 1.1384275436401368, "all_losses_finite": true}
[Step=0290] Wall=15.4303s | Loss=1.1286
[Profile] Avg ms/step | Load: 15.836 (Prep: 4.241, Struc: 0.296, Fetch: 11.299) | Fwd: 8.473 | Bwd: 9.504 | Opt: 0.562 | GPU_Tot: 30.134
[Autotune] {"version": 1, "step": 290, "wall_seconds": 15.4303498880181, "seed_nodes": 1148636, "loss": 1.1286352157592774, "all_losses_finite": true}
[Step=0300] Wall=15.7839s | Loss=1.1137
[Profile] Avg ms/step | Load: 15.885 (Prep: 4.293, Struc: 0.296, Fetch: 11.297) | Fwd: 8.465 | Bwd: 9.495 | Opt: 0.562 | GPU_Tot: 30.114
[Autotune] {"version": 1, "step": 300, "wall_seconds": 15.78392517400789, "seed_nodes": 1186329, "loss": 1.113701629638672, "all_losses_finite": true}
[Step=0310] Wall=16.1402s | Loss=1.1113
[Profile] Avg ms/step | Load: 15.909 (Prep: 4.319, Struc: 0.296, Fetch: 11.295) | Fwd: 8.472 | Bwd: 9.503 | Opt: 0.562 | GPU_Tot: 30.127
[Autotune] {"version": 1, "step": 310, "wall_seconds": 16.140210907004075, "seed_nodes": 1227289, "loss": 1.1112550735473632, "all_losses_finite": true}
[Step=0320] Wall=16.4377s | Loss=1.1032
[Profile] Avg ms/step | Load: 15.721 (Prep: 4.166, Struc: 0.296, Fetch: 11.260) | Fwd: 8.479 | Bwd: 9.511 | Opt: 0.561 | GPU_Tot: 30.106
[Autotune] {"version": 1, "step": 320, "wall_seconds": 16.43767734800349, "seed_nodes": 1268249, "loss": 1.1032310485839845, "all_losses_finite": true}
[Step=0330] Wall=16.8319s | Loss=1.0972
[Profile] Avg ms/step | Load: 15.912 (Prep: 4.349, Struc: 0.296, Fetch: 11.267) | Fwd: 8.470 | Bwd: 9.501 | Opt: 0.561 | GPU_Tot: 30.095
[Autotune] {"version": 1, "step": 330, "wall_seconds": 16.831938702991465, "seed_nodes": 1305942, "loss": 1.0972389221191405, "all_losses_finite": true}
[Step=0340] Wall=17.1300s | Loss=1.0974
[Profile] Avg ms/step | Load: 15.738 (Prep: 4.206, Struc: 0.296, Fetch: 11.237) | Fwd: 8.477 | Bwd: 9.509 | Opt: 0.561 | GPU_Tot: 30.079
[Autotune] {"version": 1, "step": 340, "wall_seconds": 17.1299719279923, "seed_nodes": 1346902, "loss": 1.0974361419677734, "all_losses_finite": true}
[Step=0350] Wall=17.5259s | Loss=1.0987
[Profile] Avg ms/step | Load: 15.921 (Prep: 4.330, Struc: 0.295, Fetch: 11.296) | Fwd: 8.469 | Bwd: 9.500 | Opt: 0.561 | GPU_Tot: 30.121
[Autotune] {"version": 1, "step": 350, "wall_seconds": 17.52590306699858, "seed_nodes": 1384595, "loss": 1.098666000366211, "all_losses_finite": true}
[Step=0360] Wall=17.8858s | Loss=1.0938
[Profile] Avg ms/step | Load: 15.952 (Prep: 4.196, Struc: 0.295, Fetch: 11.461) | Fwd: 8.475 | Bwd: 9.506 | Opt: 0.561 | GPU_Tot: 30.298
[Autotune] {"version": 1, "step": 360, "wall_seconds": 17.88576457599993, "seed_nodes": 1425555, "loss": 1.0938483238220216, "all_losses_finite": true}
[Step=0370] Wall=18.2695s | Loss=1.0673
[Profile] Avg ms/step | Load: 16.081 (Prep: 4.283, Struc: 0.295, Fetch: 11.503) | Fwd: 8.467 | Bwd: 9.498 | Opt: 0.561 | GPU_Tot: 30.324
[Autotune] {"version": 1, "step": 370, "wall_seconds": 18.269544273993233, "seed_nodes": 1463248, "loss": 1.0673352241516114, "all_losses_finite": true}
[Step=0380] Wall=18.5921s | Loss=1.0763
[Profile] Avg ms/step | Load: 15.995 (Prep: 4.206, Struc: 0.295, Fetch: 11.493) | Fwd: 8.473 | Bwd: 9.505 | Opt: 0.561 | GPU_Tot: 30.327
[Autotune] {"version": 1, "step": 380, "wall_seconds": 18.592076005006675, "seed_nodes": 1504208, "loss": 1.0763200759887694, "all_losses_finite": true}
[Step=0390] Wall=18.8904s | Loss=1.0700
[Profile] Avg ms/step | Load: 15.844 (Prep: 4.087, Struc: 0.295, Fetch: 11.461) | Fwd: 8.479 | Bwd: 9.511 | Opt: 0.561 | GPU_Tot: 30.307
[Autotune] {"version": 1, "step": 390, "wall_seconds": 18.89043410299928, "seed_nodes": 1545168, "loss": 1.0700209617614747, "all_losses_finite": true}
[Step=0400] Wall=19.2836s | Loss=1.0701
[Profile] Avg ms/step | Load: 15.992 (Prep: 4.247, Struc: 0.296, Fetch: 11.449) | Fwd: 8.472 | Bwd: 9.503 | Opt: 0.561 | GPU_Tot: 30.280
[Autotune] {"version": 1, "step": 400, "wall_seconds": 19.28355684399139, "seed_nodes": 1582861, "loss": 1.0700919151306152, "all_losses_finite": true}
[Step=0410] Wall=19.5822s | Loss=1.0687
[Profile] Avg ms/step | Load: 15.851 (Prep: 4.134, Struc: 0.296, Fetch: 11.422) | Fwd: 8.476 | Bwd: 9.509 | Opt: 0.560 | GPU_Tot: 30.263
[Autotune] {"version": 1, "step": 410, "wall_seconds": 19.5822486160032, "seed_nodes": 1623821, "loss": 1.068701934814453, "all_losses_finite": true}
[Step=0420] Wall=20.0266s | Loss=1.0718
[Profile] Avg ms/step | Load: 16.126 (Prep: 4.448, Struc: 0.296, Fetch: 11.382) | Fwd: 8.470 | Bwd: 9.502 | Opt: 0.560 | GPU_Tot: 30.209
[Autotune] {"version": 1, "step": 420, "wall_seconds": 20.02655687299557, "seed_nodes": 1661514, "loss": 1.0717737197875976, "all_losses_finite": true}
[Step=0430] Wall=20.3237s | Loss=1.0596
[Profile] Avg ms/step | Load: 15.985 (Prep: 4.335, Struc: 0.296, Fetch: 11.355) | Fwd: 8.474 | Bwd: 9.507 | Opt: 0.560 | GPU_Tot: 30.191
[Autotune] {"version": 1, "step": 430, "wall_seconds": 20.323719829000765, "seed_nodes": 1702474, "loss": 1.0595748901367188, "all_losses_finite": true}
[Step=0440] Wall=20.7355s | Loss=1.0623
[Profile] Avg ms/step | Load: 16.158 (Prep: 4.510, Struc: 0.295, Fetch: 11.353) | Fwd: 8.469 | Bwd: 9.501 | Opt: 0.560 | GPU_Tot: 30.178
[Autotune] {"version": 1, "step": 440, "wall_seconds": 20.73548927801312, "seed_nodes": 1740167, "loss": 1.0622543334960937, "all_losses_finite": true}
[Step=0450] Wall=21.0343s | Loss=1.0540
[Profile] Avg ms/step | Load: 16.028 (Prep: 4.401, Struc: 0.295, Fetch: 11.331) | Fwd: 8.474 | Bwd: 9.506 | Opt: 0.560 | GPU_Tot: 30.166
[Autotune] {"version": 1, "step": 450, "wall_seconds": 21.034251567994943, "seed_nodes": 1781127, "loss": 1.0539774894714355, "all_losses_finite": true}
[Step=0460] Wall=21.3174s | Loss=1.0385
[Profile] Avg ms/step | Load: 15.888 (Prep: 4.297, Struc: 0.295, Fetch: 11.295) | Fwd: 8.468 | Bwd: 9.500 | Opt: 0.560 | GPU_Tot: 30.117
[Autotune] {"version": 1, "step": 460, "wall_seconds": 21.31738985000993, "seed_nodes": 1818820, "loss": 1.0384981155395507, "all_losses_finite": true}
[Step=0470] Wall=21.7789s | Loss=1.0470
[Profile] Avg ms/step | Load: 16.148 (Prep: 4.549, Struc: 0.295, Fetch: 11.304) | Fwd: 8.472 | Bwd: 9.505 | Opt: 0.560 | GPU_Tot: 30.135
[Autotune] {"version": 1, "step": 470, "wall_seconds": 21.778882959013572, "seed_nodes": 1859780, "loss": 1.046971035003662, "all_losses_finite": true}
[Step=0480] Wall=22.0779s | Loss=1.0426
[Profile] Avg ms/step | Load: 16.026 (Prep: 4.447, Struc: 0.295, Fetch: 11.284) | Fwd: 8.476 | Bwd: 9.510 | Opt: 0.559 | GPU_Tot: 30.125
[Autotune] {"version": 1, "step": 480, "wall_seconds": 22.07785945100477, "seed_nodes": 1900740, "loss": 1.042590045928955, "all_losses_finite": true}
[Step=0490] Wall=22.4833s | Loss=1.0363
[Profile] Avg ms/step | Load: 16.166 (Prep: 4.584, Struc: 0.295, Fetch: 11.287) | Fwd: 8.471 | Bwd: 9.504 | Opt: 0.560 | GPU_Tot: 30.117
[Autotune] {"version": 1, "step": 490, "wall_seconds": 22.483296601014445, "seed_nodes": 1938433, "loss": 1.0363380432128906, "all_losses_finite": true}
[Step=0500] Wall=22.7824s | Loss=1.0391
[Profile] Avg ms/step | Load: 16.049 (Prep: 4.485, Struc: 0.295, Fetch: 11.268) | Fwd: 8.475 | Bwd: 9.509 | Opt: 0.560 | GPU_Tot: 30.108
[Autotune] {"version": 1, "step": 500, "wall_seconds": 22.782352195004933, "seed_nodes": 1979393, "loss": 1.0391245841979981, "all_losses_finite": true}
[Step=0510] Wall=23.1814s | Loss=1.0150
[Profile] Avg ms/step | Load: 16.169 (Prep: 4.613, Struc: 0.295, Fetch: 11.261) | Fwd: 8.470 | Bwd: 9.503 | Opt: 0.560 | GPU_Tot: 30.090
[Autotune] {"version": 1, "step": 510, "wall_seconds": 23.18142982100835, "seed_nodes": 2017086, "loss": 1.0149665832519532, "all_losses_finite": true}
[Step=0520] Wall=23.4822s | Loss=1.0333
[Profile] Avg ms/step | Load: 16.062 (Prep: 4.518, Struc: 0.295, Fetch: 11.248) | Fwd: 8.474 | Bwd: 9.508 | Opt: 0.560 | GPU_Tot: 30.085
[Autotune] {"version": 1, "step": 520, "wall_seconds": 23.482204697007546, "seed_nodes": 2058046, "loss": 1.0333367347717286, "all_losses_finite": true}
[Step=0530] Wall=23.8290s | Loss=1.0356
[Profile] Avg ms/step | Load: 16.070 (Prep: 4.549, Struc: 0.295, Fetch: 11.226) | Fwd: 8.469 | Bwd: 9.502 | Opt: 0.560 | GPU_Tot: 30.052
[Autotune] {"version": 1, "step": 530, "wall_seconds": 23.82901020999998, "seed_nodes": 2095739, "loss": 1.0355570793151856, "all_losses_finite": true}
[Step=0540] Wall=24.1768s | Loss=1.0193
[Profile] Avg ms/step | Load: 16.063 (Prep: 4.542, Struc: 0.295, Fetch: 11.226) | Fwd: 8.473 | Bwd: 9.506 | Opt: 0.560 | GPU_Tot: 30.060
[Autotune] {"version": 1, "step": 540, "wall_seconds": 24.176811170997098, "seed_nodes": 2136699, "loss": 1.0192960739135741, "all_losses_finite": true}
[Step=0550] Wall=24.4835s | Loss=1.0286
[Profile] Avg ms/step | Load: 15.974 (Prep: 4.453, Struc: 0.296, Fetch: 11.225) | Fwd: 8.477 | Bwd: 9.511 | Opt: 0.560 | GPU_Tot: 30.069
[Autotune] {"version": 1, "step": 550, "wall_seconds": 24.483506451011635, "seed_nodes": 2177659, "loss": 1.0285776138305665, "all_losses_finite": true}
[Step=0560] Wall=24.8863s | Loss=1.0313
[Profile] Avg ms/step | Load: 16.092 (Prep: 4.529, Struc: 0.296, Fetch: 11.267) | Fwd: 8.472 | Bwd: 9.505 | Opt: 0.560 | GPU_Tot: 30.101
[Autotune] {"version": 1, "step": 560, "wall_seconds": 24.886286994005786, "seed_nodes": 2215352, "loss": 1.0313257217407226, "all_losses_finite": true}
[Step=0570] Wall=25.1866s | Loss=1.0082
[Profile] Avg ms/step | Load: 15.995 (Prep: 4.444, Struc: 0.296, Fetch: 11.255) | Fwd: 8.476 | Bwd: 9.509 | Opt: 0.560 | GPU_Tot: 30.096
[Autotune] {"version": 1, "step": 570, "wall_seconds": 25.186613311001565, "seed_nodes": 2256312, "loss": 1.0081584930419922, "all_losses_finite": true}
[Step=0580] Wall=25.5835s | Loss=1.0081
[Profile] Avg ms/step | Load: 16.096 (Prep: 4.519, Struc: 0.296, Fetch: 11.282) | Fwd: 8.471 | Bwd: 9.504 | Opt: 0.561 | GPU_Tot: 30.113
[Autotune] {"version": 1, "step": 580, "wall_seconds": 25.58349193300819, "seed_nodes": 2294005, "loss": 1.008131217956543, "all_losses_finite": true}
[Step=0590] Wall=25.8849s | Loss=0.9928
[Profile] Avg ms/step | Load: 16.004 (Prep: 4.437, Struc: 0.296, Fetch: 11.271) | Fwd: 8.475 | Bwd: 9.508 | Opt: 0.561 | GPU_Tot: 30.110
[Autotune] {"version": 1, "step": 590, "wall_seconds": 25.884927551000146, "seed_nodes": 2334965, "loss": 0.9927770614624023, "all_losses_finite": true}
[Step=0600] Wall=26.2576s | Loss=1.0058
[Profile] Avg ms/step | Load: 16.058 (Prep: 4.492, Struc: 0.296, Fetch: 11.270) | Fwd: 8.471 | Bwd: 9.504 | Opt: 0.561 | GPU_Tot: 30.101
[Autotune] {"version": 1, "step": 600, "wall_seconds": 26.257595499017043, "seed_nodes": 2372658, "loss": 1.0058183670043945, "all_losses_finite": true}
[Step=0610] Wall=26.5762s | Loss=1.0125
[Profile] Avg ms/step | Load: 16.000 (Prep: 4.439, Struc: 0.296, Fetch: 11.265) | Fwd: 8.475 | Bwd: 9.508 | Opt: 0.561 | GPU_Tot: 30.104
[Autotune] {"version": 1, "step": 610, "wall_seconds": 26.5762375020131, "seed_nodes": 2413618, "loss": 1.012498664855957, "all_losses_finite": true}
[Step=0620] Wall=26.8750s | Loss=1.0018
[Profile] Avg ms/step | Load: 15.910 (Prep: 4.363, Struc: 0.296, Fetch: 11.251) | Fwd: 8.478 | Bwd: 9.511 | Opt: 0.561 | GPU_Tot: 30.097
[Autotune] {"version": 1, "step": 620, "wall_seconds": 26.87499201099854, "seed_nodes": 2454578, "loss": 1.001779556274414, "all_losses_finite": true}
[Step=0630] Wall=27.2686s | Loss=1.0115
[Profile] Avg ms/step | Load: 16.000 (Prep: 4.451, Struc: 0.296, Fetch: 11.253) | Fwd: 8.473 | Bwd: 9.506 | Opt: 0.561 | GPU_Tot: 30.089
[Autotune] {"version": 1, "step": 630, "wall_seconds": 27.268560054013506, "seed_nodes": 2492271, "loss": 1.0114664077758788, "all_losses_finite": true}
[Step=0640] Wall=27.5687s | Loss=0.9993
[Profile] Avg ms/step | Load: 15.915 (Prep: 4.378, Struc: 0.296, Fetch: 11.241) | Fwd: 8.477 | Bwd: 9.510 | Opt: 0.560 | GPU_Tot: 30.084
[Autotune] {"version": 1, "step": 640, "wall_seconds": 27.568661063007312, "seed_nodes": 2533231, "loss": 0.9992823600769043, "all_losses_finite": true}
[Step=0650] Wall=27.9340s | Loss=0.9986
[Profile] Avg ms/step | Load: 15.955 (Prep: 4.420, Struc: 0.296, Fetch: 11.239) | Fwd: 8.473 | Bwd: 9.505 | Opt: 0.561 | GPU_Tot: 30.073
[Autotune] {"version": 1, "step": 650, "wall_seconds": 27.933962201990653, "seed_nodes": 2570924, "loss": 0.9986312866210938, "all_losses_finite": true}
[Step=0660] Wall=28.2344s | Loss=0.9975
[Profile] Avg ms/step | Load: 15.874 (Prep: 4.350, Struc: 0.296, Fetch: 11.228) | Fwd: 8.476 | Bwd: 9.509 | Opt: 0.561 | GPU_Tot: 30.069
[Autotune] {"version": 1, "step": 660, "wall_seconds": 28.23438755600364, "seed_nodes": 2611884, "loss": 0.9975090980529785, "all_losses_finite": true}
[Step=0670] Wall=28.6366s | Loss=0.9901
[Profile] Avg ms/step | Load: 15.970 (Prep: 4.452, Struc: 0.296, Fetch: 11.222) | Fwd: 8.472 | Bwd: 9.505 | Opt: 0.561 | GPU_Tot: 30.056
[Autotune] {"version": 1, "step": 670, "wall_seconds": 28.63660390401492, "seed_nodes": 2649577, "loss": 0.9901342391967773, "all_losses_finite": true}
[Step=0680] Wall=28.9370s | Loss=0.9854
[Profile] Avg ms/step | Load: 15.892 (Prep: 4.383, Struc: 0.296, Fetch: 11.213) | Fwd: 8.475 | Bwd: 9.508 | Opt: 0.561 | GPU_Tot: 30.053
[Autotune] {"version": 1, "step": 680, "wall_seconds": 28.93697819299996, "seed_nodes": 2690537, "loss": 0.985443115234375, "all_losses_finite": true}
[Step=0690] Wall=29.2218s | Loss=0.9912
[Profile] Avg ms/step | Load: 15.806 (Prep: 4.316, Struc: 0.296, Fetch: 11.194) | Fwd: 8.472 | Bwd: 9.504 | Opt: 0.561 | GPU_Tot: 30.026
[Autotune] {"version": 1, "step": 690, "wall_seconds": 29.22179386400967, "seed_nodes": 2728230, "loss": 0.9912485122680664, "all_losses_finite": true}
[Step=0700] Wall=29.6354s | Loss=0.9854
[Profile] Avg ms/step | Load: 15.903 (Prep: 4.389, Struc: 0.296, Fetch: 11.219) | Fwd: 8.475 | Bwd: 9.507 | Opt: 0.561 | GPU_Tot: 30.058
[Autotune] {"version": 1, "step": 700, "wall_seconds": 29.635376916005043, "seed_nodes": 2769190, "loss": 0.9854269981384277, "all_losses_finite": true}
[Step=0710] Wall=29.9342s | Loss=0.9835
[Profile] Avg ms/step | Load: 15.827 (Prep: 4.324, Struc: 0.296, Fetch: 11.207) | Fwd: 8.478 | Bwd: 9.511 | Opt: 0.561 | GPU_Tot: 30.052
[Autotune] {"version": 1, "step": 710, "wall_seconds": 29.934237494016998, "seed_nodes": 2810150, "loss": 0.9834677696228027, "all_losses_finite": true}
[Step=0720] Wall=30.3379s | Loss=0.9806
[Profile] Avg ms/step | Load: 15.920 (Prep: 4.392, Struc: 0.296, Fetch: 11.232) | Fwd: 8.474 | Bwd: 9.507 | Opt: 0.561 | GPU_Tot: 30.069
[Autotune] {"version": 1, "step": 720, "wall_seconds": 30.337898738012882, "seed_nodes": 2847843, "loss": 0.9806081771850585, "all_losses_finite": true}
[Step=0730] Wall=30.6436s | Loss=0.9752
[Profile] Avg ms/step | Load: 15.854 (Prep: 4.329, Struc: 0.296, Fetch: 11.229) | Fwd: 8.477 | Bwd: 9.510 | Opt: 0.561 | GPU_Tot: 30.074
[Autotune] {"version": 1, "step": 730, "wall_seconds": 30.64356392301852, "seed_nodes": 2888803, "loss": 0.975220012664795, "all_losses_finite": true}
[Step=0740] Wall=31.0381s | Loss=0.9758
[Profile] Avg ms/step | Load: 15.932 (Prep: 4.395, Struc: 0.296, Fetch: 11.241) | Fwd: 8.474 | Bwd: 9.506 | Opt: 0.561 | GPU_Tot: 30.078
[Autotune] {"version": 1, "step": 740, "wall_seconds": 31.038090754998848, "seed_nodes": 2926496, "loss": 0.9758399963378906, "all_losses_finite": true}
[Step=0750] Wall=31.3457s | Loss=0.9760
[Profile] Avg ms/step | Load: 15.871 (Prep: 4.334, Struc: 0.296, Fetch: 11.241) | Fwd: 8.477 | Bwd: 9.509 | Opt: 0.561 | GPU_Tot: 30.085
[Autotune] {"version": 1, "step": 750, "wall_seconds": 31.3456735490181, "seed_nodes": 2967456, "loss": 0.9759765625, "all_losses_finite": true}
[Step=0760] Wall=31.7040s | Loss=0.9814
[Profile] Avg ms/step | Load: 15.896 (Prep: 4.352, Struc: 0.296, Fetch: 11.248) | Fwd: 8.473 | Bwd: 9.505 | Opt: 0.561 | GPU_Tot: 30.084
[Autotune] {"version": 1, "step": 760, "wall_seconds": 31.70397254600539, "seed_nodes": 3005149, "loss": 0.9813508033752442, "all_losses_finite": true}
[Step=0770] Wall=32.0566s | Loss=0.9683
[Profile] Avg ms/step | Load: 15.899 (Prep: 4.346, Struc: 0.296, Fetch: 11.257) | Fwd: 8.476 | Bwd: 9.509 | Opt: 0.562 | GPU_Tot: 30.099
[Autotune] {"version": 1, "step": 770, "wall_seconds": 32.056649559992366, "seed_nodes": 3046109, "loss": 0.9683319091796875, "all_losses_finite": true}
[Step=0780] Wall=32.3572s | Loss=0.9615
[Profile] Avg ms/step | Load: 15.832 (Prep: 4.288, Struc: 0.296, Fetch: 11.248) | Fwd: 8.479 | Bwd: 9.512 | Opt: 0.562 | GPU_Tot: 30.096
[Autotune] {"version": 1, "step": 780, "wall_seconds": 32.35718922299566, "seed_nodes": 3087069, "loss": 0.9615477561950684, "all_losses_finite": true}
[Step=0790] Wall=32.7679s | Loss=0.9828
[Profile] Avg ms/step | Load: 15.926 (Prep: 4.384, Struc: 0.296, Fetch: 11.246) | Fwd: 8.476 | Bwd: 9.508 | Opt: 0.562 | GPU_Tot: 30.087
[Autotune] {"version": 1, "step": 790, "wall_seconds": 32.767882882006234, "seed_nodes": 3124762, "loss": 0.9828310966491699, "all_losses_finite": true}
[Step=0800] Wall=33.0690s | Loss=0.9717
[Profile] Avg ms/step | Load: 15.860 (Prep: 4.327, Struc: 0.296, Fetch: 11.238) | Fwd: 8.478 | Bwd: 9.511 | Opt: 0.562 | GPU_Tot: 30.085
[Autotune] {"version": 1, "step": 800, "wall_seconds": 33.06896149701788, "seed_nodes": 3165722, "loss": 0.9716720581054688, "all_losses_finite": true}
[Step=0810] Wall=33.4732s | Loss=0.9650
[Profile] Avg ms/step | Load: 15.943 (Prep: 4.408, Struc: 0.296, Fetch: 11.240) | Fwd: 8.475 | Bwd: 9.507 | Opt: 0.562 | GPU_Tot: 30.080
[Autotune] {"version": 1, "step": 810, "wall_seconds": 33.47319291700842, "seed_nodes": 3203415, "loss": 0.964967155456543, "all_losses_finite": true}
[Step=0820] Wall=33.7739s | Loss=0.9641
[Profile] Avg ms/step | Load: 15.880 (Prep: 4.352, Struc: 0.296, Fetch: 11.232) | Fwd: 8.478 | Bwd: 9.510 | Opt: 0.562 | GPU_Tot: 30.077
[Autotune] {"version": 1, "step": 820, "wall_seconds": 33.77392544900067, "seed_nodes": 3244375, "loss": 0.9640672683715821, "all_losses_finite": true}
[Step=0830] Wall=34.1877s | Loss=0.9705
[Profile] Avg ms/step | Load: 15.972 (Prep: 4.446, Struc: 0.296, Fetch: 11.230) | Fwd: 8.475 | Bwd: 9.507 | Opt: 0.562 | GPU_Tot: 30.069
[Autotune] {"version": 1, "step": 830, "wall_seconds": 34.18772851501126, "seed_nodes": 3282068, "loss": 0.9704927444458008, "all_losses_finite": true}
[Step=0840] Wall=34.4890s | Loss=0.9665
[Profile] Avg ms/step | Load: 15.910 (Prep: 4.391, Struc: 0.296, Fetch: 11.223) | Fwd: 8.477 | Bwd: 9.509 | Opt: 0.562 | GPU_Tot: 30.067
[Autotune] {"version": 1, "step": 840, "wall_seconds": 34.489002781017916, "seed_nodes": 3323028, "loss": 0.9665365219116211, "all_losses_finite": true}
------------------------------------------------------------
Training Completed. Total Steps: 840 (Active: 800)
Avg Breakdown (ms): Load=15.910 [Prep:4.391, Struc:0.296, Fetch:11.223], Fwd=8.477, Bwd=9.509, Opt=0.562
------------------------------------------------------------
