2026-09-18 13:37:31,992 INFO:   Current Working Directory: $REPO_ROOT
2026-09-18 13:37:31,992 INFO:   Running command: $REPO_ROOT/src/cerebras/modelzoo/cli/main.py fit $REPO_ROOT/model_dirs/non_gnn/campaign_csx_20260918_133713_5bbf7dfa/llama3p2_1b_msl2048/params.yaml --target_device CSX --model_dir $REPO_ROOT/model_dirs/non_gnn/campaign_csx_20260918_133713_5bbf7dfa/llama3p2_1b_msl2048
$REPO_ROOT/src/cerebras/modelzoo/config/utils.py:175: UserWarning: Pydantic serializer warnings:
  PydanticSerializationUnexpectedValue(Defaulting to left to right union serialization - failed to get discriminator value for tagged union serialization [input_value=GptHDF5MapDataProcessor(c...size=None, repeat=None)), input_type=GptHDF5MapDataProcessor])
  serialized = handler(self)
$REPO_ROOT/src/cerebras/modelzoo/trainer/validate.py:549: UserWarning: Pydantic serializer warnings:
  PydanticSerializationUnexpectedValue(Defaulting to left to right union serialization - failed to get discriminator value for tagged union serialization [input_value=GptHDF5MapDataProcessor(c...size=None, repeat=None)), input_type=GptHDF5MapDataProcessor])
  serialized = handler(self)
2026-09-18 13:37:33,051 INFO:   Connectivity check: running command: ping -c 1 -W 3 10.125.8.2
2026-09-18 13:37:33,055 INFO:   Connectivity check succeeded.
2026-09-18 13:37:33,141 INFO:   Appliance client semantic version: 1.14.0, cluster server semantic version: 1.20.2, job operator semantic version: 1.20.2
2026-09-18 13:37:33,144 INFO:   Successfully initialized workflow with id: wflow-6y5puxemmtzkdyqp6qvxgg
2026-09-18 13:37:33,145 INFO:   No checkpoint was provided. Using randomly initialized model parameters.
2026-09-18 13:37:33,152 INFO:   ===========================================================================
2026-09-18 13:37:33,152 INFO:   Trainer Fit Summary
2026-09-18 13:37:33,152 INFO:   ---------------------------------------------------------------------------
2026-09-18 13:37:33,152 INFO:   Trainer will run 1 train loop.
2026-09-18 13:37:33,152 INFO:   
2026-09-18 13:37:33,152 INFO:   Train steps per train loop:
2026-09-18 13:37:33,152 INFO:   * 1 loop of 200 steps
2026-09-18 13:37:33,153 INFO:   for a total of 200 train steps.
2026-09-18 13:37:33,153 INFO:   
2026-09-18 13:37:33,153 INFO:   Progress will be logged every step.
2026-09-18 13:37:33,153 INFO:   ===========================================================================
2026-09-18 13:37:33,153 INFO:   ---------------------------------------------------------------------------
2026-09-18 13:37:33,153 INFO:   Starting train loop 1 of 1, from global step 1 to 200 (200 steps)
2026-09-18 13:37:33,153 INFO:   ---------------------------------------------------------------------------
2026-09-18 13:37:43,306 INFO:   Compiling the model. This may take a few minutes.
2026-09-18 13:37:43,307 INFO:   Connectivity check: running command: ping -c 1 -W 3 10.125.8.2
2026-09-18 13:37:43,316 INFO:   Connectivity check succeeded.
2026-09-18 13:37:43,335 INFO:   Appliance client semantic version: 1.14.0, cluster server semantic version: 1.20.2, job operator semantic version: 1.20.2
2026-09-18 13:37:44,594 INFO:   Initiating a new image build job against the cluster server.
2026-09-18 13:37:44,603 INFO:   Job id: imgjob-2517af973879c5fa6a0b067b391e84b4, workflow id: wflow-6y5puxemmtzkdyqp6qvxgg, namespace: job-operator, remote log path: /n1/wsjob/workdir/job-operator/imgjob-2517af973879c5fa6a0b067b391e84b4
2026-09-18 13:37:44,608 INFO:   Connectivity check: running command: ping -c 1 -W 3 10.125.8.2
2026-09-18 13:37:44,613 INFO:   Connectivity check succeeded.
2026-09-18 13:37:44,626 INFO:   Appliance client semantic version: 1.14.0, cluster server semantic version: 1.20.2, job operator semantic version: 1.20.2
2026-09-18 13:37:44,648 INFO:   Initiating a new compile wsjob against the cluster server.
2026-09-18 13:37:44,669 INFO:   Job id: wsjob-te4e63wywkfg8t3m9kmcjt, workflow id: wflow-6y5puxemmtzkdyqp6qvxgg, namespace: job-operator, remote log path: /n1/wsjob/workdir/job-operator/wsjob-te4e63wywkfg8t3m9kmcjt
2026-09-18 13:38:04,670 INFO:   Poll ingress status: Waiting for job to be scheduled, current job status: Queueing, msg: job queueing to be scheduled. Job queue status: 5 compile job(s) queued before current job. For more information, please run 'csctl get job wsjob-te4e63wywkfg8t3m9kmcjt --pending-status'.
2026-09-18 13:46:34,674 INFO:   Poll ingress status: Waiting for job to be scheduled, current job status: Queueing, msg: job queueing to be scheduled. Job queue status: 4 compile job(s) queued before current job. For more information, please run 'csctl get job wsjob-te4e63wywkfg8t3m9kmcjt --pending-status'.
2026-09-18 13:56:34,679 INFO:   Poll ingress status: Waiting for job to be scheduled, current job status: Queueing, msg: job queueing to be scheduled. Job queue status: 4 compile job(s) queued before current job. For more information, please run 'csctl get job wsjob-te4e63wywkfg8t3m9kmcjt --pending-status'.
2026-09-18 14:06:34,684 INFO:   Poll ingress status: Waiting for job to be scheduled, current job status: Queueing, msg: job queueing to be scheduled. Job queue status: 4 compile job(s) queued before current job. For more information, please run 'csctl get job wsjob-te4e63wywkfg8t3m9kmcjt --pending-status'.
2026-09-18 14:13:44,688 INFO:   Poll ingress status: Waiting for job to be scheduled, current job status: Queueing, msg: job queueing to be scheduled. Job queue status: 2 compile job(s) queued before current job. For more information, please run 'csctl get job wsjob-te4e63wywkfg8t3m9kmcjt --pending-status'.
2026-09-18 14:14:34,689 INFO:   Poll ingress status: Waiting for job to be scheduled, current job status: Queueing, msg: job queueing to be scheduled. Job queue status: 3 compile job(s) queued before current job. For more information, please run 'csctl get job wsjob-te4e63wywkfg8t3m9kmcjt --pending-status'.
2026-09-18 14:14:44,689 INFO:   Poll ingress status: Waiting for job to be scheduled, current job status: Queueing, msg: job queueing to be scheduled. Job queue status: 2 compile job(s) queued before current job. For more information, please run 'csctl get job wsjob-te4e63wywkfg8t3m9kmcjt --pending-status'.
2026-09-18 14:15:34,689 INFO:   Poll ingress status: Waiting for job to be scheduled, current job status: Queueing, msg: job queueing to be scheduled. Job queue status: 4 compile job(s) queued before current job. For more information, please run 'csctl get job wsjob-te4e63wywkfg8t3m9kmcjt --pending-status'.
2026-09-18 14:15:44,690 INFO:   Poll ingress status: Waiting for all Coordinator pods to be running, current running: 0/1.
2026-09-18 14:15:44,692 INFO:   Recording the timestamp when jobs is scheduled.
2026-09-18 14:15:44,711 WARNING:   Event 2026-09-18 14:15:26 +0000 UTC reason=InconsistentVersion wsjob=wsjob-te4e63wywkfg8t3m9kmcjt message='Warning: client semantic version 1.14.0 is inconsistent with cluster server semantic version 1.20.2, there's a risk job could fail due to inconsistent setup.'
2026-09-18 14:15:54,711 INFO:   Poll ingress status: Waiting for job ingress readiness.
2026-09-18 14:16:04,720 INFO:   Poll ingress status: Job ingress ready, dashboard: <internal-dashboard-url>
2026-09-18 14:16:04,729 INFO:   Poll ingress success: Job ingress ready, dashboard: <internal-dashboard-url>
2026-09-18 14:16:04,738 INFO:   Finalizing out-of-cluster job handle with ingress service url: 
2026-09-18 14:16:04,738 WARNING:   Empty ingress service url. Falling back to default server: 10.125.8.2:443
2026-09-18 14:16:05,096 INFO:   Found existing cached compile with hash: "cs_9975257739266415557"
2026-09-18 14:16:07,778 INFO:   Using power profile none

2026-09-18 14:16:07,796 INFO:   Compile artifacts successfully written to remote compile directory. Compile hash is: cs_9975257739266415557
2026-09-18 14:16:14,905 ERROR:   Image build job imgjob-2517af973879c5fa6a0b067b391e84b4 failed. Please check the error log in $REPO_ROOT/model_dirs/non_gnn/campaign_csx_20260918_133713_5bbf7dfa/llama3p2_1b_msl2048/cerebras_logs/20260918_133731/executors/000001/custom_worker_build.out. 
2026-09-18 14:16:14,905 INFO:   Falling back to venv mounting.
2026-09-18 14:16:14,908 INFO:   Compile was successful!
2026-09-18 14:16:14,908 INFO:   Programming Cerebras Wafer Scale Cluster for execution. This may take a few minutes.
2026-09-18 14:16:16,917 INFO:   Connectivity check: running command: ping -c 1 -W 3 10.125.8.2
2026-09-18 14:16:16,923 INFO:   Connectivity check succeeded.
2026-09-18 14:16:16,941 INFO:   Appliance client semantic version: 1.14.0, cluster server semantic version: 1.20.2, job operator semantic version: 1.20.2
2026-09-18 14:16:16,943 INFO:   Initiating a new execute wsjob against the cluster server.
2026-09-18 14:16:16,983 INFO:   Job id: wsjob-f6wbbetk2hwf4uxbdokre2, workflow id: wflow-6y5puxemmtzkdyqp6qvxgg, namespace: job-operator, remote log path: /n1/wsjob/workdir/job-operator/wsjob-f6wbbetk2hwf4uxbdokre2
2026-09-18 14:16:36,983 INFO:   Poll ingress status: Waiting for job to be scheduled, current job status: Queueing, msg: job queueing to be scheduled. Job queue status: 4 execute job(s) queued before current job. For more information, please run 'csctl get job wsjob-f6wbbetk2hwf4uxbdokre2 --pending-status'.
2026-09-18 14:17:36,984 INFO:   Poll ingress status: Waiting for job to be scheduled, current job status: Queueing, msg: job queueing to be scheduled. Job queue status: 3 execute job(s) queued before current job. For more information, please run 'csctl get job wsjob-f6wbbetk2hwf4uxbdokre2 --pending-status'.
2026-09-18 14:21:26,986 INFO:   Poll ingress status: Waiting for job to be scheduled, current job status: Queueing, msg: job queueing to be scheduled. Job queue status: 2 execute job(s) queued before current job. For more information, please run 'csctl get job wsjob-f6wbbetk2hwf4uxbdokre2 --pending-status'.
2026-09-18 14:31:26,991 INFO:   Poll ingress status: Waiting for job to be scheduled, current job status: Queueing, msg: job queueing to be scheduled. Job queue status: 2 execute job(s) queued before current job. For more information, please run 'csctl get job wsjob-f6wbbetk2hwf4uxbdokre2 --pending-status'.
2026-09-18 14:37:46,995 INFO:   Poll ingress status: Waiting for job to be scheduled, current job status: Queueing, msg: job queueing to be scheduled. Job queue status: 1 execute job(s) queued before current job. For more information, please run 'csctl get job wsjob-f6wbbetk2hwf4uxbdokre2 --pending-status'.
2026-09-18 14:43:06,998 INFO:   Poll ingress status: Waiting for job to be scheduled, current job status: Queueing, msg: job queueing to be scheduled. Job queue status: current job is top of queue but likely blocked by running/reserved jobs, 1 execute job(s) running/reserved using 1 system(s) and 1 nodegroup(s)[1 pop and 0 depop], 2 compile job(s) running/reserved using 160Gi memory. For more information, please run 'csctl get job wsjob-f6wbbetk2hwf4uxbdokre2 --pending-status'.
2026-09-18 14:46:47,000 INFO:   Poll ingress status: Waiting for job to be scheduled, current job status: Queueing, msg: job queueing to be scheduled. Job queue status: current job is top of queue but likely blocked by running/reserved jobs, 1 execute job(s) running/reserved using 0 system(s) and 0 nodegroup(s)[0 pop and 0 depop], 2 compile job(s) running/reserved using 160Gi memory. For more information, please run 'csctl get job wsjob-f6wbbetk2hwf4uxbdokre2 --pending-status'.
2026-09-18 14:46:57,001 INFO:   Poll ingress status: Waiting for all Weight pods to be running, current running: 0/24.
2026-09-18 14:46:57,005 INFO:   Recording the timestamp when jobs is scheduled.
2026-09-18 14:46:57,042 WARNING:   Event 2026-09-18 14:46:37 +0000 UTC reason=InconsistentVersion wsjob=wsjob-f6wbbetk2hwf4uxbdokre2 message='Warning: client semantic version 1.14.0 is inconsistent with cluster server semantic version 1.20.2, there's a risk job could fail due to inconsistent setup.'
2026-09-18 14:46:57,042 INFO:   Infrastructure setup completed successfully for job wsjob-f6wbbetk2hwf4uxbdokre2
2026-09-18 14:47:07,042 INFO:   Infrastructure setup completed successfully for job wsjob-f6wbbetk2hwf4uxbdokre2
2026-09-18 14:47:17,042 INFO:   Poll ingress status: Job ingress ready, dashboard: <internal-dashboard-url>
2026-09-18 14:47:17,067 INFO:   Infrastructure setup completed successfully for job wsjob-f6wbbetk2hwf4uxbdokre2
2026-09-18 14:47:17,067 INFO:   Poll ingress success: Job ingress ready, dashboard: <internal-dashboard-url>
2026-09-18 14:47:17,082 INFO:   Finalizing out-of-cluster job handle with ingress service url: 
2026-09-18 14:47:17,082 WARNING:   Empty ingress service url. Falling back to default server: 10.125.8.2:443
2026-09-18 14:47:17,159 INFO:   Preparing to execute using 1 CSX
2026-09-18 14:47:59,103 INFO:   About to send initial weights
2026-09-18 14:48:05,830 INFO:   Finished sending initial weights
2026-09-18 14:48:05,830 INFO:   Finalizing appliance staging for the run
2026-09-18 14:48:07,512 INFO:   Waiting for device programming to complete
2026-09-18 14:48:43,306 INFO:   Device programming is complete
2026-09-18 14:48:43,839 INFO:   Using network type: ROCE
2026-09-18 14:48:43,840 INFO:   Waiting for input workers to prime the data pipeline and begin streaming ...
2026-09-18 14:48:43,848 INFO:   Input workers have begun streaming input data
2026-09-18 14:48:43,986 INFO:   Appliance staging is complete
2026-09-18 14:48:43,986 INFO:   Beginning appliance run
2026-09-18 14:48:44,759 INFO:   | Train Device=CSX, Step=1, Loss=12.08365, Rate=0.00375 samples/sec, GlobalRate=0.00375 samples/sec, LoopTimeRemaining=0:02:31, TimeRemaining=0:02:31
2026-09-18 14:48:45,027 INFO:   | Train Device=CSX, Step=2, Loss=10.56443, Rate=35.90 samples/sec, GlobalRate=0.00749 samples/sec, LoopTimeRemaining=0:01:42, TimeRemaining=0:01:42
2026-09-18 14:48:45,313 INFO:   | Train Device=CSX, Step=3, Loss=13.47221, Rate=47.84 samples/sec, GlobalRate=0.0112 samples/sec, LoopTimeRemaining=0:00:56, TimeRemaining=0:00:56
2026-09-18 14:48:45,600 INFO:   | Train Device=CSX, Step=4, Loss=11.85946, Rate=52.59 samples/sec, GlobalRate=0.015 samples/sec, LoopTimeRemaining=0:00:56, TimeRemaining=0:00:56
2026-09-18 14:48:45,884 INFO:   | Train Device=CSX, Step=5, Loss=11.00320, Rate=54.93 samples/sec, GlobalRate=0.0187 samples/sec, LoopTimeRemaining=0:00:56, TimeRemaining=0:00:56
2026-09-18 14:48:46,169 INFO:   | Train Device=CSX, Step=6, Loss=10.36293, Rate=55.64 samples/sec, GlobalRate=0.0225 samples/sec, LoopTimeRemaining=0:00:55, TimeRemaining=0:00:55
2026-09-18 14:48:46,454 INFO:   | Train Device=CSX, Step=7, Loss=9.66327, Rate=55.89 samples/sec, GlobalRate=0.0262 samples/sec, LoopTimeRemaining=0:00:55, TimeRemaining=0:00:55
2026-09-18 14:48:46,761 INFO:   | Train Device=CSX, Step=8, Loss=9.66532, Rate=53.69 samples/sec, GlobalRate=0.03 samples/sec, LoopTimeRemaining=0:00:55, TimeRemaining=0:00:55
2026-09-18 14:48:47,045 INFO:   | Train Device=CSX, Step=9, Loss=8.85979, Rate=55.26 samples/sec, GlobalRate=0.0337 samples/sec, LoopTimeRemaining=0:00:55, TimeRemaining=0:00:55
2026-09-18 14:48:47,328 INFO:   | Train Device=CSX, Step=10, Loss=8.47694, Rate=55.97 samples/sec, GlobalRate=0.0374 samples/sec, LoopTimeRemaining=0:00:54, TimeRemaining=0:00:54
2026-09-18 14:48:47,611 INFO:   | Train Device=CSX, Step=11, Loss=8.31520, Rate=56.33 samples/sec, GlobalRate=0.0412 samples/sec, LoopTimeRemaining=0:00:54, TimeRemaining=0:00:54
2026-09-18 14:48:47,896 INFO:   | Train Device=CSX, Step=12, Loss=8.23198, Rate=56.20 samples/sec, GlobalRate=0.0449 samples/sec, LoopTimeRemaining=0:00:54, TimeRemaining=0:00:54
2026-09-18 14:48:48,174 INFO:   | Train Device=CSX, Step=13, Loss=8.01701, Rate=57.08 samples/sec, GlobalRate=0.0487 samples/sec, LoopTimeRemaining=0:00:53, TimeRemaining=0:00:53
2026-09-18 14:48:48,465 INFO:   | Train Device=CSX, Step=14, Loss=7.77445, Rate=55.83 samples/sec, GlobalRate=0.0524 samples/sec, LoopTimeRemaining=0:00:53, TimeRemaining=0:00:53
2026-09-18 14:48:48,775 INFO:   | Train Device=CSX, Step=15, Loss=7.80180, Rate=53.29 samples/sec, GlobalRate=0.0561 samples/sec, LoopTimeRemaining=0:00:53, TimeRemaining=0:00:53
2026-09-18 14:48:49,053 INFO:   | Train Device=CSX, Step=16, Loss=7.73224, Rate=55.80 samples/sec, GlobalRate=0.0599 samples/sec, LoopTimeRemaining=0:00:52, TimeRemaining=0:00:52
2026-09-18 14:48:49,343 INFO:   | Train Device=CSX, Step=17, Loss=7.74600, Rate=55.48 samples/sec, GlobalRate=0.0636 samples/sec, LoopTimeRemaining=0:00:52, TimeRemaining=0:00:52
2026-09-18 14:48:49,634 INFO:   | Train Device=CSX, Step=18, Loss=7.72540, Rate=55.19 samples/sec, GlobalRate=0.0674 samples/sec, LoopTimeRemaining=0:00:52, TimeRemaining=0:00:52
2026-09-18 14:48:49,926 INFO:   | Train Device=CSX, Step=19, Loss=7.66895, Rate=55.19 samples/sec, GlobalRate=0.0711 samples/sec, LoopTimeRemaining=0:00:52, TimeRemaining=0:00:52
2026-09-18 14:48:50,196 INFO:   | Train Device=CSX, Step=20, Loss=7.49521, Rate=57.28 samples/sec, GlobalRate=0.0748 samples/sec, LoopTimeRemaining=0:00:51, TimeRemaining=0:00:51
2026-09-18 14:48:50,487 INFO:   | Train Device=CSX, Step=21, Loss=7.57759, Rate=55.93 samples/sec, GlobalRate=0.0786 samples/sec, LoopTimeRemaining=0:00:51, TimeRemaining=0:00:51
2026-09-18 14:48:50,771 INFO:   | Train Device=CSX, Step=22, Loss=7.63948, Rate=56.16 samples/sec, GlobalRate=0.0823 samples/sec, LoopTimeRemaining=0:00:51, TimeRemaining=0:00:51
2026-09-18 14:48:51,075 INFO:   | Train Device=CSX, Step=23, Loss=7.64417, Rate=54.01 samples/sec, GlobalRate=0.086 samples/sec, LoopTimeRemaining=0:00:51, TimeRemaining=0:00:51
2026-09-18 14:48:51,353 INFO:   | Train Device=CSX, Step=24, Loss=7.45195, Rate=56.23 samples/sec, GlobalRate=0.0898 samples/sec, LoopTimeRemaining=0:00:50, TimeRemaining=0:00:50
2026-09-18 14:48:51,647 INFO:   | Train Device=CSX, Step=25, Loss=7.59675, Rate=55.14 samples/sec, GlobalRate=0.0935 samples/sec, LoopTimeRemaining=0:00:50, TimeRemaining=0:00:50
2026-09-18 14:48:51,934 INFO:   | Train Device=CSX, Step=26, Loss=7.65019, Rate=55.47 samples/sec, GlobalRate=0.0972 samples/sec, LoopTimeRemaining=0:00:50, TimeRemaining=0:00:50
2026-09-18 14:48:52,209 INFO:   | Train Device=CSX, Step=27, Loss=7.65714, Rate=57.14 samples/sec, GlobalRate=0.101 samples/sec, LoopTimeRemaining=0:00:49, TimeRemaining=0:00:49
2026-09-18 14:48:52,498 INFO:   | Train Device=CSX, Step=28, Loss=7.46631, Rate=55.98 samples/sec, GlobalRate=0.105 samples/sec, LoopTimeRemaining=0:00:49, TimeRemaining=0:00:49
2026-09-18 14:48:52,793 INFO:   | Train Device=CSX, Step=29, Loss=7.53714, Rate=55.00 samples/sec, GlobalRate=0.108 samples/sec, LoopTimeRemaining=0:00:49, TimeRemaining=0:00:49
2026-09-18 14:48:53,081 INFO:   | Train Device=CSX, Step=30, Loss=7.55608, Rate=55.34 samples/sec, GlobalRate=0.112 samples/sec, LoopTimeRemaining=0:00:49, TimeRemaining=0:00:49
2026-09-18 14:48:53,372 INFO:   | Train Device=CSX, Step=31, Loss=7.52472, Rate=55.15 samples/sec, GlobalRate=0.116 samples/sec, LoopTimeRemaining=0:00:48, TimeRemaining=0:00:48
2026-09-18 14:48:53,654 INFO:   | Train Device=CSX, Step=32, Loss=7.54899, Rate=56.04 samples/sec, GlobalRate=0.12 samples/sec, LoopTimeRemaining=0:00:48, TimeRemaining=0:00:48
2026-09-18 14:48:53,952 INFO:   | Train Device=CSX, Step=33, Loss=7.44689, Rate=54.64 samples/sec, GlobalRate=0.123 samples/sec, LoopTimeRemaining=0:00:48, TimeRemaining=0:00:48
2026-09-18 14:48:54,238 INFO:   | Train Device=CSX, Step=34, Loss=7.43718, Rate=55.37 samples/sec, GlobalRate=0.127 samples/sec, LoopTimeRemaining=0:00:48, TimeRemaining=0:00:48
2026-09-18 14:48:54,542 INFO:   | Train Device=CSX, Step=35, Loss=7.56056, Rate=53.82 samples/sec, GlobalRate=0.131 samples/sec, LoopTimeRemaining=0:00:47, TimeRemaining=0:00:47
2026-09-18 14:48:54,833 INFO:   | Train Device=CSX, Step=36, Loss=7.43055, Rate=54.48 samples/sec, GlobalRate=0.135 samples/sec, LoopTimeRemaining=0:00:47, TimeRemaining=0:00:47
2026-09-18 14:48:55,122 INFO:   | Train Device=CSX, Step=37, Loss=7.45119, Rate=54.97 samples/sec, GlobalRate=0.138 samples/sec, LoopTimeRemaining=0:00:47, TimeRemaining=0:00:47
2026-09-18 14:48:55,401 INFO:   | Train Device=CSX, Step=38, Loss=7.41626, Rate=56.47 samples/sec, GlobalRate=0.142 samples/sec, LoopTimeRemaining=0:00:47, TimeRemaining=0:00:47
2026-09-18 14:48:55,694 INFO:   | Train Device=CSX, Step=39, Loss=7.43174, Rate=55.34 samples/sec, GlobalRate=0.146 samples/sec, LoopTimeRemaining=0:00:46, TimeRemaining=0:00:46
2026-09-18 14:48:56,003 INFO:   | Train Device=CSX, Step=40, Loss=7.32765, Rate=53.20 samples/sec, GlobalRate=0.149 samples/sec, LoopTimeRemaining=0:00:46, TimeRemaining=0:00:46
2026-09-18 14:48:56,282 INFO:   | Train Device=CSX, Step=41, Loss=7.38810, Rate=55.72 samples/sec, GlobalRate=0.153 samples/sec, LoopTimeRemaining=0:00:46, TimeRemaining=0:00:46
2026-09-18 14:48:56,572 INFO:   | Train Device=CSX, Step=42, Loss=7.24392, Rate=55.33 samples/sec, GlobalRate=0.157 samples/sec, LoopTimeRemaining=0:00:45, TimeRemaining=0:00:45
2026-09-18 14:48:56,866 INFO:   | Train Device=CSX, Step=43, Loss=7.19122, Rate=54.77 samples/sec, GlobalRate=0.161 samples/sec, LoopTimeRemaining=0:00:45, TimeRemaining=0:00:45
2026-09-18 14:48:57,159 INFO:   | Train Device=CSX, Step=44, Loss=7.16814, Rate=54.71 samples/sec, GlobalRate=0.164 samples/sec, LoopTimeRemaining=0:00:45, TimeRemaining=0:00:45
2026-09-18 14:48:57,431 INFO:   | Train Device=CSX, Step=45, Loss=7.17733, Rate=57.22 samples/sec, GlobalRate=0.168 samples/sec, LoopTimeRemaining=0:00:45, TimeRemaining=0:00:45
2026-09-18 14:48:57,732 INFO:   | Train Device=CSX, Step=46, Loss=7.07558, Rate=54.70 samples/sec, GlobalRate=0.172 samples/sec, LoopTimeRemaining=0:00:44, TimeRemaining=0:00:44
2026-09-18 14:48:58,030 INFO:   | Train Device=CSX, Step=47, Loss=7.06133, Rate=56.20 samples/sec, GlobalRate=0.176 samples/sec, LoopTimeRemaining=0:00:44, TimeRemaining=0:00:44
2026-09-18 14:48:58,290 INFO:   | Train Device=CSX, Step=48, Loss=6.88707, Rate=56.99 samples/sec, GlobalRate=0.179 samples/sec, LoopTimeRemaining=0:00:44, TimeRemaining=0:00:44
2026-09-18 14:48:58,584 INFO:   | Train Device=CSX, Step=49, Loss=6.98063, Rate=55.53 samples/sec, GlobalRate=0.183 samples/sec, LoopTimeRemaining=0:00:43, TimeRemaining=0:00:43
2026-09-18 14:48:58,888 INFO:   | Train Device=CSX, Step=50, Loss=7.01931, Rate=53.79 samples/sec, GlobalRate=0.187 samples/sec, LoopTimeRemaining=0:00:43, TimeRemaining=0:00:43
2026-09-18 14:48:59,167 INFO:   | Train Device=CSX, Step=51, Loss=6.95253, Rate=55.91 samples/sec, GlobalRate=0.19 samples/sec, LoopTimeRemaining=0:00:43, TimeRemaining=0:00:43
2026-09-18 14:48:59,462 INFO:   | Train Device=CSX, Step=52, Loss=7.04593, Rate=54.83 samples/sec, GlobalRate=0.194 samples/sec, LoopTimeRemaining=0:00:43, TimeRemaining=0:00:43
2026-09-18 14:48:59,759 INFO:   | Train Device=CSX, Step=53, Loss=6.89682, Rate=54.26 samples/sec, GlobalRate=0.198 samples/sec, LoopTimeRemaining=0:00:43, TimeRemaining=0:00:43
2026-09-18 14:49:00,051 INFO:   | Train Device=CSX, Step=54, Loss=6.88598, Rate=54.62 samples/sec, GlobalRate=0.202 samples/sec, LoopTimeRemaining=0:00:42, TimeRemaining=0:00:42
2026-09-18 14:49:00,343 INFO:   | Train Device=CSX, Step=55, Loss=6.86560, Rate=54.73 samples/sec, GlobalRate=0.205 samples/sec, LoopTimeRemaining=0:00:42, TimeRemaining=0:00:42
2026-09-18 14:49:00,634 INFO:   | Train Device=CSX, Step=56, Loss=6.84271, Rate=54.93 samples/sec, GlobalRate=0.209 samples/sec, LoopTimeRemaining=0:00:42, TimeRemaining=0:00:42
2026-09-18 14:49:00,911 INFO:   | Train Device=CSX, Step=57, Loss=6.72541, Rate=56.62 samples/sec, GlobalRate=0.213 samples/sec, LoopTimeRemaining=0:00:41, TimeRemaining=0:00:41
2026-09-18 14:49:01,189 INFO:   | Train Device=CSX, Step=58, Loss=6.79774, Rate=57.08 samples/sec, GlobalRate=0.216 samples/sec, LoopTimeRemaining=0:00:41, TimeRemaining=0:00:41
2026-09-18 14:49:01,480 INFO:   | Train Device=CSX, Step=59, Loss=6.82105, Rate=55.87 samples/sec, GlobalRate=0.22 samples/sec, LoopTimeRemaining=0:00:41, TimeRemaining=0:00:41
2026-09-18 14:49:01,736 INFO:   | Train Device=CSX, Step=60, Loss=6.88623, Rate=59.79 samples/sec, GlobalRate=0.224 samples/sec, LoopTimeRemaining=0:00:41, TimeRemaining=0:00:41
2026-09-18 14:49:02,046 INFO:   | Train Device=CSX, Step=61, Loss=6.90644, Rate=54.97 samples/sec, GlobalRate=0.228 samples/sec, LoopTimeRemaining=0:00:40, TimeRemaining=0:00:40
2026-09-18 14:49:02,330 INFO:   | Train Device=CSX, Step=62, Loss=6.81793, Rate=55.76 samples/sec, GlobalRate=0.231 samples/sec, LoopTimeRemaining=0:00:40, TimeRemaining=0:00:40
2026-09-18 14:49:02,625 INFO:   | Train Device=CSX, Step=63, Loss=6.85235, Rate=54.81 samples/sec, GlobalRate=0.235 samples/sec, LoopTimeRemaining=0:00:40, TimeRemaining=0:00:40
2026-09-18 14:49:02,907 INFO:   | Train Device=CSX, Step=64, Loss=6.80032, Rate=56.03 samples/sec, GlobalRate=0.239 samples/sec, LoopTimeRemaining=0:00:39, TimeRemaining=0:00:39
2026-09-18 14:49:03,198 INFO:   | Train Device=CSX, Step=65, Loss=6.72181, Rate=55.40 samples/sec, GlobalRate=0.242 samples/sec, LoopTimeRemaining=0:00:39, TimeRemaining=0:00:39
2026-09-18 14:49:03,485 INFO:   | Train Device=CSX, Step=66, Loss=6.65277, Rate=55.52 samples/sec, GlobalRate=0.246 samples/sec, LoopTimeRemaining=0:00:39, TimeRemaining=0:00:39
2026-09-18 14:49:03,783 INFO:   | Train Device=CSX, Step=67, Loss=6.67152, Rate=54.50 samples/sec, GlobalRate=0.25 samples/sec, LoopTimeRemaining=0:00:39, TimeRemaining=0:00:39
2026-09-18 14:49:04,066 INFO:   | Train Device=CSX, Step=68, Loss=6.75755, Rate=55.67 samples/sec, GlobalRate=0.254 samples/sec, LoopTimeRemaining=0:00:38, TimeRemaining=0:00:38
2026-09-18 14:49:04,350 INFO:   | Train Device=CSX, Step=69, Loss=6.68158, Rate=56.07 samples/sec, GlobalRate=0.257 samples/sec, LoopTimeRemaining=0:00:38, TimeRemaining=0:00:38
2026-09-18 14:49:04,639 INFO:   | Train Device=CSX, Step=70, Loss=6.63205, Rate=55.65 samples/sec, GlobalRate=0.261 samples/sec, LoopTimeRemaining=0:00:38, TimeRemaining=0:00:38
2026-09-18 14:49:04,939 INFO:   | Train Device=CSX, Step=71, Loss=6.59599, Rate=54.28 samples/sec, GlobalRate=0.265 samples/sec, LoopTimeRemaining=0:00:37, TimeRemaining=0:00:37
2026-09-18 14:49:05,230 INFO:   | Train Device=CSX, Step=72, Loss=6.56226, Rate=54.66 samples/sec, GlobalRate=0.268 samples/sec, LoopTimeRemaining=0:00:37, TimeRemaining=0:00:37
2026-09-18 14:49:05,501 INFO:   | Train Device=CSX, Step=73, Loss=6.73566, Rate=57.44 samples/sec, GlobalRate=0.272 samples/sec, LoopTimeRemaining=0:00:37, TimeRemaining=0:00:37
2026-09-18 14:49:05,802 INFO:   | Train Device=CSX, Step=74, Loss=6.50493, Rate=54.78 samples/sec, GlobalRate=0.276 samples/sec, LoopTimeRemaining=0:00:36, TimeRemaining=0:00:36
2026-09-18 14:49:06,102 INFO:   | Train Device=CSX, Step=75, Loss=6.60992, Rate=53.94 samples/sec, GlobalRate=0.28 samples/sec, LoopTimeRemaining=0:00:36, TimeRemaining=0:00:36
2026-09-18 14:49:06,394 INFO:   | Train Device=CSX, Step=76, Loss=6.57831, Rate=54.43 samples/sec, GlobalRate=0.283 samples/sec, LoopTimeRemaining=0:00:36, TimeRemaining=0:00:36
2026-09-18 14:49:06,671 INFO:   | Train Device=CSX, Step=77, Loss=6.56250, Rate=56.46 samples/sec, GlobalRate=0.287 samples/sec, LoopTimeRemaining=0:00:36, TimeRemaining=0:00:36
2026-09-18 14:49:06,963 INFO:   | Train Device=CSX, Step=78, Loss=6.39271, Rate=55.49 samples/sec, GlobalRate=0.291 samples/sec, LoopTimeRemaining=0:00:35, TimeRemaining=0:00:35
2026-09-18 14:49:07,259 INFO:   | Train Device=CSX, Step=79, Loss=6.57374, Rate=54.58 samples/sec, GlobalRate=0.294 samples/sec, LoopTimeRemaining=0:00:35, TimeRemaining=0:00:35
2026-09-18 14:49:07,540 INFO:   | Train Device=CSX, Step=80, Loss=6.65725, Rate=56.01 samples/sec, GlobalRate=0.298 samples/sec, LoopTimeRemaining=0:00:35, TimeRemaining=0:00:35
2026-09-18 14:49:07,841 INFO:   | Train Device=CSX, Step=81, Loss=6.50637, Rate=54.33 samples/sec, GlobalRate=0.302 samples/sec, LoopTimeRemaining=0:00:34, TimeRemaining=0:00:34
2026-09-18 14:49:08,118 INFO:   | Train Device=CSX, Step=82, Loss=6.52032, Rate=56.39 samples/sec, GlobalRate=0.305 samples/sec, LoopTimeRemaining=0:00:34, TimeRemaining=0:00:34
2026-09-18 14:49:08,403 INFO:   | Train Device=CSX, Step=83, Loss=6.50113, Rate=56.21 samples/sec, GlobalRate=0.309 samples/sec, LoopTimeRemaining=0:00:34, TimeRemaining=0:00:34
2026-09-18 14:49:08,708 INFO:   | Train Device=CSX, Step=84, Loss=6.37482, Rate=53.95 samples/sec, GlobalRate=0.313 samples/sec, LoopTimeRemaining=0:00:34, TimeRemaining=0:00:34
2026-09-18 14:49:08,962 INFO:   | Train Device=CSX, Step=85, Loss=6.55670, Rate=59.39 samples/sec, GlobalRate=0.317 samples/sec, LoopTimeRemaining=0:00:33, TimeRemaining=0:00:33
2026-09-18 14:49:09,247 INFO:   | Train Device=CSX, Step=86, Loss=6.40785, Rate=57.42 samples/sec, GlobalRate=0.32 samples/sec, LoopTimeRemaining=0:00:33, TimeRemaining=0:00:33
2026-09-18 14:49:09,518 INFO:   | Train Device=CSX, Step=87, Loss=6.44788, Rate=58.33 samples/sec, GlobalRate=0.324 samples/sec, LoopTimeRemaining=0:00:33, TimeRemaining=0:00:33
2026-09-18 14:49:09,811 INFO:   | Train Device=CSX, Step=88, Loss=6.28885, Rate=56.11 samples/sec, GlobalRate=0.328 samples/sec, LoopTimeRemaining=0:00:32, TimeRemaining=0:00:32
2026-09-18 14:49:10,102 INFO:   | Train Device=CSX, Step=89, Loss=6.29311, Rate=55.52 samples/sec, GlobalRate=0.331 samples/sec, LoopTimeRemaining=0:00:32, TimeRemaining=0:00:32
2026-09-18 14:49:10,391 INFO:   | Train Device=CSX, Step=90, Loss=6.34139, Rate=55.35 samples/sec, GlobalRate=0.335 samples/sec, LoopTimeRemaining=0:00:32, TimeRemaining=0:00:32
2026-09-18 14:49:10,682 INFO:   | Train Device=CSX, Step=91, Loss=6.29963, Rate=55.16 samples/sec, GlobalRate=0.339 samples/sec, LoopTimeRemaining=0:00:32, TimeRemaining=0:00:32
2026-09-18 14:49:10,972 INFO:   | Train Device=CSX, Step=92, Loss=6.31447, Rate=55.14 samples/sec, GlobalRate=0.343 samples/sec, LoopTimeRemaining=0:00:31, TimeRemaining=0:00:31
2026-09-18 14:49:11,269 INFO:   | Train Device=CSX, Step=93, Loss=6.39975, Rate=54.38 samples/sec, GlobalRate=0.346 samples/sec, LoopTimeRemaining=0:00:31, TimeRemaining=0:00:31
2026-09-18 14:49:11,548 INFO:   | Train Device=CSX, Step=94, Loss=6.31871, Rate=56.24 samples/sec, GlobalRate=0.35 samples/sec, LoopTimeRemaining=0:00:31, TimeRemaining=0:00:31
2026-09-18 14:49:11,845 INFO:   | Train Device=CSX, Step=95, Loss=6.34342, Rate=54.75 samples/sec, GlobalRate=0.354 samples/sec, LoopTimeRemaining=0:00:30, TimeRemaining=0:00:30
2026-09-18 14:49:12,121 INFO:   | Train Device=CSX, Step=96, Loss=6.45129, Rate=56.68 samples/sec, GlobalRate=0.357 samples/sec, LoopTimeRemaining=0:00:30, TimeRemaining=0:00:30
2026-09-18 14:49:12,383 INFO:   | Train Device=CSX, Step=97, Loss=6.18141, Rate=59.33 samples/sec, GlobalRate=0.361 samples/sec, LoopTimeRemaining=0:00:30, TimeRemaining=0:00:30
2026-09-18 14:49:12,665 INFO:   | Train Device=CSX, Step=98, Loss=6.35046, Rate=57.81 samples/sec, GlobalRate=0.365 samples/sec, LoopTimeRemaining=0:00:30, TimeRemaining=0:00:30
2026-09-18 14:49:12,943 INFO:   | Train Device=CSX, Step=99, Loss=6.24665, Rate=57.57 samples/sec, GlobalRate=0.368 samples/sec, LoopTimeRemaining=0:00:29, TimeRemaining=0:00:29
2026-09-18 14:49:13,223 INFO:   | Train Device=CSX, Step=100, Loss=6.40185, Rate=57.42 samples/sec, GlobalRate=0.372 samples/sec, LoopTimeRemaining=0:00:29, TimeRemaining=0:00:29
2026-09-18 14:49:13,503 INFO:   | Train Device=CSX, Step=101, Loss=6.33381, Rate=57.59 samples/sec, GlobalRate=0.376 samples/sec, LoopTimeRemaining=0:00:29, TimeRemaining=0:00:29
2026-09-18 14:49:13,768 INFO:   | Train Device=CSX, Step=102, Loss=6.27975, Rate=58.84 samples/sec, GlobalRate=0.38 samples/sec, LoopTimeRemaining=0:00:28, TimeRemaining=0:00:28
2026-09-18 14:49:14,044 INFO:   | Train Device=CSX, Step=103, Loss=6.20292, Rate=58.30 samples/sec, GlobalRate=0.383 samples/sec, LoopTimeRemaining=0:00:28, TimeRemaining=0:00:28
2026-09-18 14:49:14,357 INFO:   | Train Device=CSX, Step=104, Loss=6.36626, Rate=54.04 samples/sec, GlobalRate=0.387 samples/sec, LoopTimeRemaining=0:00:28, TimeRemaining=0:00:28
2026-09-18 14:49:14,634 INFO:   | Train Device=CSX, Step=105, Loss=6.38014, Rate=56.27 samples/sec, GlobalRate=0.391 samples/sec, LoopTimeRemaining=0:00:28, TimeRemaining=0:00:28
2026-09-18 14:49:14,926 INFO:   | Train Device=CSX, Step=106, Loss=6.11751, Rate=55.34 samples/sec, GlobalRate=0.394 samples/sec, LoopTimeRemaining=0:00:27, TimeRemaining=0:00:27
2026-09-18 14:49:15,223 INFO:   | Train Device=CSX, Step=107, Loss=6.21340, Rate=54.49 samples/sec, GlobalRate=0.398 samples/sec, LoopTimeRemaining=0:00:27, TimeRemaining=0:00:27
2026-09-18 14:49:15,508 INFO:   | Train Device=CSX, Step=108, Loss=6.24059, Rate=55.44 samples/sec, GlobalRate=0.402 samples/sec, LoopTimeRemaining=0:00:27, TimeRemaining=0:00:27
2026-09-18 14:49:15,788 INFO:   | Train Device=CSX, Step=109, Loss=6.29802, Rate=56.47 samples/sec, GlobalRate=0.405 samples/sec, LoopTimeRemaining=0:00:26, TimeRemaining=0:00:26
2026-09-18 14:49:16,085 INFO:   | Train Device=CSX, Step=110, Loss=6.23899, Rate=54.95 samples/sec, GlobalRate=0.409 samples/sec, LoopTimeRemaining=0:00:26, TimeRemaining=0:00:26
2026-09-18 14:49:16,366 INFO:   | Train Device=CSX, Step=111, Loss=6.09775, Rate=56.10 samples/sec, GlobalRate=0.413 samples/sec, LoopTimeRemaining=0:00:26, TimeRemaining=0:00:26
2026-09-18 14:49:16,674 INFO:   | Train Device=CSX, Step=112, Loss=6.17367, Rate=53.57 samples/sec, GlobalRate=0.416 samples/sec, LoopTimeRemaining=0:00:26, TimeRemaining=0:00:26
2026-09-18 14:49:16,959 INFO:   | Train Device=CSX, Step=113, Loss=6.18395, Rate=55.16 samples/sec, GlobalRate=0.42 samples/sec, LoopTimeRemaining=0:00:25, TimeRemaining=0:00:25
2026-09-18 14:49:17,198 INFO:   | Train Device=CSX, Step=114, Loss=6.23286, Rate=62.18 samples/sec, GlobalRate=0.424 samples/sec, LoopTimeRemaining=0:00:25, TimeRemaining=0:00:25
2026-09-18 14:49:17,506 INFO:   | Train Device=CSX, Step=115, Loss=6.30927, Rate=56.09 samples/sec, GlobalRate=0.428 samples/sec, LoopTimeRemaining=0:00:25, TimeRemaining=0:00:25
2026-09-18 14:49:17,797 INFO:   | Train Device=CSX, Step=116, Loss=6.10296, Rate=55.44 samples/sec, GlobalRate=0.431 samples/sec, LoopTimeRemaining=0:00:24, TimeRemaining=0:00:24
2026-09-18 14:49:18,054 INFO:   | Train Device=CSX, Step=117, Loss=6.22809, Rate=59.55 samples/sec, GlobalRate=0.435 samples/sec, LoopTimeRemaining=0:00:24, TimeRemaining=0:00:24
2026-09-18 14:49:18,350 INFO:   | Train Device=CSX, Step=118, Loss=6.28067, Rate=56.21 samples/sec, GlobalRate=0.439 samples/sec, LoopTimeRemaining=0:00:24, TimeRemaining=0:00:24
2026-09-18 14:49:18,604 INFO:   | Train Device=CSX, Step=119, Loss=6.25170, Rate=60.33 samples/sec, GlobalRate=0.442 samples/sec, LoopTimeRemaining=0:00:23, TimeRemaining=0:00:23
2026-09-18 14:49:18,917 INFO:   | Train Device=CSX, Step=120, Loss=6.21259, Rate=54.83 samples/sec, GlobalRate=0.446 samples/sec, LoopTimeRemaining=0:00:23, TimeRemaining=0:00:23
2026-09-18 14:49:19,183 INFO:   | Train Device=CSX, Step=121, Loss=6.25843, Rate=57.87 samples/sec, GlobalRate=0.45 samples/sec, LoopTimeRemaining=0:00:23, TimeRemaining=0:00:23
2026-09-18 14:49:19,463 INFO:   | Train Device=CSX, Step=122, Loss=6.18343, Rate=59.13 samples/sec, GlobalRate=0.453 samples/sec, LoopTimeRemaining=0:00:23, TimeRemaining=0:00:23
2026-09-18 14:49:19,730 INFO:   | Train Device=CSX, Step=123, Loss=6.06374, Rate=57.99 samples/sec, GlobalRate=0.457 samples/sec, LoopTimeRemaining=0:00:22, TimeRemaining=0:00:22
2026-09-18 14:49:20,003 INFO:   | Train Device=CSX, Step=124, Loss=6.04430, Rate=58.40 samples/sec, GlobalRate=0.461 samples/sec, LoopTimeRemaining=0:00:22, TimeRemaining=0:00:22
2026-09-18 14:49:20,314 INFO:   | Train Device=CSX, Step=125, Loss=6.21619, Rate=54.16 samples/sec, GlobalRate=0.464 samples/sec, LoopTimeRemaining=0:00:22, TimeRemaining=0:00:22
2026-09-18 14:49:20,602 INFO:   | Train Device=CSX, Step=126, Loss=6.11124, Rate=55.04 samples/sec, GlobalRate=0.468 samples/sec, LoopTimeRemaining=0:00:21, TimeRemaining=0:00:21
2026-09-18 14:49:20,875 INFO:   | Train Device=CSX, Step=127, Loss=6.23888, Rate=57.22 samples/sec, GlobalRate=0.472 samples/sec, LoopTimeRemaining=0:00:21, TimeRemaining=0:00:21
2026-09-18 14:49:21,155 INFO:   | Train Device=CSX, Step=128, Loss=6.07843, Rate=57.16 samples/sec, GlobalRate=0.475 samples/sec, LoopTimeRemaining=0:00:21, TimeRemaining=0:00:21
2026-09-18 14:49:21,445 INFO:   | Train Device=CSX, Step=129, Loss=6.02265, Rate=55.94 samples/sec, GlobalRate=0.479 samples/sec, LoopTimeRemaining=0:00:21, TimeRemaining=0:00:21
2026-09-18 14:49:21,707 INFO:   | Train Device=CSX, Step=130, Loss=6.06376, Rate=58.97 samples/sec, GlobalRate=0.483 samples/sec, LoopTimeRemaining=0:00:20, TimeRemaining=0:00:20
2026-09-18 14:49:21,985 INFO:   | Train Device=CSX, Step=131, Loss=5.94548, Rate=58.12 samples/sec, GlobalRate=0.486 samples/sec, LoopTimeRemaining=0:00:20, TimeRemaining=0:00:20
2026-09-18 14:49:22,263 INFO:   | Train Device=CSX, Step=132, Loss=6.03597, Rate=57.87 samples/sec, GlobalRate=0.49 samples/sec, LoopTimeRemaining=0:00:20, TimeRemaining=0:00:20
2026-09-18 14:49:22,543 INFO:   | Train Device=CSX, Step=133, Loss=5.98336, Rate=57.37 samples/sec, GlobalRate=0.494 samples/sec, LoopTimeRemaining=0:00:19, TimeRemaining=0:00:19
2026-09-18 14:49:22,808 INFO:   | Train Device=CSX, Step=134, Loss=5.95407, Rate=59.24 samples/sec, GlobalRate=0.498 samples/sec, LoopTimeRemaining=0:00:19, TimeRemaining=0:00:19
2026-09-18 14:49:23,101 INFO:   | Train Device=CSX, Step=135, Loss=5.93585, Rate=56.43 samples/sec, GlobalRate=0.501 samples/sec, LoopTimeRemaining=0:00:19, TimeRemaining=0:00:19
2026-09-18 14:49:23,374 INFO:   | Train Device=CSX, Step=136, Loss=5.90510, Rate=57.77 samples/sec, GlobalRate=0.505 samples/sec, LoopTimeRemaining=0:00:18, TimeRemaining=0:00:18
2026-09-18 14:49:23,644 INFO:   | Train Device=CSX, Step=137, Loss=5.87777, Rate=58.61 samples/sec, GlobalRate=0.509 samples/sec, LoopTimeRemaining=0:00:18, TimeRemaining=0:00:18
2026-09-18 14:49:23,923 INFO:   | Train Device=CSX, Step=138, Loss=5.85584, Rate=57.83 samples/sec, GlobalRate=0.512 samples/sec, LoopTimeRemaining=0:00:18, TimeRemaining=0:00:18
2026-09-18 14:49:24,199 INFO:   | Train Device=CSX, Step=139, Loss=5.97011, Rate=57.97 samples/sec, GlobalRate=0.516 samples/sec, LoopTimeRemaining=0:00:17, TimeRemaining=0:00:17
2026-09-18 14:49:24,472 INFO:   | Train Device=CSX, Step=140, Loss=5.91552, Rate=58.34 samples/sec, GlobalRate=0.52 samples/sec, LoopTimeRemaining=0:00:17, TimeRemaining=0:00:17
2026-09-18 14:49:24,750 INFO:   | Train Device=CSX, Step=141, Loss=6.13830, Rate=57.87 samples/sec, GlobalRate=0.523 samples/sec, LoopTimeRemaining=0:00:17, TimeRemaining=0:00:17
2026-09-18 14:49:25,034 INFO:   | Train Device=CSX, Step=142, Loss=5.86805, Rate=56.90 samples/sec, GlobalRate=0.527 samples/sec, LoopTimeRemaining=0:00:16, TimeRemaining=0:00:16
2026-09-18 14:49:25,306 INFO:   | Train Device=CSX, Step=143, Loss=5.97891, Rate=58.12 samples/sec, GlobalRate=0.531 samples/sec, LoopTimeRemaining=0:00:16, TimeRemaining=0:00:16
2026-09-18 14:49:25,585 INFO:   | Train Device=CSX, Step=144, Loss=5.99317, Rate=57.58 samples/sec, GlobalRate=0.534 samples/sec, LoopTimeRemaining=0:00:16, TimeRemaining=0:00:16
2026-09-18 14:49:25,858 INFO:   | Train Device=CSX, Step=145, Loss=5.86719, Rate=58.25 samples/sec, GlobalRate=0.538 samples/sec, LoopTimeRemaining=0:00:16, TimeRemaining=0:00:16
2026-09-18 14:49:26,133 INFO:   | Train Device=CSX, Step=146, Loss=5.95977, Rate=58.20 samples/sec, GlobalRate=0.542 samples/sec, LoopTimeRemaining=0:00:15, TimeRemaining=0:00:15
2026-09-18 14:49:26,409 INFO:   | Train Device=CSX, Step=147, Loss=5.98379, Rate=58.03 samples/sec, GlobalRate=0.545 samples/sec, LoopTimeRemaining=0:00:15, TimeRemaining=0:00:15
2026-09-18 14:49:26,694 INFO:   | Train Device=CSX, Step=148, Loss=6.08387, Rate=56.87 samples/sec, GlobalRate=0.549 samples/sec, LoopTimeRemaining=0:00:15, TimeRemaining=0:00:15
2026-09-18 14:49:26,999 INFO:   | Train Device=CSX, Step=149, Loss=5.92792, Rate=54.30 samples/sec, GlobalRate=0.553 samples/sec, LoopTimeRemaining=0:00:14, TimeRemaining=0:00:14
2026-09-18 14:49:27,284 INFO:   | Train Device=CSX, Step=150, Loss=5.85610, Rate=55.38 samples/sec, GlobalRate=0.556 samples/sec, LoopTimeRemaining=0:00:14, TimeRemaining=0:00:14
2026-09-18 14:49:27,562 INFO:   | Train Device=CSX, Step=151, Loss=5.88407, Rate=56.65 samples/sec, GlobalRate=0.56 samples/sec, LoopTimeRemaining=0:00:14, TimeRemaining=0:00:14
2026-09-18 14:49:27,873 INFO:   | Train Device=CSX, Step=152, Loss=5.94832, Rate=53.53 samples/sec, GlobalRate=0.564 samples/sec, LoopTimeRemaining=0:00:14, TimeRemaining=0:00:14
2026-09-18 14:49:28,126 INFO:   | Train Device=CSX, Step=153, Loss=6.01287, Rate=59.33 samples/sec, GlobalRate=0.567 samples/sec, LoopTimeRemaining=0:00:13, TimeRemaining=0:00:13
2026-09-18 14:49:28,435 INFO:   | Train Device=CSX, Step=154, Loss=6.02067, Rate=54.79 samples/sec, GlobalRate=0.571 samples/sec, LoopTimeRemaining=0:00:13, TimeRemaining=0:00:13
2026-09-18 14:49:28,730 INFO:   | Train Device=CSX, Step=155, Loss=6.05045, Rate=54.52 samples/sec, GlobalRate=0.575 samples/sec, LoopTimeRemaining=0:00:13, TimeRemaining=0:00:13
2026-09-18 14:49:28,983 INFO:   | Train Device=CSX, Step=156, Loss=5.81352, Rate=59.68 samples/sec, GlobalRate=0.578 samples/sec, LoopTimeRemaining=0:00:12, TimeRemaining=0:00:12
2026-09-18 14:49:29,256 INFO:   | Train Device=CSX, Step=157, Loss=5.95313, Rate=59.02 samples/sec, GlobalRate=0.582 samples/sec, LoopTimeRemaining=0:00:12, TimeRemaining=0:00:12
2026-09-18 14:49:29,530 INFO:   | Train Device=CSX, Step=158, Loss=5.90832, Rate=58.71 samples/sec, GlobalRate=0.586 samples/sec, LoopTimeRemaining=0:00:12, TimeRemaining=0:00:12
2026-09-18 14:49:29,838 INFO:   | Train Device=CSX, Step=159, Loss=5.82645, Rate=54.68 samples/sec, GlobalRate=0.589 samples/sec, LoopTimeRemaining=0:00:12, TimeRemaining=0:00:12
2026-09-18 14:49:30,122 INFO:   | Train Device=CSX, Step=160, Loss=5.89011, Rate=55.63 samples/sec, GlobalRate=0.593 samples/sec, LoopTimeRemaining=0:00:11, TimeRemaining=0:00:11
2026-09-18 14:49:30,388 INFO:   | Train Device=CSX, Step=161, Loss=5.86492, Rate=58.28 samples/sec, GlobalRate=0.597 samples/sec, LoopTimeRemaining=0:00:11, TimeRemaining=0:00:11
2026-09-18 14:49:30,664 INFO:   | Train Device=CSX, Step=162, Loss=5.87021, Rate=58.19 samples/sec, GlobalRate=0.6 samples/sec, LoopTimeRemaining=0:00:11, TimeRemaining=0:00:11
2026-09-18 14:49:30,951 INFO:   | Train Device=CSX, Step=163, Loss=5.81251, Rate=56.72 samples/sec, GlobalRate=0.604 samples/sec, LoopTimeRemaining=0:00:10, TimeRemaining=0:00:10
2026-09-18 14:49:31,215 INFO:   | Train Device=CSX, Step=164, Loss=5.75843, Rate=59.01 samples/sec, GlobalRate=0.608 samples/sec, LoopTimeRemaining=0:00:10, TimeRemaining=0:00:10
2026-09-18 14:49:31,499 INFO:   | Train Device=CSX, Step=165, Loss=5.93830, Rate=57.46 samples/sec, GlobalRate=0.611 samples/sec, LoopTimeRemaining=0:00:10, TimeRemaining=0:00:10
2026-09-18 14:49:31,814 INFO:   | Train Device=CSX, Step=166, Loss=5.91382, Rate=53.41 samples/sec, GlobalRate=0.615 samples/sec, LoopTimeRemaining=0:00:10, TimeRemaining=0:00:10
2026-09-18 14:49:32,094 INFO:   | Train Device=CSX, Step=167, Loss=5.82816, Rate=55.66 samples/sec, GlobalRate=0.619 samples/sec, LoopTimeRemaining=0:00:09, TimeRemaining=0:00:09
2026-09-18 14:49:32,352 INFO:   | Train Device=CSX, Step=168, Loss=5.80168, Rate=59.48 samples/sec, GlobalRate=0.622 samples/sec, LoopTimeRemaining=0:00:09, TimeRemaining=0:00:09
2026-09-18 14:49:32,639 INFO:   | Train Device=CSX, Step=169, Loss=5.93255, Rate=57.20 samples/sec, GlobalRate=0.626 samples/sec, LoopTimeRemaining=0:00:09, TimeRemaining=0:00:09
2026-09-18 14:49:32,932 INFO:   | Train Device=CSX, Step=170, Loss=5.77747, Rate=55.73 samples/sec, GlobalRate=0.63 samples/sec, LoopTimeRemaining=0:00:08, TimeRemaining=0:00:08
2026-09-18 14:49:33,219 INFO:   | Train Device=CSX, Step=171, Loss=5.87667, Rate=55.69 samples/sec, GlobalRate=0.633 samples/sec, LoopTimeRemaining=0:00:08, TimeRemaining=0:00:08
2026-09-18 14:49:33,480 INFO:   | Train Device=CSX, Step=172, Loss=5.91036, Rate=59.15 samples/sec, GlobalRate=0.637 samples/sec, LoopTimeRemaining=0:00:08, TimeRemaining=0:00:08
2026-09-18 14:49:33,774 INFO:   | Train Device=CSX, Step=173, Loss=5.88968, Rate=56.28 samples/sec, GlobalRate=0.641 samples/sec, LoopTimeRemaining=0:00:08, TimeRemaining=0:00:08
2026-09-18 14:49:34,073 INFO:   | Train Device=CSX, Step=174, Loss=5.68350, Rate=54.64 samples/sec, GlobalRate=0.644 samples/sec, LoopTimeRemaining=0:00:07, TimeRemaining=0:00:07
2026-09-18 14:49:34,359 INFO:   | Train Device=CSX, Step=175, Loss=5.61318, Rate=55.33 samples/sec, GlobalRate=0.648 samples/sec, LoopTimeRemaining=0:00:07, TimeRemaining=0:00:07
2026-09-18 14:49:34,628 INFO:   | Train Device=CSX, Step=176, Loss=5.74019, Rate=57.85 samples/sec, GlobalRate=0.652 samples/sec, LoopTimeRemaining=0:00:07, TimeRemaining=0:00:07
2026-09-18 14:49:34,903 INFO:   | Train Device=CSX, Step=177, Loss=5.77386, Rate=58.13 samples/sec, GlobalRate=0.655 samples/sec, LoopTimeRemaining=0:00:06, TimeRemaining=0:00:06
2026-09-18 14:49:35,185 INFO:   | Train Device=CSX, Step=178, Loss=5.68911, Rate=57.28 samples/sec, GlobalRate=0.659 samples/sec, LoopTimeRemaining=0:00:06, TimeRemaining=0:00:06
2026-09-18 14:49:35,460 INFO:   | Train Device=CSX, Step=179, Loss=5.66400, Rate=57.80 samples/sec, GlobalRate=0.663 samples/sec, LoopTimeRemaining=0:00:06, TimeRemaining=0:00:06
2026-09-18 14:49:35,741 INFO:   | Train Device=CSX, Step=180, Loss=5.71824, Rate=57.22 samples/sec, GlobalRate=0.666 samples/sec, LoopTimeRemaining=0:00:06, TimeRemaining=0:00:06
2026-09-18 14:49:36,009 INFO:   | Train Device=CSX, Step=181, Loss=5.68696, Rate=58.76 samples/sec, GlobalRate=0.67 samples/sec, LoopTimeRemaining=0:00:05, TimeRemaining=0:00:05
2026-09-18 14:49:36,294 INFO:   | Train Device=CSX, Step=182, Loss=5.70151, Rate=57.16 samples/sec, GlobalRate=0.674 samples/sec, LoopTimeRemaining=0:00:05, TimeRemaining=0:00:05
2026-09-18 14:49:36,594 INFO:   | Train Device=CSX, Step=183, Loss=5.77998, Rate=54.93 samples/sec, GlobalRate=0.677 samples/sec, LoopTimeRemaining=0:00:05, TimeRemaining=0:00:05
2026-09-18 14:49:36,877 INFO:   | Train Device=CSX, Step=184, Loss=5.77696, Rate=55.87 samples/sec, GlobalRate=0.681 samples/sec, LoopTimeRemaining=0:00:04, TimeRemaining=0:00:04
2026-09-18 14:49:37,169 INFO:   | Train Device=CSX, Step=185, Loss=5.60769, Rate=55.17 samples/sec, GlobalRate=0.685 samples/sec, LoopTimeRemaining=0:00:04, TimeRemaining=0:00:04
2026-09-18 14:49:37,465 INFO:   | Train Device=CSX, Step=186, Loss=5.73832, Rate=54.56 samples/sec, GlobalRate=0.688 samples/sec, LoopTimeRemaining=0:00:04, TimeRemaining=0:00:04
2026-09-18 14:49:37,715 INFO:   | Train Device=CSX, Step=187, Loss=5.64228, Rate=60.18 samples/sec, GlobalRate=0.692 samples/sec, LoopTimeRemaining=0:00:04, TimeRemaining=0:00:04
2026-09-18 14:49:37,994 INFO:   | Train Device=CSX, Step=188, Loss=5.62293, Rate=58.43 samples/sec, GlobalRate=0.696 samples/sec, LoopTimeRemaining=0:00:03, TimeRemaining=0:00:03
2026-09-18 14:49:38,270 INFO:   | Train Device=CSX, Step=189, Loss=5.63241, Rate=58.14 samples/sec, GlobalRate=0.699 samples/sec, LoopTimeRemaining=0:00:03, TimeRemaining=0:00:03
2026-09-18 14:49:38,547 INFO:   | Train Device=CSX, Step=190, Loss=5.79034, Rate=58.00 samples/sec, GlobalRate=0.703 samples/sec, LoopTimeRemaining=0:00:03, TimeRemaining=0:00:03
2026-09-18 14:49:38,822 INFO:   | Train Device=CSX, Step=191, Loss=5.54073, Rate=58.08 samples/sec, GlobalRate=0.707 samples/sec, LoopTimeRemaining=0:00:03, TimeRemaining=0:00:03
2026-09-18 14:49:39,095 INFO:   | Train Device=CSX, Step=192, Loss=5.68223, Rate=58.42 samples/sec, GlobalRate=0.71 samples/sec, LoopTimeRemaining=0:00:02, TimeRemaining=0:00:02
2026-09-18 14:49:39,371 INFO:   | Train Device=CSX, Step=193, Loss=5.63942, Rate=58.09 samples/sec, GlobalRate=0.714 samples/sec, LoopTimeRemaining=0:00:02, TimeRemaining=0:00:02
2026-09-18 14:49:39,666 INFO:   | Train Device=CSX, Step=194, Loss=5.68012, Rate=56.50 samples/sec, GlobalRate=0.717 samples/sec, LoopTimeRemaining=0:00:02, TimeRemaining=0:00:02
2026-09-18 14:49:39,925 INFO:   | Train Device=CSX, Step=195, Loss=5.53648, Rate=58.81 samples/sec, GlobalRate=0.721 samples/sec, LoopTimeRemaining=0:00:01, TimeRemaining=0:00:01
2026-09-18 14:49:40,203 INFO:   | Train Device=CSX, Step=196, Loss=5.60661, Rate=58.08 samples/sec, GlobalRate=0.725 samples/sec, LoopTimeRemaining=0:00:01, TimeRemaining=0:00:01
2026-09-18 14:49:40,488 INFO:   | Train Device=CSX, Step=197, Loss=5.65457, Rate=56.86 samples/sec, GlobalRate=0.728 samples/sec, LoopTimeRemaining=0:00:01, TimeRemaining=0:00:01
2026-09-18 14:49:40,754 INFO:   | Train Device=CSX, Step=198, Loss=5.69688, Rate=58.92 samples/sec, GlobalRate=0.732 samples/sec, LoopTimeRemaining=0:00:01, TimeRemaining=0:00:01
2026-09-18 14:49:41,050 INFO:   | Train Device=CSX, Step=199, Loss=5.79187, Rate=56.02 samples/sec, GlobalRate=0.736 samples/sec, LoopTimeRemaining=0:00:00, TimeRemaining=0:00:00
2026-09-18 14:49:41,308 INFO:   | Train Device=CSX, Step=200, Loss=5.48643, Rate=59.51 samples/sec, GlobalRate=0.739 samples/sec, LoopTimeRemaining=0:00:00, TimeRemaining=0:00:00
2026-09-18 14:49:44,514 INFO:   Training completed successfully!
2026-09-18 14:49:44,520 INFO:   Processed 3200 training sample(s) in 4331.368906527 seconds.
