$REPO_ROOT/.venv/lib/python3.11/site-packages/outdated/__init__.py:36: UserWarning: pkg_resources is deprecated as an API. See https://setuptools.pypa.io/en/latest/pkg_resources.html. The pkg_resources package is slated for removal as early as 2025-11-30. Refrain from using this package or pin to Setuptools<81.
  from pkg_resources import parse_version
2026-09-18 18:02:49,770 INFO:   Connectivity check: running command: ping -c 1 -W 3 10.125.8.2
2026-09-18 18:02:49,775 INFO:   Connectivity check succeeded.
2026-09-18 18:02:49,796 INFO:   Appliance client semantic version: 1.14.0, cluster server semantic version: 1.20.2, job operator semantic version: 1.20.2
2026-09-18 18:02:49,798 INFO:   Successfully initialized workflow with id: wflow-qvxzs5mjqktupljcch59fv
2026-09-18 18:02:49,804 WARNING:   The trainer configuration for train_and_eval does not configure checkpointing. In the event of a failure, the run will be restarted from the beginning. If this is not intentional, please specifiy a checkpoint callback with a checkpointing frequency to enable auto-restarting from previously saved checkpoints.
2026-09-18 18:02:49,804 INFO:   Spawning child process for the fit run ...
2026-09-18 18:02:49,808 INFO:   Child process started with pid: 957211
$REPO_ROOT/.venv/lib/python3.11/site-packages/outdated/__init__.py:36: UserWarning: pkg_resources is deprecated as an API. See https://setuptools.pypa.io/en/latest/pkg_resources.html. The pkg_resources package is slated for removal as early as 2025-11-30. Refrain from using this package or pin to Setuptools<81.
  from pkg_resources import parse_version
2026-09-18 18:02:55,950 INFO:   Current Working Directory: $REPO_ROOT/src/cerebras/modelzoo/models/gnn
2026-09-18 18:02:55,950 INFO:   Running command: $REPO_ROOT/src/cerebras/modelzoo/cli/main.py fit $REPO_ROOT/model_dirs/hpcasia_learning/arxiv_20260918T122621.253613Z/tuning/loader_w08_p1_s0_r1/params.yaml --target_device CSX --model_dir $REPO_ROOT/model_dirs/hpcasia_learning/arxiv_20260918T122621.253613Z/tuning/loader_w08_p1_s0_r1/model
2026-09-18 18:02:56,478 INFO:   No checkpoint was provided. Using randomly initialized model parameters.
2026-09-18 18:02:56,478 INFO:   Ordinal 0: Initializing GNNDataProcessor for dataset 'ogbn-arxiv' (split=train, mode=neighbor).
$REPO_ROOT/.venv/lib/python3.11/site-packages/ogb/nodeproppred/dataset_pyg.py:69: FutureWarning: You are using `torch.load` with `weights_only=False` (the current default value), which uses the default pickle module implicitly. It is possible to construct malicious pickle data which will execute arbitrary code during unpickling (See https://github.com/pytorch/pytorch/blob/main/SECURITY.md#untrusted-models for more details). In a future release, the default value for `weights_only` will be flipped to `True`. This limits the functions that could be executed during unpickling. Arbitrary objects will no longer be allowed to be loaded via this mode unless they are explicitly allowlisted by the user via `torch.serialization.add_safe_globals`. We recommend you start setting `weights_only=True` for any use case where you don't have full control of the loaded file. Please open an issue on GitHub for any issues related to this experimental feature.
  self.data, self.slices = torch.load(self.processed_paths[0])
GNN_INPUT_CONTRACT {"batch_index_origin": 0, "batch_size": 4096, "count_basis": "deterministic loader schedule; not device counters", "dataset_name": "ogbn-arxiv", "drop_last": false, "event": "gnn_input_contract", "num_streamers": 1, "ordered_targets_and_labels_sha256": "cb189ecb3f75e653df7daacc08ead8c3b14bd353d302209c179a41e2b2b47d07", "restartable": false, "sampler_seed": 42, "seed_nodes_by_batch": [4096, 4096, 4096, 4096, 4096, 4096, 4096, 4096, 4096, 4096, 4096, 4096, 4096, 4096, 4096, 4096, 4096, 4096, 4096, 4096, 4096, 4096, 829], "seed_nodes_per_epoch": 90941, "shuffle": true, "source_seed_nodes": 90941, "split": "train", "static_batch_cache_size": 0, "supervised_targets_by_batch": [4096, 4096, 4096, 4096, 4096, 4096, 4096, 4096, 4096, 4096, 4096, 4096, 4096, 4096, 4096, 4096, 4096, 4096, 4096, 4096, 4096, 4096, 829], "traversal": "continuous_sequential_batches", "traversal_scope": "single_data_executor", "version": 1}
2026-09-18 18:02:56,705 INFO:   Connectivity check: running command: ping -c 1 -W 3 10.125.8.2
2026-09-18 18:02:56,711 INFO:   Connectivity check succeeded.
2026-09-18 18:02:56,731 INFO:   Appliance client semantic version: 1.14.0, cluster server semantic version: 1.20.2, job operator semantic version: 1.20.2
2026-09-18 18:02:56,732 INFO:   ===========================================================================
2026-09-18 18:02:56,732 INFO:   Trainer Fit Summary
2026-09-18 18:02:56,732 INFO:   ---------------------------------------------------------------------------
2026-09-18 18:02:56,732 INFO:   Trainer will run 1 train loop.
2026-09-18 18:02:56,732 INFO:   
2026-09-18 18:02:56,732 INFO:   Train steps per train loop:
2026-09-18 18:02:56,732 INFO:   * 1 loop of 440 steps
2026-09-18 18:02:56,732 INFO:   for a total of 440 train steps.
2026-09-18 18:02:56,732 INFO:   
2026-09-18 18:02:56,732 INFO:   Progress will be logged every 10 steps.
2026-09-18 18:02:56,732 INFO:   ===========================================================================
2026-09-18 18:02:56,732 INFO:   ---------------------------------------------------------------------------
2026-09-18 18:02:56,733 INFO:   Starting train loop 1 of 1, from global step 1 to 440 (440 steps)
2026-09-18 18:02:56,733 INFO:   ---------------------------------------------------------------------------
2026-09-18 18:03:01,407 INFO:   Compiling the model. This may take a few minutes.
2026-09-18 18:03:01,408 INFO:   Connectivity check: running command: ping -c 1 -W 3 10.125.8.2
2026-09-18 18:03:01,413 INFO:   Connectivity check succeeded.
2026-09-18 18:03:01,431 INFO:   Appliance client semantic version: 1.14.0, cluster server semantic version: 1.20.2, job operator semantic version: 1.20.2
2026-09-18 18:03:02,518 INFO:   Initiating a new image build job against the cluster server.
2026-09-18 18:03:02,537 INFO:   Job id: imgjob-42280d4f85d91291dacb2ef766350f15, workflow id: wflow-qvxzs5mjqktupljcch59fv, namespace: job-operator, remote log path: /n1/wsjob/workdir/job-operator/imgjob-42280d4f85d91291dacb2ef766350f15
2026-09-18 18:03:02,540 INFO:   Connectivity check: running command: ping -c 1 -W 3 10.125.8.2
2026-09-18 18:03:02,545 INFO:   Connectivity check succeeded.
2026-09-18 18:03:02,564 INFO:   Appliance client semantic version: 1.14.0, cluster server semantic version: 1.20.2, job operator semantic version: 1.20.2
2026-09-18 18:03:02,666 INFO:   Initiating a new compile wsjob against the cluster server.
2026-09-18 18:03:02,692 INFO:   Job id: wsjob-frjupf6jdxauyxycg34npd, workflow id: wflow-qvxzs5mjqktupljcch59fv, namespace: job-operator, remote log path: /n1/wsjob/workdir/job-operator/wsjob-frjupf6jdxauyxycg34npd
2026-09-18 18:03:22,693 INFO:   Poll ingress status: Waiting for all Coordinator pods to be running, current running: 0/1.
2026-09-18 18:03:22,696 INFO:   Recording the timestamp when jobs is scheduled.
2026-09-18 18:03:22,731 WARNING:   Event 2026-09-18 18:03:03 +0000 UTC reason=InconsistentVersion wsjob=wsjob-frjupf6jdxauyxycg34npd message='Warning: client semantic version 1.14.0 is inconsistent with cluster server semantic version 1.20.2, there's a risk job could fail due to inconsistent setup.'
2026-09-18 18:03:32,731 INFO:   Poll ingress status: Waiting for job ingress readiness.
2026-09-18 18:03:52,763 INFO:   Poll ingress status: Job ingress ready, dashboard: <internal-dashboard-url>
2026-09-18 18:03:52,794 INFO:   Poll ingress success: Job ingress ready, dashboard: <internal-dashboard-url>
2026-09-18 18:03:52,805 INFO:   Finalizing out-of-cluster job handle with ingress service url: 
2026-09-18 18:03:52,805 WARNING:   Empty ingress service url. Falling back to default server: 10.125.8.2:443
2026-09-18 18:03:52,876 INFO:   Found existing cached compile with hash: "cs_3310013607597699701"
2026-09-18 18:03:54,749 INFO:   Using power profile none

2026-09-18 18:03:54,764 INFO:   Compile artifacts successfully written to remote compile directory. Compile hash is: cs_3310013607597699701
2026-09-18 18:04:02,728 ERROR:   Image build job imgjob-42280d4f85d91291dacb2ef766350f15 failed. Please check the error log in $REPO_ROOT/model_dirs/hpcasia_learning/arxiv_20260918T122621.253613Z/tuning/loader_w08_p1_s0_r1/model/cerebras_logs/20260918_180255/executors/000001/custom_worker_build.out. 
2026-09-18 18:04:02,728 INFO:   Falling back to venv mounting.
2026-09-18 18:04:02,730 INFO:   Compile was successful!
2026-09-18 18:04:02,731 INFO:   Programming Cerebras Wafer Scale Cluster for execution. This may take a few minutes.
2026-09-18 18:04:04,740 INFO:   Connectivity check: running command: ping -c 1 -W 3 10.125.8.2
2026-09-18 18:04:04,746 INFO:   Connectivity check succeeded.
2026-09-18 18:04:04,764 INFO:   Appliance client semantic version: 1.14.0, cluster server semantic version: 1.20.2, job operator semantic version: 1.20.2
2026-09-18 18:04:04,766 INFO:   Initiating a new execute wsjob against the cluster server.
2026-09-18 18:04:04,805 INFO:   Job id: wsjob-2knrtjd4ggowzj46l8kbv9, workflow id: wflow-qvxzs5mjqktupljcch59fv, namespace: job-operator, remote log path: /n1/wsjob/workdir/job-operator/wsjob-2knrtjd4ggowzj46l8kbv9
2026-09-18 18:04:24,805 INFO:   Poll ingress status: Waiting for all Chief pods to be running, current running: 0/1.
2026-09-18 18:04:24,808 INFO:   Recording the timestamp when jobs is scheduled.
2026-09-18 18:04:24,846 WARNING:   Event 2026-09-18 18:04:12 +0000 UTC reason=InconsistentVersion wsjob=wsjob-2knrtjd4ggowzj46l8kbv9 message='Warning: client semantic version 1.14.0 is inconsistent with cluster server semantic version 1.20.2, there's a risk job could fail due to inconsistent setup.'
2026-09-18 18:04:24,846 INFO:   Infrastructure setup started for job wsjob-2knrtjd4ggowzj46l8kbv9
2026-09-18 18:04:34,846 INFO:   Poll ingress status: Waiting for all Activation pods to be running, current running: 0/21.
2026-09-18 18:04:34,879 INFO:   Infrastructure setup completed successfully for job wsjob-2knrtjd4ggowzj46l8kbv9
2026-09-18 18:04:44,879 INFO:   Poll ingress status: Waiting for all Activation pods to be running, current running: 20/21.
2026-09-18 18:04:44,917 INFO:   Infrastructure setup completed successfully for job wsjob-2knrtjd4ggowzj46l8kbv9
2026-09-18 18:04:54,917 INFO:   Poll ingress status: Job ingress ready, dashboard: <internal-dashboard-url>
2026-09-18 18:04:54,949 INFO:   Infrastructure setup completed successfully for job wsjob-2knrtjd4ggowzj46l8kbv9
2026-09-18 18:04:54,949 INFO:   Poll ingress success: Job ingress ready, dashboard: <internal-dashboard-url>
2026-09-18 18:04:54,962 INFO:   Finalizing out-of-cluster job handle with ingress service url: 
2026-09-18 18:04:54,962 WARNING:   Empty ingress service url. Falling back to default server: 10.125.8.2:443
2026-09-18 18:04:55,044 INFO:   Preparing to execute using 1 CSX
2026-09-18 18:05:12,460 INFO:   About to send initial weights
2026-09-18 18:05:12,657 INFO:   Finished sending initial weights
2026-09-18 18:05:12,657 INFO:   Finalizing appliance staging for the run
2026-09-18 18:05:19,154 INFO:   Waiting for device programming to complete
2026-09-18 18:05:32,651 INFO:   Device programming is complete
2026-09-18 18:05:32,967 INFO:   Using network type: ROCE
2026-09-18 18:05:32,968 INFO:   Waiting for input workers to prime the data pipeline and begin streaming ...
2026-09-18 18:05:32,979 INFO:   Input workers have begun streaming input data
2026-09-18 18:05:33,127 INFO:   Appliance staging is complete
2026-09-18 18:05:33,127 INFO:   Beginning appliance run
2026-09-18 18:05:43,803 INFO:   | Train Device=CSX, Step=10, Loss=3.37719, Rate=2816.89 samples/sec, GlobalRate=249.20 samples/sec, LoopTimeRemaining=0:10:09, TimeRemaining=0:10:09
2026-09-18 18:05:58,330 INFO:   | Train Device=CSX, Step=20, Loss=2.83006, Rate=2904.12 samples/sec, GlobalRate=457.93 samples/sec, LoopTimeRemaining=0:10:00, TimeRemaining=0:10:00
2026-09-18 18:06:16,379 INFO:   | Train Device=CSX, Step=30, Loss=2.48321, Rate=2799.35 samples/sec, GlobalRate=623.95 samples/sec, LoopTimeRemaining=0:09:49, TimeRemaining=0:09:49
2026-09-18 18:06:31,308 INFO:   | Train Device=CSX, Step=40, Loss=2.17466, Rate=2853.59 samples/sec, GlobalRate=773.31 samples/sec, LoopTimeRemaining=0:09:39, TimeRemaining=0:09:39
2026-09-18 18:06:49,315 INFO:   | Train Device=CSX, Step=50, Loss=1.85241, Rate=2722.38 samples/sec, GlobalRate=890.92 samples/sec, LoopTimeRemaining=0:09:22, TimeRemaining=0:09:22
2026-09-18 18:07:03,932 INFO:   | Train Device=CSX, Step=60, Loss=1.63806, Rate=2780.42 samples/sec, GlobalRate=1005.18 samples/sec, LoopTimeRemaining=0:09:10, TimeRemaining=0:09:10
2026-09-18 18:07:22,099 INFO:   | Train Device=CSX, Step=70, Loss=1.52059, Rate=1631.15 samples/sec, GlobalRate=1091.60 samples/sec, LoopTimeRemaining=0:08:56, TimeRemaining=0:08:56
2026-09-18 18:07:36,648 INFO:   | Train Device=CSX, Step=80, Loss=1.42359, Rate=2797.04 samples/sec, GlobalRate=1182.07 samples/sec, LoopTimeRemaining=0:08:41, TimeRemaining=0:08:41
2026-09-18 18:07:50,999 INFO:   | Train Device=CSX, Step=90, Loss=1.41382, Rate=2914.73 samples/sec, GlobalRate=1264.37 samples/sec, LoopTimeRemaining=0:08:27, TimeRemaining=0:08:27
2026-09-18 18:08:09,088 INFO:   | Train Device=CSX, Step=100, Loss=1.31883, Rate=2822.56 samples/sec, GlobalRate=1322.79 samples/sec, LoopTimeRemaining=0:08:13, TimeRemaining=0:08:13
2026-09-18 18:08:23,906 INFO:   | Train Device=CSX, Step=110, Loss=1.27947, Rate=2884.76 samples/sec, GlobalRate=1388.62 samples/sec, LoopTimeRemaining=0:07:59, TimeRemaining=0:07:59
2026-09-18 18:08:42,219 INFO:   | Train Device=CSX, Step=120, Loss=1.21283, Rate=2780.29 samples/sec, GlobalRate=1433.92 samples/sec, LoopTimeRemaining=0:07:44, TimeRemaining=0:07:44
2026-09-18 18:08:56,915 INFO:   | Train Device=CSX, Step=130, Loss=1.25431, Rate=2766.23 samples/sec, GlobalRate=1489.55 samples/sec, LoopTimeRemaining=0:07:31, TimeRemaining=0:07:31
2026-09-18 18:09:14,800 INFO:   | Train Device=CSX, Step=140, Loss=1.17677, Rate=2375.46 samples/sec, GlobalRate=1527.70 samples/sec, LoopTimeRemaining=0:07:15, TimeRemaining=0:07:15
2026-09-18 18:09:29,485 INFO:   | Train Device=CSX, Step=150, Loss=1.18961, Rate=2780.77 samples/sec, GlobalRate=1575.20 samples/sec, LoopTimeRemaining=0:07:02, TimeRemaining=0:07:02
2026-09-18 18:09:43,840 INFO:   | Train Device=CSX, Step=160, Loss=1.17591, Rate=2958.43 samples/sec, GlobalRate=1620.57 samples/sec, LoopTimeRemaining=0:06:46, TimeRemaining=0:06:46
2026-09-18 18:10:02,036 INFO:   | Train Device=CSX, Step=170, Loss=1.11490, Rate=2806.82 samples/sec, GlobalRate=1647.72 samples/sec, LoopTimeRemaining=0:06:33, TimeRemaining=0:06:33
2026-09-18 18:10:16,511 INFO:   | Train Device=CSX, Step=180, Loss=1.16431, Rate=2909.77 samples/sec, GlobalRate=1686.86 samples/sec, LoopTimeRemaining=0:06:18, TimeRemaining=0:06:18
2026-09-18 18:10:34,589 INFO:   | Train Device=CSX, Step=190, Loss=1.17256, Rate=2793.94 samples/sec, GlobalRate=1709.85 samples/sec, LoopTimeRemaining=0:06:03, TimeRemaining=0:06:03
2026-09-18 18:10:49,237 INFO:   | Train Device=CSX, Step=200, Loss=1.15904, Rate=2802.75 samples/sec, GlobalRate=1743.73 samples/sec, LoopTimeRemaining=0:05:50, TimeRemaining=0:05:50
2026-09-18 18:11:07,638 INFO:   | Train Device=CSX, Step=210, Loss=1.11809, Rate=2632.71 samples/sec, GlobalRate=1761.91 samples/sec, LoopTimeRemaining=0:05:35, TimeRemaining=0:05:35
2026-09-18 18:11:22,214 INFO:   | Train Device=CSX, Step=220, Loss=1.11506, Rate=2812.92 samples/sec, GlobalRate=1792.29 samples/sec, LoopTimeRemaining=0:05:21, TimeRemaining=0:05:21
2026-09-18 18:11:36,416 INFO:   | Train Device=CSX, Step=230, Loss=1.00655, Rate=2955.45 samples/sec, GlobalRate=1822.29 samples/sec, LoopTimeRemaining=0:05:05, TimeRemaining=0:05:05
2026-09-18 18:11:54,742 INFO:   | Train Device=CSX, Step=240, Loss=1.11497, Rate=2770.78 samples/sec, GlobalRate=1836.42 samples/sec, LoopTimeRemaining=0:04:51, TimeRemaining=0:04:51
2026-09-18 18:12:09,575 INFO:   | Train Device=CSX, Step=250, Loss=1.07827, Rate=2888.18 samples/sec, GlobalRate=1861.36 samples/sec, LoopTimeRemaining=0:04:36, TimeRemaining=0:04:36
2026-09-18 18:12:27,873 INFO:   | Train Device=CSX, Step=260, Loss=1.07885, Rate=2823.71 samples/sec, GlobalRate=1873.50 samples/sec, LoopTimeRemaining=0:04:22, TimeRemaining=0:04:22
2026-09-18 18:12:42,631 INFO:   | Train Device=CSX, Step=270, Loss=1.08083, Rate=2640.68 samples/sec, GlobalRate=1896.32 samples/sec, LoopTimeRemaining=0:04:07, TimeRemaining=0:04:07
2026-09-18 18:13:00,843 INFO:   | Train Device=CSX, Step=280, Loss=1.11849, Rate=2496.78 samples/sec, GlobalRate=1907.01 samples/sec, LoopTimeRemaining=0:03:53, TimeRemaining=0:03:53
2026-09-18 18:13:15,499 INFO:   | Train Device=CSX, Step=290, Loss=1.06843, Rate=2783.40 samples/sec, GlobalRate=1928.12 samples/sec, LoopTimeRemaining=0:03:38, TimeRemaining=0:03:38
2026-09-18 18:13:33,408 INFO:   | Train Device=CSX, Step=300, Loss=1.02315, Rate=1652.41 samples/sec, GlobalRate=1938.27 samples/sec, LoopTimeRemaining=0:03:23, TimeRemaining=0:03:23
2026-09-18 18:13:48,429 INFO:   | Train Device=CSX, Step=310, Loss=1.04774, Rate=2499.61 samples/sec, GlobalRate=1956.52 samples/sec, LoopTimeRemaining=0:03:09, TimeRemaining=0:03:09
2026-09-18 18:14:02,963 INFO:   | Train Device=CSX, Step=320, Loss=1.09656, Rate=2889.55 samples/sec, GlobalRate=1975.39 samples/sec, LoopTimeRemaining=0:02:54, TimeRemaining=0:02:54
2026-09-18 18:14:21,131 INFO:   | Train Device=CSX, Step=330, Loss=1.02357, Rate=2819.79 samples/sec, GlobalRate=1982.83 samples/sec, LoopTimeRemaining=0:02:40, TimeRemaining=0:02:40
2026-09-18 18:14:35,900 INFO:   | Train Device=CSX, Step=340, Loss=1.03504, Rate=2881.78 samples/sec, GlobalRate=1999.60 samples/sec, LoopTimeRemaining=0:02:26, TimeRemaining=0:02:26
2026-09-18 18:14:54,029 INFO:   | Train Device=CSX, Step=350, Loss=0.99137, Rate=2712.17 samples/sec, GlobalRate=2006.19 samples/sec, LoopTimeRemaining=0:02:11, TimeRemaining=0:02:11
2026-09-18 18:15:08,942 INFO:   | Train Device=CSX, Step=360, Loss=1.03419, Rate=2743.39 samples/sec, GlobalRate=2021.32 samples/sec, LoopTimeRemaining=0:01:57, TimeRemaining=0:01:57
2026-09-18 18:15:27,032 INFO:   | Train Device=CSX, Step=370, Loss=1.01350, Rate=2322.71 samples/sec, GlobalRate=2027.20 samples/sec, LoopTimeRemaining=0:01:42, TimeRemaining=0:01:42
2026-09-18 18:15:41,719 INFO:   | Train Device=CSX, Step=380, Loss=1.02233, Rate=2783.37 samples/sec, GlobalRate=2041.87 samples/sec, LoopTimeRemaining=0:01:27, TimeRemaining=0:01:27
2026-09-18 18:15:56,235 INFO:   | Train Device=CSX, Step=390, Loss=1.02352, Rate=2883.63 samples/sec, GlobalRate=2056.45 samples/sec, LoopTimeRemaining=0:01:13, TimeRemaining=0:01:13
2026-09-18 18:16:14,448 INFO:   | Train Device=CSX, Step=400, Loss=0.95176, Rate=2798.55 samples/sec, GlobalRate=2060.86 samples/sec, LoopTimeRemaining=0:00:58, TimeRemaining=0:00:58
2026-09-18 18:16:28,954 INFO:   | Train Device=CSX, Step=410, Loss=1.01225, Rate=2878.72 samples/sec, GlobalRate=2074.53 samples/sec, LoopTimeRemaining=0:00:44, TimeRemaining=0:00:44
2026-09-18 18:16:47,019 INFO:   | Train Device=CSX, Step=420, Loss=1.01939, Rate=2809.87 samples/sec, GlobalRate=2078.74 samples/sec, LoopTimeRemaining=0:00:29, TimeRemaining=0:00:29
2026-09-18 18:17:01,765 INFO:   | Train Device=CSX, Step=430, Loss=1.00939, Rate=2820.82 samples/sec, GlobalRate=2090.97 samples/sec, LoopTimeRemaining=0:00:15, TimeRemaining=0:00:15
2026-09-18 18:17:20,155 INFO:   | Train Device=CSX, Step=440, Loss=0.98283, Rate=2544.34 samples/sec, GlobalRate=2093.89 samples/sec, LoopTimeRemaining=0:00:00, TimeRemaining=0:00:00
2026-09-18 18:17:20,258 INFO:   Training completed successfully!
2026-09-18 18:17:20,269 INFO:   Processed 1802240 training sample(s) in 863.564354119 seconds.
