$REPO_ROOT/.venv/lib/python3.11/site-packages/outdated/__init__.py:36: UserWarning: pkg_resources is deprecated as an API. See https://setuptools.pypa.io/en/latest/pkg_resources.html. The pkg_resources package is slated for removal as early as 2025-11-30. Refrain from using this package or pin to Setuptools<81.
  from pkg_resources import parse_version
[ddp] Single-process mode: device=cuda
[Info] Running in Single-Process mode (CPU or Single GPU).
[Info] Device: cuda
[GraphCache] Caching disabled (0 nodes).
[Step=0010] Wall=5.7221s | Loss=6.1086
[Profile] Avg ms/step | Load: 35.030 (Prep: 18.186, Struc: 0.381, Fetch: 16.463) | Fwd: 487.106 | Bwd: 43.356 | Opt: 4.313 | GPU_Tot: 551.619
[Autotune] {"version": 1, "step": 10, "wall_seconds": 5.7221415959938895, "seed_nodes": 40960, "loss": 6.108623886108399, "all_losses_finite": true}
[Step=0020] Wall=6.0179s | Loss=3.2665
[Profile] Avg ms/step | Load: 22.796 (Prep: 9.117, Struc: 0.338, Fetch: 13.341) | Fwd: 247.862 | Bwd: 26.523 | Opt: 2.430 | GPU_Tot: 290.494
[Autotune] {"version": 1, "step": 20, "wall_seconds": 6.017883257998619, "seed_nodes": 81920, "loss": 3.266450119018555, "all_losses_finite": true}
[Step=0030] Wall=6.4205s | Loss=2.6782
[Profile] Avg ms/step | Load: 22.534 (Prep: 8.426, Struc: 0.328, Fetch: 13.780) | Fwd: 167.996 | Bwd: 20.762 | Opt: 1.813 | GPU_Tot: 204.679
[Autotune] {"version": 1, "step": 30, "wall_seconds": 6.42054555399227, "seed_nodes": 119613, "loss": 2.67823486328125, "all_losses_finite": true}
[Step=0040] Wall=6.7243s | Loss=2.3303
[Profile] Avg ms/step | Load: 0.000 (Prep: 0.000, Struc: 0.000, Fetch: 0.000) | Fwd: 0.000 | Bwd: 0.000 | Opt: 0.000 | GPU_Tot: 0.000
[Autotune] {"version": 1, "step": 40, "wall_seconds": 6.724261300987564, "seed_nodes": 160573, "loss": 2.3303195953369142, "all_losses_finite": true}
[Step=0050] Wall=7.0899s | Loss=2.0804
[Profile] Avg ms/step | Load: 18.404 (Prep: 5.490, Struc: 0.295, Fetch: 12.619) | Fwd: 8.212 | Bwd: 9.201 | Opt: 0.571 | GPU_Tot: 30.898
[Autotune] {"version": 1, "step": 50, "wall_seconds": 7.089850174001185, "seed_nodes": 198266, "loss": 2.0803764343261717, "all_losses_finite": true}
[Step=0060] Wall=7.4228s | Loss=1.8729
[Profile] Avg ms/step | Load: 16.286 (Prep: 3.264, Struc: 0.298, Fetch: 12.724) | Fwd: 8.443 | Bwd: 9.465 | Opt: 0.567 | GPU_Tot: 31.497
[Autotune] {"version": 1, "step": 60, "wall_seconds": 7.422790825978154, "seed_nodes": 239226, "loss": 1.872915267944336, "all_losses_finite": true}
[Step=0070] Wall=7.7811s | Loss=1.7499
[Profile] Avg ms/step | Load: 16.752 (Prep: 4.619, Struc: 0.295, Fetch: 11.839) | Fwd: 8.365 | Bwd: 9.381 | Opt: 0.566 | GPU_Tot: 30.445
[Autotune] {"version": 1, "step": 70, "wall_seconds": 7.781088972988073, "seed_nodes": 276919, "loss": 1.7499286651611328, "all_losses_finite": true}
[Step=0080] Wall=8.1396s | Loss=1.6294
[Profile] Avg ms/step | Load: 16.741 (Prep: 3.693, Struc: 0.296, Fetch: 12.752) | Fwd: 8.442 | Bwd: 9.464 | Opt: 0.573 | GPU_Tot: 31.527
[Autotune] {"version": 1, "step": 80, "wall_seconds": 8.139598755980842, "seed_nodes": 317879, "loss": 1.6293916702270508, "all_losses_finite": true}
[Step=0090] Wall=8.4379s | Loss=1.5418
[Profile] Avg ms/step | Load: 15.541 (Prep: 2.965, Struc: 0.296, Fetch: 12.280) | Fwd: 8.485 | Bwd: 9.518 | Opt: 0.567 | GPU_Tot: 31.147
[Autotune] {"version": 1, "step": 90, "wall_seconds": 8.437858110002708, "seed_nodes": 358839, "loss": 1.541842269897461, "all_losses_finite": true}
[Step=0100] Wall=8.8457s | Loss=1.4733
[Profile] Avg ms/step | Load: 16.718 (Prep: 3.751, Struc: 0.296, Fetch: 12.671) | Fwd: 8.442 | Bwd: 9.464 | Opt: 0.570 | GPU_Tot: 31.443
[Autotune] {"version": 1, "step": 100, "wall_seconds": 8.845655700977659, "seed_nodes": 396532, "loss": 1.4733154296875, "all_losses_finite": true}
[Step=0110] Wall=9.1447s | Loss=1.4102
[Profile] Avg ms/step | Load: 15.872 (Prep: 3.222, Struc: 0.296, Fetch: 12.353) | Fwd: 8.474 | Bwd: 9.506 | Opt: 0.566 | GPU_Tot: 31.195
[Autotune] {"version": 1, "step": 110, "wall_seconds": 9.144724084006157, "seed_nodes": 437492, "loss": 1.410192108154297, "all_losses_finite": true}
[Step=0120] Wall=9.5375s | Loss=1.3851
[Profile] Avg ms/step | Load: 16.519 (Prep: 3.747, Struc: 0.295, Fetch: 12.477) | Fwd: 8.446 | Bwd: 9.472 | Opt: 0.567 | GPU_Tot: 31.257
[Autotune] {"version": 1, "step": 120, "wall_seconds": 9.537515806005104, "seed_nodes": 475185, "loss": 1.3850677490234375, "all_losses_finite": true}
[Step=0130] Wall=9.8683s | Loss=1.3602
[Profile] Avg ms/step | Load: 16.235 (Prep: 3.444, Struc: 0.296, Fetch: 12.495) | Fwd: 8.470 | Bwd: 9.500 | Opt: 0.567 | GPU_Tot: 31.328
[Autotune] {"version": 1, "step": 130, "wall_seconds": 9.868321148998803, "seed_nodes": 516145, "loss": 1.3601563453674317, "all_losses_finite": true}
[Step=0140] Wall=10.2180s | Loss=1.3177
[Profile] Avg ms/step | Load: 16.283 (Prep: 3.594, Struc: 0.296, Fetch: 12.394) | Fwd: 8.447 | Bwd: 9.473 | Opt: 0.570 | GPU_Tot: 31.180
[Autotune] {"version": 1, "step": 140, "wall_seconds": 10.217968590004602, "seed_nodes": 553838, "loss": 1.3176673889160155, "all_losses_finite": true}
[Step=0150] Wall=10.5619s | Loss=1.3056
[Profile] Avg ms/step | Load: 16.188 (Prep: 3.369, Struc: 0.296, Fetch: 12.523) | Fwd: 8.468 | Bwd: 9.497 | Opt: 0.570 | GPU_Tot: 31.355
[Autotune] {"version": 1, "step": 150, "wall_seconds": 10.56185294498573, "seed_nodes": 594798, "loss": 1.3056002616882325, "all_losses_finite": true}
[Step=0160] Wall=10.8594s | Loss=1.2721
[Profile] Avg ms/step | Load: 15.729 (Prep: 3.092, Struc: 0.296, Fetch: 12.340) | Fwd: 8.484 | Bwd: 9.517 | Opt: 0.569 | GPU_Tot: 31.206
[Autotune] {"version": 1, "step": 160, "wall_seconds": 10.85941053100396, "seed_nodes": 635758, "loss": 1.272141456604004, "all_losses_finite": true}
[Step=0170] Wall=11.2910s | Loss=1.2581
[Profile] Avg ms/step | Load: 16.435 (Prep: 3.457, Struc: 0.297, Fetch: 12.682) | Fwd: 8.467 | Bwd: 9.494 | Opt: 0.570 | GPU_Tot: 31.510
[Autotune] {"version": 1, "step": 170, "wall_seconds": 11.29097520999494, "seed_nodes": 673451, "loss": 1.2581070899963378, "all_losses_finite": true}
[Step=0180] Wall=11.5905s | Loss=1.2577
[Profile] Avg ms/step | Load: 16.039 (Prep: 3.213, Struc: 0.297, Fetch: 12.530) | Fwd: 8.480 | Bwd: 9.509 | Opt: 0.569 | GPU_Tot: 31.384
[Autotune] {"version": 1, "step": 180, "wall_seconds": 11.590476685989415, "seed_nodes": 714411, "loss": 1.2577208518981933, "all_losses_finite": true}
[Step=0190] Wall=11.9720s | Loss=1.2072
[Profile] Avg ms/step | Load: 16.295 (Prep: 3.372, Struc: 0.296, Fetch: 12.627) | Fwd: 8.466 | Bwd: 9.492 | Opt: 0.571 | GPU_Tot: 31.452
[Autotune] {"version": 1, "step": 190, "wall_seconds": 11.972022651985753, "seed_nodes": 752104, "loss": 1.2072477340698242, "all_losses_finite": true}
[Step=0200] Wall=12.2900s | Loss=1.2124
[Profile] Avg ms/step | Load: 16.070 (Prep: 3.230, Struc: 0.297, Fetch: 12.544) | Fwd: 8.477 | Bwd: 9.507 | Opt: 0.570 | GPU_Tot: 31.395
[Autotune] {"version": 1, "step": 200, "wall_seconds": 12.289994385006139, "seed_nodes": 793064, "loss": 1.2124223709106445, "all_losses_finite": true}
[Step=0210] Wall=12.6739s | Loss=1.2222
[Profile] Avg ms/step | Load: 16.315 (Prep: 3.508, Struc: 0.296, Fetch: 12.511) | Fwd: 8.462 | Bwd: 9.489 | Opt: 0.569 | GPU_Tot: 31.328
[Autotune] {"version": 1, "step": 210, "wall_seconds": 12.67386762998649, "seed_nodes": 830757, "loss": 1.2222320556640625, "all_losses_finite": true}
[Step=0220] Wall=13.0142s | Loss=1.1988
[Profile] Avg ms/step | Load: 16.236 (Prep: 3.368, Struc: 0.297, Fetch: 12.571) | Fwd: 8.475 | Bwd: 9.503 | Opt: 0.569 | GPU_Tot: 31.414
[Autotune] {"version": 1, "step": 220, "wall_seconds": 13.014173234987538, "seed_nodes": 871717, "loss": 1.1987884521484375, "all_losses_finite": true}
[Step=0230] Wall=13.3013s | Loss=1.1782
[Profile] Avg ms/step | Load: 15.938 (Prep: 3.194, Struc: 0.296, Fetch: 12.448) | Fwd: 8.461 | Bwd: 9.488 | Opt: 0.568 | GPU_Tot: 31.261
[Autotune] {"version": 1, "step": 230, "wall_seconds": 13.301292832999025, "seed_nodes": 909410, "loss": 1.1781632423400878, "all_losses_finite": true}
[Step=0240] Wall=13.7317s | Loss=1.1724
[Profile] Avg ms/step | Load: 16.333 (Prep: 3.420, Struc: 0.296, Fetch: 12.617) | Fwd: 8.474 | Bwd: 9.499 | Opt: 0.569 | GPU_Tot: 31.456
[Autotune] {"version": 1, "step": 240, "wall_seconds": 13.731690910994075, "seed_nodes": 950370, "loss": 1.172393226623535, "all_losses_finite": true}
[Step=0250] Wall=14.0299s | Loss=1.1693
[Profile] Avg ms/step | Load: 16.068 (Prep: 3.259, Struc: 0.296, Fetch: 12.512) | Fwd: 8.482 | Bwd: 9.509 | Opt: 0.568 | GPU_Tot: 31.368
[Autotune] {"version": 1, "step": 250, "wall_seconds": 14.02986317500472, "seed_nodes": 991330, "loss": 1.1692960739135743, "all_losses_finite": true}
[Step=0260] Wall=14.4358s | Loss=1.1428
[Profile] Avg ms/step | Load: 16.354 (Prep: 3.426, Struc: 0.296, Fetch: 12.632) | Fwd: 8.471 | Bwd: 9.495 | Opt: 0.569 | GPU_Tot: 31.464
[Autotune] {"version": 1, "step": 260, "wall_seconds": 14.435765004978748, "seed_nodes": 1029023, "loss": 1.1428117752075195, "all_losses_finite": true}
[Step=0270] Wall=14.7422s | Loss=1.1421
[Profile] Avg ms/step | Load: 16.145 (Prep: 3.279, Struc: 0.296, Fetch: 12.570) | Fwd: 8.480 | Bwd: 9.506 | Opt: 0.568 | GPU_Tot: 31.420
[Autotune] {"version": 1, "step": 270, "wall_seconds": 14.742249887989601, "seed_nodes": 1069983, "loss": 1.1420605659484864, "all_losses_finite": true}
[Step=0280] Wall=15.1123s | Loss=1.1495
[Profile] Avg ms/step | Load: 16.258 (Prep: 3.369, Struc: 0.296, Fetch: 12.592) | Fwd: 8.469 | Bwd: 9.493 | Opt: 0.569 | GPU_Tot: 31.420
[Autotune] {"version": 1, "step": 280, "wall_seconds": 15.112342737003928, "seed_nodes": 1107676, "loss": 1.1494587898254394, "all_losses_finite": true}
[Step=0290] Wall=15.4454s | Loss=1.1381
[Profile] Avg ms/step | Load: 16.177 (Prep: 3.277, Struc: 0.296, Fetch: 12.604) | Fwd: 8.476 | Bwd: 9.502 | Opt: 0.568 | GPU_Tot: 31.446
[Autotune] {"version": 1, "step": 290, "wall_seconds": 15.44542785998783, "seed_nodes": 1148636, "loss": 1.1380651473999024, "all_losses_finite": true}
[Step=0300] Wall=15.8143s | Loss=1.1304
[Profile] Avg ms/step | Load: 16.273 (Prep: 3.454, Struc: 0.296, Fetch: 12.522) | Fwd: 8.468 | Bwd: 9.492 | Opt: 0.568 | GPU_Tot: 31.346
[Autotune] {"version": 1, "step": 300, "wall_seconds": 15.814313610986574, "seed_nodes": 1186329, "loss": 1.1303796768188477, "all_losses_finite": true}
[Step=0310] Wall=16.1848s | Loss=1.1226
[Profile] Avg ms/step | Load: 16.333 (Prep: 3.369, Struc: 0.296, Fetch: 12.667) | Fwd: 8.476 | Bwd: 9.500 | Opt: 0.569 | GPU_Tot: 31.508
[Autotune] {"version": 1, "step": 310, "wall_seconds": 16.18483624397777, "seed_nodes": 1227289, "loss": 1.1226143836975098, "all_losses_finite": true}
[Step=0320] Wall=16.4899s | Loss=1.1146
[Profile] Avg ms/step | Load: 16.158 (Prep: 3.251, Struc: 0.296, Fetch: 12.611) | Fwd: 8.482 | Bwd: 9.508 | Opt: 0.568 | GPU_Tot: 31.466
[Autotune] {"version": 1, "step": 320, "wall_seconds": 16.489934279990848, "seed_nodes": 1268249, "loss": 1.1146345138549805, "all_losses_finite": true}
[Step=0330] Wall=16.9062s | Loss=1.1061
[Profile] Avg ms/step | Load: 16.408 (Prep: 3.412, Struc: 0.296, Fetch: 12.700) | Fwd: 8.474 | Bwd: 9.498 | Opt: 0.569 | GPU_Tot: 31.537
[Autotune] {"version": 1, "step": 330, "wall_seconds": 16.906231739994837, "seed_nodes": 1305942, "loss": 1.1060789108276368, "all_losses_finite": true}
[Step=0340] Wall=17.2108s | Loss=1.1188
[Profile] Avg ms/step | Load: 16.239 (Prep: 3.300, Struc: 0.296, Fetch: 12.644) | Fwd: 8.481 | Bwd: 9.506 | Opt: 0.568 | GPU_Tot: 31.494
[Autotune] {"version": 1, "step": 340, "wall_seconds": 17.21077660098672, "seed_nodes": 1346902, "loss": 1.1188201904296875, "all_losses_finite": true}
[Step=0350] Wall=17.5934s | Loss=1.1117
[Profile] Avg ms/step | Load: 16.362 (Prep: 3.403, Struc: 0.296, Fetch: 12.663) | Fwd: 8.473 | Bwd: 9.497 | Opt: 0.568 | GPU_Tot: 31.497
[Autotune] {"version": 1, "step": 350, "wall_seconds": 17.593425807979656, "seed_nodes": 1384595, "loss": 1.1117064476013183, "all_losses_finite": true}
[Step=0360] Wall=17.9157s | Loss=1.1053
[Profile] Avg ms/step | Load: 16.261 (Prep: 3.329, Struc: 0.296, Fetch: 12.637) | Fwd: 8.479 | Bwd: 9.504 | Opt: 0.568 | GPU_Tot: 31.483
[Autotune] {"version": 1, "step": 360, "wall_seconds": 17.915671017981367, "seed_nodes": 1425555, "loss": 1.1053300857543946, "all_losses_finite": true}
[Step=0370] Wall=18.2699s | Loss=1.0782
[Profile] Avg ms/step | Load: 16.291 (Prep: 3.391, Struc: 0.296, Fetch: 12.604) | Fwd: 8.471 | Bwd: 9.496 | Opt: 0.567 | GPU_Tot: 31.435
[Autotune] {"version": 1, "step": 370, "wall_seconds": 18.26988132999395, "seed_nodes": 1463248, "loss": 1.078227424621582, "all_losses_finite": true}
[Step=0380] Wall=18.6180s | Loss=1.0889
[Profile] Avg ms/step | Load: 16.273 (Prep: 3.324, Struc: 0.296, Fetch: 12.652) | Fwd: 8.478 | Bwd: 9.502 | Opt: 0.568 | GPU_Tot: 31.496
[Autotune] {"version": 1, "step": 380, "wall_seconds": 18.617978427995695, "seed_nodes": 1504208, "loss": 1.0888547897338867, "all_losses_finite": true}
[Step=0390] Wall=18.9168s | Loss=1.0756
[Profile] Avg ms/step | Load: 16.116 (Prep: 3.231, Struc: 0.296, Fetch: 12.589) | Fwd: 8.483 | Bwd: 9.509 | Opt: 0.567 | GPU_Tot: 31.444
[Autotune] {"version": 1, "step": 390, "wall_seconds": 18.916793123993557, "seed_nodes": 1545168, "loss": 1.0755964279174806, "all_losses_finite": true}
[Step=0400] Wall=19.3372s | Loss=1.0806
[Profile] Avg ms/step | Load: 16.328 (Prep: 3.348, Struc: 0.296, Fetch: 12.683) | Fwd: 8.477 | Bwd: 9.501 | Opt: 0.569 | GPU_Tot: 31.526
[Autotune] {"version": 1, "step": 400, "wall_seconds": 19.337229473982006, "seed_nodes": 1582861, "loss": 1.0806187629699706, "all_losses_finite": true}
[Step=0410] Wall=19.6376s | Loss=1.0748
[Profile] Avg ms/step | Load: 16.182 (Prep: 3.259, Struc: 0.296, Fetch: 12.626) | Fwd: 8.482 | Bwd: 9.508 | Opt: 0.568 | GPU_Tot: 31.481
[Autotune] {"version": 1, "step": 410, "wall_seconds": 19.637595095002325, "seed_nodes": 1623821, "loss": 1.0747600555419923, "all_losses_finite": true}
[Step=0420] Wall=20.0334s | Loss=1.0840
[Profile] Avg ms/step | Load: 16.317 (Prep: 3.347, Struc: 0.296, Fetch: 12.674) | Fwd: 8.477 | Bwd: 9.501 | Opt: 0.569 | GPU_Tot: 31.516
[Autotune] {"version": 1, "step": 420, "wall_seconds": 20.033395246980945, "seed_nodes": 1661514, "loss": 1.0840261459350586, "all_losses_finite": true}
[Step=0430] Wall=20.3479s | Loss=1.0618
[Profile] Avg ms/step | Load: 16.215 (Prep: 3.283, Struc: 0.296, Fetch: 12.636) | Fwd: 8.482 | Bwd: 9.506 | Opt: 0.568 | GPU_Tot: 31.489
[Autotune] {"version": 1, "step": 430, "wall_seconds": 20.34786071200506, "seed_nodes": 1702474, "loss": 1.0617630004882812, "all_losses_finite": true}
[Step=0440] Wall=20.7145s | Loss=1.0755
[Profile] Avg ms/step | Load: 16.270 (Prep: 3.350, Struc: 0.296, Fetch: 12.624) | Fwd: 8.476 | Bwd: 9.500 | Opt: 0.568 | GPU_Tot: 31.465
[Autotune] {"version": 1, "step": 440, "wall_seconds": 20.714514659979613, "seed_nodes": 1740167, "loss": 1.0755193710327149, "all_losses_finite": true}
[Step=0450] Wall=21.0519s | Loss=1.0604
[Profile] Avg ms/step | Load: 16.229 (Prep: 3.289, Struc: 0.296, Fetch: 12.644) | Fwd: 8.481 | Bwd: 9.506 | Opt: 0.568 | GPU_Tot: 31.495
[Autotune] {"version": 1, "step": 450, "wall_seconds": 21.051858847989934, "seed_nodes": 1781127, "loss": 1.0603997230529785, "all_losses_finite": true}
[Step=0460] Wall=21.3354s | Loss=1.0470
[Profile] Avg ms/step | Load: 16.085 (Prep: 3.212, Struc: 0.296, Fetch: 12.577) | Fwd: 8.475 | Bwd: 9.499 | Opt: 0.568 | GPU_Tot: 31.416
[Autotune] {"version": 1, "step": 460, "wall_seconds": 21.335419663984794, "seed_nodes": 1818820, "loss": 1.046975040435791, "all_losses_finite": true}
[Step=0470] Wall=21.7624s | Loss=1.0577
[Profile] Avg ms/step | Load: 16.258 (Prep: 3.312, Struc: 0.296, Fetch: 12.649) | Fwd: 8.481 | Bwd: 9.504 | Opt: 0.568 | GPU_Tot: 31.499
[Autotune] {"version": 1, "step": 470, "wall_seconds": 21.76238767799805, "seed_nodes": 1859780, "loss": 1.0576632499694825, "all_losses_finite": true}
[Step=0480] Wall=22.0627s | Loss=1.0528
[Profile] Avg ms/step | Load: 16.136 (Prep: 3.238, Struc: 0.296, Fetch: 12.602) | Fwd: 8.485 | Bwd: 9.510 | Opt: 0.568 | GPU_Tot: 31.461
[Autotune] {"version": 1, "step": 480, "wall_seconds": 22.06269158498617, "seed_nodes": 1900740, "loss": 1.0527971267700196, "all_losses_finite": true}
[Step=0490] Wall=22.4662s | Loss=1.0474
[Profile] Avg ms/step | Load: 16.269 (Prep: 3.318, Struc: 0.296, Fetch: 12.655) | Fwd: 8.480 | Bwd: 9.503 | Opt: 0.568 | GPU_Tot: 31.503
[Autotune] {"version": 1, "step": 490, "wall_seconds": 22.466231589001836, "seed_nodes": 1938433, "loss": 1.0473575592041016, "all_losses_finite": true}
[Step=0500] Wall=22.7665s | Loss=1.0491
[Profile] Avg ms/step | Load: 16.152 (Prep: 3.247, Struc: 0.296, Fetch: 12.609) | Fwd: 8.484 | Bwd: 9.509 | Opt: 0.568 | GPU_Tot: 31.467
[Autotune] {"version": 1, "step": 500, "wall_seconds": 22.766459720005514, "seed_nodes": 1979393, "loss": 1.0490800857543945, "all_losses_finite": true}
[Step=0510] Wall=23.1613s | Loss=1.0320
[Profile] Avg ms/step | Load: 16.261 (Prep: 3.347, Struc: 0.296, Fetch: 12.618) | Fwd: 8.480 | Bwd: 9.503 | Opt: 0.568 | GPU_Tot: 31.465
[Autotune] {"version": 1, "step": 510, "wall_seconds": 23.161283341993112, "seed_nodes": 2017086, "loss": 1.0320256233215332, "all_losses_finite": true}
[Step=0520] Wall=23.4956s | Loss=1.0526
[Profile] Avg ms/step | Load: 16.221 (Prep: 3.294, Struc: 0.296, Fetch: 12.630) | Fwd: 8.483 | Bwd: 9.507 | Opt: 0.568 | GPU_Tot: 31.485
[Autotune] {"version": 1, "step": 520, "wall_seconds": 23.495556947978912, "seed_nodes": 2058046, "loss": 1.052640438079834, "all_losses_finite": true}
[Step=0530] Wall=23.8451s | Loss=1.0403
[Profile] Avg ms/step | Load: 16.233 (Prep: 3.346, Struc: 0.296, Fetch: 12.590) | Fwd: 8.478 | Bwd: 9.501 | Opt: 0.568 | GPU_Tot: 31.434
[Autotune] {"version": 1, "step": 530, "wall_seconds": 23.84508007299155, "seed_nodes": 2095739, "loss": 1.040277862548828, "all_losses_finite": true}
[Step=0540] Wall=24.2000s | Loss=1.0333
[Profile] Avg ms/step | Load: 16.235 (Prep: 3.298, Struc: 0.296, Fetch: 12.641) | Fwd: 8.482 | Bwd: 9.505 | Opt: 0.568 | GPU_Tot: 31.493
[Autotune] {"version": 1, "step": 540, "wall_seconds": 24.200019960000645, "seed_nodes": 2136699, "loss": 1.0332514762878418, "all_losses_finite": true}
[Step=0550] Wall=24.5001s | Loss=1.0475
[Profile] Avg ms/step | Load: 16.131 (Prep: 3.234, Struc: 0.296, Fetch: 12.600) | Fwd: 8.486 | Bwd: 9.510 | Opt: 0.568 | GPU_Tot: 31.460
[Autotune] {"version": 1, "step": 550, "wall_seconds": 24.50007561899838, "seed_nodes": 2177659, "loss": 1.0475286483764648, "all_losses_finite": true}
[Step=0560] Wall=24.9108s | Loss=1.0495
[Profile] Avg ms/step | Load: 16.260 (Prep: 3.306, Struc: 0.296, Fetch: 12.658) | Fwd: 8.481 | Bwd: 9.504 | Opt: 0.568 | GPU_Tot: 31.507
[Autotune] {"version": 1, "step": 560, "wall_seconds": 24.910800825979095, "seed_nodes": 2215352, "loss": 1.0494583129882813, "all_losses_finite": true}
[Step=0570] Wall=25.2119s | Loss=1.0247
[Profile] Avg ms/step | Load: 16.161 (Prep: 3.244, Struc: 0.296, Fetch: 12.621) | Fwd: 8.485 | Bwd: 9.508 | Opt: 0.568 | GPU_Tot: 31.477
[Autotune] {"version": 1, "step": 570, "wall_seconds": 25.211867134989006, "seed_nodes": 2256312, "loss": 1.0247212409973145, "all_losses_finite": true}
[Step=0580] Wall=25.5995s | Loss=1.0259
[Profile] Avg ms/step | Load: 16.243 (Prep: 3.315, Struc: 0.296, Fetch: 12.632) | Fwd: 8.480 | Bwd: 9.502 | Opt: 0.568 | GPU_Tot: 31.479
[Autotune] {"version": 1, "step": 580, "wall_seconds": 25.59946687100455, "seed_nodes": 2294005, "loss": 1.0258861541748048, "all_losses_finite": true}
[Step=0590] Wall=25.9221s | Loss=1.0157
[Profile] Avg ms/step | Load: 16.187 (Prep: 3.272, Struc: 0.296, Fetch: 12.618) | Fwd: 8.484 | Bwd: 9.506 | Opt: 0.568 | GPU_Tot: 31.472
[Autotune] {"version": 1, "step": 590, "wall_seconds": 25.922050716995727, "seed_nodes": 2334965, "loss": 1.0156561851501464, "all_losses_finite": true}
[Step=0600] Wall=26.2925s | Loss=1.0201
[Profile] Avg ms/step | Load: 16.234 (Prep: 3.348, Struc: 0.296, Fetch: 12.590) | Fwd: 8.480 | Bwd: 9.502 | Opt: 0.568 | GPU_Tot: 31.435
[Autotune] {"version": 1, "step": 600, "wall_seconds": 26.29253373297979, "seed_nodes": 2372658, "loss": 1.0200718879699706, "all_losses_finite": true}
[Step=0610] Wall=26.6445s | Loss=1.0162
[Profile] Avg ms/step | Load: 16.231 (Prep: 3.306, Struc: 0.299, Fetch: 12.626) | Fwd: 8.483 | Bwd: 9.506 | Opt: 0.568 | GPU_Tot: 31.481
[Autotune] {"version": 1, "step": 610, "wall_seconds": 26.644515320978826, "seed_nodes": 2413618, "loss": 1.016226100921631, "all_losses_finite": true}
[Step=0620] Wall=26.9437s | Loss=1.0119
[Profile] Avg ms/step | Load: 16.137 (Prep: 3.250, Struc: 0.299, Fetch: 12.589) | Fwd: 8.486 | Bwd: 9.509 | Opt: 0.567 | GPU_Tot: 31.451
[Autotune] {"version": 1, "step": 620, "wall_seconds": 26.94367260899162, "seed_nodes": 2454578, "loss": 1.011937427520752, "all_losses_finite": true}
[Step=0630] Wall=27.3361s | Loss=1.0179
[Profile] Avg ms/step | Load: 16.220 (Prep: 3.293, Struc: 0.299, Fetch: 12.629) | Fwd: 8.482 | Bwd: 9.504 | Opt: 0.568 | GPU_Tot: 31.482
[Autotune] {"version": 1, "step": 630, "wall_seconds": 27.336094558995683, "seed_nodes": 2492271, "loss": 1.0179182052612306, "all_losses_finite": true}
[Step=0640] Wall=27.6376s | Loss=1.0115
[Profile] Avg ms/step | Load: 16.133 (Prep: 3.239, Struc: 0.299, Fetch: 12.596) | Fwd: 8.486 | Bwd: 9.508 | Opt: 0.568 | GPU_Tot: 31.456
[Autotune] {"version": 1, "step": 640, "wall_seconds": 27.63756474998081, "seed_nodes": 2533231, "loss": 1.0115171432495118, "all_losses_finite": true}
[Step=0650] Wall=28.0472s | Loss=1.0137
[Profile] Avg ms/step | Load: 16.242 (Prep: 3.311, Struc: 0.299, Fetch: 12.633) | Fwd: 8.482 | Bwd: 9.503 | Opt: 0.568 | GPU_Tot: 31.484
[Autotune] {"version": 1, "step": 650, "wall_seconds": 28.04722470798879, "seed_nodes": 2570924, "loss": 1.0137133598327637, "all_losses_finite": true}
[Step=0660] Wall=28.3630s | Loss=1.0041
[Profile] Avg ms/step | Load: 16.181 (Prep: 3.273, Struc: 0.299, Fetch: 12.609) | Fwd: 8.485 | Bwd: 9.507 | Opt: 0.568 | GPU_Tot: 31.467
[Autotune] {"version": 1, "step": 660, "wall_seconds": 28.362965880980482, "seed_nodes": 2611884, "loss": 1.0040810585021973, "all_losses_finite": true}
[Step=0670] Wall=28.7416s | Loss=1.0011
[Profile] Avg ms/step | Load: 16.236 (Prep: 3.315, Struc: 0.298, Fetch: 12.622) | Fwd: 8.481 | Bwd: 9.503 | Opt: 0.568 | GPU_Tot: 31.472
[Autotune] {"version": 1, "step": 670, "wall_seconds": 28.741634788981173, "seed_nodes": 2649577, "loss": 1.0011120796203614, "all_losses_finite": true}
[Step=0680] Wall=29.0799s | Loss=0.9917
[Profile] Avg ms/step | Load: 16.212 (Prep: 3.281, Struc: 0.299, Fetch: 12.633) | Fwd: 8.484 | Bwd: 9.506 | Opt: 0.568 | GPU_Tot: 31.489
[Autotune] {"version": 1, "step": 680, "wall_seconds": 29.079878902994096, "seed_nodes": 2690537, "loss": 0.991668701171875, "all_losses_finite": true}
[Step=0690] Wall=29.3650s | Loss=1.0058
[Profile] Avg ms/step | Load: 16.122 (Prep: 3.231, Struc: 0.298, Fetch: 12.592) | Fwd: 8.481 | Bwd: 9.502 | Opt: 0.567 | GPU_Tot: 31.440
[Autotune] {"version": 1, "step": 690, "wall_seconds": 29.364966691995505, "seed_nodes": 2728230, "loss": 1.0057523727416993, "all_losses_finite": true}
[Step=0700] Wall=29.7855s | Loss=0.9987
[Profile] Avg ms/step | Load: 16.224 (Prep: 3.273, Struc: 0.298, Fetch: 12.652) | Fwd: 8.484 | Bwd: 9.505 | Opt: 0.568 | GPU_Tot: 31.507
[Autotune] {"version": 1, "step": 700, "wall_seconds": 29.785519198980182, "seed_nodes": 2769190, "loss": 0.9987435340881348, "all_losses_finite": true}
[Step=0710] Wall=30.0868s | Loss=0.9941
[Profile] Avg ms/step | Load: 16.146 (Prep: 3.225, Struc: 0.298, Fetch: 12.622) | Fwd: 8.487 | Bwd: 9.509 | Opt: 0.568 | GPU_Tot: 31.484
[Autotune] {"version": 1, "step": 710, "wall_seconds": 30.08676752599422, "seed_nodes": 2810150, "loss": 0.9940637588500977, "all_losses_finite": true}
[Step=0720] Wall=30.4864s | Loss=0.9930
[Profile] Avg ms/step | Load: 16.228 (Prep: 3.267, Struc: 0.298, Fetch: 12.663) | Fwd: 8.484 | Bwd: 9.504 | Opt: 0.568 | GPU_Tot: 31.517
[Autotune] {"version": 1, "step": 720, "wall_seconds": 30.486364554002648, "seed_nodes": 2847843, "loss": 0.9930277824401855, "all_losses_finite": true}
[Step=0730] Wall=30.7870s | Loss=0.9958
[Profile] Avg ms/step | Load: 16.151 (Prep: 3.220, Struc: 0.298, Fetch: 12.633) | Fwd: 8.487 | Bwd: 9.508 | Opt: 0.568 | GPU_Tot: 31.493
[Autotune] {"version": 1, "step": 730, "wall_seconds": 30.78698354799417, "seed_nodes": 2888803, "loss": 0.9957951545715332, "all_losses_finite": true}
[Step=0740] Wall=31.1884s | Loss=0.9870
[Profile] Avg ms/step | Load: 16.233 (Prep: 3.294, Struc: 0.298, Fetch: 12.640) | Fwd: 8.483 | Bwd: 9.504 | Opt: 0.568 | GPU_Tot: 31.494
[Autotune] {"version": 1, "step": 740, "wall_seconds": 31.1884371979977, "seed_nodes": 2926496, "loss": 0.9869629859924316, "all_losses_finite": true}
[Step=0750] Wall=31.5186s | Loss=0.9917
[Profile] Avg ms/step | Load: 16.200 (Prep: 3.263, Struc: 0.298, Fetch: 12.639) | Fwd: 8.486 | Bwd: 9.507 | Opt: 0.568 | GPU_Tot: 31.498
[Autotune] {"version": 1, "step": 750, "wall_seconds": 31.518645609990926, "seed_nodes": 2967456, "loss": 0.9917115211486817, "all_losses_finite": true}
[Step=0760] Wall=31.8691s | Loss=0.9861
[Profile] Avg ms/step | Load: 16.209 (Prep: 3.300, Struc: 0.298, Fetch: 12.612) | Fwd: 8.482 | Bwd: 9.503 | Opt: 0.568 | GPU_Tot: 31.463
[Autotune] {"version": 1, "step": 760, "wall_seconds": 31.86913673998788, "seed_nodes": 3005149, "loss": 0.9860716819763183, "all_losses_finite": true}
[Step=0770] Wall=32.2271s | Loss=0.9868
[Profile] Avg ms/step | Load: 16.214 (Prep: 3.267, Struc: 0.298, Fetch: 12.649) | Fwd: 8.486 | Bwd: 9.506 | Opt: 0.568 | GPU_Tot: 31.508
[Autotune] {"version": 1, "step": 770, "wall_seconds": 32.22713604598539, "seed_nodes": 3046109, "loss": 0.9867570877075196, "all_losses_finite": true}
[Step=0780] Wall=32.5276s | Loss=0.9796
[Profile] Avg ms/step | Load: 16.143 (Prep: 3.224, Struc: 0.298, Fetch: 12.621) | Fwd: 8.488 | Bwd: 9.509 | Opt: 0.568 | GPU_Tot: 31.485
[Autotune] {"version": 1, "step": 780, "wall_seconds": 32.52762722098851, "seed_nodes": 3087069, "loss": 0.9796114921569824, "all_losses_finite": true}
[Step=0790] Wall=32.9583s | Loss=0.9981
[Profile] Avg ms/step | Load: 16.259 (Prep: 3.310, Struc: 0.298, Fetch: 12.651) | Fwd: 8.485 | Bwd: 9.506 | Opt: 0.568 | GPU_Tot: 31.508
[Autotune] {"version": 1, "step": 790, "wall_seconds": 32.95828107499983, "seed_nodes": 3124762, "loss": 0.9981493949890137, "all_losses_finite": true}
[Step=0800] Wall=33.2574s | Loss=0.9782
[Profile] Avg ms/step | Load: 16.187 (Prep: 3.267, Struc: 0.298, Fetch: 12.622) | Fwd: 8.488 | Bwd: 9.509 | Opt: 0.568 | GPU_Tot: 31.485
[Autotune] {"version": 1, "step": 800, "wall_seconds": 33.25737032399047, "seed_nodes": 3165722, "loss": 0.9782400131225586, "all_losses_finite": true}
[Step=0810] Wall=33.6361s | Loss=0.9660
[Profile] Avg ms/step | Load: 16.232 (Prep: 3.303, Struc: 0.298, Fetch: 12.632) | Fwd: 8.485 | Bwd: 9.505 | Opt: 0.568 | GPU_Tot: 31.488
[Autotune] {"version": 1, "step": 810, "wall_seconds": 33.63613891397836, "seed_nodes": 3203415, "loss": 0.9660271644592285, "all_losses_finite": true}
[Step=0820] Wall=33.9644s | Loss=0.9778
[Profile] Avg ms/step | Load: 16.200 (Prep: 3.275, Struc: 0.298, Fetch: 12.627) | Fwd: 8.487 | Bwd: 9.508 | Opt: 0.568 | GPU_Tot: 31.488
[Autotune] {"version": 1, "step": 820, "wall_seconds": 33.96436757798074, "seed_nodes": 3244375, "loss": 0.9777952194213867, "all_losses_finite": true}
[Step=0830] Wall=34.3390s | Loss=0.9801
[Profile] Avg ms/step | Load: 16.239 (Prep: 3.334, Struc: 0.298, Fetch: 12.607) | Fwd: 8.484 | Bwd: 9.504 | Opt: 0.568 | GPU_Tot: 31.461
[Autotune] {"version": 1, "step": 830, "wall_seconds": 34.3390385019884, "seed_nodes": 3282068, "loss": 0.9801125526428223, "all_losses_finite": true}
[Step=0840] Wall=34.6841s | Loss=0.9813
[Profile] Avg ms/step | Load: 16.228 (Prep: 3.307, Struc: 0.298, Fetch: 12.623) | Fwd: 8.486 | Bwd: 9.507 | Opt: 0.568 | GPU_Tot: 31.483
[Autotune] {"version": 1, "step": 840, "wall_seconds": 34.6841190889827, "seed_nodes": 3323028, "loss": 0.9812521934509277, "all_losses_finite": true}
------------------------------------------------------------
Training Completed. Total Steps: 840 (Active: 800)
Avg Breakdown (ms): Load=16.228 [Prep:3.307, Struc:0.298, Fetch:12.623], Fwd=8.486, Bwd=9.507, Opt=0.568
------------------------------------------------------------
