$REPO_ROOT/.venv/lib/python3.11/site-packages/outdated/__init__.py:36: UserWarning: pkg_resources is deprecated as an API. See https://setuptools.pypa.io/en/latest/pkg_resources.html. The pkg_resources package is slated for removal as early as 2025-11-30. Refrain from using this package or pin to Setuptools<81.
  from pkg_resources import parse_version
[ddp] Single-process mode: device=cuda
[Info] Running in Single-Process mode (CPU or Single GPU).
[Info] Device: cuda
[GraphCache] Caching disabled (0 nodes).
[Step=0010] Wall=27.6160s | Loss=10.4986
[Profile] Avg ms/step | Load: 179.806 (Prep: 87.072, Struc: 1.407, Fetch: 91.327) | Fwd: 2094.663 | Bwd: 396.061 | Opt: 66.757 | GPU_Tot: 2650.215
[Autotune] {"version": 1, "step": 10, "wall_seconds": 27.61598325392697, "seed_nodes": 40960, "loss": 10.498593139648438, "all_losses_finite": true}
[Step=0020] Wall=29.7513s | Loss=2.8381
[Profile] Avg ms/step | Load: 136.553 (Prep: 43.735, Struc: 1.349, Fetch: 91.469) | Fwd: 1074.261 | Bwd: 230.774 | Opt: 33.723 | GPU_Tot: 1431.576
[Autotune] {"version": 1, "step": 20, "wall_seconds": 29.75126818101853, "seed_nodes": 81920, "loss": 2.8380966186523438, "all_losses_finite": true}
[Step=0030] Wall=31.9007s | Loss=2.3669
[Profile] Avg ms/step | Load: 122.548 (Prep: 29.297, Struc: 1.328, Fetch: 91.922) | Fwd: 734.093 | Bwd: 175.774 | Opt: 22.714 | GPU_Tot: 1025.831
[Autotune] {"version": 1, "step": 30, "wall_seconds": 31.900735802017152, "seed_nodes": 122880, "loss": 2.3668556213378906, "all_losses_finite": true}
[Step=0040] Wall=33.9395s | Loss=1.9934
[Profile] Avg ms/step | Load: 0.000 (Prep: 0.000, Struc: 0.000, Fetch: 0.000) | Fwd: 0.000 | Bwd: 0.000 | Opt: 0.000 | GPU_Tot: 0.000
[Autotune] {"version": 1, "step": 40, "wall_seconds": 33.93953218893148, "seed_nodes": 163840, "loss": 1.9934329986572266, "all_losses_finite": true}
[Step=0050] Wall=36.4197s | Loss=1.5322
[Profile] Avg ms/step | Load: 119.461 (Prep: 46.152, Struc: 1.171, Fetch: 72.139) | Fwd: 66.204 | Bwd: 61.518 | Opt: 0.653 | GPU_Tot: 201.685
[Autotune] {"version": 1, "step": 50, "wall_seconds": 36.41968520299997, "seed_nodes": 200711, "loss": 1.5322461128234863, "all_losses_finite": true}
[Step=0060] Wall=38.6418s | Loss=1.4375
[Profile] Avg ms/step | Load: 108.754 (Prep: 23.283, Struc: 1.309, Fetch: 84.162) | Fwd: 61.149 | Bwd: 63.994 | Opt: 1.032 | GPU_Tot: 211.646
[Autotune] {"version": 1, "step": 60, "wall_seconds": 38.64180502598174, "seed_nodes": 241671, "loss": 1.437450885772705, "all_losses_finite": true}
[Step=0070] Wall=40.8187s | Loss=1.1956
[Profile] Avg ms/step | Load: 104.726 (Prep: 15.660, Struc: 1.302, Fetch: 87.765) | Fwd: 58.763 | Bwd: 64.714 | Opt: 0.919 | GPU_Tot: 213.462
[Autotune] {"version": 1, "step": 70, "wall_seconds": 40.81869514891878, "seed_nodes": 282631, "loss": 1.1955702781677247, "all_losses_finite": true}
[Step=0080] Wall=42.9831s | Loss=1.0156
[Profile] Avg ms/step | Load: 102.426 (Prep: 11.849, Struc: 1.299, Fetch: 89.278) | Fwd: 57.563 | Bwd: 65.053 | Opt: 0.864 | GPU_Tot: 214.056
[Autotune] {"version": 1, "step": 80, "wall_seconds": 42.983117804978974, "seed_nodes": 323591, "loss": 1.0156103134155274, "all_losses_finite": true}
[Step=0090] Wall=45.0102s | Loss=0.8951
[Profile] Avg ms/step | Load: 98.285 (Prep: 9.711, Struc: 1.295, Fetch: 87.280) | Fwd: 56.850 | Bwd: 65.277 | Opt: 0.818 | GPU_Tot: 211.520
[Autotune] {"version": 1, "step": 90, "wall_seconds": 45.01017486897763, "seed_nodes": 364551, "loss": 0.8950528144836426, "all_losses_finite": true}
[Step=0100] Wall=47.3361s | Loss=0.8351
[Profile] Avg ms/step | Load: 102.506 (Prep: 16.333, Struc: 1.274, Fetch: 84.900) | Fwd: 55.523 | Bwd: 64.272 | Opt: 0.794 | GPU_Tot: 206.763
[Autotune] {"version": 1, "step": 100, "wall_seconds": 47.33614140097052, "seed_nodes": 401422, "loss": 0.8351347923278809, "all_losses_finite": true}
[Step=0110] Wall=49.4820s | Loss=0.7918
[Profile] Avg ms/step | Load: 101.298 (Prep: 14.059, Struc: 1.275, Fetch: 85.963) | Fwd: 55.287 | Bwd: 64.491 | Opt: 0.779 | GPU_Tot: 207.795
[Autotune] {"version": 1, "step": 110, "wall_seconds": 49.48201415897347, "seed_nodes": 442382, "loss": 0.7917518138885498, "all_losses_finite": true}
[Step=0120] Wall=51.6016s | Loss=0.7359
[Profile] Avg ms/step | Load: 100.130 (Prep: 12.352, Struc: 1.277, Fetch: 86.501) | Fwd: 55.091 | Bwd: 64.604 | Opt: 0.768 | GPU_Tot: 208.240
[Autotune] {"version": 1, "step": 120, "wall_seconds": 51.601550698978826, "seed_nodes": 483342, "loss": 0.7358726024627685, "all_losses_finite": true}
[Step=0130] Wall=53.7531s | Loss=0.6950
[Profile] Avg ms/step | Load: 99.526 (Prep: 11.026, Struc: 1.278, Fetch: 87.223) | Fwd: 54.965 | Bwd: 64.718 | Opt: 0.759 | GPU_Tot: 208.943
[Autotune] {"version": 1, "step": 130, "wall_seconds": 53.75313966895919, "seed_nodes": 524302, "loss": 0.6949566841125489, "all_losses_finite": true}
[Step=0140] Wall=55.7812s | Loss=0.6787
[Profile] Avg ms/step | Load: 97.794 (Prep: 10.030, Struc: 1.279, Fetch: 86.486) | Fwd: 54.870 | Bwd: 64.824 | Opt: 0.746 | GPU_Tot: 208.205
[Autotune] {"version": 1, "step": 140, "wall_seconds": 55.78122679400258, "seed_nodes": 565262, "loss": 0.678656816482544, "all_losses_finite": true}
[Step=0150] Wall=58.0676s | Loss=0.8535
[Profile] Avg ms/step | Load: 99.792 (Prep: 13.123, Struc: 1.269, Fetch: 85.400) | Fwd: 54.308 | Bwd: 64.326 | Opt: 0.738 | GPU_Tot: 206.042
[Autotune] {"version": 1, "step": 150, "wall_seconds": 58.06763335992582, "seed_nodes": 602133, "loss": 0.8534956932067871, "all_losses_finite": true}
[Step=0160] Wall=60.2131s | Loss=0.7419
[Profile] Avg ms/step | Load: 99.263 (Prep: 12.063, Struc: 1.271, Fetch: 85.930) | Fwd: 54.288 | Bwd: 64.478 | Opt: 0.735 | GPU_Tot: 206.701
[Autotune] {"version": 1, "step": 160, "wall_seconds": 60.21312442293856, "seed_nodes": 643093, "loss": 0.7419064521789551, "all_losses_finite": true}
[Step=0170] Wall=62.3347s | Loss=0.6974
[Profile] Avg ms/step | Load: 98.658 (Prep: 11.167, Struc: 1.272, Fetch: 86.219) | Fwd: 54.263 | Bwd: 64.590 | Opt: 0.731 | GPU_Tot: 207.075
[Autotune] {"version": 1, "step": 170, "wall_seconds": 62.33469057595357, "seed_nodes": 684053, "loss": 0.6973893642425537, "all_losses_finite": true}
[Step=0180] Wall=64.4768s | Loss=0.6621
[Profile] Avg ms/step | Load: 98.253 (Prep: 10.481, Struc: 1.273, Fetch: 86.499) | Fwd: 54.250 | Bwd: 64.710 | Opt: 0.728 | GPU_Tot: 207.460
[Autotune] {"version": 1, "step": 180, "wall_seconds": 64.47684205300175, "seed_nodes": 725013, "loss": 0.6621472358703613, "all_losses_finite": true}
[Step=0190] Wall=66.4817s | Loss=0.6437
[Profile] Avg ms/step | Load: 97.043 (Prep: 9.786, Struc: 1.274, Fetch: 85.984) | Fwd: 54.233 | Bwd: 64.768 | Opt: 0.722 | GPU_Tot: 206.979
[Autotune] {"version": 1, "step": 190, "wall_seconds": 66.48165363492444, "seed_nodes": 765973, "loss": 0.6436827182769775, "all_losses_finite": true}
[Step=0200] Wall=68.7933s | Loss=0.7894
[Profile] Avg ms/step | Load: 98.611 (Prep: 11.949, Struc: 1.268, Fetch: 85.394) | Fwd: 53.891 | Bwd: 64.434 | Opt: 0.718 | GPU_Tot: 205.705
[Autotune] {"version": 1, "step": 200, "wall_seconds": 68.79332333197817, "seed_nodes": 802844, "loss": 0.789376163482666, "all_losses_finite": true}
[Step=0210] Wall=70.9336s | Loss=0.7122
[Profile] Avg ms/step | Load: 98.287 (Prep: 11.271, Struc: 1.269, Fetch: 85.746) | Fwd: 53.903 | Bwd: 64.524 | Opt: 0.716 | GPU_Tot: 206.159
[Autotune] {"version": 1, "step": 210, "wall_seconds": 70.93357648595702, "seed_nodes": 843804, "loss": 0.7122444629669189, "all_losses_finite": true}
[Step=0220] Wall=73.0809s | Loss=0.6640
[Profile] Avg ms/step | Load: 98.020 (Prep: 10.669, Struc: 1.270, Fetch: 86.080) | Fwd: 53.915 | Bwd: 64.617 | Opt: 0.717 | GPU_Tot: 206.599
[Autotune] {"version": 1, "step": 220, "wall_seconds": 73.08092818001751, "seed_nodes": 884764, "loss": 0.6640037536621094, "all_losses_finite": true}
[Step=0230] Wall=75.2519s | Loss=0.6311
[Profile] Avg ms/step | Load: 97.935 (Prep: 10.176, Struc: 1.271, Fetch: 86.488) | Fwd: 53.921 | Bwd: 64.678 | Opt: 0.716 | GPU_Tot: 207.073
[Autotune] {"version": 1, "step": 230, "wall_seconds": 75.25188022397924, "seed_nodes": 925724, "loss": 0.631136417388916, "all_losses_finite": true}
[Step=0240] Wall=77.2274s | Loss=0.6067
[Profile] Avg ms/step | Load: 96.885 (Prep: 9.671, Struc: 1.271, Fetch: 85.943) | Fwd: 53.924 | Bwd: 64.737 | Opt: 0.711 | GPU_Tot: 206.586
[Autotune] {"version": 1, "step": 240, "wall_seconds": 77.22742675698828, "seed_nodes": 966684, "loss": 0.6066612243652344, "all_losses_finite": true}
[Step=0250] Wall=79.6749s | Loss=0.5650
[Profile] Avg ms/step | Load: 98.720 (Prep: 11.725, Struc: 1.267, Fetch: 85.729) | Fwd: 53.683 | Bwd: 64.491 | Opt: 0.709 | GPU_Tot: 205.879
[Autotune] {"version": 1, "step": 250, "wall_seconds": 79.67489951802418, "seed_nodes": 1003555, "loss": 0.5649828910827637, "all_losses_finite": true}
[Step=0260] Wall=81.8418s | Loss=0.6141
[Profile] Avg ms/step | Load: 98.555 (Prep: 11.210, Struc: 1.268, Fetch: 86.078) | Fwd: 53.708 | Bwd: 64.583 | Opt: 0.708 | GPU_Tot: 206.344
[Autotune] {"version": 1, "step": 260, "wall_seconds": 81.84181234496646, "seed_nodes": 1044515, "loss": 0.6140835285186768, "all_losses_finite": true}
[Step=0270] Wall=84.0401s | Loss=0.5920
[Profile] Avg ms/step | Load: 98.593 (Prep: 10.740, Struc: 1.268, Fetch: 86.585) | Fwd: 53.718 | Bwd: 64.626 | Opt: 0.708 | GPU_Tot: 206.905
[Autotune] {"version": 1, "step": 270, "wall_seconds": 84.04007815895602, "seed_nodes": 1085475, "loss": 0.5920457363128662, "all_losses_finite": true}
[Step=0280] Wall=86.1822s | Loss=0.5797
[Profile] Avg ms/step | Load: 98.345 (Prep: 10.346, Struc: 1.269, Fetch: 86.730) | Fwd: 53.735 | Bwd: 64.707 | Opt: 0.706 | GPU_Tot: 207.147
[Autotune] {"version": 1, "step": 280, "wall_seconds": 86.1821540480014, "seed_nodes": 1126435, "loss": 0.5796591758728027, "all_losses_finite": true}
[Step=0290] Wall=88.1804s | Loss=0.5587
[Profile] Avg ms/step | Load: 97.508 (Prep: 9.935, Struc: 1.269, Fetch: 86.304) | Fwd: 53.759 | Bwd: 64.810 | Opt: 0.703 | GPU_Tot: 206.845
[Autotune] {"version": 1, "step": 290, "wall_seconds": 88.18043424200732, "seed_nodes": 1167395, "loss": 0.5587453365325927, "all_losses_finite": true}
[Step=0300] Wall=90.6609s | Loss=0.6135
[Profile] Avg ms/step | Load: 99.070 (Prep: 11.734, Struc: 1.266, Fetch: 86.071) | Fwd: 53.573 | Bwd: 64.630 | Opt: 0.701 | GPU_Tot: 206.242
[Autotune] {"version": 1, "step": 300, "wall_seconds": 90.66085878899321, "seed_nodes": 1204266, "loss": 0.6134613513946533, "all_losses_finite": true}
[Step=0310] Wall=92.8321s | Loss=0.6449
[Profile] Avg ms/step | Load: 98.977 (Prep: 11.314, Struc: 1.267, Fetch: 86.396) | Fwd: 53.590 | Bwd: 64.669 | Opt: 0.701 | GPU_Tot: 206.623
[Autotune] {"version": 1, "step": 310, "wall_seconds": 92.83212227292825, "seed_nodes": 1245226, "loss": 0.6448688507080078, "all_losses_finite": true}
[Step=0320] Wall=95.0027s | Loss=0.5725
[Profile] Avg ms/step | Load: 98.873 (Prep: 10.924, Struc: 1.267, Fetch: 86.682) | Fwd: 53.608 | Bwd: 64.718 | Opt: 0.701 | GPU_Tot: 206.976
[Autotune] {"version": 1, "step": 320, "wall_seconds": 95.00267696601804, "seed_nodes": 1286186, "loss": 0.5725202083587646, "all_losses_finite": true}
[Step=0330] Wall=97.1252s | Loss=0.5589
[Profile] Avg ms/step | Load: 98.611 (Prep: 10.590, Struc: 1.268, Fetch: 86.753) | Fwd: 53.625 | Bwd: 64.762 | Opt: 0.700 | GPU_Tot: 207.108
[Autotune] {"version": 1, "step": 330, "wall_seconds": 97.1251730020158, "seed_nodes": 1327146, "loss": 0.5588959217071533, "all_losses_finite": true}
[Step=0340] Wall=99.1230s | Loss=0.5579
[Profile] Avg ms/step | Load: 97.923 (Prep: 10.239, Struc: 1.268, Fetch: 86.416) | Fwd: 53.653 | Bwd: 64.822 | Opt: 0.697 | GPU_Tot: 206.856
[Autotune] {"version": 1, "step": 340, "wall_seconds": 99.12300170992967, "seed_nodes": 1368106, "loss": 0.5579036712646485, "all_losses_finite": true}
[Step=0350] Wall=101.4802s | Loss=0.5198
[Profile] Avg ms/step | Load: 98.828 (Prep: 11.319, Struc: 1.265, Fetch: 86.244) | Fwd: 53.500 | Bwd: 64.664 | Opt: 0.697 | GPU_Tot: 206.371
[Autotune] {"version": 1, "step": 350, "wall_seconds": 101.48020982393064, "seed_nodes": 1404977, "loss": 0.5198053359985352, "all_losses_finite": true}
[Step=0360] Wall=103.6253s | Loss=0.5533
[Profile] Avg ms/step | Load: 98.650 (Prep: 10.978, Struc: 1.266, Fetch: 86.405) | Fwd: 53.520 | Bwd: 64.716 | Opt: 0.699 | GPU_Tot: 206.606
[Autotune] {"version": 1, "step": 360, "wall_seconds": 103.62531211494934, "seed_nodes": 1445937, "loss": 0.5532934665679932, "all_losses_finite": true}
[Step=0370] Wall=105.7885s | Loss=0.5558
[Profile] Avg ms/step | Load: 98.533 (Prep: 10.658, Struc: 1.266, Fetch: 86.608) | Fwd: 53.541 | Bwd: 64.768 | Opt: 0.699 | GPU_Tot: 206.882
[Autotune] {"version": 1, "step": 370, "wall_seconds": 105.78851020394359, "seed_nodes": 1486897, "loss": 0.5558246612548828, "all_losses_finite": true}
[Step=0380] Wall=107.8921s | Loss=0.5464
[Profile] Avg ms/step | Load: 98.250 (Prep: 10.380, Struc: 1.267, Fetch: 86.602) | Fwd: 53.562 | Bwd: 64.814 | Opt: 0.698 | GPU_Tot: 206.944
[Autotune] {"version": 1, "step": 380, "wall_seconds": 107.89212669292465, "seed_nodes": 1527857, "loss": 0.5463516235351562, "all_losses_finite": true}
[Step=0390] Wall=109.8843s | Loss=0.5214
[Profile] Avg ms/step | Load: 97.689 (Prep: 10.085, Struc: 1.267, Fetch: 86.336) | Fwd: 53.578 | Bwd: 64.838 | Opt: 0.696 | GPU_Tot: 206.716
[Autotune] {"version": 1, "step": 390, "wall_seconds": 109.88426769897342, "seed_nodes": 1568817, "loss": 0.5213834762573242, "all_losses_finite": true}
[Step=0400] Wall=112.3511s | Loss=0.5447
[Profile] Avg ms/step | Load: 98.778 (Prep: 11.274, Struc: 1.265, Fetch: 86.240) | Fwd: 53.450 | Bwd: 64.702 | Opt: 0.696 | GPU_Tot: 206.353
[Autotune] {"version": 1, "step": 400, "wall_seconds": 112.35111382801551, "seed_nodes": 1605688, "loss": 0.5446943283081055, "all_losses_finite": true}
[Step=0410] Wall=114.5567s | Loss=0.5521
[Profile] Avg ms/step | Load: 98.795 (Prep: 10.980, Struc: 1.265, Fetch: 86.550) | Fwd: 53.471 | Bwd: 64.738 | Opt: 0.696 | GPU_Tot: 206.721
[Autotune] {"version": 1, "step": 410, "wall_seconds": 114.55668902595062, "seed_nodes": 1646648, "loss": 0.5520714282989502, "all_losses_finite": true}
[Step=0420] Wall=116.7296s | Loss=0.5255
[Profile] Avg ms/step | Load: 98.699 (Prep: 10.702, Struc: 1.266, Fetch: 86.731) | Fwd: 53.493 | Bwd: 64.796 | Opt: 0.697 | GPU_Tot: 206.983
[Autotune] {"version": 1, "step": 420, "wall_seconds": 116.72963302303106, "seed_nodes": 1687608, "loss": 0.5255156993865967, "all_losses_finite": true}
[Step=0430] Wall=118.8238s | Loss=0.5266
[Profile] Avg ms/step | Load: 98.427 (Prep: 10.458, Struc: 1.266, Fetch: 86.703) | Fwd: 53.512 | Bwd: 64.833 | Opt: 0.696 | GPU_Tot: 207.010
[Autotune] {"version": 1, "step": 430, "wall_seconds": 118.82375270093326, "seed_nodes": 1728568, "loss": 0.5265835285186767, "all_losses_finite": true}
[Step=0440] Wall=120.8229s | Loss=0.5154
[Profile] Avg ms/step | Load: 97.919 (Prep: 10.198, Struc: 1.267, Fetch: 86.455) | Fwd: 53.532 | Bwd: 64.879 | Opt: 0.694 | GPU_Tot: 206.827
[Autotune] {"version": 1, "step": 440, "wall_seconds": 120.8229276429629, "seed_nodes": 1769528, "loss": 0.5153862953186035, "all_losses_finite": true}
[Step=0450] Wall=123.3203s | Loss=0.6400
[Profile] Avg ms/step | Load: 98.941 (Prep: 11.240, Struc: 1.265, Fetch: 86.436) | Fwd: 53.421 | Bwd: 64.761 | Opt: 0.694 | GPU_Tot: 206.577
[Autotune] {"version": 1, "step": 450, "wall_seconds": 123.32030660996679, "seed_nodes": 1806399, "loss": 0.6400127410888672, "all_losses_finite": true}
[Step=0460] Wall=125.5187s | Loss=0.5904
[Profile] Avg ms/step | Load: 98.915 (Prep: 10.982, Struc: 1.265, Fetch: 86.668) | Fwd: 53.441 | Bwd: 64.810 | Opt: 0.695 | GPU_Tot: 206.880
[Autotune] {"version": 1, "step": 460, "wall_seconds": 125.51874802296516, "seed_nodes": 1847359, "loss": 0.5903521537780761, "all_losses_finite": true}
[Step=0470] Wall=127.7144s | Loss=0.5628
[Profile] Avg ms/step | Load: 98.890 (Prep: 10.736, Struc: 1.266, Fetch: 86.889) | Fwd: 53.461 | Bwd: 64.851 | Opt: 0.695 | GPU_Tot: 207.161
[Autotune] {"version": 1, "step": 470, "wall_seconds": 127.7144165559439, "seed_nodes": 1888319, "loss": 0.5627869129180908, "all_losses_finite": true}
[Step=0480] Wall=129.8042s | Loss=0.5246
[Profile] Avg ms/step | Load: 98.627 (Prep: 10.518, Struc: 1.266, Fetch: 86.843) | Fwd: 53.479 | Bwd: 64.890 | Opt: 0.694 | GPU_Tot: 207.172
[Autotune] {"version": 1, "step": 480, "wall_seconds": 129.80417624895927, "seed_nodes": 1929279, "loss": 0.5245820999145507, "all_losses_finite": true}
[Step=0490] Wall=131.6076s | Loss=0.5024
[Profile] Avg ms/step | Load: 97.998 (Prep: 10.286, Struc: 1.264, Fetch: 86.449) | Fwd: 53.383 | Bwd: 64.783 | Opt: 0.692 | GPU_Tot: 206.571
[Autotune] {"version": 1, "step": 490, "wall_seconds": 131.60760537197348, "seed_nodes": 1966150, "loss": 0.5024067878723144, "all_losses_finite": true}
[Step=0500] Wall=134.3098s | Loss=0.5458
[Profile] Avg ms/step | Load: 99.108 (Prep: 11.213, Struc: 1.264, Fetch: 86.631) | Fwd: 53.399 | Bwd: 64.812 | Opt: 0.693 | GPU_Tot: 206.799
[Autotune] {"version": 1, "step": 500, "wall_seconds": 134.3098220200045, "seed_nodes": 2007110, "loss": 0.5458105564117431, "all_losses_finite": true}
[Step=0510] Wall=136.4824s | Loss=0.5369
[Profile] Avg ms/step | Load: 99.033 (Prep: 10.983, Struc: 1.265, Fetch: 86.785) | Fwd: 53.418 | Bwd: 64.848 | Opt: 0.693 | GPU_Tot: 207.009
[Autotune] {"version": 1, "step": 510, "wall_seconds": 136.48237987002358, "seed_nodes": 2048070, "loss": 0.5368606567382812, "all_losses_finite": true}
[Step=0520] Wall=138.6339s | Loss=0.5183
[Profile] Avg ms/step | Load: 98.897 (Prep: 10.763, Struc: 1.265, Fetch: 86.869) | Fwd: 53.440 | Bwd: 64.899 | Opt: 0.693 | GPU_Tot: 207.166
[Autotune] {"version": 1, "step": 520, "wall_seconds": 138.63387591391802, "seed_nodes": 2089030, "loss": 0.5182746410369873, "all_losses_finite": true}
[Step=0530] Wall=140.6838s | Loss=0.5036
[Profile] Avg ms/step | Load: 98.586 (Prep: 10.566, Struc: 1.266, Fetch: 86.754) | Fwd: 53.456 | Bwd: 64.928 | Opt: 0.692 | GPU_Tot: 207.095
[Autotune] {"version": 1, "step": 530, "wall_seconds": 140.68381761095952, "seed_nodes": 2129990, "loss": 0.5036388874053955, "all_losses_finite": true}
[Step=0540] Wall=142.9669s | Loss=0.5420
[Profile] Avg ms/step | Load: 98.970 (Prep: 11.264, Struc: 1.264, Fetch: 86.442) | Fwd: 53.370 | Bwd: 64.840 | Opt: 0.691 | GPU_Tot: 206.607
[Autotune] {"version": 1, "step": 540, "wall_seconds": 142.96685160999186, "seed_nodes": 2166861, "loss": 0.5420009613037109, "all_losses_finite": true}
[Step=0550] Wall=145.1398s | Loss=0.6214
[Profile] Avg ms/step | Load: 98.896 (Prep: 11.051, Struc: 1.264, Fetch: 86.581) | Fwd: 53.389 | Bwd: 64.879 | Opt: 0.691 | GPU_Tot: 206.805
[Autotune] {"version": 1, "step": 550, "wall_seconds": 145.13980934396386, "seed_nodes": 2207821, "loss": 0.6213938236236572, "all_losses_finite": true}
[Step=0560] Wall=147.3049s | Loss=0.5680
[Profile] Avg ms/step | Load: 98.819 (Prep: 10.847, Struc: 1.265, Fetch: 86.708) | Fwd: 53.405 | Bwd: 64.910 | Opt: 0.692 | GPU_Tot: 206.979
[Autotune] {"version": 1, "step": 560, "wall_seconds": 147.30488213303033, "seed_nodes": 2248781, "loss": 0.5679718494415283, "all_losses_finite": true}
[Step=0570] Wall=149.4785s | Loss=0.5281
[Profile] Avg ms/step | Load: 98.756 (Prep: 10.650, Struc: 1.265, Fetch: 86.841) | Fwd: 53.422 | Bwd: 64.943 | Opt: 0.693 | GPU_Tot: 207.164
[Autotune] {"version": 1, "step": 570, "wall_seconds": 149.47846281295642, "seed_nodes": 2289741, "loss": 0.5280686855316162, "all_losses_finite": true}
[Step=0580] Wall=151.5242s | Loss=0.5109
[Profile] Avg ms/step | Load: 98.466 (Prep: 10.473, Struc: 1.265, Fetch: 86.728) | Fwd: 53.438 | Bwd: 64.969 | Opt: 0.692 | GPU_Tot: 207.092
[Autotune] {"version": 1, "step": 580, "wall_seconds": 151.52419232903048, "seed_nodes": 2330701, "loss": 0.5108937740325927, "all_losses_finite": true}
[Step=0590] Wall=153.8334s | Loss=0.4967
[Profile] Avg ms/step | Load: 98.866 (Prep: 11.113, Struc: 1.264, Fetch: 86.489) | Fwd: 53.363 | Bwd: 64.886 | Opt: 0.691 | GPU_Tot: 206.692
[Autotune] {"version": 1, "step": 590, "wall_seconds": 153.83343207102735, "seed_nodes": 2367572, "loss": 0.49671950340271, "all_losses_finite": true}
[Step=0600] Wall=156.0250s | Loss=0.5390
[Profile] Avg ms/step | Load: 98.834 (Prep: 10.922, Struc: 1.264, Fetch: 86.649) | Fwd: 53.381 | Bwd: 64.919 | Opt: 0.692 | GPU_Tot: 206.904
[Autotune] {"version": 1, "step": 600, "wall_seconds": 156.02502216701396, "seed_nodes": 2408532, "loss": 0.5389543056488038, "all_losses_finite": true}
[Step=0610] Wall=158.2007s | Loss=0.5126
[Profile] Avg ms/step | Load: 98.778 (Prep: 10.738, Struc: 1.264, Fetch: 86.777) | Fwd: 53.397 | Bwd: 64.950 | Opt: 0.692 | GPU_Tot: 207.080
[Autotune] {"version": 1, "step": 610, "wall_seconds": 158.20069596194662, "seed_nodes": 2449492, "loss": 0.512568187713623, "all_losses_finite": true}
[Step=0620] Wall=160.3691s | Loss=0.5267
[Profile] Avg ms/step | Load: 98.709 (Prep: 10.560, Struc: 1.265, Fetch: 86.884) | Fwd: 53.415 | Bwd: 64.982 | Opt: 0.692 | GPU_Tot: 207.238
[Autotune] {"version": 1, "step": 620, "wall_seconds": 160.36911254795268, "seed_nodes": 2490452, "loss": 0.5266724586486816, "all_losses_finite": true}
[Step=0630] Wall=162.4242s | Loss=0.4847
[Profile] Avg ms/step | Load: 98.443 (Prep: 10.398, Struc: 1.265, Fetch: 86.780) | Fwd: 53.433 | Bwd: 65.020 | Opt: 0.691 | GPU_Tot: 207.188
[Autotune] {"version": 1, "step": 630, "wall_seconds": 162.42419366794638, "seed_nodes": 2531412, "loss": 0.48468880653381347, "all_losses_finite": true}
[Step=0640] Wall=164.7959s | Loss=0.5898
[Profile] Avg ms/step | Load: 98.923 (Prep: 11.039, Struc: 1.263, Fetch: 86.620) | Fwd: 53.360 | Bwd: 64.936 | Opt: 0.690 | GPU_Tot: 206.870
[Autotune] {"version": 1, "step": 640, "wall_seconds": 164.79585588700138, "seed_nodes": 2568283, "loss": 0.589772367477417, "all_losses_finite": true}
[Step=0650] Wall=166.9810s | Loss=0.5825
[Profile] Avg ms/step | Load: 98.883 (Prep: 10.865, Struc: 1.264, Fetch: 86.754) | Fwd: 53.377 | Bwd: 64.966 | Opt: 0.690 | GPU_Tot: 207.052
[Autotune] {"version": 1, "step": 650, "wall_seconds": 166.98104541492648, "seed_nodes": 2609243, "loss": 0.5825313568115235, "all_losses_finite": true}
[Step=0660] Wall=169.1480s | Loss=0.5480
[Profile] Avg ms/step | Load: 98.809 (Prep: 10.696, Struc: 1.264, Fetch: 86.849) | Fwd: 53.394 | Bwd: 64.999 | Opt: 0.691 | GPU_Tot: 207.198
[Autotune] {"version": 1, "step": 660, "wall_seconds": 169.1480425769696, "seed_nodes": 2650203, "loss": 0.548007869720459, "all_losses_finite": true}
[Step=0670] Wall=171.3276s | Loss=0.5205
[Profile] Avg ms/step | Load: 98.772 (Prep: 10.556, Struc: 1.265, Fetch: 86.952) | Fwd: 53.406 | Bwd: 65.022 | Opt: 0.691 | GPU_Tot: 207.336
[Autotune] {"version": 1, "step": 670, "wall_seconds": 171.32760538393632, "seed_nodes": 2691163, "loss": 0.5204843521118164, "all_losses_finite": true}
[Step=0680] Wall=173.3233s | Loss=0.5097
[Profile] Avg ms/step | Load: 98.452 (Prep: 10.392, Struc: 1.265, Fetch: 86.795) | Fwd: 53.419 | Bwd: 65.041 | Opt: 0.690 | GPU_Tot: 207.211
[Autotune] {"version": 1, "step": 680, "wall_seconds": 173.32328606792726, "seed_nodes": 2732123, "loss": 0.5097226142883301, "all_losses_finite": true}
[Step=0690] Wall=175.6291s | Loss=0.5407
[Profile] Avg ms/step | Load: 98.800 (Prep: 10.906, Struc: 1.263, Fetch: 86.631) | Fwd: 53.349 | Bwd: 64.960 | Opt: 0.690 | GPU_Tot: 206.894
[Autotune] {"version": 1, "step": 690, "wall_seconds": 175.629055841011, "seed_nodes": 2768994, "loss": 0.5406881332397461, "all_losses_finite": true}
[Step=0700] Wall=177.8083s | Loss=0.5606
[Profile] Avg ms/step | Load: 98.754 (Prep: 10.746, Struc: 1.264, Fetch: 86.744) | Fwd: 53.365 | Bwd: 64.989 | Opt: 0.690 | GPU_Tot: 207.052
[Autotune] {"version": 1, "step": 700, "wall_seconds": 177.80826770991553, "seed_nodes": 2809954, "loss": 0.5605628967285157, "all_losses_finite": true}
[Step=0710] Wall=179.9985s | Loss=0.5329
[Profile] Avg ms/step | Load: 98.725 (Prep: 10.592, Struc: 1.264, Fetch: 86.868) | Fwd: 53.378 | Bwd: 65.020 | Opt: 0.691 | GPU_Tot: 207.222
[Autotune] {"version": 1, "step": 710, "wall_seconds": 179.99846296396572, "seed_nodes": 2850914, "loss": 0.5329061985015869, "all_losses_finite": true}
[Step=0720] Wall=182.1587s | Loss=0.5070
[Profile] Avg ms/step | Load: 98.665 (Prep: 10.456, Struc: 1.264, Fetch: 86.944) | Fwd: 53.390 | Bwd: 65.040 | Opt: 0.690 | GPU_Tot: 207.329
[Autotune] {"version": 1, "step": 720, "wall_seconds": 182.15874052001163, "seed_nodes": 2891874, "loss": 0.507030725479126, "all_losses_finite": true}
[Step=0730] Wall=184.1444s | Loss=0.4900
[Profile] Avg ms/step | Load: 98.354 (Prep: 10.305, Struc: 1.265, Fetch: 86.784) | Fwd: 53.401 | Bwd: 65.060 | Opt: 0.690 | GPU_Tot: 207.198
[Autotune] {"version": 1, "step": 730, "wall_seconds": 184.1444085109979, "seed_nodes": 2932834, "loss": 0.48996567726135254, "all_losses_finite": true}
[Step=0740] Wall=186.5254s | Loss=0.7600
[Profile] Avg ms/step | Load: 98.782 (Prep: 10.856, Struc: 1.263, Fetch: 86.664) | Fwd: 53.338 | Bwd: 64.986 | Opt: 0.689 | GPU_Tot: 206.940
[Autotune] {"version": 1, "step": 740, "wall_seconds": 186.52538916200865, "seed_nodes": 2969705, "loss": 0.7599601745605469, "all_losses_finite": true}
[Step=0750] Wall=188.6853s | Loss=0.6509
[Profile] Avg ms/step | Load: 98.717 (Prep: 10.709, Struc: 1.264, Fetch: 86.744) | Fwd: 53.351 | Bwd: 65.011 | Opt: 0.689 | GPU_Tot: 207.059
[Autotune] {"version": 1, "step": 750, "wall_seconds": 188.6853098879801, "seed_nodes": 3010665, "loss": 0.6509452342987061, "all_losses_finite": true}
[Step=0760] Wall=190.8634s | Loss=0.5925
[Profile] Avg ms/step | Load: 98.689 (Prep: 10.565, Struc: 1.264, Fetch: 86.859) | Fwd: 53.361 | Bwd: 65.026 | Opt: 0.690 | GPU_Tot: 207.200
[Autotune] {"version": 1, "step": 760, "wall_seconds": 190.86338046891615, "seed_nodes": 3051625, "loss": 0.5924952507019043, "all_losses_finite": true}
[Step=0770] Wall=192.9869s | Loss=0.5761
[Profile] Avg ms/step | Load: 98.585 (Prep: 10.439, Struc: 1.264, Fetch: 86.882) | Fwd: 53.371 | Bwd: 65.043 | Opt: 0.689 | GPU_Tot: 207.250
[Autotune] {"version": 1, "step": 770, "wall_seconds": 192.98689296701923, "seed_nodes": 3092585, "loss": 0.5761293411254883, "all_losses_finite": true}
[Step=0780] Wall=194.9862s | Loss=0.5327
[Profile] Avg ms/step | Load: 98.308 (Prep: 10.298, Struc: 1.264, Fetch: 86.745) | Fwd: 53.385 | Bwd: 65.065 | Opt: 0.688 | GPU_Tot: 207.148
[Autotune] {"version": 1, "step": 780, "wall_seconds": 194.98619821795728, "seed_nodes": 3133545, "loss": 0.5327130317687988, "all_losses_finite": true}
[Step=0790] Wall=197.4642s | Loss=0.5412
[Profile] Avg ms/step | Load: 98.840 (Prep: 10.890, Struc: 1.263, Fetch: 86.687) | Fwd: 53.325 | Bwd: 64.995 | Opt: 0.688 | GPU_Tot: 206.959
[Autotune] {"version": 1, "step": 790, "wall_seconds": 197.46421970799565, "seed_nodes": 3170416, "loss": 0.5412161827087403, "all_losses_finite": true}
[Step=0800] Wall=199.6563s | Loss=0.5556
[Profile] Avg ms/step | Load: 98.824 (Prep: 10.752, Struc: 1.264, Fetch: 86.809) | Fwd: 53.336 | Bwd: 65.015 | Opt: 0.688 | GPU_Tot: 207.112
[Autotune] {"version": 1, "step": 800, "wall_seconds": 199.6563384719193, "seed_nodes": 3211376, "loss": 0.5556360721588135, "all_losses_finite": true}
[Step=0810] Wall=201.8253s | Loss=0.5381
[Profile] Avg ms/step | Load: 98.777 (Prep: 10.618, Struc: 1.264, Fetch: 86.896) | Fwd: 53.347 | Bwd: 65.035 | Opt: 0.689 | GPU_Tot: 207.231
[Autotune] {"version": 1, "step": 810, "wall_seconds": 201.82532707892824, "seed_nodes": 3252336, "loss": 0.5381323814392089, "all_losses_finite": true}
[Step=0820] Wall=203.9641s | Loss=0.5157
[Profile] Avg ms/step | Load: 98.688 (Prep: 10.498, Struc: 1.264, Fetch: 86.926) | Fwd: 53.359 | Bwd: 65.060 | Opt: 0.689 | GPU_Tot: 207.298
[Autotune] {"version": 1, "step": 820, "wall_seconds": 203.96411910792813, "seed_nodes": 3293296, "loss": 0.5156537532806397, "all_losses_finite": true}
[Step=0830] Wall=205.9651s | Loss=0.4948
[Profile] Avg ms/step | Load: 98.431 (Prep: 10.366, Struc: 1.264, Fetch: 86.801) | Fwd: 53.370 | Bwd: 65.080 | Opt: 0.688 | GPU_Tot: 207.204
[Autotune] {"version": 1, "step": 830, "wall_seconds": 205.96514577500056, "seed_nodes": 3334256, "loss": 0.49480037689208983, "all_losses_finite": true}
[Step=0840] Wall=208.4010s | Loss=0.5696
[Profile] Avg ms/step | Load: 98.866 (Prep: 10.873, Struc: 1.263, Fetch: 86.730) | Fwd: 53.316 | Bwd: 65.022 | Opt: 0.688 | GPU_Tot: 207.020
[Autotune] {"version": 1, "step": 840, "wall_seconds": 208.40098146593664, "seed_nodes": 3371127, "loss": 0.5696029186248779, "all_losses_finite": true}
[Step=0850] Wall=210.5547s | Loss=0.5547
[Profile] Avg ms/step | Load: 98.801 (Prep: 10.743, Struc: 1.263, Fetch: 86.794) | Fwd: 53.327 | Bwd: 65.042 | Opt: 0.689 | GPU_Tot: 207.115
[Autotune] {"version": 1, "step": 850, "wall_seconds": 210.55466047197115, "seed_nodes": 3412087, "loss": 0.5547391414642334, "all_losses_finite": true}
[Step=0860] Wall=212.7196s | Loss=0.5209
[Profile] Avg ms/step | Load: 98.744 (Prep: 10.617, Struc: 1.264, Fetch: 86.863) | Fwd: 53.340 | Bwd: 65.066 | Opt: 0.689 | GPU_Tot: 207.222
[Autotune] {"version": 1, "step": 860, "wall_seconds": 212.7196234469302, "seed_nodes": 3453047, "loss": 0.5208849430084228, "all_losses_finite": true}
[Step=0870] Wall=214.8467s | Loss=0.5103
[Profile] Avg ms/step | Load: 98.648 (Prep: 10.499, Struc: 1.264, Fetch: 86.885) | Fwd: 53.352 | Bwd: 65.087 | Opt: 0.689 | GPU_Tot: 207.276
[Autotune] {"version": 1, "step": 870, "wall_seconds": 214.84670424601063, "seed_nodes": 3494007, "loss": 0.5103062629699707, "all_losses_finite": true}
[Step=0880] Wall=216.8588s | Loss=0.4744
[Profile] Avg ms/step | Load: 98.426 (Prep: 10.375, Struc: 1.264, Fetch: 86.787) | Fwd: 53.361 | Bwd: 65.101 | Opt: 0.688 | GPU_Tot: 207.201
[Autotune] {"version": 1, "step": 880, "wall_seconds": 216.85884110897314, "seed_nodes": 3534967, "loss": 0.4743525981903076, "all_losses_finite": true}
[Step=0890] Wall=219.3580s | Loss=0.6104
[Profile] Avg ms/step | Load: 98.913 (Prep: 10.896, Struc: 1.263, Fetch: 86.754) | Fwd: 53.309 | Bwd: 65.044 | Opt: 0.688 | GPU_Tot: 207.059
[Autotune] {"version": 1, "step": 890, "wall_seconds": 219.35801706602797, "seed_nodes": 3571838, "loss": 0.6103563785552979, "all_losses_finite": true}
[Step=0900] Wall=221.5055s | Loss=0.5808
[Profile] Avg ms/step | Load: 98.844 (Prep: 10.774, Struc: 1.263, Fetch: 86.806) | Fwd: 53.320 | Bwd: 65.063 | Opt: 0.688 | GPU_Tot: 207.141
[Autotune] {"version": 1, "step": 900, "wall_seconds": 221.5054826409323, "seed_nodes": 3612798, "loss": 0.5808371543884278, "all_losses_finite": true}
[Step=0910] Wall=223.6872s | Loss=0.5346
[Profile] Avg ms/step | Load: 98.813 (Prep: 10.655, Struc: 1.264, Fetch: 86.895) | Fwd: 53.331 | Bwd: 65.084 | Opt: 0.689 | GPU_Tot: 207.261
[Autotune] {"version": 1, "step": 910, "wall_seconds": 223.6872193479212, "seed_nodes": 3653758, "loss": 0.5345968246459961, "all_losses_finite": true}
[Step=0920] Wall=225.7858s | Loss=0.5180
[Profile] Avg ms/step | Load: 98.697 (Prep: 10.548, Struc: 1.265, Fetch: 86.885) | Fwd: 53.340 | Bwd: 65.098 | Opt: 0.688 | GPU_Tot: 207.275
[Autotune] {"version": 1, "step": 920, "wall_seconds": 225.78577259997837, "seed_nodes": 3694718, "loss": 0.518030834197998, "all_losses_finite": true}
[Step=0930] Wall=227.7853s | Loss=0.5014
[Profile] Avg ms/step | Load: 98.470 (Prep: 10.430, Struc: 1.265, Fetch: 86.775) | Fwd: 53.349 | Bwd: 65.113 | Opt: 0.687 | GPU_Tot: 207.190
[Autotune] {"version": 1, "step": 930, "wall_seconds": 227.78525245096534, "seed_nodes": 3735678, "loss": 0.501406192779541, "all_losses_finite": true}
[Step=0940] Wall=230.3019s | Loss=0.4701
[Profile] Avg ms/step | Load: 98.945 (Prep: 10.904, Struc: 1.264, Fetch: 86.777) | Fwd: 53.301 | Bwd: 65.063 | Opt: 0.687 | GPU_Tot: 207.092
[Autotune] {"version": 1, "step": 940, "wall_seconds": 230.3018860470038, "seed_nodes": 3772549, "loss": 0.4701083183288574, "all_losses_finite": true}
[Step=0950] Wall=232.5163s | Loss=0.5066
[Profile] Avg ms/step | Load: 98.954 (Prep: 10.789, Struc: 1.264, Fetch: 86.901) | Fwd: 53.310 | Bwd: 65.080 | Opt: 0.688 | GPU_Tot: 207.243
[Autotune] {"version": 1, "step": 950, "wall_seconds": 232.516295147012, "seed_nodes": 3813509, "loss": 0.5066045761108399, "all_losses_finite": true}
[Step=0960] Wall=234.7116s | Loss=0.4853
[Profile] Avg ms/step | Load: 98.941 (Prep: 10.676, Struc: 1.264, Fetch: 87.000) | Fwd: 53.320 | Bwd: 65.098 | Opt: 0.688 | GPU_Tot: 207.370
[Autotune] {"version": 1, "step": 960, "wall_seconds": 234.71156416693702, "seed_nodes": 3854469, "loss": 0.48531513214111327, "all_losses_finite": true}
[Step=0970] Wall=236.8075s | Loss=0.4788
[Profile] Avg ms/step | Load: 98.823 (Prep: 10.574, Struc: 1.264, Fetch: 86.985) | Fwd: 53.330 | Bwd: 65.113 | Opt: 0.687 | GPU_Tot: 207.379
[Autotune] {"version": 1, "step": 970, "wall_seconds": 236.80747791496105, "seed_nodes": 3895429, "loss": 0.4788054943084717, "all_losses_finite": true}
[Step=0980] Wall=238.6110s | Loss=0.4440
[Profile] Avg ms/step | Load: 98.527 (Prep: 10.462, Struc: 1.263, Fetch: 86.801) | Fwd: 53.282 | Bwd: 65.056 | Opt: 0.687 | GPU_Tot: 207.089
[Autotune] {"version": 1, "step": 980, "wall_seconds": 238.6109959379537, "seed_nodes": 3932300, "loss": 0.44400701522827146, "all_losses_finite": true}
[Step=0990] Wall=241.3313s | Loss=0.5301
[Profile] Avg ms/step | Load: 99.067 (Prep: 10.888, Struc: 1.264, Fetch: 86.916) | Fwd: 53.292 | Bwd: 65.076 | Opt: 0.687 | GPU_Tot: 207.235
[Autotune] {"version": 1, "step": 990, "wall_seconds": 241.33126009593252, "seed_nodes": 3973260, "loss": 0.5300869464874267, "all_losses_finite": true}
[Step=1000] Wall=243.5050s | Loss=0.5162
[Profile] Avg ms/step | Load: 99.029 (Prep: 10.779, Struc: 1.264, Fetch: 86.986) | Fwd: 53.303 | Bwd: 65.094 | Opt: 0.687 | GPU_Tot: 207.334
[Autotune] {"version": 1, "step": 1000, "wall_seconds": 243.50496523093898, "seed_nodes": 4014220, "loss": 0.5161909580230712, "all_losses_finite": true}
[Step=1010] Wall=245.6861s | Loss=0.5090
[Profile] Avg ms/step | Load: 99.000 (Prep: 10.672, Struc: 1.264, Fetch: 87.063) | Fwd: 53.312 | Bwd: 65.112 | Opt: 0.687 | GPU_Tot: 207.439
[Autotune] {"version": 1, "step": 1010, "wall_seconds": 245.68613199493848, "seed_nodes": 4055180, "loss": 0.508984375, "all_losses_finite": true}
[Step=1020] Wall=247.7837s | Loss=0.4848
[Profile] Avg ms/step | Load: 98.886 (Prep: 10.575, Struc: 1.264, Fetch: 87.047) | Fwd: 53.321 | Bwd: 65.131 | Opt: 0.687 | GPU_Tot: 207.449
[Autotune] {"version": 1, "step": 1020, "wall_seconds": 247.7836689329706, "seed_nodes": 4096140, "loss": 0.4847713947296143, "all_losses_finite": true}
[Step=1030] Wall=250.1888s | Loss=0.4725
[Profile] Avg ms/step | Load: 99.211 (Prep: 11.038, Struc: 1.263, Fetch: 86.910) | Fwd: 53.277 | Bwd: 65.075 | Opt: 0.686 | GPU_Tot: 207.211
[Autotune] {"version": 1, "step": 1030, "wall_seconds": 250.18876841897145, "seed_nodes": 4133011, "loss": 0.4724586486816406, "all_losses_finite": true}
[Step=1040] Wall=252.3897s | Loss=0.5909
[Profile] Avg ms/step | Load: 99.200 (Prep: 10.932, Struc: 1.264, Fetch: 87.004) | Fwd: 53.286 | Bwd: 65.093 | Opt: 0.687 | GPU_Tot: 207.334
[Autotune] {"version": 1, "step": 1040, "wall_seconds": 252.3896702179918, "seed_nodes": 4173971, "loss": 0.5908981323242187, "all_losses_finite": true}
[Step=1050] Wall=254.5855s | Loss=0.5282
[Profile] Avg ms/step | Load: 99.184 (Prep: 10.827, Struc: 1.264, Fetch: 87.092) | Fwd: 53.296 | Bwd: 65.110 | Opt: 0.687 | GPU_Tot: 207.449
[Autotune] {"version": 1, "step": 1050, "wall_seconds": 254.58547245094087, "seed_nodes": 4214931, "loss": 0.5281768321990967, "all_losses_finite": true}
[Step=1060] Wall=256.7656s | Loss=0.4960
[Profile] Avg ms/step | Load: 99.151 (Prep: 10.725, Struc: 1.264, Fetch: 87.162) | Fwd: 53.306 | Bwd: 65.129 | Opt: 0.687 | GPU_Tot: 207.547
[Autotune] {"version": 1, "step": 1060, "wall_seconds": 256.7656220960198, "seed_nodes": 4255891, "loss": 0.4960300445556641, "all_losses_finite": true}
[Step=1070] Wall=258.8260s | Loss=0.4821
[Profile] Avg ms/step | Load: 99.010 (Prep: 10.632, Struc: 1.264, Fetch: 87.114) | Fwd: 53.315 | Bwd: 65.141 | Opt: 0.686 | GPU_Tot: 207.520
[Autotune] {"version": 1, "step": 1070, "wall_seconds": 258.8260036709253, "seed_nodes": 4296851, "loss": 0.482117748260498, "all_losses_finite": true}
[Step=1080] Wall=261.2646s | Loss=0.4513
[Profile] Avg ms/step | Load: 99.347 (Prep: 11.074, Struc: 1.263, Fetch: 87.010) | Fwd: 53.274 | Bwd: 65.091 | Opt: 0.686 | GPU_Tot: 207.324
[Autotune] {"version": 1, "step": 1080, "wall_seconds": 261.2646445039427, "seed_nodes": 4333722, "loss": 0.45131587982177734, "all_losses_finite": true}
[Step=1090] Wall=263.4746s | Loss=0.4874
[Profile] Avg ms/step | Load: 99.346 (Prep: 10.972, Struc: 1.264, Fetch: 87.110) | Fwd: 53.283 | Bwd: 65.105 | Opt: 0.686 | GPU_Tot: 207.448
[Autotune] {"version": 1, "step": 1090, "wall_seconds": 263.47457038401626, "seed_nodes": 4374682, "loss": 0.4874100685119629, "all_losses_finite": true}
[Step=1100] Wall=265.6798s | Loss=0.4636
[Profile] Avg ms/step | Load: 99.331 (Prep: 10.872, Struc: 1.264, Fetch: 87.195) | Fwd: 53.294 | Bwd: 65.127 | Opt: 0.686 | GPU_Tot: 207.566
[Autotune] {"version": 1, "step": 1100, "wall_seconds": 265.6798140599858, "seed_nodes": 4415642, "loss": 0.4636399269104004, "all_losses_finite": true}
[Step=1110] Wall=267.8604s | Loss=0.4607
[Profile] Avg ms/step | Load: 99.300 (Prep: 10.774, Struc: 1.264, Fetch: 87.262) | Fwd: 53.303 | Bwd: 65.144 | Opt: 0.687 | GPU_Tot: 207.659
[Autotune] {"version": 1, "step": 1110, "wall_seconds": 267.86044661991764, "seed_nodes": 4456602, "loss": 0.4607494831085205, "all_losses_finite": true}
[Step=1120] Wall=269.9229s | Loss=0.4656
[Profile] Avg ms/step | Load: 99.162 (Prep: 10.685, Struc: 1.264, Fetch: 87.213) | Fwd: 53.312 | Bwd: 65.158 | Opt: 0.686 | GPU_Tot: 207.634
[Autotune] {"version": 1, "step": 1120, "wall_seconds": 269.9229049109854, "seed_nodes": 4497562, "loss": 0.4655768394470215, "all_losses_finite": true}
[Step=1130] Wall=272.3653s | Loss=0.4651
[Profile] Avg ms/step | Load: 99.489 (Prep: 11.106, Struc: 1.264, Fetch: 87.119) | Fwd: 53.272 | Bwd: 65.108 | Opt: 0.686 | GPU_Tot: 207.449
[Autotune] {"version": 1, "step": 1130, "wall_seconds": 272.3652979999315, "seed_nodes": 4534433, "loss": 0.46508941650390623, "all_losses_finite": true}
[Step=1140] Wall=274.5608s | Loss=0.5175
[Profile] Avg ms/step | Load: 99.466 (Prep: 11.009, Struc: 1.264, Fetch: 87.193) | Fwd: 53.282 | Bwd: 65.128 | Opt: 0.686 | GPU_Tot: 207.553
[Autotune] {"version": 1, "step": 1140, "wall_seconds": 274.56076981301885, "seed_nodes": 4575393, "loss": 0.5174975395202637, "all_losses_finite": true}
[Step=1150] Wall=276.7459s | Loss=0.4761
[Profile] Avg ms/step | Load: 99.441 (Prep: 10.913, Struc: 1.264, Fetch: 87.264) | Fwd: 53.291 | Bwd: 65.142 | Opt: 0.686 | GPU_Tot: 207.647
[Autotune] {"version": 1, "step": 1150, "wall_seconds": 276.745920095942, "seed_nodes": 4616353, "loss": 0.47611632347106936, "all_losses_finite": true}
[Step=1160] Wall=278.9297s | Loss=0.4705
[Profile] Avg ms/step | Load: 99.410 (Prep: 10.829, Struc: 1.264, Fetch: 87.317) | Fwd: 53.301 | Bwd: 65.159 | Opt: 0.686 | GPU_Tot: 207.728
[Autotune] {"version": 1, "step": 1160, "wall_seconds": 278.92968262697104, "seed_nodes": 4657313, "loss": 0.47048139572143555, "all_losses_finite": true}
[Step=1170] Wall=280.9273s | Loss=0.4514
[Profile] Avg ms/step | Load: 99.226 (Prep: 10.733, Struc: 1.264, Fetch: 87.228) | Fwd: 53.309 | Bwd: 65.168 | Opt: 0.686 | GPU_Tot: 207.656
[Autotune] {"version": 1, "step": 1170, "wall_seconds": 280.92727569001727, "seed_nodes": 4698273, "loss": 0.4513562202453613, "all_losses_finite": true}
[Step=1180] Wall=283.3758s | Loss=0.4388
[Profile] Avg ms/step | Load: 99.540 (Prep: 11.137, Struc: 1.264, Fetch: 87.139) | Fwd: 53.272 | Bwd: 65.123 | Opt: 0.685 | GPU_Tot: 207.482
[Autotune] {"version": 1, "step": 1180, "wall_seconds": 283.3757508320268, "seed_nodes": 4735144, "loss": 0.43883423805236815, "all_losses_finite": true}
[Step=1190] Wall=285.5566s | Loss=0.5029
[Profile] Avg ms/step | Load: 99.506 (Prep: 11.044, Struc: 1.264, Fetch: 87.199) | Fwd: 53.282 | Bwd: 65.140 | Opt: 0.685 | GPU_Tot: 207.569
[Autotune] {"version": 1, "step": 1190, "wall_seconds": 285.5566300560022, "seed_nodes": 4776104, "loss": 0.5029264450073242, "all_losses_finite": true}
[Step=1200] Wall=287.7667s | Loss=0.4757
[Profile] Avg ms/step | Load: 99.500 (Prep: 10.952, Struc: 1.264, Fetch: 87.284) | Fwd: 53.291 | Bwd: 65.155 | Opt: 0.686 | GPU_Tot: 207.680
[Autotune] {"version": 1, "step": 1200, "wall_seconds": 287.76667289296165, "seed_nodes": 4817064, "loss": 0.4756582736968994, "all_losses_finite": true}
[Step=1210] Wall=289.9497s | Loss=0.4502
[Profile] Avg ms/step | Load: 99.479 (Prep: 10.871, Struc: 1.264, Fetch: 87.344) | Fwd: 53.299 | Bwd: 65.165 | Opt: 0.686 | GPU_Tot: 207.757
[Autotune] {"version": 1, "step": 1210, "wall_seconds": 289.94971032300964, "seed_nodes": 4858024, "loss": 0.45017457008361816, "all_losses_finite": true}
[Step=1220] Wall=291.9682s | Loss=0.4516
[Profile] Avg ms/step | Load: 99.316 (Prep: 10.779, Struc: 1.264, Fetch: 87.273) | Fwd: 53.306 | Bwd: 65.176 | Opt: 0.685 | GPU_Tot: 207.705
[Autotune] {"version": 1, "step": 1220, "wall_seconds": 291.96818471793085, "seed_nodes": 4898984, "loss": 0.4516306400299072, "all_losses_finite": true}
[Step=1230] Wall=294.4702s | Loss=0.5354
[Profile] Avg ms/step | Load: 99.661 (Prep: 11.166, Struc: 1.264, Fetch: 87.231) | Fwd: 53.270 | Bwd: 65.133 | Opt: 0.685 | GPU_Tot: 207.583
[Autotune] {"version": 1, "step": 1230, "wall_seconds": 294.4702172880061, "seed_nodes": 4935855, "loss": 0.5354186058044433, "all_losses_finite": true}
[Step=1240] Wall=296.6508s | Loss=0.5309
[Profile] Avg ms/step | Load: 99.632 (Prep: 11.077, Struc: 1.264, Fetch: 87.292) | Fwd: 53.278 | Bwd: 65.146 | Opt: 0.685 | GPU_Tot: 207.665
[Autotune] {"version": 1, "step": 1240, "wall_seconds": 296.6508139700163, "seed_nodes": 4976815, "loss": 0.5309433937072754, "all_losses_finite": true}
[Step=1250] Wall=298.8351s | Loss=0.5058
[Profile] Avg ms/step | Load: 99.606 (Prep: 10.989, Struc: 1.264, Fetch: 87.353) | Fwd: 53.287 | Bwd: 65.160 | Opt: 0.685 | GPU_Tot: 207.749
[Autotune] {"version": 1, "step": 1250, "wall_seconds": 298.8350848449627, "seed_nodes": 5017775, "loss": 0.5058272361755372, "all_losses_finite": true}
[Step=1260] Wall=301.0080s | Loss=0.4832
[Profile] Avg ms/step | Load: 99.572 (Prep: 10.909, Struc: 1.264, Fetch: 87.399) | Fwd: 53.294 | Bwd: 65.172 | Opt: 0.685 | GPU_Tot: 207.815
[Autotune] {"version": 1, "step": 1260, "wall_seconds": 301.0080082810018, "seed_nodes": 5058735, "loss": 0.48315014839172366, "all_losses_finite": true}
[Step=1270] Wall=303.0268s | Loss=0.4665
[Profile] Avg ms/step | Load: 99.413 (Prep: 10.821, Struc: 1.264, Fetch: 87.327) | Fwd: 53.303 | Bwd: 65.185 | Opt: 0.685 | GPU_Tot: 207.765
[Autotune] {"version": 1, "step": 1270, "wall_seconds": 303.0267908209935, "seed_nodes": 5099695, "loss": 0.46650090217590334, "all_losses_finite": true}
[Step=1280] Wall=305.5219s | Loss=0.4933
[Profile] Avg ms/step | Load: 99.737 (Prep: 11.194, Struc: 1.264, Fetch: 87.279) | Fwd: 53.268 | Bwd: 65.144 | Opt: 0.685 | GPU_Tot: 207.639
[Autotune] {"version": 1, "step": 1280, "wall_seconds": 305.52190533000976, "seed_nodes": 5136566, "loss": 0.4933424472808838, "all_losses_finite": true}
[Step=1290] Wall=307.7062s | Loss=0.4723
[Profile] Avg ms/step | Load: 99.716 (Prep: 11.108, Struc: 1.264, Fetch: 87.344) | Fwd: 53.275 | Bwd: 65.153 | Opt: 0.685 | GPU_Tot: 207.721
[Autotune] {"version": 1, "step": 1290, "wall_seconds": 307.7061985429609, "seed_nodes": 5177526, "loss": 0.47229804992675783, "all_losses_finite": true}
[Step=1300] Wall=309.9130s | Loss=0.4697
[Profile] Avg ms/step | Load: 99.701 (Prep: 11.023, Struc: 1.264, Fetch: 87.413) | Fwd: 53.285 | Bwd: 65.172 | Opt: 0.685 | GPU_Tot: 207.819
[Autotune] {"version": 1, "step": 1300, "wall_seconds": 309.91297643398866, "seed_nodes": 5218486, "loss": 0.4696818351745605, "all_losses_finite": true}
[Step=1310] Wall=312.0528s | Loss=0.4523
[Profile] Avg ms/step | Load: 99.638 (Prep: 10.946, Struc: 1.264, Fetch: 87.428) | Fwd: 53.293 | Bwd: 65.186 | Opt: 0.685 | GPU_Tot: 207.856
[Autotune] {"version": 1, "step": 1310, "wall_seconds": 312.05280424503144, "seed_nodes": 5259446, "loss": 0.4523198127746582, "all_losses_finite": true}
[Step=1320] Wall=314.0702s | Loss=0.4574
[Profile] Avg ms/step | Load: 99.485 (Prep: 10.861, Struc: 1.264, Fetch: 87.359) | Fwd: 53.300 | Bwd: 65.198 | Opt: 0.684 | GPU_Tot: 207.806
[Autotune] {"version": 1, "step": 1320, "wall_seconds": 314.0702030629618, "seed_nodes": 5300406, "loss": 0.45737686157226565, "all_losses_finite": true}
[Step=1330] Wall=316.6047s | Loss=0.4079
[Profile] Avg ms/step | Load: 99.825 (Prep: 11.220, Struc: 1.264, Fetch: 87.342) | Fwd: 53.267 | Bwd: 65.159 | Opt: 0.684 | GPU_Tot: 207.716
[Autotune] {"version": 1, "step": 1330, "wall_seconds": 316.6046782709891, "seed_nodes": 5337277, "loss": 0.407924222946167, "all_losses_finite": true}
[Step=1340] Wall=318.7786s | Loss=0.4641
[Profile] Avg ms/step | Load: 99.792 (Prep: 11.137, Struc: 1.264, Fetch: 87.392) | Fwd: 53.275 | Bwd: 65.171 | Opt: 0.684 | GPU_Tot: 207.786
[Autotune] {"version": 1, "step": 1340, "wall_seconds": 318.77855375700165, "seed_nodes": 5378237, "loss": 0.4640984535217285, "all_losses_finite": true}
[Step=1350] Wall=320.9666s | Loss=0.4426
[Profile] Avg ms/step | Load: 99.769 (Prep: 11.055, Struc: 1.264, Fetch: 87.451) | Fwd: 53.283 | Bwd: 65.184 | Opt: 0.684 | GPU_Tot: 207.865
[Autotune] {"version": 1, "step": 1350, "wall_seconds": 320.96655361598823, "seed_nodes": 5419197, "loss": 0.4426356315612793, "all_losses_finite": true}
[Step=1360] Wall=323.1087s | Loss=0.4450
[Profile] Avg ms/step | Load: 99.710 (Prep: 10.980, Struc: 1.264, Fetch: 87.466) | Fwd: 53.292 | Bwd: 65.197 | Opt: 0.684 | GPU_Tot: 207.903
[Autotune] {"version": 1, "step": 1360, "wall_seconds": 323.1086502959952, "seed_nodes": 5460157, "loss": 0.44498672485351565, "all_losses_finite": true}
[Step=1370] Wall=325.1163s | Loss=0.4405
[Profile] Avg ms/step | Load: 99.560 (Prep: 10.898, Struc: 1.264, Fetch: 87.398) | Fwd: 53.298 | Bwd: 65.204 | Opt: 0.684 | GPU_Tot: 207.848
[Autotune] {"version": 1, "step": 1370, "wall_seconds": 325.1162643439602, "seed_nodes": 5501117, "loss": 0.440509557723999, "all_losses_finite": true}
[Step=1380] Wall=327.6414s | Loss=0.4497
[Profile] Avg ms/step | Load: 99.879 (Prep: 11.238, Struc: 1.264, Fetch: 87.377) | Fwd: 53.266 | Bwd: 65.167 | Opt: 0.684 | GPU_Tot: 207.759
[Autotune] {"version": 1, "step": 1380, "wall_seconds": 327.6414180379361, "seed_nodes": 5537988, "loss": 0.4496634483337402, "all_losses_finite": true}
[Step=1390] Wall=329.8164s | Loss=0.4624
[Profile] Avg ms/step | Load: 99.841 (Prep: 11.157, Struc: 1.264, Fetch: 87.420) | Fwd: 53.275 | Bwd: 65.183 | Opt: 0.684 | GPU_Tot: 207.826
[Autotune] {"version": 1, "step": 1390, "wall_seconds": 329.81635677302256, "seed_nodes": 5578948, "loss": 0.462396240234375, "all_losses_finite": true}
[Step=1400] Wall=331.9863s | Loss=0.4427
[Profile] Avg ms/step | Load: 99.801 (Prep: 11.078, Struc: 1.264, Fetch: 87.459) | Fwd: 53.284 | Bwd: 65.198 | Opt: 0.684 | GPU_Tot: 207.889
[Autotune] {"version": 1, "step": 1400, "wall_seconds": 331.9863196819788, "seed_nodes": 5619908, "loss": 0.44272503852844236, "all_losses_finite": true}
[Step=1410] Wall=334.0861s | Loss=0.4452
[Profile] Avg ms/step | Load: 99.711 (Prep: 11.006, Struc: 1.264, Fetch: 87.441) | Fwd: 53.291 | Bwd: 65.215 | Opt: 0.684 | GPU_Tot: 207.895
[Autotune] {"version": 1, "step": 1410, "wall_seconds": 334.08609575300943, "seed_nodes": 5660868, "loss": 0.44523038864135744, "all_losses_finite": true}
[Step=1420] Wall=336.0872s | Loss=0.4408
[Profile] Avg ms/step | Load: 99.560 (Prep: 10.927, Struc: 1.264, Fetch: 87.369) | Fwd: 53.298 | Bwd: 65.222 | Opt: 0.684 | GPU_Tot: 207.836
[Autotune] {"version": 1, "step": 1420, "wall_seconds": 336.08715412497986, "seed_nodes": 5701828, "loss": 0.4408365249633789, "all_losses_finite": true}
[Step=1430] Wall=338.6268s | Loss=0.4177
[Profile] Avg ms/step | Load: 99.878 (Prep: 11.260, Struc: 1.264, Fetch: 87.354) | Fwd: 53.267 | Bwd: 65.186 | Opt: 0.684 | GPU_Tot: 207.755
[Autotune] {"version": 1, "step": 1430, "wall_seconds": 338.6268230800051, "seed_nodes": 5738699, "loss": 0.417651891708374, "all_losses_finite": true}
[Step=1440] Wall=340.7785s | Loss=0.4290
[Profile] Avg ms/step | Load: 99.830 (Prep: 11.183, Struc: 1.264, Fetch: 87.384) | Fwd: 53.274 | Bwd: 65.198 | Opt: 0.684 | GPU_Tot: 207.804
[Autotune] {"version": 1, "step": 1440, "wall_seconds": 340.7784685579827, "seed_nodes": 5779659, "loss": 0.42902040481567383, "all_losses_finite": true}
[Step=1450] Wall=342.9543s | Loss=0.4379
[Profile] Avg ms/step | Load: 99.800 (Prep: 11.106, Struc: 1.264, Fetch: 87.430) | Fwd: 53.282 | Bwd: 65.209 | Opt: 0.684 | GPU_Tot: 207.869
[Autotune] {"version": 1, "step": 1450, "wall_seconds": 342.95427818002645, "seed_nodes": 5820619, "loss": 0.43793368339538574, "all_losses_finite": true}
[Step=1460] Wall=345.0626s | Loss=0.4406
[Profile] Avg ms/step | Load: 99.720 (Prep: 11.036, Struc: 1.264, Fetch: 87.420) | Fwd: 53.289 | Bwd: 65.223 | Opt: 0.684 | GPU_Tot: 207.880
[Autotune] {"version": 1, "step": 1460, "wall_seconds": 345.0626228309702, "seed_nodes": 5861579, "loss": 0.4405953884124756, "all_losses_finite": true}
[Step=1470] Wall=346.8751s | Loss=0.4028
[Profile] Avg ms/step | Load: 99.524 (Prep: 10.960, Struc: 1.263, Fetch: 87.301) | Fwd: 53.259 | Bwd: 65.185 | Opt: 0.683 | GPU_Tot: 207.692
[Autotune] {"version": 1, "step": 1470, "wall_seconds": 346.8751294449903, "seed_nodes": 5898450, "loss": 0.4028193950653076, "all_losses_finite": true}
[Step=1480] Wall=349.6665s | Loss=0.4718
[Profile] Avg ms/step | Load: 99.920 (Prep: 11.282, Struc: 1.264, Fetch: 87.374) | Fwd: 53.267 | Bwd: 65.200 | Opt: 0.683 | GPU_Tot: 207.788
[Autotune] {"version": 1, "step": 1480, "wall_seconds": 349.6665449619759, "seed_nodes": 5939410, "loss": 0.47181110382080077, "all_losses_finite": true}
[Step=1490] Wall=351.8504s | Loss=0.4489
[Profile] Avg ms/step | Load: 99.893 (Prep: 11.207, Struc: 1.264, Fetch: 87.421) | Fwd: 53.275 | Bwd: 65.214 | Opt: 0.683 | GPU_Tot: 207.857
[Autotune] {"version": 1, "step": 1490, "wall_seconds": 351.8503665099852, "seed_nodes": 5980370, "loss": 0.44894633293151853, "all_losses_finite": true}
[Step=1500] Wall=354.0407s | Loss=0.4433
[Profile] Avg ms/step | Load: 99.873 (Prep: 11.134, Struc: 1.264, Fetch: 87.476) | Fwd: 53.281 | Bwd: 65.225 | Opt: 0.684 | GPU_Tot: 207.929
[Autotune] {"version": 1, "step": 1500, "wall_seconds": 354.04069425491616, "seed_nodes": 6021330, "loss": 0.44326329231262207, "all_losses_finite": true}
[Step=1510] Wall=356.1092s | Loss=0.4293
[Profile] Avg ms/step | Load: 99.773 (Prep: 11.065, Struc: 1.264, Fetch: 87.444) | Fwd: 53.288 | Bwd: 65.234 | Opt: 0.683 | GPU_Tot: 207.913
[Autotune] {"version": 1, "step": 1510, "wall_seconds": 356.1091937189922, "seed_nodes": 6062290, "loss": 0.42926673889160155, "all_losses_finite": true}
[Step=1520] Wall=358.5116s | Loss=0.3896
[Profile] Avg ms/step | Load: 99.982 (Prep: 11.374, Struc: 1.264, Fetch: 87.345) | Fwd: 53.258 | Bwd: 65.197 | Opt: 0.683 | GPU_Tot: 207.747
[Autotune] {"version": 1, "step": 1520, "wall_seconds": 358.5116122550098, "seed_nodes": 6099161, "loss": 0.3895886421203613, "all_losses_finite": true}
[Step=1530] Wall=360.7154s | Loss=0.4249
[Profile] Avg ms/step | Load: 99.971 (Prep: 11.300, Struc: 1.264, Fetch: 87.407) | Fwd: 53.266 | Bwd: 65.208 | Opt: 0.683 | GPU_Tot: 207.828
[Autotune] {"version": 1, "step": 1530, "wall_seconds": 360.7153911580099, "seed_nodes": 6140121, "loss": 0.424916410446167, "all_losses_finite": true}
[Step=1540] Wall=362.8827s | Loss=0.4297
[Profile] Avg ms/step | Load: 99.934 (Prep: 11.228, Struc: 1.264, Fetch: 87.442) | Fwd: 53.273 | Bwd: 65.221 | Opt: 0.683 | GPU_Tot: 207.883
[Autotune] {"version": 1, "step": 1540, "wall_seconds": 362.8826935979305, "seed_nodes": 6181081, "loss": 0.42974095344543456, "all_losses_finite": true}
[Step=1550] Wall=365.0646s | Loss=0.4340
[Profile] Avg ms/step | Load: 99.904 (Prep: 11.156, Struc: 1.264, Fetch: 87.484) | Fwd: 53.281 | Bwd: 65.236 | Opt: 0.683 | GPU_Tot: 207.948
[Autotune] {"version": 1, "step": 1550, "wall_seconds": 365.06457458494697, "seed_nodes": 6222041, "loss": 0.43398470878601075, "all_losses_finite": true}
[Step=1560] Wall=367.1076s | Loss=0.4158
[Profile] Avg ms/step | Load: 99.795 (Prep: 11.090, Struc: 1.264, Fetch: 87.441) | Fwd: 53.286 | Bwd: 65.242 | Opt: 0.683 | GPU_Tot: 207.915
[Autotune] {"version": 1, "step": 1560, "wall_seconds": 367.10755890398286, "seed_nodes": 6263001, "loss": 0.4158064842224121, "all_losses_finite": true}
[Step=1570] Wall=369.5267s | Loss=0.4630
[Profile] Avg ms/step | Load: 100.004 (Prep: 11.388, Struc: 1.263, Fetch: 87.352) | Fwd: 53.258 | Bwd: 65.209 | Opt: 0.682 | GPU_Tot: 207.766
[Autotune] {"version": 1, "step": 1570, "wall_seconds": 369.5267028489616, "seed_nodes": 6299872, "loss": 0.46299357414245607, "all_losses_finite": true}
[Step=1580] Wall=371.7175s | Loss=0.4409
[Profile] Avg ms/step | Load: 99.978 (Prep: 11.317, Struc: 1.264, Fetch: 87.397) | Fwd: 53.266 | Bwd: 65.226 | Opt: 0.683 | GPU_Tot: 207.835
[Autotune] {"version": 1, "step": 1580, "wall_seconds": 371.7174724099459, "seed_nodes": 6340832, "loss": 0.44088211059570315, "all_losses_finite": true}
[Step=1590] Wall=373.9069s | Loss=0.4123
[Profile] Avg ms/step | Load: 99.953 (Prep: 11.246, Struc: 1.264, Fetch: 87.443) | Fwd: 53.274 | Bwd: 65.240 | Opt: 0.683 | GPU_Tot: 207.903
[Autotune] {"version": 1, "step": 1590, "wall_seconds": 373.9068860899424, "seed_nodes": 6381792, "loss": 0.4122755527496338, "all_losses_finite": true}
[Step=1600] Wall=376.0811s | Loss=0.4273
[Profile] Avg ms/step | Load: 99.922 (Prep: 11.177, Struc: 1.264, Fetch: 87.481) | Fwd: 53.280 | Bwd: 65.251 | Opt: 0.683 | GPU_Tot: 207.960
[Autotune] {"version": 1, "step": 1600, "wall_seconds": 376.0810857019387, "seed_nodes": 6422752, "loss": 0.4272778511047363, "all_losses_finite": true}
[Step=1610] Wall=378.1086s | Loss=0.4216
[Profile] Avg ms/step | Load: 99.807 (Prep: 11.114, Struc: 1.264, Fetch: 87.430) | Fwd: 53.285 | Bwd: 65.256 | Opt: 0.682 | GPU_Tot: 207.918
[Autotune] {"version": 1, "step": 1610, "wall_seconds": 378.10859020694625, "seed_nodes": 6463712, "loss": 0.4216196060180664, "all_losses_finite": true}
[Step=1620] Wall=380.5570s | Loss=0.5120
[Profile] Avg ms/step | Load: 100.031 (Prep: 11.401, Struc: 1.263, Fetch: 87.366) | Fwd: 53.258 | Bwd: 65.223 | Opt: 0.682 | GPU_Tot: 207.793
[Autotune] {"version": 1, "step": 1620, "wall_seconds": 380.55697884992696, "seed_nodes": 6500583, "loss": 0.5120362758636474, "all_losses_finite": true}
[Step=1630] Wall=382.7124s | Loss=0.5521
[Profile] Avg ms/step | Load: 99.990 (Prep: 11.332, Struc: 1.264, Fetch: 87.394) | Fwd: 53.265 | Bwd: 65.233 | Opt: 0.682 | GPU_Tot: 207.838
[Autotune] {"version": 1, "step": 1630, "wall_seconds": 382.71236119500827, "seed_nodes": 6541543, "loss": 0.5521271228790283, "all_losses_finite": true}
[Step=1640] Wall=384.8805s | Loss=0.4947
[Profile] Avg ms/step | Load: 99.957 (Prep: 11.264, Struc: 1.264, Fetch: 87.429) | Fwd: 53.271 | Bwd: 65.243 | Opt: 0.683 | GPU_Tot: 207.890
[Autotune] {"version": 1, "step": 1640, "wall_seconds": 384.880518208025, "seed_nodes": 6582503, "loss": 0.49471273422241213, "all_losses_finite": true}
------------------------------------------------------------
Training Completed. Total Steps: 1640 (Active: 1600)
Avg Breakdown (ms): Load=99.957 [Prep:11.264, Struc:1.264, Fetch:87.429], Fwd=53.271, Bwd=65.243, Opt=0.683
------------------------------------------------------------
