$REPO_ROOT/.venv/lib/python3.11/site-packages/outdated/__init__.py:36: UserWarning: pkg_resources is deprecated as an API. See https://setuptools.pypa.io/en/latest/pkg_resources.html. The pkg_resources package is slated for removal as early as 2025-11-30. Refrain from using this package or pin to Setuptools<81.
  from pkg_resources import parse_version
[ddp] Single-process mode: device=cuda
[Info] Running in Single-Process mode (CPU or Single GPU).
[Info] Device: cuda
[GraphCache] Caching disabled (0 nodes).
[Compile] {"enabled": true, "dynamic": true}
[GPU policy] {"version": 1, "optimizer": "torch.optim.AdamW", "epsilon_convention": "sqrt_bias_corrected_second_moment_plus_eps", "optimizer_defaults": {"lr": 0.003, "betas": [0.9, 0.999], "eps": 1e-06, "weight_decay": 0.0005, "amsgrad": false, "foreach": null, "maximize": false, "capturable": false, "differentiable": false, "fused": null}, "optimizer_groups": [{"parameters": ["_orig_mod.gnn.convs.0.lin_l.weight", "_orig_mod.gnn.convs.0.lin_r.weight", "_orig_mod.gnn.convs.1.lin_l.weight", "_orig_mod.gnn.convs.1.lin_r.weight", "_orig_mod.gnn.convs.2.lin_l.weight", "_orig_mod.gnn.convs.2.lin_r.weight", "_orig_mod.classifier.weight"], "weight_decay": 0.0005}, {"parameters": ["_orig_mod.gnn.convs.0.lin_l.bias", "_orig_mod.gnn.convs.1.lin_l.bias", "_orig_mod.gnn.convs.2.lin_l.bias", "_orig_mod.classifier.bias"], "weight_decay": 0.0}], "parameter_count": 4500520, "amp": {"implementation": "torch.amp.GradScaler", "enabled": true, "init_scale": 32768.0, "growth_interval": 2000, "growth_factor": 2.0, "backoff_factor": 0.5, "sdk_scale_clamps": false}}
[Step=0010] Wall=4.5655s | Loss=5.2115
[Profile] Avg ms/step | Load: 35.308 (Prep: 21.663, Struc: 0.384, Fetch: 13.261) | Fwd: 401.803 | Bwd: 12.578 | Opt: 4.445 | GPU_Tot: 432.471
[Autotune] {"version": 2, "step": 10, "wall_seconds": 4.565464613959193, "seed_nodes": 40960, "loss": 5.211493682861328, "all_losses_finite": true, "optimizer_steps": 9, "skipped_optimizer_steps": 1, "loss_scale": 16384.0}
[Step=0020] Wall=4.8627s | Loss=3.1968
[Profile] Avg ms/step | Load: 22.992 (Prep: 10.854, Struc: 0.339, Fetch: 11.799) | Fwd: 205.196 | Bwd: 11.119 | Opt: 2.539 | GPU_Tot: 230.992
[Autotune] {"version": 2, "step": 20, "wall_seconds": 4.862652275012806, "seed_nodes": 81920, "loss": 3.1967546463012697, "all_losses_finite": true, "optimizer_steps": 19, "skipped_optimizer_steps": 1, "loss_scale": 16384.0}
[Step=0030] Wall=5.2712s | Loss=2.5909
[Profile] Avg ms/step | Load: 22.874 (Prep: 10.408, Struc: 0.322, Fetch: 12.144) | Fwd: 139.533 | Bwd: 10.479 | Opt: 1.910 | GPU_Tot: 164.388
[Autotune] {"version": 2, "step": 30, "wall_seconds": 5.271188291022554, "seed_nodes": 119613, "loss": 2.590862274169922, "all_losses_finite": true, "optimizer_steps": 29, "skipped_optimizer_steps": 1, "loss_scale": 16384.0}
[Step=0040] Wall=5.5688s | Loss=2.1977
[Profile] Avg ms/step | Load: 0.000 (Prep: 0.000, Struc: 0.000, Fetch: 0.000) | Fwd: 0.000 | Bwd: 0.000 | Opt: 0.000 | GPU_Tot: 0.000
[Autotune] {"version": 2, "step": 40, "wall_seconds": 5.568832413991913, "seed_nodes": 160573, "loss": 2.1976715087890626, "all_losses_finite": true, "optimizer_steps": 39, "skipped_optimizer_steps": 1, "loss_scale": 16384.0}
[Step=0050] Wall=5.9753s | Loss=1.9377
[Profile] Avg ms/step | Load: 22.472 (Prep: 9.202, Struc: 0.294, Fetch: 12.976) | Fwd: 8.174 | Bwd: 9.173 | Opt: 0.665 | GPU_Tot: 31.282
[Autotune] {"version": 2, "step": 50, "wall_seconds": 5.975275998935103, "seed_nodes": 198266, "loss": 1.9376516342163086, "all_losses_finite": true, "optimizer_steps": 49, "skipped_optimizer_steps": 1, "loss_scale": 16384.0}
[Step=0060] Wall=6.2737s | Loss=1.7767
[Profile] Avg ms/step | Load: 16.632 (Prep: 4.623, Struc: 0.294, Fetch: 11.715) | Fwd: 8.383 | Bwd: 9.433 | Opt: 0.637 | GPU_Tot: 30.462
[Autotune] {"version": 2, "step": 60, "wall_seconds": 6.273653749842197, "seed_nodes": 239226, "loss": 1.7766544342041015, "all_losses_finite": true, "optimizer_steps": 59, "skipped_optimizer_steps": 1, "loss_scale": 16384.0}
[Step=0070] Wall=6.6250s | Loss=1.6643
[Profile] Avg ms/step | Load: 16.760 (Prep: 4.981, Struc: 0.292, Fetch: 11.487) | Fwd: 8.300 | Bwd: 9.342 | Opt: 0.646 | GPU_Tot: 30.067
[Autotune] {"version": 2, "step": 70, "wall_seconds": 6.625036475947127, "seed_nodes": 276919, "loss": 1.6643001556396484, "all_losses_finite": true, "optimizer_steps": 69, "skipped_optimizer_steps": 1, "loss_scale": 16384.0}
[Step=0080] Wall=6.9744s | Loss=1.5542
[Profile] Avg ms/step | Load: 16.537 (Prep: 4.546, Struc: 0.297, Fetch: 11.694) | Fwd: 8.374 | Bwd: 9.428 | Opt: 0.641 | GPU_Tot: 30.434
[Autotune] {"version": 2, "step": 80, "wall_seconds": 6.97442096285522, "seed_nodes": 317879, "loss": 1.554232120513916, "all_losses_finite": true, "optimizer_steps": 79, "skipped_optimizer_steps": 1, "loss_scale": 16384.0}
[Step=0090] Wall=7.2722s | Loss=1.4706
[Profile] Avg ms/step | Load: 15.374 (Prep: 3.645, Struc: 0.296, Fetch: 11.433) | Fwd: 8.420 | Bwd: 9.482 | Opt: 0.634 | GPU_Tot: 30.265
[Autotune] {"version": 2, "step": 90, "wall_seconds": 7.2721963718067855, "seed_nodes": 358839, "loss": 1.4706022262573242, "all_losses_finite": true, "optimizer_steps": 89, "skipped_optimizer_steps": 1, "loss_scale": 16384.0}
[Step=0100] Wall=7.6796s | Loss=1.4204
[Profile] Avg ms/step | Load: 16.579 (Prep: 4.702, Struc: 0.296, Fetch: 11.580) | Fwd: 8.380 | Bwd: 9.429 | Opt: 0.634 | GPU_Tot: 30.320
[Autotune] {"version": 2, "step": 100, "wall_seconds": 7.679573355941102, "seed_nodes": 396532, "loss": 1.4204458236694335, "all_losses_finite": true, "optimizer_steps": 99, "skipped_optimizer_steps": 1, "loss_scale": 16384.0}
[Step=0110] Wall=7.9792s | Loss=1.3504
[Profile] Avg ms/step | Load: 15.764 (Prep: 4.037, Struc: 0.296, Fetch: 11.431) | Fwd: 8.414 | Bwd: 9.468 | Opt: 0.631 | GPU_Tot: 30.241
[Autotune] {"version": 2, "step": 110, "wall_seconds": 7.979190567974001, "seed_nodes": 437492, "loss": 1.3503814697265626, "all_losses_finite": true, "optimizer_steps": 109, "skipped_optimizer_steps": 1, "loss_scale": 16384.0}
[Step=0120] Wall=8.3755s | Loss=1.3364
[Profile] Avg ms/step | Load: 16.475 (Prep: 4.825, Struc: 0.296, Fetch: 11.354) | Fwd: 8.386 | Bwd: 9.434 | Opt: 0.631 | GPU_Tot: 30.101
[Autotune] {"version": 2, "step": 120, "wall_seconds": 8.375467232894152, "seed_nodes": 475185, "loss": 1.3363520622253418, "all_losses_finite": true, "optimizer_steps": 119, "skipped_optimizer_steps": 1, "loss_scale": 16384.0}
[Step=0130] Wall=8.6807s | Loss=1.3159
[Profile] Avg ms/step | Load: 15.920 (Prep: 4.294, Struc: 0.296, Fetch: 11.331) | Fwd: 8.409 | Bwd: 9.462 | Opt: 0.630 | GPU_Tot: 30.127
[Autotune] {"version": 2, "step": 130, "wall_seconds": 8.680728782899678, "seed_nodes": 516145, "loss": 1.3159489631652832, "all_losses_finite": true, "optimizer_steps": 129, "skipped_optimizer_steps": 1, "loss_scale": 16384.0}
[Step=0140] Wall=9.0715s | Loss=1.2705
[Profile] Avg ms/step | Load: 16.415 (Prep: 4.814, Struc: 0.295, Fetch: 11.306) | Fwd: 8.386 | Bwd: 9.434 | Opt: 0.634 | GPU_Tot: 30.055
[Autotune] {"version": 2, "step": 140, "wall_seconds": 9.071530585875735, "seed_nodes": 553838, "loss": 1.2705327033996583, "all_losses_finite": true, "optimizer_steps": 139, "skipped_optimizer_steps": 1, "loss_scale": 16384.0}
[Step=0150] Wall=9.3799s | Loss=1.2640
[Profile] Avg ms/step | Load: 15.989 (Prep: 4.426, Struc: 0.296, Fetch: 11.267) | Fwd: 8.408 | Bwd: 9.458 | Opt: 0.633 | GPU_Tot: 30.063
[Autotune] {"version": 2, "step": 150, "wall_seconds": 9.37989694881253, "seed_nodes": 594798, "loss": 1.2639945983886718, "all_losses_finite": true, "optimizer_steps": 149, "skipped_optimizer_steps": 1, "loss_scale": 16384.0}
[Step=0160] Wall=9.6892s | Loss=1.2348
[Profile] Avg ms/step | Load: 15.644 (Prep: 4.061, Struc: 0.296, Fetch: 11.287) | Fwd: 8.426 | Bwd: 9.477 | Opt: 0.633 | GPU_Tot: 30.118
[Autotune] {"version": 2, "step": 160, "wall_seconds": 9.689184281975031, "seed_nodes": 635758, "loss": 1.234844970703125, "all_losses_finite": true, "optimizer_steps": 159, "skipped_optimizer_steps": 1, "loss_scale": 16384.0}
[Step=0170] Wall=10.0825s | Loss=1.2136
[Profile] Avg ms/step | Load: 16.064 (Prep: 4.457, Struc: 0.295, Fetch: 11.311) | Fwd: 8.409 | Bwd: 9.456 | Opt: 0.634 | GPU_Tot: 30.106
[Autotune] {"version": 2, "step": 170, "wall_seconds": 10.082467617001384, "seed_nodes": 673451, "loss": 1.21361083984375, "all_losses_finite": true, "optimizer_steps": 169, "skipped_optimizer_steps": 1, "loss_scale": 16384.0}
[Step=0180] Wall=10.3798s | Loss=1.2158
[Profile] Avg ms/step | Load: 15.677 (Prep: 4.142, Struc: 0.295, Fetch: 11.240) | Fwd: 8.424 | Bwd: 9.472 | Opt: 0.634 | GPU_Tot: 30.065
[Autotune] {"version": 2, "step": 180, "wall_seconds": 10.379815036896616, "seed_nodes": 714411, "loss": 1.2158469200134276, "all_losses_finite": true, "optimizer_steps": 179, "skipped_optimizer_steps": 1, "loss_scale": 16384.0}
[Step=0190] Wall=10.7793s | Loss=1.1826
[Profile] Avg ms/step | Load: 16.078 (Prep: 4.597, Struc: 0.296, Fetch: 11.185) | Fwd: 8.411 | Bwd: 9.455 | Opt: 0.634 | GPU_Tot: 29.982
[Autotune] {"version": 2, "step": 190, "wall_seconds": 10.77928920602426, "seed_nodes": 752104, "loss": 1.1825906753540039, "all_losses_finite": true, "optimizer_steps": 189, "skipped_optimizer_steps": 1, "loss_scale": 16384.0}
[Step=0200] Wall=11.0761s | Loss=1.1888
[Profile] Avg ms/step | Load: 15.735 (Prep: 4.313, Struc: 0.296, Fetch: 11.127) | Fwd: 8.424 | Bwd: 9.470 | Opt: 0.634 | GPU_Tot: 29.951
[Autotune] {"version": 2, "step": 200, "wall_seconds": 11.076092390809208, "seed_nodes": 793064, "loss": 1.1888036727905273, "all_losses_finite": true, "optimizer_steps": 199, "skipped_optimizer_steps": 1, "loss_scale": 16384.0}
[Step=0210] Wall=11.4786s | Loss=1.1923
[Profile] Avg ms/step | Load: 16.109 (Prep: 4.635, Struc: 0.296, Fetch: 11.178) | Fwd: 8.410 | Bwd: 9.452 | Opt: 0.634 | GPU_Tot: 29.971
[Autotune] {"version": 2, "step": 210, "wall_seconds": 11.478582210838795, "seed_nodes": 830757, "loss": 1.1922994613647462, "all_losses_finite": true, "optimizer_steps": 209, "skipped_optimizer_steps": 1, "loss_scale": 16384.0}
[Step=0220] Wall=11.7764s | Loss=1.1706
[Profile] Avg ms/step | Load: 15.808 (Prep: 4.380, Struc: 0.296, Fetch: 11.133) | Fwd: 8.422 | Bwd: 9.466 | Opt: 0.634 | GPU_Tot: 29.949
[Autotune] {"version": 2, "step": 220, "wall_seconds": 11.77641363395378, "seed_nodes": 871717, "loss": 1.1705811500549317, "all_losses_finite": true, "optimizer_steps": 219, "skipped_optimizer_steps": 1, "loss_scale": 16384.0}
[Step=0230] Wall=12.0581s | Loss=1.1505
[Profile] Avg ms/step | Load: 15.504 (Prep: 4.152, Struc: 0.295, Fetch: 11.057) | Fwd: 8.409 | Bwd: 9.451 | Opt: 0.634 | GPU_Tot: 29.845
[Autotune] {"version": 2, "step": 230, "wall_seconds": 12.058050179854035, "seed_nodes": 909410, "loss": 1.1504643440246582, "all_losses_finite": true, "optimizer_steps": 229, "skipped_optimizer_steps": 1, "loss_scale": 16384.0}
[Step=0240] Wall=12.4703s | Loss=1.1536
[Profile] Avg ms/step | Load: 15.831 (Prep: 4.443, Struc: 0.295, Fetch: 11.093) | Fwd: 8.420 | Bwd: 9.463 | Opt: 0.636 | GPU_Tot: 29.907
[Autotune] {"version": 2, "step": 240, "wall_seconds": 12.470285129966214, "seed_nodes": 950370, "loss": 1.1536029815673827, "all_losses_finite": true, "optimizer_steps": 239, "skipped_optimizer_steps": 1, "loss_scale": 16384.0}
[Step=0250] Wall=12.7673s | Loss=1.1496
[Profile] Avg ms/step | Load: 15.582 (Prep: 4.233, Struc: 0.295, Fetch: 11.054) | Fwd: 8.429 | Bwd: 9.474 | Opt: 0.636 | GPU_Tot: 29.888
[Autotune] {"version": 2, "step": 250, "wall_seconds": 12.767337227938697, "seed_nodes": 991330, "loss": 1.149646282196045, "all_losses_finite": true, "optimizer_steps": 249, "skipped_optimizer_steps": 1, "loss_scale": 16384.0}
[Step=0260] Wall=13.1708s | Loss=1.1238
[Profile] Avg ms/step | Load: 15.881 (Prep: 4.505, Struc: 0.296, Fetch: 11.081) | Fwd: 8.419 | Bwd: 9.461 | Opt: 0.636 | GPU_Tot: 29.893
[Autotune] {"version": 2, "step": 260, "wall_seconds": 13.170837088022381, "seed_nodes": 1029023, "loss": 1.1237735748291016, "all_losses_finite": true, "optimizer_steps": 259, "skipped_optimizer_steps": 1, "loss_scale": 16384.0}
[Step=0270] Wall=13.4699s | Loss=1.1200
[Profile] Avg ms/step | Load: 15.660 (Prep: 4.311, Struc: 0.296, Fetch: 11.054) | Fwd: 8.428 | Bwd: 9.471 | Opt: 0.636 | GPU_Tot: 29.885
[Autotune] {"version": 2, "step": 270, "wall_seconds": 13.469906684011221, "seed_nodes": 1069983, "loss": 1.1199962615966796, "all_losses_finite": true, "optimizer_steps": 269, "skipped_optimizer_steps": 1, "loss_scale": 16384.0}
[Step=0280] Wall=13.8545s | Loss=1.1344
[Profile] Avg ms/step | Load: 15.850 (Prep: 4.455, Struc: 0.296, Fetch: 11.100) | Fwd: 8.419 | Bwd: 9.459 | Opt: 0.638 | GPU_Tot: 29.911
[Autotune] {"version": 2, "step": 280, "wall_seconds": 13.854507985990494, "seed_nodes": 1107676, "loss": 1.134354019165039, "all_losses_finite": true, "optimizer_steps": 279, "skipped_optimizer_steps": 1, "loss_scale": 16384.0}
[Step=0290] Wall=14.1537s | Loss=1.1157
[Profile] Avg ms/step | Load: 15.650 (Prep: 4.278, Struc: 0.296, Fetch: 11.076) | Fwd: 8.426 | Bwd: 9.468 | Opt: 0.638 | GPU_Tot: 29.903
[Autotune] {"version": 2, "step": 290, "wall_seconds": 14.15374504798092, "seed_nodes": 1148636, "loss": 1.1157363891601562, "all_losses_finite": true, "optimizer_steps": 289, "skipped_optimizer_steps": 1, "loss_scale": 16384.0}
[Step=0300] Wall=14.5021s | Loss=1.1094
[Profile] Avg ms/step | Load: 15.684 (Prep: 4.333, Struc: 0.296, Fetch: 11.055) | Fwd: 8.418 | Bwd: 9.458 | Opt: 0.639 | GPU_Tot: 29.867
[Autotune] {"version": 2, "step": 300, "wall_seconds": 14.502124680904672, "seed_nodes": 1186329, "loss": 1.109398651123047, "all_losses_finite": true, "optimizer_steps": 299, "skipped_optimizer_steps": 1, "loss_scale": 16384.0}
[Step=0310] Wall=14.8609s | Loss=1.1001
[Profile] Avg ms/step | Load: 15.723 (Prep: 4.299, Struc: 0.296, Fetch: 11.128) | Fwd: 8.427 | Bwd: 9.467 | Opt: 0.639 | GPU_Tot: 29.957
[Autotune] {"version": 2, "step": 310, "wall_seconds": 14.860864750808105, "seed_nodes": 1227289, "loss": 1.1000682830810546, "all_losses_finite": true, "optimizer_steps": 309, "skipped_optimizer_steps": 1, "loss_scale": 16384.0}
[Step=0320] Wall=15.1581s | Loss=1.0903
[Profile] Avg ms/step | Load: 15.541 (Prep: 4.147, Struc: 0.296, Fetch: 11.098) | Fwd: 8.433 | Bwd: 9.476 | Opt: 0.639 | GPU_Tot: 29.942
[Autotune] {"version": 2, "step": 320, "wall_seconds": 15.15805061487481, "seed_nodes": 1268249, "loss": 1.0903127670288086, "all_losses_finite": true, "optimizer_steps": 319, "skipped_optimizer_steps": 1, "loss_scale": 16384.0}
[Step=0330] Wall=15.5418s | Loss=1.0855
[Profile] Avg ms/step | Load: 15.702 (Prep: 4.273, Struc: 0.296, Fetch: 11.133) | Fwd: 8.425 | Bwd: 9.466 | Opt: 0.639 | GPU_Tot: 29.958
[Autotune] {"version": 2, "step": 330, "wall_seconds": 15.54181776382029, "seed_nodes": 1305942, "loss": 1.0854783058166504, "all_losses_finite": true, "optimizer_steps": 329, "skipped_optimizer_steps": 1, "loss_scale": 16384.0}
[Step=0340] Wall=15.8414s | Loss=1.0885
[Profile] Avg ms/step | Load: 15.540 (Prep: 4.132, Struc: 0.296, Fetch: 11.112) | Fwd: 8.432 | Bwd: 9.474 | Opt: 0.638 | GPU_Tot: 29.952
[Autotune] {"version": 2, "step": 340, "wall_seconds": 15.841382700949907, "seed_nodes": 1346902, "loss": 1.088505458831787, "all_losses_finite": true, "optimizer_steps": 339, "skipped_optimizer_steps": 1, "loss_scale": 16384.0}
[Step=0350] Wall=16.2577s | Loss=1.0929
[Profile] Avg ms/step | Load: 15.794 (Prep: 4.307, Struc: 0.296, Fetch: 11.192) | Fwd: 8.424 | Bwd: 9.465 | Opt: 0.638 | GPU_Tot: 30.015
[Autotune] {"version": 2, "step": 350, "wall_seconds": 16.25769135984592, "seed_nodes": 1384595, "loss": 1.0929244995117187, "all_losses_finite": true, "optimizer_steps": 349, "skipped_optimizer_steps": 1, "loss_scale": 16384.0}
[Step=0360] Wall=16.5641s | Loss=1.0844
[Profile] Avg ms/step | Load: 15.661 (Prep: 4.173, Struc: 0.296, Fetch: 11.192) | Fwd: 8.430 | Bwd: 9.473 | Opt: 0.638 | GPU_Tot: 30.028
[Autotune] {"version": 2, "step": 360, "wall_seconds": 16.5640819768887, "seed_nodes": 1425555, "loss": 1.0844419479370118, "all_losses_finite": true, "optimizer_steps": 359, "skipped_optimizer_steps": 1, "loss_scale": 16384.0}
[Step=0370] Wall=16.9263s | Loss=1.0620
[Profile] Avg ms/step | Load: 15.733 (Prep: 4.225, Struc: 0.296, Fetch: 11.213) | Fwd: 8.423 | Bwd: 9.464 | Opt: 0.638 | GPU_Tot: 30.034
[Autotune] {"version": 2, "step": 370, "wall_seconds": 16.926336308941245, "seed_nodes": 1463248, "loss": 1.0620407104492187, "all_losses_finite": true, "optimizer_steps": 369, "skipped_optimizer_steps": 1, "loss_scale": 16384.0}
[Step=0380] Wall=17.2455s | Loss=1.0645
[Profile] Avg ms/step | Load: 15.648 (Prep: 4.122, Struc: 0.296, Fetch: 11.230) | Fwd: 8.429 | Bwd: 9.471 | Opt: 0.638 | GPU_Tot: 30.063
[Autotune] {"version": 2, "step": 380, "wall_seconds": 17.245498828822747, "seed_nodes": 1504208, "loss": 1.0645116806030273, "all_losses_finite": true, "optimizer_steps": 379, "skipped_optimizer_steps": 1, "loss_scale": 16384.0}
[Step=0390] Wall=17.5439s | Loss=1.0576
[Profile] Avg ms/step | Load: 15.507 (Prep: 4.005, Struc: 0.296, Fetch: 11.206) | Fwd: 8.435 | Bwd: 9.477 | Opt: 0.637 | GPU_Tot: 30.051
[Autotune] {"version": 2, "step": 390, "wall_seconds": 17.543862313963473, "seed_nodes": 1545168, "loss": 1.0576451301574707, "all_losses_finite": true, "optimizer_steps": 389, "skipped_optimizer_steps": 1, "loss_scale": 16384.0}
[Step=0400] Wall=17.9512s | Loss=1.0584
[Profile] Avg ms/step | Load: 15.702 (Prep: 4.195, Struc: 0.296, Fetch: 11.211) | Fwd: 8.428 | Bwd: 9.470 | Opt: 0.637 | GPU_Tot: 30.042
[Autotune] {"version": 2, "step": 400, "wall_seconds": 17.951172307832167, "seed_nodes": 1582861, "loss": 1.0583831787109375, "all_losses_finite": true, "optimizer_steps": 399, "skipped_optimizer_steps": 1, "loss_scale": 16384.0}
[Step=0410] Wall=18.2500s | Loss=1.0582
[Profile] Avg ms/step | Load: 15.569 (Prep: 4.083, Struc: 0.296, Fetch: 11.190) | Fwd: 8.433 | Bwd: 9.476 | Opt: 0.637 | GPU_Tot: 30.032
[Autotune] {"version": 2, "step": 410, "wall_seconds": 18.250003340886906, "seed_nodes": 1623821, "loss": 1.058209228515625, "all_losses_finite": true, "optimizer_steps": 409, "skipped_optimizer_steps": 1, "loss_scale": 16384.0}
[Step=0420] Wall=18.6500s | Loss=1.0638
[Profile] Avg ms/step | Load: 15.734 (Prep: 4.226, Struc: 0.296, Fetch: 11.212) | Fwd: 8.427 | Bwd: 9.468 | Opt: 0.637 | GPU_Tot: 30.040
[Autotune] {"version": 2, "step": 420, "wall_seconds": 18.650024260859936, "seed_nodes": 1661514, "loss": 1.0637816429138183, "all_losses_finite": true, "optimizer_steps": 419, "skipped_optimizer_steps": 1, "loss_scale": 16384.0}
[Step=0430] Wall=18.9492s | Loss=1.0498
[Profile] Avg ms/step | Load: 15.609 (Prep: 4.119, Struc: 0.296, Fetch: 11.194) | Fwd: 8.432 | Bwd: 9.474 | Opt: 0.637 | GPU_Tot: 30.032
[Autotune] {"version": 2, "step": 430, "wall_seconds": 18.949217343935743, "seed_nodes": 1702474, "loss": 1.0497655868530273, "all_losses_finite": true, "optimizer_steps": 429, "skipped_optimizer_steps": 1, "loss_scale": 16384.0}
[Step=0440] Wall=19.3725s | Loss=1.0534
[Profile] Avg ms/step | Load: 15.820 (Prep: 4.328, Struc: 0.296, Fetch: 11.196) | Fwd: 8.427 | Bwd: 9.468 | Opt: 0.637 | GPU_Tot: 30.024
[Autotune] {"version": 2, "step": 440, "wall_seconds": 19.37254762183875, "seed_nodes": 1740167, "loss": 1.0533618927001953, "all_losses_finite": true, "optimizer_steps": 439, "skipped_optimizer_steps": 1, "loss_scale": 16384.0}
[Step=0450] Wall=19.6719s | Loss=1.0539
[Profile] Avg ms/step | Load: 15.698 (Prep: 4.223, Struc: 0.296, Fetch: 11.180) | Fwd: 8.432 | Bwd: 9.473 | Opt: 0.637 | GPU_Tot: 30.017
[Autotune] {"version": 2, "step": 450, "wall_seconds": 19.67193737300113, "seed_nodes": 1781127, "loss": 1.0539430618286132, "all_losses_finite": true, "optimizer_steps": 449, "skipped_optimizer_steps": 1, "loss_scale": 16384.0}
[Step=0460] Wall=19.9668s | Loss=1.0321
[Profile] Avg ms/step | Load: 15.594 (Prep: 4.123, Struc: 0.295, Fetch: 11.175) | Fwd: 8.426 | Bwd: 9.467 | Opt: 0.637 | GPU_Tot: 30.000
[Autotune] {"version": 2, "step": 460, "wall_seconds": 19.96681304089725, "seed_nodes": 1818820, "loss": 1.032088279724121, "all_losses_finite": true, "optimizer_steps": 459, "skipped_optimizer_steps": 1, "loss_scale": 16384.0}
[Step=0470] Wall=20.3739s | Loss=1.0364
[Profile] Avg ms/step | Load: 15.733 (Prep: 4.235, Struc: 0.295, Fetch: 11.203) | Fwd: 8.431 | Bwd: 9.472 | Opt: 0.637 | GPU_Tot: 30.037
[Autotune] {"version": 2, "step": 470, "wall_seconds": 20.373860243009403, "seed_nodes": 1859780, "loss": 1.0364492416381836, "all_losses_finite": true, "optimizer_steps": 469, "skipped_optimizer_steps": 1, "loss_scale": 16384.0}
[Step=0480] Wall=20.6744s | Loss=1.0338
[Profile] Avg ms/step | Load: 15.624 (Prep: 4.140, Struc: 0.296, Fetch: 11.188) | Fwd: 8.435 | Bwd: 9.477 | Opt: 0.637 | GPU_Tot: 30.033
[Autotune] {"version": 2, "step": 480, "wall_seconds": 20.67439769487828, "seed_nodes": 1900740, "loss": 1.0337701797485352, "all_losses_finite": true, "optimizer_steps": 479, "skipped_optimizer_steps": 1, "loss_scale": 16384.0}
[Step=0490] Wall=21.0703s | Loss=1.0301
[Profile] Avg ms/step | Load: 15.752 (Prep: 4.262, Struc: 0.295, Fetch: 11.194) | Fwd: 8.430 | Bwd: 9.471 | Opt: 0.637 | GPU_Tot: 30.028
[Autotune] {"version": 2, "step": 490, "wall_seconds": 21.070304246852174, "seed_nodes": 1938433, "loss": 1.0301044464111329, "all_losses_finite": true, "optimizer_steps": 489, "skipped_optimizer_steps": 1, "loss_scale": 16384.0}
[Step=0500] Wall=21.3717s | Loss=1.0271
[Profile] Avg ms/step | Load: 15.648 (Prep: 4.170, Struc: 0.295, Fetch: 11.182) | Fwd: 8.435 | Bwd: 9.476 | Opt: 0.637 | GPU_Tot: 30.026
[Autotune] {"version": 2, "step": 500, "wall_seconds": 21.37165612797253, "seed_nodes": 1979393, "loss": 1.0270933151245116, "all_losses_finite": true, "optimizer_steps": 499, "skipped_optimizer_steps": 1, "loss_scale": 16384.0}
[Step=0510] Wall=21.7549s | Loss=1.0104
[Profile] Avg ms/step | Load: 15.742 (Prep: 4.249, Struc: 0.296, Fetch: 11.198) | Fwd: 8.430 | Bwd: 9.471 | Opt: 0.637 | GPU_Tot: 30.032
[Autotune] {"version": 2, "step": 510, "wall_seconds": 21.754908340983093, "seed_nodes": 2017086, "loss": 1.0104312896728516, "all_losses_finite": true, "optimizer_steps": 509, "skipped_optimizer_steps": 1, "loss_scale": 16384.0}
[Step=0520] Wall=22.0553s | Loss=1.0323
[Profile] Avg ms/step | Load: 15.642 (Prep: 4.161, Struc: 0.296, Fetch: 11.186) | Fwd: 8.434 | Bwd: 9.475 | Opt: 0.637 | GPU_Tot: 30.028
[Autotune] {"version": 2, "step": 520, "wall_seconds": 22.05531943286769, "seed_nodes": 2058046, "loss": 1.032321834564209, "all_losses_finite": true, "optimizer_steps": 519, "skipped_optimizer_steps": 1, "loss_scale": 16384.0}
[Step=0530] Wall=22.4181s | Loss=1.0205
[Profile] Avg ms/step | Load: 15.692 (Prep: 4.212, Struc: 0.295, Fetch: 11.185) | Fwd: 8.430 | Bwd: 9.470 | Opt: 0.637 | GPU_Tot: 30.016
[Autotune] {"version": 2, "step": 530, "wall_seconds": 22.418129725847393, "seed_nodes": 2095739, "loss": 1.02047700881958, "all_losses_finite": true, "optimizer_steps": 529, "skipped_optimizer_steps": 1, "loss_scale": 16384.0}
[Step=0540] Wall=22.7628s | Loss=1.0145
[Profile] Avg ms/step | Load: 15.685 (Prep: 4.197, Struc: 0.296, Fetch: 11.193) | Fwd: 8.434 | Bwd: 9.474 | Opt: 0.637 | GPU_Tot: 30.033
[Autotune] {"version": 2, "step": 540, "wall_seconds": 22.762763282982633, "seed_nodes": 2136699, "loss": 1.0145395278930665, "all_losses_finite": true, "optimizer_steps": 539, "skipped_optimizer_steps": 1, "loss_scale": 16384.0}
[Step=0550] Wall=23.0628s | Loss=1.0186
[Profile] Avg ms/step | Load: 15.591 (Prep: 4.115, Struc: 0.296, Fetch: 11.180) | Fwd: 8.438 | Bwd: 9.479 | Opt: 0.637 | GPU_Tot: 30.029
[Autotune] {"version": 2, "step": 550, "wall_seconds": 23.062770969001576, "seed_nodes": 2177659, "loss": 1.0185603141784667, "all_losses_finite": true, "optimizer_steps": 549, "skipped_optimizer_steps": 1, "loss_scale": 16384.0}
[Step=0560] Wall=23.4744s | Loss=1.0192
[Profile] Avg ms/step | Load: 15.733 (Prep: 4.257, Struc: 0.296, Fetch: 11.181) | Fwd: 8.433 | Bwd: 9.473 | Opt: 0.637 | GPU_Tot: 30.019
[Autotune] {"version": 2, "step": 560, "wall_seconds": 23.474378096871078, "seed_nodes": 2215352, "loss": 1.0191873550415038, "all_losses_finite": true, "optimizer_steps": 559, "skipped_optimizer_steps": 1, "loss_scale": 16384.0}
[Step=0570] Wall=23.7726s | Loss=1.0057
[Profile] Avg ms/step | Load: 15.639 (Prep: 4.177, Struc: 0.296, Fetch: 11.166) | Fwd: 8.436 | Bwd: 9.477 | Opt: 0.637 | GPU_Tot: 30.012
[Autotune] {"version": 2, "step": 570, "wall_seconds": 23.77260334487073, "seed_nodes": 2256312, "loss": 1.0056853294372559, "all_losses_finite": true, "optimizer_steps": 569, "skipped_optimizer_steps": 1, "loss_scale": 16384.0}
[Step=0580] Wall=24.1906s | Loss=1.0008
[Profile] Avg ms/step | Load: 15.786 (Prep: 4.328, Struc: 0.296, Fetch: 11.162) | Fwd: 8.432 | Bwd: 9.472 | Opt: 0.637 | GPU_Tot: 29.999
[Autotune] {"version": 2, "step": 580, "wall_seconds": 24.190568126970902, "seed_nodes": 2294005, "loss": 1.0007579803466797, "all_losses_finite": true, "optimizer_steps": 579, "skipped_optimizer_steps": 1, "loss_scale": 16384.0}
[Step=0590] Wall=24.4892s | Loss=0.9951
[Profile] Avg ms/step | Load: 15.695 (Prep: 4.250, Struc: 0.296, Fetch: 11.149) | Fwd: 8.435 | Bwd: 9.476 | Opt: 0.637 | GPU_Tot: 29.993
[Autotune] {"version": 2, "step": 590, "wall_seconds": 24.489174905931577, "seed_nodes": 2334965, "loss": 0.9951155662536622, "all_losses_finite": true, "optimizer_steps": 589, "skipped_optimizer_steps": 1, "loss_scale": 16384.0}
[Step=0600] Wall=24.8715s | Loss=1.0019
[Profile] Avg ms/step | Load: 15.772 (Prep: 4.328, Struc: 0.296, Fetch: 11.148) | Fwd: 8.431 | Bwd: 9.471 | Opt: 0.637 | GPU_Tot: 29.983
[Autotune] {"version": 2, "step": 600, "wall_seconds": 24.871496098814532, "seed_nodes": 2372658, "loss": 1.0018799781799317, "all_losses_finite": true, "optimizer_steps": 599, "skipped_optimizer_steps": 1, "loss_scale": 16384.0}
[Step=0610] Wall=25.1823s | Loss=1.0072
[Profile] Avg ms/step | Load: 15.705 (Prep: 4.253, Struc: 0.296, Fetch: 11.156) | Fwd: 8.435 | Bwd: 9.476 | Opt: 0.637 | GPU_Tot: 29.999
[Autotune] {"version": 2, "step": 610, "wall_seconds": 25.18231908301823, "seed_nodes": 2413618, "loss": 1.0072467803955079, "all_losses_finite": true, "optimizer_steps": 609, "skipped_optimizer_steps": 1, "loss_scale": 16384.0}
[Step=0620] Wall=25.4801s | Loss=0.9932
[Profile] Avg ms/step | Load: 15.619 (Prep: 4.180, Struc: 0.296, Fetch: 11.142) | Fwd: 8.438 | Bwd: 9.479 | Opt: 0.636 | GPU_Tot: 29.992
[Autotune] {"version": 2, "step": 620, "wall_seconds": 25.480141742853448, "seed_nodes": 2454578, "loss": 0.9932476997375488, "all_losses_finite": true, "optimizer_steps": 619, "skipped_optimizer_steps": 1, "loss_scale": 16384.0}
[Step=0630] Wall=25.8756s | Loss=1.0040
[Profile] Avg ms/step | Load: 15.717 (Prep: 4.258, Struc: 0.296, Fetch: 11.163) | Fwd: 8.434 | Bwd: 9.474 | Opt: 0.636 | GPU_Tot: 30.003
[Autotune] {"version": 2, "step": 630, "wall_seconds": 25.875635888893157, "seed_nodes": 2492271, "loss": 1.00396728515625, "all_losses_finite": true, "optimizer_steps": 629, "skipped_optimizer_steps": 1, "loss_scale": 16384.0}
[Step=0640] Wall=26.1749s | Loss=0.9986
[Profile] Avg ms/step | Load: 15.635 (Prep: 4.188, Struc: 0.296, Fetch: 11.151) | Fwd: 8.437 | Bwd: 9.478 | Opt: 0.636 | GPU_Tot: 29.999
[Autotune] {"version": 2, "step": 640, "wall_seconds": 26.174907208885998, "seed_nodes": 2533231, "loss": 0.9986233711242676, "all_losses_finite": true, "optimizer_steps": 639, "skipped_optimizer_steps": 1, "loss_scale": 16384.0}
[Step=0650] Wall=26.5783s | Loss=0.9979
[Profile] Avg ms/step | Load: 15.742 (Prep: 4.288, Struc: 0.296, Fetch: 11.158) | Fwd: 8.433 | Bwd: 9.473 | Opt: 0.636 | GPU_Tot: 29.996
[Autotune] {"version": 2, "step": 650, "wall_seconds": 26.578295729821548, "seed_nodes": 2570924, "loss": 0.997856330871582, "all_losses_finite": true, "optimizer_steps": 649, "skipped_optimizer_steps": 1, "loss_scale": 16384.0}
[Step=0660] Wall=26.8909s | Loss=0.9876
[Profile] Avg ms/step | Load: 15.684 (Prep: 4.219, Struc: 0.296, Fetch: 11.169) | Fwd: 8.436 | Bwd: 9.477 | Opt: 0.636 | GPU_Tot: 30.014
[Autotune] {"version": 2, "step": 660, "wall_seconds": 26.89094379497692, "seed_nodes": 2611884, "loss": 0.9875564575195312, "all_losses_finite": true, "optimizer_steps": 659, "skipped_optimizer_steps": 1, "loss_scale": 16384.0}
[Step=0670] Wall=27.2933s | Loss=0.9875
[Profile] Avg ms/step | Load: 15.783 (Prep: 4.320, Struc: 0.296, Fetch: 11.168) | Fwd: 8.433 | Bwd: 9.473 | Opt: 0.637 | GPU_Tot: 30.006
[Autotune] {"version": 2, "step": 670, "wall_seconds": 27.293330712011084, "seed_nodes": 2649577, "loss": 0.9875244140625, "all_losses_finite": true, "optimizer_steps": 669, "skipped_optimizer_steps": 1, "loss_scale": 16384.0}
[Step=0680] Wall=27.5932s | Loss=0.9844
[Profile] Avg ms/step | Load: 15.707 (Prep: 4.253, Struc: 0.296, Fetch: 11.159) | Fwd: 8.435 | Bwd: 9.476 | Opt: 0.637 | GPU_Tot: 30.003
[Autotune] {"version": 2, "step": 680, "wall_seconds": 27.59322435595095, "seed_nodes": 2690537, "loss": 0.9843523025512695, "all_losses_finite": true, "optimizer_steps": 679, "skipped_optimizer_steps": 1, "loss_scale": 16384.0}
[Step=0690] Wall=27.8777s | Loss=0.9905
[Profile] Avg ms/step | Load: 15.623 (Prep: 4.188, Struc: 0.296, Fetch: 11.140) | Fwd: 8.432 | Bwd: 9.472 | Opt: 0.637 | GPU_Tot: 29.976
[Autotune] {"version": 2, "step": 690, "wall_seconds": 27.877697716932744, "seed_nodes": 2728230, "loss": 0.9904932022094727, "all_losses_finite": true, "optimizer_steps": 689, "skipped_optimizer_steps": 1, "loss_scale": 16384.0}
[Step=0700] Wall=28.2675s | Loss=0.9811
[Profile] Avg ms/step | Load: 15.687 (Prep: 4.224, Struc: 0.296, Fetch: 11.167) | Fwd: 8.435 | Bwd: 9.475 | Opt: 0.637 | GPU_Tot: 30.011
[Autotune] {"version": 2, "step": 700, "wall_seconds": 28.267506681848317, "seed_nodes": 2769190, "loss": 0.9810542106628418, "all_losses_finite": true, "optimizer_steps": 699, "skipped_optimizer_steps": 1, "loss_scale": 16384.0}
[Step=0710] Wall=28.5673s | Loss=0.9721
[Profile] Avg ms/step | Load: 15.615 (Prep: 4.162, Struc: 0.296, Fetch: 11.157) | Fwd: 8.438 | Bwd: 9.479 | Opt: 0.637 | GPU_Tot: 30.007
[Autotune] {"version": 2, "step": 710, "wall_seconds": 28.567339138826355, "seed_nodes": 2810150, "loss": 0.9721282958984375, "all_losses_finite": true, "optimizer_steps": 709, "skipped_optimizer_steps": 1, "loss_scale": 16384.0}
[Step=0720] Wall=28.9473s | Loss=0.9711
[Profile] Avg ms/step | Load: 15.676 (Prep: 4.205, Struc: 0.296, Fetch: 11.175) | Fwd: 8.434 | Bwd: 9.475 | Opt: 0.638 | GPU_Tot: 30.017
[Autotune] {"version": 2, "step": 720, "wall_seconds": 28.94725458486937, "seed_nodes": 2847843, "loss": 0.9710795402526855, "all_losses_finite": true, "optimizer_steps": 719, "skipped_optimizer_steps": 1, "loss_scale": 16384.0}
[Step=0730] Wall=29.2490s | Loss=0.9718
[Profile] Avg ms/step | Load: 15.608 (Prep: 4.145, Struc: 0.296, Fetch: 11.168) | Fwd: 8.438 | Bwd: 9.478 | Opt: 0.637 | GPU_Tot: 30.017
[Autotune] {"version": 2, "step": 730, "wall_seconds": 29.249016758985817, "seed_nodes": 2888803, "loss": 0.971825122833252, "all_losses_finite": true, "optimizer_steps": 729, "skipped_optimizer_steps": 1, "loss_scale": 16384.0}
[Step=0740] Wall=29.6481s | Loss=0.9690
[Profile] Avg ms/step | Load: 15.695 (Prep: 4.230, Struc: 0.296, Fetch: 11.170) | Fwd: 8.434 | Bwd: 9.474 | Opt: 0.638 | GPU_Tot: 30.012
[Autotune] {"version": 2, "step": 740, "wall_seconds": 29.648108150810003, "seed_nodes": 2926496, "loss": 0.9690419197082519, "all_losses_finite": true, "optimizer_steps": 739, "skipped_optimizer_steps": 1, "loss_scale": 16384.0}
[Step=0750] Wall=29.9595s | Loss=0.9628
[Profile] Avg ms/step | Load: 15.643 (Prep: 4.171, Struc: 0.296, Fetch: 11.177) | Fwd: 8.437 | Bwd: 9.477 | Opt: 0.638 | GPU_Tot: 30.025
[Autotune] {"version": 2, "step": 750, "wall_seconds": 29.9594746818766, "seed_nodes": 2967456, "loss": 0.9627697944641114, "all_losses_finite": true, "optimizer_steps": 749, "skipped_optimizer_steps": 1, "loss_scale": 16384.0}
[Step=0760] Wall=30.3092s | Loss=0.9700
[Profile] Avg ms/step | Load: 15.659 (Prep: 4.192, Struc: 0.296, Fetch: 11.171) | Fwd: 8.434 | Bwd: 9.473 | Opt: 0.638 | GPU_Tot: 30.012
[Autotune] {"version": 2, "step": 760, "wall_seconds": 30.30920094787143, "seed_nodes": 3005149, "loss": 0.9700063705444336, "all_losses_finite": true, "optimizer_steps": 759, "skipped_optimizer_steps": 1, "loss_scale": 16384.0}
[Step=0770] Wall=30.6662s | Loss=0.9684
[Profile] Avg ms/step | Load: 15.671 (Prep: 4.197, Struc: 0.296, Fetch: 11.178) | Fwd: 8.437 | Bwd: 9.477 | Opt: 0.638 | GPU_Tot: 30.025
[Autotune] {"version": 2, "step": 770, "wall_seconds": 30.666223576990888, "seed_nodes": 3046109, "loss": 0.9683551788330078, "all_losses_finite": true, "optimizer_steps": 769, "skipped_optimizer_steps": 1, "loss_scale": 16384.0}
[Step=0780] Wall=30.9790s | Loss=0.9562
[Profile] Avg ms/step | Load: 15.624 (Prep: 4.141, Struc: 0.296, Fetch: 11.187) | Fwd: 8.439 | Bwd: 9.480 | Opt: 0.638 | GPU_Tot: 30.039
[Autotune] {"version": 2, "step": 780, "wall_seconds": 30.97901159687899, "seed_nodes": 3087069, "loss": 0.956153678894043, "all_losses_finite": true, "optimizer_steps": 779, "skipped_optimizer_steps": 1, "loss_scale": 16384.0}
[Step=0790] Wall=31.3796s | Loss=0.9794
[Profile] Avg ms/step | Load: 15.707 (Prep: 4.229, Struc: 0.296, Fetch: 11.183) | Fwd: 8.436 | Bwd: 9.476 | Opt: 0.638 | GPU_Tot: 30.028
[Autotune] {"version": 2, "step": 790, "wall_seconds": 31.37964026001282, "seed_nodes": 3124762, "loss": 0.9794427871704101, "all_losses_finite": true, "optimizer_steps": 789, "skipped_optimizer_steps": 1, "loss_scale": 16384.0}
[Step=0800] Wall=31.6818s | Loss=0.9638
[Profile] Avg ms/step | Load: 15.646 (Prep: 4.173, Struc: 0.296, Fetch: 11.176) | Fwd: 8.439 | Bwd: 9.479 | Opt: 0.638 | GPU_Tot: 30.028
[Autotune] {"version": 2, "step": 800, "wall_seconds": 31.681842013960704, "seed_nodes": 3165722, "loss": 0.9638337135314942, "all_losses_finite": true, "optimizer_steps": 799, "skipped_optimizer_steps": 1, "loss_scale": 16384.0}
[Step=0810] Wall=32.0848s | Loss=0.9628
[Profile] Avg ms/step | Load: 15.729 (Prep: 4.256, Struc: 0.296, Fetch: 11.178) | Fwd: 8.436 | Bwd: 9.476 | Opt: 0.638 | GPU_Tot: 30.023
[Autotune] {"version": 2, "step": 810, "wall_seconds": 32.0847980407998, "seed_nodes": 3203415, "loss": 0.9628216743469238, "all_losses_finite": true, "optimizer_steps": 809, "skipped_optimizer_steps": 1, "loss_scale": 16384.0}
[Step=0820] Wall=32.3863s | Loss=0.9580
[Profile] Avg ms/step | Load: 15.669 (Prep: 4.202, Struc: 0.296, Fetch: 11.171) | Fwd: 8.439 | Bwd: 9.479 | Opt: 0.638 | GPU_Tot: 30.022
[Autotune] {"version": 2, "step": 820, "wall_seconds": 32.386295195901766, "seed_nodes": 3244375, "loss": 0.9580079078674316, "all_losses_finite": true, "optimizer_steps": 819, "skipped_optimizer_steps": 1, "loss_scale": 16384.0}
[Step=0830] Wall=32.8068s | Loss=0.9567
[Profile] Avg ms/step | Load: 15.772 (Prep: 4.303, Struc: 0.296, Fetch: 11.174) | Fwd: 8.436 | Bwd: 9.475 | Opt: 0.638 | GPU_Tot: 30.018
[Autotune] {"version": 2, "step": 830, "wall_seconds": 32.80682884599082, "seed_nodes": 3282068, "loss": 0.9567028045654297, "all_losses_finite": true, "optimizer_steps": 829, "skipped_optimizer_steps": 1, "loss_scale": 16384.0}
[Step=0840] Wall=33.1151s | Loss=0.9635
[Profile] Avg ms/step | Load: 15.722 (Prep: 4.249, Struc: 0.296, Fetch: 11.176) | Fwd: 8.438 | Bwd: 9.478 | Opt: 0.638 | GPU_Tot: 30.026
[Autotune] {"version": 2, "step": 840, "wall_seconds": 33.11506527499296, "seed_nodes": 3323028, "loss": 0.9634819984436035, "all_losses_finite": true, "optimizer_steps": 839, "skipped_optimizer_steps": 1, "loss_scale": 16384.0}
------------------------------------------------------------
Training Completed. Total Steps: 840 (Active: 800)
Avg Breakdown (ms): Load=15.722 [Prep:4.249, Struc:0.296, Fetch:11.176], Fwd=8.438, Bwd=9.478, Opt=0.638
------------------------------------------------------------
