$REPO_ROOT/.venv/lib/python3.11/site-packages/outdated/__init__.py:36: UserWarning: pkg_resources is deprecated as an API. See https://setuptools.pypa.io/en/latest/pkg_resources.html. The pkg_resources package is slated for removal as early as 2025-11-30. Refrain from using this package or pin to Setuptools<81.
  from pkg_resources import parse_version
2026-09-20 01:48:23,733 INFO:   Connectivity check: running command: ping -c 1 -W 3 10.125.8.2
2026-09-20 01:48:23,738 INFO:   Connectivity check succeeded.
2026-09-20 01:48:23,805 INFO:   Appliance client semantic version: 1.14.0, cluster server semantic version: 1.20.2, job operator semantic version: 1.20.2
2026-09-20 01:48:23,808 INFO:   Successfully initialized workflow with id: wflow-rh3gwkcmaztqp2navsbgd4
2026-09-20 01:48:23,812 WARNING:   The trainer configuration for train_and_eval does not configure checkpointing. In the event of a failure, the run will be restarted from the beginning. If this is not intentional, please specifiy a checkpoint callback with a checkpointing frequency to enable auto-restarting from previously saved checkpoints.
2026-09-20 01:48:23,813 INFO:   Spawning child process for the fit run ...
2026-09-20 01:48:23,817 INFO:   Child process started with pid: 809962
$REPO_ROOT/.venv/lib/python3.11/site-packages/outdated/__init__.py:36: UserWarning: pkg_resources is deprecated as an API. See https://setuptools.pypa.io/en/latest/pkg_resources.html. The pkg_resources package is slated for removal as early as 2025-11-30. Refrain from using this package or pin to Setuptools<81.
  from pkg_resources import parse_version
2026-09-20 01:48:29,895 INFO:   Current Working Directory: $REPO_ROOT
2026-09-20 01:48:29,895 INFO:   Running command: $REPO_ROOT/src/cerebras/modelzoo/cli/main.py fit model_dirs/hpcasia_final/products_retry_20260920T014813Z/seed_43/throughput_r2/params.yaml --target_device CSX --model_dir model_dirs/hpcasia_final/products_retry_20260920T014813Z/seed_43/throughput_r2/model
2026-09-20 01:48:31,327 INFO:   No checkpoint was provided. Using randomly initialized model parameters.
2026-09-20 01:48:31,327 INFO:   Ordinal 0: Initializing GNNDataProcessor for dataset 'ogbn-products' (split=train, mode=neighbor).
$REPO_ROOT/.venv/lib/python3.11/site-packages/ogb/nodeproppred/dataset_pyg.py:69: FutureWarning: You are using `torch.load` with `weights_only=False` (the current default value), which uses the default pickle module implicitly. It is possible to construct malicious pickle data which will execute arbitrary code during unpickling (See https://github.com/pytorch/pytorch/blob/main/SECURITY.md#untrusted-models for more details). In a future release, the default value for `weights_only` will be flipped to `True`. This limits the functions that could be executed during unpickling. Arbitrary objects will no longer be allowed to be loaded via this mode unless they are explicitly allowlisted by the user via `torch.serialization.add_safe_globals`. We recommend you start setting `weights_only=True` for any use case where you don't have full control of the loaded file. Please open an issue on GitHub for any issues related to this experimental feature.
  self.data, self.slices = torch.load(self.processed_paths[0])
GNN_INPUT_CONTRACT {"batch_index_origin": 0, "batch_size": 4096, "count_basis": "deterministic loader schedule; not device counters", "dataset_name": "ogbn-products", "drop_last": false, "event": "gnn_input_contract", "num_streamers": 1, "ordered_targets_and_labels_sha256": "e84443d184dd29b2cc2adf96f5762ff9a40cb54a2c5a961bf5500f8529e3f478", "restartable": false, "sampler_seed": 43, "seed_nodes_by_batch": [4096, 4096, 4096, 4096, 4096, 4096, 4096, 4096, 4096, 4096, 4096, 4096, 4096, 4096, 4096, 4096, 4096, 4096, 4096, 4096, 4096, 4096, 4096, 4096, 4096, 4096, 4096, 4096, 4096, 4096, 4096, 4096, 4096, 4096, 4096, 4096, 4096, 4096, 4096, 4096, 4096, 4096, 4096, 4096, 4096, 4096, 4096, 4096, 7], "seed_nodes_per_epoch": 196615, "shuffle": true, "source_seed_nodes": 196615, "split": "train", "static_batch_cache_size": 0, "supervised_targets_by_batch": [4096, 4096, 4096, 4096, 4096, 4096, 4096, 4096, 4096, 4096, 4096, 4096, 4096, 4096, 4096, 4096, 4096, 4096, 4096, 4096, 4096, 4096, 4096, 4096, 4096, 4096, 4096, 4096, 4096, 4096, 4096, 4096, 4096, 4096, 4096, 4096, 4096, 4096, 4096, 4096, 4096, 4096, 4096, 4096, 4096, 4096, 4096, 4096, 7], "traversal": "continuous_sequential_batches", "traversal_scope": "single_data_executor", "version": 1}
2026-09-20 01:49:05,271 INFO:   Connectivity check: running command: ping -c 1 -W 3 10.125.8.2
2026-09-20 01:49:05,282 INFO:   Connectivity check succeeded.
2026-09-20 01:49:05,304 INFO:   Appliance client semantic version: 1.14.0, cluster server semantic version: 1.20.2, job operator semantic version: 1.20.2
2026-09-20 01:49:05,305 INFO:   ===========================================================================
2026-09-20 01:49:05,305 INFO:   Trainer Fit Summary
2026-09-20 01:49:05,305 INFO:   ---------------------------------------------------------------------------
2026-09-20 01:49:05,305 INFO:   Trainer will run 1 train loop.
2026-09-20 01:49:05,305 INFO:   
2026-09-20 01:49:05,305 INFO:   Train steps per train loop:
2026-09-20 01:49:05,305 INFO:   * 1 loop of 1640 steps
2026-09-20 01:49:05,305 INFO:   for a total of 1640 train steps.
2026-09-20 01:49:05,305 INFO:   
2026-09-20 01:49:05,305 INFO:   Progress will be logged every 10 steps.
2026-09-20 01:49:05,305 INFO:   ===========================================================================
2026-09-20 01:49:05,305 INFO:   ---------------------------------------------------------------------------
2026-09-20 01:49:05,305 INFO:   Starting train loop 1 of 1, from global step 1 to 1640 (1640 steps)
2026-09-20 01:49:05,305 INFO:   ---------------------------------------------------------------------------
2026-09-20 01:49:15,821 INFO:   Compiling the model. This may take a few minutes.
2026-09-20 01:49:15,822 INFO:   Connectivity check: running command: ping -c 1 -W 3 10.125.8.2
2026-09-20 01:49:15,827 INFO:   Connectivity check succeeded.
2026-09-20 01:49:15,845 INFO:   Appliance client semantic version: 1.14.0, cluster server semantic version: 1.20.2, job operator semantic version: 1.20.2
2026-09-20 01:49:19,511 INFO:   Initiating a new image build job against the cluster server.
2026-09-20 01:49:19,539 INFO:   Job id: imgjob-42280d4f85d91291dacb2ef766350f15, workflow id: wflow-rh3gwkcmaztqp2navsbgd4, namespace: job-operator, remote log path: /n1/wsjob/workdir/job-operator/imgjob-42280d4f85d91291dacb2ef766350f15
2026-09-20 01:49:19,543 INFO:   Connectivity check: running command: ping -c 1 -W 3 10.125.8.2
2026-09-20 01:49:19,548 INFO:   Connectivity check succeeded.
2026-09-20 01:49:19,563 INFO:   Appliance client semantic version: 1.14.0, cluster server semantic version: 1.20.2, job operator semantic version: 1.20.2
2026-09-20 01:49:19,593 INFO:   Initiating a new compile wsjob against the cluster server.
2026-09-20 01:49:19,620 INFO:   Job id: wsjob-kwgwbn9yd8wonyzdsv55pn, workflow id: wflow-rh3gwkcmaztqp2navsbgd4, namespace: job-operator, remote log path: /n1/wsjob/workdir/job-operator/wsjob-kwgwbn9yd8wonyzdsv55pn
2026-09-20 01:49:39,621 INFO:   Poll ingress status: Waiting for all Coordinator pods to be running, current running: 0/1.
2026-09-20 01:49:39,624 INFO:   Recording the timestamp when jobs is scheduled.
2026-09-20 01:49:39,637 WARNING:   Event 2026-09-20 01:49:20 +0000 UTC reason=InconsistentVersion wsjob=wsjob-kwgwbn9yd8wonyzdsv55pn message='Warning: client semantic version 1.14.0 is inconsistent with cluster server semantic version 1.20.2, there's a risk job could fail due to inconsistent setup.'
2026-09-20 01:52:29,639 INFO:   Poll ingress status: Job ingress ready, dashboard: <internal-dashboard-url>
2026-09-20 01:52:29,647 INFO:   Poll ingress success: Job ingress ready, dashboard: <internal-dashboard-url>
2026-09-20 01:52:29,658 INFO:   Finalizing out-of-cluster job handle with ingress service url: 
2026-09-20 01:52:29,658 WARNING:   Empty ingress service url. Falling back to default server: 10.125.8.2:443
2026-09-20 01:52:29,725 INFO:   Found existing cached compile with hash: "cs_1860238076782471050"
2026-09-20 01:52:31,562 INFO:   Using power profile none

2026-09-20 01:52:31,576 INFO:   Compile artifacts successfully written to remote compile directory. Compile hash is: cs_1860238076782471050
2026-09-20 01:52:39,668 ERROR:   Image build job imgjob-42280d4f85d91291dacb2ef766350f15 failed. Please check the error log in model_dirs/hpcasia_final/products_retry_20260920T014813Z/seed_43/throughput_r2/model/cerebras_logs/20260920_014829/executors/000001/custom_worker_build.out. 
2026-09-20 01:52:39,668 INFO:   Falling back to venv mounting.
2026-09-20 01:52:39,671 INFO:   Compile was successful!
2026-09-20 01:52:39,672 INFO:   Programming Cerebras Wafer Scale Cluster for execution. This may take a few minutes.
2026-09-20 01:52:41,682 INFO:   Connectivity check: running command: ping -c 1 -W 3 10.125.8.2
2026-09-20 01:52:41,687 INFO:   Connectivity check succeeded.
2026-09-20 01:52:41,704 INFO:   Appliance client semantic version: 1.14.0, cluster server semantic version: 1.20.2, job operator semantic version: 1.20.2
2026-09-20 01:52:41,706 INFO:   Initiating a new execute wsjob against the cluster server.
2026-09-20 01:52:41,747 INFO:   Job id: wsjob-9eqddetb8xbeavebrtxliz, workflow id: wflow-rh3gwkcmaztqp2navsbgd4, namespace: job-operator, remote log path: /n1/wsjob/workdir/job-operator/wsjob-9eqddetb8xbeavebrtxliz
2026-09-20 01:53:01,748 INFO:   Poll ingress status: Waiting for all Command pods to be running, current running: 0/1.
2026-09-20 01:53:01,750 INFO:   Recording the timestamp when jobs is scheduled.
2026-09-20 01:53:01,760 WARNING:   Event 2026-09-20 01:52:49 +0000 UTC reason=InconsistentVersion wsjob=wsjob-9eqddetb8xbeavebrtxliz message='Warning: client semantic version 1.14.0 is inconsistent with cluster server semantic version 1.20.2, there's a risk job could fail due to inconsistent setup.'
2026-09-20 01:53:01,761 INFO:   Infrastructure setup started for job wsjob-9eqddetb8xbeavebrtxliz
2026-09-20 01:53:11,761 INFO:   Infrastructure setup completed successfully for job wsjob-9eqddetb8xbeavebrtxliz
2026-09-20 01:53:21,761 INFO:   Infrastructure setup completed successfully for job wsjob-9eqddetb8xbeavebrtxliz
2026-09-20 01:53:31,762 INFO:   Poll ingress status: Waiting for job ingress readiness.
2026-09-20 01:53:31,768 INFO:   Infrastructure setup completed successfully for job wsjob-9eqddetb8xbeavebrtxliz
2026-09-20 01:53:41,768 INFO:   Infrastructure setup completed successfully for job wsjob-9eqddetb8xbeavebrtxliz
2026-09-20 01:53:51,769 INFO:   Infrastructure setup completed successfully for job wsjob-9eqddetb8xbeavebrtxliz
2026-09-20 01:54:01,769 INFO:   Poll ingress status: Job ingress ready, dashboard: <internal-dashboard-url>
2026-09-20 01:54:01,776 INFO:   Infrastructure setup completed successfully for job wsjob-9eqddetb8xbeavebrtxliz
2026-09-20 01:54:01,776 INFO:   Poll ingress success: Job ingress ready, dashboard: <internal-dashboard-url>
2026-09-20 01:54:01,788 INFO:   Finalizing out-of-cluster job handle with ingress service url: 
2026-09-20 01:54:01,789 WARNING:   Empty ingress service url. Falling back to default server: 10.125.8.2:443
2026-09-20 01:54:01,869 INFO:   Preparing to execute using 1 CSX
2026-09-20 01:54:27,272 INFO:   About to send initial weights
2026-09-20 01:54:27,483 INFO:   Finished sending initial weights
2026-09-20 01:54:27,483 INFO:   Finalizing appliance staging for the run
2026-09-20 01:54:34,176 INFO:   Waiting for device programming to complete
2026-09-20 01:54:40,064 INFO:   Device programming is complete
2026-09-20 01:54:40,369 INFO:   Using network type: ROCE
2026-09-20 01:54:40,370 INFO:   Waiting for input workers to prime the data pipeline and begin streaming ...
2026-09-20 01:54:46,602 INFO:   Input workers have begun streaming input data
2026-09-20 01:54:46,721 INFO:   Appliance staging is complete
2026-09-20 01:54:46,721 INFO:   Beginning appliance run
2026-09-20 01:55:07,465 INFO:   | Train Device=CSX, Step=10, Loss=3.47683, Rate=2734.99 samples/sec, GlobalRate=115.31 samples/sec, LoopTimeRemaining=0:38:18, TimeRemaining=0:38:18
2026-09-20 01:55:27,843 INFO:   | Train Device=CSX, Step=20, Loss=2.69869, Rate=3241.98 samples/sec, GlobalRate=218.11 samples/sec, LoopTimeRemaining=0:36:11, TimeRemaining=0:36:11
2026-09-20 01:55:52,519 INFO:   | Train Device=CSX, Step=30, Loss=2.20280, Rate=2857.66 samples/sec, GlobalRate=307.00 samples/sec, LoopTimeRemaining=0:35:18, TimeRemaining=0:35:18
2026-09-20 01:56:13,055 INFO:   | Train Device=CSX, Step=40, Loss=1.84471, Rate=3459.13 samples/sec, GlobalRate=389.36 samples/sec, LoopTimeRemaining=0:33:21, TimeRemaining=0:33:21
2026-09-20 01:56:41,421 INFO:   | Train Device=CSX, Step=50, Loss=1.47274, Rate=1747.14 samples/sec, GlobalRate=455.96 samples/sec, LoopTimeRemaining=0:32:14, TimeRemaining=0:32:14
2026-09-20 01:57:01,648 INFO:   | Train Device=CSX, Step=60, Loss=1.34442, Rate=3241.34 samples/sec, GlobalRate=523.57 samples/sec, LoopTimeRemaining=0:31:28, TimeRemaining=0:31:28
2026-09-20 01:57:26,536 INFO:   | Train Device=CSX, Step=70, Loss=1.23824, Rate=1799.97 samples/sec, GlobalRate=580.08 samples/sec, LoopTimeRemaining=0:31:14, TimeRemaining=0:31:14
2026-09-20 01:57:47,119 INFO:   | Train Device=CSX, Step=80, Loss=1.16626, Rate=3018.39 samples/sec, GlobalRate=636.44 samples/sec, LoopTimeRemaining=0:31:01, TimeRemaining=0:31:01
2026-09-20 01:58:11,795 INFO:   | Train Device=CSX, Step=90, Loss=1.09868, Rate=1814.93 samples/sec, GlobalRate=683.25 samples/sec, LoopTimeRemaining=0:30:37, TimeRemaining=0:30:37
2026-09-20 01:58:35,973 INFO:   | Train Device=CSX, Step=100, Loss=1.14349, Rate=2801.81 samples/sec, GlobalRate=726.61 samples/sec, LoopTimeRemaining=0:30:04, TimeRemaining=0:30:04
2026-09-20 01:58:56,027 INFO:   | Train Device=CSX, Step=110, Loss=1.02588, Rate=3437.28 samples/sec, GlobalRate=771.81 samples/sec, LoopTimeRemaining=0:29:35, TimeRemaining=0:29:35
2026-09-20 01:59:20,817 INFO:   | Train Device=CSX, Step=120, Loss=0.98517, Rate=2812.20 samples/sec, GlobalRate=807.68 samples/sec, LoopTimeRemaining=0:29:21, TimeRemaining=0:29:21
2026-09-20 01:59:41,050 INFO:   | Train Device=CSX, Step=130, Loss=0.89247, Rate=3454.09 samples/sec, GlobalRate=846.83 samples/sec, LoopTimeRemaining=0:29:08, TimeRemaining=0:29:08
2026-09-20 02:00:05,775 INFO:   | Train Device=CSX, Step=140, Loss=0.87695, Rate=2870.06 samples/sec, GlobalRate=877.47 samples/sec, LoopTimeRemaining=0:28:53, TimeRemaining=0:28:53
2026-09-20 02:00:29,982 INFO:   | Train Device=CSX, Step=150, Loss=0.92448, Rate=3245.59 samples/sec, GlobalRate=906.56 samples/sec, LoopTimeRemaining=0:28:41, TimeRemaining=0:28:41
2026-09-20 02:00:54,327 INFO:   | Train Device=CSX, Step=160, Loss=0.89547, Rate=1805.33 samples/sec, GlobalRate=933.47 samples/sec, LoopTimeRemaining=0:28:29, TimeRemaining=0:28:29
2026-09-20 02:01:15,103 INFO:   | Train Device=CSX, Step=170, Loss=0.84605, Rate=3055.16 samples/sec, GlobalRate=963.31 samples/sec, LoopTimeRemaining=0:28:22, TimeRemaining=0:28:22
2026-09-20 02:01:39,824 INFO:   | Train Device=CSX, Step=180, Loss=0.79437, Rate=1780.56 samples/sec, GlobalRate=986.24 samples/sec, LoopTimeRemaining=0:28:21, TimeRemaining=0:28:21
2026-09-20 02:02:00,260 INFO:   | Train Device=CSX, Step=190, Loss=0.78792, Rate=3187.03 samples/sec, GlobalRate=1013.33 samples/sec, LoopTimeRemaining=0:28:20, TimeRemaining=0:28:20
2026-09-20 02:02:24,380 INFO:   | Train Device=CSX, Step=200, Loss=0.84323, Rate=3432.86 samples/sec, GlobalRate=1034.18 samples/sec, LoopTimeRemaining=0:28:14, TimeRemaining=0:28:14
2026-09-20 02:02:48,848 INFO:   | Train Device=CSX, Step=210, Loss=0.78816, Rate=2860.50 samples/sec, GlobalRate=1053.36 samples/sec, LoopTimeRemaining=0:28:06, TimeRemaining=0:28:06
2026-09-20 02:03:09,183 INFO:   | Train Device=CSX, Step=220, Loss=0.76319, Rate=3405.61 samples/sec, GlobalRate=1076.70 samples/sec, LoopTimeRemaining=0:27:54, TimeRemaining=0:27:54
2026-09-20 02:03:33,570 INFO:   | Train Device=CSX, Step=230, Loss=0.73257, Rate=2854.81 samples/sec, GlobalRate=1093.77 samples/sec, LoopTimeRemaining=0:27:43, TimeRemaining=0:27:43
2026-09-20 02:03:53,873 INFO:   | Train Device=CSX, Step=240, Loss=0.67103, Rate=3434.18 samples/sec, GlobalRate=1115.04 samples/sec, LoopTimeRemaining=0:27:31, TimeRemaining=0:27:31
2026-09-20 02:04:22,036 INFO:   | Train Device=CSX, Step=250, Loss=0.80139, Rate=1826.86 samples/sec, GlobalRate=1125.55 samples/sec, LoopTimeRemaining=0:27:19, TimeRemaining=0:27:19
2026-09-20 02:04:42,565 INFO:   | Train Device=CSX, Step=260, Loss=0.70878, Rate=3146.22 samples/sec, GlobalRate=1144.74 samples/sec, LoopTimeRemaining=0:27:04, TimeRemaining=0:27:04
2026-09-20 02:05:07,349 INFO:   | Train Device=CSX, Step=270, Loss=0.72556, Rate=1795.98 samples/sec, GlobalRate=1157.92 samples/sec, LoopTimeRemaining=0:26:50, TimeRemaining=0:26:50
2026-09-20 02:05:27,497 INFO:   | Train Device=CSX, Step=280, Loss=0.65561, Rate=3287.63 samples/sec, GlobalRate=1176.00 samples/sec, LoopTimeRemaining=0:26:26, TimeRemaining=0:26:26
2026-09-20 02:05:51,932 INFO:   | Train Device=CSX, Step=290, Loss=0.70288, Rate=1853.98 samples/sec, GlobalRate=1188.23 samples/sec, LoopTimeRemaining=0:26:09, TimeRemaining=0:26:09
2026-09-20 02:06:15,967 INFO:   | Train Device=CSX, Step=300, Loss=0.77353, Rate=2673.02 samples/sec, GlobalRate=1200.34 samples/sec, LoopTimeRemaining=0:25:59, TimeRemaining=0:25:59
2026-09-20 02:06:36,188 INFO:   | Train Device=CSX, Step=310, Loss=0.73917, Rate=3337.85 samples/sec, GlobalRate=1216.33 samples/sec, LoopTimeRemaining=0:25:47, TimeRemaining=0:25:47
2026-09-20 02:07:00,296 INFO:   | Train Device=CSX, Step=320, Loss=0.67891, Rate=2567.08 samples/sec, GlobalRate=1227.22 samples/sec, LoopTimeRemaining=0:25:37, TimeRemaining=0:25:37
2026-09-20 02:07:20,589 INFO:   | Train Device=CSX, Step=330, Loss=0.68375, Rate=3398.98 samples/sec, GlobalRate=1241.97 samples/sec, LoopTimeRemaining=0:25:25, TimeRemaining=0:25:25
2026-09-20 02:07:44,782 INFO:   | Train Device=CSX, Step=340, Loss=0.67506, Rate=2936.79 samples/sec, GlobalRate=1251.78 samples/sec, LoopTimeRemaining=0:25:17, TimeRemaining=0:25:17
2026-09-20 02:08:09,093 INFO:   | Train Device=CSX, Step=350, Loss=0.79254, Rate=3078.06 samples/sec, GlobalRate=1261.04 samples/sec, LoopTimeRemaining=0:25:06, TimeRemaining=0:25:06
2026-09-20 02:08:33,723 INFO:   | Train Device=CSX, Step=360, Loss=0.70294, Rate=1804.59 samples/sec, GlobalRate=1269.57 samples/sec, LoopTimeRemaining=0:24:58, TimeRemaining=0:24:58
2026-09-20 02:08:53,953 INFO:   | Train Device=CSX, Step=370, Loss=0.73575, Rate=3273.06 samples/sec, GlobalRate=1282.50 samples/sec, LoopTimeRemaining=0:24:43, TimeRemaining=0:24:43
2026-09-20 02:09:18,588 INFO:   | Train Device=CSX, Step=380, Loss=0.65113, Rate=1795.88 samples/sec, GlobalRate=1290.26 samples/sec, LoopTimeRemaining=0:25:49, TimeRemaining=0:25:49
2026-09-20 02:09:39,075 INFO:   | Train Device=CSX, Step=390, Loss=0.66875, Rate=3349.79 samples/sec, GlobalRate=1302.10 samples/sec, LoopTimeRemaining=0:26:11, TimeRemaining=0:26:11
2026-09-20 02:10:03,376 INFO:   | Train Device=CSX, Step=400, Loss=0.62091, Rate=3254.53 samples/sec, GlobalRate=1309.55 samples/sec, LoopTimeRemaining=0:25:59, TimeRemaining=0:25:59
2026-09-20 02:10:27,669 INFO:   | Train Device=CSX, Step=410, Loss=0.66812, Rate=2363.73 samples/sec, GlobalRate=1316.72 samples/sec, LoopTimeRemaining=0:25:54, TimeRemaining=0:25:54
2026-09-20 02:10:47,733 INFO:   | Train Device=CSX, Step=420, Loss=0.65817, Rate=3448.12 samples/sec, GlobalRate=1327.95 samples/sec, LoopTimeRemaining=0:25:26, TimeRemaining=0:25:26
2026-09-20 02:11:12,770 INFO:   | Train Device=CSX, Step=430, Loss=0.65590, Rate=2580.81 samples/sec, GlobalRate=1333.79 samples/sec, LoopTimeRemaining=0:24:55, TimeRemaining=0:24:55
2026-09-20 02:11:32,715 INFO:   | Train Device=CSX, Step=440, Loss=0.65998, Rate=3546.62 samples/sec, GlobalRate=1344.50 samples/sec, LoopTimeRemaining=0:24:13, TimeRemaining=0:24:13
2026-09-20 02:12:01,308 INFO:   | Train Device=CSX, Step=450, Loss=0.67736, Rate=1706.34 samples/sec, GlobalRate=1346.34 samples/sec, LoopTimeRemaining=0:24:19, TimeRemaining=0:24:19
2026-09-20 02:12:21,729 INFO:   | Train Device=CSX, Step=460, Loss=0.65244, Rate=3261.60 samples/sec, GlobalRate=1356.03 samples/sec, LoopTimeRemaining=0:23:38, TimeRemaining=0:23:38
2026-09-20 02:12:46,275 INFO:   | Train Device=CSX, Step=470, Loss=0.59398, Rate=1828.27 samples/sec, GlobalRate=1361.45 samples/sec, LoopTimeRemaining=0:23:26, TimeRemaining=0:23:26
2026-09-20 02:13:06,471 INFO:   | Train Device=CSX, Step=480, Loss=0.59142, Rate=3318.54 samples/sec, GlobalRate=1370.84 samples/sec, LoopTimeRemaining=0:22:54, TimeRemaining=0:22:54
2026-09-20 02:13:26,710 INFO:   | Train Device=CSX, Step=490, Loss=0.26183, Rate=3615.17 samples/sec, GlobalRate=1379.93 samples/sec, LoopTimeRemaining=0:22:33, TimeRemaining=0:22:33
2026-09-20 02:13:55,779 INFO:   | Train Device=CSX, Step=500, Loss=0.57459, Rate=2031.66 samples/sec, GlobalRate=1380.50 samples/sec, LoopTimeRemaining=0:22:22, TimeRemaining=0:22:22
2026-09-20 02:14:15,434 INFO:   | Train Device=CSX, Step=510, Loss=0.60451, Rate=3353.73 samples/sec, GlobalRate=1389.70 samples/sec, LoopTimeRemaining=0:22:07, TimeRemaining=0:22:07
2026-09-20 02:14:40,338 INFO:   | Train Device=CSX, Step=520, Loss=0.51546, Rate=2825.76 samples/sec, GlobalRate=1393.85 samples/sec, LoopTimeRemaining=0:21:50, TimeRemaining=0:21:50
2026-09-20 02:15:00,755 INFO:   | Train Device=CSX, Step=530, Loss=0.57929, Rate=3044.15 samples/sec, GlobalRate=1401.93 samples/sec, LoopTimeRemaining=0:21:43, TimeRemaining=0:21:43
2026-09-20 02:15:28,849 INFO:   | Train Device=CSX, Step=540, Loss=0.53925, Rate=1723.98 samples/sec, GlobalRate=1402.93 samples/sec, LoopTimeRemaining=0:21:33, TimeRemaining=0:21:33
2026-09-20 02:15:49,169 INFO:   | Train Device=CSX, Step=550, Loss=0.56871, Rate=3236.92 samples/sec, GlobalRate=1410.72 samples/sec, LoopTimeRemaining=0:21:15, TimeRemaining=0:21:15
2026-09-20 02:16:13,551 INFO:   | Train Device=CSX, Step=560, Loss=0.52237, Rate=1791.24 samples/sec, GlobalRate=1414.77 samples/sec, LoopTimeRemaining=0:21:04, TimeRemaining=0:21:04
2026-09-20 02:16:33,782 INFO:   | Train Device=CSX, Step=570, Loss=0.54842, Rate=2966.33 samples/sec, GlobalRate=1422.29 samples/sec, LoopTimeRemaining=0:20:56, TimeRemaining=0:20:56
2026-09-20 02:16:58,523 INFO:   | Train Device=CSX, Step=580, Loss=0.53324, Rate=1764.84 samples/sec, GlobalRate=1425.75 samples/sec, LoopTimeRemaining=0:21:05, TimeRemaining=0:21:05
2026-09-20 02:17:22,577 INFO:   | Train Device=CSX, Step=590, Loss=0.50522, Rate=2806.98 samples/sec, GlobalRate=1429.69 samples/sec, LoopTimeRemaining=0:20:53, TimeRemaining=0:20:53
2026-09-20 02:17:42,697 INFO:   | Train Device=CSX, Step=600, Loss=0.51220, Rate=3304.37 samples/sec, GlobalRate=1436.82 samples/sec, LoopTimeRemaining=0:20:33, TimeRemaining=0:20:33
2026-09-20 02:18:07,351 INFO:   | Train Device=CSX, Step=610, Loss=0.54894, Rate=2824.98 samples/sec, GlobalRate=1440.02 samples/sec, LoopTimeRemaining=0:20:12, TimeRemaining=0:20:12
2026-09-20 02:18:27,514 INFO:   | Train Device=CSX, Step=620, Loss=0.52103, Rate=3410.22 samples/sec, GlobalRate=1446.81 samples/sec, LoopTimeRemaining=0:19:59, TimeRemaining=0:19:59
2026-09-20 02:18:52,240 INFO:   | Train Device=CSX, Step=630, Loss=0.48491, Rate=2785.22 samples/sec, GlobalRate=1449.72 samples/sec, LoopTimeRemaining=0:19:47, TimeRemaining=0:19:47
2026-09-20 02:19:16,002 INFO:   | Train Device=CSX, Step=640, Loss=0.54694, Rate=3271.44 samples/sec, GlobalRate=1453.33 samples/sec, LoopTimeRemaining=0:19:34, TimeRemaining=0:19:34
2026-09-20 02:19:40,395 INFO:   | Train Device=CSX, Step=650, Loss=0.54445, Rate=1751.77 samples/sec, GlobalRate=1456.35 samples/sec, LoopTimeRemaining=0:19:24, TimeRemaining=0:19:24
2026-09-20 02:20:00,376 INFO:   | Train Device=CSX, Step=660, Loss=0.55223, Rate=3274.56 samples/sec, GlobalRate=1462.76 samples/sec, LoopTimeRemaining=0:19:13, TimeRemaining=0:19:13
2026-09-20 02:20:24,556 INFO:   | Train Device=CSX, Step=670, Loss=0.49424, Rate=1805.77 samples/sec, GlobalRate=1465.75 samples/sec, LoopTimeRemaining=0:19:00, TimeRemaining=0:19:00
2026-09-20 02:20:45,122 INFO:   | Train Device=CSX, Step=680, Loss=0.50997, Rate=3170.06 samples/sec, GlobalRate=1471.46 samples/sec, LoopTimeRemaining=0:18:46, TimeRemaining=0:18:46
2026-09-20 02:21:08,995 INFO:   | Train Device=CSX, Step=690, Loss=0.65326, Rate=3371.26 samples/sec, GlobalRate=1474.51 samples/sec, LoopTimeRemaining=0:18:36, TimeRemaining=0:18:36
2026-09-20 02:21:33,490 INFO:   | Train Device=CSX, Step=700, Loss=0.61541, Rate=2869.23 samples/sec, GlobalRate=1477.00 samples/sec, LoopTimeRemaining=0:18:23, TimeRemaining=0:18:23
2026-09-20 02:21:53,924 INFO:   | Train Device=CSX, Step=710, Loss=0.56165, Rate=3174.51 samples/sec, GlobalRate=1482.49 samples/sec, LoopTimeRemaining=0:18:13, TimeRemaining=0:18:13
2026-09-20 02:22:18,333 INFO:   | Train Device=CSX, Step=720, Loss=0.49789, Rate=2878.94 samples/sec, GlobalRate=1484.90 samples/sec, LoopTimeRemaining=0:18:03, TimeRemaining=0:18:03
2026-09-20 02:22:38,645 INFO:   | Train Device=CSX, Step=730, Loss=0.47967, Rate=3409.72 samples/sec, GlobalRate=1490.28 samples/sec, LoopTimeRemaining=0:17:49, TimeRemaining=0:17:49
2026-09-20 02:23:06,858 INFO:   | Train Device=CSX, Step=740, Loss=0.54749, Rate=1755.36 samples/sec, GlobalRate=1489.75 samples/sec, LoopTimeRemaining=0:17:44, TimeRemaining=0:17:44
2026-09-20 02:23:27,132 INFO:   | Train Device=CSX, Step=750, Loss=0.48983, Rate=3207.67 samples/sec, GlobalRate=1494.98 samples/sec, LoopTimeRemaining=0:17:28, TimeRemaining=0:17:28
2026-09-20 02:23:51,641 INFO:   | Train Device=CSX, Step=760, Loss=0.49899, Rate=1796.04 samples/sec, GlobalRate=1497.06 samples/sec, LoopTimeRemaining=0:17:21, TimeRemaining=0:17:21
2026-09-20 02:24:11,767 INFO:   | Train Device=CSX, Step=770, Loss=0.44842, Rate=3168.89 samples/sec, GlobalRate=1502.22 samples/sec, LoopTimeRemaining=0:17:09, TimeRemaining=0:17:09
2026-09-20 02:24:36,250 INFO:   | Train Device=CSX, Step=780, Loss=0.52193, Rate=1815.05 samples/sec, GlobalRate=1504.19 samples/sec, LoopTimeRemaining=0:17:05, TimeRemaining=0:17:05
2026-09-20 02:25:00,298 INFO:   | Train Device=CSX, Step=790, Loss=0.52802, Rate=2719.18 samples/sec, GlobalRate=1506.42 samples/sec, LoopTimeRemaining=0:16:53, TimeRemaining=0:16:53
2026-09-20 02:25:20,851 INFO:   | Train Device=CSX, Step=800, Loss=0.50004, Rate=3433.58 samples/sec, GlobalRate=1511.03 samples/sec, LoopTimeRemaining=0:16:34, TimeRemaining=0:16:34
2026-09-20 02:25:45,617 INFO:   | Train Device=CSX, Step=810, Loss=0.46267, Rate=2848.12 samples/sec, GlobalRate=1512.64 samples/sec, LoopTimeRemaining=0:16:19, TimeRemaining=0:16:19
2026-09-20 02:26:05,846 INFO:   | Train Device=CSX, Step=820, Loss=0.52824, Rate=3423.47 samples/sec, GlobalRate=1517.32 samples/sec, LoopTimeRemaining=0:16:07, TimeRemaining=0:16:07
2026-09-20 02:26:30,377 INFO:   | Train Device=CSX, Step=830, Loss=0.48050, Rate=2985.12 samples/sec, GlobalRate=1518.99 samples/sec, LoopTimeRemaining=0:15:53, TimeRemaining=0:15:53
2026-09-20 02:26:54,448 INFO:   | Train Device=CSX, Step=840, Loss=0.52769, Rate=3126.01 samples/sec, GlobalRate=1520.93 samples/sec, LoopTimeRemaining=0:15:41, TimeRemaining=0:15:41
2026-09-20 02:27:18,190 INFO:   | Train Device=CSX, Step=850, Loss=0.45973, Rate=1858.93 samples/sec, GlobalRate=1523.06 samples/sec, LoopTimeRemaining=0:15:29, TimeRemaining=0:15:29
2026-09-20 02:27:38,572 INFO:   | Train Device=CSX, Step=860, Loss=0.49963, Rate=3201.01 samples/sec, GlobalRate=1527.35 samples/sec, LoopTimeRemaining=0:15:14, TimeRemaining=0:15:14
2026-09-20 02:28:03,267 INFO:   | Train Device=CSX, Step=870, Loss=0.47504, Rate=1818.06 samples/sec, GlobalRate=1528.75 samples/sec, LoopTimeRemaining=0:14:58, TimeRemaining=0:14:58
2026-09-20 02:28:23,475 INFO:   | Train Device=CSX, Step=880, Loss=0.47894, Rate=3392.64 samples/sec, GlobalRate=1533.03 samples/sec, LoopTimeRemaining=0:14:43, TimeRemaining=0:14:43
2026-09-20 02:28:48,275 INFO:   | Train Device=CSX, Step=890, Loss=0.44165, Rate=3407.08 samples/sec, GlobalRate=1534.27 samples/sec, LoopTimeRemaining=0:14:32, TimeRemaining=0:14:32
2026-09-20 02:29:12,550 INFO:   | Train Device=CSX, Step=900, Loss=0.47667, Rate=2805.94 samples/sec, GlobalRate=1535.81 samples/sec, LoopTimeRemaining=0:14:20, TimeRemaining=0:14:20
2026-09-20 02:29:32,785 INFO:   | Train Device=CSX, Step=910, Loss=0.49759, Rate=3414.78 samples/sec, GlobalRate=1539.90 samples/sec, LoopTimeRemaining=0:14:10, TimeRemaining=0:14:10
2026-09-20 02:29:57,253 INFO:   | Train Device=CSX, Step=920, Loss=0.50278, Rate=2881.09 samples/sec, GlobalRate=1541.24 samples/sec, LoopTimeRemaining=0:13:58, TimeRemaining=0:13:58
2026-09-20 02:30:17,256 INFO:   | Train Device=CSX, Step=930, Loss=0.50568, Rate=3648.40 samples/sec, GlobalRate=1545.35 samples/sec, LoopTimeRemaining=0:13:47, TimeRemaining=0:13:47
2026-09-20 02:30:45,821 INFO:   | Train Device=CSX, Step=940, Loss=0.49489, Rate=1808.78 samples/sec, GlobalRate=1544.07 samples/sec, LoopTimeRemaining=0:13:35, TimeRemaining=0:13:35
2026-09-20 02:31:06,344 INFO:   | Train Device=CSX, Step=950, Loss=0.50581, Rate=3191.19 samples/sec, GlobalRate=1547.76 samples/sec, LoopTimeRemaining=0:13:23, TimeRemaining=0:13:23
2026-09-20 02:31:30,801 INFO:   | Train Device=CSX, Step=960, Loss=0.47211, Rate=1817.89 samples/sec, GlobalRate=1548.98 samples/sec, LoopTimeRemaining=0:13:10, TimeRemaining=0:13:10
2026-09-20 02:31:51,002 INFO:   | Train Device=CSX, Step=970, Loss=0.47018, Rate=3227.33 samples/sec, GlobalRate=1552.76 samples/sec, LoopTimeRemaining=0:12:58, TimeRemaining=0:12:58
2026-09-20 02:32:11,125 INFO:   | Train Device=CSX, Step=980, Loss=0.04939, Rate=3681.12 samples/sec, GlobalRate=1556.53 samples/sec, LoopTimeRemaining=0:12:46, TimeRemaining=0:12:46
2026-09-20 02:32:40,313 INFO:   | Train Device=CSX, Step=990, Loss=0.44912, Rate=2852.16 samples/sec, GlobalRate=1554.81 samples/sec, LoopTimeRemaining=0:12:35, TimeRemaining=0:12:35
2026-09-20 02:33:00,536 INFO:   | Train Device=CSX, Step=1000, Loss=0.49032, Rate=3455.25 samples/sec, GlobalRate=1558.43 samples/sec, LoopTimeRemaining=0:12:20, TimeRemaining=0:12:20
2026-09-20 02:33:25,652 INFO:   | Train Device=CSX, Step=1010, Loss=0.41706, Rate=2889.47 samples/sec, GlobalRate=1559.12 samples/sec, LoopTimeRemaining=0:12:10, TimeRemaining=0:12:10
2026-09-20 02:33:46,221 INFO:   | Train Device=CSX, Step=1020, Loss=0.48603, Rate=3193.36 samples/sec, GlobalRate=1562.45 samples/sec, LoopTimeRemaining=0:11:58, TimeRemaining=0:11:58
2026-09-20 02:34:14,536 INFO:   | Train Device=CSX, Step=1030, Loss=0.45411, Rate=1715.72 samples/sec, GlobalRate=1561.23 samples/sec, LoopTimeRemaining=0:11:47, TimeRemaining=0:11:47
2026-09-20 02:34:34,610 INFO:   | Train Device=CSX, Step=1040, Loss=0.46804, Rate=3257.09 samples/sec, GlobalRate=1564.76 samples/sec, LoopTimeRemaining=0:11:35, TimeRemaining=0:11:35
2026-09-20 02:34:59,288 INFO:   | Train Device=CSX, Step=1050, Loss=0.47130, Rate=1806.69 samples/sec, GlobalRate=1565.62 samples/sec, LoopTimeRemaining=0:11:24, TimeRemaining=0:11:24
2026-09-20 02:35:19,780 INFO:   | Train Device=CSX, Step=1060, Loss=0.46220, Rate=3327.08 samples/sec, GlobalRate=1568.83 samples/sec, LoopTimeRemaining=0:11:12, TimeRemaining=0:11:12
2026-09-20 02:35:44,624 INFO:   | Train Device=CSX, Step=1070, Loss=0.46008, Rate=1820.94 samples/sec, GlobalRate=1569.54 samples/sec, LoopTimeRemaining=0:11:01, TimeRemaining=0:11:01
2026-09-20 02:36:08,554 INFO:   | Train Device=CSX, Step=1080, Loss=0.45617, Rate=2854.08 samples/sec, GlobalRate=1570.74 samples/sec, LoopTimeRemaining=0:10:48, TimeRemaining=0:10:48
2026-09-20 02:36:28,886 INFO:   | Train Device=CSX, Step=1090, Loss=0.44542, Rate=3310.93 samples/sec, GlobalRate=1573.93 samples/sec, LoopTimeRemaining=0:10:37, TimeRemaining=0:10:37
2026-09-20 02:36:53,509 INFO:   | Train Device=CSX, Step=1100, Loss=0.45942, Rate=2840.02 samples/sec, GlobalRate=1574.70 samples/sec, LoopTimeRemaining=0:10:26, TimeRemaining=0:10:26
2026-09-20 02:37:14,058 INFO:   | Train Device=CSX, Step=1110, Loss=0.45118, Rate=3313.63 samples/sec, GlobalRate=1577.68 samples/sec, LoopTimeRemaining=0:10:15, TimeRemaining=0:10:15
2026-09-20 02:37:38,468 INFO:   | Train Device=CSX, Step=1120, Loss=0.43034, Rate=2861.49 samples/sec, GlobalRate=1578.52 samples/sec, LoopTimeRemaining=0:10:03, TimeRemaining=0:10:03
2026-09-20 02:38:02,323 INFO:   | Train Device=CSX, Step=1130, Loss=0.44616, Rate=3242.28 samples/sec, GlobalRate=1579.65 samples/sec, LoopTimeRemaining=0:09:52, TimeRemaining=0:09:52
2026-09-20 02:38:26,940 INFO:   | Train Device=CSX, Step=1140, Loss=0.45181, Rate=1834.24 samples/sec, GlobalRate=1580.35 samples/sec, LoopTimeRemaining=0:09:42, TimeRemaining=0:09:42
2026-09-20 02:38:47,095 INFO:   | Train Device=CSX, Step=1150, Loss=0.48663, Rate=3301.56 samples/sec, GlobalRate=1583.41 samples/sec, LoopTimeRemaining=0:09:30, TimeRemaining=0:09:30
2026-09-20 02:39:11,487 INFO:   | Train Device=CSX, Step=1160, Loss=0.44142, Rate=1813.67 samples/sec, GlobalRate=1584.19 samples/sec, LoopTimeRemaining=0:09:19, TimeRemaining=0:09:19
2026-09-20 02:39:31,590 INFO:   | Train Device=CSX, Step=1170, Loss=0.45575, Rate=3239.82 samples/sec, GlobalRate=1587.21 samples/sec, LoopTimeRemaining=0:09:07, TimeRemaining=0:09:07
2026-09-20 02:39:55,420 INFO:   | Train Device=CSX, Step=1180, Loss=0.46698, Rate=3365.64 samples/sec, GlobalRate=1588.24 samples/sec, LoopTimeRemaining=0:08:56, TimeRemaining=0:08:56
2026-09-20 02:40:19,880 INFO:   | Train Device=CSX, Step=1190, Loss=0.47360, Rate=2858.47 samples/sec, GlobalRate=1588.93 samples/sec, LoopTimeRemaining=0:08:44, TimeRemaining=0:08:44
2026-09-20 02:40:40,205 INFO:   | Train Device=CSX, Step=1200, Loss=0.45514, Rate=3425.19 samples/sec, GlobalRate=1591.74 samples/sec, LoopTimeRemaining=0:08:32, TimeRemaining=0:08:32
2026-09-20 02:41:04,866 INFO:   | Train Device=CSX, Step=1210, Loss=0.43531, Rate=2876.23 samples/sec, GlobalRate=1592.29 samples/sec, LoopTimeRemaining=0:08:21, TimeRemaining=0:08:21
2026-09-20 02:41:25,291 INFO:   | Train Device=CSX, Step=1220, Loss=0.41852, Rate=3394.72 samples/sec, GlobalRate=1594.98 samples/sec, LoopTimeRemaining=0:08:09, TimeRemaining=0:08:09
2026-09-20 02:41:53,795 INFO:   | Train Device=CSX, Step=1230, Loss=0.48478, Rate=1793.85 samples/sec, GlobalRate=1593.55 samples/sec, LoopTimeRemaining=0:07:57, TimeRemaining=0:07:57
2026-09-20 02:42:14,353 INFO:   | Train Device=CSX, Step=1240, Loss=0.42985, Rate=3004.00 samples/sec, GlobalRate=1596.13 samples/sec, LoopTimeRemaining=0:07:46, TimeRemaining=0:07:46
2026-09-20 02:42:38,940 INFO:   | Train Device=CSX, Step=1250, Loss=0.45082, Rate=1824.56 samples/sec, GlobalRate=1596.67 samples/sec, LoopTimeRemaining=0:07:34, TimeRemaining=0:07:34
2026-09-20 02:42:59,159 INFO:   | Train Device=CSX, Step=1260, Loss=0.41662, Rate=3243.00 samples/sec, GlobalRate=1599.35 samples/sec, LoopTimeRemaining=0:07:22, TimeRemaining=0:07:22
2026-09-20 02:43:23,895 INFO:   | Train Device=CSX, Step=1270, Loss=0.45589, Rate=1826.93 samples/sec, GlobalRate=1599.79 samples/sec, LoopTimeRemaining=0:07:12, TimeRemaining=0:07:12
2026-09-20 02:43:48,066 INFO:   | Train Device=CSX, Step=1280, Loss=0.45356, Rate=2845.85 samples/sec, GlobalRate=1600.48 samples/sec, LoopTimeRemaining=0:06:59, TimeRemaining=0:06:59
2026-09-20 02:44:08,161 INFO:   | Train Device=CSX, Step=1290, Loss=0.44450, Rate=3416.06 samples/sec, GlobalRate=1603.15 samples/sec, LoopTimeRemaining=0:06:48, TimeRemaining=0:06:48
2026-09-20 02:44:32,798 INFO:   | Train Device=CSX, Step=1300, Loss=0.42830, Rate=2777.64 samples/sec, GlobalRate=1603.59 samples/sec, LoopTimeRemaining=0:06:35, TimeRemaining=0:06:35
2026-09-20 02:44:52,913 INFO:   | Train Device=CSX, Step=1310, Loss=0.45185, Rate=3355.00 samples/sec, GlobalRate=1606.20 samples/sec, LoopTimeRemaining=0:06:25, TimeRemaining=0:06:25
2026-09-20 02:45:17,253 INFO:   | Train Device=CSX, Step=1320, Loss=0.45406, Rate=2928.19 samples/sec, GlobalRate=1606.75 samples/sec, LoopTimeRemaining=0:06:13, TimeRemaining=0:06:13
2026-09-20 02:45:41,269 INFO:   | Train Device=CSX, Step=1330, Loss=0.46269, Rate=3253.85 samples/sec, GlobalRate=1607.45 samples/sec, LoopTimeRemaining=0:06:01, TimeRemaining=0:06:01
2026-09-20 02:46:06,015 INFO:   | Train Device=CSX, Step=1340, Loss=0.42356, Rate=1805.71 samples/sec, GlobalRate=1607.80 samples/sec, LoopTimeRemaining=0:05:50, TimeRemaining=0:05:50
2026-09-20 02:46:26,222 INFO:   | Train Device=CSX, Step=1350, Loss=0.47163, Rate=3296.10 samples/sec, GlobalRate=1610.27 samples/sec, LoopTimeRemaining=0:05:38, TimeRemaining=0:05:38
2026-09-20 02:46:51,215 INFO:   | Train Device=CSX, Step=1360, Loss=0.42288, Rate=1812.27 samples/sec, GlobalRate=1610.47 samples/sec, LoopTimeRemaining=0:05:26, TimeRemaining=0:05:26
2026-09-20 02:47:11,156 INFO:   | Train Device=CSX, Step=1370, Loss=0.43944, Rate=3376.77 samples/sec, GlobalRate=1613.02 samples/sec, LoopTimeRemaining=0:05:14, TimeRemaining=0:05:14
2026-09-20 02:47:35,411 INFO:   | Train Device=CSX, Step=1380, Loss=0.43234, Rate=3368.63 samples/sec, GlobalRate=1613.54 samples/sec, LoopTimeRemaining=0:05:03, TimeRemaining=0:05:03
2026-09-20 02:47:59,853 INFO:   | Train Device=CSX, Step=1390, Loss=0.45175, Rate=2831.18 samples/sec, GlobalRate=1613.97 samples/sec, LoopTimeRemaining=0:04:51, TimeRemaining=0:04:51
2026-09-20 02:48:20,195 INFO:   | Train Device=CSX, Step=1400, Loss=0.46874, Rate=3351.53 samples/sec, GlobalRate=1616.26 samples/sec, LoopTimeRemaining=0:04:39, TimeRemaining=0:04:39
2026-09-20 02:48:44,901 INFO:   | Train Device=CSX, Step=1410, Loss=0.48211, Rate=2791.49 samples/sec, GlobalRate=1616.55 samples/sec, LoopTimeRemaining=0:04:28, TimeRemaining=0:04:28
2026-09-20 02:49:04,969 INFO:   | Train Device=CSX, Step=1420, Loss=0.46341, Rate=3565.55 samples/sec, GlobalRate=1618.92 samples/sec, LoopTimeRemaining=0:04:16, TimeRemaining=0:04:16
2026-09-20 02:49:33,575 INFO:   | Train Device=CSX, Step=1430, Loss=0.49384, Rate=1815.05 samples/sec, GlobalRate=1617.44 samples/sec, LoopTimeRemaining=0:04:04, TimeRemaining=0:04:04
2026-09-20 02:49:53,506 INFO:   | Train Device=CSX, Step=1440, Loss=0.48779, Rate=3234.81 samples/sec, GlobalRate=1619.84 samples/sec, LoopTimeRemaining=0:03:53, TimeRemaining=0:03:53
2026-09-20 02:50:18,053 INFO:   | Train Device=CSX, Step=1450, Loss=0.45575, Rate=1749.12 samples/sec, GlobalRate=1620.17 samples/sec, LoopTimeRemaining=0:03:43, TimeRemaining=0:03:43
2026-09-20 02:50:38,551 INFO:   | Train Device=CSX, Step=1460, Loss=0.43921, Rate=3073.82 samples/sec, GlobalRate=1622.27 samples/sec, LoopTimeRemaining=0:03:31, TimeRemaining=0:03:31
2026-09-20 02:50:58,686 INFO:   | Train Device=CSX, Step=1470, Loss=0.03139, Rate=3340.71 samples/sec, GlobalRate=1624.51 samples/sec, LoopTimeRemaining=0:03:20, TimeRemaining=0:03:20
2026-09-20 02:51:27,312 INFO:   | Train Device=CSX, Step=1480, Loss=0.41979, Rate=2816.81 samples/sec, GlobalRate=1623.02 samples/sec, LoopTimeRemaining=0:03:08, TimeRemaining=0:03:08
2026-09-20 02:51:47,665 INFO:   | Train Device=CSX, Step=1490, Loss=0.44598, Rate=3328.72 samples/sec, GlobalRate=1625.13 samples/sec, LoopTimeRemaining=0:02:57, TimeRemaining=0:02:57
2026-09-20 02:52:12,157 INFO:   | Train Device=CSX, Step=1500, Loss=0.41097, Rate=2816.04 samples/sec, GlobalRate=1625.44 samples/sec, LoopTimeRemaining=0:02:44, TimeRemaining=0:02:44
2026-09-20 02:52:32,374 INFO:   | Train Device=CSX, Step=1510, Loss=0.47101, Rate=3435.31 samples/sec, GlobalRate=1627.57 samples/sec, LoopTimeRemaining=0:02:33, TimeRemaining=0:02:33
2026-09-20 02:53:00,938 INFO:   | Train Device=CSX, Step=1520, Loss=0.45175, Rate=1719.74 samples/sec, GlobalRate=1626.13 samples/sec, LoopTimeRemaining=0:02:21, TimeRemaining=0:02:21
2026-09-20 02:53:21,450 INFO:   | Train Device=CSX, Step=1530, Loss=0.45063, Rate=2849.61 samples/sec, GlobalRate=1628.10 samples/sec, LoopTimeRemaining=0:02:09, TimeRemaining=0:02:09
2026-09-20 02:53:45,755 INFO:   | Train Device=CSX, Step=1540, Loss=0.44203, Rate=1763.38 samples/sec, GlobalRate=1628.46 samples/sec, LoopTimeRemaining=0:01:58, TimeRemaining=0:01:58
2026-09-20 02:54:06,146 INFO:   | Train Device=CSX, Step=1550, Loss=0.41987, Rate=3142.34 samples/sec, GlobalRate=1630.45 samples/sec, LoopTimeRemaining=0:01:46, TimeRemaining=0:01:46
2026-09-20 02:54:30,631 INFO:   | Train Device=CSX, Step=1560, Loss=0.45743, Rate=1828.01 samples/sec, GlobalRate=1630.72 samples/sec, LoopTimeRemaining=0:01:34, TimeRemaining=0:01:34
2026-09-20 02:54:54,576 INFO:   | Train Device=CSX, Step=1570, Loss=0.43551, Rate=2571.27 samples/sec, GlobalRate=1631.20 samples/sec, LoopTimeRemaining=0:01:22, TimeRemaining=0:01:22
2026-09-20 02:55:14,911 INFO:   | Train Device=CSX, Step=1580, Loss=0.42705, Rate=3457.49 samples/sec, GlobalRate=1633.17 samples/sec, LoopTimeRemaining=0:01:10, TimeRemaining=0:01:10
2026-09-20 02:55:39,311 INFO:   | Train Device=CSX, Step=1590, Loss=0.45024, Rate=2808.21 samples/sec, GlobalRate=1633.45 samples/sec, LoopTimeRemaining=0:00:59, TimeRemaining=0:00:59
2026-09-20 02:55:59,587 INFO:   | Train Device=CSX, Step=1600, Loss=0.44827, Rate=3375.72 samples/sec, GlobalRate=1635.40 samples/sec, LoopTimeRemaining=0:00:47, TimeRemaining=0:00:47
2026-09-20 02:56:24,051 INFO:   | Train Device=CSX, Step=1610, Loss=0.40489, Rate=2874.93 samples/sec, GlobalRate=1635.64 samples/sec, LoopTimeRemaining=0:00:35, TimeRemaining=0:00:35
2026-09-20 02:56:48,253 INFO:   | Train Device=CSX, Step=1620, Loss=0.44838, Rate=3266.11 samples/sec, GlobalRate=1635.98 samples/sec, LoopTimeRemaining=0:00:23, TimeRemaining=0:00:23
2026-09-20 02:57:12,767 INFO:   | Train Device=CSX, Step=1630, Loss=0.42710, Rate=1835.98 samples/sec, GlobalRate=1636.19 samples/sec, LoopTimeRemaining=0:00:12, TimeRemaining=0:00:12
2026-09-20 02:57:33,074 INFO:   | Train Device=CSX, Step=1640, Loss=0.46630, Rate=3262.16 samples/sec, GlobalRate=1638.07 samples/sec, LoopTimeRemaining=0:00:00, TimeRemaining=0:00:00
2026-09-20 02:57:33,182 INFO:   Training completed successfully!
2026-09-20 02:57:33,186 INFO:   Processed 6717440 training sample(s) in 4107.916090993 seconds.
