$REPO_ROOT/.venv/lib/python3.11/site-packages/outdated/__init__.py:36: UserWarning: pkg_resources is deprecated as an API. See https://setuptools.pypa.io/en/latest/pkg_resources.html. The pkg_resources package is slated for removal as early as 2025-11-30. Refrain from using this package or pin to Setuptools<81.
  from pkg_resources import parse_version
[ddp] Single-process mode: device=cuda
[Info] Running in Single-Process mode (CPU or Single GPU).
[Info] Device: cuda
[GraphCache] Caching disabled (0 nodes).
[Step=0010] Wall=5.7167s | Loss=6.1053
[Profile] Avg ms/step | Load: 34.139 (Prep: 20.987, Struc: 0.386, Fetch: 12.767) | Fwd: 487.570 | Bwd: 43.325 | Opt: 4.263 | GPU_Tot: 548.310
[Autotune] {"version": 1, "step": 10, "wall_seconds": 5.716674124007113, "seed_nodes": 40960, "loss": 6.1052906036376955, "all_losses_finite": true}
[Step=0020] Wall=6.0109s | Loss=3.2618
[Profile] Avg ms/step | Load: 22.371 (Prep: 10.517, Struc: 0.340, Fetch: 11.514) | Fwd: 248.045 | Bwd: 26.466 | Opt: 2.402 | GPU_Tot: 288.767
[Autotune] {"version": 1, "step": 20, "wall_seconds": 6.010902982001426, "seed_nodes": 81920, "loss": 3.261810302734375, "all_losses_finite": true}
[Step=0030] Wall=6.4040s | Loss=2.6701
[Profile] Avg ms/step | Load: 21.969 (Prep: 9.911, Struc: 0.324, Fetch: 11.735) | Fwd: 168.103 | Bwd: 20.715 | Opt: 1.787 | GPU_Tot: 202.664
[Autotune] {"version": 1, "step": 30, "wall_seconds": 6.4040159940195736, "seed_nodes": 119613, "loss": 2.670147514343262, "all_losses_finite": true}
[Step=0040] Wall=6.6998s | Loss=2.2520
[Profile] Avg ms/step | Load: 0.000 (Prep: 0.000, Struc: 0.000, Fetch: 0.000) | Fwd: 0.000 | Bwd: 0.000 | Opt: 0.000 | GPU_Tot: 0.000
[Autotune] {"version": 1, "step": 40, "wall_seconds": 6.699831321020611, "seed_nodes": 160573, "loss": 2.2520210266113283, "all_losses_finite": true}
[Step=0050] Wall=7.0694s | Loss=1.9796
[Profile] Avg ms/step | Load: 18.814 (Prep: 6.240, Struc: 0.295, Fetch: 12.278) | Fwd: 8.212 | Bwd: 9.200 | Opt: 0.572 | GPU_Tot: 30.557
[Autotune] {"version": 1, "step": 50, "wall_seconds": 7.069409108022228, "seed_nodes": 198266, "loss": 1.9796108245849608, "all_losses_finite": true}
[Step=0060] Wall=7.3735s | Loss=1.8173
[Profile] Avg ms/step | Load: 15.071 (Prep: 3.142, Struc: 0.296, Fetch: 11.633) | Fwd: 8.431 | Bwd: 9.464 | Opt: 0.561 | GPU_Tot: 30.384
[Autotune] {"version": 1, "step": 60, "wall_seconds": 7.373456057015574, "seed_nodes": 239226, "loss": 1.8172588348388672, "all_losses_finite": true}
[Step=0070] Wall=7.7146s | Loss=1.6930
[Profile] Avg ms/step | Load: 15.385 (Prep: 3.899, Struc: 0.293, Fetch: 11.193) | Fwd: 8.351 | Bwd: 9.372 | Opt: 0.561 | GPU_Tot: 29.771
[Autotune] {"version": 1, "step": 70, "wall_seconds": 7.714601862011477, "seed_nodes": 276919, "loss": 1.6929866790771484, "all_losses_finite": true}
[Step=0080] Wall=8.0370s | Loss=1.5805
[Profile] Avg ms/step | Load: 14.822 (Prep: 2.939, Struc: 0.293, Fetch: 11.590) | Fwd: 8.426 | Bwd: 9.460 | Opt: 0.563 | GPU_Tot: 30.333
[Autotune] {"version": 1, "step": 80, "wall_seconds": 8.036952210008167, "seed_nodes": 317879, "loss": 1.5804594993591308, "all_losses_finite": true}
[Step=0090] Wall=8.3462s | Loss=1.5079
[Profile] Avg ms/step | Load: 14.218 (Prep: 2.361, Struc: 0.295, Fetch: 11.563) | Fwd: 8.476 | Bwd: 9.517 | Opt: 0.562 | GPU_Tot: 30.412
[Autotune] {"version": 1, "step": 90, "wall_seconds": 8.34621942800004, "seed_nodes": 358839, "loss": 1.5078548431396483, "all_losses_finite": true}
[Step=0100] Wall=8.7080s | Loss=1.4439
[Profile] Avg ms/step | Load: 14.854 (Prep: 2.867, Struc: 0.293, Fetch: 11.693) | Fwd: 8.432 | Bwd: 9.466 | Opt: 0.563 | GPU_Tot: 30.447
[Autotune] {"version": 1, "step": 100, "wall_seconds": 8.707981565006776, "seed_nodes": 396532, "loss": 1.4438672065734863, "all_losses_finite": true}
[Step=0110] Wall=9.0051s | Loss=1.3690
[Profile] Avg ms/step | Load: 14.246 (Prep: 2.465, Struc: 0.294, Fetch: 11.487) | Fwd: 8.466 | Bwd: 9.506 | Opt: 0.561 | GPU_Tot: 30.314
[Autotune] {"version": 1, "step": 110, "wall_seconds": 9.005130709003424, "seed_nodes": 437492, "loss": 1.3690075874328613, "all_losses_finite": true}
[Step=0120] Wall=9.3742s | Loss=1.3518
[Profile] Avg ms/step | Load: 14.802 (Prep: 2.839, Struc: 0.293, Fetch: 11.670) | Fwd: 8.438 | Bwd: 9.472 | Opt: 0.562 | GPU_Tot: 30.435
[Autotune] {"version": 1, "step": 120, "wall_seconds": 9.37417284300318, "seed_nodes": 475185, "loss": 1.3517842292785645, "all_losses_finite": true}
[Step=0130] Wall=9.6722s | Loss=1.3315
[Profile] Avg ms/step | Load: 14.350 (Prep: 2.528, Struc: 0.293, Fetch: 11.529) | Fwd: 8.461 | Bwd: 9.500 | Opt: 0.561 | GPU_Tot: 30.344
[Autotune] {"version": 1, "step": 130, "wall_seconds": 9.67224946001079, "seed_nodes": 516145, "loss": 1.3315436363220214, "all_losses_finite": true}
[Step=0140] Wall=10.0602s | Loss=1.2937
[Profile] Avg ms/step | Load: 14.979 (Prep: 3.214, Struc: 0.293, Fetch: 11.471) | Fwd: 8.437 | Bwd: 9.471 | Opt: 0.561 | GPU_Tot: 30.234
[Autotune] {"version": 1, "step": 140, "wall_seconds": 10.06023931200616, "seed_nodes": 553838, "loss": 1.293717861175537, "all_losses_finite": true}
[Step=0150] Wall=10.3685s | Loss=1.2816
[Profile] Avg ms/step | Load: 14.684 (Prep: 2.927, Struc: 0.294, Fetch: 11.464) | Fwd: 8.458 | Bwd: 9.494 | Opt: 0.561 | GPU_Tot: 30.270
[Autotune] {"version": 1, "step": 150, "wall_seconds": 10.36848836200079, "seed_nodes": 594798, "loss": 1.2816287994384765, "all_losses_finite": true}
[Step=0160] Wall=10.6657s | Loss=1.2550
[Profile] Avg ms/step | Load: 14.348 (Prep: 2.687, Struc: 0.294, Fetch: 11.367) | Fwd: 8.474 | Bwd: 9.512 | Opt: 0.560 | GPU_Tot: 30.207
[Autotune] {"version": 1, "step": 160, "wall_seconds": 10.66569014400011, "seed_nodes": 635758, "loss": 1.2549787521362306, "all_losses_finite": true}
[Step=0170] Wall=11.0548s | Loss=1.2357
[Profile] Avg ms/step | Load: 14.839 (Prep: 3.130, Struc: 0.294, Fetch: 11.415) | Fwd: 8.456 | Bwd: 9.490 | Opt: 0.560 | GPU_Tot: 30.215
[Autotune] {"version": 1, "step": 170, "wall_seconds": 11.054756591009209, "seed_nodes": 673451, "loss": 1.2356978416442872, "all_losses_finite": true}
[Step=0180] Wall=11.3524s | Loss=1.2310
[Profile] Avg ms/step | Load: 14.542 (Prep: 2.910, Struc: 0.294, Fetch: 11.338) | Fwd: 8.470 | Bwd: 9.507 | Opt: 0.560 | GPU_Tot: 30.168
[Autotune] {"version": 1, "step": 180, "wall_seconds": 11.352364242018666, "seed_nodes": 714411, "loss": 1.2309637069702148, "all_losses_finite": true}
[Step=0190] Wall=11.7449s | Loss=1.1986
[Profile] Avg ms/step | Load: 14.976 (Prep: 3.285, Struc: 0.294, Fetch: 11.398) | Fwd: 8.454 | Bwd: 9.489 | Opt: 0.560 | GPU_Tot: 30.195
[Autotune] {"version": 1, "step": 190, "wall_seconds": 11.744945403013844, "seed_nodes": 752104, "loss": 1.1986153602600098, "all_losses_finite": true}
[Step=0200] Wall=12.0435s | Loss=1.2042
[Profile] Avg ms/step | Load: 14.713 (Prep: 3.082, Struc: 0.294, Fetch: 11.337) | Fwd: 8.467 | Bwd: 9.503 | Opt: 0.560 | GPU_Tot: 30.161
[Autotune] {"version": 1, "step": 200, "wall_seconds": 12.043477158003952, "seed_nodes": 793064, "loss": 1.2041685104370117, "all_losses_finite": true}
[Step=0210] Wall=12.4120s | Loss=1.2148
[Profile] Avg ms/step | Load: 14.947 (Prep: 3.292, Struc: 0.294, Fetch: 11.362) | Fwd: 8.453 | Bwd: 9.486 | Opt: 0.561 | GPU_Tot: 30.154
[Autotune] {"version": 1, "step": 210, "wall_seconds": 12.412027921003755, "seed_nodes": 830757, "loss": 1.2148326873779296, "all_losses_finite": true}
[Step=0220] Wall=12.7359s | Loss=1.1878
[Profile] Avg ms/step | Load: 14.856 (Prep: 3.111, Struc: 0.294, Fetch: 11.451) | Fwd: 8.464 | Bwd: 9.499 | Opt: 0.560 | GPU_Tot: 30.268
[Autotune] {"version": 1, "step": 220, "wall_seconds": 12.735923736996483, "seed_nodes": 871717, "loss": 1.1878451347351073, "all_losses_finite": true}
[Step=0230] Wall=13.0186s | Loss=1.1692
[Profile] Avg ms/step | Load: 14.608 (Prep: 2.950, Struc: 0.293, Fetch: 11.364) | Fwd: 8.451 | Bwd: 9.484 | Opt: 0.560 | GPU_Tot: 30.152
[Autotune] {"version": 1, "step": 230, "wall_seconds": 13.018623918003868, "seed_nodes": 909410, "loss": 1.1692328453063965, "all_losses_finite": true}
[Step=0240] Wall=13.4612s | Loss=1.1720
[Profile] Avg ms/step | Load: 15.133 (Prep: 3.385, Struc: 0.294, Fetch: 11.454) | Fwd: 8.463 | Bwd: 9.496 | Opt: 0.561 | GPU_Tot: 30.268
[Autotune] {"version": 1, "step": 240, "wall_seconds": 13.461235894006677, "seed_nodes": 950370, "loss": 1.172049617767334, "all_losses_finite": true}
[Step=0250] Wall=13.7603s | Loss=1.1614
[Profile] Avg ms/step | Load: 14.927 (Prep: 3.226, Struc: 0.294, Fetch: 11.407) | Fwd: 8.472 | Bwd: 9.507 | Opt: 0.561 | GPU_Tot: 30.241
[Autotune] {"version": 1, "step": 250, "wall_seconds": 13.760263300006045, "seed_nodes": 991330, "loss": 1.1613903999328614, "all_losses_finite": true}
[Step=0260] Wall=14.1358s | Loss=1.1403
[Profile] Avg ms/step | Load: 15.130 (Prep: 3.331, Struc: 0.294, Fetch: 11.505) | Fwd: 8.461 | Bwd: 9.493 | Opt: 0.561 | GPU_Tot: 30.314
[Autotune] {"version": 1, "step": 260, "wall_seconds": 14.135750982997706, "seed_nodes": 1029023, "loss": 1.1403328895568847, "all_losses_finite": true}
[Step=0270] Wall=14.4342s | Loss=1.1351
[Profile] Avg ms/step | Load: 14.940 (Prep: 3.188, Struc: 0.294, Fetch: 11.458) | Fwd: 8.470 | Bwd: 9.503 | Opt: 0.561 | GPU_Tot: 30.285
[Autotune] {"version": 1, "step": 270, "wall_seconds": 14.43420519400388, "seed_nodes": 1069983, "loss": 1.1350685119628907, "all_losses_finite": true}
[Step=0280] Wall=14.8032s | Loss=1.1497
[Profile] Avg ms/step | Load: 15.099 (Prep: 3.326, Struc: 0.294, Fetch: 11.479) | Fwd: 8.459 | Bwd: 9.490 | Opt: 0.561 | GPU_Tot: 30.283
[Autotune] {"version": 1, "step": 280, "wall_seconds": 14.803239202010445, "seed_nodes": 1107676, "loss": 1.1496522903442383, "all_losses_finite": true}
[Step=0290] Wall=15.1209s | Loss=1.1428
[Profile] Avg ms/step | Load: 15.004 (Prep: 3.195, Struc: 0.294, Fetch: 11.515) | Fwd: 8.466 | Bwd: 9.499 | Opt: 0.561 | GPU_Tot: 30.335
[Autotune] {"version": 1, "step": 290, "wall_seconds": 15.120879246998811, "seed_nodes": 1148636, "loss": 1.1427874565124512, "all_losses_finite": true}
[Step=0300] Wall=15.4859s | Loss=1.1267
[Profile] Avg ms/step | Load: 15.129 (Prep: 3.357, Struc: 0.293, Fetch: 11.479) | Fwd: 8.458 | Bwd: 9.490 | Opt: 0.561 | GPU_Tot: 30.281
[Autotune] {"version": 1, "step": 300, "wall_seconds": 15.485852428013459, "seed_nodes": 1186329, "loss": 1.126748752593994, "all_losses_finite": true}
[Step=0310] Wall=15.8085s | Loss=1.1248
[Profile] Avg ms/step | Load: 15.056 (Prep: 3.235, Struc: 0.293, Fetch: 11.528) | Fwd: 8.466 | Bwd: 9.498 | Opt: 0.562 | GPU_Tot: 30.347
[Autotune] {"version": 1, "step": 310, "wall_seconds": 15.808548303000862, "seed_nodes": 1227289, "loss": 1.1247714042663575, "all_losses_finite": true}
[Step=0320] Wall=16.1067s | Loss=1.1100
[Profile] Avg ms/step | Load: 14.902 (Prep: 3.121, Struc: 0.294, Fetch: 11.488) | Fwd: 8.472 | Bwd: 9.506 | Opt: 0.561 | GPU_Tot: 30.321
[Autotune] {"version": 1, "step": 320, "wall_seconds": 16.106737958994927, "seed_nodes": 1268249, "loss": 1.109968376159668, "all_losses_finite": true}
[Step=0330] Wall=16.5026s | Loss=1.1025
[Profile] Avg ms/step | Load: 15.128 (Prep: 3.240, Struc: 0.293, Fetch: 11.594) | Fwd: 8.463 | Bwd: 9.496 | Opt: 0.561 | GPU_Tot: 30.408
[Autotune] {"version": 1, "step": 330, "wall_seconds": 16.502615245000925, "seed_nodes": 1305942, "loss": 1.1025362014770508, "all_losses_finite": true}
[Step=0340] Wall=16.8146s | Loss=1.1024
[Profile] Avg ms/step | Load: 15.027 (Prep: 3.134, Struc: 0.293, Fetch: 11.600) | Fwd: 8.470 | Bwd: 9.504 | Opt: 0.561 | GPU_Tot: 30.428
[Autotune] {"version": 1, "step": 340, "wall_seconds": 16.814649387000827, "seed_nodes": 1346902, "loss": 1.1023812294006348, "all_losses_finite": true}
[Step=0350] Wall=17.1904s | Loss=1.1003
[Profile] Avg ms/step | Load: 15.167 (Prep: 3.238, Struc: 0.294, Fetch: 11.635) | Fwd: 8.463 | Bwd: 9.495 | Opt: 0.562 | GPU_Tot: 30.448
[Autotune] {"version": 1, "step": 350, "wall_seconds": 17.190396987018175, "seed_nodes": 1384595, "loss": 1.100299072265625, "all_losses_finite": true}
[Step=0360] Wall=17.5015s | Loss=1.0996
[Profile] Avg ms/step | Load: 15.070 (Prep: 3.138, Struc: 0.294, Fetch: 11.638) | Fwd: 8.469 | Bwd: 9.502 | Opt: 0.561 | GPU_Tot: 30.463
[Autotune] {"version": 1, "step": 360, "wall_seconds": 17.501514422998298, "seed_nodes": 1425555, "loss": 1.0996371269226075, "all_losses_finite": true}
[Step=0370] Wall=17.8557s | Loss=1.0801
[Profile] Avg ms/step | Load: 15.133 (Prep: 3.212, Struc: 0.293, Fetch: 11.628) | Fwd: 8.462 | Bwd: 9.493 | Opt: 0.562 | GPU_Tot: 30.439
[Autotune] {"version": 1, "step": 370, "wall_seconds": 17.855669033015147, "seed_nodes": 1463248, "loss": 1.080103874206543, "all_losses_finite": true}
[Step=0380] Wall=18.1759s | Loss=1.0828
[Profile] Avg ms/step | Load: 15.067 (Prep: 3.131, Struc: 0.294, Fetch: 11.642) | Fwd: 8.468 | Bwd: 9.501 | Opt: 0.563 | GPU_Tot: 30.467
[Autotune] {"version": 1, "step": 380, "wall_seconds": 18.17587114899652, "seed_nodes": 1504208, "loss": 1.0827601432800293, "all_losses_finite": true}
[Step=0390] Wall=18.4790s | Loss=1.0741
[Profile] Avg ms/step | Load: 14.957 (Prep: 3.043, Struc: 0.294, Fetch: 11.620) | Fwd: 8.473 | Bwd: 9.507 | Opt: 0.562 | GPU_Tot: 30.457
[Autotune] {"version": 1, "step": 390, "wall_seconds": 18.478964573005214, "seed_nodes": 1545168, "loss": 1.0741068840026855, "all_losses_finite": true}
[Step=0400] Wall=18.8567s | Loss=1.0761
[Profile] Avg ms/step | Load: 15.085 (Prep: 3.130, Struc: 0.294, Fetch: 11.661) | Fwd: 8.468 | Bwd: 9.499 | Opt: 0.563 | GPU_Tot: 30.484
[Autotune] {"version": 1, "step": 400, "wall_seconds": 18.8567246220191, "seed_nodes": 1582861, "loss": 1.0760793685913086, "all_losses_finite": true}
[Step=0410] Wall=19.1666s | Loss=1.0736
[Profile] Avg ms/step | Load: 14.999 (Prep: 3.047, Struc: 0.294, Fetch: 11.658) | Fwd: 8.473 | Bwd: 9.506 | Opt: 0.562 | GPU_Tot: 30.492
[Autotune] {"version": 1, "step": 410, "wall_seconds": 19.1665604430018, "seed_nodes": 1623821, "loss": 1.0735698699951173, "all_losses_finite": true}
[Step=0420] Wall=19.5547s | Loss=1.0763
[Profile] Avg ms/step | Load: 15.147 (Prep: 3.163, Struc: 0.294, Fetch: 11.690) | Fwd: 8.466 | Bwd: 9.498 | Opt: 0.563 | GPU_Tot: 30.511
[Autotune] {"version": 1, "step": 420, "wall_seconds": 19.554694963997463, "seed_nodes": 1661514, "loss": 1.0763486862182616, "all_losses_finite": true}
[Step=0430] Wall=19.8520s | Loss=1.0593
[Profile] Avg ms/step | Load: 15.032 (Prep: 3.083, Struc: 0.294, Fetch: 11.656) | Fwd: 8.471 | Bwd: 9.504 | Opt: 0.562 | GPU_Tot: 30.487
[Autotune] {"version": 1, "step": 430, "wall_seconds": 19.852037113014376, "seed_nodes": 1702474, "loss": 1.0592748641967773, "all_losses_finite": true}
[Step=0440] Wall=20.2349s | Loss=1.0763
[Profile] Avg ms/step | Load: 15.158 (Prep: 3.210, Struc: 0.294, Fetch: 11.654) | Fwd: 8.466 | Bwd: 9.497 | Opt: 0.562 | GPU_Tot: 30.474
[Autotune] {"version": 1, "step": 440, "wall_seconds": 20.23488007299602, "seed_nodes": 1740167, "loss": 1.0762964248657227, "all_losses_finite": true}
[Step=0450] Wall=20.5390s | Loss=1.0624
[Profile] Avg ms/step | Load: 15.065 (Prep: 3.132, Struc: 0.294, Fetch: 11.639) | Fwd: 8.470 | Bwd: 9.502 | Opt: 0.562 | GPU_Tot: 30.467
[Autotune] {"version": 1, "step": 450, "wall_seconds": 20.539002708013868, "seed_nodes": 1781127, "loss": 1.0624402999877929, "all_losses_finite": true}
[Step=0460] Wall=20.8209s | Loss=1.0437
[Profile] Avg ms/step | Load: 14.946 (Prep: 3.059, Struc: 0.293, Fetch: 11.593) | Fwd: 8.464 | Bwd: 9.496 | Opt: 0.562 | GPU_Tot: 30.409
[Autotune] {"version": 1, "step": 460, "wall_seconds": 20.820920613012277, "seed_nodes": 1818820, "loss": 1.0436774253845216, "all_losses_finite": true}
[Step=0470] Wall=21.2225s | Loss=1.0520
[Profile] Avg ms/step | Load: 15.088 (Prep: 3.152, Struc: 0.294, Fetch: 11.642) | Fwd: 8.469 | Bwd: 9.501 | Opt: 0.562 | GPU_Tot: 30.467
[Autotune] {"version": 1, "step": 470, "wall_seconds": 21.222521809017053, "seed_nodes": 1859780, "loss": 1.0520315170288086, "all_losses_finite": true}
[Step=0480] Wall=21.5263s | Loss=1.0536
[Profile] Avg ms/step | Load: 15.002 (Prep: 3.082, Struc: 0.294, Fetch: 11.626) | Fwd: 8.473 | Bwd: 9.506 | Opt: 0.562 | GPU_Tot: 30.461
[Autotune] {"version": 1, "step": 480, "wall_seconds": 21.5263265639951, "seed_nodes": 1900740, "loss": 1.053608226776123, "all_losses_finite": true}
[Step=0490] Wall=21.9117s | Loss=1.0385
[Profile] Avg ms/step | Load: 15.121 (Prep: 3.148, Struc: 0.294, Fetch: 11.678) | Fwd: 8.467 | Bwd: 9.500 | Opt: 0.562 | GPU_Tot: 30.501
[Autotune] {"version": 1, "step": 490, "wall_seconds": 21.9116636760009, "seed_nodes": 1938433, "loss": 1.0385371208190919, "all_losses_finite": true}
[Step=0500] Wall=22.2098s | Loss=1.0434
[Profile] Avg ms/step | Load: 15.024 (Prep: 3.081, Struc: 0.294, Fetch: 11.649) | Fwd: 8.472 | Bwd: 9.505 | Opt: 0.562 | GPU_Tot: 30.482
[Autotune] {"version": 1, "step": 500, "wall_seconds": 22.209803800011287, "seed_nodes": 1979393, "loss": 1.043393325805664, "all_losses_finite": true}
[Step=0510] Wall=22.5927s | Loss=1.0227
[Profile] Avg ms/step | Load: 15.132 (Prep: 3.180, Struc: 0.294, Fetch: 11.658) | Fwd: 8.467 | Bwd: 9.499 | Opt: 0.562 | GPU_Tot: 30.480
[Autotune] {"version": 1, "step": 510, "wall_seconds": 22.59266449601273, "seed_nodes": 2017086, "loss": 1.0226696014404297, "all_losses_finite": true}
[Step=0520] Wall=22.8909s | Loss=1.0471
[Profile] Avg ms/step | Load: 15.041 (Prep: 3.115, Struc: 0.294, Fetch: 11.632) | Fwd: 8.471 | Bwd: 9.504 | Opt: 0.562 | GPU_Tot: 30.463
[Autotune] {"version": 1, "step": 520, "wall_seconds": 22.89092003600672, "seed_nodes": 2058046, "loss": 1.0471449851989747, "all_losses_finite": true}
[Step=0530] Wall=23.2388s | Loss=1.0392
[Profile] Avg ms/step | Load: 15.073 (Prep: 3.169, Struc: 0.294, Fetch: 11.610) | Fwd: 8.466 | Bwd: 9.498 | Opt: 0.562 | GPU_Tot: 30.430
[Autotune] {"version": 1, "step": 530, "wall_seconds": 23.23880340400501, "seed_nodes": 2095739, "loss": 1.039222240447998, "all_losses_finite": true}
[Step=0540] Wall=23.5715s | Loss=1.0261
[Profile] Avg ms/step | Load: 15.054 (Prep: 3.106, Struc: 0.294, Fetch: 11.654) | Fwd: 8.469 | Bwd: 9.503 | Opt: 0.563 | GPU_Tot: 30.483
[Autotune] {"version": 1, "step": 540, "wall_seconds": 23.571493054012535, "seed_nodes": 2136699, "loss": 1.0260780334472657, "all_losses_finite": true}
[Step=0550] Wall=23.8713s | Loss=1.0393
[Profile] Avg ms/step | Load: 14.972 (Prep: 3.047, Struc: 0.294, Fetch: 11.632) | Fwd: 8.473 | Bwd: 9.507 | Opt: 0.563 | GPU_Tot: 30.469
[Autotune] {"version": 1, "step": 550, "wall_seconds": 23.87133787199855, "seed_nodes": 2177659, "loss": 1.0392999649047852, "all_losses_finite": true}
[Step=0560] Wall=24.2693s | Loss=1.0502
[Profile] Avg ms/step | Load: 15.100 (Prep: 3.150, Struc: 0.294, Fetch: 11.656) | Fwd: 8.469 | Bwd: 9.502 | Opt: 0.563 | GPU_Tot: 30.483
[Autotune] {"version": 1, "step": 560, "wall_seconds": 24.269349319016328, "seed_nodes": 2215352, "loss": 1.0502397537231445, "all_losses_finite": true}
[Step=0570] Wall=24.5686s | Loss=1.0184
[Profile] Avg ms/step | Load: 15.019 (Prep: 3.092, Struc: 0.294, Fetch: 11.634) | Fwd: 8.472 | Bwd: 9.506 | Opt: 0.563 | GPU_Tot: 30.469
[Autotune] {"version": 1, "step": 570, "wall_seconds": 24.5686103500193, "seed_nodes": 2256312, "loss": 1.0184209823608399, "all_losses_finite": true}
[Step=0580] Wall=24.9508s | Loss=1.0241
[Profile] Avg ms/step | Load: 15.111 (Prep: 3.155, Struc: 0.294, Fetch: 11.662) | Fwd: 8.468 | Bwd: 9.501 | Opt: 0.564 | GPU_Tot: 30.488
[Autotune] {"version": 1, "step": 580, "wall_seconds": 24.9507500930049, "seed_nodes": 2294005, "loss": 1.024085521697998, "all_losses_finite": true}
[Step=0590] Wall=25.2683s | Loss=1.0075
[Profile] Avg ms/step | Load: 15.067 (Prep: 3.099, Struc: 0.294, Fetch: 11.674) | Fwd: 8.471 | Bwd: 9.505 | Opt: 0.564 | GPU_Tot: 30.508
[Autotune] {"version": 1, "step": 590, "wall_seconds": 25.26826783499564, "seed_nodes": 2334965, "loss": 1.0074609756469726, "all_losses_finite": true}
[Step=0600] Wall=25.6366s | Loss=1.0149
[Profile] Avg ms/step | Load: 15.130 (Prep: 3.178, Struc: 0.294, Fetch: 11.658) | Fwd: 8.467 | Bwd: 9.500 | Opt: 0.564 | GPU_Tot: 30.483
[Autotune] {"version": 1, "step": 600, "wall_seconds": 25.636634580005193, "seed_nodes": 2372658, "loss": 1.0149154663085938, "all_losses_finite": true}
[Step=0610] Wall=25.9855s | Loss=1.0197
[Profile] Avg ms/step | Load: 15.141 (Prep: 3.123, Struc: 0.294, Fetch: 11.725) | Fwd: 8.471 | Bwd: 9.504 | Opt: 0.564 | GPU_Tot: 30.557
[Autotune] {"version": 1, "step": 610, "wall_seconds": 25.98550903299474, "seed_nodes": 2413618, "loss": 1.019718551635742, "all_losses_finite": true}
[Step=0620] Wall=26.2849s | Loss=1.0072
[Profile] Avg ms/step | Load: 15.067 (Prep: 3.070, Struc: 0.294, Fetch: 11.703) | Fwd: 8.474 | Bwd: 9.508 | Opt: 0.563 | GPU_Tot: 30.543
[Autotune] {"version": 1, "step": 620, "wall_seconds": 26.284853296994697, "seed_nodes": 2454578, "loss": 1.007200336456299, "all_losses_finite": true}
[Step=0630] Wall=26.6634s | Loss=1.0148
[Profile] Avg ms/step | Load: 15.146 (Prep: 3.131, Struc: 0.294, Fetch: 11.722) | Fwd: 8.470 | Bwd: 9.503 | Opt: 0.564 | GPU_Tot: 30.551
[Autotune] {"version": 1, "step": 630, "wall_seconds": 26.663358835008694, "seed_nodes": 2492271, "loss": 1.014817237854004, "all_losses_finite": true}
[Step=0640] Wall=26.9614s | Loss=1.0088
[Profile] Avg ms/step | Load: 15.072 (Prep: 3.079, Struc: 0.294, Fetch: 11.698) | Fwd: 8.473 | Bwd: 9.507 | Opt: 0.563 | GPU_Tot: 30.535
[Autotune] {"version": 1, "step": 640, "wall_seconds": 26.96135584800504, "seed_nodes": 2533231, "loss": 1.0088017463684082, "all_losses_finite": true}
[Step=0650] Wall=27.3389s | Loss=1.0038
[Profile] Avg ms/step | Load: 15.145 (Prep: 3.139, Struc: 0.294, Fetch: 11.712) | Fwd: 8.469 | Bwd: 9.502 | Opt: 0.564 | GPU_Tot: 30.541
[Autotune] {"version": 1, "step": 650, "wall_seconds": 27.338898075016914, "seed_nodes": 2570924, "loss": 1.0038311958312989, "all_losses_finite": true}
[Step=0660] Wall=27.6408s | Loss=0.9953
[Profile] Avg ms/step | Load: 15.080 (Prep: 3.089, Struc: 0.294, Fetch: 11.696) | Fwd: 8.472 | Bwd: 9.506 | Opt: 0.564 | GPU_Tot: 30.532
[Autotune] {"version": 1, "step": 660, "wall_seconds": 27.64082930801669, "seed_nodes": 2611884, "loss": 0.9953264236450196, "all_losses_finite": true}
[Step=0670] Wall=28.0000s | Loss=1.0060
[Profile] Avg ms/step | Load: 15.121 (Prep: 3.127, Struc: 0.294, Fetch: 11.701) | Fwd: 8.468 | Bwd: 9.501 | Opt: 0.564 | GPU_Tot: 30.528
[Autotune] {"version": 1, "step": 670, "wall_seconds": 28.000013402022887, "seed_nodes": 2649577, "loss": 1.0060315132141113, "all_losses_finite": true}
[Step=0680] Wall=28.3041s | Loss=0.9979
[Profile] Avg ms/step | Load: 15.063 (Prep: 3.079, Struc: 0.294, Fetch: 11.690) | Fwd: 8.471 | Bwd: 9.504 | Opt: 0.564 | GPU_Tot: 30.523
[Autotune] {"version": 1, "step": 680, "wall_seconds": 28.30411619800725, "seed_nodes": 2690537, "loss": 0.9979358673095703, "all_losses_finite": true}
[Step=0690] Wall=28.6006s | Loss=0.9963
[Profile] Avg ms/step | Load: 15.007 (Prep: 3.032, Struc: 0.294, Fetch: 11.681) | Fwd: 8.467 | Bwd: 9.500 | Opt: 0.564 | GPU_Tot: 30.507
[Autotune] {"version": 1, "step": 690, "wall_seconds": 28.600611439003842, "seed_nodes": 2728230, "loss": 0.9963068008422852, "all_losses_finite": true}
[Step=0700] Wall=28.9849s | Loss=0.9952
[Profile] Avg ms/step | Load: 15.073 (Prep: 3.071, Struc: 0.294, Fetch: 11.708) | Fwd: 8.471 | Bwd: 9.504 | Opt: 0.564 | GPU_Tot: 30.540
[Autotune] {"version": 1, "step": 700, "wall_seconds": 28.98490842699539, "seed_nodes": 2769190, "loss": 0.9951851844787598, "all_losses_finite": true}
[Step=0710] Wall=29.2837s | Loss=0.9925
[Profile] Avg ms/step | Load: 15.008 (Prep: 3.026, Struc: 0.294, Fetch: 11.689) | Fwd: 8.474 | Bwd: 9.507 | Opt: 0.564 | GPU_Tot: 30.527
[Autotune] {"version": 1, "step": 710, "wall_seconds": 29.283656840008916, "seed_nodes": 2810150, "loss": 0.9925382614135743, "all_losses_finite": true}
[Step=0720] Wall=29.6806s | Loss=0.9957
[Profile] Avg ms/step | Load: 15.104 (Prep: 3.073, Struc: 0.294, Fetch: 11.737) | Fwd: 8.470 | Bwd: 9.503 | Opt: 0.564 | GPU_Tot: 30.568
[Autotune] {"version": 1, "step": 720, "wall_seconds": 29.680554733000463, "seed_nodes": 2847843, "loss": 0.995748233795166, "all_losses_finite": true}
[Step=0730] Wall=29.9816s | Loss=0.9827
[Profile] Avg ms/step | Load: 15.044 (Prep: 3.029, Struc: 0.294, Fetch: 11.721) | Fwd: 8.473 | Bwd: 9.506 | Opt: 0.564 | GPU_Tot: 30.558
[Autotune] {"version": 1, "step": 730, "wall_seconds": 29.98164441200788, "seed_nodes": 2888803, "loss": 0.9826956748962402, "all_losses_finite": true}
[Step=0740] Wall=30.3659s | Loss=0.9846
[Profile] Avg ms/step | Load: 15.118 (Prep: 3.100, Struc: 0.294, Fetch: 11.724) | Fwd: 8.470 | Bwd: 9.502 | Opt: 0.564 | GPU_Tot: 30.554
[Autotune] {"version": 1, "step": 740, "wall_seconds": 30.365850292000687, "seed_nodes": 2926496, "loss": 0.9846319198608399, "all_losses_finite": true}
[Step=0750] Wall=30.6724s | Loss=0.9808
[Profile] Avg ms/step | Load: 15.068 (Prep: 3.057, Struc: 0.294, Fetch: 11.717) | Fwd: 8.472 | Bwd: 9.505 | Opt: 0.564 | GPU_Tot: 30.553
[Autotune] {"version": 1, "step": 750, "wall_seconds": 30.67241704001208, "seed_nodes": 2967456, "loss": 0.9808369636535644, "all_losses_finite": true}
[Step=0760] Wall=31.0176s | Loss=0.9791
[Profile] Avg ms/step | Load: 15.086 (Prep: 3.091, Struc: 0.294, Fetch: 11.701) | Fwd: 8.469 | Bwd: 9.501 | Opt: 0.564 | GPU_Tot: 30.529
[Autotune] {"version": 1, "step": 760, "wall_seconds": 31.01759817401762, "seed_nodes": 3005149, "loss": 0.979102611541748, "all_losses_finite": true}
[Step=0770] Wall=31.3511s | Loss=0.9762
[Profile] Avg ms/step | Load: 15.074 (Prep: 3.053, Struc: 0.294, Fetch: 11.726) | Fwd: 8.471 | Bwd: 9.505 | Opt: 0.564 | GPU_Tot: 30.561
[Autotune] {"version": 1, "step": 770, "wall_seconds": 31.351095762016485, "seed_nodes": 3046109, "loss": 0.9761547088623047, "all_losses_finite": true}
[Step=0780] Wall=31.6563s | Loss=0.9656
[Profile] Avg ms/step | Load: 15.024 (Prep: 3.013, Struc: 0.294, Fetch: 11.717) | Fwd: 8.474 | Bwd: 9.508 | Opt: 0.564 | GPU_Tot: 30.558
[Autotune] {"version": 1, "step": 780, "wall_seconds": 31.656340123008704, "seed_nodes": 3087069, "loss": 0.9655931472778321, "all_losses_finite": true}
[Step=0790] Wall=32.0437s | Loss=0.9902
[Profile] Avg ms/step | Load: 15.098 (Prep: 3.068, Struc: 0.294, Fetch: 11.737) | Fwd: 8.471 | Bwd: 9.504 | Opt: 0.564 | GPU_Tot: 30.570
[Autotune] {"version": 1, "step": 790, "wall_seconds": 32.04374894499779, "seed_nodes": 3124762, "loss": 0.9902199745178223, "all_losses_finite": true}
[Step=0800] Wall=32.3435s | Loss=0.9816
[Profile] Avg ms/step | Load: 15.042 (Prep: 3.028, Struc: 0.294, Fetch: 11.720) | Fwd: 8.474 | Bwd: 9.507 | Opt: 0.564 | GPU_Tot: 30.559
[Autotune] {"version": 1, "step": 800, "wall_seconds": 32.34353095400729, "seed_nodes": 3165722, "loss": 0.9816487312316895, "all_losses_finite": true}
[Step=0810] Wall=32.7257s | Loss=0.9656
[Profile] Avg ms/step | Load: 15.107 (Prep: 3.092, Struc: 0.294, Fetch: 11.721) | Fwd: 8.470 | Bwd: 9.503 | Opt: 0.564 | GPU_Tot: 30.553
[Autotune] {"version": 1, "step": 810, "wall_seconds": 32.7256511960004, "seed_nodes": 3203415, "loss": 0.9656030654907226, "all_losses_finite": true}
[Step=0820] Wall=33.0240s | Loss=0.9810
[Profile] Avg ms/step | Load: 15.051 (Prep: 3.053, Struc: 0.294, Fetch: 11.705) | Fwd: 8.473 | Bwd: 9.506 | Opt: 0.564 | GPU_Tot: 30.542
[Autotune] {"version": 1, "step": 820, "wall_seconds": 33.02397587802261, "seed_nodes": 3244375, "loss": 0.9809625625610352, "all_losses_finite": true}
[Step=0830] Wall=33.3953s | Loss=0.9829
[Profile] Avg ms/step | Load: 15.100 (Prep: 3.106, Struc: 0.294, Fetch: 11.700) | Fwd: 8.470 | Bwd: 9.503 | Opt: 0.564 | GPU_Tot: 30.531
[Autotune] {"version": 1, "step": 830, "wall_seconds": 33.39532322800369, "seed_nodes": 3282068, "loss": 0.9829243659973145, "all_losses_finite": true}
[Step=0840] Wall=33.7116s | Loss=0.9770
[Profile] Avg ms/step | Load: 15.069 (Prep: 3.068, Struc: 0.294, Fetch: 11.707) | Fwd: 8.472 | Bwd: 9.505 | Opt: 0.564 | GPU_Tot: 30.542
[Autotune] {"version": 1, "step": 840, "wall_seconds": 33.711607175995596, "seed_nodes": 3323028, "loss": 0.9770485877990722, "all_losses_finite": true}
------------------------------------------------------------
Training Completed. Total Steps: 840 (Active: 800)
Avg Breakdown (ms): Load=15.069 [Prep:3.068, Struc:0.294, Fetch:11.707], Fwd=8.472, Bwd=9.505, Opt=0.564
------------------------------------------------------------
