2026-09-20T18:36:51+09:00
<compute-node>
PBS_JOBID=0:13270.nqsv worker=4 timeout=7200 budget=22500 walltime_hours=7
Limit                     Soft Limit           Hard Limit           Units     
Max cpu time              unlimited            unlimited            seconds   
Max file size             unlimited            unlimited            bytes     
Max data size             unlimited            unlimited            bytes     
Max stack size            unlimited            unlimited            bytes     
Max core file size        unlimited            unlimited            bytes     
Max resident set          unlimited            unlimited            bytes     
Max processes             509439               509439               processes 
Max open files            262144               262144               files     
Max locked memory         unlimited            unlimited            bytes     
Max address space         unlimited            unlimited            bytes     
Max file locks            unlimited            unlimited            locks     
Max pending signals       509439               509439               signals   
Max msgqueue size         819200               819200               bytes     
Max nice priority         0                    0                    
Max realtime priority     0                    0                    
Max realtime timeout      unlimited            unlimited            us        
Cpus_allowed_list:	0-47
MemTotal:       130536308 kB
MemAvailable:   126052972 kB
SwapTotal:      25165816 kB
SwapFree:       25165816 kB
Filesystem       1B-blocks  Used   Available Use% Mounted on
tmpfs          66834587648     0 66834587648   0% /dev/shm
/sys/fs/cgroup/system.slice/nqs-lchd.service/memory.max
123480309760
/sys/fs/cgroup/system.slice/nqs-lchd.service/memory.high
max
/sys/fs/cgroup/system.slice/nqs-lchd.service/memory.current
8423936000
/sys/fs/cgroup/system.slice/nqs-lchd.service/memory.events
low 0
high 0
max 0
oom 0
oom_kill 0
/sys/fs/cgroup/system.slice/nqs-lchd.service/memory.swap.max
0
/sys/fs/cgroup/system.slice/memory.max
max
/sys/fs/cgroup/system.slice/memory.high
max
/sys/fs/cgroup/system.slice/memory.current
9626263552
/sys/fs/cgroup/system.slice/memory.events
low 0
high 0
max 0
oom 0
oom_kill 0
/sys/fs/cgroup/system.slice/memory.swap.max
max
name, memory.total [MiB], memory.used [MiB]
NVIDIA H100 PCIe, 81559 MiB, 0 MiB
runner_exit=0
2026-09-20T21:31:54+09:00
<compute-node>
PBS_JOBID=0:13270.nqsv worker=4 timeout=7200 budget=22500 walltime_hours=7
Limit                     Soft Limit           Hard Limit           Units     
Max cpu time              unlimited            unlimited            seconds   
Max file size             unlimited            unlimited            bytes     
Max data size             unlimited            unlimited            bytes     
Max stack size            unlimited            unlimited            bytes     
Max core file size        unlimited            unlimited            bytes     
Max resident set          unlimited            unlimited            bytes     
Max processes             509439               509439               processes 
Max open files            262144               262144               files     
Max locked memory         unlimited            unlimited            bytes     
Max address space         unlimited            unlimited            bytes     
Max file locks            unlimited            unlimited            locks     
Max pending signals       509439               509439               signals   
Max msgqueue size         819200               819200               bytes     
Max nice priority         0                    0                    
Max realtime priority     0                    0                    
Max realtime timeout      unlimited            unlimited            us        
Cpus_allowed_list:	0-47
MemTotal:       130536308 kB
MemAvailable:   126510148 kB
SwapTotal:      25165816 kB
SwapFree:       25165816 kB
Filesystem       1B-blocks  Used   Available Use% Mounted on
tmpfs          66834587648     0 66834587648   0% /dev/shm
/sys/fs/cgroup/system.slice/nqs-lchd.service/memory.max
123480309760
/sys/fs/cgroup/system.slice/nqs-lchd.service/memory.high
max
/sys/fs/cgroup/system.slice/nqs-lchd.service/memory.current
1376833536
/sys/fs/cgroup/system.slice/nqs-lchd.service/memory.events
low 0
high 0
max 0
oom 0
oom_kill 0
/sys/fs/cgroup/system.slice/nqs-lchd.service/memory.swap.max
0
/sys/fs/cgroup/system.slice/memory.max
max
/sys/fs/cgroup/system.slice/memory.high
max
/sys/fs/cgroup/system.slice/memory.current
2583130112
/sys/fs/cgroup/system.slice/memory.events
low 0
high 0
max 0
oom 0
oom_kill 0
/sys/fs/cgroup/system.slice/memory.swap.max
max
name, memory.total [MiB], memory.used [MiB]
NVIDIA H100 PCIe, 81559 MiB, 0 MiB
