$REPO_ROOT/.venv/lib/python3.11/site-packages/outdated/__init__.py:36: UserWarning: pkg_resources is deprecated as an API. See https://setuptools.pypa.io/en/latest/pkg_resources.html. The pkg_resources package is slated for removal as early as 2025-11-30. Refrain from using this package or pin to Setuptools<81.
  from pkg_resources import parse_version
[ddp] Single-process mode: device=cuda
[Info] Running in Single-Process mode (CPU or Single GPU).
[Info] Device: cuda
[GraphCache] Caching disabled (0 nodes).
[Compile] {"enabled": true, "dynamic": true}
[GPU policy] {"version": 1, "optimizer": "torch.optim.AdamW", "epsilon_convention": "sqrt_bias_corrected_second_moment_plus_eps", "optimizer_defaults": {"lr": 0.003, "betas": [0.9, 0.999], "eps": 1e-06, "weight_decay": 0.0005, "amsgrad": false, "foreach": null, "maximize": false, "capturable": false, "differentiable": false, "fused": null}, "optimizer_groups": [{"parameters": ["_orig_mod.gnn.convs.0.lin_l.weight", "_orig_mod.gnn.convs.0.lin_r.weight", "_orig_mod.gnn.convs.1.lin_l.weight", "_orig_mod.gnn.convs.1.lin_r.weight", "_orig_mod.gnn.convs.2.lin_l.weight", "_orig_mod.gnn.convs.2.lin_r.weight", "_orig_mod.classifier.weight"], "weight_decay": 0.0005}, {"parameters": ["_orig_mod.gnn.convs.0.lin_l.bias", "_orig_mod.gnn.convs.1.lin_l.bias", "_orig_mod.gnn.convs.2.lin_l.bias", "_orig_mod.classifier.bias"], "weight_decay": 0.0}], "parameter_count": 4450351, "amp": {"implementation": "torch.amp.GradScaler", "enabled": true, "init_scale": 32768.0, "growth_interval": 2000, "growth_factor": 2.0, "backoff_factor": 0.5, "sdk_scale_clamps": false}}
[Step=0010] Wall=8.1153s | Loss=8.1377
[Profile] Avg ms/step | Load: 226.701 (Prep: 135.483, Struc: 1.341, Fetch: 89.878) | Fwd: 510.081 | Bwd: 68.000 | Opt: 4.319 | GPU_Tot: 673.617
[Autotune] {"version": 2, "step": 10, "wall_seconds": 8.11529682809487, "seed_nodes": 40960, "loss": 8.137677001953126, "all_losses_finite": true, "optimizer_steps": 9, "skipped_optimizer_steps": 1, "loss_scale": 16384.0}
[Step=0020] Wall=10.2178s | Loss=2.7834
[Profile] Avg ms/step | Load: 157.578 (Prep: 68.455, Struc: 1.315, Fetch: 87.808) | Fwd: 282.264 | Bwd: 67.208 | Opt: 2.530 | GPU_Tot: 441.126
[Autotune] {"version": 2, "step": 20, "wall_seconds": 10.217841356992722, "seed_nodes": 81920, "loss": 2.783436584472656, "all_losses_finite": true, "optimizer_steps": 19, "skipped_optimizer_steps": 1, "loss_scale": 16384.0}
[Step=0030] Wall=12.2065s | Loss=2.3638
[Profile] Avg ms/step | Load: 130.772 (Prep: 45.653, Struc: 1.307, Fetch: 83.811) | Fwd: 206.316 | Bwd: 66.943 | Opt: 1.922 | GPU_Tot: 360.299
[Autotune] {"version": 2, "step": 30, "wall_seconds": 12.206528156995773, "seed_nodes": 122880, "loss": 2.3637672424316407, "all_losses_finite": true, "optimizer_steps": 29, "skipped_optimizer_steps": 1, "loss_scale": 16384.0}
[Step=0040] Wall=14.2068s | Loss=1.9751
[Profile] Avg ms/step | Load: 0.000 (Prep: 0.000, Struc: 0.000, Fetch: 0.000) | Fwd: 0.000 | Bwd: 0.000 | Opt: 0.000 | GPU_Tot: 0.000
[Autotune] {"version": 2, "step": 40, "wall_seconds": 14.206762413028628, "seed_nodes": 163840, "loss": 1.9750965118408204, "all_losses_finite": true, "optimizer_steps": 39, "skipped_optimizer_steps": 1, "loss_scale": 16384.0}
[Step=0050] Wall=16.5819s | Loss=1.5123
[Profile] Avg ms/step | Load: 123.573 (Prep: 51.311, Struc: 1.193, Fetch: 71.069) | Fwd: 51.386 | Bwd: 61.643 | Opt: 0.727 | GPU_Tot: 186.019
[Autotune] {"version": 2, "step": 50, "wall_seconds": 16.581878961995244, "seed_nodes": 200711, "loss": 1.512321949005127, "all_losses_finite": true, "optimizer_steps": 49, "skipped_optimizer_steps": 1, "loss_scale": 16384.0}
[Step=0060] Wall=18.8287s | Loss=1.4412
[Profile] Avg ms/step | Load: 112.780 (Prep: 26.485, Struc: 1.243, Fetch: 85.052) | Fwd: 53.027 | Bwd: 64.353 | Opt: 0.753 | GPU_Tot: 204.428
[Autotune] {"version": 2, "step": 60, "wall_seconds": 18.82872759294696, "seed_nodes": 241671, "loss": 1.4412420272827149, "all_losses_finite": true, "optimizer_steps": 59, "skipped_optimizer_steps": 1, "loss_scale": 16384.0}
[Step=0070] Wall=20.9275s | Loss=1.2861
[Profile] Avg ms/step | Load: 104.554 (Prep: 18.117, Struc: 1.257, Fetch: 85.180) | Fwd: 53.476 | Bwd: 65.060 | Opt: 0.747 | GPU_Tot: 205.720
[Autotune] {"version": 2, "step": 70, "wall_seconds": 20.927461670944467, "seed_nodes": 282631, "loss": 1.286116600036621, "all_losses_finite": true, "optimizer_steps": 69, "skipped_optimizer_steps": 1, "loss_scale": 16384.0}
[Step=0080] Wall=22.9274s | Loss=1.1824
[Profile] Avg ms/step | Load: 97.699 (Prep: 13.599, Struc: 1.263, Fetch: 82.837) | Fwd: 53.800 | Bwd: 65.599 | Opt: 0.734 | GPU_Tot: 204.232
[Autotune] {"version": 2, "step": 80, "wall_seconds": 22.9273931060452, "seed_nodes": 323591, "loss": 1.1824300765991211, "all_losses_finite": true, "optimizer_steps": 79, "skipped_optimizer_steps": 1, "loss_scale": 16384.0}
[Step=0090] Wall=24.9281s | Loss=1.1044
[Profile] Avg ms/step | Load: 93.522 (Prep: 10.891, Struc: 1.268, Fetch: 81.363) | Fwd: 53.997 | Bwd: 65.998 | Opt: 0.726 | GPU_Tot: 203.352
[Autotune] {"version": 2, "step": 90, "wall_seconds": 24.928078537108377, "seed_nodes": 364551, "loss": 1.104372501373291, "all_losses_finite": true, "optimizer_steps": 89, "skipped_optimizer_steps": 1, "loss_scale": 16384.0}
[Step=0100] Wall=27.2901s | Loss=1.0870
[Profile] Avg ms/step | Load: 98.846 (Prep: 17.053, Struc: 1.252, Fetch: 80.540) | Fwd: 53.217 | Bwd: 65.083 | Opt: 0.727 | GPU_Tot: 200.820
[Autotune] {"version": 2, "step": 100, "wall_seconds": 27.290090824943036, "seed_nodes": 401422, "loss": 1.087047004699707, "all_losses_finite": true, "optimizer_steps": 99, "skipped_optimizer_steps": 1, "loss_scale": 16384.0}
[Step=0110] Wall=29.4341s | Loss=1.0119
[Profile] Avg ms/step | Load: 97.920 (Prep: 14.676, Struc: 1.257, Fetch: 81.987) | Fwd: 53.396 | Bwd: 65.300 | Opt: 0.733 | GPU_Tot: 202.673
[Autotune] {"version": 2, "step": 110, "wall_seconds": 29.43413262302056, "seed_nodes": 442382, "loss": 1.0118562698364257, "all_losses_finite": true, "optimizer_steps": 109, "skipped_optimizer_steps": 1, "loss_scale": 16384.0}
[Step=0120] Wall=31.5103s | Loss=0.9490
[Profile] Avg ms/step | Load: 96.432 (Prep: 13.005, Struc: 1.262, Fetch: 82.166) | Fwd: 53.512 | Bwd: 65.431 | Opt: 0.733 | GPU_Tot: 203.104
[Autotune] {"version": 2, "step": 120, "wall_seconds": 31.510305046103895, "seed_nodes": 483342, "loss": 0.9489614486694335, "all_losses_finite": true, "optimizer_steps": 119, "skipped_optimizer_steps": 1, "loss_scale": 16384.0}
[Step=0130] Wall=33.5113s | Loss=0.8956
[Profile] Avg ms/step | Load: 94.406 (Prep: 11.565, Struc: 1.265, Fetch: 81.576) | Fwd: 53.638 | Bwd: 65.537 | Opt: 0.730 | GPU_Tot: 202.746
[Autotune] {"version": 2, "step": 130, "wall_seconds": 33.5113299631048, "seed_nodes": 524302, "loss": 0.8955555915832519, "all_losses_finite": true, "optimizer_steps": 129, "skipped_optimizer_steps": 1, "loss_scale": 16384.0}
[Step=0140] Wall=35.5474s | Loss=0.8653
[Profile] Avg ms/step | Load: 93.026 (Prep: 10.415, Struc: 1.267, Fetch: 81.344) | Fwd: 53.752 | Bwd: 65.719 | Opt: 0.725 | GPU_Tot: 202.807
[Autotune] {"version": 2, "step": 140, "wall_seconds": 35.54737475514412, "seed_nodes": 565262, "loss": 0.865301513671875, "all_losses_finite": true, "optimizer_steps": 139, "skipped_optimizer_steps": 1, "loss_scale": 16384.0}
[Step=0150] Wall=37.9174s | Loss=0.9706
[Profile] Avg ms/step | Load: 96.015 (Prep: 13.795, Struc: 1.259, Fetch: 80.962) | Fwd: 53.364 | Bwd: 65.263 | Opt: 0.726 | GPU_Tot: 201.573
[Autotune] {"version": 2, "step": 150, "wall_seconds": 37.91740257409401, "seed_nodes": 602133, "loss": 0.9705592155456543, "all_losses_finite": true, "optimizer_steps": 149, "skipped_optimizer_steps": 1, "loss_scale": 16384.0}
[Step=0160] Wall=40.0911s | Loss=0.8755
[Profile] Avg ms/step | Load: 95.944 (Prep: 12.680, Struc: 1.261, Fetch: 82.003) | Fwd: 53.465 | Bwd: 65.380 | Opt: 0.729 | GPU_Tot: 202.838
[Autotune] {"version": 2, "step": 160, "wall_seconds": 40.09114265907556, "seed_nodes": 643093, "loss": 0.8755245208740234, "all_losses_finite": true, "optimizer_steps": 159, "skipped_optimizer_steps": 1, "loss_scale": 16384.0}
[Step=0170] Wall=42.1899s | Loss=0.8286
[Profile] Avg ms/step | Load: 95.391 (Prep: 11.800, Struc: 1.263, Fetch: 82.328) | Fwd: 53.530 | Bwd: 65.420 | Opt: 0.729 | GPU_Tot: 203.271
[Autotune] {"version": 2, "step": 170, "wall_seconds": 42.1898776430171, "seed_nodes": 684053, "loss": 0.8286253929138183, "all_losses_finite": true, "optimizer_steps": 169, "skipped_optimizer_steps": 1, "loss_scale": 16384.0}
[Step=0180] Wall=44.1903s | Loss=0.7769
[Profile] Avg ms/step | Load: 94.223 (Prep: 10.961, Struc: 1.264, Fetch: 81.998) | Fwd: 53.589 | Bwd: 65.446 | Opt: 0.727 | GPU_Tot: 203.024
[Autotune] {"version": 2, "step": 180, "wall_seconds": 44.19031362095848, "seed_nodes": 725013, "loss": 0.7769400596618652, "all_losses_finite": true, "optimizer_steps": 179, "skipped_optimizer_steps": 1, "loss_scale": 16384.0}
[Step=0190] Wall=46.1904s | Loss=0.7498
[Profile] Avg ms/step | Load: 93.209 (Prep: 10.234, Struc: 1.265, Fetch: 81.710) | Fwd: 53.639 | Bwd: 65.468 | Opt: 0.725 | GPU_Tot: 202.807
[Autotune] {"version": 2, "step": 190, "wall_seconds": 46.19044454302639, "seed_nodes": 765973, "loss": 0.7497974395751953, "all_losses_finite": true, "optimizer_steps": 189, "skipped_optimizer_steps": 1, "loss_scale": 16384.0}
[Step=0200] Wall=48.6228s | Loss=0.9224
[Profile] Avg ms/step | Load: 95.696 (Prep: 12.674, Struc: 1.260, Fetch: 81.763) | Fwd: 53.361 | Bwd: 65.134 | Opt: 0.725 | GPU_Tot: 202.243
[Autotune] {"version": 2, "step": 200, "wall_seconds": 48.62284200405702, "seed_nodes": 802844, "loss": 0.922373104095459, "all_losses_finite": true, "optimizer_steps": 199, "skipped_optimizer_steps": 1, "loss_scale": 16384.0}
[Step=0210] Wall=50.8333s | Loss=0.8739
[Profile] Avg ms/step | Load: 95.834 (Prep: 11.953, Struc: 1.261, Fetch: 82.620) | Fwd: 53.447 | Bwd: 65.257 | Opt: 0.728 | GPU_Tot: 203.313
[Autotune] {"version": 2, "step": 210, "wall_seconds": 50.8332907310687, "seed_nodes": 843804, "loss": 0.8739448547363281, "all_losses_finite": true, "optimizer_steps": 209, "skipped_optimizer_steps": 1, "loss_scale": 16384.0}
[Step=0220] Wall=52.9303s | Loss=0.7991
[Profile] Avg ms/step | Load: 95.341 (Prep: 11.349, Struc: 1.262, Fetch: 82.730) | Fwd: 53.513 | Bwd: 65.365 | Opt: 0.729 | GPU_Tot: 203.598
[Autotune] {"version": 2, "step": 220, "wall_seconds": 52.93028775602579, "seed_nodes": 884764, "loss": 0.7991450309753418, "all_losses_finite": true, "optimizer_steps": 219, "skipped_optimizer_steps": 1, "loss_scale": 16384.0}
[Step=0230] Wall=54.9320s | Loss=0.7492
[Profile] Avg ms/step | Load: 94.481 (Prep: 10.754, Struc: 1.263, Fetch: 82.464) | Fwd: 53.558 | Bwd: 65.394 | Opt: 0.727 | GPU_Tot: 203.406
[Autotune] {"version": 2, "step": 230, "wall_seconds": 54.9320186979603, "seed_nodes": 925724, "loss": 0.7492077827453614, "all_losses_finite": true, "optimizer_steps": 229, "skipped_optimizer_steps": 1, "loss_scale": 16384.0}
[Step=0240] Wall=56.9398s | Loss=0.7225
[Profile] Avg ms/step | Load: 93.713 (Prep: 10.220, Struc: 1.265, Fetch: 82.227) | Fwd: 53.599 | Bwd: 65.444 | Opt: 0.726 | GPU_Tot: 203.262
[Autotune] {"version": 2, "step": 240, "wall_seconds": 56.93980101402849, "seed_nodes": 966684, "loss": 0.7225326538085938, "all_losses_finite": true, "optimizer_steps": 239, "skipped_optimizer_steps": 1, "loss_scale": 16384.0}
[Step=0250] Wall=59.4711s | Loss=0.7114
[Profile] Avg ms/step | Load: 96.047 (Prep: 12.514, Struc: 1.261, Fetch: 82.272) | Fwd: 53.391 | Bwd: 65.195 | Opt: 0.727 | GPU_Tot: 202.847
[Autotune] {"version": 2, "step": 250, "wall_seconds": 59.471104393014684, "seed_nodes": 1003555, "loss": 0.7113997459411621, "all_losses_finite": true, "optimizer_steps": 249, "skipped_optimizer_steps": 1, "loss_scale": 16384.0}
[Step=0260] Wall=61.6527s | Loss=0.7297
[Profile] Avg ms/step | Load: 96.021 (Prep: 11.964, Struc: 1.262, Fetch: 82.795) | Fwd: 53.445 | Bwd: 65.284 | Opt: 0.730 | GPU_Tot: 203.515
[Autotune] {"version": 2, "step": 260, "wall_seconds": 61.65269504999742, "seed_nodes": 1044515, "loss": 0.7296951293945313, "all_losses_finite": true, "optimizer_steps": 259, "skipped_optimizer_steps": 1, "loss_scale": 16384.0}
[Step=0270] Wall=63.7220s | Loss=0.7006
[Profile] Avg ms/step | Load: 95.532 (Prep: 11.491, Struc: 1.263, Fetch: 82.778) | Fwd: 53.484 | Bwd: 65.354 | Opt: 0.729 | GPU_Tot: 203.608
[Autotune] {"version": 2, "step": 270, "wall_seconds": 63.72204587305896, "seed_nodes": 1085475, "loss": 0.700559425354004, "all_losses_finite": true, "optimizer_steps": 269, "skipped_optimizer_steps": 1, "loss_scale": 16384.0}
[Step=0280] Wall=65.7300s | Loss=0.6787
[Profile] Avg ms/step | Load: 94.834 (Prep: 11.015, Struc: 1.264, Fetch: 82.555) | Fwd: 53.522 | Bwd: 65.412 | Opt: 0.728 | GPU_Tot: 203.481
[Autotune] {"version": 2, "step": 280, "wall_seconds": 65.73002734407783, "seed_nodes": 1126435, "loss": 0.6787132263183594, "all_losses_finite": true, "optimizer_steps": 279, "skipped_optimizer_steps": 1, "loss_scale": 16384.0}
[Step=0290] Wall=67.7485s | Loss=0.6606
[Profile] Avg ms/step | Load: 94.225 (Prep: 10.577, Struc: 1.265, Fetch: 82.383) | Fwd: 53.560 | Bwd: 65.470 | Opt: 0.727 | GPU_Tot: 203.406
[Autotune] {"version": 2, "step": 290, "wall_seconds": 67.74846622813493, "seed_nodes": 1167395, "loss": 0.6605592727661133, "all_losses_finite": true, "optimizer_steps": 289, "skipped_optimizer_steps": 1, "loss_scale": 16384.0}
[Step=0300] Wall=70.3196s | Loss=0.6816
[Profile] Avg ms/step | Load: 96.245 (Prep: 12.506, Struc: 1.262, Fetch: 82.477) | Fwd: 53.390 | Bwd: 65.271 | Opt: 0.728 | GPU_Tot: 203.128
[Autotune] {"version": 2, "step": 300, "wall_seconds": 70.31956236902624, "seed_nodes": 1204266, "loss": 0.6816344261169434, "all_losses_finite": true, "optimizer_steps": 299, "skipped_optimizer_steps": 1, "loss_scale": 16384.0}
[Step=0310] Wall=72.5349s | Loss=0.7022
[Profile] Avg ms/step | Load: 96.353 (Prep: 12.058, Struc: 1.263, Fetch: 83.033) | Fwd: 53.432 | Bwd: 65.331 | Opt: 0.730 | GPU_Tot: 203.788
[Autotune] {"version": 2, "step": 310, "wall_seconds": 72.53486256604083, "seed_nodes": 1245226, "loss": 0.7021875858306885, "all_losses_finite": true, "optimizer_steps": 309, "skipped_optimizer_steps": 1, "loss_scale": 16384.0}
[Step=0320] Wall=74.5703s | Loss=0.6484
[Profile] Avg ms/step | Load: 95.829 (Prep: 11.665, Struc: 1.263, Fetch: 82.900) | Fwd: 53.468 | Bwd: 65.374 | Opt: 0.729 | GPU_Tot: 203.734
[Autotune] {"version": 2, "step": 320, "wall_seconds": 74.57027546898462, "seed_nodes": 1286186, "loss": 0.6484321594238281, "all_losses_finite": true, "optimizer_steps": 319, "skipped_optimizer_steps": 1, "loss_scale": 16384.0}
[Step=0330] Wall=76.5734s | Loss=0.6413
[Profile] Avg ms/step | Load: 95.250 (Prep: 11.265, Struc: 1.264, Fetch: 82.721) | Fwd: 53.496 | Bwd: 65.400 | Opt: 0.728 | GPU_Tot: 203.609
[Autotune] {"version": 2, "step": 330, "wall_seconds": 76.57344942493364, "seed_nodes": 1327146, "loss": 0.64132661819458, "all_losses_finite": true, "optimizer_steps": 329, "skipped_optimizer_steps": 1, "loss_scale": 16384.0}
[Step=0340] Wall=78.5905s | Loss=0.6427
[Profile] Avg ms/step | Load: 94.729 (Prep: 10.891, Struc: 1.265, Fetch: 82.573) | Fwd: 53.527 | Bwd: 65.445 | Opt: 0.727 | GPU_Tot: 203.537
[Autotune] {"version": 2, "step": 340, "wall_seconds": 78.59052668814547, "seed_nodes": 1368106, "loss": 0.6426548480987548, "all_losses_finite": true, "optimizer_steps": 339, "skipped_optimizer_steps": 1, "loss_scale": 16384.0}
[Step=0350] Wall=81.2767s | Loss=0.6345
[Profile] Avg ms/step | Load: 96.790 (Prep: 12.857, Struc: 1.262, Fetch: 82.670) | Fwd: 53.380 | Bwd: 65.270 | Opt: 0.730 | GPU_Tot: 203.313
[Autotune] {"version": 2, "step": 350, "wall_seconds": 81.27667972096242, "seed_nodes": 1404977, "loss": 0.6345014095306396, "all_losses_finite": true, "optimizer_steps": 349, "skipped_optimizer_steps": 1, "loss_scale": 16384.0}
[Step=0360] Wall=83.4735s | Loss=0.6543
[Profile] Avg ms/step | Load: 96.811 (Prep: 12.497, Struc: 1.263, Fetch: 83.051) | Fwd: 53.414 | Bwd: 65.317 | Opt: 0.732 | GPU_Tot: 203.777
[Autotune] {"version": 2, "step": 360, "wall_seconds": 83.47351569007151, "seed_nodes": 1445937, "loss": 0.6542754650115967, "all_losses_finite": true, "optimizer_steps": 359, "skipped_optimizer_steps": 1, "loss_scale": 16384.0}
[Step=0370] Wall=85.4785s | Loss=0.6495
[Profile] Avg ms/step | Load: 96.264 (Prep: 12.120, Struc: 1.263, Fetch: 82.881) | Fwd: 53.441 | Bwd: 65.354 | Opt: 0.731 | GPU_Tot: 203.671
[Autotune] {"version": 2, "step": 370, "wall_seconds": 85.47846183506772, "seed_nodes": 1486897, "loss": 0.6495213508605957, "all_losses_finite": true, "optimizer_steps": 369, "skipped_optimizer_steps": 1, "loss_scale": 16384.0}
[Step=0380] Wall=87.4908s | Loss=0.6317
[Profile] Avg ms/step | Load: 95.751 (Prep: 11.765, Struc: 1.264, Fetch: 82.722) | Fwd: 53.474 | Bwd: 65.403 | Opt: 0.730 | GPU_Tot: 203.592
[Autotune] {"version": 2, "step": 380, "wall_seconds": 87.4908176350873, "seed_nodes": 1527857, "loss": 0.6316790580749512, "all_losses_finite": true, "optimizer_steps": 379, "skipped_optimizer_steps": 1, "loss_scale": 16384.0}
[Step=0390] Wall=89.4974s | Loss=0.6119
[Profile] Avg ms/step | Load: 95.269 (Prep: 11.431, Struc: 1.264, Fetch: 82.573) | Fwd: 53.502 | Bwd: 65.433 | Opt: 0.729 | GPU_Tot: 203.501
[Autotune] {"version": 2, "step": 390, "wall_seconds": 89.49742828914896, "seed_nodes": 1568817, "loss": 0.6118549346923828, "all_losses_finite": true, "optimizer_steps": 389, "skipped_optimizer_steps": 1, "loss_scale": 16384.0}
[Step=0400] Wall=92.2478s | Loss=0.5912
[Profile] Avg ms/step | Load: 97.171 (Prep: 13.219, Struc: 1.262, Fetch: 82.690) | Fwd: 53.389 | Bwd: 65.308 | Opt: 0.730 | GPU_Tot: 203.378
[Autotune] {"version": 2, "step": 400, "wall_seconds": 92.24782717810012, "seed_nodes": 1605688, "loss": 0.5911978721618653, "all_losses_finite": true, "optimizer_steps": 399, "skipped_optimizer_steps": 1, "loss_scale": 16384.0}
[Step=0410] Wall=94.4377s | Loss=0.6260
[Profile] Avg ms/step | Load: 97.133 (Prep: 12.901, Struc: 1.263, Fetch: 82.969) | Fwd: 53.422 | Bwd: 65.370 | Opt: 0.731 | GPU_Tot: 203.755
[Autotune] {"version": 2, "step": 410, "wall_seconds": 94.43768290104344, "seed_nodes": 1646648, "loss": 0.6259819507598877, "all_losses_finite": true, "optimizer_steps": 409, "skipped_optimizer_steps": 1, "loss_scale": 16384.0}
[Step=0420] Wall=96.4694s | Loss=0.6015
[Profile] Avg ms/step | Load: 96.701 (Prep: 12.563, Struc: 1.264, Fetch: 82.875) | Fwd: 53.454 | Bwd: 65.411 | Opt: 0.731 | GPU_Tot: 203.734
[Autotune] {"version": 2, "step": 420, "wall_seconds": 96.4693733539898, "seed_nodes": 1687608, "loss": 0.6014742374420166, "all_losses_finite": true, "optimizer_steps": 419, "skipped_optimizer_steps": 1, "loss_scale": 16384.0}
[Step=0430] Wall=98.4958s | Loss=0.6184
[Profile] Avg ms/step | Load: 96.287 (Prep: 12.242, Struc: 1.265, Fetch: 82.781) | Fwd: 53.479 | Bwd: 65.445 | Opt: 0.730 | GPU_Tot: 203.700
[Autotune] {"version": 2, "step": 430, "wall_seconds": 98.49583545001224, "seed_nodes": 1728568, "loss": 0.6184092044830323, "all_losses_finite": true, "optimizer_steps": 429, "skipped_optimizer_steps": 1, "loss_scale": 16384.0}
[Step=0440] Wall=100.5268s | Loss=0.6050
[Profile] Avg ms/step | Load: 95.894 (Prep: 11.938, Struc: 1.265, Fetch: 82.691) | Fwd: 53.505 | Bwd: 65.488 | Opt: 0.729 | GPU_Tot: 203.679
[Autotune] {"version": 2, "step": 440, "wall_seconds": 100.52682441403158, "seed_nodes": 1769528, "loss": 0.6050398826599122, "all_losses_finite": true, "optimizer_steps": 439, "skipped_optimizer_steps": 1, "loss_scale": 16384.0}
[Step=0450] Wall=103.1869s | Loss=0.7129
[Profile] Avg ms/step | Load: 97.345 (Prep: 13.278, Struc: 1.263, Fetch: 82.804) | Fwd: 53.400 | Bwd: 65.365 | Opt: 0.731 | GPU_Tot: 203.563
[Autotune] {"version": 2, "step": 450, "wall_seconds": 103.18687063804828, "seed_nodes": 1806399, "loss": 0.7128913879394532, "all_losses_finite": true, "optimizer_steps": 449, "skipped_optimizer_steps": 1, "loss_scale": 16384.0}
[Step=0460] Wall=105.3694s | Loss=0.6758
[Profile] Avg ms/step | Load: 97.304 (Prep: 12.995, Struc: 1.264, Fetch: 83.045) | Fwd: 53.430 | Bwd: 65.405 | Opt: 0.731 | GPU_Tot: 203.874
[Autotune] {"version": 2, "step": 460, "wall_seconds": 105.3694099879358, "seed_nodes": 1847359, "loss": 0.6757852554321289, "all_losses_finite": true, "optimizer_steps": 459, "skipped_optimizer_steps": 1, "loss_scale": 16384.0}
[Step=0470] Wall=107.3904s | Loss=0.6614
[Profile] Avg ms/step | Load: 96.894 (Prep: 12.694, Struc: 1.264, Fetch: 82.935) | Fwd: 53.455 | Bwd: 65.443 | Opt: 0.730 | GPU_Tot: 203.828
[Autotune] {"version": 2, "step": 470, "wall_seconds": 107.39037441113032, "seed_nodes": 1888319, "loss": 0.6613526344299316, "all_losses_finite": true, "optimizer_steps": 469, "skipped_optimizer_steps": 1, "loss_scale": 16384.0}
[Step=0480] Wall=109.4112s | Loss=0.6107
[Profile] Avg ms/step | Load: 96.505 (Prep: 12.407, Struc: 1.264, Fetch: 82.833) | Fwd: 53.480 | Bwd: 65.477 | Opt: 0.729 | GPU_Tot: 203.783
[Autotune] {"version": 2, "step": 480, "wall_seconds": 109.41118245897815, "seed_nodes": 1929279, "loss": 0.6107324600219727, "all_losses_finite": true, "optimizer_steps": 479, "skipped_optimizer_steps": 1, "loss_scale": 16384.0}
[Step=0490] Wall=111.2351s | Loss=0.5914
[Profile] Avg ms/step | Load: 95.954 (Prep: 12.133, Struc: 1.262, Fetch: 82.559) | Fwd: 53.386 | Bwd: 65.366 | Opt: 0.729 | GPU_Tot: 203.302
[Autotune] {"version": 2, "step": 490, "wall_seconds": 111.2350666669663, "seed_nodes": 1966150, "loss": 0.5913569927215576, "all_losses_finite": true, "optimizer_steps": 489, "skipped_optimizer_steps": 1, "loss_scale": 16384.0}
[Step=0500] Wall=114.1697s | Loss=0.6295
[Profile] Avg ms/step | Load: 97.582 (Prep: 13.448, Struc: 1.263, Fetch: 82.870) | Fwd: 53.413 | Bwd: 65.403 | Opt: 0.730 | GPU_Tot: 203.679
[Autotune] {"version": 2, "step": 500, "wall_seconds": 114.16969178710133, "seed_nodes": 2007110, "loss": 0.6294761657714844, "all_losses_finite": true, "optimizer_steps": 499, "skipped_optimizer_steps": 1, "loss_scale": 16384.0}
[Step=0510] Wall=116.3449s | Loss=0.6256
[Profile] Avg ms/step | Load: 97.523 (Prep: 13.189, Struc: 1.264, Fetch: 83.071) | Fwd: 53.439 | Bwd: 65.439 | Opt: 0.730 | GPU_Tot: 203.943
[Autotune] {"version": 2, "step": 510, "wall_seconds": 116.3448512069881, "seed_nodes": 2048070, "loss": 0.6255825996398926, "all_losses_finite": true, "optimizer_steps": 509, "skipped_optimizer_steps": 1, "loss_scale": 16384.0}
[Step=0520] Wall=118.3627s | Loss=0.6151
[Profile] Avg ms/step | Load: 97.146 (Prep: 12.915, Struc: 1.264, Fetch: 82.967) | Fwd: 53.463 | Bwd: 65.470 | Opt: 0.729 | GPU_Tot: 203.893
[Autotune] {"version": 2, "step": 520, "wall_seconds": 118.36271295510232, "seed_nodes": 2089030, "loss": 0.6150572299957275, "all_losses_finite": true, "optimizer_steps": 519, "skipped_optimizer_steps": 1, "loss_scale": 16384.0}
[Step=0530] Wall=120.3776s | Loss=0.5969
[Profile] Avg ms/step | Load: 96.784 (Prep: 12.653, Struc: 1.264, Fetch: 82.867) | Fwd: 53.484 | Bwd: 65.496 | Opt: 0.729 | GPU_Tot: 203.840
[Autotune] {"version": 2, "step": 530, "wall_seconds": 120.37763462006114, "seed_nodes": 2129990, "loss": 0.5969409465789794, "all_losses_finite": true, "optimizer_steps": 529, "skipped_optimizer_steps": 1, "loss_scale": 16384.0}
[Step=0540] Wall=122.8737s | Loss=0.6675
[Profile] Avg ms/step | Load: 97.633 (Prep: 13.691, Struc: 1.263, Fetch: 82.679) | Fwd: 53.397 | Bwd: 65.392 | Opt: 0.729 | GPU_Tot: 203.460
[Autotune] {"version": 2, "step": 540, "wall_seconds": 122.87372851092368, "seed_nodes": 2166861, "loss": 0.6674856662750244, "all_losses_finite": true, "optimizer_steps": 539, "skipped_optimizer_steps": 1, "loss_scale": 16384.0}
[Step=0550] Wall=125.1029s | Loss=0.7468
[Profile] Avg ms/step | Load: 97.669 (Prep: 13.430, Struc: 1.263, Fetch: 82.976) | Fwd: 53.423 | Bwd: 65.438 | Opt: 0.730 | GPU_Tot: 203.830
[Autotune] {"version": 2, "step": 550, "wall_seconds": 125.10293024103157, "seed_nodes": 2207821, "loss": 0.7467884540557861, "all_losses_finite": true, "optimizer_steps": 549, "skipped_optimizer_steps": 1, "loss_scale": 16384.0}
[Step=0560] Wall=127.2524s | Loss=0.6666
[Profile] Avg ms/step | Load: 97.567 (Prep: 13.195, Struc: 1.263, Fetch: 83.109) | Fwd: 53.445 | Bwd: 65.469 | Opt: 0.730 | GPU_Tot: 204.017
[Autotune] {"version": 2, "step": 560, "wall_seconds": 127.25237004901282, "seed_nodes": 2248781, "loss": 0.6665642261505127, "all_losses_finite": true, "optimizer_steps": 559, "skipped_optimizer_steps": 1, "loss_scale": 16384.0}
[Step=0570] Wall=129.2782s | Loss=0.6260
[Profile] Avg ms/step | Load: 97.240 (Prep: 12.947, Struc: 1.264, Fetch: 83.029) | Fwd: 53.465 | Bwd: 65.498 | Opt: 0.730 | GPU_Tot: 203.985
[Autotune] {"version": 2, "step": 570, "wall_seconds": 129.27815415896475, "seed_nodes": 2289741, "loss": 0.6259651184082031, "all_losses_finite": true, "optimizer_steps": 569, "skipped_optimizer_steps": 1, "loss_scale": 16384.0}
[Step=0580] Wall=131.3102s | Loss=0.6155
[Profile] Avg ms/step | Load: 96.925 (Prep: 12.709, Struc: 1.264, Fetch: 82.953) | Fwd: 53.487 | Bwd: 65.533 | Opt: 0.729 | GPU_Tot: 203.966
[Autotune] {"version": 2, "step": 580, "wall_seconds": 131.31021331204101, "seed_nodes": 2330701, "loss": 0.6155202388763428, "all_losses_finite": true, "optimizer_steps": 579, "skipped_optimizer_steps": 1, "loss_scale": 16384.0}
[Step=0590] Wall=133.8339s | Loss=0.6155
[Profile] Avg ms/step | Load: 97.728 (Prep: 13.617, Struc: 1.263, Fetch: 82.849) | Fwd: 53.414 | Bwd: 65.449 | Opt: 0.729 | GPU_Tot: 203.704
[Autotune] {"version": 2, "step": 590, "wall_seconds": 133.83389001106843, "seed_nodes": 2367572, "loss": 0.6154523372650147, "all_losses_finite": true, "optimizer_steps": 589, "skipped_optimizer_steps": 1, "loss_scale": 16384.0}
[Step=0600] Wall=136.0640s | Loss=0.6308
[Profile] Avg ms/step | Load: 97.756 (Prep: 13.381, Struc: 1.263, Fetch: 83.113) | Fwd: 53.438 | Bwd: 65.494 | Opt: 0.730 | GPU_Tot: 204.038
[Autotune] {"version": 2, "step": 600, "wall_seconds": 136.06400592904538, "seed_nodes": 2408532, "loss": 0.6307774543762207, "all_losses_finite": true, "optimizer_steps": 599, "skipped_optimizer_steps": 1, "loss_scale": 16384.0}
[Step=0610] Wall=138.2066s | Loss=0.6045
[Profile] Avg ms/step | Load: 97.637 (Prep: 13.169, Struc: 1.264, Fetch: 83.205) | Fwd: 53.459 | Bwd: 65.533 | Opt: 0.730 | GPU_Tot: 204.191
[Autotune] {"version": 2, "step": 610, "wall_seconds": 138.20655876211822, "seed_nodes": 2449492, "loss": 0.6044939994812012, "all_losses_finite": true, "optimizer_steps": 609, "skipped_optimizer_steps": 1, "loss_scale": 16384.0}
[Step=0620] Wall=140.2434s | Loss=0.6142
[Profile] Avg ms/step | Load: 97.345 (Prep: 12.943, Struc: 1.264, Fetch: 83.139) | Fwd: 53.481 | Bwd: 65.564 | Opt: 0.730 | GPU_Tot: 204.179
[Autotune] {"version": 2, "step": 620, "wall_seconds": 140.24337355303578, "seed_nodes": 2490452, "loss": 0.6141900539398193, "all_losses_finite": true, "optimizer_steps": 619, "skipped_optimizer_steps": 1, "loss_scale": 16384.0}
[Step=0630] Wall=142.2710s | Loss=0.5895
[Profile] Avg ms/step | Load: 97.055 (Prep: 12.724, Struc: 1.264, Fetch: 83.066) | Fwd: 53.500 | Bwd: 65.590 | Opt: 0.730 | GPU_Tot: 204.151
[Autotune] {"version": 2, "step": 630, "wall_seconds": 142.2710415290203, "seed_nodes": 2531412, "loss": 0.5895243644714355, "all_losses_finite": true, "optimizer_steps": 629, "skipped_optimizer_steps": 1, "loss_scale": 16384.0}
[Step=0640] Wall=144.6487s | Loss=0.6850
[Profile] Avg ms/step | Load: 97.550 (Prep: 13.297, Struc: 1.263, Fetch: 82.990) | Fwd: 53.430 | Bwd: 65.510 | Opt: 0.730 | GPU_Tot: 203.923
[Autotune] {"version": 2, "step": 640, "wall_seconds": 144.64865359803662, "seed_nodes": 2568283, "loss": 0.6850300312042237, "all_losses_finite": true, "optimizer_steps": 639, "skipped_optimizer_steps": 1, "loss_scale": 16384.0}
[Step=0650] Wall=146.8633s | Loss=0.7026
[Profile] Avg ms/step | Load: 97.547 (Prep: 13.086, Struc: 1.263, Fetch: 83.198) | Fwd: 53.455 | Bwd: 65.553 | Opt: 0.731 | GPU_Tot: 204.200
[Autotune] {"version": 2, "step": 650, "wall_seconds": 146.86330862203613, "seed_nodes": 2609243, "loss": 0.702610969543457, "all_losses_finite": true, "optimizer_steps": 649, "skipped_optimizer_steps": 1, "loss_scale": 16384.0}
[Step=0660] Wall=148.9876s | Loss=0.6408
[Profile] Avg ms/step | Load: 97.416 (Prep: 12.896, Struc: 1.264, Fetch: 83.257) | Fwd: 53.474 | Bwd: 65.584 | Opt: 0.731 | GPU_Tot: 204.310
[Autotune] {"version": 2, "step": 660, "wall_seconds": 148.98763987212442, "seed_nodes": 2650203, "loss": 0.6407664299011231, "all_losses_finite": true, "optimizer_steps": 659, "skipped_optimizer_steps": 1, "loss_scale": 16384.0}
[Step=0670] Wall=151.0120s | Loss=0.6104
[Profile] Avg ms/step | Load: 97.140 (Prep: 12.692, Struc: 1.264, Fetch: 83.184) | Fwd: 53.490 | Bwd: 65.607 | Opt: 0.730 | GPU_Tot: 204.276
[Autotune] {"version": 2, "step": 670, "wall_seconds": 151.0120376420673, "seed_nodes": 2691163, "loss": 0.6103773593902588, "all_losses_finite": true, "optimizer_steps": 669, "skipped_optimizer_steps": 1, "loss_scale": 16384.0}
[Step=0680] Wall=153.0432s | Loss=0.5964
[Profile] Avg ms/step | Load: 96.875 (Prep: 12.494, Struc: 1.264, Fetch: 83.117) | Fwd: 53.509 | Bwd: 65.635 | Opt: 0.730 | GPU_Tot: 204.255
[Autotune] {"version": 2, "step": 680, "wall_seconds": 153.04323376296088, "seed_nodes": 2732123, "loss": 0.5963635444641113, "all_losses_finite": true, "optimizer_steps": 679, "skipped_optimizer_steps": 1, "loss_scale": 16384.0}
[Step=0690] Wall=155.6739s | Loss=0.5963
[Profile] Avg ms/step | Load: 97.729 (Prep: 13.386, Struc: 1.263, Fetch: 83.080) | Fwd: 53.444 | Bwd: 65.556 | Opt: 0.730 | GPU_Tot: 204.073
[Autotune] {"version": 2, "step": 690, "wall_seconds": 155.67393972701393, "seed_nodes": 2768994, "loss": 0.5963230609893799, "all_losses_finite": true, "optimizer_steps": 689, "skipped_optimizer_steps": 1, "loss_scale": 16384.0}
[Step=0700] Wall=157.8976s | Loss=0.6243
[Profile] Avg ms/step | Load: 97.749 (Prep: 13.189, Struc: 1.264, Fetch: 83.297) | Fwd: 53.464 | Bwd: 65.586 | Opt: 0.731 | GPU_Tot: 204.341
[Autotune] {"version": 2, "step": 700, "wall_seconds": 157.89759610104375, "seed_nodes": 2809954, "loss": 0.6242627143859864, "all_losses_finite": true, "optimizer_steps": 699, "skipped_optimizer_steps": 1, "loss_scale": 16384.0}
[Step=0710] Wall=159.9935s | Loss=0.6084
[Profile] Avg ms/step | Load: 97.585 (Prep: 13.010, Struc: 1.264, Fetch: 83.310) | Fwd: 53.481 | Bwd: 65.613 | Opt: 0.730 | GPU_Tot: 204.398
[Autotune] {"version": 2, "step": 710, "wall_seconds": 159.99354038806632, "seed_nodes": 2850914, "loss": 0.6083937168121338, "all_losses_finite": true, "optimizer_steps": 709, "skipped_optimizer_steps": 1, "loss_scale": 16384.0}
[Step=0720] Wall=162.0190s | Loss=0.5922
[Profile] Avg ms/step | Load: 97.325 (Prep: 12.820, Struc: 1.265, Fetch: 83.241) | Fwd: 53.496 | Bwd: 65.636 | Opt: 0.730 | GPU_Tot: 204.368
[Autotune] {"version": 2, "step": 720, "wall_seconds": 162.0189994480461, "seed_nodes": 2891874, "loss": 0.5921694755554199, "all_losses_finite": true, "optimizer_steps": 719, "skipped_optimizer_steps": 1, "loss_scale": 16384.0}
[Step=0730] Wall=164.0500s | Loss=0.5762
[Profile] Avg ms/step | Load: 97.072 (Prep: 12.635, Struc: 1.265, Fetch: 83.172) | Fwd: 53.514 | Bwd: 65.665 | Opt: 0.730 | GPU_Tot: 204.346
[Autotune] {"version": 2, "step": 730, "wall_seconds": 164.050007624086, "seed_nodes": 2932834, "loss": 0.5761898040771485, "all_losses_finite": true, "optimizer_steps": 729, "skipped_optimizer_steps": 1, "loss_scale": 16384.0}
[Step=0740] Wall=166.5240s | Loss=0.8068
[Profile] Avg ms/step | Load: 97.633 (Prep: 13.209, Struc: 1.264, Fetch: 83.160) | Fwd: 53.455 | Bwd: 65.595 | Opt: 0.730 | GPU_Tot: 204.204
[Autotune] {"version": 2, "step": 740, "wall_seconds": 166.5240376230795, "seed_nodes": 2969705, "loss": 0.8067590713500976, "all_losses_finite": true, "optimizer_steps": 739, "skipped_optimizer_steps": 1, "loss_scale": 16384.0}
[Step=0750] Wall=168.7291s | Loss=0.7627
[Profile] Avg ms/step | Load: 97.623 (Prep: 13.029, Struc: 1.264, Fetch: 83.330) | Fwd: 53.474 | Bwd: 65.625 | Opt: 0.731 | GPU_Tot: 204.425
[Autotune] {"version": 2, "step": 750, "wall_seconds": 168.72914751502685, "seed_nodes": 3010665, "loss": 0.7627414703369141, "all_losses_finite": true, "optimizer_steps": 749, "skipped_optimizer_steps": 1, "loss_scale": 16384.0}
[Step=0760] Wall=170.7917s | Loss=0.6828
[Profile] Avg ms/step | Load: 97.428 (Prep: 12.863, Struc: 1.264, Fetch: 83.301) | Fwd: 53.489 | Bwd: 65.648 | Opt: 0.731 | GPU_Tot: 204.433
[Autotune] {"version": 2, "step": 760, "wall_seconds": 170.7916552470997, "seed_nodes": 3051625, "loss": 0.6827578544616699, "all_losses_finite": true, "optimizer_steps": 759, "skipped_optimizer_steps": 1, "loss_scale": 16384.0}
[Step=0770] Wall=172.7937s | Loss=0.6724
[Profile] Avg ms/step | Load: 97.168 (Prep: 12.687, Struc: 1.265, Fetch: 83.216) | Fwd: 53.502 | Bwd: 65.659 | Opt: 0.730 | GPU_Tot: 204.372
[Autotune] {"version": 2, "step": 770, "wall_seconds": 172.79370806901716, "seed_nodes": 3092585, "loss": 0.6723696231842041, "all_losses_finite": true, "optimizer_steps": 769, "skipped_optimizer_steps": 1, "loss_scale": 16384.0}
[Step=0780] Wall=174.8050s | Loss=0.6323
[Profile] Avg ms/step | Load: 96.915 (Prep: 12.517, Struc: 1.265, Fetch: 83.134) | Fwd: 53.516 | Bwd: 65.680 | Opt: 0.730 | GPU_Tot: 204.325
[Autotune] {"version": 2, "step": 780, "wall_seconds": 174.8050473520998, "seed_nodes": 3133545, "loss": 0.6322702407836914, "all_losses_finite": true, "optimizer_steps": 779, "skipped_optimizer_steps": 1, "loss_scale": 16384.0}
[Step=0790] Wall=177.3091s | Loss=0.6967
[Profile] Avg ms/step | Load: 97.479 (Prep: 13.064, Struc: 1.264, Fetch: 83.152) | Fwd: 53.463 | Bwd: 65.614 | Opt: 0.730 | GPU_Tot: 204.223
[Autotune] {"version": 2, "step": 790, "wall_seconds": 177.30905997613445, "seed_nodes": 3170416, "loss": 0.6966821193695069, "all_losses_finite": true, "optimizer_steps": 789, "skipped_optimizer_steps": 1, "loss_scale": 16384.0}
[Step=0800] Wall=179.5307s | Loss=0.7067
[Profile] Avg ms/step | Load: 97.500 (Prep: 12.897, Struc: 1.264, Fetch: 83.339) | Fwd: 53.479 | Bwd: 65.638 | Opt: 0.731 | GPU_Tot: 204.451
[Autotune] {"version": 2, "step": 800, "wall_seconds": 179.53066309797578, "seed_nodes": 3211376, "loss": 0.706656551361084, "all_losses_finite": true, "optimizer_steps": 799, "skipped_optimizer_steps": 1, "loss_scale": 16384.0}
[Step=0810] Wall=181.5833s | Loss=0.6673
[Profile] Avg ms/step | Load: 97.303 (Prep: 12.743, Struc: 1.264, Fetch: 83.296) | Fwd: 53.495 | Bwd: 65.660 | Opt: 0.731 | GPU_Tot: 204.446
[Autotune] {"version": 2, "step": 810, "wall_seconds": 181.58330546692014, "seed_nodes": 3252336, "loss": 0.6672829627990723, "all_losses_finite": true, "optimizer_steps": 809, "skipped_optimizer_steps": 1, "loss_scale": 16384.0}
[Step=0820] Wall=183.6104s | Loss=0.6161
[Profile] Avg ms/step | Load: 97.083 (Prep: 12.580, Struc: 1.264, Fetch: 83.238) | Fwd: 53.509 | Bwd: 65.679 | Opt: 0.730 | GPU_Tot: 204.421
[Autotune] {"version": 2, "step": 820, "wall_seconds": 183.61040971195325, "seed_nodes": 3293296, "loss": 0.6161200523376464, "all_losses_finite": true, "optimizer_steps": 819, "skipped_optimizer_steps": 1, "loss_scale": 16384.0}
[Step=0830] Wall=185.6500s | Loss=0.5937
[Profile] Avg ms/step | Load: 96.875 (Prep: 12.422, Struc: 1.265, Fetch: 83.189) | Fwd: 53.525 | Bwd: 65.704 | Opt: 0.730 | GPU_Tot: 204.412
[Autotune] {"version": 2, "step": 830, "wall_seconds": 185.64999430906028, "seed_nodes": 3334256, "loss": 0.5937045097351075, "all_losses_finite": true, "optimizer_steps": 829, "skipped_optimizer_steps": 1, "loss_scale": 16384.0}
[Step=0840] Wall=188.1091s | Loss=0.6582
[Profile] Avg ms/step | Load: 97.349 (Prep: 12.860, Struc: 1.264, Fetch: 83.225) | Fwd: 53.472 | Bwd: 65.643 | Opt: 0.731 | GPU_Tot: 204.334
[Autotune] {"version": 2, "step": 840, "wall_seconds": 188.1091021320317, "seed_nodes": 3371127, "loss": 0.6582283020019531, "all_losses_finite": true, "optimizer_steps": 839, "skipped_optimizer_steps": 1, "loss_scale": 16384.0}
[Step=0850] Wall=190.3340s | Loss=0.6750
[Profile] Avg ms/step | Load: 97.379 (Prep: 12.720, Struc: 1.264, Fetch: 83.395) | Fwd: 53.486 | Bwd: 65.661 | Opt: 0.732 | GPU_Tot: 204.538
[Autotune] {"version": 2, "step": 850, "wall_seconds": 190.33404629910365, "seed_nodes": 3412087, "loss": 0.6750250339508057, "all_losses_finite": true, "optimizer_steps": 849, "skipped_optimizer_steps": 1, "loss_scale": 16384.0}
[Step=0860] Wall=192.3803s | Loss=0.6127
[Profile] Avg ms/step | Load: 97.187 (Prep: 12.565, Struc: 1.264, Fetch: 83.357) | Fwd: 53.501 | Bwd: 65.682 | Opt: 0.731 | GPU_Tot: 204.536
[Autotune] {"version": 2, "step": 860, "wall_seconds": 192.3802691840101, "seed_nodes": 3453047, "loss": 0.612746286392212, "all_losses_finite": true, "optimizer_steps": 859, "skipped_optimizer_steps": 1, "loss_scale": 16384.0}
[Step=0870] Wall=194.4117s | Loss=0.6095
[Profile] Avg ms/step | Load: 96.985 (Prep: 12.415, Struc: 1.265, Fetch: 83.306) | Fwd: 53.514 | Bwd: 65.702 | Opt: 0.731 | GPU_Tot: 204.516
[Autotune] {"version": 2, "step": 870, "wall_seconds": 194.4116869790014, "seed_nodes": 3494007, "loss": 0.6095493793487549, "all_losses_finite": true, "optimizer_steps": 869, "skipped_optimizer_steps": 1, "loss_scale": 16384.0}
[Step=0880] Wall=196.4496s | Loss=0.5809
[Profile] Avg ms/step | Load: 96.789 (Prep: 12.268, Struc: 1.265, Fetch: 83.257) | Fwd: 53.528 | Bwd: 65.725 | Opt: 0.731 | GPU_Tot: 204.505
[Autotune] {"version": 2, "step": 880, "wall_seconds": 196.4495517211035, "seed_nodes": 3534967, "loss": 0.5808896541595459, "all_losses_finite": true, "optimizer_steps": 879, "skipped_optimizer_steps": 1, "loss_scale": 16384.0}
[Step=0890] Wall=199.0568s | Loss=0.6866
[Profile] Avg ms/step | Load: 97.418 (Prep: 12.846, Struc: 1.264, Fetch: 83.308) | Fwd: 53.478 | Bwd: 65.660 | Opt: 0.731 | GPU_Tot: 204.441
[Autotune] {"version": 2, "step": 890, "wall_seconds": 199.05677648307756, "seed_nodes": 3571838, "loss": 0.6865602970123291, "all_losses_finite": true, "optimizer_steps": 889, "skipped_optimizer_steps": 1, "loss_scale": 16384.0}
[Step=0900] Wall=201.2920s | Loss=0.6653
[Profile] Avg ms/step | Load: 97.445 (Prep: 12.712, Struc: 1.264, Fetch: 83.468) | Fwd: 53.494 | Bwd: 65.687 | Opt: 0.732 | GPU_Tot: 204.645
[Autotune] {"version": 2, "step": 900, "wall_seconds": 201.29204450314865, "seed_nodes": 3612798, "loss": 0.665276050567627, "all_losses_finite": true, "optimizer_steps": 899, "skipped_optimizer_steps": 1, "loss_scale": 16384.0}
[Step=0910] Wall=203.3311s | Loss=0.6262
[Profile] Avg ms/step | Load: 97.254 (Prep: 12.567, Struc: 1.264, Fetch: 83.422) | Fwd: 53.508 | Bwd: 65.708 | Opt: 0.731 | GPU_Tot: 204.634
[Autotune] {"version": 2, "step": 910, "wall_seconds": 203.33107125991955, "seed_nodes": 3653758, "loss": 0.6262182712554931, "all_losses_finite": true, "optimizer_steps": 909, "skipped_optimizer_steps": 1, "loss_scale": 16384.0}
[Step=0920] Wall=205.3726s | Loss=0.6010
[Profile] Avg ms/step | Load: 97.068 (Prep: 12.425, Struc: 1.265, Fetch: 83.379) | Fwd: 53.522 | Bwd: 65.729 | Opt: 0.731 | GPU_Tot: 204.626
[Autotune] {"version": 2, "step": 920, "wall_seconds": 205.37263158499263, "seed_nodes": 3694718, "loss": 0.601007604598999, "all_losses_finite": true, "optimizer_steps": 919, "skipped_optimizer_steps": 1, "loss_scale": 16384.0}
[Step=0930] Wall=207.3945s | Loss=0.5885
[Profile] Avg ms/step | Load: 96.875 (Prep: 12.286, Struc: 1.265, Fetch: 83.324) | Fwd: 53.533 | Bwd: 65.743 | Opt: 0.731 | GPU_Tot: 204.596
[Autotune] {"version": 2, "step": 930, "wall_seconds": 207.39454451506026, "seed_nodes": 3735678, "loss": 0.5884502410888672, "all_losses_finite": true, "optimizer_steps": 929, "skipped_optimizer_steps": 1, "loss_scale": 16384.0}
[Step=0940] Wall=209.9805s | Loss=0.7537
[Profile] Avg ms/step | Load: 97.445 (Prep: 12.765, Struc: 1.264, Fetch: 83.416) | Fwd: 53.485 | Bwd: 65.682 | Opt: 0.731 | GPU_Tot: 204.578
[Autotune] {"version": 2, "step": 940, "wall_seconds": 209.98046642402187, "seed_nodes": 3772549, "loss": 0.753718900680542, "all_losses_finite": true, "optimizer_steps": 939, "skipped_optimizer_steps": 1, "loss_scale": 16384.0}
[Step=0950] Wall=212.2073s | Loss=0.6952
[Profile] Avg ms/step | Load: 97.465 (Prep: 12.638, Struc: 1.264, Fetch: 83.563) | Fwd: 53.498 | Bwd: 65.705 | Opt: 0.732 | GPU_Tot: 204.762
[Autotune] {"version": 2, "step": 950, "wall_seconds": 212.2072724569589, "seed_nodes": 3813509, "loss": 0.6952070713043212, "all_losses_finite": true, "optimizer_steps": 949, "skipped_optimizer_steps": 1, "loss_scale": 16384.0}
[Step=0960] Wall=214.2510s | Loss=0.6319
[Profile] Avg ms/step | Load: 97.290 (Prep: 12.501, Struc: 1.264, Fetch: 83.525) | Fwd: 53.511 | Bwd: 65.724 | Opt: 0.731 | GPU_Tot: 204.755
[Autotune] {"version": 2, "step": 960, "wall_seconds": 214.25101384613663, "seed_nodes": 3854469, "loss": 0.6319478511810303, "all_losses_finite": true, "optimizer_steps": 959, "skipped_optimizer_steps": 1, "loss_scale": 16384.0}
[Step=0970] Wall=216.2948s | Loss=0.6130
[Profile] Avg ms/step | Load: 97.118 (Prep: 12.367, Struc: 1.264, Fetch: 83.486) | Fwd: 53.524 | Bwd: 65.743 | Opt: 0.731 | GPU_Tot: 204.749
[Autotune] {"version": 2, "step": 970, "wall_seconds": 216.2948431109544, "seed_nodes": 3895429, "loss": 0.6129599571228027, "all_losses_finite": true, "optimizer_steps": 969, "skipped_optimizer_steps": 1, "loss_scale": 16384.0}
[Step=0980] Wall=218.1291s | Loss=0.6152
[Profile] Avg ms/step | Load: 96.854 (Prep: 12.236, Struc: 1.263, Fetch: 83.354) | Fwd: 53.479 | Bwd: 65.692 | Opt: 0.731 | GPU_Tot: 204.519
[Autotune] {"version": 2, "step": 980, "wall_seconds": 218.12910020793788, "seed_nodes": 3932300, "loss": 0.615220594406128, "all_losses_finite": true, "optimizer_steps": 979, "skipped_optimizer_steps": 1, "loss_scale": 16384.0}
[Step=0990] Wall=220.9601s | Loss=0.7350
[Profile] Avg ms/step | Load: 97.517 (Prep: 12.729, Struc: 1.264, Fetch: 83.525) | Fwd: 53.493 | Bwd: 65.711 | Opt: 0.731 | GPU_Tot: 204.723
[Autotune] {"version": 2, "step": 990, "wall_seconds": 220.9601388250012, "seed_nodes": 3973260, "loss": 0.7349801540374756, "all_losses_finite": true, "optimizer_steps": 989, "skipped_optimizer_steps": 1, "loss_scale": 16384.0}
[Step=1000] Wall=223.1174s | Loss=0.6793
[Profile] Avg ms/step | Load: 97.468 (Prep: 12.610, Struc: 1.264, Fetch: 83.594) | Fwd: 53.505 | Bwd: 65.727 | Opt: 0.732 | GPU_Tot: 204.822
[Autotune] {"version": 2, "step": 1000, "wall_seconds": 223.11739903409034, "seed_nodes": 4014220, "loss": 0.679257869720459, "all_losses_finite": true, "optimizer_steps": 999, "skipped_optimizer_steps": 1, "loss_scale": 16384.0}
[Step=1010] Wall=225.1521s | Loss=0.6437
[Profile] Avg ms/step | Load: 97.293 (Prep: 12.481, Struc: 1.264, Fetch: 83.548) | Fwd: 53.516 | Bwd: 65.745 | Opt: 0.731 | GPU_Tot: 204.805
[Autotune] {"version": 2, "step": 1010, "wall_seconds": 225.15214425511658, "seed_nodes": 4055180, "loss": 0.6436799049377442, "all_losses_finite": true, "optimizer_steps": 1009, "skipped_optimizer_steps": 1, "loss_scale": 16384.0}
[Step=1020] Wall=227.1796s | Loss=0.6192
[Profile] Avg ms/step | Load: 97.121 (Prep: 12.354, Struc: 1.264, Fetch: 83.502) | Fwd: 53.526 | Bwd: 65.758 | Opt: 0.731 | GPU_Tot: 204.782
[Autotune] {"version": 2, "step": 1020, "wall_seconds": 227.17955675697885, "seed_nodes": 4096140, "loss": 0.6191682815551758, "all_losses_finite": true, "optimizer_steps": 1019, "skipped_optimizer_steps": 1, "loss_scale": 16384.0}
[Step=1030] Wall=229.5607s | Loss=0.6532
[Profile] Avg ms/step | Load: 97.422 (Prep: 12.747, Struc: 1.264, Fetch: 83.411) | Fwd: 53.484 | Bwd: 65.709 | Opt: 0.731 | GPU_Tot: 204.599
[Autotune] {"version": 2, "step": 1030, "wall_seconds": 229.56073214509524, "seed_nodes": 4133011, "loss": 0.6532391548156739, "all_losses_finite": true, "optimizer_steps": 1029, "skipped_optimizer_steps": 1, "loss_scale": 16384.0}
[Step=1040] Wall=231.8011s | Loss=0.8537
[Profile] Avg ms/step | Load: 97.453 (Prep: 12.624, Struc: 1.264, Fetch: 83.565) | Fwd: 53.498 | Bwd: 65.729 | Opt: 0.732 | GPU_Tot: 204.787
[Autotune] {"version": 2, "step": 1040, "wall_seconds": 231.80110166198574, "seed_nodes": 4173971, "loss": 0.8536917686462402, "all_losses_finite": true, "optimizer_steps": 1039, "skipped_optimizer_steps": 1, "loss_scale": 16384.0}
[Step=1050] Wall=233.9510s | Loss=0.7008
[Profile] Avg ms/step | Load: 97.391 (Prep: 12.511, Struc: 1.264, Fetch: 83.616) | Fwd: 53.511 | Bwd: 65.751 | Opt: 0.732 | GPU_Tot: 204.874
[Autotune] {"version": 2, "step": 1050, "wall_seconds": 233.95096636703238, "seed_nodes": 4214931, "loss": 0.7008020401000976, "all_losses_finite": true, "optimizer_steps": 1049, "skipped_optimizer_steps": 1, "loss_scale": 16384.0}
[Step=1060] Wall=235.9562s | Loss=0.6522
[Profile] Avg ms/step | Load: 97.212 (Prep: 12.389, Struc: 1.264, Fetch: 83.558) | Fwd: 53.519 | Bwd: 65.756 | Opt: 0.732 | GPU_Tot: 204.829
[Autotune] {"version": 2, "step": 1060, "wall_seconds": 235.9561909059994, "seed_nodes": 4255891, "loss": 0.6522251605987549, "all_losses_finite": true, "optimizer_steps": 1059, "skipped_optimizer_steps": 1, "loss_scale": 16384.0}
[Step=1070] Wall=237.9747s | Loss=0.6202
[Profile] Avg ms/step | Load: 97.035 (Prep: 12.270, Struc: 1.264, Fetch: 83.501) | Fwd: 53.530 | Bwd: 65.771 | Opt: 0.731 | GPU_Tot: 204.798
[Autotune] {"version": 2, "step": 1070, "wall_seconds": 237.97474734997377, "seed_nodes": 4296851, "loss": 0.6202285289764404, "all_losses_finite": true, "optimizer_steps": 1069, "skipped_optimizer_steps": 1, "loss_scale": 16384.0}
[Step=1080] Wall=240.4471s | Loss=0.5610
[Profile] Avg ms/step | Load: 97.410 (Prep: 12.712, Struc: 1.264, Fetch: 83.434) | Fwd: 53.490 | Bwd: 65.724 | Opt: 0.731 | GPU_Tot: 204.644
[Autotune] {"version": 2, "step": 1080, "wall_seconds": 240.44705057004467, "seed_nodes": 4333722, "loss": 0.5609910011291503, "all_losses_finite": true, "optimizer_steps": 1079, "skipped_optimizer_steps": 1, "loss_scale": 16384.0}
[Step=1090] Wall=242.6531s | Loss=0.6176
[Profile] Avg ms/step | Load: 97.411 (Prep: 12.595, Struc: 1.264, Fetch: 83.553) | Fwd: 53.502 | Bwd: 65.740 | Opt: 0.732 | GPU_Tot: 204.790
[Autotune] {"version": 2, "step": 1090, "wall_seconds": 242.65312948497012, "seed_nodes": 4374682, "loss": 0.6175551891326905, "all_losses_finite": true, "optimizer_steps": 1089, "skipped_optimizer_steps": 1, "loss_scale": 16384.0}
[Step=1100] Wall=244.7733s | Loss=0.5862
[Profile] Avg ms/step | Load: 97.332 (Prep: 12.489, Struc: 1.264, Fetch: 83.580) | Fwd: 53.514 | Bwd: 65.755 | Opt: 0.732 | GPU_Tot: 204.844
[Autotune] {"version": 2, "step": 1100, "wall_seconds": 244.77329276409, "seed_nodes": 4415642, "loss": 0.586207389831543, "all_losses_finite": true, "optimizer_steps": 1099, "skipped_optimizer_steps": 1, "loss_scale": 16384.0}
[Step=1110] Wall=246.7865s | Loss=0.5806
[Profile] Avg ms/step | Load: 97.159 (Prep: 12.372, Struc: 1.264, Fetch: 83.523) | Fwd: 53.523 | Bwd: 65.768 | Opt: 0.731 | GPU_Tot: 204.809
[Autotune] {"version": 2, "step": 1110, "wall_seconds": 246.78650224907324, "seed_nodes": 4456602, "loss": 0.5806089401245117, "all_losses_finite": true, "optimizer_steps": 1109, "skipped_optimizer_steps": 1, "loss_scale": 16384.0}
[Step=1120] Wall=248.7970s | Loss=0.5742
[Profile] Avg ms/step | Load: 96.989 (Prep: 12.258, Struc: 1.264, Fetch: 83.466) | Fwd: 53.532 | Bwd: 65.778 | Opt: 0.731 | GPU_Tot: 204.772
[Autotune] {"version": 2, "step": 1120, "wall_seconds": 248.7970011739526, "seed_nodes": 4497562, "loss": 0.5741525650024414, "all_losses_finite": true, "optimizer_steps": 1119, "skipped_optimizer_steps": 1, "loss_scale": 16384.0}
[Step=1130] Wall=251.2717s | Loss=0.5646
[Profile] Avg ms/step | Load: 97.343 (Prep: 12.652, Struc: 1.264, Fetch: 83.428) | Fwd: 53.496 | Bwd: 65.737 | Opt: 0.731 | GPU_Tot: 204.656
[Autotune] {"version": 2, "step": 1130, "wall_seconds": 251.2717091399245, "seed_nodes": 4534433, "loss": 0.5646469593048096, "all_losses_finite": true, "optimizer_steps": 1129, "skipped_optimizer_steps": 1, "loss_scale": 16384.0}
[Step=1140] Wall=253.4898s | Loss=0.6478
[Profile] Avg ms/step | Load: 97.349 (Prep: 12.540, Struc: 1.264, Fetch: 83.545) | Fwd: 53.509 | Bwd: 65.758 | Opt: 0.732 | GPU_Tot: 204.807
[Autotune] {"version": 2, "step": 1140, "wall_seconds": 253.48983932612464, "seed_nodes": 4575393, "loss": 0.647768783569336, "all_losses_finite": true, "optimizer_steps": 1139, "skipped_optimizer_steps": 1, "loss_scale": 16384.0}
[Step=1150] Wall=255.6119s | Loss=0.5904
[Profile] Avg ms/step | Load: 97.280 (Prep: 12.438, Struc: 1.264, Fetch: 83.578) | Fwd: 53.518 | Bwd: 65.769 | Opt: 0.732 | GPU_Tot: 204.861
[Autotune] {"version": 2, "step": 1150, "wall_seconds": 255.61188406404108, "seed_nodes": 4616353, "loss": 0.5904350280761719, "all_losses_finite": true, "optimizer_steps": 1149, "skipped_optimizer_steps": 1, "loss_scale": 16384.0}
[Step=1160] Wall=257.6413s | Loss=0.5850
[Profile] Avg ms/step | Load: 97.126 (Prep: 12.327, Struc: 1.264, Fetch: 83.535) | Fwd: 53.528 | Bwd: 65.783 | Opt: 0.731 | GPU_Tot: 204.842
[Autotune] {"version": 2, "step": 1160, "wall_seconds": 257.6412568909582, "seed_nodes": 4657313, "loss": 0.584992790222168, "all_losses_finite": true, "optimizer_steps": 1159, "skipped_optimizer_steps": 1, "loss_scale": 16384.0}
[Step=1170] Wall=259.6698s | Loss=0.5520
[Profile] Avg ms/step | Load: 96.975 (Prep: 12.219, Struc: 1.264, Fetch: 83.492) | Fwd: 53.539 | Bwd: 65.796 | Opt: 0.731 | GPU_Tot: 204.822
[Autotune] {"version": 2, "step": 1170, "wall_seconds": 259.66980765596963, "seed_nodes": 4698273, "loss": 0.5519650936126709, "all_losses_finite": true, "optimizer_steps": 1169, "skipped_optimizer_steps": 1, "loss_scale": 16384.0}
[Step=1180] Wall=262.1561s | Loss=0.5340
[Profile] Avg ms/step | Load: 97.332 (Prep: 12.593, Struc: 1.264, Fetch: 83.476) | Fwd: 53.502 | Bwd: 65.751 | Opt: 0.731 | GPU_Tot: 204.723
[Autotune] {"version": 2, "step": 1180, "wall_seconds": 262.1561398769263, "seed_nodes": 4735144, "loss": 0.5339807510375977, "all_losses_finite": true, "optimizer_steps": 1179, "skipped_optimizer_steps": 1, "loss_scale": 16384.0}
[Step=1190] Wall=264.3770s | Loss=0.5926
[Profile] Avg ms/step | Load: 97.348 (Prep: 12.487, Struc: 1.264, Fetch: 83.597) | Fwd: 53.512 | Bwd: 65.765 | Opt: 0.732 | GPU_Tot: 204.869
[Autotune] {"version": 2, "step": 1190, "wall_seconds": 264.3769530840218, "seed_nodes": 4776104, "loss": 0.5925863265991211, "all_losses_finite": true, "optimizer_steps": 1189, "skipped_optimizer_steps": 1, "loss_scale": 16384.0}
[Step=1200] Wall=266.4771s | Loss=0.5739
[Profile] Avg ms/step | Load: 97.260 (Prep: 12.389, Struc: 1.264, Fetch: 83.607) | Fwd: 53.522 | Bwd: 65.778 | Opt: 0.731 | GPU_Tot: 204.902
[Autotune] {"version": 2, "step": 1200, "wall_seconds": 266.47706858604215, "seed_nodes": 4817064, "loss": 0.5738544940948487, "all_losses_finite": true, "optimizer_steps": 1199, "skipped_optimizer_steps": 1, "loss_scale": 16384.0}
[Step=1210] Wall=268.5123s | Loss=0.5471
[Profile] Avg ms/step | Load: 97.118 (Prep: 12.284, Struc: 1.264, Fetch: 83.570) | Fwd: 53.531 | Bwd: 65.791 | Opt: 0.731 | GPU_Tot: 204.888
[Autotune] {"version": 2, "step": 1210, "wall_seconds": 268.51231952011585, "seed_nodes": 4858024, "loss": 0.5471193790435791, "all_losses_finite": true, "optimizer_steps": 1209, "skipped_optimizer_steps": 1, "loss_scale": 16384.0}
[Step=1220] Wall=270.5373s | Loss=0.5481
[Profile] Avg ms/step | Load: 96.971 (Prep: 12.180, Struc: 1.265, Fetch: 83.527) | Fwd: 53.541 | Bwd: 65.803 | Opt: 0.731 | GPU_Tot: 204.866
[Autotune] {"version": 2, "step": 1220, "wall_seconds": 270.5373238499742, "seed_nodes": 4898984, "loss": 0.5481478691101074, "all_losses_finite": true, "optimizer_steps": 1219, "skipped_optimizer_steps": 1, "loss_scale": 16384.0}
[Step=1230] Wall=273.0508s | Loss=0.7505
[Profile] Avg ms/step | Load: 97.330 (Prep: 12.555, Struc: 1.264, Fetch: 83.511) | Fwd: 53.507 | Bwd: 65.764 | Opt: 0.731 | GPU_Tot: 204.778
[Autotune] {"version": 2, "step": 1230, "wall_seconds": 273.0507681739982, "seed_nodes": 4935855, "loss": 0.7504795551300049, "all_losses_finite": true, "optimizer_steps": 1229, "skipped_optimizer_steps": 1, "loss_scale": 16384.0}
[Step=1240] Wall=275.2761s | Loss=0.6983
[Profile] Avg ms/step | Load: 97.350 (Prep: 12.454, Struc: 1.264, Fetch: 83.631) | Fwd: 53.517 | Bwd: 65.776 | Opt: 0.732 | GPU_Tot: 204.920
[Autotune] {"version": 2, "step": 1240, "wall_seconds": 275.27606804994866, "seed_nodes": 4976815, "loss": 0.6983438014984131, "all_losses_finite": true, "optimizer_steps": 1239, "skipped_optimizer_steps": 1, "loss_scale": 16384.0}
[Step=1250] Wall=277.3576s | Loss=0.6275
[Profile] Avg ms/step | Load: 97.248 (Prep: 12.361, Struc: 1.264, Fetch: 83.622) | Fwd: 53.527 | Bwd: 65.791 | Opt: 0.732 | GPU_Tot: 204.936
[Autotune] {"version": 2, "step": 1250, "wall_seconds": 277.3575692081358, "seed_nodes": 5017775, "loss": 0.6274999141693115, "all_losses_finite": true, "optimizer_steps": 1249, "skipped_optimizer_steps": 1, "loss_scale": 16384.0}
[Step=1260] Wall=279.3939s | Loss=0.6042
[Profile] Avg ms/step | Load: 97.113 (Prep: 12.260, Struc: 1.264, Fetch: 83.588) | Fwd: 53.536 | Bwd: 65.804 | Opt: 0.731 | GPU_Tot: 204.923
[Autotune] {"version": 2, "step": 1260, "wall_seconds": 279.39389809709974, "seed_nodes": 5058735, "loss": 0.6042497158050537, "all_losses_finite": true, "optimizer_steps": 1259, "skipped_optimizer_steps": 1, "loss_scale": 16384.0}
[Step=1270] Wall=281.4244s | Loss=0.5797
[Profile] Avg ms/step | Load: 96.975 (Prep: 12.161, Struc: 1.265, Fetch: 83.549) | Fwd: 53.545 | Bwd: 65.817 | Opt: 0.731 | GPU_Tot: 204.906
[Autotune] {"version": 2, "step": 1270, "wall_seconds": 281.4244432169944, "seed_nodes": 5099695, "loss": 0.5796966552734375, "all_losses_finite": true, "optimizer_steps": 1269, "skipped_optimizer_steps": 1, "loss_scale": 16384.0}
[Step=1280] Wall=283.8730s | Loss=0.6159
[Profile] Avg ms/step | Load: 97.272 (Prep: 12.456, Struc: 1.264, Fetch: 83.552) | Fwd: 53.511 | Bwd: 65.776 | Opt: 0.731 | GPU_Tot: 204.833
[Autotune] {"version": 2, "step": 1280, "wall_seconds": 283.8729552500881, "seed_nodes": 5136566, "loss": 0.6159358024597168, "all_losses_finite": true, "optimizer_steps": 1279, "skipped_optimizer_steps": 1, "loss_scale": 16384.0}
[Step=1290] Wall=286.0858s | Loss=0.6316
[Profile] Avg ms/step | Load: 97.280 (Prep: 12.360, Struc: 1.264, Fetch: 83.656) | Fwd: 53.520 | Bwd: 65.788 | Opt: 0.732 | GPU_Tot: 204.960
[Autotune] {"version": 2, "step": 1290, "wall_seconds": 286.08582913898863, "seed_nodes": 5177526, "loss": 0.6316445350646973, "all_losses_finite": true, "optimizer_steps": 1289, "skipped_optimizer_steps": 1, "loss_scale": 16384.0}
[Step=1300] Wall=288.1515s | Loss=0.5987
[Profile] Avg ms/step | Load: 97.169 (Prep: 12.271, Struc: 1.264, Fetch: 83.634) | Fwd: 53.530 | Bwd: 65.803 | Opt: 0.732 | GPU_Tot: 204.962
[Autotune] {"version": 2, "step": 1300, "wall_seconds": 288.15148182795383, "seed_nodes": 5218486, "loss": 0.598744010925293, "all_losses_finite": true, "optimizer_steps": 1299, "skipped_optimizer_steps": 1, "loss_scale": 16384.0}
[Step=1310] Wall=290.1801s | Loss=0.5761
[Profile] Avg ms/step | Load: 97.036 (Prep: 12.175, Struc: 1.264, Fetch: 83.597) | Fwd: 53.538 | Bwd: 65.813 | Opt: 0.732 | GPU_Tot: 204.944
[Autotune] {"version": 2, "step": 1310, "wall_seconds": 290.18007512995973, "seed_nodes": 5259446, "loss": 0.576091718673706, "all_losses_finite": true, "optimizer_steps": 1309, "skipped_optimizer_steps": 1, "loss_scale": 16384.0}
[Step=1320] Wall=292.2136s | Loss=0.5638
[Profile] Avg ms/step | Load: 96.908 (Prep: 12.080, Struc: 1.264, Fetch: 83.563) | Fwd: 53.546 | Bwd: 65.825 | Opt: 0.731 | GPU_Tot: 204.929
[Autotune] {"version": 2, "step": 1320, "wall_seconds": 292.21362531511113, "seed_nodes": 5300406, "loss": 0.5637608528137207, "all_losses_finite": true, "optimizer_steps": 1319, "skipped_optimizer_steps": 1, "loss_scale": 16384.0}
[Step=1330] Wall=294.8125s | Loss=0.5285
[Profile] Avg ms/step | Load: 97.310 (Prep: 12.477, Struc: 1.264, Fetch: 83.570) | Fwd: 53.514 | Bwd: 65.784 | Opt: 0.732 | GPU_Tot: 204.864
[Autotune] {"version": 2, "step": 1330, "wall_seconds": 294.8125383849256, "seed_nodes": 5337277, "loss": 0.5285446166992187, "all_losses_finite": true, "optimizer_steps": 1329, "skipped_optimizer_steps": 1, "loss_scale": 16384.0}
[Step=1340] Wall=297.0363s | Loss=0.5879
[Profile] Avg ms/step | Load: 97.328 (Prep: 12.389, Struc: 1.264, Fetch: 83.675) | Fwd: 53.522 | Bwd: 65.795 | Opt: 0.732 | GPU_Tot: 204.989
[Autotune] {"version": 2, "step": 1340, "wall_seconds": 297.03627936611883, "seed_nodes": 5378237, "loss": 0.5878511428833008, "all_losses_finite": true, "optimizer_steps": 1339, "skipped_optimizer_steps": 1, "loss_scale": 16384.0}
[Step=1350] Wall=299.0445s | Loss=0.5489
[Profile] Avg ms/step | Load: 97.181 (Prep: 12.295, Struc: 1.264, Fetch: 83.622) | Fwd: 53.530 | Bwd: 65.807 | Opt: 0.732 | GPU_Tot: 204.955
[Autotune] {"version": 2, "step": 1350, "wall_seconds": 299.0445257779211, "seed_nodes": 5419197, "loss": 0.5489254951477051, "all_losses_finite": true, "optimizer_steps": 1349, "skipped_optimizer_steps": 1, "loss_scale": 16384.0}
[Step=1360] Wall=301.0530s | Loss=0.5397
[Profile] Avg ms/step | Load: 97.036 (Prep: 12.202, Struc: 1.264, Fetch: 83.570) | Fwd: 53.539 | Bwd: 65.818 | Opt: 0.732 | GPU_Tot: 204.923
[Autotune] {"version": 2, "step": 1360, "wall_seconds": 301.05302140209824, "seed_nodes": 5460157, "loss": 0.5397010326385498, "all_losses_finite": true, "optimizer_steps": 1359, "skipped_optimizer_steps": 1, "loss_scale": 16384.0}
[Step=1370] Wall=303.1141s | Loss=0.5329
[Profile] Avg ms/step | Load: 96.902 (Prep: 12.111, Struc: 1.266, Fetch: 83.526) | Fwd: 53.570 | Bwd: 65.831 | Opt: 0.737 | GPU_Tot: 204.930
[Autotune] {"version": 2, "step": 1370, "wall_seconds": 303.11411356111057, "seed_nodes": 5501117, "loss": 0.5328915119171143, "all_losses_finite": true, "optimizer_steps": 1369, "skipped_optimizer_steps": 1, "loss_scale": 16384.0}
[Step=1380] Wall=305.7783s | Loss=0.6418
[Profile] Avg ms/step | Load: 97.334 (Prep: 12.531, Struc: 1.265, Fetch: 83.538) | Fwd: 53.542 | Bwd: 65.794 | Opt: 0.737 | GPU_Tot: 204.876
[Autotune] {"version": 2, "step": 1380, "wall_seconds": 305.77830327511765, "seed_nodes": 5537988, "loss": 0.6418421268463135, "all_losses_finite": true, "optimizer_steps": 1379, "skipped_optimizer_steps": 1, "loss_scale": 16384.0}
[Step=1390] Wall=307.9717s | Loss=0.6142
[Profile] Avg ms/step | Load: 97.326 (Prep: 12.449, Struc: 1.265, Fetch: 83.612) | Fwd: 53.550 | Bwd: 65.807 | Opt: 0.737 | GPU_Tot: 204.972
[Autotune] {"version": 2, "step": 1390, "wall_seconds": 307.97165075992234, "seed_nodes": 5578948, "loss": 0.6141757965087891, "all_losses_finite": true, "optimizer_steps": 1389, "skipped_optimizer_steps": 1, "loss_scale": 16384.0}
[Step=1400] Wall=310.0108s | Loss=0.5709
[Profile] Avg ms/step | Load: 97.207 (Prep: 12.358, Struc: 1.265, Fetch: 83.584) | Fwd: 53.558 | Bwd: 65.818 | Opt: 0.737 | GPU_Tot: 204.962
[Autotune] {"version": 2, "step": 1400, "wall_seconds": 310.0108296989929, "seed_nodes": 5619908, "loss": 0.5709372997283936, "all_losses_finite": true, "optimizer_steps": 1399, "skipped_optimizer_steps": 1, "loss_scale": 16384.0}
[Step=1410] Wall=312.0547s | Loss=0.5495
[Profile] Avg ms/step | Load: 97.094 (Prep: 12.268, Struc: 1.265, Fetch: 83.561) | Fwd: 53.566 | Bwd: 65.828 | Opt: 0.737 | GPU_Tot: 204.956
[Autotune] {"version": 2, "step": 1410, "wall_seconds": 312.0546968539711, "seed_nodes": 5660868, "loss": 0.5494629859924316, "all_losses_finite": true, "optimizer_steps": 1409, "skipped_optimizer_steps": 1, "loss_scale": 16384.0}
[Step=1420] Wall=314.0962s | Loss=0.5310
[Profile] Avg ms/step | Load: 96.980 (Prep: 12.179, Struc: 1.266, Fetch: 83.535) | Fwd: 53.573 | Bwd: 65.838 | Opt: 0.737 | GPU_Tot: 204.949
[Autotune] {"version": 2, "step": 1420, "wall_seconds": 314.0961903571151, "seed_nodes": 5701828, "loss": 0.5310033321380615, "all_losses_finite": true, "optimizer_steps": 1419, "skipped_optimizer_steps": 1, "loss_scale": 16384.0}
[Step=1430] Wall=316.7031s | Loss=0.4981
[Profile] Avg ms/step | Load: 97.358 (Prep: 12.516, Struc: 1.265, Fetch: 83.577) | Fwd: 53.543 | Bwd: 65.802 | Opt: 0.737 | GPU_Tot: 204.924
[Autotune] {"version": 2, "step": 1430, "wall_seconds": 316.7031334049534, "seed_nodes": 5738699, "loss": 0.49814915657043457, "all_losses_finite": true, "optimizer_steps": 1429, "skipped_optimizer_steps": 1, "loss_scale": 16384.0}
[Step=1440] Wall=318.8933s | Loss=0.5230
[Profile] Avg ms/step | Load: 97.346 (Prep: 12.437, Struc: 1.265, Fetch: 83.644) | Fwd: 53.551 | Bwd: 65.816 | Opt: 0.737 | GPU_Tot: 205.013
[Autotune] {"version": 2, "step": 1440, "wall_seconds": 318.89333942113444, "seed_nodes": 5779659, "loss": 0.522969388961792, "all_losses_finite": true, "optimizer_steps": 1439, "skipped_optimizer_steps": 1, "loss_scale": 16384.0}
[Step=1450] Wall=320.9346s | Loss=0.5231
[Profile] Avg ms/step | Load: 97.230 (Prep: 12.349, Struc: 1.265, Fetch: 83.616) | Fwd: 53.560 | Bwd: 65.828 | Opt: 0.737 | GPU_Tot: 205.005
[Autotune] {"version": 2, "step": 1450, "wall_seconds": 320.934604043141, "seed_nodes": 5820619, "loss": 0.5231442451477051, "all_losses_finite": true, "optimizer_steps": 1449, "skipped_optimizer_steps": 1, "loss_scale": 16384.0}
[Step=1460] Wall=322.9739s | Loss=0.5236
[Profile] Avg ms/step | Load: 97.115 (Prep: 12.262, Struc: 1.265, Fetch: 83.588) | Fwd: 53.567 | Bwd: 65.839 | Opt: 0.737 | GPU_Tot: 204.996
[Autotune] {"version": 2, "step": 1460, "wall_seconds": 322.9738851310685, "seed_nodes": 5861579, "loss": 0.5236436367034912, "all_losses_finite": true, "optimizer_steps": 1459, "skipped_optimizer_steps": 1, "loss_scale": 16384.0}
[Step=1470] Wall=324.8164s | Loss=0.5016
[Profile] Avg ms/step | Load: 96.947 (Prep: 12.177, Struc: 1.265, Fetch: 83.505) | Fwd: 53.538 | Bwd: 65.805 | Opt: 0.737 | GPU_Tot: 204.849
[Autotune] {"version": 2, "step": 1470, "wall_seconds": 324.8164442591369, "seed_nodes": 5898450, "loss": 0.5015840053558349, "all_losses_finite": true, "optimizer_steps": 1469, "skipped_optimizer_steps": 1, "loss_scale": 16384.0}
[Step=1480] Wall=327.6500s | Loss=0.5626
[Profile] Avg ms/step | Load: 97.379 (Prep: 12.493, Struc: 1.265, Fetch: 83.621) | Fwd: 53.548 | Bwd: 65.822 | Opt: 0.737 | GPU_Tot: 204.993
[Autotune] {"version": 2, "step": 1480, "wall_seconds": 327.6500009759329, "seed_nodes": 5939410, "loss": 0.562566614151001, "all_losses_finite": true, "optimizer_steps": 1479, "skipped_optimizer_steps": 1, "loss_scale": 16384.0}
[Step=1490] Wall=329.8148s | Loss=0.5553
[Profile] Avg ms/step | Load: 97.354 (Prep: 12.415, Struc: 1.265, Fetch: 83.674) | Fwd: 53.555 | Bwd: 65.831 | Opt: 0.737 | GPU_Tot: 205.063
[Autotune] {"version": 2, "step": 1490, "wall_seconds": 329.81479430710897, "seed_nodes": 5980370, "loss": 0.5553332328796386, "all_losses_finite": true, "optimizer_steps": 1489, "skipped_optimizer_steps": 1, "loss_scale": 16384.0}
[Step=1500] Wall=331.8379s | Loss=0.5322
[Profile] Avg ms/step | Load: 97.234 (Prep: 12.330, Struc: 1.265, Fetch: 83.638) | Fwd: 53.562 | Bwd: 65.840 | Opt: 0.737 | GPU_Tot: 205.042
[Autotune] {"version": 2, "step": 1500, "wall_seconds": 331.8379117271397, "seed_nodes": 6021330, "loss": 0.5322280883789062, "all_losses_finite": true, "optimizer_steps": 1499, "skipped_optimizer_steps": 1, "loss_scale": 16384.0}
[Step=1510] Wall=333.8656s | Loss=0.5161
[Profile] Avg ms/step | Load: 97.115 (Prep: 12.247, Struc: 1.265, Fetch: 83.603) | Fwd: 53.570 | Bwd: 65.851 | Opt: 0.736 | GPU_Tot: 205.025
[Autotune] {"version": 2, "step": 1510, "wall_seconds": 333.86557457991876, "seed_nodes": 6062290, "loss": 0.5161042213439941, "all_losses_finite": true, "optimizer_steps": 1509, "skipped_optimizer_steps": 1, "loss_scale": 16384.0}
[Step=1520] Wall=336.2469s | Loss=0.4752
[Profile] Avg ms/step | Load: 97.318 (Prep: 12.495, Struc: 1.265, Fetch: 83.558) | Fwd: 53.541 | Bwd: 65.817 | Opt: 0.736 | GPU_Tot: 204.917
[Autotune] {"version": 2, "step": 1520, "wall_seconds": 336.2468609150965, "seed_nodes": 6099161, "loss": 0.47518534660339357, "all_losses_finite": true, "optimizer_steps": 1519, "skipped_optimizer_steps": 1, "loss_scale": 16384.0}
[Step=1530] Wall=338.4905s | Loss=0.5572
[Profile] Avg ms/step | Load: 97.343 (Prep: 12.414, Struc: 1.265, Fetch: 83.664) | Fwd: 53.550 | Bwd: 65.828 | Opt: 0.736 | GPU_Tot: 205.043
[Autotune] {"version": 2, "step": 1530, "wall_seconds": 338.49047464109026, "seed_nodes": 6140121, "loss": 0.5572457313537598, "all_losses_finite": true, "optimizer_steps": 1529, "skipped_optimizer_steps": 1, "loss_scale": 16384.0}
[Step=1540] Wall=340.6488s | Loss=0.5377
[Profile] Avg ms/step | Load: 97.312 (Prep: 12.339, Struc: 1.265, Fetch: 83.708) | Fwd: 53.558 | Bwd: 65.839 | Opt: 0.737 | GPU_Tot: 205.106
[Autotune] {"version": 2, "step": 1540, "wall_seconds": 340.6488409980666, "seed_nodes": 6181081, "loss": 0.5376722335815429, "all_losses_finite": true, "optimizer_steps": 1539, "skipped_optimizer_steps": 1, "loss_scale": 16384.0}
[Step=1550] Wall=342.6775s | Loss=0.5228
[Profile] Avg ms/step | Load: 97.199 (Prep: 12.258, Struc: 1.265, Fetch: 83.677) | Fwd: 53.565 | Bwd: 65.847 | Opt: 0.736 | GPU_Tot: 205.090
[Autotune] {"version": 2, "step": 1550, "wall_seconds": 342.6774835190736, "seed_nodes": 6222041, "loss": 0.5227890491485596, "all_losses_finite": true, "optimizer_steps": 1549, "skipped_optimizer_steps": 1, "loss_scale": 16384.0}
[Step=1560] Wall=344.7057s | Loss=0.5094
[Profile] Avg ms/step | Load: 97.087 (Prep: 12.177, Struc: 1.265, Fetch: 83.645) | Fwd: 53.571 | Bwd: 65.857 | Opt: 0.736 | GPU_Tot: 205.073
[Autotune] {"version": 2, "step": 1560, "wall_seconds": 344.7056681350805, "seed_nodes": 6263001, "loss": 0.5094050884246826, "all_losses_finite": true, "optimizer_steps": 1559, "skipped_optimizer_steps": 1, "loss_scale": 16384.0}
[Step=1570] Wall=347.2409s | Loss=0.5738
[Profile] Avg ms/step | Load: 97.382 (Prep: 12.518, Struc: 1.265, Fetch: 83.600) | Fwd: 53.544 | Bwd: 65.824 | Opt: 0.736 | GPU_Tot: 204.969
[Autotune] {"version": 2, "step": 1570, "wall_seconds": 347.24086372205056, "seed_nodes": 6299872, "loss": 0.5737966537475586, "all_losses_finite": true, "optimizer_steps": 1569, "skipped_optimizer_steps": 1, "loss_scale": 16384.0}
[Step=1580] Wall=349.4793s | Loss=0.5528
[Profile] Avg ms/step | Load: 97.397 (Prep: 12.439, Struc: 1.265, Fetch: 83.693) | Fwd: 53.553 | Bwd: 65.840 | Opt: 0.736 | GPU_Tot: 205.088
[Autotune] {"version": 2, "step": 1580, "wall_seconds": 349.4793400010094, "seed_nodes": 6340832, "loss": 0.5527884006500244, "all_losses_finite": true, "optimizer_steps": 1579, "skipped_optimizer_steps": 1, "loss_scale": 16384.0}
[Step=1590] Wall=351.5992s | Loss=0.5156
[Profile] Avg ms/step | Load: 97.342 (Prep: 12.366, Struc: 1.265, Fetch: 83.710) | Fwd: 53.561 | Bwd: 65.851 | Opt: 0.736 | GPU_Tot: 205.123
[Autotune] {"version": 2, "step": 1590, "wall_seconds": 351.5992227960378, "seed_nodes": 6381792, "loss": 0.515566635131836, "all_losses_finite": true, "optimizer_steps": 1589, "skipped_optimizer_steps": 1, "loss_scale": 16384.0}
[Step=1600] Wall=353.6329s | Loss=0.5188
[Profile] Avg ms/step | Load: 97.233 (Prep: 12.287, Struc: 1.265, Fetch: 83.680) | Fwd: 53.568 | Bwd: 65.862 | Opt: 0.736 | GPU_Tot: 205.111
[Autotune] {"version": 2, "step": 1600, "wall_seconds": 353.632924440084, "seed_nodes": 6422752, "loss": 0.5188029766082763, "all_losses_finite": true, "optimizer_steps": 1599, "skipped_optimizer_steps": 1, "loss_scale": 16384.0}
[Step=1610] Wall=355.6684s | Loss=0.5127
[Profile] Avg ms/step | Load: 97.126 (Prep: 12.210, Struc: 1.265, Fetch: 83.651) | Fwd: 53.574 | Bwd: 65.873 | Opt: 0.736 | GPU_Tot: 205.099
[Autotune] {"version": 2, "step": 1610, "wall_seconds": 355.668440150097, "seed_nodes": 6463712, "loss": 0.512702751159668, "all_losses_finite": true, "optimizer_steps": 1609, "skipped_optimizer_steps": 1, "loss_scale": 16384.0}
[Step=1620] Wall=358.1105s | Loss=0.5476
[Profile] Avg ms/step | Load: 97.352 (Prep: 12.458, Struc: 1.265, Fetch: 83.629) | Fwd: 53.548 | Bwd: 65.841 | Opt: 0.737 | GPU_Tot: 205.020
[Autotune] {"version": 2, "step": 1620, "wall_seconds": 358.1104779129382, "seed_nodes": 6500583, "loss": 0.547603988647461, "all_losses_finite": true, "optimizer_steps": 1619, "skipped_optimizer_steps": 1, "loss_scale": 16384.0}
[Step=1630] Wall=360.3126s | Loss=0.5776
[Profile] Avg ms/step | Load: 97.351 (Prep: 12.382, Struc: 1.265, Fetch: 83.704) | Fwd: 53.555 | Bwd: 65.851 | Opt: 0.737 | GPU_Tot: 205.112
[Autotune] {"version": 2, "step": 1630, "wall_seconds": 360.3126005830709, "seed_nodes": 6541543, "loss": 0.5776179313659668, "all_losses_finite": true, "optimizer_steps": 1629, "skipped_optimizer_steps": 1, "loss_scale": 16384.0}
[Step=1640] Wall=362.4503s | Loss=0.5519
[Profile] Avg ms/step | Load: 97.308 (Prep: 12.313, Struc: 1.265, Fetch: 83.730) | Fwd: 53.562 | Bwd: 65.862 | Opt: 0.737 | GPU_Tot: 205.156
[Autotune] {"version": 2, "step": 1640, "wall_seconds": 362.45026739197783, "seed_nodes": 6582503, "loss": 0.5519423484802246, "all_losses_finite": true, "optimizer_steps": 1639, "skipped_optimizer_steps": 1, "loss_scale": 16384.0}
------------------------------------------------------------
Training Completed. Total Steps: 1640 (Active: 1600)
Avg Breakdown (ms): Load=97.308 [Prep:12.313, Struc:1.265, Fetch:83.730], Fwd=53.562, Bwd=65.862, Opt=0.737
------------------------------------------------------------
