$REPO_ROOT/.venv/lib/python3.11/site-packages/outdated/__init__.py:36: UserWarning: pkg_resources is deprecated as an API. See https://setuptools.pypa.io/en/latest/pkg_resources.html. The pkg_resources package is slated for removal as early as 2025-11-30. Refrain from using this package or pin to Setuptools<81.
  from pkg_resources import parse_version
2026-09-18 20:31:30,870 INFO:   Connectivity check: running command: ping -c 1 -W 3 10.125.8.2
2026-09-18 20:31:30,876 INFO:   Connectivity check succeeded.
2026-09-18 20:31:30,895 INFO:   Appliance client semantic version: 1.14.0, cluster server semantic version: 1.20.2, job operator semantic version: 1.20.2
2026-09-18 20:31:30,898 INFO:   Successfully initialized workflow with id: wflow-hmwnwvk3buandwnyufxpfa
2026-09-18 20:31:30,904 WARNING:   The trainer configuration for train_and_eval does not configure checkpointing. In the event of a failure, the run will be restarted from the beginning. If this is not intentional, please specifiy a checkpoint callback with a checkpointing frequency to enable auto-restarting from previously saved checkpoints.
2026-09-18 20:31:30,904 INFO:   Spawning child process for the fit run ...
2026-09-18 20:31:30,908 INFO:   Child process started with pid: 1329019
$REPO_ROOT/.venv/lib/python3.11/site-packages/outdated/__init__.py:36: UserWarning: pkg_resources is deprecated as an API. See https://setuptools.pypa.io/en/latest/pkg_resources.html. The pkg_resources package is slated for removal as early as 2025-11-30. Refrain from using this package or pin to Setuptools<81.
  from pkg_resources import parse_version
2026-09-18 20:31:37,631 INFO:   Current Working Directory: $REPO_ROOT/src/cerebras/modelzoo/models/gnn
2026-09-18 20:31:37,632 INFO:   Running command: $REPO_ROOT/src/cerebras/modelzoo/cli/main.py fit $REPO_ROOT/model_dirs/hpcasia_learning/arxiv_20260918T122621.253613Z/tuning/confirm_w16_p2_s1_r2/params.yaml --target_device CSX --model_dir $REPO_ROOT/model_dirs/hpcasia_learning/arxiv_20260918T122621.253613Z/tuning/confirm_w16_p2_s1_r2/model
2026-09-18 20:31:38,176 INFO:   No checkpoint was provided. Using randomly initialized model parameters.
2026-09-18 20:31:38,176 INFO:   Ordinal 0: Initializing GNNDataProcessor for dataset 'ogbn-arxiv' (split=train, mode=neighbor).
$REPO_ROOT/.venv/lib/python3.11/site-packages/ogb/nodeproppred/dataset_pyg.py:69: FutureWarning: You are using `torch.load` with `weights_only=False` (the current default value), which uses the default pickle module implicitly. It is possible to construct malicious pickle data which will execute arbitrary code during unpickling (See https://github.com/pytorch/pytorch/blob/main/SECURITY.md#untrusted-models for more details). In a future release, the default value for `weights_only` will be flipped to `True`. This limits the functions that could be executed during unpickling. Arbitrary objects will no longer be allowed to be loaded via this mode unless they are explicitly allowlisted by the user via `torch.serialization.add_safe_globals`. We recommend you start setting `weights_only=True` for any use case where you don't have full control of the loaded file. Please open an issue on GitHub for any issues related to this experimental feature.
  self.data, self.slices = torch.load(self.processed_paths[0])
GNN_INPUT_CONTRACT {"batch_index_origin": 0, "batch_size": 4096, "count_basis": "deterministic loader schedule; not device counters", "dataset_name": "ogbn-arxiv", "drop_last": false, "event": "gnn_input_contract", "num_streamers": 1, "ordered_targets_and_labels_sha256": "cb189ecb3f75e653df7daacc08ead8c3b14bd353d302209c179a41e2b2b47d07", "restartable": false, "sampler_seed": 42, "seed_nodes_by_batch": [4096, 4096, 4096, 4096, 4096, 4096, 4096, 4096, 4096, 4096, 4096, 4096, 4096, 4096, 4096, 4096, 4096, 4096, 4096, 4096, 4096, 4096, 829], "seed_nodes_per_epoch": 90941, "shuffle": true, "source_seed_nodes": 90941, "split": "train", "static_batch_cache_size": 0, "supervised_targets_by_batch": [4096, 4096, 4096, 4096, 4096, 4096, 4096, 4096, 4096, 4096, 4096, 4096, 4096, 4096, 4096, 4096, 4096, 4096, 4096, 4096, 4096, 4096, 829], "traversal": "continuous_sequential_batches", "traversal_scope": "single_data_executor", "version": 1}
2026-09-18 20:31:38,410 INFO:   Connectivity check: running command: ping -c 1 -W 3 10.125.8.2
2026-09-18 20:31:38,416 INFO:   Connectivity check succeeded.
2026-09-18 20:31:38,436 INFO:   Appliance client semantic version: 1.14.0, cluster server semantic version: 1.20.2, job operator semantic version: 1.20.2
2026-09-18 20:31:38,436 INFO:   ===========================================================================
2026-09-18 20:31:38,436 INFO:   Trainer Fit Summary
2026-09-18 20:31:38,436 INFO:   ---------------------------------------------------------------------------
2026-09-18 20:31:38,436 INFO:   Trainer will run 1 train loop.
2026-09-18 20:31:38,436 INFO:   
2026-09-18 20:31:38,436 INFO:   Train steps per train loop:
2026-09-18 20:31:38,436 INFO:   * 1 loop of 840 steps
2026-09-18 20:31:38,436 INFO:   for a total of 840 train steps.
2026-09-18 20:31:38,436 INFO:   
2026-09-18 20:31:38,437 INFO:   Progress will be logged every 10 steps.
2026-09-18 20:31:38,437 INFO:   ===========================================================================
2026-09-18 20:31:38,437 INFO:   ---------------------------------------------------------------------------
2026-09-18 20:31:38,437 INFO:   Starting train loop 1 of 1, from global step 1 to 840 (840 steps)
2026-09-18 20:31:38,437 INFO:   ---------------------------------------------------------------------------
2026-09-18 20:31:43,405 INFO:   Compiling the model. This may take a few minutes.
2026-09-18 20:31:43,406 INFO:   Connectivity check: running command: ping -c 1 -W 3 10.125.8.2
2026-09-18 20:31:43,411 INFO:   Connectivity check succeeded.
2026-09-18 20:31:43,428 INFO:   Appliance client semantic version: 1.14.0, cluster server semantic version: 1.20.2, job operator semantic version: 1.20.2
2026-09-18 20:31:44,521 INFO:   Initiating a new image build job against the cluster server.
2026-09-18 20:31:44,539 INFO:   Job id: imgjob-42280d4f85d91291dacb2ef766350f15, workflow id: wflow-hmwnwvk3buandwnyufxpfa, namespace: job-operator, remote log path: /n1/wsjob/workdir/job-operator/imgjob-42280d4f85d91291dacb2ef766350f15
2026-09-18 20:31:44,542 INFO:   Connectivity check: running command: ping -c 1 -W 3 10.125.8.2
2026-09-18 20:31:44,547 INFO:   Connectivity check succeeded.
2026-09-18 20:31:44,565 INFO:   Appliance client semantic version: 1.14.0, cluster server semantic version: 1.20.2, job operator semantic version: 1.20.2
2026-09-18 20:31:44,584 INFO:   Initiating a new compile wsjob against the cluster server.
2026-09-18 20:31:44,607 INFO:   Job id: wsjob-i2gfkl69af4n6bckwgclee, workflow id: wflow-hmwnwvk3buandwnyufxpfa, namespace: job-operator, remote log path: /n1/wsjob/workdir/job-operator/wsjob-i2gfkl69af4n6bckwgclee
2026-09-18 20:32:04,607 INFO:   Poll ingress status: Waiting for job to be scheduled, current job status: Queueing, msg: job queueing to be scheduled. Job queue status: current job is top of queue but likely blocked by running/reserved jobs, 2 execute job(s) running/reserved using 2 system(s) and 2 nodegroup(s)[1 pop and 1 depop], 2 compile job(s) running/reserved using 90Gi memory. For more information, please run 'csctl get job wsjob-i2gfkl69af4n6bckwgclee --pending-status'.
2026-09-18 20:32:54,608 INFO:   Poll ingress status: Waiting for job to be scheduled, current job status: Queueing, msg: job queueing to be scheduled. Job queue status: current job is top of queue but likely blocked by running/reserved jobs, 1 execute job(s) running/reserved using 1 system(s) and 1 nodegroup(s)[1 pop and 0 depop], 2 compile job(s) running/reserved using 90Gi memory. For more information, please run 'csctl get job wsjob-i2gfkl69af4n6bckwgclee --pending-status'.
2026-09-18 20:35:14,610 INFO:   Poll ingress status: Waiting for job to be scheduled, current job status: Queueing, msg: job queueing to be scheduled. Job queue status: current job is top of queue but likely blocked by running/reserved jobs, 2 execute job(s) running/reserved using 2 system(s) and 2 nodegroup(s)[1 pop and 1 depop], 2 compile job(s) running/reserved using 90Gi memory. For more information, please run 'csctl get job wsjob-i2gfkl69af4n6bckwgclee --pending-status'.
2026-09-18 20:36:14,612 INFO:   Poll ingress status: Waiting for all Coordinator pods to be running, current running: 0/1.
2026-09-18 20:36:14,615 INFO:   Recording the timestamp when jobs is scheduled.
2026-09-18 20:36:14,636 WARNING:   Event 2026-09-18 20:36:04 +0000 UTC reason=InconsistentVersion wsjob=wsjob-i2gfkl69af4n6bckwgclee message='Warning: client semantic version 1.14.0 is inconsistent with cluster server semantic version 1.20.2, there's a risk job could fail due to inconsistent setup.'
2026-09-18 20:36:34,636 INFO:   Poll ingress status: Waiting for job ingress readiness.
2026-09-18 20:36:54,659 INFO:   Poll ingress status: Job ingress ready, dashboard: <internal-dashboard-url>
2026-09-18 20:36:54,681 INFO:   Poll ingress success: Job ingress ready, dashboard: <internal-dashboard-url>
2026-09-18 20:36:54,692 INFO:   Finalizing out-of-cluster job handle with ingress service url: 
2026-09-18 20:36:54,692 WARNING:   Empty ingress service url. Falling back to default server: 10.125.8.2:443
2026-09-18 20:36:54,765 INFO:   Found existing cached compile with hash: "cs_3310013607597699701"
2026-09-18 20:36:56,641 INFO:   Using power profile none

2026-09-18 20:36:56,655 INFO:   Compile artifacts successfully written to remote compile directory. Compile hash is: cs_3310013607597699701
2026-09-18 20:37:04,671 ERROR:   Image build job imgjob-42280d4f85d91291dacb2ef766350f15 failed. Please check the error log in $REPO_ROOT/model_dirs/hpcasia_learning/arxiv_20260918T122621.253613Z/tuning/confirm_w16_p2_s1_r2/model/cerebras_logs/20260918_203137/executors/000001/custom_worker_build.out. 
2026-09-18 20:37:04,671 INFO:   Falling back to venv mounting.
2026-09-18 20:37:04,673 INFO:   Compile was successful!
2026-09-18 20:37:04,674 INFO:   Programming Cerebras Wafer Scale Cluster for execution. This may take a few minutes.
2026-09-18 20:37:06,682 INFO:   Connectivity check: running command: ping -c 1 -W 3 10.125.8.2
2026-09-18 20:37:06,689 INFO:   Connectivity check succeeded.
2026-09-18 20:37:06,706 INFO:   Appliance client semantic version: 1.14.0, cluster server semantic version: 1.20.2, job operator semantic version: 1.20.2
2026-09-18 20:37:06,709 INFO:   Initiating a new execute wsjob against the cluster server.
2026-09-18 20:37:06,747 INFO:   Job id: wsjob-pqpsfjyujvlvu6dgtsip8m, workflow id: wflow-hmwnwvk3buandwnyufxpfa, namespace: job-operator, remote log path: /n1/wsjob/workdir/job-operator/wsjob-pqpsfjyujvlvu6dgtsip8m
2026-09-18 20:37:26,748 INFO:   Poll ingress status: Waiting for job to be scheduled, current job status: Queueing, msg: job queueing to be scheduled. Job queue status: current job is top of queue but likely blocked by running/reserved jobs, 1 execute job(s) running/reserved using 1 system(s) and 1 nodegroup(s)[0 pop and 1 depop], 2 compile job(s) running/reserved using 180Gi memory. For more information, please run 'csctl get job wsjob-pqpsfjyujvlvu6dgtsip8m --pending-status'.
2026-09-18 20:37:36,748 INFO:   Poll ingress status: Waiting for all Command pods to be running, current running: 0/1.
2026-09-18 20:37:36,752 INFO:   Recording the timestamp when jobs is scheduled.
2026-09-18 20:37:36,777 WARNING:   Event 2026-09-18 20:37:19 +0000 UTC reason=InconsistentVersion wsjob=wsjob-pqpsfjyujvlvu6dgtsip8m message='Warning: client semantic version 1.14.0 is inconsistent with cluster server semantic version 1.20.2, there's a risk job could fail due to inconsistent setup.'
2026-09-18 20:37:36,777 INFO:   Infrastructure setup completed successfully for job wsjob-pqpsfjyujvlvu6dgtsip8m
2026-09-18 20:37:46,778 INFO:   Poll ingress status: Waiting for all Coordinator pods to be running, current running: 0/1.
2026-09-18 20:37:46,798 INFO:   Infrastructure setup completed successfully for job wsjob-pqpsfjyujvlvu6dgtsip8m
2026-09-18 20:37:56,798 INFO:   Poll ingress status: Waiting for all Activation pods to be running, current running: 17/21.
2026-09-18 20:37:56,818 INFO:   Infrastructure setup completed successfully for job wsjob-pqpsfjyujvlvu6dgtsip8m
2026-09-18 20:38:06,819 INFO:   Poll ingress status: Job ingress ready, dashboard: <internal-dashboard-url>
2026-09-18 20:38:06,841 INFO:   Infrastructure setup completed successfully for job wsjob-pqpsfjyujvlvu6dgtsip8m
2026-09-18 20:38:06,841 INFO:   Poll ingress success: Job ingress ready, dashboard: <internal-dashboard-url>
2026-09-18 20:38:06,935 INFO:   Finalizing out-of-cluster job handle with ingress service url: 
2026-09-18 20:38:06,935 WARNING:   Empty ingress service url. Falling back to default server: 10.125.8.2:443
2026-09-18 20:38:07,016 INFO:   Preparing to execute using 1 CSX
2026-09-18 20:38:32,432 INFO:   About to send initial weights
2026-09-18 20:38:32,698 INFO:   Finished sending initial weights
2026-09-18 20:38:32,698 INFO:   Finalizing appliance staging for the run
2026-09-18 20:38:39,216 INFO:   Waiting for device programming to complete
2026-09-18 20:38:44,701 INFO:   Device programming is complete
2026-09-18 20:38:44,996 INFO:   Using network type: ROCE
2026-09-18 20:38:44,997 INFO:   Waiting for input workers to prime the data pipeline and begin streaming ...
2026-09-18 20:38:45,005 INFO:   Input workers have begun streaming input data
2026-09-18 20:38:45,145 INFO:   Appliance staging is complete
2026-09-18 20:38:45,145 INFO:   Beginning appliance run
2026-09-18 20:38:56,525 INFO:   | Train Device=CSX, Step=10, Loss=3.37719, Rate=2691.86 samples/sec, GlobalRate=94.11 samples/sec, LoopTimeRemaining=0:20:02, TimeRemaining=0:20:02
2026-09-18 20:39:11,075 INFO:   | Train Device=CSX, Step=20, Loss=2.83006, Rate=2863.41 samples/sec, GlobalRate=182.13 samples/sec, LoopTimeRemaining=0:19:50, TimeRemaining=0:19:50
2026-09-18 20:39:30,700 INFO:   | Train Device=CSX, Step=30, Loss=2.48321, Rate=2818.08 samples/sec, GlobalRate=261.78 samples/sec, LoopTimeRemaining=0:19:35, TimeRemaining=0:19:35
2026-09-18 20:39:44,940 INFO:   | Train Device=CSX, Step=40, Loss=2.17466, Rate=2794.81 samples/sec, GlobalRate=338.76 samples/sec, LoopTimeRemaining=0:19:11, TimeRemaining=0:19:11
2026-09-18 20:40:04,430 INFO:   | Train Device=CSX, Step=50, Loss=1.85241, Rate=2741.54 samples/sec, GlobalRate=407.05 samples/sec, LoopTimeRemaining=0:18:53, TimeRemaining=0:18:53
2026-09-18 20:40:18,519 INFO:   | Train Device=CSX, Step=60, Loss=1.63806, Rate=2912.43 samples/sec, GlobalRate=475.15 samples/sec, LoopTimeRemaining=0:18:32, TimeRemaining=0:18:32
2026-09-18 20:40:37,612 INFO:   | Train Device=CSX, Step=70, Loss=1.52059, Rate=1555.66 samples/sec, GlobalRate=534.61 samples/sec, LoopTimeRemaining=0:18:14, TimeRemaining=0:18:14
2026-09-18 20:40:51,911 INFO:   | Train Device=CSX, Step=80, Loss=1.42359, Rate=2906.90 samples/sec, GlobalRate=595.12 samples/sec, LoopTimeRemaining=0:17:58, TimeRemaining=0:17:58
2026-09-18 20:41:06,220 INFO:   | Train Device=CSX, Step=90, Loss=1.41382, Rate=2912.05 samples/sec, GlobalRate=652.55 samples/sec, LoopTimeRemaining=0:17:43, TimeRemaining=0:17:43
2026-09-18 20:41:25,712 INFO:   | Train Device=CSX, Step=100, Loss=1.31883, Rate=2906.65 samples/sec, GlobalRate=700.87 samples/sec, LoopTimeRemaining=0:17:28, TimeRemaining=0:17:28
2026-09-18 20:41:39,764 INFO:   | Train Device=CSX, Step=110, Loss=1.27947, Rate=2910.59 samples/sec, GlobalRate=752.86 samples/sec, LoopTimeRemaining=0:17:11, TimeRemaining=0:17:11
2026-09-18 20:41:59,291 INFO:   | Train Device=CSX, Step=120, Loss=1.21283, Rate=2837.22 samples/sec, GlobalRate=795.35 samples/sec, LoopTimeRemaining=0:16:56, TimeRemaining=0:16:56
2026-09-18 20:42:13,888 INFO:   | Train Device=CSX, Step=130, Loss=1.25431, Rate=2893.92 samples/sec, GlobalRate=841.74 samples/sec, LoopTimeRemaining=0:16:42, TimeRemaining=0:16:42
2026-09-18 20:42:33,521 INFO:   | Train Device=CSX, Step=140, Loss=1.17677, Rate=2103.22 samples/sec, GlobalRate=879.21 samples/sec, LoopTimeRemaining=0:16:29, TimeRemaining=0:16:29
2026-09-18 20:42:47,793 INFO:   | Train Device=CSX, Step=150, Loss=1.18961, Rate=2887.38 samples/sec, GlobalRate=921.85 samples/sec, LoopTimeRemaining=0:16:14, TimeRemaining=0:16:14
2026-09-18 20:43:02,357 INFO:   | Train Device=CSX, Step=160, Loss=1.17591, Rate=2871.73 samples/sec, GlobalRate=962.26 samples/sec, LoopTimeRemaining=0:16:00, TimeRemaining=0:16:00
2026-09-18 20:43:22,250 INFO:   | Train Device=CSX, Step=170, Loss=1.11490, Rate=2924.41 samples/sec, GlobalRate=993.39 samples/sec, LoopTimeRemaining=0:15:46, TimeRemaining=0:15:46
2026-09-18 20:43:36,242 INFO:   | Train Device=CSX, Step=180, Loss=1.16431, Rate=2951.74 samples/sec, GlobalRate=1031.24 samples/sec, LoopTimeRemaining=0:15:32, TimeRemaining=0:15:32
2026-09-18 20:43:55,844 INFO:   | Train Device=CSX, Step=190, Loss=1.17256, Rate=2858.07 samples/sec, GlobalRate=1059.48 samples/sec, LoopTimeRemaining=0:15:18, TimeRemaining=0:15:18
2026-09-18 20:44:10,104 INFO:   | Train Device=CSX, Step=200, Loss=1.15904, Rate=2901.03 samples/sec, GlobalRate=1094.01 samples/sec, LoopTimeRemaining=0:15:03, TimeRemaining=0:15:03
2026-09-18 20:44:30,079 INFO:   | Train Device=CSX, Step=210, Loss=1.11809, Rate=2386.41 samples/sec, GlobalRate=1118.86 samples/sec, LoopTimeRemaining=0:14:51, TimeRemaining=0:14:51
2026-09-18 20:44:44,539 INFO:   | Train Device=CSX, Step=220, Loss=1.11506, Rate=2682.53 samples/sec, GlobalRate=1150.50 samples/sec, LoopTimeRemaining=0:14:37, TimeRemaining=0:14:37
2026-09-18 20:44:59,140 INFO:   | Train Device=CSX, Step=230, Loss=1.00655, Rate=2869.19 samples/sec, GlobalRate=1180.78 samples/sec, LoopTimeRemaining=0:14:24, TimeRemaining=0:14:24
2026-09-18 20:45:18,755 INFO:   | Train Device=CSX, Step=240, Loss=1.11497, Rate=2899.80 samples/sec, GlobalRate=1202.56 samples/sec, LoopTimeRemaining=0:14:07, TimeRemaining=0:14:07
2026-09-18 20:45:32,917 INFO:   | Train Device=CSX, Step=250, Loss=1.07827, Rate=2886.01 samples/sec, GlobalRate=1231.33 samples/sec, LoopTimeRemaining=0:13:54, TimeRemaining=0:13:54
2026-09-18 20:45:52,706 INFO:   | Train Device=CSX, Step=260, Loss=1.07885, Rate=2927.92 samples/sec, GlobalRate=1250.82 samples/sec, LoopTimeRemaining=0:13:40, TimeRemaining=0:13:40
2026-09-18 20:46:07,194 INFO:   | Train Device=CSX, Step=270, Loss=1.08083, Rate=2732.35 samples/sec, GlobalRate=1277.19 samples/sec, LoopTimeRemaining=0:13:25, TimeRemaining=0:13:25
2026-09-18 20:46:26,886 INFO:   | Train Device=CSX, Step=280, Loss=1.11849, Rate=2829.44 samples/sec, GlobalRate=1295.05 samples/sec, LoopTimeRemaining=0:13:12, TimeRemaining=0:13:12
2026-09-18 20:46:40,927 INFO:   | Train Device=CSX, Step=290, Loss=1.06843, Rate=2904.22 samples/sec, GlobalRate=1320.36 samples/sec, LoopTimeRemaining=0:12:56, TimeRemaining=0:12:56
2026-09-18 20:47:00,037 INFO:   | Train Device=CSX, Step=300, Loss=1.02315, Rate=1542.30 samples/sec, GlobalRate=1337.48 samples/sec, LoopTimeRemaining=0:12:42, TimeRemaining=0:12:42
2026-09-18 20:47:15,208 INFO:   | Train Device=CSX, Step=310, Loss=1.04774, Rate=2729.77 samples/sec, GlobalRate=1359.61 samples/sec, LoopTimeRemaining=0:12:27, TimeRemaining=0:12:27
2026-09-18 20:47:29,308 INFO:   | Train Device=CSX, Step=320, Loss=1.09656, Rate=2874.03 samples/sec, GlobalRate=1382.60 samples/sec, LoopTimeRemaining=0:12:13, TimeRemaining=0:12:13
2026-09-18 20:47:48,857 INFO:   | Train Device=CSX, Step=330, Loss=1.02357, Rate=2937.48 samples/sec, GlobalRate=1397.00 samples/sec, LoopTimeRemaining=0:11:58, TimeRemaining=0:11:58
2026-09-18 20:48:03,359 INFO:   | Train Device=CSX, Step=340, Loss=1.03504, Rate=2906.38 samples/sec, GlobalRate=1418.08 samples/sec, LoopTimeRemaining=0:11:43, TimeRemaining=0:11:43
2026-09-18 20:48:23,134 INFO:   | Train Device=CSX, Step=350, Loss=0.99137, Rate=2768.31 samples/sec, GlobalRate=1430.97 samples/sec, LoopTimeRemaining=0:11:29, TimeRemaining=0:11:29
2026-09-18 20:48:37,142 INFO:   | Train Device=CSX, Step=360, Loss=1.03419, Rate=2908.66 samples/sec, GlobalRate=1451.56 samples/sec, LoopTimeRemaining=0:11:15, TimeRemaining=0:11:15
2026-09-18 20:48:56,377 INFO:   | Train Device=CSX, Step=370, Loss=1.01350, Rate=2167.62 samples/sec, GlobalRate=1464.16 samples/sec, LoopTimeRemaining=0:11:02, TimeRemaining=0:11:02
2026-09-18 20:49:10,950 INFO:   | Train Device=CSX, Step=380, Loss=1.02233, Rate=2923.63 samples/sec, GlobalRate=1482.85 samples/sec, LoopTimeRemaining=0:10:49, TimeRemaining=0:10:49
2026-09-18 20:49:25,244 INFO:   | Train Device=CSX, Step=390, Loss=1.02352, Rate=2932.41 samples/sec, GlobalRate=1501.43 samples/sec, LoopTimeRemaining=0:10:35, TimeRemaining=0:10:35
2026-09-18 20:49:44,511 INFO:   | Train Device=CSX, Step=400, Loss=0.95176, Rate=2900.15 samples/sec, GlobalRate=1512.53 samples/sec, LoopTimeRemaining=0:10:21, TimeRemaining=0:10:21
2026-09-18 20:49:58,679 INFO:   | Train Device=CSX, Step=410, Loss=1.01225, Rate=2879.55 samples/sec, GlobalRate=1530.33 samples/sec, LoopTimeRemaining=0:10:08, TimeRemaining=0:10:08
2026-09-18 20:50:18,099 INFO:   | Train Device=CSX, Step=420, Loss=1.01939, Rate=2685.24 samples/sec, GlobalRate=1540.40 samples/sec, LoopTimeRemaining=0:09:54, TimeRemaining=0:09:54
2026-09-18 20:50:32,120 INFO:   | Train Device=CSX, Step=430, Loss=1.00939, Rate=2898.10 samples/sec, GlobalRate=1557.52 samples/sec, LoopTimeRemaining=0:09:40, TimeRemaining=0:09:40
2026-09-18 20:50:51,442 INFO:   | Train Device=CSX, Step=440, Loss=0.98283, Rate=2528.58 samples/sec, GlobalRate=1566.97 samples/sec, LoopTimeRemaining=0:09:26, TimeRemaining=0:09:26
2026-09-18 20:51:05,470 INFO:   | Train Device=CSX, Step=450, Loss=0.99011, Rate=2916.10 samples/sec, GlobalRate=1583.27 samples/sec, LoopTimeRemaining=0:09:10, TimeRemaining=0:09:10
2026-09-18 20:51:19,832 INFO:   | Train Device=CSX, Step=460, Loss=0.83134, Rate=2892.48 samples/sec, GlobalRate=1598.73 samples/sec, LoopTimeRemaining=0:08:57, TimeRemaining=0:08:57
2026-09-18 20:51:39,460 INFO:   | Train Device=CSX, Step=470, Loss=1.00034, Rate=2912.54 samples/sec, GlobalRate=1606.72 samples/sec, LoopTimeRemaining=0:08:42, TimeRemaining=0:08:42
2026-09-18 20:51:53,720 INFO:   | Train Device=CSX, Step=480, Loss=0.98702, Rate=2910.36 samples/sec, GlobalRate=1621.61 samples/sec, LoopTimeRemaining=0:08:27, TimeRemaining=0:08:27
2026-09-18 20:52:13,013 INFO:   | Train Device=CSX, Step=490, Loss=0.97330, Rate=2898.67 samples/sec, GlobalRate=1629.47 samples/sec, LoopTimeRemaining=0:08:13, TimeRemaining=0:08:13
2026-09-18 20:52:27,026 INFO:   | Train Device=CSX, Step=500, Loss=1.00344, Rate=2912.42 samples/sec, GlobalRate=1644.02 samples/sec, LoopTimeRemaining=0:07:59, TimeRemaining=0:07:59
2026-09-18 20:52:46,630 INFO:   | Train Device=CSX, Step=510, Loss=1.00507, Rate=2757.17 samples/sec, GlobalRate=1650.92 samples/sec, LoopTimeRemaining=0:07:45, TimeRemaining=0:07:45
2026-09-18 20:53:00,647 INFO:   | Train Device=CSX, Step=520, Loss=0.98381, Rate=2920.37 samples/sec, GlobalRate=1664.84 samples/sec, LoopTimeRemaining=0:07:30, TimeRemaining=0:07:30
2026-09-18 20:53:20,003 INFO:   | Train Device=CSX, Step=530, Loss=0.94830, Rate=1512.60 samples/sec, GlobalRate=1671.57 samples/sec, LoopTimeRemaining=0:07:16, TimeRemaining=0:07:16
2026-09-18 20:53:34,349 INFO:   | Train Device=CSX, Step=540, Loss=0.95079, Rate=2906.57 samples/sec, GlobalRate=1684.50 samples/sec, LoopTimeRemaining=0:07:02, TimeRemaining=0:07:02
2026-09-18 20:53:48,498 INFO:   | Train Device=CSX, Step=550, Loss=1.00937, Rate=2887.88 samples/sec, GlobalRate=1697.41 samples/sec, LoopTimeRemaining=0:06:48, TimeRemaining=0:06:48
2026-09-18 20:54:07,899 INFO:   | Train Device=CSX, Step=560, Loss=0.93659, Rate=2927.23 samples/sec, GlobalRate=1703.37 samples/sec, LoopTimeRemaining=0:06:34, TimeRemaining=0:06:34
2026-09-18 20:54:22,458 INFO:   | Train Device=CSX, Step=570, Loss=0.95333, Rate=2688.36 samples/sec, GlobalRate=1715.24 samples/sec, LoopTimeRemaining=0:06:21, TimeRemaining=0:06:21
2026-09-18 20:54:42,381 INFO:   | Train Device=CSX, Step=580, Loss=0.92384, Rate=2820.17 samples/sec, GlobalRate=1720.15 samples/sec, LoopTimeRemaining=0:06:07, TimeRemaining=0:06:07
2026-09-18 20:54:56,387 INFO:   | Train Device=CSX, Step=590, Loss=0.94783, Rate=2917.96 samples/sec, GlobalRate=1732.25 samples/sec, LoopTimeRemaining=0:05:53, TimeRemaining=0:05:53
2026-09-18 20:55:16,023 INFO:   | Train Device=CSX, Step=600, Loss=0.94085, Rate=2195.05 samples/sec, GlobalRate=1737.15 samples/sec, LoopTimeRemaining=0:05:39, TimeRemaining=0:05:39
2026-09-18 20:55:30,272 INFO:   | Train Device=CSX, Step=610, Loss=0.96154, Rate=2836.73 samples/sec, GlobalRate=1748.50 samples/sec, LoopTimeRemaining=0:05:24, TimeRemaining=0:05:24
2026-09-18 20:55:44,397 INFO:   | Train Device=CSX, Step=620, Loss=0.96023, Rate=2885.06 samples/sec, GlobalRate=1759.77 samples/sec, LoopTimeRemaining=0:05:10, TimeRemaining=0:05:10
2026-09-18 20:56:03,956 INFO:   | Train Device=CSX, Step=630, Loss=0.88383, Rate=2900.29 samples/sec, GlobalRate=1764.24 samples/sec, LoopTimeRemaining=0:04:56, TimeRemaining=0:04:56
2026-09-18 20:56:18,330 INFO:   | Train Device=CSX, Step=640, Loss=0.94627, Rate=2894.71 samples/sec, GlobalRate=1774.80 samples/sec, LoopTimeRemaining=0:04:43, TimeRemaining=0:04:43
2026-09-18 20:56:37,737 INFO:   | Train Device=CSX, Step=650, Loss=0.95839, Rate=2884.92 samples/sec, GlobalRate=1779.15 samples/sec, LoopTimeRemaining=0:04:29, TimeRemaining=0:04:29
2026-09-18 20:56:51,780 INFO:   | Train Device=CSX, Step=660, Loss=0.95843, Rate=2904.44 samples/sec, GlobalRate=1789.73 samples/sec, LoopTimeRemaining=0:04:14, TimeRemaining=0:04:14
2026-09-18 20:57:11,376 INFO:   | Train Device=CSX, Step=670, Loss=0.94455, Rate=2508.17 samples/sec, GlobalRate=1793.58 samples/sec, LoopTimeRemaining=0:04:00, TimeRemaining=0:04:00
2026-09-18 20:57:25,892 INFO:   | Train Device=CSX, Step=680, Loss=0.91685, Rate=2915.00 samples/sec, GlobalRate=1803.24 samples/sec, LoopTimeRemaining=0:03:46, TimeRemaining=0:03:46
2026-09-18 20:57:40,188 INFO:   | Train Device=CSX, Step=690, Loss=0.68704, Rate=2901.71 samples/sec, GlobalRate=1812.98 samples/sec, LoopTimeRemaining=0:03:32, TimeRemaining=0:03:32
2026-09-18 20:57:59,519 INFO:   | Train Device=CSX, Step=700, Loss=0.93142, Rate=2922.89 samples/sec, GlobalRate=1816.73 samples/sec, LoopTimeRemaining=0:03:18, TimeRemaining=0:03:18
2026-09-18 20:58:13,903 INFO:   | Train Device=CSX, Step=710, Loss=0.93340, Rate=2818.67 samples/sec, GlobalRate=1826.04 samples/sec, LoopTimeRemaining=0:03:04, TimeRemaining=0:03:04
2026-09-18 20:58:33,230 INFO:   | Train Device=CSX, Step=720, Loss=0.90596, Rate=2902.53 samples/sec, GlobalRate=1829.55 samples/sec, LoopTimeRemaining=0:02:50, TimeRemaining=0:02:50
2026-09-18 20:58:47,298 INFO:   | Train Device=CSX, Step=730, Loss=0.95365, Rate=2881.17 samples/sec, GlobalRate=1838.92 samples/sec, LoopTimeRemaining=0:02:35, TimeRemaining=0:02:35
2026-09-18 20:59:06,864 INFO:   | Train Device=CSX, Step=740, Loss=0.94926, Rate=2767.97 samples/sec, GlobalRate=1841.94 samples/sec, LoopTimeRemaining=0:02:21, TimeRemaining=0:02:21
2026-09-18 20:59:21,093 INFO:   | Train Device=CSX, Step=750, Loss=0.92081, Rate=2900.76 samples/sec, GlobalRate=1850.84 samples/sec, LoopTimeRemaining=0:02:07, TimeRemaining=0:02:07
2026-09-18 20:59:40,162 INFO:   | Train Device=CSX, Step=760, Loss=0.89147, Rate=1517.32 samples/sec, GlobalRate=1854.20 samples/sec, LoopTimeRemaining=0:01:53, TimeRemaining=0:01:53
2026-09-18 20:59:54,601 INFO:   | Train Device=CSX, Step=770, Loss=0.89479, Rate=2898.37 samples/sec, GlobalRate=1862.58 samples/sec, LoopTimeRemaining=0:01:39, TimeRemaining=0:01:39
2026-09-18 21:00:09,394 INFO:   | Train Device=CSX, Step=780, Loss=0.95341, Rate=2882.22 samples/sec, GlobalRate=1870.43 samples/sec, LoopTimeRemaining=0:01:25, TimeRemaining=0:01:25
2026-09-18 21:00:29,138 INFO:   | Train Device=CSX, Step=790, Loss=0.88534, Rate=2909.55 samples/sec, GlobalRate=1872.76 samples/sec, LoopTimeRemaining=0:01:11, TimeRemaining=0:01:11
2026-09-18 21:00:43,455 INFO:   | Train Device=CSX, Step=800, Loss=0.91665, Rate=2896.58 samples/sec, GlobalRate=1880.88 samples/sec, LoopTimeRemaining=0:00:57, TimeRemaining=0:00:57
2026-09-18 21:01:02,982 INFO:   | Train Device=CSX, Step=810, Loss=0.87442, Rate=2809.44 samples/sec, GlobalRate=1883.29 samples/sec, LoopTimeRemaining=0:00:42, TimeRemaining=0:00:42
2026-09-18 21:01:17,789 INFO:   | Train Device=CSX, Step=820, Loss=0.91729, Rate=2762.95 samples/sec, GlobalRate=1890.65 samples/sec, LoopTimeRemaining=0:00:28, TimeRemaining=0:00:28
2026-09-18 21:01:37,721 INFO:   | Train Device=CSX, Step=830, Loss=0.90653, Rate=2159.42 samples/sec, GlobalRate=1892.47 samples/sec, LoopTimeRemaining=0:00:14, TimeRemaining=0:00:14
2026-09-18 21:01:52,700 INFO:   | Train Device=CSX, Step=840, Loss=0.90973, Rate=2777.44 samples/sec, GlobalRate=1899.43 samples/sec, LoopTimeRemaining=0:00:00, TimeRemaining=0:00:00
2026-09-18 21:01:52,816 INFO:   Training completed successfully!
2026-09-18 21:01:52,820 INFO:   Processed 3440640 training sample(s) in 1814.411163485 seconds.
