$REPO_ROOT/.venv/lib/python3.11/site-packages/outdated/__init__.py:36: UserWarning: pkg_resources is deprecated as an API. See https://setuptools.pypa.io/en/latest/pkg_resources.html. The pkg_resources package is slated for removal as early as 2025-11-30. Refrain from using this package or pin to Setuptools<81.
  from pkg_resources import parse_version
2026-09-18 21:36:34,667 INFO:   Connectivity check: running command: ping -c 1 -W 3 10.125.8.2
2026-09-18 21:36:34,672 INFO:   Connectivity check succeeded.
2026-09-18 21:36:34,692 INFO:   Appliance client semantic version: 1.14.0, cluster server semantic version: 1.20.2, job operator semantic version: 1.20.2
2026-09-18 21:36:34,694 INFO:   Successfully initialized workflow with id: wflow-ea49y6xqminzpkaosgpedi
2026-09-18 21:36:34,701 WARNING:   The trainer configuration for train_and_eval does not configure checkpointing. In the event of a failure, the run will be restarted from the beginning. If this is not intentional, please specifiy a checkpoint callback with a checkpointing frequency to enable auto-restarting from previously saved checkpoints.
2026-09-18 21:36:34,701 INFO:   Spawning child process for the fit run ...
2026-09-18 21:36:34,706 INFO:   Child process started with pid: 1487419
$REPO_ROOT/.venv/lib/python3.11/site-packages/outdated/__init__.py:36: UserWarning: pkg_resources is deprecated as an API. See https://setuptools.pypa.io/en/latest/pkg_resources.html. The pkg_resources package is slated for removal as early as 2025-11-30. Refrain from using this package or pin to Setuptools<81.
  from pkg_resources import parse_version
2026-09-18 21:36:44,124 INFO:   Current Working Directory: $REPO_ROOT/src/cerebras/modelzoo/models/gnn
2026-09-18 21:36:44,125 INFO:   Running command: $REPO_ROOT/src/cerebras/modelzoo/cli/main.py fit $REPO_ROOT/model_dirs/hpcasia_learning/arxiv_20260918T122510.309655Z/tuning/confirm_w12_p1_s0_r3/params.yaml --target_device CSX --model_dir $REPO_ROOT/model_dirs/hpcasia_learning/arxiv_20260918T122510.309655Z/tuning/confirm_w12_p1_s0_r3/model
2026-09-18 21:36:44,973 INFO:   No checkpoint was provided. Using randomly initialized model parameters.
2026-09-18 21:36:44,974 INFO:   Ordinal 0: Initializing GNNDataProcessor for dataset 'ogbn-arxiv' (split=train, mode=neighbor).
$REPO_ROOT/.venv/lib/python3.11/site-packages/ogb/nodeproppred/dataset_pyg.py:69: FutureWarning: You are using `torch.load` with `weights_only=False` (the current default value), which uses the default pickle module implicitly. It is possible to construct malicious pickle data which will execute arbitrary code during unpickling (See https://github.com/pytorch/pytorch/blob/main/SECURITY.md#untrusted-models for more details). In a future release, the default value for `weights_only` will be flipped to `True`. This limits the functions that could be executed during unpickling. Arbitrary objects will no longer be allowed to be loaded via this mode unless they are explicitly allowlisted by the user via `torch.serialization.add_safe_globals`. We recommend you start setting `weights_only=True` for any use case where you don't have full control of the loaded file. Please open an issue on GitHub for any issues related to this experimental feature.
  self.data, self.slices = torch.load(self.processed_paths[0])
GNN_INPUT_CONTRACT {"batch_index_origin": 0, "batch_size": 4096, "count_basis": "deterministic loader schedule; not device counters", "dataset_name": "ogbn-arxiv", "drop_last": false, "event": "gnn_input_contract", "num_streamers": 1, "ordered_targets_and_labels_sha256": "cb189ecb3f75e653df7daacc08ead8c3b14bd353d302209c179a41e2b2b47d07", "restartable": false, "sampler_seed": 42, "seed_nodes_by_batch": [4096, 4096, 4096, 4096, 4096, 4096, 4096, 4096, 4096, 4096, 4096, 4096, 4096, 4096, 4096, 4096, 4096, 4096, 4096, 4096, 4096, 4096, 829], "seed_nodes_per_epoch": 90941, "shuffle": true, "source_seed_nodes": 90941, "split": "train", "static_batch_cache_size": 0, "supervised_targets_by_batch": [4096, 4096, 4096, 4096, 4096, 4096, 4096, 4096, 4096, 4096, 4096, 4096, 4096, 4096, 4096, 4096, 4096, 4096, 4096, 4096, 4096, 4096, 829], "traversal": "continuous_sequential_batches", "traversal_scope": "single_data_executor", "version": 1}
2026-09-18 21:36:45,223 INFO:   Connectivity check: running command: ping -c 1 -W 3 10.125.8.2
2026-09-18 21:36:45,229 INFO:   Connectivity check succeeded.
2026-09-18 21:36:45,250 INFO:   Appliance client semantic version: 1.14.0, cluster server semantic version: 1.20.2, job operator semantic version: 1.20.2
2026-09-18 21:36:45,251 INFO:   ===========================================================================
2026-09-18 21:36:45,251 INFO:   Trainer Fit Summary
2026-09-18 21:36:45,251 INFO:   ---------------------------------------------------------------------------
2026-09-18 21:36:45,251 INFO:   Trainer will run 1 train loop.
2026-09-18 21:36:45,251 INFO:   
2026-09-18 21:36:45,251 INFO:   Train steps per train loop:
2026-09-18 21:36:45,251 INFO:   * 1 loop of 840 steps
2026-09-18 21:36:45,251 INFO:   for a total of 840 train steps.
2026-09-18 21:36:45,251 INFO:   
2026-09-18 21:36:45,251 INFO:   Progress will be logged every 10 steps.
2026-09-18 21:36:45,251 INFO:   ===========================================================================
2026-09-18 21:36:45,251 INFO:   ---------------------------------------------------------------------------
2026-09-18 21:36:45,251 INFO:   Starting train loop 1 of 1, from global step 1 to 840 (840 steps)
2026-09-18 21:36:45,251 INFO:   ---------------------------------------------------------------------------
2026-09-18 21:36:51,170 INFO:   Compiling the model. This may take a few minutes.
2026-09-18 21:36:51,171 INFO:   Connectivity check: running command: ping -c 1 -W 3 10.125.8.2
2026-09-18 21:36:51,176 INFO:   Connectivity check succeeded.
2026-09-18 21:36:51,194 INFO:   Appliance client semantic version: 1.14.0, cluster server semantic version: 1.20.2, job operator semantic version: 1.20.2
2026-09-18 21:36:53,182 INFO:   Initiating a new image build job against the cluster server.
2026-09-18 21:36:53,208 INFO:   Job id: imgjob-42280d4f85d91291dacb2ef766350f15, workflow id: wflow-ea49y6xqminzpkaosgpedi, namespace: job-operator, remote log path: /n1/wsjob/workdir/job-operator/imgjob-42280d4f85d91291dacb2ef766350f15
2026-09-18 21:36:53,212 INFO:   Connectivity check: running command: ping -c 1 -W 3 10.125.8.2
2026-09-18 21:36:53,218 INFO:   Connectivity check succeeded.
2026-09-18 21:36:53,235 INFO:   Appliance client semantic version: 1.14.0, cluster server semantic version: 1.20.2, job operator semantic version: 1.20.2
2026-09-18 21:36:53,258 INFO:   Initiating a new compile wsjob against the cluster server.
2026-09-18 21:36:53,276 INFO:   Job id: wsjob-d882zvucotn85kfemswibf, workflow id: wflow-ea49y6xqminzpkaosgpedi, namespace: job-operator, remote log path: /n1/wsjob/workdir/job-operator/wsjob-d882zvucotn85kfemswibf
2026-09-18 21:37:13,277 INFO:   Poll ingress status: Waiting for job to be scheduled, current job status: Queueing, msg: job queueing to be scheduled. Job queue status: 2 compile job(s) queued before current job. For more information, please run 'csctl get job wsjob-d882zvucotn85kfemswibf --pending-status'.
2026-09-18 21:46:33,282 INFO:   Poll ingress status: Waiting for all Coordinator pods to be running, current running: 0/1.
2026-09-18 21:46:33,286 INFO:   Recording the timestamp when jobs is scheduled.
2026-09-18 21:46:33,309 WARNING:   Event 2026-09-18 21:46:17 +0000 UTC reason=InconsistentVersion wsjob=wsjob-d882zvucotn85kfemswibf message='Warning: client semantic version 1.14.0 is inconsistent with cluster server semantic version 1.20.2, there's a risk job could fail due to inconsistent setup.'
2026-09-18 21:46:53,309 INFO:   Poll ingress status: Waiting for job ingress readiness.
2026-09-18 21:47:03,332 INFO:   Poll ingress status: Job ingress ready, dashboard: <internal-dashboard-url>
2026-09-18 21:47:03,345 INFO:   Poll ingress success: Job ingress ready, dashboard: <internal-dashboard-url>
2026-09-18 21:47:03,355 INFO:   Finalizing out-of-cluster job handle with ingress service url: 
2026-09-18 21:47:03,355 WARNING:   Empty ingress service url. Falling back to default server: 10.125.8.2:443
2026-09-18 21:47:03,425 INFO:   Found existing cached compile with hash: "cs_3310013607597699701"
2026-09-18 21:47:05,271 INFO:   Using power profile none

2026-09-18 21:47:05,285 INFO:   Compile artifacts successfully written to remote compile directory. Compile hash is: cs_3310013607597699701
2026-09-18 21:47:13,384 ERROR:   Image build job imgjob-42280d4f85d91291dacb2ef766350f15 failed. Please check the error log in $REPO_ROOT/model_dirs/hpcasia_learning/arxiv_20260918T122510.309655Z/tuning/confirm_w12_p1_s0_r3/model/cerebras_logs/20260918_213644/executors/000001/custom_worker_build.out. 
2026-09-18 21:47:13,385 INFO:   Falling back to venv mounting.
2026-09-18 21:47:13,388 INFO:   Compile was successful!
2026-09-18 21:47:13,388 INFO:   Programming Cerebras Wafer Scale Cluster for execution. This may take a few minutes.
2026-09-18 21:47:15,397 INFO:   Connectivity check: running command: ping -c 1 -W 3 10.125.8.2
2026-09-18 21:47:15,404 INFO:   Connectivity check succeeded.
2026-09-18 21:47:15,421 INFO:   Appliance client semantic version: 1.14.0, cluster server semantic version: 1.20.2, job operator semantic version: 1.20.2
2026-09-18 21:47:15,424 INFO:   Initiating a new execute wsjob against the cluster server.
2026-09-18 21:47:15,464 INFO:   Job id: wsjob-p5krrxjrpwjlrgjkegjlja, workflow id: wflow-ea49y6xqminzpkaosgpedi, namespace: job-operator, remote log path: /n1/wsjob/workdir/job-operator/wsjob-p5krrxjrpwjlrgjkegjlja
2026-09-18 21:47:35,465 INFO:   Poll ingress status: Waiting for all Worker pods to be running, current running: 0/1.
2026-09-18 21:47:35,469 INFO:   Recording the timestamp when jobs is scheduled.
2026-09-18 21:47:35,497 WARNING:   Event 2026-09-18 21:47:23 +0000 UTC reason=InconsistentVersion wsjob=wsjob-p5krrxjrpwjlrgjkegjlja message='Warning: client semantic version 1.14.0 is inconsistent with cluster server semantic version 1.20.2, there's a risk job could fail due to inconsistent setup.'
2026-09-18 21:47:35,497 INFO:   Infrastructure setup started for job wsjob-p5krrxjrpwjlrgjkegjlja
2026-09-18 21:47:45,497 INFO:   Poll ingress status: Waiting for all Activation pods to be running, current running: 0/21.
2026-09-18 21:47:45,511 INFO:   Infrastructure setup completed successfully for job wsjob-p5krrxjrpwjlrgjkegjlja
2026-09-18 21:47:55,511 INFO:   Infrastructure setup completed successfully for job wsjob-p5krrxjrpwjlrgjkegjlja
2026-09-18 21:48:05,512 INFO:   Poll ingress status: Job ingress ready, dashboard: <internal-dashboard-url>
2026-09-18 21:48:05,531 INFO:   Infrastructure setup completed successfully for job wsjob-p5krrxjrpwjlrgjkegjlja
2026-09-18 21:48:05,531 INFO:   Poll ingress success: Job ingress ready, dashboard: <internal-dashboard-url>
2026-09-18 21:48:05,543 INFO:   Finalizing out-of-cluster job handle with ingress service url: 
2026-09-18 21:48:05,543 WARNING:   Empty ingress service url. Falling back to default server: 10.125.8.2:443
2026-09-18 21:48:05,622 INFO:   Preparing to execute using 1 CSX
2026-09-18 21:48:23,016 INFO:   About to send initial weights
2026-09-18 21:48:23,211 INFO:   Finished sending initial weights
2026-09-18 21:48:23,212 INFO:   Finalizing appliance staging for the run
2026-09-18 21:48:29,791 INFO:   Waiting for device programming to complete
2026-09-18 21:48:43,517 INFO:   Device programming is complete
2026-09-18 21:48:43,816 INFO:   Using network type: ROCE
2026-09-18 21:48:43,816 INFO:   Waiting for input workers to prime the data pipeline and begin streaming ...
2026-09-18 21:48:43,825 INFO:   Input workers have begun streaming input data
2026-09-18 21:48:43,982 INFO:   Appliance staging is complete
2026-09-18 21:48:43,982 INFO:   Beginning appliance run
2026-09-18 21:48:54,723 INFO:   | Train Device=CSX, Step=10, Loss=3.37719, Rate=2771.49 samples/sec, GlobalRate=56.38 samples/sec, LoopTimeRemaining=0:20:04, TimeRemaining=0:20:04
2026-09-18 21:49:09,545 INFO:   | Train Device=CSX, Step=20, Loss=2.83006, Rate=2805.04 samples/sec, GlobalRate=110.50 samples/sec, LoopTimeRemaining=0:19:57, TimeRemaining=0:19:57
2026-09-18 21:49:28,252 INFO:   | Train Device=CSX, Step=30, Loss=2.48321, Rate=2727.30 samples/sec, GlobalRate=161.67 samples/sec, LoopTimeRemaining=0:19:42, TimeRemaining=0:19:42
2026-09-18 21:49:42,647 INFO:   | Train Device=CSX, Step=40, Loss=2.17466, Rate=2918.87 samples/sec, GlobalRate=211.55 samples/sec, LoopTimeRemaining=0:19:26, TimeRemaining=0:19:26
2026-09-18 21:50:01,446 INFO:   | Train Device=CSX, Step=50, Loss=1.85241, Rate=2707.97 samples/sec, GlobalRate=258.17 samples/sec, LoopTimeRemaining=0:19:07, TimeRemaining=0:19:07
2026-09-18 21:50:16,021 INFO:   | Train Device=CSX, Step=60, Loss=1.63806, Rate=2859.92 samples/sec, GlobalRate=304.22 samples/sec, LoopTimeRemaining=0:18:52, TimeRemaining=0:18:52
2026-09-18 21:50:34,694 INFO:   | Train Device=CSX, Step=70, Loss=1.52059, Rate=1569.06 samples/sec, GlobalRate=346.91 samples/sec, LoopTimeRemaining=0:18:34, TimeRemaining=0:18:34
2026-09-18 21:50:49,788 INFO:   | Train Device=CSX, Step=80, Loss=1.42359, Rate=2800.79 samples/sec, GlobalRate=389.35 samples/sec, LoopTimeRemaining=0:18:20, TimeRemaining=0:18:20
2026-09-18 21:51:03,984 INFO:   | Train Device=CSX, Step=90, Loss=1.41382, Rate=2907.63 samples/sec, GlobalRate=430.76 samples/sec, LoopTimeRemaining=0:18:01, TimeRemaining=0:18:01
2026-09-18 21:51:22,845 INFO:   | Train Device=CSX, Step=100, Loss=1.31883, Rate=2817.58 samples/sec, GlobalRate=468.30 samples/sec, LoopTimeRemaining=0:17:50, TimeRemaining=0:17:50
2026-09-18 21:51:37,437 INFO:   | Train Device=CSX, Step=110, Loss=1.27947, Rate=2910.95 samples/sec, GlobalRate=506.67 samples/sec, LoopTimeRemaining=0:17:34, TimeRemaining=0:17:34
2026-09-18 21:51:56,169 INFO:   | Train Device=CSX, Step=120, Loss=1.21283, Rate=2748.05 samples/sec, GlobalRate=541.33 samples/sec, LoopTimeRemaining=0:17:16, TimeRemaining=0:17:16
2026-09-18 21:52:10,816 INFO:   | Train Device=CSX, Step=130, Loss=1.25431, Rate=2866.38 samples/sec, GlobalRate=577.13 samples/sec, LoopTimeRemaining=0:17:01, TimeRemaining=0:17:01
2026-09-18 21:52:29,345 INFO:   | Train Device=CSX, Step=140, Loss=1.17677, Rate=2348.30 samples/sec, GlobalRate=609.29 samples/sec, LoopTimeRemaining=0:16:45, TimeRemaining=0:16:45
2026-09-18 21:52:43,975 INFO:   | Train Device=CSX, Step=150, Loss=1.18961, Rate=2811.67 samples/sec, GlobalRate=642.83 samples/sec, LoopTimeRemaining=0:16:33, TimeRemaining=0:16:33
2026-09-18 21:52:58,100 INFO:   | Train Device=CSX, Step=160, Loss=1.17591, Rate=2906.51 samples/sec, GlobalRate=675.69 samples/sec, LoopTimeRemaining=0:16:16, TimeRemaining=0:16:16
2026-09-18 21:53:17,845 INFO:   | Train Device=CSX, Step=170, Loss=1.11490, Rate=2555.10 samples/sec, GlobalRate=703.60 samples/sec, LoopTimeRemaining=0:16:05, TimeRemaining=0:16:05
2026-09-18 21:53:32,060 INFO:   | Train Device=CSX, Step=180, Loss=1.16431, Rate=2885.15 samples/sec, GlobalRate=734.43 samples/sec, LoopTimeRemaining=0:15:48, TimeRemaining=0:15:48
2026-09-18 21:53:50,933 INFO:   | Train Device=CSX, Step=190, Loss=1.17256, Rate=2786.62 samples/sec, GlobalRate=760.93 samples/sec, LoopTimeRemaining=0:15:36, TimeRemaining=0:15:36
2026-09-18 21:54:05,555 INFO:   | Train Device=CSX, Step=200, Loss=1.15904, Rate=2891.21 samples/sec, GlobalRate=789.69 samples/sec, LoopTimeRemaining=0:15:20, TimeRemaining=0:15:20
2026-09-18 21:54:23,976 INFO:   | Train Device=CSX, Step=210, Loss=1.11809, Rate=2612.06 samples/sec, GlobalRate=814.71 samples/sec, LoopTimeRemaining=0:15:05, TimeRemaining=0:15:05
2026-09-18 21:54:38,778 INFO:   | Train Device=CSX, Step=220, Loss=1.11506, Rate=2824.23 samples/sec, GlobalRate=841.70 samples/sec, LoopTimeRemaining=0:14:52, TimeRemaining=0:14:52
2026-09-18 21:54:53,160 INFO:   | Train Device=CSX, Step=230, Loss=1.00655, Rate=2895.19 samples/sec, GlobalRate=868.30 samples/sec, LoopTimeRemaining=0:14:36, TimeRemaining=0:14:36
2026-09-18 21:55:12,197 INFO:   | Train Device=CSX, Step=240, Loss=1.11497, Rate=2816.68 samples/sec, GlobalRate=890.43 samples/sec, LoopTimeRemaining=0:14:27, TimeRemaining=0:14:27
2026-09-18 21:55:26,872 INFO:   | Train Device=CSX, Step=250, Loss=1.07827, Rate=2662.98 samples/sec, GlobalRate=915.36 samples/sec, LoopTimeRemaining=0:14:08, TimeRemaining=0:14:08
2026-09-18 21:55:45,694 INFO:   | Train Device=CSX, Step=260, Loss=1.07885, Rate=2812.37 samples/sec, GlobalRate=936.22 samples/sec, LoopTimeRemaining=0:13:58, TimeRemaining=0:13:58
2026-09-18 21:56:00,570 INFO:   | Train Device=CSX, Step=270, Loss=1.08083, Rate=2783.16 samples/sec, GlobalRate=959.68 samples/sec, LoopTimeRemaining=0:13:40, TimeRemaining=0:13:40
2026-09-18 21:56:19,531 INFO:   | Train Device=CSX, Step=280, Loss=1.11849, Rate=2676.86 samples/sec, GlobalRate=979.11 samples/sec, LoopTimeRemaining=0:13:27, TimeRemaining=0:13:27
2026-09-18 21:56:34,215 INFO:   | Train Device=CSX, Step=290, Loss=1.06843, Rate=2882.50 samples/sec, GlobalRate=1001.53 samples/sec, LoopTimeRemaining=0:13:12, TimeRemaining=0:13:12
2026-09-18 21:56:52,270 INFO:   | Train Device=CSX, Step=300, Loss=1.02315, Rate=1624.17 samples/sec, GlobalRate=1020.53 samples/sec, LoopTimeRemaining=0:12:56, TimeRemaining=0:12:56
2026-09-18 21:57:06,905 INFO:   | Train Device=CSX, Step=310, Loss=1.04774, Rate=2797.91 samples/sec, GlobalRate=1041.88 samples/sec, LoopTimeRemaining=0:12:44, TimeRemaining=0:12:44
2026-09-18 21:57:21,115 INFO:   | Train Device=CSX, Step=320, Loss=1.09656, Rate=2876.65 samples/sec, GlobalRate=1063.11 samples/sec, LoopTimeRemaining=0:12:27, TimeRemaining=0:12:27
2026-09-18 21:57:40,480 INFO:   | Train Device=CSX, Step=330, Loss=1.02357, Rate=2798.74 samples/sec, GlobalRate=1079.36 samples/sec, LoopTimeRemaining=0:12:15, TimeRemaining=0:12:15
2026-09-18 21:57:54,838 INFO:   | Train Device=CSX, Step=340, Loss=1.03504, Rate=2872.08 samples/sec, GlobalRate=1099.46 samples/sec, LoopTimeRemaining=0:11:58, TimeRemaining=0:11:58
2026-09-18 21:58:13,654 INFO:   | Train Device=CSX, Step=350, Loss=0.99137, Rate=2782.83 samples/sec, GlobalRate=1115.24 samples/sec, LoopTimeRemaining=0:11:45, TimeRemaining=0:11:45
2026-09-18 21:58:28,339 INFO:   | Train Device=CSX, Step=360, Loss=1.03419, Rate=2852.85 samples/sec, GlobalRate=1134.14 samples/sec, LoopTimeRemaining=0:11:31, TimeRemaining=0:11:31
2026-09-18 21:58:46,817 INFO:   | Train Device=CSX, Step=370, Loss=1.01350, Rate=2375.95 samples/sec, GlobalRate=1149.31 samples/sec, LoopTimeRemaining=0:11:15, TimeRemaining=0:11:15
2026-09-18 21:59:01,814 INFO:   | Train Device=CSX, Step=380, Loss=1.02233, Rate=2701.24 samples/sec, GlobalRate=1167.10 samples/sec, LoopTimeRemaining=0:11:02, TimeRemaining=0:11:02
2026-09-18 21:59:16,029 INFO:   | Train Device=CSX, Step=390, Loss=1.02352, Rate=2888.03 samples/sec, GlobalRate=1185.18 samples/sec, LoopTimeRemaining=0:10:46, TimeRemaining=0:10:46
2026-09-18 21:59:35,274 INFO:   | Train Device=CSX, Step=400, Loss=0.95176, Rate=2709.21 samples/sec, GlobalRate=1198.46 samples/sec, LoopTimeRemaining=0:10:34, TimeRemaining=0:10:34
2026-09-18 21:59:49,773 INFO:   | Train Device=CSX, Step=410, Loss=1.01225, Rate=2886.10 samples/sec, GlobalRate=1215.53 samples/sec, LoopTimeRemaining=0:10:19, TimeRemaining=0:10:19
2026-09-18 22:00:08,571 INFO:   | Train Device=CSX, Step=420, Loss=1.01939, Rate=2759.45 samples/sec, GlobalRate=1228.47 samples/sec, LoopTimeRemaining=0:10:05, TimeRemaining=0:10:05
2026-09-18 22:00:23,015 INFO:   | Train Device=CSX, Step=430, Loss=1.00939, Rate=2902.95 samples/sec, GlobalRate=1244.87 samples/sec, LoopTimeRemaining=0:09:50, TimeRemaining=0:09:50
2026-09-18 22:00:41,829 INFO:   | Train Device=CSX, Step=440, Loss=0.98283, Rate=2632.73 samples/sec, GlobalRate=1257.10 samples/sec, LoopTimeRemaining=0:09:36, TimeRemaining=0:09:36
2026-09-18 22:00:56,779 INFO:   | Train Device=CSX, Step=450, Loss=0.99011, Rate=2830.25 samples/sec, GlobalRate=1272.41 samples/sec, LoopTimeRemaining=0:09:22, TimeRemaining=0:09:22
2026-09-18 22:01:11,310 INFO:   | Train Device=CSX, Step=460, Loss=0.83134, Rate=2792.89 samples/sec, GlobalRate=1287.78 samples/sec, LoopTimeRemaining=0:09:08, TimeRemaining=0:09:08
2026-09-18 22:01:31,030 INFO:   | Train Device=CSX, Step=470, Loss=1.00034, Rate=2708.17 samples/sec, GlobalRate=1298.26 samples/sec, LoopTimeRemaining=0:08:56, TimeRemaining=0:08:56
2026-09-18 22:01:45,783 INFO:   | Train Device=CSX, Step=480, Loss=0.98702, Rate=2807.84 samples/sec, GlobalRate=1312.82 samples/sec, LoopTimeRemaining=0:08:42, TimeRemaining=0:08:42
2026-09-18 22:02:05,089 INFO:   | Train Device=CSX, Step=490, Loss=0.97330, Rate=2737.04 samples/sec, GlobalRate=1323.12 samples/sec, LoopTimeRemaining=0:08:29, TimeRemaining=0:08:29
2026-09-18 22:02:19,717 INFO:   | Train Device=CSX, Step=500, Loss=1.00344, Rate=2856.81 samples/sec, GlobalRate=1337.22 samples/sec, LoopTimeRemaining=0:08:15, TimeRemaining=0:08:15
2026-09-18 22:02:38,586 INFO:   | Train Device=CSX, Step=510, Loss=1.00507, Rate=2711.82 samples/sec, GlobalRate=1347.37 samples/sec, LoopTimeRemaining=0:08:02, TimeRemaining=0:08:02
2026-09-18 22:02:53,297 INFO:   | Train Device=CSX, Step=520, Loss=0.98381, Rate=2879.51 samples/sec, GlobalRate=1360.87 samples/sec, LoopTimeRemaining=0:07:46, TimeRemaining=0:07:46
2026-09-18 22:03:12,092 INFO:   | Train Device=CSX, Step=530, Loss=0.94830, Rate=1571.10 samples/sec, GlobalRate=1370.59 samples/sec, LoopTimeRemaining=0:07:31, TimeRemaining=0:07:31
2026-09-18 22:03:26,858 INFO:   | Train Device=CSX, Step=540, Loss=0.95079, Rate=2815.00 samples/sec, GlobalRate=1383.55 samples/sec, LoopTimeRemaining=0:07:18, TimeRemaining=0:07:18
2026-09-18 22:03:41,286 INFO:   | Train Device=CSX, Step=550, Loss=1.00937, Rate=2632.26 samples/sec, GlobalRate=1396.57 samples/sec, LoopTimeRemaining=0:07:01, TimeRemaining=0:07:01
2026-09-18 22:04:00,455 INFO:   | Train Device=CSX, Step=560, Loss=0.93659, Rate=2777.13 samples/sec, GlobalRate=1405.26 samples/sec, LoopTimeRemaining=0:06:47, TimeRemaining=0:06:47
2026-09-18 22:04:14,813 INFO:   | Train Device=CSX, Step=570, Loss=0.95333, Rate=2922.11 samples/sec, GlobalRate=1417.88 samples/sec, LoopTimeRemaining=0:06:31, TimeRemaining=0:06:31
2026-09-18 22:04:33,762 INFO:   | Train Device=CSX, Step=580, Loss=0.92384, Rate=2546.41 samples/sec, GlobalRate=1426.34 samples/sec, LoopTimeRemaining=0:06:16, TimeRemaining=0:06:16
2026-09-18 22:04:48,234 INFO:   | Train Device=CSX, Step=590, Loss=0.94783, Rate=2881.39 samples/sec, GlobalRate=1438.43 samples/sec, LoopTimeRemaining=0:06:01, TimeRemaining=0:06:01
2026-09-18 22:05:07,260 INFO:   | Train Device=CSX, Step=600, Loss=0.94085, Rate=2106.48 samples/sec, GlobalRate=1446.43 samples/sec, LoopTimeRemaining=0:05:45, TimeRemaining=0:05:45
2026-09-18 22:05:21,996 INFO:   | Train Device=CSX, Step=610, Loss=0.96154, Rate=2825.47 samples/sec, GlobalRate=1457.90 samples/sec, LoopTimeRemaining=0:05:32, TimeRemaining=0:05:32
2026-09-18 22:05:36,138 INFO:   | Train Device=CSX, Step=620, Loss=0.96023, Rate=2915.81 samples/sec, GlobalRate=1469.67 samples/sec, LoopTimeRemaining=0:05:16, TimeRemaining=0:05:16
2026-09-18 22:05:54,957 INFO:   | Train Device=CSX, Step=630, Loss=0.88383, Rate=2800.39 samples/sec, GlobalRate=1477.29 samples/sec, LoopTimeRemaining=0:05:03, TimeRemaining=0:05:03
2026-09-18 22:06:09,249 INFO:   | Train Device=CSX, Step=640, Loss=0.94627, Rate=2901.92 samples/sec, GlobalRate=1488.56 samples/sec, LoopTimeRemaining=0:04:47, TimeRemaining=0:04:47
2026-09-18 22:06:27,904 INFO:   | Train Device=CSX, Step=650, Loss=0.95839, Rate=2797.16 samples/sec, GlobalRate=1495.97 samples/sec, LoopTimeRemaining=0:04:34, TimeRemaining=0:04:34
2026-09-18 22:06:42,384 INFO:   | Train Device=CSX, Step=660, Loss=0.95843, Rate=2878.79 samples/sec, GlobalRate=1506.72 samples/sec, LoopTimeRemaining=0:04:19, TimeRemaining=0:04:19
2026-09-18 22:07:01,132 INFO:   | Train Device=CSX, Step=670, Loss=0.94455, Rate=2636.53 samples/sec, GlobalRate=1513.73 samples/sec, LoopTimeRemaining=0:04:04, TimeRemaining=0:04:04
2026-09-18 22:07:15,878 INFO:   | Train Device=CSX, Step=680, Loss=0.91685, Rate=2862.69 samples/sec, GlobalRate=1523.93 samples/sec, LoopTimeRemaining=0:03:50, TimeRemaining=0:03:50
2026-09-18 22:07:30,054 INFO:   | Train Device=CSX, Step=690, Loss=0.68704, Rate=2905.88 samples/sec, GlobalRate=1534.44 samples/sec, LoopTimeRemaining=0:03:35, TimeRemaining=0:03:35
2026-09-18 22:07:49,492 INFO:   | Train Device=CSX, Step=700, Loss=0.93142, Rate=2799.84 samples/sec, GlobalRate=1540.42 samples/sec, LoopTimeRemaining=0:03:21, TimeRemaining=0:03:21
2026-09-18 22:08:03,991 INFO:   | Train Device=CSX, Step=710, Loss=0.93340, Rate=2882.42 samples/sec, GlobalRate=1550.35 samples/sec, LoopTimeRemaining=0:03:07, TimeRemaining=0:03:07
2026-09-18 22:08:22,873 INFO:   | Train Device=CSX, Step=720, Loss=0.90596, Rate=2801.36 samples/sec, GlobalRate=1556.52 samples/sec, LoopTimeRemaining=0:02:53, TimeRemaining=0:02:53
2026-09-18 22:08:37,334 INFO:   | Train Device=CSX, Step=730, Loss=0.95365, Rate=2828.89 samples/sec, GlobalRate=1566.19 samples/sec, LoopTimeRemaining=0:02:38, TimeRemaining=0:02:38
2026-09-18 22:08:56,355 INFO:   | Train Device=CSX, Step=740, Loss=0.94926, Rate=2716.17 samples/sec, GlobalRate=1571.98 samples/sec, LoopTimeRemaining=0:02:24, TimeRemaining=0:02:24
2026-09-18 22:09:11,075 INFO:   | Train Device=CSX, Step=750, Loss=0.92081, Rate=2856.41 samples/sec, GlobalRate=1581.15 samples/sec, LoopTimeRemaining=0:02:10, TimeRemaining=0:02:10
2026-09-18 22:09:30,011 INFO:   | Train Device=CSX, Step=760, Loss=0.89147, Rate=1571.27 samples/sec, GlobalRate=1586.77 samples/sec, LoopTimeRemaining=0:01:55, TimeRemaining=0:01:55
2026-09-18 22:09:44,611 INFO:   | Train Device=CSX, Step=770, Loss=0.89479, Rate=2779.26 samples/sec, GlobalRate=1595.77 samples/sec, LoopTimeRemaining=0:01:41, TimeRemaining=0:01:41
2026-09-18 22:09:58,875 INFO:   | Train Device=CSX, Step=780, Loss=0.95341, Rate=2888.54 samples/sec, GlobalRate=1604.91 samples/sec, LoopTimeRemaining=0:01:26, TimeRemaining=0:01:26
2026-09-18 22:10:17,760 INFO:   | Train Device=CSX, Step=790, Loss=0.88534, Rate=2807.73 samples/sec, GlobalRate=1610.21 samples/sec, LoopTimeRemaining=0:01:12, TimeRemaining=0:01:12
2026-09-18 22:10:32,448 INFO:   | Train Device=CSX, Step=800, Loss=0.91665, Rate=2854.43 samples/sec, GlobalRate=1618.76 samples/sec, LoopTimeRemaining=0:00:58, TimeRemaining=0:00:58
2026-09-18 22:10:51,203 INFO:   | Train Device=CSX, Step=810, Loss=0.87442, Rate=2786.81 samples/sec, GlobalRate=1623.95 samples/sec, LoopTimeRemaining=0:00:43, TimeRemaining=0:00:43
2026-09-18 22:11:05,680 INFO:   | Train Device=CSX, Step=820, Loss=0.91729, Rate=2870.07 samples/sec, GlobalRate=1632.43 samples/sec, LoopTimeRemaining=0:00:29, TimeRemaining=0:00:29
2026-09-18 22:11:24,282 INFO:   | Train Device=CSX, Step=830, Loss=0.90653, Rate=2303.12 samples/sec, GlobalRate=1637.53 samples/sec, LoopTimeRemaining=0:00:14, TimeRemaining=0:00:14
2026-09-18 22:11:38,956 INFO:   | Train Device=CSX, Step=840, Loss=0.90973, Rate=2840.17 samples/sec, GlobalRate=1645.63 samples/sec, LoopTimeRemaining=0:00:00, TimeRemaining=0:00:00
2026-09-18 22:11:39,079 INFO:   Training completed successfully!
2026-09-18 22:11:39,095 INFO:   Processed 3440640 training sample(s) in 2093.87342238 seconds.
