[non_gnn] hostname=<compute-node> job=0:5977.nqsv config=$REPO_ROOT/model_dirs/non_gnn/campaign_gpu_20260918_172316_310e21d8/bert_large_msl512_native/params.yaml
[non_gnn] commit=f6cda4a8f9812b759e60a0505ae59d728d071015
Fri Sep 18 17:30:59 2026       
+-----------------------------------------------------------------------------------------+
| NVIDIA-SMI 580.95.05              Driver Version: 580.95.05      CUDA Version: 13.0     |
+-----------------------------------------+------------------------+----------------------+
| GPU  Name                 Persistence-M | Bus-Id          Disp.A | Volatile Uncorr. ECC |
| Fan  Temp   Perf          Pwr:Usage/Cap |           Memory-Usage | GPU-Util  Compute M. |
|                                         |                        |               MIG M. |
|=========================================+========================+======================|
|   0  NVIDIA H100 PCIe               On  |   00000000:16:00.0 Off |                    0 |
| N/A   30C    P0             48W /  350W |       0MiB /  81559MiB |      0%      Default |
|                                         |                        |             Disabled |
+-----------------------------------------+------------------------+----------------------+

+-----------------------------------------------------------------------------------------+
| Processes:                                                                              |
|  GPU   GI   CI              PID   Type   Process name                        GPU Memory |
|        ID   ID                                                               Usage      |
|=========================================================================================|
|  No running processes found                                                             |
+-----------------------------------------------------------------------------------------+
{"event": "train", "step": 1, "loss": 4.548236846923828, "elapsed_seconds": 7.666327070997795, "samples": 64, "valid_tokens": 8343, "warmup": true}
{"event": "train", "step": 2, "loss": 4.339870929718018, "elapsed_seconds": 8.439223755995044, "samples": 128, "valid_tokens": 16220, "warmup": true}
{"event": "train", "step": 3, "loss": 7.990476608276367, "elapsed_seconds": 9.153080730990041, "samples": 192, "valid_tokens": 24663, "warmup": true}
{"event": "train", "step": 4, "loss": 4.921557426452637, "elapsed_seconds": 9.866064536006888, "samples": 256, "valid_tokens": 33390, "warmup": true}
{"event": "train", "step": 5, "loss": 5.323118686676025, "elapsed_seconds": 10.587247845978709, "samples": 320, "valid_tokens": 42543, "warmup": true}
{"event": "train", "step": 6, "loss": 4.0340471267700195, "elapsed_seconds": 11.298324748990126, "samples": 384, "valid_tokens": 50430, "warmup": true}
{"event": "train", "step": 7, "loss": 4.516479015350342, "elapsed_seconds": 12.010891541984165, "samples": 448, "valid_tokens": 58862, "warmup": true}
{"event": "train", "step": 8, "loss": 4.756557941436768, "elapsed_seconds": 12.725115323992213, "samples": 512, "valid_tokens": 67842, "warmup": true}
{"event": "train", "step": 9, "loss": 4.275145530700684, "elapsed_seconds": 13.438068007002585, "samples": 576, "valid_tokens": 76585, "warmup": true}
{"event": "train", "step": 10, "loss": 4.556491374969482, "elapsed_seconds": 14.15281240598415, "samples": 640, "valid_tokens": 86339, "warmup": true}
{"event": "train", "step": 11, "loss": 4.029604911804199, "elapsed_seconds": 14.872019400994759, "samples": 704, "valid_tokens": 94472, "warmup": true}
{"event": "train", "step": 12, "loss": 3.9577531814575195, "elapsed_seconds": 15.588524007995147, "samples": 768, "valid_tokens": 102363, "warmup": true}
{"event": "train", "step": 13, "loss": 4.06465482711792, "elapsed_seconds": 16.30535456299549, "samples": 832, "valid_tokens": 110546, "warmup": true}
{"event": "train", "step": 14, "loss": 3.8323428630828857, "elapsed_seconds": 17.020658888999606, "samples": 896, "valid_tokens": 118609, "warmup": true}
{"event": "train", "step": 15, "loss": 3.932119369506836, "elapsed_seconds": 17.73560725498828, "samples": 960, "valid_tokens": 127255, "warmup": true}
{"event": "train", "step": 16, "loss": 3.9262900352478027, "elapsed_seconds": 18.45495518500684, "samples": 1024, "valid_tokens": 135132, "warmup": true}
{"event": "train", "step": 17, "loss": 4.612148761749268, "elapsed_seconds": 19.177153986005578, "samples": 1088, "valid_tokens": 145204, "warmup": true}
{"event": "train", "step": 18, "loss": 3.7437846660614014, "elapsed_seconds": 19.89909651398193, "samples": 1152, "valid_tokens": 152764, "warmup": true}
{"event": "train", "step": 19, "loss": 3.5752742290496826, "elapsed_seconds": 20.612490772997262, "samples": 1216, "valid_tokens": 160805, "warmup": true}
{"event": "train", "step": 20, "loss": 3.4982333183288574, "elapsed_seconds": 21.330108970985748, "samples": 1280, "valid_tokens": 168485, "warmup": true}
{"event": "train", "step": 21, "loss": 4.209278106689453, "elapsed_seconds": 22.047746970987646, "samples": 1344, "valid_tokens": 178182, "warmup": false}
{"event": "train", "step": 22, "loss": 3.781899929046631, "elapsed_seconds": 22.764600064983824, "samples": 1408, "valid_tokens": 186582, "warmup": false}
{"event": "train", "step": 23, "loss": 3.8303489685058594, "elapsed_seconds": 23.4753699269786, "samples": 1472, "valid_tokens": 195155, "warmup": false}
{"event": "train", "step": 24, "loss": 3.8252015113830566, "elapsed_seconds": 24.190197122981772, "samples": 1536, "valid_tokens": 203762, "warmup": false}
{"event": "train", "step": 25, "loss": 4.151432037353516, "elapsed_seconds": 24.90236158898915, "samples": 1600, "valid_tokens": 213428, "warmup": false}
{"event": "train", "step": 26, "loss": 3.601048469543457, "elapsed_seconds": 25.61150049799471, "samples": 1664, "valid_tokens": 221732, "warmup": false}
{"event": "train", "step": 27, "loss": 4.050921440124512, "elapsed_seconds": 26.33285232898197, "samples": 1728, "valid_tokens": 231237, "warmup": false}
{"event": "train", "step": 28, "loss": 3.4354567527770996, "elapsed_seconds": 27.049614889983786, "samples": 1792, "valid_tokens": 239263, "warmup": false}
{"event": "train", "step": 29, "loss": 3.9512104988098145, "elapsed_seconds": 27.766428528004326, "samples": 1856, "valid_tokens": 248569, "warmup": false}
{"event": "train", "step": 30, "loss": 3.691359519958496, "elapsed_seconds": 28.476147844980005, "samples": 1920, "valid_tokens": 257118, "warmup": false}
{"event": "train", "step": 31, "loss": 3.7033181190490723, "elapsed_seconds": 29.186258812987944, "samples": 1984, "valid_tokens": 266050, "warmup": false}
{"event": "train", "step": 32, "loss": 3.6332039833068848, "elapsed_seconds": 29.900318219995825, "samples": 2048, "valid_tokens": 274616, "warmup": false}
{"event": "train", "step": 33, "loss": 3.505253791809082, "elapsed_seconds": 30.60984695298248, "samples": 2112, "valid_tokens": 282921, "warmup": false}
{"event": "train", "step": 34, "loss": 3.6792445182800293, "elapsed_seconds": 31.322097075986676, "samples": 2176, "valid_tokens": 291782, "warmup": false}
{"event": "train", "step": 35, "loss": 3.7067832946777344, "elapsed_seconds": 32.032774163002614, "samples": 2240, "valid_tokens": 300854, "warmup": false}
{"event": "train", "step": 36, "loss": 3.466818332672119, "elapsed_seconds": 32.74213087299722, "samples": 2304, "valid_tokens": 309326, "warmup": false}
{"event": "train", "step": 37, "loss": 3.6627748012542725, "elapsed_seconds": 33.452852922986494, "samples": 2368, "valid_tokens": 318406, "warmup": false}
{"event": "train", "step": 38, "loss": 3.6050102710723877, "elapsed_seconds": 34.16849728199304, "samples": 2432, "valid_tokens": 327224, "warmup": false}
{"event": "train", "step": 39, "loss": 3.80381441116333, "elapsed_seconds": 34.87948957900517, "samples": 2496, "valid_tokens": 336493, "warmup": false}
{"event": "train", "step": 40, "loss": 3.6972808837890625, "elapsed_seconds": 35.59017378199496, "samples": 2560, "valid_tokens": 345252, "warmup": false}
{"event": "train", "step": 41, "loss": 3.60998272895813, "elapsed_seconds": 36.30430698499549, "samples": 2624, "valid_tokens": 354206, "warmup": false}
{"event": "train", "step": 42, "loss": 3.7012393474578857, "elapsed_seconds": 37.018404398986604, "samples": 2688, "valid_tokens": 363170, "warmup": false}
{"event": "train", "step": 43, "loss": 3.581986665725708, "elapsed_seconds": 37.72891052800696, "samples": 2752, "valid_tokens": 371877, "warmup": false}
{"event": "train", "step": 44, "loss": 3.7729663848876953, "elapsed_seconds": 38.439657665992854, "samples": 2816, "valid_tokens": 381234, "warmup": false}
{"event": "train", "step": 45, "loss": 3.614882469177246, "elapsed_seconds": 39.149982450006064, "samples": 2880, "valid_tokens": 389902, "warmup": false}
{"event": "train", "step": 46, "loss": 3.864504814147949, "elapsed_seconds": 39.86018645198783, "samples": 2944, "valid_tokens": 399498, "warmup": false}
{"event": "train", "step": 47, "loss": 3.5708870887756348, "elapsed_seconds": 40.57193527297932, "samples": 3008, "valid_tokens": 408262, "warmup": false}
{"event": "train", "step": 48, "loss": 3.8777966499328613, "elapsed_seconds": 41.28476645599585, "samples": 3072, "valid_tokens": 417733, "warmup": false}
{"event": "train", "step": 49, "loss": 3.7920165061950684, "elapsed_seconds": 41.99906791799003, "samples": 3136, "valid_tokens": 427028, "warmup": false}
{"event": "train", "step": 50, "loss": 3.678770065307617, "elapsed_seconds": 42.712913200986804, "samples": 3200, "valid_tokens": 435878, "warmup": false}
{"event": "train", "step": 51, "loss": 3.088545322418213, "elapsed_seconds": 43.42708728899015, "samples": 3264, "valid_tokens": 443475, "warmup": false}
{"event": "train", "step": 52, "loss": 3.633354663848877, "elapsed_seconds": 44.137389107985655, "samples": 3328, "valid_tokens": 452609, "warmup": false}
{"event": "train", "step": 53, "loss": 3.400062084197998, "elapsed_seconds": 44.84857219699188, "samples": 3392, "valid_tokens": 460915, "warmup": false}
{"event": "train", "step": 54, "loss": 3.6688408851623535, "elapsed_seconds": 45.55980307399295, "samples": 3456, "valid_tokens": 470164, "warmup": false}
{"event": "train", "step": 55, "loss": 3.6603569984436035, "elapsed_seconds": 46.27134717698209, "samples": 3520, "valid_tokens": 479317, "warmup": false}
{"event": "train", "step": 56, "loss": 3.9316201210021973, "elapsed_seconds": 46.98380104100215, "samples": 3584, "valid_tokens": 489331, "warmup": false}
{"event": "train", "step": 57, "loss": 3.4357481002807617, "elapsed_seconds": 47.69384229899151, "samples": 3648, "valid_tokens": 497812, "warmup": false}
{"event": "train", "step": 58, "loss": 3.432039737701416, "elapsed_seconds": 48.404435540986015, "samples": 3712, "valid_tokens": 506435, "warmup": false}
{"event": "train", "step": 59, "loss": 3.5383481979370117, "elapsed_seconds": 49.11574933800148, "samples": 3776, "valid_tokens": 515172, "warmup": false}
{"event": "train", "step": 60, "loss": 3.291530132293701, "elapsed_seconds": 49.826586506998865, "samples": 3840, "valid_tokens": 523407, "warmup": false}
{"event": "train", "step": 61, "loss": 3.031857490539551, "elapsed_seconds": 50.53644589998294, "samples": 3904, "valid_tokens": 530744, "warmup": false}
{"event": "train", "step": 62, "loss": 3.470120906829834, "elapsed_seconds": 51.24735706899082, "samples": 3968, "valid_tokens": 539332, "warmup": false}
{"event": "train", "step": 63, "loss": 3.3694441318511963, "elapsed_seconds": 51.96392130898312, "samples": 4032, "valid_tokens": 547513, "warmup": false}
{"event": "train", "step": 64, "loss": 3.863372802734375, "elapsed_seconds": 52.6864851989958, "samples": 4096, "valid_tokens": 557362, "warmup": false}
{"event": "train", "step": 65, "loss": 3.4440650939941406, "elapsed_seconds": 53.40674686199054, "samples": 4160, "valid_tokens": 565963, "warmup": false}
{"event": "train", "step": 66, "loss": 3.8474154472351074, "elapsed_seconds": 54.12520332899294, "samples": 4224, "valid_tokens": 575491, "warmup": false}
{"event": "train", "step": 67, "loss": 3.3728244304656982, "elapsed_seconds": 54.84534204998636, "samples": 4288, "valid_tokens": 583771, "warmup": false}
{"event": "train", "step": 68, "loss": 3.5748188495635986, "elapsed_seconds": 55.5591395770025, "samples": 4352, "valid_tokens": 592595, "warmup": false}
{"event": "train", "step": 69, "loss": 3.342869997024536, "elapsed_seconds": 56.26935470098397, "samples": 4416, "valid_tokens": 600621, "warmup": false}
{"event": "train", "step": 70, "loss": 3.5691580772399902, "elapsed_seconds": 56.98247731200536, "samples": 4480, "valid_tokens": 609540, "warmup": false}
{"event": "train", "step": 71, "loss": 3.52242112159729, "elapsed_seconds": 57.69957344100112, "samples": 4544, "valid_tokens": 618243, "warmup": false}
{"event": "train", "step": 72, "loss": 3.354461908340454, "elapsed_seconds": 58.413834314997075, "samples": 4608, "valid_tokens": 626625, "warmup": false}
{"event": "train", "step": 73, "loss": 3.5645711421966553, "elapsed_seconds": 59.12442103397916, "samples": 4672, "valid_tokens": 635327, "warmup": false}
{"event": "train", "step": 74, "loss": 3.3162283897399902, "elapsed_seconds": 59.83576478000032, "samples": 4736, "valid_tokens": 643373, "warmup": false}
{"event": "train", "step": 75, "loss": 3.5475785732269287, "elapsed_seconds": 60.546732753980905, "samples": 4800, "valid_tokens": 652204, "warmup": false}
{"event": "train", "step": 76, "loss": 3.410569190979004, "elapsed_seconds": 61.25728177599376, "samples": 4864, "valid_tokens": 660573, "warmup": false}
{"event": "train", "step": 77, "loss": 3.7011630535125732, "elapsed_seconds": 61.96775505199912, "samples": 4928, "valid_tokens": 670018, "warmup": false}
{"event": "train", "step": 78, "loss": 2.9466118812561035, "elapsed_seconds": 62.67947578598978, "samples": 4992, "valid_tokens": 677079, "warmup": false}
{"event": "train", "step": 79, "loss": 3.5449843406677246, "elapsed_seconds": 63.39067917500506, "samples": 5056, "valid_tokens": 685992, "warmup": false}
{"event": "train", "step": 80, "loss": 3.752101421356201, "elapsed_seconds": 64.10290506799356, "samples": 5120, "valid_tokens": 695245, "warmup": false}
{"event": "train", "step": 81, "loss": 4.311410903930664, "elapsed_seconds": 64.81579035299364, "samples": 5184, "valid_tokens": 705874, "warmup": false}
{"event": "train", "step": 82, "loss": 2.947744131088257, "elapsed_seconds": 65.53193886700319, "samples": 5248, "valid_tokens": 712952, "warmup": false}
{"event": "train", "step": 83, "loss": 3.191528797149658, "elapsed_seconds": 66.24285065598087, "samples": 5312, "valid_tokens": 720861, "warmup": false}
{"event": "train", "step": 84, "loss": 3.898432970046997, "elapsed_seconds": 66.95401856198441, "samples": 5376, "valid_tokens": 730608, "warmup": false}
{"event": "train", "step": 85, "loss": 3.28722882270813, "elapsed_seconds": 67.66815050898003, "samples": 5440, "valid_tokens": 738657, "warmup": false}
{"event": "train", "step": 86, "loss": 3.483405351638794, "elapsed_seconds": 68.3802745709836, "samples": 5504, "valid_tokens": 747344, "warmup": false}
{"event": "train", "step": 87, "loss": 3.4974420070648193, "elapsed_seconds": 69.09121897499426, "samples": 5568, "valid_tokens": 756024, "warmup": false}
{"event": "train", "step": 88, "loss": 3.6229093074798584, "elapsed_seconds": 69.8025068109855, "samples": 5632, "valid_tokens": 765338, "warmup": false}
{"event": "train", "step": 89, "loss": 3.5213866233825684, "elapsed_seconds": 70.51411614698009, "samples": 5696, "valid_tokens": 774487, "warmup": false}
{"event": "train", "step": 90, "loss": 3.5123207569122314, "elapsed_seconds": 71.22500292098266, "samples": 5760, "valid_tokens": 782985, "warmup": false}
{"event": "train", "step": 91, "loss": 3.549738883972168, "elapsed_seconds": 71.93464161199518, "samples": 5824, "valid_tokens": 791278, "warmup": false}
{"event": "train", "step": 92, "loss": 3.7944068908691406, "elapsed_seconds": 72.64526619500248, "samples": 5888, "valid_tokens": 800744, "warmup": false}
{"event": "train", "step": 93, "loss": 3.5711700916290283, "elapsed_seconds": 73.36132797898608, "samples": 5952, "valid_tokens": 809619, "warmup": false}
{"event": "train", "step": 94, "loss": 3.454735279083252, "elapsed_seconds": 74.07284262499888, "samples": 6016, "valid_tokens": 818213, "warmup": false}
{"event": "train", "step": 95, "loss": 3.646031618118286, "elapsed_seconds": 74.789865017985, "samples": 6080, "valid_tokens": 827300, "warmup": false}
{"event": "train", "step": 96, "loss": 3.789890766143799, "elapsed_seconds": 75.50003505600034, "samples": 6144, "valid_tokens": 836903, "warmup": false}
{"event": "train", "step": 97, "loss": 3.5081894397735596, "elapsed_seconds": 76.21074040199164, "samples": 6208, "valid_tokens": 845767, "warmup": false}
{"event": "train", "step": 98, "loss": 3.1160383224487305, "elapsed_seconds": 76.92011221899884, "samples": 6272, "valid_tokens": 853093, "warmup": false}
{"event": "train", "step": 99, "loss": 3.5179193019866943, "elapsed_seconds": 77.629745334998, "samples": 6336, "valid_tokens": 861769, "warmup": false}
{"event": "train", "step": 100, "loss": 3.737154960632324, "elapsed_seconds": 78.33983909399831, "samples": 6400, "valid_tokens": 871035, "warmup": false}
{"event": "train", "step": 101, "loss": 3.4309442043304443, "elapsed_seconds": 79.04803623899352, "samples": 6464, "valid_tokens": 879471, "warmup": false}
{"event": "train", "step": 102, "loss": 3.4836323261260986, "elapsed_seconds": 79.75727802299662, "samples": 6528, "valid_tokens": 888410, "warmup": false}
{"event": "train", "step": 103, "loss": 3.3858063220977783, "elapsed_seconds": 80.46614131098613, "samples": 6592, "valid_tokens": 896675, "warmup": false}
{"event": "train", "step": 104, "loss": 3.627319812774658, "elapsed_seconds": 81.17547606100561, "samples": 6656, "valid_tokens": 905743, "warmup": false}
{"event": "train", "step": 105, "loss": 3.6903321743011475, "elapsed_seconds": 81.88558128400473, "samples": 6720, "valid_tokens": 914742, "warmup": false}
{"event": "train", "step": 106, "loss": 3.4510936737060547, "elapsed_seconds": 82.59619085400482, "samples": 6784, "valid_tokens": 923180, "warmup": false}
{"event": "train", "step": 107, "loss": 3.754403591156006, "elapsed_seconds": 83.30860683400533, "samples": 6848, "valid_tokens": 932392, "warmup": false}
{"event": "train", "step": 108, "loss": 3.4613168239593506, "elapsed_seconds": 84.02057991598849, "samples": 6912, "valid_tokens": 941013, "warmup": false}
{"event": "train", "step": 109, "loss": 3.5731589794158936, "elapsed_seconds": 84.73831900698133, "samples": 6976, "valid_tokens": 949934, "warmup": false}
{"event": "train", "step": 110, "loss": 3.027172327041626, "elapsed_seconds": 85.4506223849894, "samples": 7040, "valid_tokens": 957107, "warmup": false}
{"event": "train", "step": 111, "loss": 3.3053762912750244, "elapsed_seconds": 86.16971589397872, "samples": 7104, "valid_tokens": 965308, "warmup": false}
{"event": "train", "step": 112, "loss": 4.014941692352295, "elapsed_seconds": 86.88827328098705, "samples": 7168, "valid_tokens": 975762, "warmup": false}
{"event": "train", "step": 113, "loss": 3.359239339828491, "elapsed_seconds": 87.6053278039908, "samples": 7232, "valid_tokens": 983966, "warmup": false}
{"event": "train", "step": 114, "loss": 3.351433038711548, "elapsed_seconds": 88.32382385898381, "samples": 7296, "valid_tokens": 992378, "warmup": false}
{"event": "train", "step": 115, "loss": 4.010528564453125, "elapsed_seconds": 89.04267190999235, "samples": 7360, "valid_tokens": 1002539, "warmup": false}
{"event": "train", "step": 116, "loss": 3.5192041397094727, "elapsed_seconds": 89.7597792519955, "samples": 7424, "valid_tokens": 1011125, "warmup": false}
{"event": "train", "step": 117, "loss": 3.1170542240142822, "elapsed_seconds": 90.4752284239803, "samples": 7488, "valid_tokens": 1018858, "warmup": false}
{"event": "train", "step": 118, "loss": 3.7991178035736084, "elapsed_seconds": 91.19194033098756, "samples": 7552, "valid_tokens": 1028256, "warmup": false}
{"event": "train", "step": 119, "loss": 3.118950366973877, "elapsed_seconds": 91.90897801599931, "samples": 7616, "valid_tokens": 1035959, "warmup": false}
{"event": "train", "step": 120, "loss": 3.506533622741699, "elapsed_seconds": 92.61831526298192, "samples": 7680, "valid_tokens": 1044443, "warmup": false}
{"event": "train", "step": 121, "loss": 3.5088999271392822, "elapsed_seconds": 93.32691480699577, "samples": 7744, "valid_tokens": 1053167, "warmup": false}
{"event": "train", "step": 122, "loss": 3.390991687774658, "elapsed_seconds": 94.03449923498556, "samples": 7808, "valid_tokens": 1061545, "warmup": false}
{"event": "train", "step": 123, "loss": 3.4937405586242676, "elapsed_seconds": 94.74318085698178, "samples": 7872, "valid_tokens": 1070132, "warmup": false}
{"event": "train", "step": 124, "loss": 3.2417404651641846, "elapsed_seconds": 95.45115283998894, "samples": 7936, "valid_tokens": 1077934, "warmup": false}
{"event": "train", "step": 125, "loss": 3.7381930351257324, "elapsed_seconds": 96.1669934829988, "samples": 8000, "valid_tokens": 1087198, "warmup": false}
{"event": "train", "step": 126, "loss": 3.317155599594116, "elapsed_seconds": 96.87461724298191, "samples": 8064, "valid_tokens": 1095341, "warmup": false}
{"event": "train", "step": 127, "loss": 3.3729119300842285, "elapsed_seconds": 97.5831136170018, "samples": 8128, "valid_tokens": 1103522, "warmup": false}
{"event": "train", "step": 128, "loss": 3.2275519371032715, "elapsed_seconds": 98.29160722598317, "samples": 8192, "valid_tokens": 1111517, "warmup": false}
{"event": "train", "step": 129, "loss": 3.5769214630126953, "elapsed_seconds": 99.00058651098516, "samples": 8256, "valid_tokens": 1120152, "warmup": false}
{"event": "train", "step": 130, "loss": 3.013268232345581, "elapsed_seconds": 99.70977566900547, "samples": 8320, "valid_tokens": 1127491, "warmup": false}
{"event": "train", "step": 131, "loss": 3.3602123260498047, "elapsed_seconds": 100.4179109709803, "samples": 8384, "valid_tokens": 1135928, "warmup": false}
{"event": "train", "step": 132, "loss": 3.295593500137329, "elapsed_seconds": 101.132611456007, "samples": 8448, "valid_tokens": 1144050, "warmup": false}
{"event": "train", "step": 133, "loss": 3.503803014755249, "elapsed_seconds": 101.84760484899743, "samples": 8512, "valid_tokens": 1152689, "warmup": false}
{"event": "train", "step": 134, "loss": 3.7733607292175293, "elapsed_seconds": 102.55764535500202, "samples": 8576, "valid_tokens": 1162267, "warmup": false}
{"event": "train", "step": 135, "loss": 3.845524549484253, "elapsed_seconds": 103.26861547399312, "samples": 8640, "valid_tokens": 1172318, "warmup": false}
{"event": "train", "step": 136, "loss": 3.4136531352996826, "elapsed_seconds": 103.9770267829881, "samples": 8704, "valid_tokens": 1180839, "warmup": false}
{"event": "train", "step": 137, "loss": 3.2743122577667236, "elapsed_seconds": 104.6850086839986, "samples": 8768, "valid_tokens": 1188675, "warmup": false}
{"event": "train", "step": 138, "loss": 3.9647674560546875, "elapsed_seconds": 105.40071453500423, "samples": 8832, "valid_tokens": 1198621, "warmup": false}
{"event": "train", "step": 139, "loss": 3.2938120365142822, "elapsed_seconds": 106.11617794298218, "samples": 8896, "valid_tokens": 1206676, "warmup": false}
{"event": "train", "step": 140, "loss": 3.368666887283325, "elapsed_seconds": 106.82558991000406, "samples": 8960, "valid_tokens": 1214955, "warmup": false}
{"event": "train", "step": 141, "loss": 3.9490222930908203, "elapsed_seconds": 107.5344973350002, "samples": 9024, "valid_tokens": 1224843, "warmup": false}
{"event": "train", "step": 142, "loss": 3.5527992248535156, "elapsed_seconds": 108.24697710498003, "samples": 9088, "valid_tokens": 1233894, "warmup": false}
{"event": "train", "step": 143, "loss": 3.504831552505493, "elapsed_seconds": 108.96337643699371, "samples": 9152, "valid_tokens": 1242629, "warmup": false}
{"event": "train", "step": 144, "loss": 3.58691668510437, "elapsed_seconds": 109.67630715598352, "samples": 9216, "valid_tokens": 1251567, "warmup": false}
{"event": "train", "step": 145, "loss": 3.184209108352661, "elapsed_seconds": 110.38429276098032, "samples": 9280, "valid_tokens": 1259561, "warmup": false}
{"event": "train", "step": 146, "loss": 3.2222695350646973, "elapsed_seconds": 111.09200912900269, "samples": 9344, "valid_tokens": 1267447, "warmup": false}
{"event": "train", "step": 147, "loss": 3.346635580062866, "elapsed_seconds": 111.80063884498668, "samples": 9408, "valid_tokens": 1275566, "warmup": false}
{"event": "train", "step": 148, "loss": 3.3168842792510986, "elapsed_seconds": 112.5089370769856, "samples": 9472, "valid_tokens": 1283554, "warmup": false}
{"event": "train", "step": 149, "loss": 3.608358383178711, "elapsed_seconds": 113.22027962500579, "samples": 9536, "valid_tokens": 1292711, "warmup": false}
{"event": "train", "step": 150, "loss": 3.654542922973633, "elapsed_seconds": 113.93745174098876, "samples": 9600, "valid_tokens": 1301981, "warmup": false}
{"event": "train", "step": 151, "loss": 3.8662941455841064, "elapsed_seconds": 114.65036072599469, "samples": 9664, "valid_tokens": 1311890, "warmup": false}
{"event": "train", "step": 152, "loss": 3.831554889678955, "elapsed_seconds": 115.3593733299931, "samples": 9728, "valid_tokens": 1321496, "warmup": false}
{"event": "train", "step": 153, "loss": 3.5611705780029297, "elapsed_seconds": 116.06902926400653, "samples": 9792, "valid_tokens": 1330387, "warmup": false}
{"event": "train", "step": 154, "loss": 3.1689400672912598, "elapsed_seconds": 116.77660290000495, "samples": 9856, "valid_tokens": 1338095, "warmup": false}
{"event": "train", "step": 155, "loss": 3.542065382003784, "elapsed_seconds": 117.48572822997812, "samples": 9920, "valid_tokens": 1347021, "warmup": false}
{"event": "train", "step": 156, "loss": 3.515211820602417, "elapsed_seconds": 118.1966491289786, "samples": 9984, "valid_tokens": 1356157, "warmup": false}
{"event": "train", "step": 157, "loss": 3.358680009841919, "elapsed_seconds": 118.91197550098877, "samples": 10048, "valid_tokens": 1364835, "warmup": false}
{"event": "train", "step": 158, "loss": 3.2931222915649414, "elapsed_seconds": 119.62639645699528, "samples": 10112, "valid_tokens": 1372901, "warmup": false}
{"event": "train", "step": 159, "loss": 4.349964141845703, "elapsed_seconds": 120.34093074098928, "samples": 10176, "valid_tokens": 1383812, "warmup": false}
{"event": "train", "step": 160, "loss": 3.6139700412750244, "elapsed_seconds": 121.04916513498756, "samples": 10240, "valid_tokens": 1391876, "warmup": false}
{"event": "train", "step": 161, "loss": 3.4680912494659424, "elapsed_seconds": 121.7570473139931, "samples": 10304, "valid_tokens": 1400275, "warmup": false}
{"event": "train", "step": 162, "loss": 3.563797950744629, "elapsed_seconds": 122.47122341400245, "samples": 10368, "valid_tokens": 1408754, "warmup": false}
{"event": "train", "step": 163, "loss": 3.6080946922302246, "elapsed_seconds": 123.1811395729892, "samples": 10432, "valid_tokens": 1418081, "warmup": false}
{"event": "train", "step": 164, "loss": 3.73034930229187, "elapsed_seconds": 123.89340149099007, "samples": 10496, "valid_tokens": 1427327, "warmup": false}
{"event": "train", "step": 165, "loss": 3.4349734783172607, "elapsed_seconds": 124.60711593498127, "samples": 10560, "valid_tokens": 1436119, "warmup": false}
{"event": "train", "step": 166, "loss": 3.32218861579895, "elapsed_seconds": 125.3237289779936, "samples": 10624, "valid_tokens": 1444247, "warmup": false}
{"event": "train", "step": 167, "loss": 3.5246317386627197, "elapsed_seconds": 126.04213574598543, "samples": 10688, "valid_tokens": 1453234, "warmup": false}
{"event": "train", "step": 168, "loss": 3.5848124027252197, "elapsed_seconds": 126.75825586498831, "samples": 10752, "valid_tokens": 1461962, "warmup": false}
{"event": "train", "step": 169, "loss": 3.7233223915100098, "elapsed_seconds": 127.4689588919864, "samples": 10816, "valid_tokens": 1471176, "warmup": false}
{"event": "train", "step": 170, "loss": 3.394076108932495, "elapsed_seconds": 128.17750952299684, "samples": 10880, "valid_tokens": 1479585, "warmup": false}
{"event": "train", "step": 171, "loss": 3.149127960205078, "elapsed_seconds": 128.88460804600618, "samples": 10944, "valid_tokens": 1487141, "warmup": false}
{"event": "train", "step": 172, "loss": 3.0226337909698486, "elapsed_seconds": 129.59302372398088, "samples": 11008, "valid_tokens": 1494520, "warmup": false}
{"event": "train", "step": 173, "loss": 3.5950493812561035, "elapsed_seconds": 130.30564602799132, "samples": 11072, "valid_tokens": 1503363, "warmup": false}
{"event": "train", "step": 174, "loss": 3.2539639472961426, "elapsed_seconds": 131.01261039299425, "samples": 11136, "valid_tokens": 1511495, "warmup": false}
{"event": "train", "step": 175, "loss": 3.1647050380706787, "elapsed_seconds": 131.7210332499817, "samples": 11200, "valid_tokens": 1519345, "warmup": false}
{"event": "train", "step": 176, "loss": 3.2338995933532715, "elapsed_seconds": 132.4285433049954, "samples": 11264, "valid_tokens": 1527293, "warmup": false}
{"event": "train", "step": 177, "loss": 3.135286331176758, "elapsed_seconds": 133.13668266500463, "samples": 11328, "valid_tokens": 1534912, "warmup": false}
{"event": "train", "step": 178, "loss": 3.539937973022461, "elapsed_seconds": 133.84523684499436, "samples": 11392, "valid_tokens": 1543760, "warmup": false}
{"event": "train", "step": 179, "loss": 3.364149808883667, "elapsed_seconds": 134.55455247999635, "samples": 11456, "valid_tokens": 1552232, "warmup": false}
{"event": "train", "step": 180, "loss": 3.642312526702881, "elapsed_seconds": 135.26408528297907, "samples": 11520, "valid_tokens": 1561304, "warmup": false}
{"event": "train", "step": 181, "loss": 3.5022101402282715, "elapsed_seconds": 135.97278769899276, "samples": 11584, "valid_tokens": 1570073, "warmup": false}
{"event": "train", "step": 182, "loss": 3.434642791748047, "elapsed_seconds": 136.68755431400496, "samples": 11648, "valid_tokens": 1578711, "warmup": false}
{"event": "train", "step": 183, "loss": 3.344452142715454, "elapsed_seconds": 137.40057486799196, "samples": 11712, "valid_tokens": 1586924, "warmup": false}
{"event": "train", "step": 184, "loss": 3.458442449569702, "elapsed_seconds": 138.10970478897798, "samples": 11776, "valid_tokens": 1595418, "warmup": false}
{"event": "train", "step": 185, "loss": 3.575338840484619, "elapsed_seconds": 138.8243457149947, "samples": 11840, "valid_tokens": 1604411, "warmup": false}
{"event": "train", "step": 186, "loss": 3.5373117923736572, "elapsed_seconds": 139.5395045389887, "samples": 11904, "valid_tokens": 1613361, "warmup": false}
{"event": "train", "step": 187, "loss": 3.179250955581665, "elapsed_seconds": 140.25450214999728, "samples": 11968, "valid_tokens": 1620897, "warmup": false}
{"event": "train", "step": 188, "loss": 3.570093870162964, "elapsed_seconds": 140.97003300400684, "samples": 12032, "valid_tokens": 1629831, "warmup": false}
{"event": "train", "step": 189, "loss": 3.4769089221954346, "elapsed_seconds": 141.68031344600604, "samples": 12096, "valid_tokens": 1638610, "warmup": false}
{"event": "train", "step": 190, "loss": 4.063398361206055, "elapsed_seconds": 142.3939595639822, "samples": 12160, "valid_tokens": 1649110, "warmup": false}
{"event": "train", "step": 191, "loss": 3.7319743633270264, "elapsed_seconds": 143.10390070598805, "samples": 12224, "valid_tokens": 1658881, "warmup": false}
{"event": "train", "step": 192, "loss": 3.336181163787842, "elapsed_seconds": 143.81239808598184, "samples": 12288, "valid_tokens": 1667117, "warmup": false}
{"event": "train", "step": 193, "loss": 3.342787027359009, "elapsed_seconds": 144.5207676680002, "samples": 12352, "valid_tokens": 1675618, "warmup": false}
{"event": "train", "step": 194, "loss": 3.6013882160186768, "elapsed_seconds": 145.22918766600196, "samples": 12416, "valid_tokens": 1684656, "warmup": false}
{"event": "train", "step": 195, "loss": 3.0133042335510254, "elapsed_seconds": 145.93744406898622, "samples": 12480, "valid_tokens": 1691928, "warmup": false}
{"event": "train", "step": 196, "loss": 3.3606085777282715, "elapsed_seconds": 146.65391901199473, "samples": 12544, "valid_tokens": 1700498, "warmup": false}
{"event": "train", "step": 197, "loss": 3.3103809356689453, "elapsed_seconds": 147.3714054049924, "samples": 12608, "valid_tokens": 1708596, "warmup": false}
{"event": "train", "step": 198, "loss": 3.5215768814086914, "elapsed_seconds": 148.09003981098067, "samples": 12672, "valid_tokens": 1717374, "warmup": false}
{"event": "train", "step": 199, "loss": 3.9738922119140625, "elapsed_seconds": 148.80891187500674, "samples": 12736, "valid_tokens": 1727789, "warmup": false}
{"event": "train", "step": 200, "loss": 3.5113015174865723, "elapsed_seconds": 149.52764326398028, "samples": 12800, "valid_tokens": 1736540, "warmup": false}
{"event": "summary", "warmup_steps": 20, "measured_optimizer_steps": 180, "elapsed_seconds": 128.1974614529754, "samples": 11520, "samples_per_second": 89.86137377007029, "nominal_tokens_per_second": 46009.02337027599, "valid_tokens_per_second": 12231.560455471143, "peak_allocated_bytes": 8439442432, "peak_reserved_bytes": 8747220992}
