$REPO_ROOT/.venv/lib/python3.11/site-packages/outdated/__init__.py:36: UserWarning: pkg_resources is deprecated as an API. See https://setuptools.pypa.io/en/latest/pkg_resources.html. The pkg_resources package is slated for removal as early as 2025-11-30. Refrain from using this package or pin to Setuptools<81.
  from pkg_resources import parse_version
2026-09-18 18:48:06,079 INFO:   Connectivity check: running command: ping -c 1 -W 3 10.125.8.2
2026-09-18 18:48:06,084 INFO:   Connectivity check succeeded.
2026-09-18 18:48:06,106 INFO:   Appliance client semantic version: 1.14.0, cluster server semantic version: 1.20.2, job operator semantic version: 1.20.2
2026-09-18 18:48:06,108 INFO:   Successfully initialized workflow with id: wflow-etnqf6kp4mupattshrpzwt
2026-09-18 18:48:06,114 WARNING:   The trainer configuration for train_and_eval does not configure checkpointing. In the event of a failure, the run will be restarted from the beginning. If this is not intentional, please specifiy a checkpoint callback with a checkpointing frequency to enable auto-restarting from previously saved checkpoints.
2026-09-18 18:48:06,115 INFO:   Spawning child process for the fit run ...
2026-09-18 18:48:06,119 INFO:   Child process started with pid: 1071923
$REPO_ROOT/.venv/lib/python3.11/site-packages/outdated/__init__.py:36: UserWarning: pkg_resources is deprecated as an API. See https://setuptools.pypa.io/en/latest/pkg_resources.html. The pkg_resources package is slated for removal as early as 2025-11-30. Refrain from using this package or pin to Setuptools<81.
  from pkg_resources import parse_version
2026-09-18 18:48:12,196 INFO:   Current Working Directory: $REPO_ROOT/src/cerebras/modelzoo/models/gnn
2026-09-18 18:48:12,196 INFO:   Running command: $REPO_ROOT/src/cerebras/modelzoo/cli/main.py fit $REPO_ROOT/model_dirs/hpcasia_learning/arxiv_20260918T122621.253613Z/tuning/loader_w08_p2_s1_r1/params.yaml --target_device CSX --model_dir $REPO_ROOT/model_dirs/hpcasia_learning/arxiv_20260918T122621.253613Z/tuning/loader_w08_p2_s1_r1/model
2026-09-18 18:48:12,730 INFO:   No checkpoint was provided. Using randomly initialized model parameters.
2026-09-18 18:48:12,730 INFO:   Ordinal 0: Initializing GNNDataProcessor for dataset 'ogbn-arxiv' (split=train, mode=neighbor).
$REPO_ROOT/.venv/lib/python3.11/site-packages/ogb/nodeproppred/dataset_pyg.py:69: FutureWarning: You are using `torch.load` with `weights_only=False` (the current default value), which uses the default pickle module implicitly. It is possible to construct malicious pickle data which will execute arbitrary code during unpickling (See https://github.com/pytorch/pytorch/blob/main/SECURITY.md#untrusted-models for more details). In a future release, the default value for `weights_only` will be flipped to `True`. This limits the functions that could be executed during unpickling. Arbitrary objects will no longer be allowed to be loaded via this mode unless they are explicitly allowlisted by the user via `torch.serialization.add_safe_globals`. We recommend you start setting `weights_only=True` for any use case where you don't have full control of the loaded file. Please open an issue on GitHub for any issues related to this experimental feature.
  self.data, self.slices = torch.load(self.processed_paths[0])
GNN_INPUT_CONTRACT {"batch_index_origin": 0, "batch_size": 4096, "count_basis": "deterministic loader schedule; not device counters", "dataset_name": "ogbn-arxiv", "drop_last": false, "event": "gnn_input_contract", "num_streamers": 1, "ordered_targets_and_labels_sha256": "cb189ecb3f75e653df7daacc08ead8c3b14bd353d302209c179a41e2b2b47d07", "restartable": false, "sampler_seed": 42, "seed_nodes_by_batch": [4096, 4096, 4096, 4096, 4096, 4096, 4096, 4096, 4096, 4096, 4096, 4096, 4096, 4096, 4096, 4096, 4096, 4096, 4096, 4096, 4096, 4096, 829], "seed_nodes_per_epoch": 90941, "shuffle": true, "source_seed_nodes": 90941, "split": "train", "static_batch_cache_size": 0, "supervised_targets_by_batch": [4096, 4096, 4096, 4096, 4096, 4096, 4096, 4096, 4096, 4096, 4096, 4096, 4096, 4096, 4096, 4096, 4096, 4096, 4096, 4096, 4096, 4096, 829], "traversal": "continuous_sequential_batches", "traversal_scope": "single_data_executor", "version": 1}
2026-09-18 18:48:12,958 INFO:   Connectivity check: running command: ping -c 1 -W 3 10.125.8.2
2026-09-18 18:48:12,963 INFO:   Connectivity check succeeded.
2026-09-18 18:48:12,985 INFO:   Appliance client semantic version: 1.14.0, cluster server semantic version: 1.20.2, job operator semantic version: 1.20.2
2026-09-18 18:48:12,985 INFO:   ===========================================================================
2026-09-18 18:48:12,985 INFO:   Trainer Fit Summary
2026-09-18 18:48:12,985 INFO:   ---------------------------------------------------------------------------
2026-09-18 18:48:12,985 INFO:   Trainer will run 1 train loop.
2026-09-18 18:48:12,985 INFO:   
2026-09-18 18:48:12,985 INFO:   Train steps per train loop:
2026-09-18 18:48:12,985 INFO:   * 1 loop of 440 steps
2026-09-18 18:48:12,985 INFO:   for a total of 440 train steps.
2026-09-18 18:48:12,985 INFO:   
2026-09-18 18:48:12,985 INFO:   Progress will be logged every 10 steps.
2026-09-18 18:48:12,985 INFO:   ===========================================================================
2026-09-18 18:48:12,985 INFO:   ---------------------------------------------------------------------------
2026-09-18 18:48:12,985 INFO:   Starting train loop 1 of 1, from global step 1 to 440 (440 steps)
2026-09-18 18:48:12,986 INFO:   ---------------------------------------------------------------------------
2026-09-18 18:48:17,691 INFO:   Compiling the model. This may take a few minutes.
2026-09-18 18:48:17,692 INFO:   Connectivity check: running command: ping -c 1 -W 3 10.125.8.2
2026-09-18 18:48:17,698 INFO:   Connectivity check succeeded.
2026-09-18 18:48:17,715 INFO:   Appliance client semantic version: 1.14.0, cluster server semantic version: 1.20.2, job operator semantic version: 1.20.2
2026-09-18 18:48:18,866 INFO:   Initiating a new image build job against the cluster server.
2026-09-18 18:48:18,883 INFO:   Job id: imgjob-42280d4f85d91291dacb2ef766350f15, workflow id: wflow-etnqf6kp4mupattshrpzwt, namespace: job-operator, remote log path: /n1/wsjob/workdir/job-operator/imgjob-42280d4f85d91291dacb2ef766350f15
2026-09-18 18:48:18,886 INFO:   Connectivity check: running command: ping -c 1 -W 3 10.125.8.2
2026-09-18 18:48:18,891 INFO:   Connectivity check succeeded.
2026-09-18 18:48:18,908 INFO:   Appliance client semantic version: 1.14.0, cluster server semantic version: 1.20.2, job operator semantic version: 1.20.2
2026-09-18 18:48:18,928 INFO:   Initiating a new compile wsjob against the cluster server.
2026-09-18 18:48:18,951 INFO:   Job id: wsjob-jde75fipzuklbagvbxnrwl, workflow id: wflow-etnqf6kp4mupattshrpzwt, namespace: job-operator, remote log path: /n1/wsjob/workdir/job-operator/wsjob-jde75fipzuklbagvbxnrwl
2026-09-18 18:48:38,952 INFO:   Poll ingress status: Waiting for all Coordinator pods to be running, current running: 0/1.
2026-09-18 18:48:38,955 INFO:   Recording the timestamp when jobs is scheduled.
2026-09-18 18:48:38,997 WARNING:   Event 2026-09-18 18:48:19 +0000 UTC reason=InconsistentVersion wsjob=wsjob-jde75fipzuklbagvbxnrwl message='Warning: client semantic version 1.14.0 is inconsistent with cluster server semantic version 1.20.2, there's a risk job could fail due to inconsistent setup.'
2026-09-18 18:48:48,997 INFO:   Poll ingress status: Waiting for job ingress readiness.
2026-09-18 18:48:59,023 INFO:   Poll ingress status: Job ingress ready, dashboard: <internal-dashboard-url>
2026-09-18 18:48:59,052 INFO:   Poll ingress success: Job ingress ready, dashboard: <internal-dashboard-url>
2026-09-18 18:48:59,063 INFO:   Finalizing out-of-cluster job handle with ingress service url: 
2026-09-18 18:48:59,063 WARNING:   Empty ingress service url. Falling back to default server: 10.125.8.2:443
2026-09-18 18:48:59,132 INFO:   Found existing cached compile with hash: "cs_3310013607597699701"
2026-09-18 18:49:00,972 INFO:   Using power profile none

2026-09-18 18:49:00,986 INFO:   Compile artifacts successfully written to remote compile directory. Compile hash is: cs_3310013607597699701
2026-09-18 18:49:08,990 ERROR:   Image build job imgjob-42280d4f85d91291dacb2ef766350f15 failed. Please check the error log in $REPO_ROOT/model_dirs/hpcasia_learning/arxiv_20260918T122621.253613Z/tuning/loader_w08_p2_s1_r1/model/cerebras_logs/20260918_184812/executors/000001/custom_worker_build.out. 
2026-09-18 18:49:08,990 INFO:   Falling back to venv mounting.
2026-09-18 18:49:08,993 INFO:   Compile was successful!
2026-09-18 18:49:08,993 INFO:   Programming Cerebras Wafer Scale Cluster for execution. This may take a few minutes.
2026-09-18 18:49:11,002 INFO:   Connectivity check: running command: ping -c 1 -W 3 10.125.8.2
2026-09-18 18:49:11,008 INFO:   Connectivity check succeeded.
2026-09-18 18:49:11,025 INFO:   Appliance client semantic version: 1.14.0, cluster server semantic version: 1.20.2, job operator semantic version: 1.20.2
2026-09-18 18:49:11,027 INFO:   Initiating a new execute wsjob against the cluster server.
2026-09-18 18:49:11,067 INFO:   Job id: wsjob-ezlmdui3v5tyyme4uasqro, workflow id: wflow-etnqf6kp4mupattshrpzwt, namespace: job-operator, remote log path: /n1/wsjob/workdir/job-operator/wsjob-ezlmdui3v5tyyme4uasqro
2026-09-18 18:49:31,068 INFO:   Poll ingress status: Waiting for job to be scheduled, current job status: Queueing, msg: job queueing to be scheduled. Job queue status: current job is top of queue but likely blocked by running/reserved jobs, 2 compile job(s) running/reserved using 218Gi memory. For more information, please run 'csctl get job wsjob-ezlmdui3v5tyyme4uasqro --pending-status'.
2026-09-18 18:50:31,069 INFO:   Poll ingress status: Waiting for job to be scheduled, current job status: Queueing, msg: job queueing to be scheduled. Job queue status: current job is top of queue but likely blocked by running/reserved jobs, 1 compile job(s) running/reserved using 128Gi memory. For more information, please run 'csctl get job wsjob-ezlmdui3v5tyyme4uasqro --pending-status'.
2026-09-18 18:55:01,072 INFO:   Poll ingress status: Waiting for all Command pods to be running, current running: 0/1.
2026-09-18 18:55:01,077 INFO:   Recording the timestamp when jobs is scheduled.
2026-09-18 18:55:01,127 WARNING:   Event 2026-09-18 18:54:49 +0000 UTC reason=InconsistentVersion wsjob=wsjob-ezlmdui3v5tyyme4uasqro message='Warning: client semantic version 1.14.0 is inconsistent with cluster server semantic version 1.20.2, there's a risk job could fail due to inconsistent setup.'
2026-09-18 18:55:01,128 INFO:   Infrastructure setup started for job wsjob-ezlmdui3v5tyyme4uasqro
2026-09-18 18:55:11,128 INFO:   Poll ingress status: Waiting for all Weight pods to be running, current running: 0/2.
2026-09-18 18:55:11,167 INFO:   Infrastructure setup completed successfully for job wsjob-ezlmdui3v5tyyme4uasqro
2026-09-18 18:55:21,167 INFO:   Poll ingress status: Waiting for all Activation pods to be running, current running: 0/21.
2026-09-18 18:55:21,206 INFO:   Infrastructure setup completed successfully for job wsjob-ezlmdui3v5tyyme4uasqro
2026-09-18 18:55:31,206 INFO:   Poll ingress status: Waiting for job ingress readiness.
2026-09-18 18:55:31,236 INFO:   Infrastructure setup completed successfully for job wsjob-ezlmdui3v5tyyme4uasqro
2026-09-18 18:55:41,237 INFO:   Infrastructure setup completed successfully for job wsjob-ezlmdui3v5tyyme4uasqro
2026-09-18 18:55:51,237 INFO:   Infrastructure setup completed successfully for job wsjob-ezlmdui3v5tyyme4uasqro
2026-09-18 18:56:01,237 INFO:   Poll ingress status: Job ingress ready, dashboard: <internal-dashboard-url>
2026-09-18 18:56:01,279 INFO:   Infrastructure setup completed successfully for job wsjob-ezlmdui3v5tyyme4uasqro
2026-09-18 18:56:01,279 INFO:   Poll ingress success: Job ingress ready, dashboard: <internal-dashboard-url>
2026-09-18 18:56:01,292 INFO:   Finalizing out-of-cluster job handle with ingress service url: 
2026-09-18 18:56:01,292 WARNING:   Empty ingress service url. Falling back to default server: 10.125.8.2:443
2026-09-18 18:56:01,369 INFO:   Preparing to execute using 1 CSX
2026-09-18 18:56:18,773 INFO:   About to send initial weights
2026-09-18 18:56:18,991 INFO:   Finished sending initial weights
2026-09-18 18:56:18,991 INFO:   Finalizing appliance staging for the run
2026-09-18 18:56:25,522 INFO:   Waiting for device programming to complete
2026-09-18 18:56:39,740 INFO:   Device programming is complete
2026-09-18 18:56:40,046 INFO:   Using network type: ROCE
2026-09-18 18:56:40,047 INFO:   Waiting for input workers to prime the data pipeline and begin streaming ...
2026-09-18 18:56:40,056 INFO:   Input workers have begun streaming input data
2026-09-18 18:56:40,191 INFO:   Appliance staging is complete
2026-09-18 18:56:40,191 INFO:   Beginning appliance run
2026-09-18 18:56:50,688 INFO:   | Train Device=CSX, Step=10, Loss=3.37719, Rate=2677.75 samples/sec, GlobalRate=79.53 samples/sec, LoopTimeRemaining=0:10:13, TimeRemaining=0:10:13
2026-09-18 18:57:05,263 INFO:   | Train Device=CSX, Step=20, Loss=2.83006, Rate=2813.49 samples/sec, GlobalRate=154.68 samples/sec, LoopTimeRemaining=0:09:56, TimeRemaining=0:09:56
2026-09-18 18:57:24,166 INFO:   | Train Device=CSX, Step=30, Loss=2.48321, Rate=2714.87 samples/sec, GlobalRate=224.03 samples/sec, LoopTimeRemaining=0:09:45, TimeRemaining=0:09:45
2026-09-18 18:57:38,460 INFO:   | Train Device=CSX, Step=40, Loss=2.17466, Rate=2929.00 samples/sec, GlobalRate=291.11 samples/sec, LoopTimeRemaining=0:09:29, TimeRemaining=0:09:29
2026-09-18 18:57:57,182 INFO:   | Train Device=CSX, Step=50, Loss=1.85241, Rate=2671.19 samples/sec, GlobalRate=352.18 samples/sec, LoopTimeRemaining=0:09:14, TimeRemaining=0:09:14
2026-09-18 18:58:11,395 INFO:   | Train Device=CSX, Step=60, Loss=1.63806, Rate=2940.74 samples/sec, GlobalRate=412.53 samples/sec, LoopTimeRemaining=0:08:59, TimeRemaining=0:08:59
2026-09-18 18:58:29,578 INFO:   | Train Device=CSX, Step=70, Loss=1.52059, Rate=1644.28 samples/sec, GlobalRate=467.03 samples/sec, LoopTimeRemaining=0:08:44, TimeRemaining=0:08:44
2026-09-18 18:58:44,363 INFO:   | Train Device=CSX, Step=80, Loss=1.42359, Rate=2905.66 samples/sec, GlobalRate=521.20 samples/sec, LoopTimeRemaining=0:08:32, TimeRemaining=0:08:32
2026-09-18 18:58:58,473 INFO:   | Train Device=CSX, Step=90, Loss=1.41382, Rate=2883.08 samples/sec, GlobalRate=573.48 samples/sec, LoopTimeRemaining=0:08:16, TimeRemaining=0:08:16
2026-09-18 18:59:17,147 INFO:   | Train Device=CSX, Step=100, Loss=1.31883, Rate=2811.99 samples/sec, GlobalRate=619.21 samples/sec, LoopTimeRemaining=0:08:03, TimeRemaining=0:08:03
2026-09-18 18:59:31,437 INFO:   | Train Device=CSX, Step=110, Loss=1.27947, Rate=2895.05 samples/sec, GlobalRate=666.73 samples/sec, LoopTimeRemaining=0:07:47, TimeRemaining=0:07:47
2026-09-18 18:59:50,281 INFO:   | Train Device=CSX, Step=120, Loss=1.21283, Rate=2711.85 samples/sec, GlobalRate=707.61 samples/sec, LoopTimeRemaining=0:07:33, TimeRemaining=0:07:33
2026-09-18 19:00:04,887 INFO:   | Train Device=CSX, Step=130, Loss=1.25431, Rate=2927.53 samples/sec, GlobalRate=750.79 samples/sec, LoopTimeRemaining=0:07:18, TimeRemaining=0:07:18
2026-09-18 19:00:23,763 INFO:   | Train Device=CSX, Step=140, Loss=1.17677, Rate=2036.60 samples/sec, GlobalRate=787.58 samples/sec, LoopTimeRemaining=0:07:05, TimeRemaining=0:07:05
2026-09-18 19:00:38,330 INFO:   | Train Device=CSX, Step=150, Loss=1.18961, Rate=2928.65 samples/sec, GlobalRate=827.28 samples/sec, LoopTimeRemaining=0:06:51, TimeRemaining=0:06:51
2026-09-18 19:00:52,658 INFO:   | Train Device=CSX, Step=160, Loss=1.17591, Rate=2905.18 samples/sec, GlobalRate=865.73 samples/sec, LoopTimeRemaining=0:06:36, TimeRemaining=0:06:36
2026-09-18 19:01:11,691 INFO:   | Train Device=CSX, Step=170, Loss=1.11490, Rate=2794.20 samples/sec, GlobalRate=897.28 samples/sec, LoopTimeRemaining=0:06:26, TimeRemaining=0:06:26
2026-09-18 19:01:26,365 INFO:   | Train Device=CSX, Step=180, Loss=1.16431, Rate=2803.16 samples/sec, GlobalRate=932.43 samples/sec, LoopTimeRemaining=0:06:12, TimeRemaining=0:06:12
2026-09-18 19:01:45,606 INFO:   | Train Device=CSX, Step=190, Loss=1.17256, Rate=2717.64 samples/sec, GlobalRate=960.85 samples/sec, LoopTimeRemaining=0:06:02, TimeRemaining=0:06:02
2026-09-18 19:02:00,354 INFO:   | Train Device=CSX, Step=200, Loss=1.15904, Rate=2777.68 samples/sec, GlobalRate=993.33 samples/sec, LoopTimeRemaining=0:05:47, TimeRemaining=0:05:47
2026-09-18 19:02:19,360 INFO:   | Train Device=CSX, Step=210, Loss=1.11809, Rate=2105.58 samples/sec, GlobalRate=1019.50 samples/sec, LoopTimeRemaining=0:05:36, TimeRemaining=0:05:36
2026-09-18 19:02:34,109 INFO:   | Train Device=CSX, Step=220, Loss=1.11506, Rate=2622.28 samples/sec, GlobalRate=1049.70 samples/sec, LoopTimeRemaining=0:05:20, TimeRemaining=0:05:20
2026-09-18 19:02:48,359 INFO:   | Train Device=CSX, Step=230, Loss=1.00655, Rate=2928.38 samples/sec, GlobalRate=1079.50 samples/sec, LoopTimeRemaining=0:05:05, TimeRemaining=0:05:05
2026-09-18 19:03:07,057 INFO:   | Train Device=CSX, Step=240, Loss=1.11497, Rate=2911.52 samples/sec, GlobalRate=1102.80 samples/sec, LoopTimeRemaining=0:04:51, TimeRemaining=0:04:51
2026-09-18 19:03:21,327 INFO:   | Train Device=CSX, Step=250, Loss=1.07827, Rate=2890.07 samples/sec, GlobalRate=1130.65 samples/sec, LoopTimeRemaining=0:04:35, TimeRemaining=0:04:35
2026-09-18 19:03:40,016 INFO:   | Train Device=CSX, Step=260, Loss=1.07885, Rate=2811.81 samples/sec, GlobalRate=1152.11 samples/sec, LoopTimeRemaining=0:04:22, TimeRemaining=0:04:22
2026-09-18 19:03:54,321 INFO:   | Train Device=CSX, Step=270, Loss=1.08083, Rate=2687.22 samples/sec, GlobalRate=1178.18 samples/sec, LoopTimeRemaining=0:04:06, TimeRemaining=0:04:06
2026-09-18 19:04:12,829 INFO:   | Train Device=CSX, Step=280, Loss=1.11849, Rate=2657.39 samples/sec, GlobalRate=1198.20 samples/sec, LoopTimeRemaining=0:03:51, TimeRemaining=0:03:51
2026-09-18 19:04:27,265 INFO:   | Train Device=CSX, Step=290, Loss=1.06843, Rate=2933.08 samples/sec, GlobalRate=1222.55 samples/sec, LoopTimeRemaining=0:03:36, TimeRemaining=0:03:36
2026-09-18 19:04:45,363 INFO:   | Train Device=CSX, Step=300, Loss=1.02315, Rate=1627.93 samples/sec, GlobalRate=1241.58 samples/sec, LoopTimeRemaining=0:03:20, TimeRemaining=0:03:20
2026-09-18 19:05:00,547 INFO:   | Train Device=CSX, Step=310, Loss=1.04774, Rate=2817.47 samples/sec, GlobalRate=1263.58 samples/sec, LoopTimeRemaining=0:03:05, TimeRemaining=0:03:05
2026-09-18 19:05:14,548 INFO:   | Train Device=CSX, Step=320, Loss=1.09656, Rate=2929.59 samples/sec, GlobalRate=1286.42 samples/sec, LoopTimeRemaining=0:02:50, TimeRemaining=0:02:50
2026-09-18 19:05:33,118 INFO:   | Train Device=CSX, Step=330, Loss=1.02357, Rate=2808.93 samples/sec, GlobalRate=1302.87 samples/sec, LoopTimeRemaining=0:02:37, TimeRemaining=0:02:37
2026-09-18 19:05:47,310 INFO:   | Train Device=CSX, Step=340, Loss=1.03504, Rate=2878.29 samples/sec, GlobalRate=1324.24 samples/sec, LoopTimeRemaining=0:02:21, TimeRemaining=0:02:21
2026-09-18 19:06:05,906 INFO:   | Train Device=CSX, Step=350, Loss=0.99137, Rate=2704.88 samples/sec, GlobalRate=1339.50 samples/sec, LoopTimeRemaining=0:02:08, TimeRemaining=0:02:08
2026-09-18 19:06:20,132 INFO:   | Train Device=CSX, Step=360, Loss=1.03419, Rate=2878.55 samples/sec, GlobalRate=1359.70 samples/sec, LoopTimeRemaining=0:01:53, TimeRemaining=0:01:53
2026-09-18 19:06:38,621 INFO:   | Train Device=CSX, Step=370, Loss=1.01350, Rate=2204.14 samples/sec, GlobalRate=1374.04 samples/sec, LoopTimeRemaining=0:01:39, TimeRemaining=0:01:39
2026-09-18 19:06:53,112 INFO:   | Train Device=CSX, Step=380, Loss=1.02233, Rate=2920.69 samples/sec, GlobalRate=1392.88 samples/sec, LoopTimeRemaining=0:01:25, TimeRemaining=0:01:25
2026-09-18 19:07:07,225 INFO:   | Train Device=CSX, Step=390, Loss=1.02352, Rate=2902.51 samples/sec, GlobalRate=1411.70 samples/sec, LoopTimeRemaining=0:01:11, TimeRemaining=0:01:11
2026-09-18 19:07:25,925 INFO:   | Train Device=CSX, Step=400, Loss=0.95176, Rate=2825.40 samples/sec, GlobalRate=1424.36 samples/sec, LoopTimeRemaining=0:00:57, TimeRemaining=0:00:57
2026-09-18 19:07:39,920 INFO:   | Train Device=CSX, Step=410, Loss=1.01225, Rate=2922.94 samples/sec, GlobalRate=1442.42 samples/sec, LoopTimeRemaining=0:00:42, TimeRemaining=0:00:42
2026-09-18 19:07:58,398 INFO:   | Train Device=CSX, Step=420, Loss=1.01939, Rate=2748.64 samples/sec, GlobalRate=1454.52 samples/sec, LoopTimeRemaining=0:00:28, TimeRemaining=0:00:28
2026-09-18 19:08:12,461 INFO:   | Train Device=CSX, Step=430, Loss=1.00939, Rate=2912.38 samples/sec, GlobalRate=1471.65 samples/sec, LoopTimeRemaining=0:00:14, TimeRemaining=0:00:14
2026-09-18 19:08:30,870 INFO:   | Train Device=CSX, Step=440, Loss=0.98283, Rate=2425.24 samples/sec, GlobalRate=1483.06 samples/sec, LoopTimeRemaining=0:00:00, TimeRemaining=0:00:00
2026-09-18 19:08:30,978 INFO:   Training completed successfully!
2026-09-18 19:08:30,982 INFO:   Processed 1802240 training sample(s) in 1218.025110869 seconds.
