$REPO_ROOT/.venv/lib/python3.11/site-packages/outdated/__init__.py:36: UserWarning: pkg_resources is deprecated as an API. See https://setuptools.pypa.io/en/latest/pkg_resources.html. The pkg_resources package is slated for removal as early as 2025-11-30. Refrain from using this package or pin to Setuptools<81.
  from pkg_resources import parse_version
[ddp] Single-process mode: device=cuda
[Info] Running in Single-Process mode (CPU or Single GPU).
[Info] Device: cuda
[GraphCache] Caching disabled (0 nodes).
[Step=0010] Wall=9.1422s | Loss=10.4986
[Profile] Avg ms/step | Load: 184.168 (Prep: 87.536, Struc: 1.376, Fetch: 95.257) | Fwd: 621.687 | Bwd: 101.703 | Opt: 4.218 | GPU_Tot: 824.241
[Autotune] {"version": 1, "step": 10, "wall_seconds": 9.142239489010535, "seed_nodes": 40960, "loss": 10.498577117919922, "all_losses_finite": true}
[Step=0020] Wall=11.2657s | Loss=2.8380
[Profile] Avg ms/step | Load: 137.821 (Prep: 43.976, Struc: 1.333, Fetch: 92.513) | Fwd: 337.887 | Bwd: 83.800 | Opt: 2.459 | GPU_Tot: 517.992
[Autotune] {"version": 1, "step": 20, "wall_seconds": 11.265728872036561, "seed_nodes": 81920, "loss": 2.8379980087280274, "all_losses_finite": true}
[Step=0030] Wall=13.4006s | Loss=2.3668
[Profile] Avg ms/step | Load: 122.624 (Prep: 29.455, Struc: 1.319, Fetch: 91.850) | Fwd: 243.290 | Bwd: 77.962 | Opt: 1.868 | GPU_Tot: 416.289
[Autotune] {"version": 1, "step": 30, "wall_seconds": 13.400588210090064, "seed_nodes": 122880, "loss": 2.3667570114135743, "all_losses_finite": true}
[Step=0040] Wall=15.4453s | Loss=1.9935
[Profile] Avg ms/step | Load: 0.000 (Prep: 0.000, Struc: 0.000, Fetch: 0.000) | Fwd: 0.000 | Bwd: 0.000 | Opt: 0.000 | GPU_Tot: 0.000
[Autotune] {"version": 1, "step": 40, "wall_seconds": 15.445280779036693, "seed_nodes": 163840, "loss": 1.9935272216796875, "all_losses_finite": true}
[Step=0050] Wall=17.8637s | Loss=1.5321
[Profile] Avg ms/step | Load: 128.840 (Prep: 54.743, Struc: 1.167, Fetch: 72.929) | Fwd: 50.953 | Bwd: 61.250 | Opt: 0.624 | GPU_Tot: 186.923
[Autotune] {"version": 1, "step": 50, "wall_seconds": 17.863728458993137, "seed_nodes": 200711, "loss": 1.5320571899414062, "all_losses_finite": true}
[Step=0060] Wall=20.0410s | Loss=1.4354
[Profile] Avg ms/step | Load: 112.486 (Prep: 27.579, Struc: 1.229, Fetch: 83.678) | Fwd: 52.621 | Bwd: 63.839 | Opt: 0.658 | GPU_Tot: 202.026
[Autotune] {"version": 1, "step": 60, "wall_seconds": 20.04103959701024, "seed_nodes": 241671, "loss": 1.4354443550109863, "all_losses_finite": true}
[Step=0070] Wall=22.2035s | Loss=1.1948
[Profile] Avg ms/step | Load: 106.706 (Prep: 18.517, Struc: 1.248, Fetch: 86.940) | Fwd: 53.142 | Bwd: 64.561 | Opt: 0.679 | GPU_Tot: 206.570
[Autotune] {"version": 1, "step": 70, "wall_seconds": 22.20345139806159, "seed_nodes": 282631, "loss": 1.1948204040527344, "all_losses_finite": true}
[Step=0080] Wall=24.3435s | Loss=1.0176
[Profile] Avg ms/step | Load: 103.204 (Prep: 13.991, Struc: 1.259, Fetch: 87.953) | Fwd: 53.411 | Bwd: 64.964 | Opt: 0.689 | GPU_Tot: 208.276
[Autotune] {"version": 1, "step": 80, "wall_seconds": 24.343492578016594, "seed_nodes": 323591, "loss": 1.017587661743164, "all_losses_finite": true}
[Step=0090] Wall=26.4056s | Loss=0.8973
[Profile] Avg ms/step | Load: 99.548 (Prep: 11.430, Struc: 1.263, Fetch: 86.855) | Fwd: 53.557 | Bwd: 65.238 | Opt: 0.677 | GPU_Tot: 207.591
[Autotune] {"version": 1, "step": 90, "wall_seconds": 26.40561813302338, "seed_nodes": 364551, "loss": 0.897327995300293, "all_losses_finite": true}
[Step=0100] Wall=28.7481s | Loss=0.8356
[Profile] Avg ms/step | Load: 103.893 (Prep: 17.640, Struc: 1.248, Fetch: 85.006) | Fwd: 52.748 | Bwd: 64.214 | Opt: 0.672 | GPU_Tot: 203.886
[Autotune] {"version": 1, "step": 100, "wall_seconds": 28.748052073060535, "seed_nodes": 401422, "loss": 0.8356190681457519, "all_losses_finite": true}
[Step=0110] Wall=30.9052s | Loss=0.7953
[Profile] Avg ms/step | Load: 102.550 (Prep: 15.178, Struc: 1.254, Fetch: 86.118) | Fwd: 52.945 | Bwd: 64.500 | Opt: 0.675 | GPU_Tot: 205.491
[Autotune] {"version": 1, "step": 110, "wall_seconds": 30.905234624049626, "seed_nodes": 442382, "loss": 0.7952511787414551, "all_losses_finite": true}
[Step=0120] Wall=33.0484s | Loss=0.7370
[Profile] Avg ms/step | Load: 101.391 (Prep: 13.332, Struc: 1.258, Fetch: 86.801) | Fwd: 53.078 | Bwd: 64.704 | Opt: 0.677 | GPU_Tot: 206.519
[Autotune] {"version": 1, "step": 120, "wall_seconds": 33.048393915058114, "seed_nodes": 483342, "loss": 0.7369970798492431, "all_losses_finite": true}
[Step=0130] Wall=35.2023s | Loss=0.6956
[Profile] Avg ms/step | Load: 100.485 (Prep: 11.896, Struc: 1.261, Fetch: 87.327) | Fwd: 53.221 | Bwd: 64.943 | Opt: 0.684 | GPU_Tot: 207.436
[Autotune] {"version": 1, "step": 130, "wall_seconds": 35.20227059000172, "seed_nodes": 524302, "loss": 0.6956095695495605, "all_losses_finite": true}
[Step=0140] Wall=37.2240s | Loss=0.6784
[Profile] Avg ms/step | Load: 98.518 (Prep: 10.816, Struc: 1.264, Fetch: 86.439) | Fwd: 53.333 | Bwd: 65.069 | Opt: 0.677 | GPU_Tot: 206.782
[Autotune] {"version": 1, "step": 140, "wall_seconds": 37.2239792420296, "seed_nodes": 565262, "loss": 0.6784363746643066, "all_losses_finite": true}
[Step=0150] Wall=39.6232s | Loss=0.8701
[Profile] Avg ms/step | Load: 101.335 (Prep: 14.646, Struc: 1.255, Fetch: 85.433) | Fwd: 52.951 | Bwd: 64.650 | Opt: 0.675 | GPU_Tot: 204.964
[Autotune] {"version": 1, "step": 150, "wall_seconds": 39.623159307055175, "seed_nodes": 602133, "loss": 0.8700721740722657, "all_losses_finite": true}
[Step=0160] Wall=41.8039s | Loss=0.7491
[Profile] Avg ms/step | Load: 100.910 (Prep: 13.459, Struc: 1.258, Fetch: 86.192) | Fwd: 53.068 | Bwd: 64.812 | Opt: 0.676 | GPU_Tot: 206.007
[Autotune] {"version": 1, "step": 160, "wall_seconds": 41.803862581029534, "seed_nodes": 643093, "loss": 0.7491117000579834, "all_losses_finite": true}
[Step=0170] Wall=44.0065s | Loss=0.6988
[Profile] Avg ms/step | Load: 100.714 (Prep: 12.455, Struc: 1.260, Fetch: 86.998) | Fwd: 53.160 | Bwd: 64.961 | Opt: 0.678 | GPU_Tot: 207.058
[Autotune] {"version": 1, "step": 170, "wall_seconds": 44.00649042101577, "seed_nodes": 684053, "loss": 0.6988382816314698, "all_losses_finite": true}
[Step=0180] Wall=46.2135s | Loss=0.6613
[Profile] Avg ms/step | Load: 100.612 (Prep: 11.664, Struc: 1.262, Fetch: 87.686) | Fwd: 53.236 | Bwd: 65.057 | Opt: 0.680 | GPU_Tot: 207.921
[Autotune] {"version": 1, "step": 180, "wall_seconds": 46.213547815103084, "seed_nodes": 725013, "loss": 0.6612709522247314, "all_losses_finite": true}
[Step=0190] Wall=48.2247s | Loss=0.6423
[Profile] Avg ms/step | Load: 99.246 (Prep: 10.891, Struc: 1.263, Fetch: 87.092) | Fwd: 53.302 | Bwd: 65.118 | Opt: 0.676 | GPU_Tot: 207.451
[Autotune] {"version": 1, "step": 190, "wall_seconds": 48.224652215023525, "seed_nodes": 765973, "loss": 0.6423256397247314, "all_losses_finite": true}
[Step=0200] Wall=50.6689s | Loss=0.7716
[Profile] Avg ms/step | Load: 101.467 (Prep: 13.750, Struc: 1.258, Fetch: 86.459) | Fwd: 53.031 | Bwd: 64.789 | Opt: 0.674 | GPU_Tot: 206.211
[Autotune] {"version": 1, "step": 200, "wall_seconds": 50.66893822804559, "seed_nodes": 802844, "loss": 0.7716235160827637, "all_losses_finite": true}
[Step=0210] Wall=52.8525s | Loss=0.7013
[Profile] Avg ms/step | Load: 101.142 (Prep: 12.964, Struc: 1.260, Fetch: 86.918) | Fwd: 53.114 | Bwd: 64.924 | Opt: 0.675 | GPU_Tot: 206.891
[Autotune] {"version": 1, "step": 210, "wall_seconds": 52.85251458501443, "seed_nodes": 843804, "loss": 0.7013320922851562, "all_losses_finite": true}
[Step=0220] Wall=55.0424s | Loss=0.6573
[Profile] Avg ms/step | Load: 100.894 (Prep: 12.266, Struc: 1.261, Fetch: 87.367) | Fwd: 53.188 | Bwd: 65.038 | Opt: 0.676 | GPU_Tot: 207.531
[Autotune] {"version": 1, "step": 220, "wall_seconds": 55.04244785499759, "seed_nodes": 884764, "loss": 0.6573000431060791, "all_losses_finite": true}
[Step=0230] Wall=57.2463s | Loss=0.6260
[Profile] Avg ms/step | Load: 100.774 (Prep: 11.710, Struc: 1.263, Fetch: 87.802) | Fwd: 53.246 | Bwd: 65.121 | Opt: 0.677 | GPU_Tot: 208.109
[Autotune] {"version": 1, "step": 230, "wall_seconds": 57.24633753008675, "seed_nodes": 925724, "loss": 0.6259875774383545, "all_losses_finite": true}
[Step=0240] Wall=59.2447s | Loss=0.6027
[Profile] Avg ms/step | Load: 99.696 (Prep: 11.127, Struc: 1.264, Fetch: 87.305) | Fwd: 53.287 | Bwd: 65.153 | Opt: 0.674 | GPU_Tot: 207.683
[Autotune] {"version": 1, "step": 240, "wall_seconds": 59.24468134401832, "seed_nodes": 966684, "loss": 0.6026697158813477, "all_losses_finite": true}
[Step=0250] Wall=61.7246s | Loss=0.5487
[Profile] Avg ms/step | Load: 101.545 (Prep: 13.332, Struc: 1.260, Fetch: 86.953) | Fwd: 53.079 | Bwd: 64.894 | Opt: 0.673 | GPU_Tot: 206.859
[Autotune] {"version": 1, "step": 250, "wall_seconds": 61.724573965067975, "seed_nodes": 1003555, "loss": 0.5487410545349121, "all_losses_finite": true}
[Step=0260] Wall=63.8911s | Loss=0.5982
[Profile] Avg ms/step | Load: 101.215 (Prep: 12.745, Struc: 1.261, Fetch: 87.210) | Fwd: 53.143 | Bwd: 64.989 | Opt: 0.674 | GPU_Tot: 207.277
[Autotune] {"version": 1, "step": 260, "wall_seconds": 63.891108798095956, "seed_nodes": 1044515, "loss": 0.598150634765625, "all_losses_finite": true}
[Step=0270] Wall=66.0633s | Loss=0.5828
[Profile] Avg ms/step | Load: 100.960 (Prep: 12.208, Struc: 1.262, Fetch: 87.490) | Fwd: 53.192 | Bwd: 65.064 | Opt: 0.675 | GPU_Tot: 207.683
[Autotune] {"version": 1, "step": 270, "wall_seconds": 66.06325808807742, "seed_nodes": 1085475, "loss": 0.5828461647033691, "all_losses_finite": true}
[Step=0280] Wall=68.2154s | Loss=0.5743
[Profile] Avg ms/step | Load: 100.623 (Prep: 11.753, Struc: 1.263, Fetch: 87.607) | Fwd: 53.241 | Bwd: 65.148 | Opt: 0.675 | GPU_Tot: 207.935
[Autotune] {"version": 1, "step": 280, "wall_seconds": 68.21540169103537, "seed_nodes": 1126435, "loss": 0.5742501258850098, "all_losses_finite": true}
[Step=0290] Wall=70.2047s | Loss=0.5546
[Profile] Avg ms/step | Load: 99.678 (Prep: 11.286, Struc: 1.264, Fetch: 87.128) | Fwd: 53.288 | Bwd: 65.212 | Opt: 0.673 | GPU_Tot: 207.566
[Autotune] {"version": 1, "step": 290, "wall_seconds": 70.20474227308296, "seed_nodes": 1167395, "loss": 0.5545910358428955, "all_losses_finite": true}
[Step=0300] Wall=72.6752s | Loss=0.6181
[Profile] Avg ms/step | Load: 101.093 (Prep: 13.033, Struc: 1.261, Fetch: 86.800) | Fwd: 53.129 | Bwd: 65.031 | Opt: 0.674 | GPU_Tot: 206.895
[Autotune] {"version": 1, "step": 300, "wall_seconds": 72.67519968003035, "seed_nodes": 1204266, "loss": 0.6181018829345704, "all_losses_finite": true}
[Step=0310] Wall=74.8626s | Loss=0.6468
[Profile] Avg ms/step | Load: 100.923 (Prep: 12.565, Struc: 1.262, Fetch: 87.096) | Fwd: 53.175 | Bwd: 65.104 | Opt: 0.675 | GPU_Tot: 207.312
[Autotune] {"version": 1, "step": 310, "wall_seconds": 74.86257694405504, "seed_nodes": 1245226, "loss": 0.6467526435852051, "all_losses_finite": true}
[Step=0320] Wall=77.0233s | Loss=0.5714
[Profile] Avg ms/step | Load: 100.657 (Prep: 12.131, Struc: 1.262, Fetch: 87.264) | Fwd: 53.222 | Bwd: 65.179 | Opt: 0.676 | GPU_Tot: 207.603
[Autotune] {"version": 1, "step": 320, "wall_seconds": 77.02328960702289, "seed_nodes": 1286186, "loss": 0.5713757991790771, "all_losses_finite": true}
[Step=0330] Wall=79.1501s | Loss=0.5552
[Profile] Avg ms/step | Load: 100.323 (Prep: 11.761, Struc: 1.264, Fetch: 87.299) | Fwd: 53.259 | Bwd: 65.226 | Opt: 0.676 | GPU_Tot: 207.723
[Autotune] {"version": 1, "step": 330, "wall_seconds": 79.15014749206603, "seed_nodes": 1327146, "loss": 0.5552096843719483, "all_losses_finite": true}
[Step=0340] Wall=81.1449s | Loss=0.5564
[Profile] Avg ms/step | Load: 99.542 (Prep: 11.371, Struc: 1.264, Fetch: 86.907) | Fwd: 53.307 | Bwd: 65.289 | Opt: 0.674 | GPU_Tot: 207.441
[Autotune] {"version": 1, "step": 340, "wall_seconds": 81.14494297408964, "seed_nodes": 1368106, "loss": 0.5564458847045899, "all_losses_finite": true}
[Step=0350] Wall=83.6233s | Loss=0.5214
[Profile] Avg ms/step | Load: 100.758 (Prep: 12.822, Struc: 1.261, Fetch: 86.675) | Fwd: 53.172 | Bwd: 65.138 | Opt: 0.674 | GPU_Tot: 206.920
[Autotune] {"version": 1, "step": 350, "wall_seconds": 83.62327642703895, "seed_nodes": 1404977, "loss": 0.5213786125183105, "all_losses_finite": true}
[Step=0360] Wall=85.7979s | Loss=0.5561
[Profile] Avg ms/step | Load: 100.598 (Prep: 12.435, Struc: 1.262, Fetch: 86.901) | Fwd: 53.206 | Bwd: 65.186 | Opt: 0.674 | GPU_Tot: 207.230
[Autotune] {"version": 1, "step": 360, "wall_seconds": 85.79789952607825, "seed_nodes": 1445937, "loss": 0.5561446666717529, "all_losses_finite": true}
[Step=0370] Wall=87.9646s | Loss=0.5586
[Profile] Avg ms/step | Load: 100.430 (Prep: 12.071, Struc: 1.263, Fetch: 87.096) | Fwd: 53.238 | Bwd: 65.225 | Opt: 0.675 | GPU_Tot: 207.497
[Autotune] {"version": 1, "step": 370, "wall_seconds": 87.96463895705529, "seed_nodes": 1486897, "loss": 0.5586074352264404, "all_losses_finite": true}
[Step=0380] Wall=90.0647s | Loss=0.5465
[Profile] Avg ms/step | Load: 100.078 (Prep: 11.751, Struc: 1.264, Fetch: 87.063) | Fwd: 53.267 | Bwd: 65.259 | Opt: 0.676 | GPU_Tot: 207.529
[Autotune] {"version": 1, "step": 380, "wall_seconds": 90.06472199305426, "seed_nodes": 1527857, "loss": 0.5464569091796875, "all_losses_finite": true}
[Step=0390] Wall=92.0458s | Loss=0.5216
[Profile] Avg ms/step | Load: 99.402 (Prep: 11.417, Struc: 1.264, Fetch: 86.720) | Fwd: 53.294 | Bwd: 65.301 | Opt: 0.674 | GPU_Tot: 207.253
[Autotune] {"version": 1, "step": 390, "wall_seconds": 92.04575325502083, "seed_nodes": 1568817, "loss": 0.5216357707977295, "all_losses_finite": true}
[Step=0400] Wall=94.5503s | Loss=0.5500
[Profile] Avg ms/step | Load: 100.546 (Prep: 12.668, Struc: 1.262, Fetch: 86.617) | Fwd: 53.174 | Bwd: 65.153 | Opt: 0.674 | GPU_Tot: 206.880
[Autotune] {"version": 1, "step": 400, "wall_seconds": 94.55025584809482, "seed_nodes": 1605688, "loss": 0.5499701976776123, "all_losses_finite": true}
[Step=0410] Wall=96.7349s | Loss=0.5543
[Profile] Avg ms/step | Load: 100.434 (Prep: 12.336, Struc: 1.262, Fetch: 86.836) | Fwd: 53.205 | Bwd: 65.200 | Opt: 0.675 | GPU_Tot: 207.178
[Autotune] {"version": 1, "step": 410, "wall_seconds": 96.73491636908147, "seed_nodes": 1646648, "loss": 0.5543195724487304, "all_losses_finite": true}
[Step=0420] Wall=98.9071s | Loss=0.5246
[Profile] Avg ms/step | Load: 100.289 (Prep: 12.022, Struc: 1.263, Fetch: 87.004) | Fwd: 53.234 | Bwd: 65.250 | Opt: 0.675 | GPU_Tot: 207.427
[Autotune] {"version": 1, "step": 420, "wall_seconds": 98.90712074609473, "seed_nodes": 1687608, "loss": 0.5245635986328125, "all_losses_finite": true}
[Step=0430] Wall=101.0102s | Loss=0.5283
[Profile] Avg ms/step | Load: 99.985 (Prep: 11.743, Struc: 1.264, Fetch: 86.979) | Fwd: 53.260 | Bwd: 65.289 | Opt: 0.675 | GPU_Tot: 207.466
[Autotune] {"version": 1, "step": 430, "wall_seconds": 101.01020633906592, "seed_nodes": 1728568, "loss": 0.528324556350708, "all_losses_finite": true}
[Step=0440] Wall=103.0043s | Loss=0.5159
[Profile] Avg ms/step | Load: 99.414 (Prep: 11.451, Struc: 1.264, Fetch: 86.699) | Fwd: 53.288 | Bwd: 65.334 | Opt: 0.673 | GPU_Tot: 207.259
[Autotune] {"version": 1, "step": 440, "wall_seconds": 103.00426783307921, "seed_nodes": 1769528, "loss": 0.515887451171875, "all_losses_finite": true}
[Step=0450] Wall=105.5323s | Loss=0.6767
[Profile] Avg ms/step | Load: 100.478 (Prep: 12.552, Struc: 1.262, Fetch: 86.665) | Fwd: 53.181 | Bwd: 65.204 | Opt: 0.674 | GPU_Tot: 206.985
[Autotune] {"version": 1, "step": 450, "wall_seconds": 105.53233589103911, "seed_nodes": 1806399, "loss": 0.6766536235809326, "all_losses_finite": true}
[Step=0460] Wall=107.6861s | Loss=0.6169
[Profile] Avg ms/step | Load: 100.319 (Prep: 12.263, Struc: 1.262, Fetch: 86.793) | Fwd: 53.205 | Bwd: 65.234 | Opt: 0.675 | GPU_Tot: 207.170
[Autotune] {"version": 1, "step": 460, "wall_seconds": 107.6861201140564, "seed_nodes": 1847359, "loss": 0.6168687820434571, "all_losses_finite": true}
[Step=0470] Wall=109.8617s | Loss=0.5884
[Profile] Avg ms/step | Load: 100.199 (Prep: 11.987, Struc: 1.263, Fetch: 86.949) | Fwd: 53.232 | Bwd: 65.279 | Opt: 0.676 | GPU_Tot: 207.398
[Autotune] {"version": 1, "step": 470, "wall_seconds": 109.86168711306527, "seed_nodes": 1888319, "loss": 0.5883693695068359, "all_losses_finite": true}
[Step=0480] Wall=111.9450s | Loss=0.5420
[Profile] Avg ms/step | Load: 99.893 (Prep: 11.744, Struc: 1.263, Fetch: 86.885) | Fwd: 53.254 | Bwd: 65.308 | Opt: 0.675 | GPU_Tot: 207.386
[Autotune] {"version": 1, "step": 480, "wall_seconds": 111.94501789205242, "seed_nodes": 1929279, "loss": 0.5420183181762696, "all_losses_finite": true}
[Step=0490] Wall=113.7493s | Loss=0.5077
[Profile] Avg ms/step | Load: 99.239 (Prep: 11.485, Struc: 1.261, Fetch: 86.493) | Fwd: 53.162 | Bwd: 65.191 | Opt: 0.673 | GPU_Tot: 206.781
[Autotune] {"version": 1, "step": 490, "wall_seconds": 113.74934401910286, "seed_nodes": 1966150, "loss": 0.5077238559722901, "all_losses_finite": true}
[Step=0500] Wall=116.4715s | Loss=0.5461
[Profile] Avg ms/step | Load: 100.360 (Prep: 12.460, Struc: 1.262, Fetch: 86.638) | Fwd: 53.183 | Bwd: 65.217 | Opt: 0.674 | GPU_Tot: 206.974
[Autotune] {"version": 1, "step": 500, "wall_seconds": 116.47152721509337, "seed_nodes": 2007110, "loss": 0.5461355686187744, "all_losses_finite": true}
[Step=0510] Wall=118.6410s | Loss=0.5387
[Profile] Avg ms/step | Load: 100.241 (Prep: 12.203, Struc: 1.263, Fetch: 86.775) | Fwd: 53.207 | Bwd: 65.253 | Opt: 0.677 | GPU_Tot: 207.174
[Autotune] {"version": 1, "step": 510, "wall_seconds": 118.64102745708078, "seed_nodes": 2048070, "loss": 0.5386826992034912, "all_losses_finite": true}
[Step=0520] Wall=120.8317s | Loss=0.5220
[Profile] Avg ms/step | Load: 100.170 (Prep: 11.957, Struc: 1.263, Fetch: 86.949) | Fwd: 53.231 | Bwd: 65.288 | Opt: 0.678 | GPU_Tot: 207.409
[Autotune] {"version": 1, "step": 520, "wall_seconds": 120.83166087407153, "seed_nodes": 2089030, "loss": 0.5219697952270508, "all_losses_finite": true}
[Step=0530] Wall=122.8833s | Loss=0.5092
[Profile] Avg ms/step | Load: 99.811 (Prep: 11.739, Struc: 1.264, Fetch: 86.809) | Fwd: 53.256 | Bwd: 65.328 | Opt: 0.677 | GPU_Tot: 207.334
[Autotune] {"version": 1, "step": 530, "wall_seconds": 122.8833054540446, "seed_nodes": 2129990, "loss": 0.5092255592346191, "all_losses_finite": true}
[Step=0540] Wall=125.2559s | Loss=0.5576
[Profile] Avg ms/step | Load: 100.348 (Prep: 12.600, Struc: 1.262, Fetch: 86.486) | Fwd: 53.173 | Bwd: 65.236 | Opt: 0.676 | GPU_Tot: 206.833
[Autotune] {"version": 1, "step": 540, "wall_seconds": 125.25585455808323, "seed_nodes": 2166861, "loss": 0.5576242446899414, "all_losses_finite": true}
[Step=0550] Wall=127.4479s | Loss=0.6690
[Profile] Avg ms/step | Load: 100.295 (Prep: 12.361, Struc: 1.262, Fetch: 86.672) | Fwd: 53.192 | Bwd: 65.259 | Opt: 0.678 | GPU_Tot: 207.063
[Autotune] {"version": 1, "step": 550, "wall_seconds": 127.44786843506154, "seed_nodes": 2207821, "loss": 0.6689528465270996, "all_losses_finite": true}
[Step=0560] Wall=129.6251s | Loss=0.6057
[Profile] Avg ms/step | Load: 100.199 (Prep: 12.131, Struc: 1.263, Fetch: 86.805) | Fwd: 53.215 | Bwd: 65.294 | Opt: 0.679 | GPU_Tot: 207.256
[Autotune] {"version": 1, "step": 560, "wall_seconds": 129.62505990604404, "seed_nodes": 2248781, "loss": 0.6056735992431641, "all_losses_finite": true}
[Step=0570] Wall=131.8214s | Loss=0.5508
[Profile] Avg ms/step | Load: 100.153 (Prep: 11.910, Struc: 1.263, Fetch: 86.980) | Fwd: 53.236 | Bwd: 65.321 | Opt: 0.679 | GPU_Tot: 207.479
[Autotune] {"version": 1, "step": 570, "wall_seconds": 131.82141516904812, "seed_nodes": 2289741, "loss": 0.5508227825164795, "all_losses_finite": true}
[Step=0580] Wall=133.8642s | Loss=0.5268
[Profile] Avg ms/step | Load: 99.836 (Prep: 11.705, Struc: 1.263, Fetch: 86.868) | Fwd: 53.253 | Bwd: 65.338 | Opt: 0.678 | GPU_Tot: 207.400
[Autotune] {"version": 1, "step": 580, "wall_seconds": 133.86415876704268, "seed_nodes": 2330701, "loss": 0.5268243312835693, "all_losses_finite": true}
[Step=0590] Wall=136.2848s | Loss=0.5197
[Profile] Avg ms/step | Load: 100.412 (Prep: 12.518, Struc: 1.262, Fetch: 86.632) | Fwd: 53.178 | Bwd: 65.252 | Opt: 0.677 | GPU_Tot: 207.001
[Autotune] {"version": 1, "step": 590, "wall_seconds": 136.28476432804018, "seed_nodes": 2367572, "loss": 0.5196718692779541, "all_losses_finite": true}
[Step=0600] Wall=138.4857s | Loss=0.5639
[Profile] Avg ms/step | Load: 100.365 (Prep: 12.302, Struc: 1.262, Fetch: 86.801) | Fwd: 53.200 | Bwd: 65.284 | Opt: 0.678 | GPU_Tot: 207.225
[Autotune] {"version": 1, "step": 600, "wall_seconds": 138.48569031408988, "seed_nodes": 2408532, "loss": 0.56393461227417, "all_losses_finite": true}
[Step=0610] Wall=140.6422s | Loss=0.5245
[Profile] Avg ms/step | Load: 100.257 (Prep: 12.093, Struc: 1.263, Fetch: 86.902) | Fwd: 53.217 | Bwd: 65.301 | Opt: 0.679 | GPU_Tot: 207.362
[Autotune] {"version": 1, "step": 610, "wall_seconds": 140.64218822598923, "seed_nodes": 2449492, "loss": 0.5245495796203613, "all_losses_finite": true}
[Step=0620] Wall=142.8484s | Loss=0.5329
[Profile] Avg ms/step | Load: 100.225 (Prep: 11.892, Struc: 1.263, Fetch: 87.070) | Fwd: 53.238 | Bwd: 65.330 | Opt: 0.679 | GPU_Tot: 207.580
[Autotune] {"version": 1, "step": 620, "wall_seconds": 142.84841561305802, "seed_nodes": 2490452, "loss": 0.5329256057739258, "all_losses_finite": true}
[Step=0630] Wall=144.8590s | Loss=0.4913
[Profile] Avg ms/step | Load: 99.874 (Prep: 11.708, Struc: 1.263, Fetch: 86.903) | Fwd: 53.253 | Bwd: 65.351 | Opt: 0.678 | GPU_Tot: 207.449
[Autotune] {"version": 1, "step": 630, "wall_seconds": 144.85904301702976, "seed_nodes": 2531412, "loss": 0.49126377105712893, "all_losses_finite": true}
[Step=0640] Wall=147.1660s | Loss=0.5851
[Profile] Avg ms/step | Load: 100.227 (Prep: 12.265, Struc: 1.262, Fetch: 86.700) | Fwd: 53.180 | Bwd: 65.261 | Opt: 0.678 | GPU_Tot: 207.081
[Autotune] {"version": 1, "step": 640, "wall_seconds": 147.16595941700507, "seed_nodes": 2568283, "loss": 0.5850568294525147, "all_losses_finite": true}
[Step=0650] Wall=149.3282s | Loss=0.5891
[Profile] Avg ms/step | Load: 100.126 (Prep: 12.071, Struc: 1.262, Fetch: 86.793) | Fwd: 53.199 | Bwd: 65.287 | Opt: 0.679 | GPU_Tot: 207.221
[Autotune] {"version": 1, "step": 650, "wall_seconds": 149.32818288705312, "seed_nodes": 2609243, "loss": 0.5891234874725342, "all_losses_finite": true}
[Step=0660] Wall=151.5145s | Loss=0.5530
[Profile] Avg ms/step | Load: 100.074 (Prep: 11.883, Struc: 1.263, Fetch: 86.928) | Fwd: 53.217 | Bwd: 65.308 | Opt: 0.679 | GPU_Tot: 207.395
[Autotune] {"version": 1, "step": 660, "wall_seconds": 151.51447962899692, "seed_nodes": 2650203, "loss": 0.5529644966125489, "all_losses_finite": true}
[Step=0670] Wall=153.6916s | Loss=0.5227
[Profile] Avg ms/step | Load: 100.005 (Prep: 11.716, Struc: 1.263, Fetch: 87.026) | Fwd: 53.234 | Bwd: 65.333 | Opt: 0.679 | GPU_Tot: 207.534
[Autotune] {"version": 1, "step": 670, "wall_seconds": 153.69156542501878, "seed_nodes": 2691163, "loss": 0.5227163314819336, "all_losses_finite": true}
[Step=0680] Wall=155.7056s | Loss=0.5077
[Profile] Avg ms/step | Load: 99.668 (Prep: 11.534, Struc: 1.263, Fetch: 86.871) | Fwd: 53.255 | Bwd: 65.368 | Opt: 0.678 | GPU_Tot: 207.434
[Autotune] {"version": 1, "step": 680, "wall_seconds": 155.705623496091, "seed_nodes": 2732123, "loss": 0.5076833248138428, "all_losses_finite": true}
[Step=0690] Wall=158.1002s | Loss=0.5406
[Profile] Avg ms/step | Load: 100.113 (Prep: 12.144, Struc: 1.262, Fetch: 86.707) | Fwd: 53.192 | Bwd: 65.298 | Opt: 0.678 | GPU_Tot: 207.137
[Autotune] {"version": 1, "step": 690, "wall_seconds": 158.10020630608778, "seed_nodes": 2768994, "loss": 0.540584945678711, "all_losses_finite": true}
[Step=0700] Wall=160.2901s | Loss=0.5551
[Profile] Avg ms/step | Load: 100.069 (Prep: 11.966, Struc: 1.262, Fetch: 86.840) | Fwd: 53.209 | Bwd: 65.318 | Opt: 0.678 | GPU_Tot: 207.308
[Autotune] {"version": 1, "step": 700, "wall_seconds": 160.2900726890657, "seed_nodes": 2809954, "loss": 0.555069875717163, "all_losses_finite": true}
[Step=0710] Wall=162.4672s | Loss=0.5335
[Profile] Avg ms/step | Load: 100.007 (Prep: 11.794, Struc: 1.263, Fetch: 86.951) | Fwd: 53.224 | Bwd: 65.337 | Opt: 0.679 | GPU_Tot: 207.453
[Autotune] {"version": 1, "step": 710, "wall_seconds": 162.46715463907458, "seed_nodes": 2850914, "loss": 0.5335445404052734, "all_losses_finite": true}
[Step=0720] Wall=164.6275s | Loss=0.5060
[Profile] Avg ms/step | Load: 99.921 (Prep: 11.642, Struc: 1.263, Fetch: 87.016) | Fwd: 53.238 | Bwd: 65.359 | Opt: 0.679 | GPU_Tot: 207.555
[Autotune] {"version": 1, "step": 720, "wall_seconds": 164.62751509901136, "seed_nodes": 2891874, "loss": 0.5059634685516358, "all_losses_finite": true}
[Step=0730] Wall=166.6278s | Loss=0.4898
[Profile] Avg ms/step | Load: 99.622 (Prep: 11.474, Struc: 1.263, Fetch: 86.885) | Fwd: 53.251 | Bwd: 65.366 | Opt: 0.678 | GPU_Tot: 207.443
[Autotune] {"version": 1, "step": 730, "wall_seconds": 166.6278337930562, "seed_nodes": 2932834, "loss": 0.4897871494293213, "all_losses_finite": true}
[Step=0740] Wall=169.1128s | Loss=0.7417
[Profile] Avg ms/step | Load: 100.183 (Prep: 12.119, Struc: 1.262, Fetch: 86.803) | Fwd: 53.188 | Bwd: 65.287 | Opt: 0.678 | GPU_Tot: 207.218
[Autotune] {"version": 1, "step": 740, "wall_seconds": 169.11284195899498, "seed_nodes": 2969705, "loss": 0.7416743278503418, "all_losses_finite": true}
[Step=0750] Wall=171.2781s | Loss=0.6517
[Profile] Avg ms/step | Load: 100.099 (Prep: 11.954, Struc: 1.262, Fetch: 86.883) | Fwd: 53.206 | Bwd: 65.312 | Opt: 0.678 | GPU_Tot: 207.341
[Autotune] {"version": 1, "step": 750, "wall_seconds": 171.27807142201345, "seed_nodes": 3010665, "loss": 0.6517027378082275, "all_losses_finite": true}
[Step=0760] Wall=173.4642s | Loss=0.5913
[Profile] Avg ms/step | Load: 100.048 (Prep: 11.793, Struc: 1.263, Fetch: 86.992) | Fwd: 53.221 | Bwd: 65.335 | Opt: 0.679 | GPU_Tot: 207.489
[Autotune] {"version": 1, "step": 760, "wall_seconds": 173.46417808101978, "seed_nodes": 3051625, "loss": 0.591341209411621, "all_losses_finite": true}
[Step=0770] Wall=175.6258s | Loss=0.5746
[Profile] Avg ms/step | Load: 99.969 (Prep: 11.649, Struc: 1.263, Fetch: 87.057) | Fwd: 53.235 | Bwd: 65.354 | Opt: 0.679 | GPU_Tot: 207.588
[Autotune] {"version": 1, "step": 770, "wall_seconds": 175.62583705806173, "seed_nodes": 3092585, "loss": 0.5745896339416504, "all_losses_finite": true}
[Step=0780] Wall=177.6258s | Loss=0.5338
[Profile] Avg ms/step | Load: 99.675 (Prep: 11.493, Struc: 1.263, Fetch: 86.919) | Fwd: 53.251 | Bwd: 65.370 | Opt: 0.678 | GPU_Tot: 207.482
[Autotune] {"version": 1, "step": 780, "wall_seconds": 177.62579878605902, "seed_nodes": 3133545, "loss": 0.5337825298309327, "all_losses_finite": true}
[Step=0790] Wall=180.1062s | Loss=0.5267
[Profile] Avg ms/step | Load: 100.185 (Prep: 12.096, Struc: 1.262, Fetch: 86.827) | Fwd: 53.195 | Bwd: 65.302 | Opt: 0.678 | GPU_Tot: 207.264
[Autotune] {"version": 1, "step": 790, "wall_seconds": 180.10619476810098, "seed_nodes": 3170416, "loss": 0.5266639709472656, "all_losses_finite": true}
[Step=0800] Wall=182.2888s | Loss=0.5381
[Profile] Avg ms/step | Load: 100.136 (Prep: 11.942, Struc: 1.263, Fetch: 86.932) | Fwd: 53.209 | Bwd: 65.319 | Opt: 0.678 | GPU_Tot: 207.401
[Autotune] {"version": 1, "step": 800, "wall_seconds": 182.28880089404993, "seed_nodes": 3211376, "loss": 0.5380964756011963, "all_losses_finite": true}
[Step=0810] Wall=184.4601s | Loss=0.5252
[Profile] Avg ms/step | Load: 100.069 (Prep: 11.792, Struc: 1.263, Fetch: 87.014) | Fwd: 53.224 | Bwd: 65.341 | Opt: 0.678 | GPU_Tot: 207.520
[Autotune] {"version": 1, "step": 810, "wall_seconds": 184.46011362806894, "seed_nodes": 3252336, "loss": 0.5252178192138672, "all_losses_finite": true}
[Step=0820] Wall=186.6069s | Loss=0.5072
[Profile] Avg ms/step | Load: 99.977 (Prep: 11.657, Struc: 1.263, Fetch: 87.057) | Fwd: 53.237 | Bwd: 65.358 | Opt: 0.678 | GPU_Tot: 207.593
[Autotune] {"version": 1, "step": 820, "wall_seconds": 186.60689234605525, "seed_nodes": 3293296, "loss": 0.5071708202362061, "all_losses_finite": true}
[Step=0830] Wall=188.6074s | Loss=0.4910
[Profile] Avg ms/step | Load: 99.700 (Prep: 11.510, Struc: 1.263, Fetch: 86.926) | Fwd: 53.252 | Bwd: 65.375 | Opt: 0.678 | GPU_Tot: 207.495
[Autotune] {"version": 1, "step": 830, "wall_seconds": 188.60744121600874, "seed_nodes": 3334256, "loss": 0.4909807682037354, "all_losses_finite": true}
[Step=0840] Wall=191.0394s | Loss=0.6069
[Profile] Avg ms/step | Load: 100.121 (Prep: 11.980, Struc: 1.262, Fetch: 86.879) | Fwd: 53.198 | Bwd: 65.307 | Opt: 0.679 | GPU_Tot: 207.324
[Autotune] {"version": 1, "step": 840, "wall_seconds": 191.03944629710168, "seed_nodes": 3371127, "loss": 0.6068570137023925, "all_losses_finite": true}
[Step=0850] Wall=193.2419s | Loss=0.5772
[Profile] Avg ms/step | Load: 100.103 (Prep: 11.837, Struc: 1.263, Fetch: 87.003) | Fwd: 53.210 | Bwd: 65.321 | Opt: 0.679 | GPU_Tot: 207.476
[Autotune] {"version": 1, "step": 850, "wall_seconds": 193.24192531604785, "seed_nodes": 3412087, "loss": 0.5772233963012695, "all_losses_finite": true}
[Step=0860] Wall=195.4084s | Loss=0.5300
[Profile] Avg ms/step | Load: 100.038 (Prep: 11.698, Struc: 1.263, Fetch: 87.076) | Fwd: 53.223 | Bwd: 65.338 | Opt: 0.680 | GPU_Tot: 207.580
[Autotune] {"version": 1, "step": 860, "wall_seconds": 195.40839335205965, "seed_nodes": 3453047, "loss": 0.5300294399261475, "all_losses_finite": true}
[Step=0870] Wall=197.5162s | Loss=0.5151
[Profile] Avg ms/step | Load: 99.899 (Prep: 11.572, Struc: 1.263, Fetch: 87.063) | Fwd: 53.236 | Bwd: 65.359 | Opt: 0.680 | GPU_Tot: 207.602
[Autotune] {"version": 1, "step": 870, "wall_seconds": 197.5162296370836, "seed_nodes": 3494007, "loss": 0.5151305675506592, "all_losses_finite": true}
[Step=0880] Wall=199.5063s | Loss=0.4780
[Profile] Avg ms/step | Load: 99.627 (Prep: 11.435, Struc: 1.263, Fetch: 86.928) | Fwd: 53.250 | Bwd: 65.376 | Opt: 0.680 | GPU_Tot: 207.497
[Autotune] {"version": 1, "step": 880, "wall_seconds": 199.5063353360165, "seed_nodes": 3534967, "loss": 0.47803478240966796, "all_losses_finite": true}
[Step=0890] Wall=202.0408s | Loss=0.5655
[Profile] Avg ms/step | Load: 100.140 (Prep: 11.966, Struc: 1.262, Fetch: 86.912) | Fwd: 53.200 | Bwd: 65.316 | Opt: 0.680 | GPU_Tot: 207.370
[Autotune] {"version": 1, "step": 890, "wall_seconds": 202.04082320502494, "seed_nodes": 3571838, "loss": 0.5654570102691651, "all_losses_finite": true}
[Step=0900] Wall=204.2256s | Loss=0.5541
[Profile] Avg ms/step | Load: 100.092 (Prep: 11.831, Struc: 1.263, Fetch: 86.998) | Fwd: 53.213 | Bwd: 65.338 | Opt: 0.680 | GPU_Tot: 207.492
[Autotune] {"version": 1, "step": 900, "wall_seconds": 204.2256243720185, "seed_nodes": 3612798, "loss": 0.5541472911834717, "all_losses_finite": true}
[Step=0910] Wall=206.3997s | Loss=0.5189
[Profile] Avg ms/step | Load: 100.034 (Prep: 11.700, Struc: 1.263, Fetch: 87.072) | Fwd: 53.226 | Bwd: 65.359 | Opt: 0.681 | GPU_Tot: 207.600
[Autotune] {"version": 1, "step": 910, "wall_seconds": 206.39968953910284, "seed_nodes": 3653758, "loss": 0.5189436435699463, "all_losses_finite": true}
[Step=0920] Wall=208.5263s | Loss=0.5041
[Profile] Avg ms/step | Load: 99.924 (Prep: 11.582, Struc: 1.263, Fetch: 87.079) | Fwd: 53.238 | Bwd: 65.379 | Opt: 0.680 | GPU_Tot: 207.640
[Autotune] {"version": 1, "step": 920, "wall_seconds": 208.52628735709004, "seed_nodes": 3694718, "loss": 0.5041014194488526, "all_losses_finite": true}
[Step=0930] Wall=210.5267s | Loss=0.4937
[Profile] Avg ms/step | Load: 99.687 (Prep: 11.452, Struc: 1.263, Fetch: 86.971) | Fwd: 53.249 | Bwd: 65.389 | Opt: 0.680 | GPU_Tot: 207.552
[Autotune] {"version": 1, "step": 930, "wall_seconds": 210.52667416306213, "seed_nodes": 3735678, "loss": 0.4936999797821045, "all_losses_finite": true}
[Step=0940] Wall=213.0889s | Loss=0.4739
[Profile] Avg ms/step | Load: 100.206 (Prep: 11.970, Struc: 1.262, Fetch: 86.973) | Fwd: 53.201 | Bwd: 65.329 | Opt: 0.680 | GPU_Tot: 207.446
[Autotune] {"version": 1, "step": 940, "wall_seconds": 213.08892787701916, "seed_nodes": 3772549, "loss": 0.47391643524169924, "all_losses_finite": true}
[Step=0950] Wall=215.2576s | Loss=0.5119
[Profile] Avg ms/step | Load: 100.142 (Prep: 11.843, Struc: 1.263, Fetch: 87.037) | Fwd: 53.213 | Bwd: 65.350 | Opt: 0.681 | GPU_Tot: 207.543
[Autotune] {"version": 1, "step": 950, "wall_seconds": 215.25758981809486, "seed_nodes": 3813509, "loss": 0.511905574798584, "all_losses_finite": true}
[Step=0960] Wall=217.4013s | Loss=0.4892
[Profile] Avg ms/step | Load: 100.058 (Prep: 11.719, Struc: 1.263, Fetch: 87.076) | Fwd: 53.224 | Bwd: 65.366 | Opt: 0.681 | GPU_Tot: 207.610
[Autotune] {"version": 1, "step": 960, "wall_seconds": 217.4012923660921, "seed_nodes": 3854469, "loss": 0.4892313003540039, "all_losses_finite": true}
[Step=0970] Wall=219.5087s | Loss=0.4865
[Profile] Avg ms/step | Load: 99.935 (Prep: 11.605, Struc: 1.263, Fetch: 87.067) | Fwd: 53.237 | Bwd: 65.383 | Opt: 0.681 | GPU_Tot: 207.630
[Autotune] {"version": 1, "step": 970, "wall_seconds": 219.5086500790203, "seed_nodes": 3895429, "loss": 0.48653473854064944, "all_losses_finite": true}
[Step=0980] Wall=221.3114s | Loss=0.4546
[Profile] Avg ms/step | Load: 99.621 (Prep: 11.482, Struc: 1.262, Fetch: 86.877) | Fwd: 53.192 | Bwd: 65.326 | Opt: 0.680 | GPU_Tot: 207.336
[Autotune] {"version": 1, "step": 980, "wall_seconds": 221.31135863205418, "seed_nodes": 3932300, "loss": 0.45459814071655275, "all_losses_finite": true}
[Step=0990] Wall=224.0714s | Loss=0.5266
[Profile] Avg ms/step | Load: 100.190 (Prep: 11.957, Struc: 1.263, Fetch: 86.971) | Fwd: 53.204 | Bwd: 65.343 | Opt: 0.680 | GPU_Tot: 207.461
[Autotune] {"version": 1, "step": 990, "wall_seconds": 224.07140459900256, "seed_nodes": 3973260, "loss": 0.5266251564025879, "all_losses_finite": true}
[Step=1000] Wall=226.2478s | Loss=0.5150
[Profile] Avg ms/step | Load: 100.136 (Prep: 11.837, Struc: 1.263, Fetch: 87.037) | Fwd: 53.217 | Bwd: 65.363 | Opt: 0.681 | GPU_Tot: 207.561
[Autotune] {"version": 1, "step": 1000, "wall_seconds": 226.24777463905048, "seed_nodes": 4014220, "loss": 0.5149935722351074, "all_losses_finite": true}
[Step=1010] Wall=228.4423s | Loss=0.5111
[Profile] Avg ms/step | Load: 100.101 (Prep: 11.719, Struc: 1.263, Fetch: 87.119) | Fwd: 53.229 | Bwd: 65.385 | Opt: 0.681 | GPU_Tot: 207.677
[Autotune] {"version": 1, "step": 1010, "wall_seconds": 228.442284777062, "seed_nodes": 4055180, "loss": 0.5110934734344482, "all_losses_finite": true}
[Step=1020] Wall=230.5126s | Loss=0.4916
[Profile] Avg ms/step | Load: 99.956 (Prep: 11.612, Struc: 1.263, Fetch: 87.081) | Fwd: 53.237 | Bwd: 65.394 | Opt: 0.681 | GPU_Tot: 207.656
[Autotune] {"version": 1, "step": 1020, "wall_seconds": 230.51256542699412, "seed_nodes": 4096140, "loss": 0.49162607192993163, "all_losses_finite": true}
[Step=1030] Wall=232.9286s | Loss=0.4726
[Profile] Avg ms/step | Load: 100.277 (Prep: 12.066, Struc: 1.262, Fetch: 86.948) | Fwd: 53.195 | Bwd: 65.340 | Opt: 0.680 | GPU_Tot: 207.426
[Autotune] {"version": 1, "step": 1030, "wall_seconds": 232.92864558799192, "seed_nodes": 4133011, "loss": 0.47263407707214355, "all_losses_finite": true}
[Step=1040] Wall=235.1083s | Loss=0.5779
[Profile] Avg ms/step | Load: 100.235 (Prep: 11.950, Struc: 1.263, Fetch: 87.023) | Fwd: 53.206 | Bwd: 65.353 | Opt: 0.681 | GPU_Tot: 207.525
[Autotune] {"version": 1, "step": 1040, "wall_seconds": 235.10833623702638, "seed_nodes": 4173971, "loss": 0.5779451370239258, "all_losses_finite": true}
[Step=1050] Wall=237.3066s | Loss=0.5222
[Profile] Avg ms/step | Load: 100.204 (Prep: 11.835, Struc: 1.263, Fetch: 87.106) | Fwd: 53.218 | Bwd: 65.373 | Opt: 0.681 | GPU_Tot: 207.641
[Autotune] {"version": 1, "step": 1050, "wall_seconds": 237.30656027409714, "seed_nodes": 4214931, "loss": 0.5222497940063476, "all_losses_finite": true}
[Step=1060] Wall=239.4780s | Loss=0.4921
[Profile] Avg ms/step | Load: 100.151 (Prep: 11.723, Struc: 1.263, Fetch: 87.165) | Fwd: 53.229 | Bwd: 65.390 | Opt: 0.681 | GPU_Tot: 207.728
[Autotune] {"version": 1, "step": 1060, "wall_seconds": 239.47795282502193, "seed_nodes": 4255891, "loss": 0.4921383857727051, "all_losses_finite": true}
[Step=1070] Wall=241.5273s | Loss=0.4818
[Profile] Avg ms/step | Load: 99.984 (Prep: 11.620, Struc: 1.263, Fetch: 87.101) | Fwd: 53.240 | Bwd: 65.404 | Opt: 0.680 | GPU_Tot: 207.689
[Autotune] {"version": 1, "step": 1070, "wall_seconds": 241.52732506208122, "seed_nodes": 4296851, "loss": 0.4818261623382568, "all_losses_finite": true}
[Step=1080] Wall=243.9474s | Loss=0.4552
[Profile] Avg ms/step | Load: 100.290 (Prep: 12.052, Struc: 1.263, Fetch: 86.975) | Fwd: 53.202 | Bwd: 65.354 | Opt: 0.680 | GPU_Tot: 207.473
[Autotune] {"version": 1, "step": 1080, "wall_seconds": 243.9474109770963, "seed_nodes": 4333722, "loss": 0.4552361488342285, "all_losses_finite": true}
[Step=1090] Wall=246.1265s | Loss=0.4900
[Profile] Avg ms/step | Load: 100.243 (Prep: 11.941, Struc: 1.263, Fetch: 87.038) | Fwd: 53.213 | Bwd: 65.372 | Opt: 0.681 | GPU_Tot: 207.567
[Autotune] {"version": 1, "step": 1090, "wall_seconds": 246.12645035702735, "seed_nodes": 4374682, "loss": 0.48999710083007814, "all_losses_finite": true}
[Step=1100] Wall=248.3260s | Loss=0.4720
[Profile] Avg ms/step | Load: 100.208 (Prep: 11.832, Struc: 1.263, Fetch: 87.113) | Fwd: 53.225 | Bwd: 65.396 | Opt: 0.681 | GPU_Tot: 207.678
[Autotune] {"version": 1, "step": 1100, "wall_seconds": 248.32603365799878, "seed_nodes": 4415642, "loss": 0.47202863693237307, "all_losses_finite": true}
[Step=1110] Wall=250.5319s | Loss=0.4674
[Profile] Avg ms/step | Load: 100.194 (Prep: 11.726, Struc: 1.263, Fetch: 87.206) | Fwd: 53.235 | Bwd: 65.408 | Opt: 0.681 | GPU_Tot: 207.793
[Autotune] {"version": 1, "step": 1110, "wall_seconds": 250.53188075509388, "seed_nodes": 4456602, "loss": 0.46741180419921874, "all_losses_finite": true}
[Step=1120] Wall=252.5680s | Loss=0.4739
[Profile] Avg ms/step | Load: 100.022 (Prep: 11.627, Struc: 1.263, Fetch: 87.132) | Fwd: 53.245 | Bwd: 65.422 | Opt: 0.681 | GPU_Tot: 207.743
[Autotune] {"version": 1, "step": 1120, "wall_seconds": 252.56797209999058, "seed_nodes": 4497562, "loss": 0.47388396263122556, "all_losses_finite": true}
[Step=1130] Wall=255.0125s | Loss=0.5370
[Profile] Avg ms/step | Load: 100.339 (Prep: 12.036, Struc: 1.263, Fetch: 87.041) | Fwd: 53.206 | Bwd: 65.372 | Opt: 0.680 | GPU_Tot: 207.563
[Autotune] {"version": 1, "step": 1130, "wall_seconds": 255.01251257699914, "seed_nodes": 4534433, "loss": 0.5369887351989746, "all_losses_finite": true}
[Step=1140] Wall=257.1871s | Loss=0.6170
[Profile] Avg ms/step | Load: 100.291 (Prep: 11.930, Struc: 1.263, Fetch: 87.099) | Fwd: 53.217 | Bwd: 65.389 | Opt: 0.680 | GPU_Tot: 207.647
[Autotune] {"version": 1, "step": 1140, "wall_seconds": 257.1870977689978, "seed_nodes": 4575393, "loss": 0.6170168876647949, "all_losses_finite": true}
[Step=1150] Wall=259.3718s | Loss=0.5318
[Profile] Avg ms/step | Load: 100.253 (Prep: 11.826, Struc: 1.263, Fetch: 87.164) | Fwd: 53.227 | Bwd: 65.404 | Opt: 0.681 | GPU_Tot: 207.739
[Autotune] {"version": 1, "step": 1150, "wall_seconds": 259.3717715690145, "seed_nodes": 4616353, "loss": 0.5317787170410156, "all_losses_finite": true}
[Step=1160] Wall=261.5295s | Loss=0.5161
[Profile] Avg ms/step | Load: 100.193 (Prep: 11.733, Struc: 1.263, Fetch: 87.197) | Fwd: 53.238 | Bwd: 65.419 | Opt: 0.681 | GPU_Tot: 207.797
[Autotune] {"version": 1, "step": 1160, "wall_seconds": 261.5294854850508, "seed_nodes": 4657313, "loss": 0.5160983562469482, "all_losses_finite": true}
[Step=1170] Wall=263.5468s | Loss=0.4852
[Profile] Avg ms/step | Load: 100.009 (Prep: 11.629, Struc: 1.263, Fetch: 87.116) | Fwd: 53.249 | Bwd: 65.433 | Opt: 0.680 | GPU_Tot: 207.741
[Autotune] {"version": 1, "step": 1170, "wall_seconds": 263.5468083610758, "seed_nodes": 4698273, "loss": 0.4852270603179932, "all_losses_finite": true}
[Step=1180] Wall=266.0271s | Loss=0.5040
[Profile] Avg ms/step | Load: 100.337 (Prep: 12.024, Struc: 1.263, Fetch: 87.050) | Fwd: 53.213 | Bwd: 65.391 | Opt: 0.680 | GPU_Tot: 207.596
[Autotune] {"version": 1, "step": 1180, "wall_seconds": 266.0270556410542, "seed_nodes": 4735144, "loss": 0.5039647579193115, "all_losses_finite": true}
[Step=1190] Wall=268.2100s | Loss=0.5885
[Profile] Avg ms/step | Load: 100.304 (Prep: 11.923, Struc: 1.263, Fetch: 87.118) | Fwd: 53.222 | Bwd: 65.401 | Opt: 0.680 | GPU_Tot: 207.684
[Autotune] {"version": 1, "step": 1190, "wall_seconds": 268.2100137390662, "seed_nodes": 4776104, "loss": 0.5884517192840576, "all_losses_finite": true}
[Step=1200] Wall=270.4140s | Loss=0.5346
[Profile] Avg ms/step | Load: 100.290 (Prep: 11.823, Struc: 1.263, Fetch: 87.204) | Fwd: 53.230 | Bwd: 65.412 | Opt: 0.680 | GPU_Tot: 207.789
[Autotune] {"version": 1, "step": 1200, "wall_seconds": 270.41404217109084, "seed_nodes": 4817064, "loss": 0.5346197128295899, "all_losses_finite": true}
[Step=1210] Wall=272.5817s | Loss=0.4914
[Profile] Avg ms/step | Load: 100.242 (Prep: 11.734, Struc: 1.263, Fetch: 87.245) | Fwd: 53.240 | Bwd: 65.425 | Opt: 0.680 | GPU_Tot: 207.853
[Autotune] {"version": 1, "step": 1210, "wall_seconds": 272.581747887074, "seed_nodes": 4858024, "loss": 0.4914106369018555, "all_losses_finite": true}
[Step=1220] Wall=274.5870s | Loss=0.4853
[Profile] Avg ms/step | Load: 100.049 (Prep: 11.635, Struc: 1.263, Fetch: 87.150) | Fwd: 53.251 | Bwd: 65.444 | Opt: 0.680 | GPU_Tot: 207.789
[Autotune] {"version": 1, "step": 1220, "wall_seconds": 274.5869795670733, "seed_nodes": 4898984, "loss": 0.48534836769104006, "all_losses_finite": true}
[Step=1230] Wall=277.0641s | Loss=0.5737
[Profile] Avg ms/step | Load: 100.358 (Prep: 12.013, Struc: 1.263, Fetch: 87.082) | Fwd: 53.217 | Bwd: 65.405 | Opt: 0.680 | GPU_Tot: 207.646
[Autotune] {"version": 1, "step": 1230, "wall_seconds": 277.0641248060856, "seed_nodes": 4935855, "loss": 0.5737475872039794, "all_losses_finite": true}
[Step=1240] Wall=279.2429s | Loss=0.5724
[Profile] Avg ms/step | Load: 100.319 (Prep: 11.917, Struc: 1.263, Fetch: 87.140) | Fwd: 53.227 | Bwd: 65.418 | Opt: 0.680 | GPU_Tot: 207.727
[Autotune] {"version": 1, "step": 1240, "wall_seconds": 279.24289620807394, "seed_nodes": 4976815, "loss": 0.5724115371704102, "all_losses_finite": true}
[Step=1250] Wall=281.4410s | Loss=0.5447
[Profile] Avg ms/step | Load: 100.296 (Prep: 11.822, Struc: 1.263, Fetch: 87.211) | Fwd: 53.236 | Bwd: 65.431 | Opt: 0.680 | GPU_Tot: 207.821
[Autotune] {"version": 1, "step": 1250, "wall_seconds": 281.441039583995, "seed_nodes": 5017775, "loss": 0.5446980476379395, "all_losses_finite": true}
[Step=1260] Wall=283.6186s | Loss=0.5188
[Profile] Avg ms/step | Load: 100.257 (Prep: 11.735, Struc: 1.263, Fetch: 87.258) | Fwd: 53.244 | Bwd: 65.445 | Opt: 0.680 | GPU_Tot: 207.891
[Autotune] {"version": 1, "step": 1260, "wall_seconds": 283.618577356101, "seed_nodes": 5058735, "loss": 0.5188433170318604, "all_losses_finite": true}
[Step=1270] Wall=285.6125s | Loss=0.4953
[Profile] Avg ms/step | Load: 100.073 (Prep: 11.640, Struc: 1.263, Fetch: 87.169) | Fwd: 53.252 | Bwd: 65.456 | Opt: 0.679 | GPU_Tot: 207.820
[Autotune] {"version": 1, "step": 1270, "wall_seconds": 285.61253420508, "seed_nodes": 5099695, "loss": 0.4952691078186035, "all_losses_finite": true}
[Step=1280] Wall=288.0747s | Loss=0.5257
[Profile] Avg ms/step | Load: 100.365 (Prep: 11.985, Struc: 1.263, Fetch: 87.117) | Fwd: 53.218 | Bwd: 65.413 | Opt: 0.679 | GPU_Tot: 207.689
[Autotune] {"version": 1, "step": 1280, "wall_seconds": 288.0747373540653, "seed_nodes": 5136566, "loss": 0.5256833553314209, "all_losses_finite": true}
[Step=1290] Wall=290.2664s | Loss=0.5065
[Profile] Avg ms/step | Load: 100.337 (Prep: 11.893, Struc: 1.263, Fetch: 87.182) | Fwd: 53.226 | Bwd: 65.426 | Opt: 0.679 | GPU_Tot: 207.776
[Autotune] {"version": 1, "step": 1290, "wall_seconds": 290.26641810208093, "seed_nodes": 5177526, "loss": 0.5064946174621582, "all_losses_finite": true}
[Step=1300] Wall=292.4533s | Loss=0.5038
[Profile] Avg ms/step | Load: 100.308 (Prep: 11.801, Struc: 1.263, Fetch: 87.244) | Fwd: 53.235 | Bwd: 65.437 | Opt: 0.680 | GPU_Tot: 207.858
[Autotune] {"version": 1, "step": 1300, "wall_seconds": 292.453310434008, "seed_nodes": 5218486, "loss": 0.503779411315918, "all_losses_finite": true}
[Step=1310] Wall=294.6072s | Loss=0.4822
[Profile] Avg ms/step | Load: 100.248 (Prep: 11.719, Struc: 1.263, Fetch: 87.265) | Fwd: 53.245 | Bwd: 65.453 | Opt: 0.680 | GPU_Tot: 207.905
[Autotune] {"version": 1, "step": 1310, "wall_seconds": 294.60720713099, "seed_nodes": 5259446, "loss": 0.4822434902191162, "all_losses_finite": true}
[Step=1320] Wall=296.6067s | Loss=0.4817
[Profile] Avg ms/step | Load: 100.068 (Prep: 11.628, Struc: 1.263, Fetch: 87.176) | Fwd: 53.255 | Bwd: 65.468 | Opt: 0.679 | GPU_Tot: 207.841
[Autotune] {"version": 1, "step": 1320, "wall_seconds": 296.60667876608204, "seed_nodes": 5300406, "loss": 0.4817045211791992, "all_losses_finite": true}
[Step=1330] Wall=299.1161s | Loss=0.4408
[Profile] Avg ms/step | Load: 100.377 (Prep: 11.977, Struc: 1.263, Fetch: 87.137) | Fwd: 53.224 | Bwd: 65.433 | Opt: 0.679 | GPU_Tot: 207.735
[Autotune] {"version": 1, "step": 1330, "wall_seconds": 299.1161385680316, "seed_nodes": 5337277, "loss": 0.44077863693237307, "all_losses_finite": true}
[Step=1340] Wall=301.2726s | Loss=0.5007
[Profile] Avg ms/step | Load: 100.324 (Prep: 11.888, Struc: 1.263, Fetch: 87.173) | Fwd: 53.232 | Bwd: 65.444 | Opt: 0.679 | GPU_Tot: 207.791
[Autotune] {"version": 1, "step": 1340, "wall_seconds": 301.2726223350037, "seed_nodes": 5378237, "loss": 0.5007354736328125, "all_losses_finite": true}
[Step=1350] Wall=303.4497s | Loss=0.4781
[Profile] Avg ms/step | Load: 100.289 (Prep: 11.801, Struc: 1.263, Fetch: 87.226) | Fwd: 53.239 | Bwd: 65.455 | Opt: 0.679 | GPU_Tot: 207.862
[Autotune] {"version": 1, "step": 1350, "wall_seconds": 303.4497100469889, "seed_nodes": 5419197, "loss": 0.4781336784362793, "all_losses_finite": true}
[Step=1360] Wall=305.5880s | Loss=0.4717
[Profile] Avg ms/step | Load: 100.222 (Prep: 11.720, Struc: 1.263, Fetch: 87.239) | Fwd: 53.248 | Bwd: 65.467 | Opt: 0.679 | GPU_Tot: 207.897
[Autotune] {"version": 1, "step": 1360, "wall_seconds": 305.5879969180096, "seed_nodes": 5460157, "loss": 0.4716651916503906, "all_losses_finite": true}
[Step=1370] Wall=307.5885s | Loss=0.4646
[Profile] Avg ms/step | Load: 100.057 (Prep: 11.633, Struc: 1.263, Fetch: 87.161) | Fwd: 53.257 | Bwd: 65.476 | Opt: 0.679 | GPU_Tot: 207.836
[Autotune] {"version": 1, "step": 1370, "wall_seconds": 307.5885004020529, "seed_nodes": 5501117, "loss": 0.4646136283874512, "all_losses_finite": true}
[Step=1380] Wall=310.1264s | Loss=0.4492
[Profile] Avg ms/step | Load: 100.375 (Prep: 11.969, Struc: 1.263, Fetch: 87.144) | Fwd: 53.226 | Bwd: 65.443 | Opt: 0.679 | GPU_Tot: 207.755
[Autotune] {"version": 1, "step": 1380, "wall_seconds": 310.1264133360237, "seed_nodes": 5537988, "loss": 0.449189281463623, "all_losses_finite": true}
[Step=1390] Wall=312.3645s | Loss=0.4675
[Profile] Avg ms/step | Load: 100.384 (Prep: 11.883, Struc: 1.263, Fetch: 87.238) | Fwd: 53.235 | Bwd: 65.454 | Opt: 0.679 | GPU_Tot: 207.869
[Autotune] {"version": 1, "step": 1390, "wall_seconds": 312.3645233610878, "seed_nodes": 5578948, "loss": 0.4674901008605957, "all_losses_finite": true}
[Step=1400] Wall=314.5682s | Loss=0.4537
[Profile] Avg ms/step | Load: 100.368 (Prep: 11.799, Struc: 1.263, Fetch: 87.306) | Fwd: 53.243 | Bwd: 65.466 | Opt: 0.679 | GPU_Tot: 207.957
[Autotune] {"version": 1, "step": 1400, "wall_seconds": 314.5682219429873, "seed_nodes": 5619908, "loss": 0.4536543846130371, "all_losses_finite": true}
[Step=1410] Wall=316.7073s | Loss=0.4637
[Profile] Avg ms/step | Load: 100.308 (Prep: 11.721, Struc: 1.263, Fetch: 87.324) | Fwd: 53.250 | Bwd: 65.474 | Opt: 0.679 | GPU_Tot: 207.990
[Autotune] {"version": 1, "step": 1410, "wall_seconds": 316.7073088870384, "seed_nodes": 5660868, "loss": 0.463685417175293, "all_losses_finite": true}
[Step=1420] Wall=318.7080s | Loss=0.4593
[Profile] Avg ms/step | Load: 100.147 (Prep: 11.637, Struc: 1.263, Fetch: 87.247) | Fwd: 53.258 | Bwd: 65.484 | Opt: 0.679 | GPU_Tot: 207.931
[Autotune] {"version": 1, "step": 1420, "wall_seconds": 318.7079964270815, "seed_nodes": 5701828, "loss": 0.45931243896484375, "all_losses_finite": true}
[Step=1430] Wall=321.2592s | Loss=0.4313
[Profile] Avg ms/step | Load: 100.467 (Prep: 11.961, Struc: 1.263, Fetch: 87.243) | Fwd: 53.228 | Bwd: 65.448 | Opt: 0.679 | GPU_Tot: 207.861
[Autotune] {"version": 1, "step": 1430, "wall_seconds": 321.2592049629893, "seed_nodes": 5738699, "loss": 0.4312887191772461, "all_losses_finite": true}
[Step=1440] Wall=323.4275s | Loss=0.4452
[Profile] Avg ms/step | Load: 100.426 (Prep: 11.879, Struc: 1.263, Fetch: 87.285) | Fwd: 53.236 | Bwd: 65.458 | Opt: 0.679 | GPU_Tot: 207.921
[Autotune] {"version": 1, "step": 1440, "wall_seconds": 323.4274675199995, "seed_nodes": 5779659, "loss": 0.4452212810516357, "all_losses_finite": true}
[Step=1450] Wall=325.6283s | Loss=0.4589
[Profile] Avg ms/step | Load: 100.402 (Prep: 11.798, Struc: 1.263, Fetch: 87.341) | Fwd: 53.245 | Bwd: 65.474 | Opt: 0.679 | GPU_Tot: 208.003
[Autotune] {"version": 1, "step": 1450, "wall_seconds": 325.6282712330576, "seed_nodes": 5820619, "loss": 0.45892910957336425, "all_losses_finite": true}
[Step=1460] Wall=327.7415s | Loss=0.4581
[Profile] Avg ms/step | Load: 100.325 (Prep: 11.724, Struc: 1.263, Fetch: 87.338) | Fwd: 53.252 | Bwd: 65.483 | Opt: 0.679 | GPU_Tot: 208.016
[Autotune] {"version": 1, "step": 1460, "wall_seconds": 327.74149586900603, "seed_nodes": 5861579, "loss": 0.45813422203063964, "all_losses_finite": true}
[Step=1470] Wall=329.5556s | Loss=0.4211
[Profile] Avg ms/step | Load: 100.124 (Prep: 11.642, Struc: 1.263, Fetch: 87.219) | Fwd: 53.223 | Bwd: 65.445 | Opt: 0.679 | GPU_Tot: 207.828
[Autotune] {"version": 1, "step": 1470, "wall_seconds": 329.5556046910351, "seed_nodes": 5898450, "loss": 0.4210904598236084, "all_losses_finite": true}
[Step=1480] Wall=332.3495s | Loss=0.4814
[Profile] Avg ms/step | Load: 100.520 (Prep: 11.956, Struc: 1.263, Fetch: 87.302) | Fwd: 53.231 | Bwd: 65.455 | Opt: 0.679 | GPU_Tot: 207.929
[Autotune] {"version": 1, "step": 1480, "wall_seconds": 332.3495493110968, "seed_nodes": 5939410, "loss": 0.48140897750854494, "all_losses_finite": true}
[Step=1490] Wall=334.5114s | Loss=0.4654
[Profile] Avg ms/step | Load: 100.476 (Prep: 11.876, Struc: 1.263, Fetch: 87.337) | Fwd: 53.238 | Bwd: 65.465 | Opt: 0.679 | GPU_Tot: 207.982
[Autotune] {"version": 1, "step": 1490, "wall_seconds": 334.51141154707875, "seed_nodes": 5980370, "loss": 0.4653766632080078, "all_losses_finite": true}
[Step=1500] Wall=336.7159s | Loss=0.4615
[Profile] Avg ms/step | Load: 100.460 (Prep: 11.798, Struc: 1.263, Fetch: 87.399) | Fwd: 53.246 | Bwd: 65.476 | Opt: 0.679 | GPU_Tot: 208.062
[Autotune] {"version": 1, "step": 1500, "wall_seconds": 336.71588959300425, "seed_nodes": 6021330, "loss": 0.46146326065063475, "all_losses_finite": true}
[Step=1510] Wall=338.7779s | Loss=0.4482
[Profile] Avg ms/step | Load: 100.349 (Prep: 11.726, Struc: 1.263, Fetch: 87.361) | Fwd: 53.253 | Bwd: 65.485 | Opt: 0.679 | GPU_Tot: 208.041
[Autotune] {"version": 1, "step": 1510, "wall_seconds": 338.7778924520826, "seed_nodes": 6062290, "loss": 0.4481685638427734, "all_losses_finite": true}
[Step=1520] Wall=341.1785s | Loss=0.4133
[Profile] Avg ms/step | Load: 100.546 (Prep: 12.028, Struc: 1.263, Fetch: 87.256) | Fwd: 53.225 | Bwd: 65.453 | Opt: 0.679 | GPU_Tot: 207.874
[Autotune] {"version": 1, "step": 1520, "wall_seconds": 341.17850760999136, "seed_nodes": 6099161, "loss": 0.4132504463195801, "all_losses_finite": true}
[Step=1530] Wall=343.3675s | Loss=0.4550
[Profile] Avg ms/step | Load: 100.517 (Prep: 11.950, Struc: 1.263, Fetch: 87.304) | Fwd: 53.233 | Bwd: 65.466 | Opt: 0.679 | GPU_Tot: 207.944
[Autotune] {"version": 1, "step": 1530, "wall_seconds": 343.3674820070155, "seed_nodes": 6140121, "loss": 0.45504584312438967, "all_losses_finite": true}
[Step=1540] Wall=345.6279s | Loss=0.4602
[Profile] Avg ms/step | Load: 100.504 (Prep: 11.873, Struc: 1.264, Fetch: 87.367) | Fwd: 53.266 | Bwd: 65.479 | Opt: 0.685 | GPU_Tot: 208.061
[Autotune] {"version": 1, "step": 1540, "wall_seconds": 345.6279129179893, "seed_nodes": 6181081, "loss": 0.46020307540893557, "all_losses_finite": true}
[Step=1550] Wall=347.8084s | Loss=0.4536
[Profile] Avg ms/step | Load: 100.474 (Prep: 11.797, Struc: 1.264, Fetch: 87.413) | Fwd: 53.274 | Bwd: 65.488 | Opt: 0.685 | GPU_Tot: 208.123
[Autotune] {"version": 1, "step": 1550, "wall_seconds": 347.80840933707077, "seed_nodes": 6222041, "loss": 0.4536168575286865, "all_losses_finite": true}
[Step=1560] Wall=349.8478s | Loss=0.4366
[Profile] Avg ms/step | Load: 100.354 (Prep: 11.728, Struc: 1.264, Fetch: 87.363) | Fwd: 53.281 | Bwd: 65.495 | Opt: 0.684 | GPU_Tot: 208.086
[Autotune] {"version": 1, "step": 1560, "wall_seconds": 349.8477842391003, "seed_nodes": 6263001, "loss": 0.436624813079834, "all_losses_finite": true}
[Step=1570] Wall=352.2695s | Loss=0.4873
[Profile] Avg ms/step | Load: 100.563 (Prep: 12.019, Struc: 1.264, Fetch: 87.280) | Fwd: 53.253 | Bwd: 65.459 | Opt: 0.684 | GPU_Tot: 207.939
[Autotune] {"version": 1, "step": 1570, "wall_seconds": 352.2695407120045, "seed_nodes": 6299872, "loss": 0.48731493949890137, "all_losses_finite": true}
[Step=1580] Wall=354.4673s | Loss=0.4839
[Profile] Avg ms/step | Load: 100.539 (Prep: 11.944, Struc: 1.264, Fetch: 87.332) | Fwd: 53.261 | Bwd: 65.472 | Opt: 0.684 | GPU_Tot: 208.012
[Autotune] {"version": 1, "step": 1580, "wall_seconds": 354.46733386907727, "seed_nodes": 6340832, "loss": 0.4839315414428711, "all_losses_finite": true}
[Step=1590] Wall=356.6420s | Loss=0.4386
[Profile] Avg ms/step | Load: 100.502 (Prep: 11.869, Struc: 1.264, Fetch: 87.368) | Fwd: 53.269 | Bwd: 65.485 | Opt: 0.684 | GPU_Tot: 208.070
[Autotune] {"version": 1, "step": 1590, "wall_seconds": 356.64197072107345, "seed_nodes": 6381792, "loss": 0.43864994049072265, "all_losses_finite": true}
[Step=1600] Wall=358.8286s | Loss=0.4420
[Profile] Avg ms/step | Load: 100.474 (Prep: 11.797, Struc: 1.264, Fetch: 87.413) | Fwd: 53.275 | Bwd: 65.495 | Opt: 0.685 | GPU_Tot: 208.132
[Autotune] {"version": 1, "step": 1600, "wall_seconds": 358.8285654010251, "seed_nodes": 6422752, "loss": 0.4420067310333252, "all_losses_finite": true}
[Step=1610] Wall=360.8491s | Loss=0.4334
[Profile] Avg ms/step | Load: 100.349 (Prep: 11.729, Struc: 1.264, Fetch: 87.356) | Fwd: 53.281 | Bwd: 65.501 | Opt: 0.684 | GPU_Tot: 208.086
[Autotune] {"version": 1, "step": 1610, "wall_seconds": 360.8491370260017, "seed_nodes": 6463712, "loss": 0.43343377113342285, "all_losses_finite": true}
[Step=1620] Wall=363.2879s | Loss=0.5259
[Profile] Avg ms/step | Load: 100.557 (Prep: 12.013, Struc: 1.264, Fetch: 87.281) | Fwd: 53.257 | Bwd: 65.467 | Opt: 0.684 | GPU_Tot: 207.953
[Autotune] {"version": 1, "step": 1620, "wall_seconds": 363.2878539330559, "seed_nodes": 6500583, "loss": 0.5259118556976319, "all_losses_finite": true}
[Step=1630] Wall=365.4651s | Loss=0.5898
[Profile] Avg ms/step | Load: 100.526 (Prep: 11.940, Struc: 1.264, Fetch: 87.323) | Fwd: 53.264 | Bwd: 65.476 | Opt: 0.684 | GPU_Tot: 208.010
[Autotune] {"version": 1, "step": 1630, "wall_seconds": 365.465084002004, "seed_nodes": 6541543, "loss": 0.5898131847381591, "all_losses_finite": true}
[Step=1640] Wall=367.6183s | Loss=0.5169
[Profile] Avg ms/step | Load: 100.479 (Prep: 11.868, Struc: 1.264, Fetch: 87.347) | Fwd: 53.271 | Bwd: 65.487 | Opt: 0.684 | GPU_Tot: 208.052
[Autotune] {"version": 1, "step": 1640, "wall_seconds": 367.61832461098675, "seed_nodes": 6582503, "loss": 0.5169255256652832, "all_losses_finite": true}
------------------------------------------------------------
Training Completed. Total Steps: 1640 (Active: 1600)
Avg Breakdown (ms): Load=100.479 [Prep:11.868, Struc:1.264, Fetch:87.347], Fwd=53.271, Bwd=65.487, Opt=0.684
------------------------------------------------------------
