$REPO_ROOT/.venv/lib/python3.11/site-packages/outdated/__init__.py:36: UserWarning: pkg_resources is deprecated as an API. See https://setuptools.pypa.io/en/latest/pkg_resources.html. The pkg_resources package is slated for removal as early as 2025-11-30. Refrain from using this package or pin to Setuptools<81.
  from pkg_resources import parse_version
[ddp] Single-process mode: device=cuda
[Info] Running in Single-Process mode (CPU or Single GPU).
[Info] Device: cuda
[GraphCache] Caching disabled (0 nodes).
[Compile] {"enabled": true, "dynamic": true}
[GPU policy] {"version": 1, "optimizer": "torch.optim.AdamW", "epsilon_convention": "sqrt_bias_corrected_second_moment_plus_eps", "optimizer_defaults": {"lr": 0.003, "betas": [0.9, 0.999], "eps": 1e-06, "weight_decay": 0.0005, "amsgrad": false, "foreach": null, "maximize": false, "capturable": false, "differentiable": false, "fused": null}, "optimizer_groups": [{"parameters": ["_orig_mod.gnn.convs.0.lin_l.weight", "_orig_mod.gnn.convs.0.lin_r.weight", "_orig_mod.gnn.convs.1.lin_l.weight", "_orig_mod.gnn.convs.1.lin_r.weight", "_orig_mod.gnn.convs.2.lin_l.weight", "_orig_mod.gnn.convs.2.lin_r.weight", "_orig_mod.classifier.weight"], "weight_decay": 0.0005}, {"parameters": ["_orig_mod.gnn.convs.0.lin_l.bias", "_orig_mod.gnn.convs.1.lin_l.bias", "_orig_mod.gnn.convs.2.lin_l.bias", "_orig_mod.classifier.bias"], "weight_decay": 0.0}], "parameter_count": 4500520, "amp": {"implementation": "torch.amp.GradScaler", "enabled": true, "init_scale": 32768.0, "growth_interval": 2000, "growth_factor": 2.0, "backoff_factor": 0.5, "sdk_scale_clamps": false}}
[Step=0010] Wall=12.3339s | Loss=4.3796
[Profile] Avg ms/step | Load: 27.177 (Prep: 9.047, Struc: 0.365, Fetch: 17.765) | Fwd: 995.163 | Bwd: 112.082 | Opt: 76.836 | GPU_Tot: 1202.211
[Autotune] {"version": 2, "step": 10, "wall_seconds": 12.333903667022241, "seed_nodes": 40960, "loss": 4.37958869934082, "all_losses_finite": true, "optimizer_steps": 10, "skipped_optimizer_steps": 0, "loss_scale": 32768.0}
[Step=0020] Wall=12.6830s | Loss=3.0470
[Profile] Avg ms/step | Load: 21.418 (Prep: 5.093, Struc: 0.334, Fetch: 15.991) | Fwd: 501.914 | Bwd: 60.925 | Opt: 38.745 | GPU_Tot: 617.909
[Autotune] {"version": 2, "step": 20, "wall_seconds": 12.683038798015332, "seed_nodes": 81920, "loss": 3.0470224380493165, "all_losses_finite": true, "optimizer_steps": 20, "skipped_optimizer_steps": 0, "loss_scale": 32768.0}
[Step=0030] Wall=13.0868s | Loss=2.5552
[Profile] Avg ms/step | Load: 21.587 (Prep: 5.547, Struc: 0.323, Fetch: 15.717) | Fwd: 337.391 | Bwd: 43.707 | Opt: 26.051 | GPU_Tot: 423.190
[Autotune] {"version": 2, "step": 30, "wall_seconds": 13.086759466008516, "seed_nodes": 119613, "loss": 2.5551509857177734, "all_losses_finite": true, "optimizer_steps": 30, "skipped_optimizer_steps": 0, "loss_scale": 32768.0}
[Step=0040] Wall=13.4573s | Loss=2.2240
[Profile] Avg ms/step | Load: 0.000 (Prep: 0.000, Struc: 0.000, Fetch: 0.000) | Fwd: 0.000 | Bwd: 0.000 | Opt: 0.000 | GPU_Tot: 0.000
[Autotune] {"version": 2, "step": 40, "wall_seconds": 13.457347143004881, "seed_nodes": 160573, "loss": 2.2240203857421874, "all_losses_finite": true, "optimizer_steps": 40, "skipped_optimizer_steps": 0, "loss_scale": 32768.0}
[Step=0050] Wall=13.8346s | Loss=1.9226
[Profile] Avg ms/step | Load: 19.520 (Prep: 6.241, Struc: 0.297, Fetch: 12.982) | Fwd: 8.188 | Bwd: 9.221 | Opt: 0.634 | GPU_Tot: 31.321
[Autotune] {"version": 2, "step": 50, "wall_seconds": 13.834563942014938, "seed_nodes": 198266, "loss": 1.9226118087768556, "all_losses_finite": true, "optimizer_steps": 50, "skipped_optimizer_steps": 0, "loss_scale": 32768.0}
[Step=0060] Wall=14.2150s | Loss=1.7419
[Profile] Avg ms/step | Load: 19.107 (Prep: 3.317, Struc: 0.300, Fetch: 15.490) | Fwd: 8.442 | Bwd: 9.498 | Opt: 0.673 | GPU_Tot: 34.403
[Autotune] {"version": 2, "step": 60, "wall_seconds": 14.215010261017596, "seed_nodes": 239226, "loss": 1.7419292449951171, "all_losses_finite": true, "optimizer_steps": 60, "skipped_optimizer_steps": 0, "loss_scale": 32768.0}
[Step=0070] Wall=14.5816s | Loss=1.6355
[Profile] Avg ms/step | Load: 18.886 (Prep: 4.238, Struc: 0.296, Fetch: 14.351) | Fwd: 8.358 | Bwd: 9.415 | Opt: 0.657 | GPU_Tot: 33.077
[Autotune] {"version": 2, "step": 70, "wall_seconds": 14.581647604005411, "seed_nodes": 276919, "loss": 1.6354869842529296, "all_losses_finite": true, "optimizer_steps": 70, "skipped_optimizer_steps": 0, "loss_scale": 32768.0}
[Step=0080] Wall=14.9557s | Loss=1.5308
[Profile] Avg ms/step | Load: 18.694 (Prep: 3.280, Struc: 0.298, Fetch: 15.116) | Fwd: 8.440 | Bwd: 9.498 | Opt: 0.662 | GPU_Tot: 34.015
[Autotune] {"version": 2, "step": 80, "wall_seconds": 14.955705046013463, "seed_nodes": 317879, "loss": 1.5308256149291992, "all_losses_finite": true, "optimizer_steps": 80, "skipped_optimizer_steps": 0, "loss_scale": 32768.0}
[Step=0090] Wall=15.2995s | Loss=1.4672
[Profile] Avg ms/step | Load: 17.986 (Prep: 2.842, Struc: 0.299, Fetch: 14.846) | Fwd: 8.482 | Bwd: 9.553 | Opt: 0.658 | GPU_Tot: 33.837
[Autotune] {"version": 2, "step": 90, "wall_seconds": 15.299532151024323, "seed_nodes": 358839, "loss": 1.4671895027160644, "all_losses_finite": true, "optimizer_steps": 90, "skipped_optimizer_steps": 0, "loss_scale": 32768.0}
[Step=0100] Wall=15.7061s | Loss=1.3999
[Profile] Avg ms/step | Load: 18.703 (Prep: 3.445, Struc: 0.299, Fetch: 14.959) | Fwd: 8.447 | Bwd: 9.507 | Opt: 0.658 | GPU_Tot: 33.870
[Autotune] {"version": 2, "step": 100, "wall_seconds": 15.70614005700918, "seed_nodes": 396532, "loss": 1.3998648643493652, "all_losses_finite": true, "optimizer_steps": 100, "skipped_optimizer_steps": 0, "loss_scale": 32768.0}
[Step=0110] Wall=16.0685s | Loss=1.3497
[Profile] Avg ms/step | Load: 18.454 (Prep: 3.122, Struc: 0.300, Fetch: 15.033) | Fwd: 8.480 | Bwd: 9.544 | Opt: 0.659 | GPU_Tot: 34.016
[Autotune] {"version": 2, "step": 110, "wall_seconds": 16.068500827008393, "seed_nodes": 437492, "loss": 1.3496990203857422, "all_losses_finite": true, "optimizer_steps": 110, "skipped_optimizer_steps": 0, "loss_scale": 32768.0}
[Step=0120] Wall=16.4476s | Loss=1.3398
[Profile] Avg ms/step | Load: 18.602 (Prep: 3.462, Struc: 0.299, Fetch: 14.841) | Fwd: 8.447 | Bwd: 9.509 | Opt: 0.657 | GPU_Tot: 33.752
[Autotune] {"version": 2, "step": 120, "wall_seconds": 16.447635718010133, "seed_nodes": 475185, "loss": 1.3397550582885742, "all_losses_finite": true, "optimizer_steps": 120, "skipped_optimizer_steps": 0, "loss_scale": 32768.0}
[Step=0130] Wall=16.8296s | Loss=1.2992
[Profile] Avg ms/step | Load: 18.638 (Prep: 3.220, Struc: 0.299, Fetch: 15.118) | Fwd: 8.473 | Bwd: 9.536 | Opt: 0.658 | GPU_Tot: 34.085
[Autotune] {"version": 2, "step": 130, "wall_seconds": 16.829634674999397, "seed_nodes": 516145, "loss": 1.299173641204834, "all_losses_finite": true, "optimizer_steps": 130, "skipped_optimizer_steps": 0, "loss_scale": 32768.0}
[Step=0140] Wall=17.1937s | Loss=1.2624
[Profile] Avg ms/step | Load: 18.588 (Prep: 3.476, Struc: 0.299, Fetch: 14.814) | Fwd: 8.448 | Bwd: 9.508 | Opt: 0.655 | GPU_Tot: 33.724
[Autotune] {"version": 2, "step": 140, "wall_seconds": 17.193690291023813, "seed_nodes": 553838, "loss": 1.2624324798583983, "all_losses_finite": true, "optimizer_steps": 140, "skipped_optimizer_steps": 0, "loss_scale": 32768.0}
[Step=0150] Wall=17.5684s | Loss=1.2683
[Profile] Avg ms/step | Load: 18.554 (Prep: 3.196, Struc: 0.299, Fetch: 15.060) | Fwd: 8.468 | Bwd: 9.529 | Opt: 0.658 | GPU_Tot: 34.014
[Autotune] {"version": 2, "step": 150, "wall_seconds": 17.568429370003287, "seed_nodes": 594798, "loss": 1.2682544708251953, "all_losses_finite": true, "optimizer_steps": 150, "skipped_optimizer_steps": 0, "loss_scale": 32768.0}
[Step=0160] Wall=17.9106s | Loss=1.2423
[Profile] Avg ms/step | Load: 18.256 (Prep: 3.017, Struc: 0.299, Fetch: 14.939) | Fwd: 8.485 | Bwd: 9.550 | Opt: 0.656 | GPU_Tot: 33.930
[Autotune] {"version": 2, "step": 160, "wall_seconds": 17.910567740997067, "seed_nodes": 635758, "loss": 1.242340087890625, "all_losses_finite": true, "optimizer_steps": 160, "skipped_optimizer_steps": 0, "loss_scale": 32768.0}
[Step=0170] Wall=18.3193s | Loss=1.2125
[Profile] Avg ms/step | Load: 18.583 (Prep: 3.246, Struc: 0.299, Fetch: 15.038) | Fwd: 8.466 | Bwd: 9.528 | Opt: 0.658 | GPU_Tot: 33.989
[Autotune] {"version": 2, "step": 170, "wall_seconds": 18.319261477008695, "seed_nodes": 673451, "loss": 1.2125005722045898, "all_losses_finite": true, "optimizer_steps": 170, "skipped_optimizer_steps": 0, "loss_scale": 32768.0}
[Step=0180] Wall=18.6876s | Loss=1.2175
[Profile] Avg ms/step | Load: 18.507 (Prep: 3.097, Struc: 0.300, Fetch: 15.110) | Fwd: 8.483 | Bwd: 9.547 | Opt: 0.658 | GPU_Tot: 34.097
[Autotune] {"version": 2, "step": 180, "wall_seconds": 18.687569008005084, "seed_nodes": 714411, "loss": 1.2175256729125976, "all_losses_finite": true, "optimizer_steps": 180, "skipped_optimizer_steps": 0, "loss_scale": 32768.0}
[Step=0190] Wall=19.0812s | Loss=1.1980
[Profile] Avg ms/step | Load: 18.675 (Prep: 3.318, Struc: 0.300, Fetch: 15.057) | Fwd: 8.467 | Bwd: 9.529 | Opt: 0.657 | GPU_Tot: 34.011
[Autotune] {"version": 2, "step": 190, "wall_seconds": 19.081220654014032, "seed_nodes": 752104, "loss": 1.1979909896850587, "all_losses_finite": true, "optimizer_steps": 190, "skipped_optimizer_steps": 0, "loss_scale": 32768.0}
[Step=0200] Wall=19.4578s | Loss=1.1878
[Profile] Avg ms/step | Load: 18.654 (Prep: 3.190, Struc: 0.300, Fetch: 15.165) | Fwd: 8.482 | Bwd: 9.543 | Opt: 0.659 | GPU_Tot: 34.149
[Autotune] {"version": 2, "step": 200, "wall_seconds": 19.457801085023675, "seed_nodes": 793064, "loss": 1.1877976417541505, "all_losses_finite": true, "optimizer_steps": 200, "skipped_optimizer_steps": 0, "loss_scale": 32768.0}
[Step=0210] Wall=19.8230s | Loss=1.1751
[Profile] Avg ms/step | Load: 18.632 (Prep: 3.343, Struc: 0.299, Fetch: 14.990) | Fwd: 8.466 | Bwd: 9.526 | Opt: 0.657 | GPU_Tot: 33.939
[Autotune] {"version": 2, "step": 210, "wall_seconds": 19.823018852010136, "seed_nodes": 830757, "loss": 1.1751348495483398, "all_losses_finite": true, "optimizer_steps": 210, "skipped_optimizer_steps": 0, "loss_scale": 32768.0}
[Step=0220] Wall=20.1970s | Loss=1.1655
[Profile] Avg ms/step | Load: 18.602 (Prep: 3.179, Struc: 0.299, Fetch: 15.123) | Fwd: 8.479 | Bwd: 9.539 | Opt: 0.658 | GPU_Tot: 34.099
[Autotune] {"version": 2, "step": 220, "wall_seconds": 20.197002841014182, "seed_nodes": 871717, "loss": 1.1654840469360352, "all_losses_finite": true, "optimizer_steps": 220, "skipped_optimizer_steps": 0, "loss_scale": 32768.0}
[Step=0230] Wall=20.5126s | Loss=1.1567
[Profile] Avg ms/step | Load: 18.323 (Prep: 3.062, Struc: 0.299, Fetch: 14.963) | Fwd: 8.464 | Bwd: 9.524 | Opt: 0.657 | GPU_Tot: 33.907
[Autotune] {"version": 2, "step": 230, "wall_seconds": 20.512578445021063, "seed_nodes": 909410, "loss": 1.1567464828491212, "all_losses_finite": true, "optimizer_steps": 230, "skipped_optimizer_steps": 0, "loss_scale": 32768.0}
[Step=0240] Wall=20.9391s | Loss=1.1479
[Profile] Avg ms/step | Load: 18.574 (Prep: 3.186, Struc: 0.299, Fetch: 15.088) | Fwd: 8.477 | Bwd: 9.537 | Opt: 0.658 | GPU_Tot: 34.059
[Autotune] {"version": 2, "step": 240, "wall_seconds": 20.939141561015276, "seed_nodes": 950370, "loss": 1.1479283332824708, "all_losses_finite": true, "optimizer_steps": 240, "skipped_optimizer_steps": 0, "loss_scale": 32768.0}
[Step=0250] Wall=21.2881s | Loss=1.1430
[Profile] Avg ms/step | Load: 18.434 (Prep: 3.077, Struc: 0.299, Fetch: 15.059) | Fwd: 8.486 | Bwd: 9.548 | Opt: 0.657 | GPU_Tot: 34.049
[Autotune] {"version": 2, "step": 250, "wall_seconds": 21.28814119900926, "seed_nodes": 991330, "loss": 1.1430065155029296, "all_losses_finite": true, "optimizer_steps": 250, "skipped_optimizer_steps": 0, "loss_scale": 32768.0}
[Step=0260] Wall=21.6836s | Loss=1.1420
[Profile] Avg ms/step | Load: 18.559 (Prep: 3.218, Struc: 0.299, Fetch: 15.042) | Fwd: 8.475 | Bwd: 9.536 | Opt: 0.658 | GPU_Tot: 34.009
[Autotune] {"version": 2, "step": 260, "wall_seconds": 21.68359283701284, "seed_nodes": 1029023, "loss": 1.1419919013977051, "all_losses_finite": true, "optimizer_steps": 260, "skipped_optimizer_steps": 0, "loss_scale": 32768.0}
[Step=0270] Wall=22.0573s | Loss=1.1188
[Profile] Avg ms/step | Load: 18.538 (Prep: 3.121, Struc: 0.299, Fetch: 15.118) | Fwd: 8.485 | Bwd: 9.546 | Opt: 0.658 | GPU_Tot: 34.106
[Autotune] {"version": 2, "step": 270, "wall_seconds": 22.057300435000798, "seed_nodes": 1069983, "loss": 1.1187923431396485, "all_losses_finite": true, "optimizer_steps": 270, "skipped_optimizer_steps": 0, "loss_scale": 32768.0}
[Step=0280] Wall=22.4244s | Loss=1.1138
[Profile] Avg ms/step | Load: 18.535 (Prep: 3.210, Struc: 0.299, Fetch: 15.026) | Fwd: 8.472 | Bwd: 9.533 | Opt: 0.657 | GPU_Tot: 33.988
[Autotune] {"version": 2, "step": 280, "wall_seconds": 22.42441092201625, "seed_nodes": 1107676, "loss": 1.1137988090515136, "all_losses_finite": true, "optimizer_steps": 280, "skipped_optimizer_steps": 0, "loss_scale": 32768.0}
[Step=0290] Wall=22.8049s | Loss=1.1080
[Profile] Avg ms/step | Load: 18.540 (Prep: 3.098, Struc: 0.299, Fetch: 15.144) | Fwd: 8.482 | Bwd: 9.543 | Opt: 0.660 | GPU_Tot: 34.128
[Autotune] {"version": 2, "step": 290, "wall_seconds": 22.80491967999842, "seed_nodes": 1148636, "loss": 1.1079648017883301, "all_losses_finite": true, "optimizer_steps": 290, "skipped_optimizer_steps": 0, "loss_scale": 32768.0}
[Step=0300] Wall=23.1758s | Loss=1.1154
[Profile] Avg ms/step | Load: 18.550 (Prep: 3.231, Struc: 0.298, Fetch: 15.021) | Fwd: 8.472 | Bwd: 9.533 | Opt: 0.659 | GPU_Tot: 33.983
[Autotune] {"version": 2, "step": 300, "wall_seconds": 23.175800238008378, "seed_nodes": 1186329, "loss": 1.1154046058654785, "all_losses_finite": true, "optimizer_steps": 300, "skipped_optimizer_steps": 0, "loss_scale": 32768.0}
[Step=0310] Wall=23.5553s | Loss=1.1035
[Profile] Avg ms/step | Load: 18.551 (Prep: 3.126, Struc: 0.299, Fetch: 15.127) | Fwd: 8.481 | Bwd: 9.542 | Opt: 0.661 | GPU_Tot: 34.109
[Autotune] {"version": 2, "step": 310, "wall_seconds": 23.555270965007367, "seed_nodes": 1227289, "loss": 1.1035085678100587, "all_losses_finite": true, "optimizer_steps": 310, "skipped_optimizer_steps": 0, "loss_scale": 32768.0}
[Step=0320] Wall=23.8963s | Loss=1.0934
[Profile] Avg ms/step | Load: 18.420 (Prep: 3.053, Struc: 0.299, Fetch: 15.069) | Fwd: 8.487 | Bwd: 9.550 | Opt: 0.660 | GPU_Tot: 34.065
[Autotune] {"version": 2, "step": 320, "wall_seconds": 23.89630359300645, "seed_nodes": 1268249, "loss": 1.0933636665344237, "all_losses_finite": true, "optimizer_steps": 320, "skipped_optimizer_steps": 0, "loss_scale": 32768.0}
[Step=0330] Wall=24.2876s | Loss=1.0950
[Profile] Avg ms/step | Load: 18.501 (Prep: 3.120, Struc: 0.298, Fetch: 15.083) | Fwd: 8.479 | Bwd: 9.539 | Opt: 0.662 | GPU_Tot: 34.061
[Autotune] {"version": 2, "step": 330, "wall_seconds": 24.28764396099723, "seed_nodes": 1305942, "loss": 1.0950000762939454, "all_losses_finite": true, "optimizer_steps": 330, "skipped_optimizer_steps": 0, "loss_scale": 32768.0}
[Step=0340] Wall=24.6497s | Loss=1.0862
[Profile] Avg ms/step | Load: 18.447 (Prep: 3.056, Struc: 0.298, Fetch: 15.093) | Fwd: 8.486 | Bwd: 9.547 | Opt: 0.662 | GPU_Tot: 34.087
[Autotune] {"version": 2, "step": 340, "wall_seconds": 24.649735352024436, "seed_nodes": 1346902, "loss": 1.086210346221924, "all_losses_finite": true, "optimizer_steps": 340, "skipped_optimizer_steps": 0, "loss_scale": 32768.0}
[Step=0350] Wall=25.0399s | Loss=1.0663
[Profile] Avg ms/step | Load: 18.519 (Prep: 3.162, Struc: 0.298, Fetch: 15.059) | Fwd: 8.478 | Bwd: 9.538 | Opt: 0.663 | GPU_Tot: 34.036
[Autotune] {"version": 2, "step": 350, "wall_seconds": 25.03992671999731, "seed_nodes": 1384595, "loss": 1.0663244247436523, "all_losses_finite": true, "optimizer_steps": 350, "skipped_optimizer_steps": 0, "loss_scale": 32768.0}
[Step=0360] Wall=25.4246s | Loss=1.0697
[Profile] Avg ms/step | Load: 18.537 (Prep: 3.095, Struc: 0.299, Fetch: 15.144) | Fwd: 8.485 | Bwd: 9.545 | Opt: 0.664 | GPU_Tot: 34.138
[Autotune] {"version": 2, "step": 360, "wall_seconds": 25.424570980016142, "seed_nodes": 1425555, "loss": 1.0697246551513673, "all_losses_finite": true, "optimizer_steps": 360, "skipped_optimizer_steps": 0, "loss_scale": 32768.0}
[Step=0370] Wall=25.7830s | Loss=1.0776
[Profile] Avg ms/step | Load: 18.509 (Prep: 3.160, Struc: 0.298, Fetch: 15.051) | Fwd: 8.477 | Bwd: 9.536 | Opt: 0.663 | GPU_Tot: 34.025
[Autotune] {"version": 2, "step": 370, "wall_seconds": 25.783006529003615, "seed_nodes": 1463248, "loss": 1.077587604522705, "all_losses_finite": true, "optimizer_steps": 370, "skipped_optimizer_steps": 0, "loss_scale": 32768.0}
[Step=0380] Wall=26.1574s | Loss=1.0600
[Profile] Avg ms/step | Load: 18.498 (Prep: 3.079, Struc: 0.298, Fetch: 15.120) | Fwd: 8.483 | Bwd: 9.543 | Opt: 0.664 | GPU_Tot: 34.109
[Autotune] {"version": 2, "step": 380, "wall_seconds": 26.157414874003734, "seed_nodes": 1504208, "loss": 1.0599827766418457, "all_losses_finite": true, "optimizer_steps": 380, "skipped_optimizer_steps": 0, "loss_scale": 32768.0}
[Step=0390] Wall=26.4918s | Loss=1.0830
[Profile] Avg ms/step | Load: 18.376 (Prep: 3.023, Struc: 0.298, Fetch: 15.055) | Fwd: 8.488 | Bwd: 9.549 | Opt: 0.663 | GPU_Tot: 34.053
[Autotune] {"version": 2, "step": 390, "wall_seconds": 26.491792116023134, "seed_nodes": 1545168, "loss": 1.0829938888549804, "all_losses_finite": true, "optimizer_steps": 390, "skipped_optimizer_steps": 0, "loss_scale": 32768.0}
[Step=0400] Wall=26.8948s | Loss=1.0653
[Profile] Avg ms/step | Load: 18.475 (Prep: 3.079, Struc: 0.299, Fetch: 15.097) | Fwd: 8.482 | Bwd: 9.541 | Opt: 0.663 | GPU_Tot: 34.082
[Autotune] {"version": 2, "step": 400, "wall_seconds": 26.89477461000206, "seed_nodes": 1582861, "loss": 1.0652907371520997, "all_losses_finite": true, "optimizer_steps": 400, "skipped_optimizer_steps": 0, "loss_scale": 32768.0}
[Step=0410] Wall=27.2497s | Loss=1.0538
[Profile] Avg ms/step | Load: 18.414 (Prep: 3.028, Struc: 0.299, Fetch: 15.088) | Fwd: 8.487 | Bwd: 9.547 | Opt: 0.663 | GPU_Tot: 34.084
[Autotune] {"version": 2, "step": 410, "wall_seconds": 27.24972033800441, "seed_nodes": 1623821, "loss": 1.0538457870483398, "all_losses_finite": true, "optimizer_steps": 410, "skipped_optimizer_steps": 0, "loss_scale": 32768.0}
[Step=0420] Wall=27.6329s | Loss=1.0651
[Profile] Avg ms/step | Load: 18.457 (Prep: 3.091, Struc: 0.299, Fetch: 15.067) | Fwd: 8.480 | Bwd: 9.539 | Opt: 0.663 | GPU_Tot: 34.048
[Autotune] {"version": 2, "step": 420, "wall_seconds": 27.632928116014227, "seed_nodes": 1661514, "loss": 1.0650953292846679, "all_losses_finite": true, "optimizer_steps": 420, "skipped_optimizer_steps": 0, "loss_scale": 32768.0}
[Step=0430] Wall=28.0095s | Loss=1.0589
[Profile] Avg ms/step | Load: 18.455 (Prep: 3.044, Struc: 0.299, Fetch: 15.112) | Fwd: 8.486 | Bwd: 9.545 | Opt: 0.663 | GPU_Tot: 34.104
[Autotune] {"version": 2, "step": 430, "wall_seconds": 28.00947953001014, "seed_nodes": 1702474, "loss": 1.058945083618164, "all_losses_finite": true, "optimizer_steps": 430, "skipped_optimizer_steps": 0, "loss_scale": 32768.0}
[Step=0440] Wall=28.3781s | Loss=1.0330
[Profile] Avg ms/step | Load: 18.459 (Prep: 3.124, Struc: 0.299, Fetch: 15.037) | Fwd: 8.479 | Bwd: 9.537 | Opt: 0.662 | GPU_Tot: 34.014
[Autotune] {"version": 2, "step": 440, "wall_seconds": 28.378112221020274, "seed_nodes": 1740167, "loss": 1.0329622268676757, "all_losses_finite": true, "optimizer_steps": 440, "skipped_optimizer_steps": 0, "loss_scale": 32768.0}
[Step=0450] Wall=28.7522s | Loss=1.0461
[Profile] Avg ms/step | Load: 18.450 (Prep: 3.057, Struc: 0.299, Fetch: 15.094) | Fwd: 8.484 | Bwd: 9.543 | Opt: 0.663 | GPU_Tot: 34.082
[Autotune] {"version": 2, "step": 450, "wall_seconds": 28.752245165000204, "seed_nodes": 1781127, "loss": 1.0461187362670898, "all_losses_finite": true, "optimizer_steps": 450, "skipped_optimizer_steps": 0, "loss_scale": 32768.0}
[Step=0460] Wall=29.0652s | Loss=1.0441
[Profile] Avg ms/step | Load: 18.318 (Prep: 3.009, Struc: 0.298, Fetch: 15.011) | Fwd: 8.481 | Bwd: 9.536 | Opt: 0.662 | GPU_Tot: 33.988
[Autotune] {"version": 2, "step": 460, "wall_seconds": 29.065169389999937, "seed_nodes": 1818820, "loss": 1.0440773010253905, "all_losses_finite": true, "optimizer_steps": 460, "skipped_optimizer_steps": 0, "loss_scale": 32768.0}
[Step=0470] Wall=29.5010s | Loss=1.0359
[Profile] Avg ms/step | Load: 18.457 (Prep: 3.078, Struc: 0.299, Fetch: 15.079) | Fwd: 8.486 | Bwd: 9.541 | Opt: 0.662 | GPU_Tot: 34.068
[Autotune] {"version": 2, "step": 470, "wall_seconds": 29.500996668997686, "seed_nodes": 1859780, "loss": 1.0358604431152343, "all_losses_finite": true, "optimizer_steps": 470, "skipped_optimizer_steps": 0, "loss_scale": 32768.0}
[Step=0480] Wall=29.8499s | Loss=1.0301
[Profile] Avg ms/step | Load: 18.392 (Prep: 3.034, Struc: 0.299, Fetch: 15.060) | Fwd: 8.491 | Bwd: 9.546 | Opt: 0.662 | GPU_Tot: 34.057
[Autotune] {"version": 2, "step": 480, "wall_seconds": 29.849910940014524, "seed_nodes": 1900740, "loss": 1.0300711631774901, "all_losses_finite": true, "optimizer_steps": 480, "skipped_optimizer_steps": 0, "loss_scale": 32768.0}
[Step=0490] Wall=30.2541s | Loss=1.0306
[Profile] Avg ms/step | Load: 18.475 (Prep: 3.109, Struc: 0.299, Fetch: 15.067) | Fwd: 8.485 | Bwd: 9.539 | Opt: 0.662 | GPU_Tot: 34.052
[Autotune] {"version": 2, "step": 490, "wall_seconds": 30.254123434016947, "seed_nodes": 1938433, "loss": 1.0306062698364258, "all_losses_finite": true, "optimizer_steps": 490, "skipped_optimizer_steps": 0, "loss_scale": 32768.0}
[Step=0500] Wall=30.6228s | Loss=1.0272
[Profile] Avg ms/step | Load: 18.456 (Prep: 3.068, Struc: 0.299, Fetch: 15.089) | Fwd: 8.489 | Bwd: 9.544 | Opt: 0.662 | GPU_Tot: 34.083
[Autotune] {"version": 2, "step": 500, "wall_seconds": 30.62276833000942, "seed_nodes": 1979393, "loss": 1.0271950721740724, "all_losses_finite": true, "optimizer_steps": 500, "skipped_optimizer_steps": 0, "loss_scale": 32768.0}
[Step=0510] Wall=30.9907s | Loss=1.0287
[Profile] Avg ms/step | Load: 18.458 (Prep: 3.118, Struc: 0.299, Fetch: 15.042) | Fwd: 8.483 | Bwd: 9.537 | Opt: 0.662 | GPU_Tot: 34.022
[Autotune] {"version": 2, "step": 510, "wall_seconds": 30.990686953009572, "seed_nodes": 2017086, "loss": 1.0287007331848144, "all_losses_finite": true, "optimizer_steps": 510, "skipped_optimizer_steps": 0, "loss_scale": 32768.0}
[Step=0520] Wall=31.3645s | Loss=1.0146
[Profile] Avg ms/step | Load: 18.452 (Prep: 3.061, Struc: 0.299, Fetch: 15.092) | Fwd: 8.487 | Bwd: 9.541 | Opt: 0.662 | GPU_Tot: 34.080
[Autotune] {"version": 2, "step": 520, "wall_seconds": 31.36449556000298, "seed_nodes": 2058046, "loss": 1.0145573616027832, "all_losses_finite": true, "optimizer_steps": 520, "skipped_optimizer_steps": 0, "loss_scale": 32768.0}
[Step=0530] Wall=31.7310s | Loss=1.0110
[Profile] Avg ms/step | Load: 18.452 (Prep: 3.134, Struc: 0.298, Fetch: 15.020) | Fwd: 8.481 | Bwd: 9.534 | Opt: 0.661 | GPU_Tot: 33.995
[Autotune] {"version": 2, "step": 530, "wall_seconds": 31.73101396000129, "seed_nodes": 2095739, "loss": 1.0109886169433593, "all_losses_finite": true, "optimizer_steps": 530, "skipped_optimizer_steps": 0, "loss_scale": 32768.0}
[Step=0540] Wall=32.1044s | Loss=1.0163
[Profile] Avg ms/step | Load: 18.445 (Prep: 3.079, Struc: 0.299, Fetch: 15.067) | Fwd: 8.485 | Bwd: 9.538 | Opt: 0.662 | GPU_Tot: 34.050
[Autotune] {"version": 2, "step": 540, "wall_seconds": 32.10438193901791, "seed_nodes": 2136699, "loss": 1.0163349151611327, "all_losses_finite": true, "optimizer_steps": 540, "skipped_optimizer_steps": 0, "loss_scale": 32768.0}
[Step=0550] Wall=32.4476s | Loss=1.0156
[Profile] Avg ms/step | Load: 18.380 (Prep: 3.040, Struc: 0.299, Fetch: 15.041) | Fwd: 8.488 | Bwd: 9.542 | Opt: 0.661 | GPU_Tot: 34.031
[Autotune] {"version": 2, "step": 550, "wall_seconds": 32.44757170599769, "seed_nodes": 2177659, "loss": 1.0156047821044922, "all_losses_finite": true, "optimizer_steps": 550, "skipped_optimizer_steps": 0, "loss_scale": 32768.0}
[Step=0560] Wall=32.8518s | Loss=1.0142
[Profile] Avg ms/step | Load: 18.452 (Prep: 3.105, Struc: 0.299, Fetch: 15.049) | Fwd: 8.483 | Bwd: 9.536 | Opt: 0.661 | GPU_Tot: 34.027
[Autotune] {"version": 2, "step": 560, "wall_seconds": 32.85175156602054, "seed_nodes": 2215352, "loss": 1.014155960083008, "all_losses_finite": true, "optimizer_steps": 560, "skipped_optimizer_steps": 0, "loss_scale": 32768.0}
[Step=0570] Wall=33.2156s | Loss=1.0092
[Profile] Avg ms/step | Load: 18.427 (Prep: 3.069, Struc: 0.300, Fetch: 15.059) | Fwd: 8.487 | Bwd: 9.540 | Opt: 0.661 | GPU_Tot: 34.046
[Autotune] {"version": 2, "step": 570, "wall_seconds": 33.21564798199688, "seed_nodes": 2256312, "loss": 1.0092350006103517, "all_losses_finite": true, "optimizer_steps": 570, "skipped_optimizer_steps": 0, "loss_scale": 32768.0}
[Step=0580] Wall=33.5906s | Loss=1.0118
[Profile] Avg ms/step | Load: 18.442 (Prep: 3.112, Struc: 0.300, Fetch: 15.030) | Fwd: 8.482 | Bwd: 9.534 | Opt: 0.661 | GPU_Tot: 34.007
[Autotune] {"version": 2, "step": 580, "wall_seconds": 33.59055874700425, "seed_nodes": 2294005, "loss": 1.011795425415039, "all_losses_finite": true, "optimizer_steps": 580, "skipped_optimizer_steps": 0, "loss_scale": 32768.0}
[Step=0590] Wall=33.9760s | Loss=1.0032
[Profile] Avg ms/step | Load: 18.457 (Prep: 3.083, Struc: 0.300, Fetch: 15.074) | Fwd: 8.486 | Bwd: 9.537 | Opt: 0.662 | GPU_Tot: 34.059
[Autotune] {"version": 2, "step": 590, "wall_seconds": 33.97598942401237, "seed_nodes": 2334965, "loss": 1.0031652450561523, "all_losses_finite": true, "optimizer_steps": 590, "skipped_optimizer_steps": 0, "loss_scale": 32768.0}
[Step=0600] Wall=34.3250s | Loss=0.9916
[Profile] Avg ms/step | Load: 18.424 (Prep: 3.114, Struc: 0.300, Fetch: 15.011) | Fwd: 8.481 | Bwd: 9.532 | Opt: 0.662 | GPU_Tot: 33.986
[Autotune] {"version": 2, "step": 600, "wall_seconds": 34.32501660901471, "seed_nodes": 2372658, "loss": 0.9916412353515625, "all_losses_finite": true, "optimizer_steps": 600, "skipped_optimizer_steps": 0, "loss_scale": 32768.0}
[Step=0610] Wall=34.6985s | Loss=0.9859
[Profile] Avg ms/step | Load: 18.418 (Prep: 3.066, Struc: 0.300, Fetch: 15.052) | Fwd: 8.485 | Bwd: 9.536 | Opt: 0.662 | GPU_Tot: 34.035
[Autotune] {"version": 2, "step": 610, "wall_seconds": 34.698525392013835, "seed_nodes": 2413618, "loss": 0.9858983993530274, "all_losses_finite": true, "optimizer_steps": 610, "skipped_optimizer_steps": 0, "loss_scale": 32768.0}
[Step=0620] Wall=35.0339s | Loss=1.0027
[Profile] Avg ms/step | Load: 18.347 (Prep: 3.032, Struc: 0.300, Fetch: 15.016) | Fwd: 8.488 | Bwd: 9.540 | Opt: 0.662 | GPU_Tot: 34.005
[Autotune] {"version": 2, "step": 620, "wall_seconds": 35.033949372998904, "seed_nodes": 2454578, "loss": 1.0026910781860352, "all_losses_finite": true, "optimizer_steps": 620, "skipped_optimizer_steps": 0, "loss_scale": 32768.0}
[Step=0630] Wall=35.4474s | Loss=0.9909
[Profile] Avg ms/step | Load: 18.426 (Prep: 3.090, Struc: 0.300, Fetch: 15.037) | Fwd: 8.484 | Bwd: 9.535 | Opt: 0.662 | GPU_Tot: 34.017
[Autotune] {"version": 2, "step": 630, "wall_seconds": 35.447352334012976, "seed_nodes": 2492271, "loss": 0.9909269332885742, "all_losses_finite": true, "optimizer_steps": 630, "skipped_optimizer_steps": 0, "loss_scale": 32768.0}
[Step=0640] Wall=35.8052s | Loss=0.9990
[Profile] Avg ms/step | Load: 18.395 (Prep: 3.061, Struc: 0.300, Fetch: 15.034) | Fwd: 8.487 | Bwd: 9.538 | Opt: 0.662 | GPU_Tot: 34.021
[Autotune] {"version": 2, "step": 640, "wall_seconds": 35.80524909502128, "seed_nodes": 2533231, "loss": 0.9989969253540039, "all_losses_finite": true, "optimizer_steps": 640, "skipped_optimizer_steps": 0, "loss_scale": 32768.0}
[Step=0650] Wall=36.1851s | Loss=0.9749
[Profile] Avg ms/step | Load: 18.415 (Prep: 3.093, Struc: 0.300, Fetch: 15.022) | Fwd: 8.483 | Bwd: 9.533 | Opt: 0.662 | GPU_Tot: 34.001
[Autotune] {"version": 2, "step": 650, "wall_seconds": 36.18508527902304, "seed_nodes": 2570924, "loss": 0.974924373626709, "all_losses_finite": true, "optimizer_steps": 650, "skipped_optimizer_steps": 0, "loss_scale": 32768.0}
[Step=0660] Wall=36.5617s | Loss=0.9852
[Profile] Avg ms/step | Load: 18.414 (Prep: 3.060, Struc: 0.300, Fetch: 15.054) | Fwd: 8.487 | Bwd: 9.536 | Opt: 0.663 | GPU_Tot: 34.040
[Autotune] {"version": 2, "step": 660, "wall_seconds": 36.56171027000528, "seed_nodes": 2611884, "loss": 0.9851880073547363, "all_losses_finite": true, "optimizer_steps": 660, "skipped_optimizer_steps": 0, "loss_scale": 32768.0}
[Step=0670] Wall=36.9247s | Loss=1.0038
[Profile] Avg ms/step | Load: 18.408 (Prep: 3.095, Struc: 0.299, Fetch: 15.013) | Fwd: 8.482 | Bwd: 9.532 | Opt: 0.663 | GPU_Tot: 33.990
[Autotune] {"version": 2, "step": 670, "wall_seconds": 36.92469974301639, "seed_nodes": 2649577, "loss": 1.0037763595581055, "all_losses_finite": true, "optimizer_steps": 670, "skipped_optimizer_steps": 0, "loss_scale": 32768.0}
[Step=0680] Wall=37.3040s | Loss=0.9823
[Profile] Avg ms/step | Load: 18.411 (Prep: 3.053, Struc: 0.300, Fetch: 15.058) | Fwd: 8.486 | Bwd: 9.535 | Opt: 0.664 | GPU_Tot: 34.042
[Autotune] {"version": 2, "step": 680, "wall_seconds": 37.30403035800555, "seed_nodes": 2690537, "loss": 0.9822920799255371, "all_losses_finite": true, "optimizer_steps": 680, "skipped_optimizer_steps": 0, "loss_scale": 32768.0}
[Step=0690] Wall=37.6152s | Loss=0.9815
[Profile] Avg ms/step | Load: 18.325 (Prep: 3.022, Struc: 0.299, Fetch: 15.004) | Fwd: 8.482 | Bwd: 9.530 | Opt: 0.663 | GPU_Tot: 33.979
[Autotune] {"version": 2, "step": 690, "wall_seconds": 37.615162471018266, "seed_nodes": 2728230, "loss": 0.9814861297607422, "all_losses_finite": true, "optimizer_steps": 690, "skipped_optimizer_steps": 0, "loss_scale": 32768.0}
[Step=0700] Wall=38.0469s | Loss=0.9738
[Profile] Avg ms/step | Load: 18.409 (Prep: 3.067, Struc: 0.299, Fetch: 15.042) | Fwd: 8.485 | Bwd: 9.534 | Opt: 0.664 | GPU_Tot: 34.024
[Autotune] {"version": 2, "step": 700, "wall_seconds": 38.04688176201307, "seed_nodes": 2769190, "loss": 0.9738361358642578, "all_losses_finite": true, "optimizer_steps": 700, "skipped_optimizer_steps": 0, "loss_scale": 32768.0}
[Step=0710] Wall=38.3956s | Loss=0.9806
[Profile] Avg ms/step | Load: 18.368 (Prep: 3.039, Struc: 0.299, Fetch: 15.030) | Fwd: 8.488 | Bwd: 9.537 | Opt: 0.664 | GPU_Tot: 34.018
[Autotune] {"version": 2, "step": 710, "wall_seconds": 38.395562952006, "seed_nodes": 2810150, "loss": 0.9806014060974121, "all_losses_finite": true, "optimizer_steps": 710, "skipped_optimizer_steps": 0, "loss_scale": 32768.0}
[Step=0720] Wall=38.7945s | Loss=0.9766
[Profile] Avg ms/step | Load: 18.415 (Prep: 3.089, Struc: 0.299, Fetch: 15.027) | Fwd: 8.484 | Bwd: 9.532 | Opt: 0.664 | GPU_Tot: 34.007
[Autotune] {"version": 2, "step": 720, "wall_seconds": 38.794511104002595, "seed_nodes": 2847843, "loss": 0.9766055107116699, "all_losses_finite": true, "optimizer_steps": 720, "skipped_optimizer_steps": 0, "loss_scale": 32768.0}
[Step=0730] Wall=39.1701s | Loss=0.9771
[Profile] Avg ms/step | Load: 18.414 (Prep: 3.062, Struc: 0.300, Fetch: 15.052) | Fwd: 8.487 | Bwd: 9.535 | Opt: 0.664 | GPU_Tot: 34.038
[Autotune] {"version": 2, "step": 730, "wall_seconds": 39.17008422600338, "seed_nodes": 2888803, "loss": 0.9770816802978516, "all_losses_finite": true, "optimizer_steps": 730, "skipped_optimizer_steps": 0, "loss_scale": 32768.0}
[Step=0740] Wall=39.5364s | Loss=0.9704
[Profile] Avg ms/step | Load: 18.414 (Prep: 3.095, Struc: 0.299, Fetch: 15.019) | Fwd: 8.483 | Bwd: 9.531 | Opt: 0.663 | GPU_Tot: 33.996
[Autotune] {"version": 2, "step": 740, "wall_seconds": 39.536389255023096, "seed_nodes": 2926496, "loss": 0.9704415321350097, "all_losses_finite": true, "optimizer_steps": 740, "skipped_optimizer_steps": 0, "loss_scale": 32768.0}
[Step=0750] Wall=39.9094s | Loss=0.9688
[Profile] Avg ms/step | Load: 18.408 (Prep: 3.057, Struc: 0.300, Fetch: 15.052) | Fwd: 8.486 | Bwd: 9.534 | Opt: 0.664 | GPU_Tot: 34.035
[Autotune] {"version": 2, "step": 750, "wall_seconds": 39.90942588102189, "seed_nodes": 2967456, "loss": 0.9688426971435546, "all_losses_finite": true, "optimizer_steps": 750, "skipped_optimizer_steps": 0, "loss_scale": 32768.0}
[Step=0760] Wall=40.2838s | Loss=0.9671
[Profile] Avg ms/step | Load: 18.419 (Prep: 3.114, Struc: 0.300, Fetch: 15.005) | Fwd: 8.482 | Bwd: 9.530 | Opt: 0.663 | GPU_Tot: 33.980
[Autotune] {"version": 2, "step": 760, "wall_seconds": 40.28379326002323, "seed_nodes": 3005149, "loss": 0.9670815467834473, "all_losses_finite": true, "optimizer_steps": 760, "skipped_optimizer_steps": 0, "loss_scale": 32768.0}
[Step=0770] Wall=40.6639s | Loss=0.9600
[Profile] Avg ms/step | Load: 18.423 (Prep: 3.077, Struc: 0.300, Fetch: 15.047) | Fwd: 8.485 | Bwd: 9.533 | Opt: 0.663 | GPU_Tot: 34.028
[Autotune] {"version": 2, "step": 770, "wall_seconds": 40.66387821600074, "seed_nodes": 3046109, "loss": 0.9599822044372559, "all_losses_finite": true, "optimizer_steps": 770, "skipped_optimizer_steps": 0, "loss_scale": 32768.0}
[Step=0780] Wall=41.0089s | Loss=0.9725
[Profile] Avg ms/step | Load: 18.381 (Prep: 3.050, Struc: 0.300, Fetch: 15.032) | Fwd: 8.488 | Bwd: 9.535 | Opt: 0.663 | GPU_Tot: 34.017
[Autotune] {"version": 2, "step": 780, "wall_seconds": 41.008944327011704, "seed_nodes": 3087069, "loss": 0.9725021362304688, "all_losses_finite": true, "optimizer_steps": 780, "skipped_optimizer_steps": 0, "loss_scale": 32768.0}
[Step=0790] Wall=41.4043s | Loss=0.9596
[Profile] Avg ms/step | Load: 18.419 (Prep: 3.082, Struc: 0.299, Fetch: 15.037) | Fwd: 8.484 | Bwd: 9.531 | Opt: 0.663 | GPU_Tot: 34.015
[Autotune] {"version": 2, "step": 790, "wall_seconds": 41.404310692014406, "seed_nodes": 3124762, "loss": 0.9596082687377929, "all_losses_finite": true, "optimizer_steps": 790, "skipped_optimizer_steps": 0, "loss_scale": 32768.0}
[Step=0800] Wall=41.7683s | Loss=0.9643
[Profile] Avg ms/step | Load: 18.402 (Prep: 3.057, Struc: 0.299, Fetch: 15.045) | Fwd: 8.487 | Bwd: 9.534 | Opt: 0.663 | GPU_Tot: 34.029
[Autotune] {"version": 2, "step": 800, "wall_seconds": 41.768267744017066, "seed_nodes": 3165722, "loss": 0.9643288612365722, "all_losses_finite": true, "optimizer_steps": 800, "skipped_optimizer_steps": 0, "loss_scale": 32768.0}
[Step=0810] Wall=42.1548s | Loss=0.9672
[Profile] Avg ms/step | Load: 18.428 (Prep: 3.101, Struc: 0.299, Fetch: 15.028) | Fwd: 8.484 | Bwd: 9.530 | Opt: 0.663 | GPU_Tot: 34.004
[Autotune] {"version": 2, "step": 810, "wall_seconds": 42.15479959300137, "seed_nodes": 3203415, "loss": 0.9671980857849121, "all_losses_finite": true, "optimizer_steps": 810, "skipped_optimizer_steps": 0, "loss_scale": 32768.0}
[Step=0820] Wall=42.5436s | Loss=0.9565
[Profile] Avg ms/step | Load: 18.441 (Prep: 3.075, Struc: 0.299, Fetch: 15.067) | Fwd: 8.487 | Bwd: 9.533 | Opt: 0.664 | GPU_Tot: 34.050
[Autotune] {"version": 2, "step": 820, "wall_seconds": 42.543550658010645, "seed_nodes": 3244375, "loss": 0.9565047264099121, "all_losses_finite": true, "optimizer_steps": 820, "skipped_optimizer_steps": 0, "loss_scale": 32768.0}
[Step=0830] Wall=42.8964s | Loss=0.9655
[Profile] Avg ms/step | Load: 18.424 (Prep: 3.102, Struc: 0.299, Fetch: 15.023) | Fwd: 8.483 | Bwd: 9.529 | Opt: 0.664 | GPU_Tot: 33.998
[Autotune] {"version": 2, "step": 830, "wall_seconds": 42.89635015800013, "seed_nodes": 3282068, "loss": 0.9655002593994141, "all_losses_finite": true, "optimizer_steps": 830, "skipped_optimizer_steps": 0, "loss_scale": 32768.0}
[Step=0840] Wall=43.2713s | Loss=0.9661
[Profile] Avg ms/step | Load: 18.421 (Prep: 3.068, Struc: 0.299, Fetch: 15.053) | Fwd: 8.486 | Bwd: 9.532 | Opt: 0.664 | GPU_Tot: 34.034
[Autotune] {"version": 2, "step": 840, "wall_seconds": 43.27126351199695, "seed_nodes": 3323028, "loss": 0.9660764694213867, "all_losses_finite": true, "optimizer_steps": 840, "skipped_optimizer_steps": 0, "loss_scale": 32768.0}
------------------------------------------------------------
Training Completed. Total Steps: 840 (Active: 800)
Avg Breakdown (ms): Load=18.421 [Prep:3.068, Struc:0.299, Fetch:15.053], Fwd=8.486, Bwd=9.532, Opt=0.664
------------------------------------------------------------
