$REPO_ROOT/.venv/lib/python3.11/site-packages/outdated/__init__.py:36: UserWarning: pkg_resources is deprecated as an API. See https://setuptools.pypa.io/en/latest/pkg_resources.html. The pkg_resources package is slated for removal as early as 2025-11-30. Refrain from using this package or pin to Setuptools<81.
  from pkg_resources import parse_version
2026-09-18 16:19:14,700 INFO:   Connectivity check: running command: ping -c 1 -W 3 10.125.8.2
2026-09-18 16:19:14,706 INFO:   Connectivity check succeeded.
2026-09-18 16:19:14,727 INFO:   Appliance client semantic version: 1.14.0, cluster server semantic version: 1.20.2, job operator semantic version: 1.20.2
2026-09-18 16:19:14,729 INFO:   Successfully initialized workflow with id: wflow-gwd5recmqyudrvpplds6m7
2026-09-18 16:19:14,734 WARNING:   The trainer configuration for train_and_eval does not configure checkpointing. In the event of a failure, the run will be restarted from the beginning. If this is not intentional, please specifiy a checkpoint callback with a checkpointing frequency to enable auto-restarting from previously saved checkpoints.
2026-09-18 16:19:14,735 INFO:   Spawning child process for the fit run ...
2026-09-18 16:19:14,739 INFO:   Child process started with pid: 1975959
$REPO_ROOT/.venv/lib/python3.11/site-packages/outdated/__init__.py:36: UserWarning: pkg_resources is deprecated as an API. See https://setuptools.pypa.io/en/latest/pkg_resources.html. The pkg_resources package is slated for removal as early as 2025-11-30. Refrain from using this package or pin to Setuptools<81.
  from pkg_resources import parse_version
2026-09-18 16:19:21,303 INFO:   Current Working Directory: $REPO_ROOT/src/cerebras/modelzoo/models/gnn
2026-09-18 16:19:21,303 INFO:   Running command: $REPO_ROOT/src/cerebras/modelzoo/cli/main.py fit $REPO_ROOT/model_dirs/hpcasia_r04/campaign_20260918T032805.576636Z/workers_w16/sensitivity_w04_p2_s1_r2/params.yaml --target_device CSX --model_dir $REPO_ROOT/model_dirs/hpcasia_r04/campaign_20260918T032805.576636Z/workers_w16/sensitivity_w04_p2_s1_r2/model
2026-09-18 16:19:21,883 INFO:   No checkpoint was provided. Using randomly initialized model parameters.
2026-09-18 16:19:21,883 INFO:   Ordinal 0: Initializing GNNDataProcessor for dataset 'ogbn-arxiv' (split=train, mode=neighbor).
$REPO_ROOT/.venv/lib/python3.11/site-packages/ogb/nodeproppred/dataset_pyg.py:69: FutureWarning: You are using `torch.load` with `weights_only=False` (the current default value), which uses the default pickle module implicitly. It is possible to construct malicious pickle data which will execute arbitrary code during unpickling (See https://github.com/pytorch/pytorch/blob/main/SECURITY.md#untrusted-models for more details). In a future release, the default value for `weights_only` will be flipped to `True`. This limits the functions that could be executed during unpickling. Arbitrary objects will no longer be allowed to be loaded via this mode unless they are explicitly allowlisted by the user via `torch.serialization.add_safe_globals`. We recommend you start setting `weights_only=True` for any use case where you don't have full control of the loaded file. Please open an issue on GitHub for any issues related to this experimental feature.
  self.data, self.slices = torch.load(self.processed_paths[0])
GNN_INPUT_CONTRACT {"batch_index_origin": 0, "batch_size": 4096, "count_basis": "deterministic loader schedule; not device counters", "dataset_name": "ogbn-arxiv", "drop_last": false, "event": "gnn_input_contract", "num_streamers": 1, "ordered_targets_and_labels_sha256": "cb189ecb3f75e653df7daacc08ead8c3b14bd353d302209c179a41e2b2b47d07", "restartable": false, "sampler_seed": 42, "seed_nodes_by_batch": [4096, 4096, 4096, 4096, 4096, 4096, 4096, 4096, 4096, 4096, 4096, 4096, 4096, 4096, 4096, 4096, 4096, 4096, 4096, 4096, 4096, 4096, 829], "seed_nodes_per_epoch": 90941, "shuffle": true, "source_seed_nodes": 90941, "split": "train", "static_batch_cache_size": 0, "supervised_targets_by_batch": [4096, 4096, 4096, 4096, 4096, 4096, 4096, 4096, 4096, 4096, 4096, 4096, 4096, 4096, 4096, 4096, 4096, 4096, 4096, 4096, 4096, 4096, 829], "traversal": "continuous_sequential_batches", "traversal_scope": "single_data_executor", "version": 1}
2026-09-18 16:19:22,111 INFO:   Connectivity check: running command: ping -c 1 -W 3 10.125.8.2
2026-09-18 16:19:22,117 INFO:   Connectivity check succeeded.
2026-09-18 16:19:22,137 INFO:   Appliance client semantic version: 1.14.0, cluster server semantic version: 1.20.2, job operator semantic version: 1.20.2
2026-09-18 16:19:22,138 INFO:   ===========================================================================
2026-09-18 16:19:22,138 INFO:   Trainer Fit Summary
2026-09-18 16:19:22,138 INFO:   ---------------------------------------------------------------------------
2026-09-18 16:19:22,138 INFO:   Trainer will run 1 train loop.
2026-09-18 16:19:22,138 INFO:   
2026-09-18 16:19:22,138 INFO:   Train steps per train loop:
2026-09-18 16:19:22,138 INFO:   * 1 loop of 440 steps
2026-09-18 16:19:22,138 INFO:   for a total of 440 train steps.
2026-09-18 16:19:22,138 INFO:   
2026-09-18 16:19:22,138 INFO:   Progress will be logged every 10 steps.
2026-09-18 16:19:22,138 INFO:   ===========================================================================
2026-09-18 16:19:22,138 INFO:   ---------------------------------------------------------------------------
2026-09-18 16:19:22,138 INFO:   Starting train loop 1 of 1, from global step 1 to 440 (440 steps)
2026-09-18 16:19:22,138 INFO:   ---------------------------------------------------------------------------
2026-09-18 16:19:26,995 INFO:   Compiling the model. This may take a few minutes.
2026-09-18 16:19:26,996 INFO:   Connectivity check: running command: ping -c 1 -W 3 10.125.8.2
2026-09-18 16:19:27,002 INFO:   Connectivity check succeeded.
2026-09-18 16:19:27,019 INFO:   Appliance client semantic version: 1.14.0, cluster server semantic version: 1.20.2, job operator semantic version: 1.20.2
2026-09-18 16:19:28,316 INFO:   Initiating a new image build job against the cluster server.
2026-09-18 16:19:28,334 INFO:   Job id: imgjob-42280d4f85d91291dacb2ef766350f15, workflow id: wflow-gwd5recmqyudrvpplds6m7, namespace: job-operator, remote log path: /n1/wsjob/workdir/job-operator/imgjob-42280d4f85d91291dacb2ef766350f15
2026-09-18 16:19:28,338 INFO:   Connectivity check: running command: ping -c 1 -W 3 10.125.8.2
2026-09-18 16:19:28,343 INFO:   Connectivity check succeeded.
2026-09-18 16:19:28,362 INFO:   Appliance client semantic version: 1.14.0, cluster server semantic version: 1.20.2, job operator semantic version: 1.20.2
2026-09-18 16:19:28,464 INFO:   Initiating a new compile wsjob against the cluster server.
2026-09-18 16:19:28,482 INFO:   Job id: wsjob-eqdm2wzerhgvh2tjzuuhh6, workflow id: wflow-gwd5recmqyudrvpplds6m7, namespace: job-operator, remote log path: /n1/wsjob/workdir/job-operator/wsjob-eqdm2wzerhgvh2tjzuuhh6
2026-09-18 16:19:48,483 INFO:   Poll ingress status: Waiting for job to be scheduled, current job status: Queueing, msg: job queueing to be scheduled. Job queue status: current job is top of queue but likely blocked by running/reserved jobs, 2 execute job(s) running/reserved using 2 system(s) and 2 nodegroup(s)[2 pop and 0 depop], 2 compile job(s) running/reserved. For more information, please run 'csctl get job wsjob-eqdm2wzerhgvh2tjzuuhh6 --pending-status'.
2026-09-18 16:24:58,487 INFO:   Poll ingress status: Waiting for job to be scheduled, current job status: Queueing, msg: job queueing to be scheduled. Job queue status: current job is top of queue but likely blocked by running/reserved jobs, 2 execute job(s) running/reserved using 2 system(s) and 2 nodegroup(s)[2 pop and 0 depop], 3 compile job(s) running/reserved using 90Gi memory. For more information, please run 'csctl get job wsjob-eqdm2wzerhgvh2tjzuuhh6 --pending-status'.
2026-09-18 16:26:08,493 INFO:   Poll ingress status: Waiting for job to be scheduled, current job status: Queueing, msg: job queueing to be scheduled. Job queue status: current job is top of queue but likely blocked by running/reserved jobs, 2 execute job(s) running/reserved using 2 system(s) and 2 nodegroup(s)[2 pop and 0 depop], 2 compile job(s) running/reserved. For more information, please run 'csctl get job wsjob-eqdm2wzerhgvh2tjzuuhh6 --pending-status'.
2026-09-18 16:31:08,497 INFO:   Poll ingress status: Waiting for job to be scheduled, current job status: Queueing, msg: job queueing to be scheduled. Job queue status: current job is top of queue but likely blocked by running/reserved jobs, 3 execute job(s) running/reserved using 3 system(s) and 3 nodegroup(s)[2 pop and 1 depop], 2 compile job(s) running/reserved. For more information, please run 'csctl get job wsjob-eqdm2wzerhgvh2tjzuuhh6 --pending-status'.
2026-09-18 16:32:58,498 INFO:   Poll ingress status: Waiting for all Coordinator pods to be running, current running: 0/1.
2026-09-18 16:32:58,503 INFO:   Recording the timestamp when jobs is scheduled.
2026-09-18 16:32:58,542 WARNING:   Event 2026-09-18 16:32:43 +0000 UTC reason=InconsistentVersion wsjob=wsjob-eqdm2wzerhgvh2tjzuuhh6 message='Warning: client semantic version 1.14.0 is inconsistent with cluster server semantic version 1.20.2, there's a risk job could fail due to inconsistent setup.'
2026-09-18 16:33:18,542 INFO:   Poll ingress status: Job ingress ready, dashboard: <internal-dashboard-url>
2026-09-18 16:33:18,577 INFO:   Poll ingress success: Job ingress ready, dashboard: <internal-dashboard-url>
2026-09-18 16:33:18,589 INFO:   Finalizing out-of-cluster job handle with ingress service url: 
2026-09-18 16:33:18,589 WARNING:   Empty ingress service url. Falling back to default server: 10.125.8.2:443
2026-09-18 16:33:18,659 INFO:   Found existing cached compile with hash: "cs_3310013607597699701"
2026-09-18 16:33:20,495 INFO:   Using power profile none

2026-09-18 16:33:20,509 INFO:   Compile artifacts successfully written to remote compile directory. Compile hash is: cs_3310013607597699701
2026-09-18 16:33:28,593 ERROR:   Image build job imgjob-42280d4f85d91291dacb2ef766350f15 failed. Please check the error log in $REPO_ROOT/model_dirs/hpcasia_r04/campaign_20260918T032805.576636Z/workers_w16/sensitivity_w04_p2_s1_r2/model/cerebras_logs/20260918_161921/executors/000001/custom_worker_build.out. 
2026-09-18 16:33:28,593 INFO:   Falling back to venv mounting.
2026-09-18 16:33:28,596 INFO:   Compile was successful!
2026-09-18 16:33:28,596 INFO:   Programming Cerebras Wafer Scale Cluster for execution. This may take a few minutes.
2026-09-18 16:33:30,606 INFO:   Connectivity check: running command: ping -c 1 -W 3 10.125.8.2
2026-09-18 16:33:30,613 INFO:   Connectivity check succeeded.
2026-09-18 16:33:30,630 INFO:   Appliance client semantic version: 1.14.0, cluster server semantic version: 1.20.2, job operator semantic version: 1.20.2
2026-09-18 16:33:30,633 INFO:   Initiating a new execute wsjob against the cluster server.
2026-09-18 16:33:30,671 INFO:   Job id: wsjob-tcjwah9q22pnxq2feknh74, workflow id: wflow-gwd5recmqyudrvpplds6m7, namespace: job-operator, remote log path: /n1/wsjob/workdir/job-operator/wsjob-tcjwah9q22pnxq2feknh74
2026-09-18 16:33:50,672 INFO:   Poll ingress status: Waiting for job to be scheduled, current job status: Queueing, msg: job queueing to be scheduled. Job queue status: current job is top of queue but likely blocked by running/reserved jobs, 1 execute job(s) running/reserved using 1 system(s) and 1 nodegroup(s)[0 pop and 1 depop], 2 compile job(s) running/reserved using 180Gi memory. For more information, please run 'csctl get job wsjob-tcjwah9q22pnxq2feknh74 --pending-status'.
2026-09-18 16:34:10,672 INFO:   Poll ingress status: Waiting for job to be scheduled, current job status: Queueing, msg: job queueing to be scheduled. Job queue status: current job is top of queue but likely blocked by running/reserved jobs, 2 compile job(s) running/reserved using 180Gi memory. For more information, please run 'csctl get job wsjob-tcjwah9q22pnxq2feknh74 --pending-status'.
2026-09-18 16:34:40,673 INFO:   Poll ingress status: Waiting for all Activation pods to be running, current running: 0/21.
2026-09-18 16:34:40,676 INFO:   Recording the timestamp when jobs is scheduled.
2026-09-18 16:34:40,716 WARNING:   Event 2026-09-18 16:34:20 +0000 UTC reason=InconsistentVersion wsjob=wsjob-tcjwah9q22pnxq2feknh74 message='Warning: client semantic version 1.14.0 is inconsistent with cluster server semantic version 1.20.2, there's a risk job could fail due to inconsistent setup.'
2026-09-18 16:34:40,716 INFO:   Infrastructure setup completed successfully for job wsjob-tcjwah9q22pnxq2feknh74
2026-09-18 16:34:50,717 INFO:   Poll ingress status: Waiting for job ingress readiness.
2026-09-18 16:34:50,752 INFO:   Infrastructure setup completed successfully for job wsjob-tcjwah9q22pnxq2feknh74
2026-09-18 16:35:00,753 INFO:   Poll ingress status: Job ingress ready, dashboard: <internal-dashboard-url>
2026-09-18 16:35:00,791 INFO:   Infrastructure setup completed successfully for job wsjob-tcjwah9q22pnxq2feknh74
2026-09-18 16:35:00,791 INFO:   Poll ingress success: Job ingress ready, dashboard: <internal-dashboard-url>
2026-09-18 16:35:00,808 INFO:   Finalizing out-of-cluster job handle with ingress service url: 
2026-09-18 16:35:00,808 WARNING:   Empty ingress service url. Falling back to default server: 10.125.8.2:443
2026-09-18 16:35:00,889 INFO:   Preparing to execute using 1 CSX
2026-09-18 16:35:18,290 INFO:   About to send initial weights
2026-09-18 16:35:18,530 INFO:   Finished sending initial weights
2026-09-18 16:35:18,531 INFO:   Finalizing appliance staging for the run
2026-09-18 16:35:25,067 INFO:   Waiting for device programming to complete
2026-09-18 16:35:39,310 INFO:   Device programming is complete
2026-09-18 16:35:39,623 INFO:   Using network type: ROCE
2026-09-18 16:35:39,624 INFO:   Waiting for input workers to prime the data pipeline and begin streaming ...
2026-09-18 16:35:39,636 INFO:   Input workers have begun streaming input data
2026-09-18 16:35:39,811 INFO:   Appliance staging is complete
2026-09-18 16:35:39,811 INFO:   Beginning appliance run
2026-09-18 16:35:50,379 INFO:   | Train Device=CSX, Step=10, Loss=3.37719, Rate=2825.94 samples/sec, GlobalRate=41.56 samples/sec, LoopTimeRemaining=0:10:14, TimeRemaining=0:10:14
2026-09-18 16:36:04,725 INFO:   | Train Device=CSX, Step=20, Loss=2.83006, Rate=2903.24 samples/sec, GlobalRate=81.93 samples/sec, LoopTimeRemaining=0:10:02, TimeRemaining=0:10:02
2026-09-18 16:36:22,871 INFO:   | Train Device=CSX, Step=30, Loss=2.48321, Rate=2802.87 samples/sec, GlobalRate=120.70 samples/sec, LoopTimeRemaining=0:09:51, TimeRemaining=0:09:51
2026-09-18 16:36:37,437 INFO:   | Train Device=CSX, Step=40, Loss=2.17466, Rate=2876.55 samples/sec, GlobalRate=158.66 samples/sec, LoopTimeRemaining=0:09:39, TimeRemaining=0:09:39
2026-09-18 16:36:55,635 INFO:   | Train Device=CSX, Step=50, Loss=1.85241, Rate=2685.37 samples/sec, GlobalRate=194.89 samples/sec, LoopTimeRemaining=0:09:25, TimeRemaining=0:09:25
2026-09-18 16:37:10,370 INFO:   | Train Device=CSX, Step=60, Loss=1.63806, Rate=2758.88 samples/sec, GlobalRate=230.64 samples/sec, LoopTimeRemaining=0:09:12, TimeRemaining=0:09:12
2026-09-18 16:37:28,286 INFO:   | Train Device=CSX, Step=70, Loss=1.52059, Rate=1655.19 samples/sec, GlobalRate=264.63 samples/sec, LoopTimeRemaining=0:08:56, TimeRemaining=0:08:56
2026-09-18 16:37:43,063 INFO:   | Train Device=CSX, Step=80, Loss=1.42359, Rate=2802.35 samples/sec, GlobalRate=298.36 samples/sec, LoopTimeRemaining=0:08:44, TimeRemaining=0:08:44
2026-09-18 16:37:57,395 INFO:   | Train Device=CSX, Step=90, Loss=1.41382, Rate=2916.66 samples/sec, GlobalRate=331.34 samples/sec, LoopTimeRemaining=0:08:28, TimeRemaining=0:08:28
2026-09-18 16:38:15,751 INFO:   | Train Device=CSX, Step=100, Loss=1.31883, Rate=2774.08 samples/sec, GlobalRate=362.18 samples/sec, LoopTimeRemaining=0:08:16, TimeRemaining=0:08:16
2026-09-18 16:38:30,260 INFO:   | Train Device=CSX, Step=110, Loss=1.27947, Rate=2881.21 samples/sec, GlobalRate=393.35 samples/sec, LoopTimeRemaining=0:08:01, TimeRemaining=0:08:01
2026-09-18 16:38:48,417 INFO:   | Train Device=CSX, Step=120, Loss=1.21283, Rate=2691.72 samples/sec, GlobalRate=422.41 samples/sec, LoopTimeRemaining=0:07:47, TimeRemaining=0:07:47
2026-09-18 16:39:03,099 INFO:   | Train Device=CSX, Step=130, Loss=1.25431, Rate=2784.82 samples/sec, GlobalRate=451.91 samples/sec, LoopTimeRemaining=0:07:32, TimeRemaining=0:07:32
2026-09-18 16:39:20,957 INFO:   | Train Device=CSX, Step=140, Loss=1.17677, Rate=2294.20 samples/sec, GlobalRate=479.41 samples/sec, LoopTimeRemaining=0:07:18, TimeRemaining=0:07:18
2026-09-18 16:39:35,680 INFO:   | Train Device=CSX, Step=150, Loss=1.18961, Rate=2822.62 samples/sec, GlobalRate=507.40 samples/sec, LoopTimeRemaining=0:07:03, TimeRemaining=0:07:03
2026-09-18 16:39:49,894 INFO:   | Train Device=CSX, Step=160, Loss=1.17591, Rate=2927.16 samples/sec, GlobalRate=534.95 samples/sec, LoopTimeRemaining=0:06:48, TimeRemaining=0:06:48
2026-09-18 16:40:08,261 INFO:   | Train Device=CSX, Step=170, Loss=1.11490, Rate=2768.39 samples/sec, GlobalRate=559.99 samples/sec, LoopTimeRemaining=0:06:34, TimeRemaining=0:06:34
2026-09-18 16:40:22,702 INFO:   | Train Device=CSX, Step=180, Loss=1.16431, Rate=2908.31 samples/sec, GlobalRate=586.12 samples/sec, LoopTimeRemaining=0:06:19, TimeRemaining=0:06:19
2026-09-18 16:40:40,960 INFO:   | Train Device=CSX, Step=190, Loss=1.17256, Rate=2700.70 samples/sec, GlobalRate=609.83 samples/sec, LoopTimeRemaining=0:06:05, TimeRemaining=0:06:05
2026-09-18 16:40:55,561 INFO:   | Train Device=CSX, Step=200, Loss=1.15904, Rate=2822.94 samples/sec, GlobalRate=634.67 samples/sec, LoopTimeRemaining=0:05:50, TimeRemaining=0:05:50
2026-09-18 16:41:13,571 INFO:   | Train Device=CSX, Step=210, Loss=1.11809, Rate=2494.22 samples/sec, GlobalRate=657.23 samples/sec, LoopTimeRemaining=0:05:35, TimeRemaining=0:05:35
2026-09-18 16:41:28,219 INFO:   | Train Device=CSX, Step=220, Loss=1.11506, Rate=2818.04 samples/sec, GlobalRate=680.91 samples/sec, LoopTimeRemaining=0:05:21, TimeRemaining=0:05:21
2026-09-18 16:41:42,411 INFO:   | Train Device=CSX, Step=230, Loss=1.00655, Rate=2943.21 samples/sec, GlobalRate=704.31 samples/sec, LoopTimeRemaining=0:05:05, TimeRemaining=0:05:05
2026-09-18 16:42:01,184 INFO:   | Train Device=CSX, Step=240, Loss=1.11497, Rate=2542.49 samples/sec, GlobalRate=724.76 samples/sec, LoopTimeRemaining=0:04:52, TimeRemaining=0:04:52
2026-09-18 16:42:15,746 INFO:   | Train Device=CSX, Step=250, Loss=1.07827, Rate=2878.02 samples/sec, GlobalRate=746.94 samples/sec, LoopTimeRemaining=0:04:37, TimeRemaining=0:04:37
2026-09-18 16:42:34,320 INFO:   | Train Device=CSX, Step=260, Loss=1.07885, Rate=2784.90 samples/sec, GlobalRate=766.43 samples/sec, LoopTimeRemaining=0:04:23, TimeRemaining=0:04:23
2026-09-18 16:42:49,290 INFO:   | Train Device=CSX, Step=270, Loss=1.08083, Rate=2885.07 samples/sec, GlobalRate=787.42 samples/sec, LoopTimeRemaining=0:04:08, TimeRemaining=0:04:08
2026-09-18 16:43:07,100 INFO:   | Train Device=CSX, Step=280, Loss=1.11849, Rate=2700.90 samples/sec, GlobalRate=806.36 samples/sec, LoopTimeRemaining=0:03:53, TimeRemaining=0:03:53
2026-09-18 16:43:21,732 INFO:   | Train Device=CSX, Step=290, Loss=1.06843, Rate=2827.02 samples/sec, GlobalRate=826.66 samples/sec, LoopTimeRemaining=0:03:39, TimeRemaining=0:03:39
2026-09-18 16:43:39,553 INFO:   | Train Device=CSX, Step=300, Loss=1.02315, Rate=1663.46 samples/sec, GlobalRate=844.69 samples/sec, LoopTimeRemaining=0:03:23, TimeRemaining=0:03:23
2026-09-18 16:43:54,813 INFO:   | Train Device=CSX, Step=310, Loss=1.04774, Rate=2786.00 samples/sec, GlobalRate=863.78 samples/sec, LoopTimeRemaining=0:03:09, TimeRemaining=0:03:09
2026-09-18 16:44:09,165 INFO:   | Train Device=CSX, Step=320, Loss=1.09656, Rate=2897.68 samples/sec, GlobalRate=883.02 samples/sec, LoopTimeRemaining=0:02:55, TimeRemaining=0:02:55
2026-09-18 16:44:27,594 INFO:   | Train Device=CSX, Step=330, Loss=1.02357, Rate=2777.87 samples/sec, GlobalRate=899.45 samples/sec, LoopTimeRemaining=0:02:40, TimeRemaining=0:02:40
2026-09-18 16:44:42,063 INFO:   | Train Device=CSX, Step=340, Loss=1.03504, Rate=2887.88 samples/sec, GlobalRate=917.87 samples/sec, LoopTimeRemaining=0:02:25, TimeRemaining=0:02:25
2026-09-18 16:45:00,323 INFO:   | Train Device=CSX, Step=350, Loss=0.99137, Rate=2725.78 samples/sec, GlobalRate=933.63 samples/sec, LoopTimeRemaining=0:02:11, TimeRemaining=0:02:11
2026-09-18 16:45:14,937 INFO:   | Train Device=CSX, Step=360, Loss=1.03419, Rate=2817.54 samples/sec, GlobalRate=951.25 samples/sec, LoopTimeRemaining=0:01:56, TimeRemaining=0:01:56
2026-09-18 16:45:33,038 INFO:   | Train Device=CSX, Step=370, Loss=1.01350, Rate=2242.34 samples/sec, GlobalRate=966.39 samples/sec, LoopTimeRemaining=0:01:42, TimeRemaining=0:01:42
2026-09-18 16:45:47,815 INFO:   | Train Device=CSX, Step=380, Loss=1.02233, Rate=2810.00 samples/sec, GlobalRate=983.24 samples/sec, LoopTimeRemaining=0:01:27, TimeRemaining=0:01:27
2026-09-18 16:46:02,148 INFO:   | Train Device=CSX, Step=390, Loss=1.02352, Rate=2922.50 samples/sec, GlobalRate=1000.06 samples/sec, LoopTimeRemaining=0:01:13, TimeRemaining=0:01:13
2026-09-18 16:46:20,627 INFO:   | Train Device=CSX, Step=400, Loss=0.95176, Rate=2748.95 samples/sec, GlobalRate=1013.98 samples/sec, LoopTimeRemaining=0:00:58, TimeRemaining=0:00:58
2026-09-18 16:46:34,999 INFO:   | Train Device=CSX, Step=410, Loss=1.01225, Rate=2928.61 samples/sec, GlobalRate=1030.16 samples/sec, LoopTimeRemaining=0:00:44, TimeRemaining=0:00:44
2026-09-18 16:46:53,376 INFO:   | Train Device=CSX, Step=420, Loss=1.01939, Rate=2749.17 samples/sec, GlobalRate=1043.53 samples/sec, LoopTimeRemaining=0:00:29, TimeRemaining=0:00:29
2026-09-18 16:47:07,945 INFO:   | Train Device=CSX, Step=430, Loss=1.00939, Rate=2835.38 samples/sec, GlobalRate=1059.01 samples/sec, LoopTimeRemaining=0:00:15, TimeRemaining=0:00:15
2026-09-18 16:47:25,705 INFO:   | Train Device=CSX, Step=440, Loss=0.98283, Rate=2563.74 samples/sec, GlobalRate=1072.19 samples/sec, LoopTimeRemaining=0:00:00, TimeRemaining=0:00:00
2026-09-18 16:47:25,816 INFO:   Training completed successfully!
2026-09-18 16:47:25,827 INFO:   Processed 1802240 training sample(s) in 1683.71702665 seconds.
