$REPO_ROOT/.venv/lib/python3.11/site-packages/outdated/__init__.py:36: UserWarning: pkg_resources is deprecated as an API. See https://setuptools.pypa.io/en/latest/pkg_resources.html. The pkg_resources package is slated for removal as early as 2025-11-30. Refrain from using this package or pin to Setuptools<81.
  from pkg_resources import parse_version
[ddp] Single-process mode: device=cuda
[Info] Running in Single-Process mode (CPU or Single GPU).
[Info] Device: cuda
[GraphCache] Caching disabled (0 nodes).
[Step=0010] Wall=5.8723s | Loss=6.1082
[Profile] Avg ms/step | Load: 33.897 (Prep: 19.735, Struc: 0.389, Fetch: 13.773) | Fwd: 503.290 | Bwd: 43.340 | Opt: 4.299 | GPU_Tot: 565.091
[Autotune] {"version": 1, "step": 10, "wall_seconds": 5.872287562000565, "seed_nodes": 40960, "loss": 6.108176422119141, "all_losses_finite": true}
[Step=0020] Wall=6.1703s | Loss=3.2557
[Profile] Avg ms/step | Load: 22.377 (Prep: 9.891, Struc: 0.342, Fetch: 12.144) | Fwd: 255.930 | Bwd: 26.494 | Opt: 2.430 | GPU_Tot: 297.340
[Autotune] {"version": 1, "step": 20, "wall_seconds": 6.170251457951963, "seed_nodes": 81920, "loss": 3.2557029724121094, "all_losses_finite": true}
[Step=0030] Wall=6.6020s | Loss=2.6598
[Profile] Avg ms/step | Load: 23.280 (Prep: 11.122, Struc: 0.325, Fetch: 11.833) | Fwd: 173.348 | Bwd: 20.725 | Opt: 1.806 | GPU_Tot: 208.037
[Autotune] {"version": 1, "step": 30, "wall_seconds": 6.602026419946924, "seed_nodes": 119613, "loss": 2.659770393371582, "all_losses_finite": true}
[Step=0040] Wall=6.9108s | Loss=2.2920
[Profile] Avg ms/step | Load: 0.000 (Prep: 0.000, Struc: 0.000, Fetch: 0.000) | Fwd: 0.000 | Bwd: 0.000 | Opt: 0.000 | GPU_Tot: 0.000
[Autotune] {"version": 1, "step": 40, "wall_seconds": 6.910764113999903, "seed_nodes": 160573, "loss": 2.2920366287231446, "all_losses_finite": true}
[Step=0050] Wall=7.3071s | Loss=2.0202
[Profile] Avg ms/step | Load: 21.617 (Prep: 10.385, Struc: 0.294, Fetch: 10.938) | Fwd: 8.153 | Bwd: 9.152 | Opt: 0.555 | GPU_Tot: 29.091
[Autotune] {"version": 1, "step": 50, "wall_seconds": 7.307086652959697, "seed_nodes": 198266, "loss": 2.0201513290405275, "all_losses_finite": true}
[Step=0060] Wall=7.6038s | Loss=1.8489
[Profile] Avg ms/step | Load: 16.162 (Prep: 5.213, Struc: 0.294, Fetch: 10.654) | Fwd: 8.369 | Bwd: 9.417 | Opt: 0.553 | GPU_Tot: 29.288
[Autotune] {"version": 1, "step": 60, "wall_seconds": 7.60383544000797, "seed_nodes": 239226, "loss": 1.8489419937133789, "all_losses_finite": true}
[Step=0070] Wall=7.9545s | Loss=1.7368
[Profile] Avg ms/step | Load: 16.453 (Prep: 5.391, Struc: 0.291, Fetch: 10.770) | Fwd: 8.291 | Bwd: 9.326 | Opt: 0.565 | GPU_Tot: 29.243
[Autotune] {"version": 1, "step": 70, "wall_seconds": 7.954506904934533, "seed_nodes": 276919, "loss": 1.7368156433105468, "all_losses_finite": true}
[Step=0080] Wall=8.3066s | Loss=1.6099
[Profile] Avg ms/step | Load: 16.397 (Prep: 5.066, Struc: 0.293, Fetch: 11.038) | Fwd: 8.365 | Bwd: 9.413 | Opt: 0.564 | GPU_Tot: 29.674
[Autotune] {"version": 1, "step": 80, "wall_seconds": 8.30655774101615, "seed_nodes": 317879, "loss": 1.6099380493164062, "all_losses_finite": true}
[Step=0090] Wall=8.6059s | Loss=1.5227
[Profile] Avg ms/step | Load: 15.305 (Prep: 4.061, Struc: 0.294, Fetch: 10.950) | Fwd: 8.413 | Bwd: 9.467 | Opt: 0.563 | GPU_Tot: 29.686
[Autotune] {"version": 1, "step": 90, "wall_seconds": 8.605895858025178, "seed_nodes": 358839, "loss": 1.5226849555969237, "all_losses_finite": true}
[Step=0100] Wall=9.0199s | Loss=1.4629
[Profile] Avg ms/step | Load: 16.656 (Prep: 5.158, Struc: 0.293, Fetch: 11.205) | Fwd: 8.367 | Bwd: 9.412 | Opt: 0.562 | GPU_Tot: 29.839
[Autotune] {"version": 1, "step": 100, "wall_seconds": 9.019944267929532, "seed_nodes": 396532, "loss": 1.4629042625427247, "all_losses_finite": true}
[Step=0110] Wall=9.3207s | Loss=1.3927
[Profile] Avg ms/step | Load: 15.857 (Prep: 4.428, Struc: 0.294, Fetch: 11.135) | Fwd: 8.402 | Bwd: 9.453 | Opt: 0.562 | GPU_Tot: 29.845
[Autotune] {"version": 1, "step": 110, "wall_seconds": 9.320702977944165, "seed_nodes": 437492, "loss": 1.3927492141723632, "all_losses_finite": true}
[Step=0120] Wall=9.7331s | Loss=1.3713
[Profile] Avg ms/step | Load: 16.770 (Prep: 5.309, Struc: 0.294, Fetch: 11.167) | Fwd: 8.373 | Bwd: 9.420 | Opt: 0.561 | GPU_Tot: 29.815
[Autotune] {"version": 1, "step": 120, "wall_seconds": 9.73314969893545, "seed_nodes": 475185, "loss": 1.3713064193725586, "all_losses_finite": true}
[Step=0130] Wall=10.0311s | Loss=1.3494
[Profile] Avg ms/step | Load: 16.111 (Prep: 4.724, Struc: 0.294, Fetch: 11.094) | Fwd: 8.396 | Bwd: 9.447 | Opt: 0.560 | GPU_Tot: 29.792
[Autotune] {"version": 1, "step": 130, "wall_seconds": 10.03112175501883, "seed_nodes": 516145, "loss": 1.34942684173584, "all_losses_finite": true}
[Step=0140] Wall=10.4756s | Loss=1.3008
[Profile] Avg ms/step | Load: 17.140 (Prep: 5.790, Struc: 0.295, Fetch: 11.056) | Fwd: 8.373 | Bwd: 9.420 | Opt: 0.560 | GPU_Tot: 29.703
[Autotune] {"version": 1, "step": 140, "wall_seconds": 10.475579923950136, "seed_nodes": 553838, "loss": 1.3008211135864258, "all_losses_finite": true}
[Step=0150] Wall=10.7804s | Loss=1.2947
[Profile] Avg ms/step | Load: 16.627 (Prep: 5.267, Struc: 0.295, Fetch: 11.065) | Fwd: 8.393 | Bwd: 9.445 | Opt: 0.560 | GPU_Tot: 29.756
[Autotune] {"version": 1, "step": 150, "wall_seconds": 10.780400931020267, "seed_nodes": 594798, "loss": 1.2946760177612304, "all_losses_finite": true}
[Step=0160] Wall=11.0764s | Loss=1.2568
[Profile] Avg ms/step | Load: 16.131 (Prep: 4.832, Struc: 0.295, Fetch: 11.004) | Fwd: 8.408 | Bwd: 9.462 | Opt: 0.559 | GPU_Tot: 29.728
[Autotune] {"version": 1, "step": 160, "wall_seconds": 11.076413006987423, "seed_nodes": 635758, "loss": 1.256825828552246, "all_losses_finite": true}
[Step=0170] Wall=11.4689s | Loss=1.2375
[Profile] Avg ms/step | Load: 16.520 (Prep: 5.172, Struc: 0.295, Fetch: 11.054) | Fwd: 8.389 | Bwd: 9.441 | Opt: 0.559 | GPU_Tot: 29.737
[Autotune] {"version": 1, "step": 170, "wall_seconds": 11.468907047994435, "seed_nodes": 673451, "loss": 1.2375068664550781, "all_losses_finite": true}
[Step=0180] Wall=11.7649s | Loss=1.2420
[Profile] Avg ms/step | Load: 16.102 (Prep: 4.805, Struc: 0.295, Fetch: 11.001) | Fwd: 8.402 | Bwd: 9.457 | Opt: 0.559 | GPU_Tot: 29.713
[Autotune] {"version": 1, "step": 180, "wall_seconds": 11.764933460974135, "seed_nodes": 714411, "loss": 1.2420051574707032, "all_losses_finite": true}
[Step=0190] Wall=12.1454s | Loss=1.2039
[Profile] Avg ms/step | Load: 16.359 (Prep: 5.010, Struc: 0.295, Fetch: 11.053) | Fwd: 8.387 | Bwd: 9.438 | Opt: 0.559 | GPU_Tot: 29.733
[Autotune] {"version": 1, "step": 190, "wall_seconds": 12.145393098006025, "seed_nodes": 752104, "loss": 1.2038710594177247, "all_losses_finite": true}
[Step=0200] Wall=12.4437s | Loss=1.2079
[Profile] Avg ms/step | Load: 16.016 (Prep: 4.700, Struc: 0.295, Fetch: 11.021) | Fwd: 8.400 | Bwd: 9.452 | Opt: 0.559 | GPU_Tot: 29.727
[Autotune] {"version": 1, "step": 200, "wall_seconds": 12.443726785946637, "seed_nodes": 793064, "loss": 1.2079166412353515, "all_losses_finite": true}
[Step=0210] Wall=12.8876s | Loss=1.2140
[Profile] Avg ms/step | Load: 16.625 (Prep: 5.330, Struc: 0.295, Fetch: 11.000) | Fwd: 8.386 | Bwd: 9.435 | Opt: 0.559 | GPU_Tot: 29.674
[Autotune] {"version": 1, "step": 210, "wall_seconds": 12.887617580941878, "seed_nodes": 830757, "loss": 1.2139654159545898, "all_losses_finite": true}
[Step=0220] Wall=13.1858s | Loss=1.1861
[Profile] Avg ms/step | Load: 16.304 (Prep: 5.036, Struc: 0.295, Fetch: 10.973) | Fwd: 8.397 | Bwd: 9.448 | Opt: 0.558 | GPU_Tot: 29.671
[Autotune] {"version": 1, "step": 220, "wall_seconds": 13.185841252910905, "seed_nodes": 871717, "loss": 1.1860944747924804, "all_losses_finite": true}
[Step=0230] Wall=13.4681s | Loss=1.1665
[Profile] Avg ms/step | Load: 15.983 (Prep: 4.773, Struc: 0.294, Fetch: 10.916) | Fwd: 8.384 | Bwd: 9.433 | Opt: 0.558 | GPU_Tot: 29.585
[Autotune] {"version": 1, "step": 230, "wall_seconds": 13.468096807948314, "seed_nodes": 909410, "loss": 1.1664735794067382, "all_losses_finite": true}
[Step=0240] Wall=13.8751s | Loss=1.1667
[Profile] Avg ms/step | Load: 16.268 (Prep: 4.978, Struc: 0.295, Fetch: 10.995) | Fwd: 8.395 | Bwd: 9.445 | Opt: 0.558 | GPU_Tot: 29.689
[Autotune] {"version": 1, "step": 240, "wall_seconds": 13.875125207938254, "seed_nodes": 950370, "loss": 1.1667332649230957, "all_losses_finite": true}
[Step=0250] Wall=14.1712s | Loss=1.1617
[Profile] Avg ms/step | Load: 16.002 (Prep: 4.743, Struc: 0.295, Fetch: 10.963) | Fwd: 8.404 | Bwd: 9.456 | Opt: 0.558 | GPU_Tot: 29.676
[Autotune] {"version": 1, "step": 250, "wall_seconds": 14.17121545097325, "seed_nodes": 991330, "loss": 1.1617338180541992, "all_losses_finite": true}
[Step=0260] Wall=14.5570s | Loss=1.1456
[Profile] Avg ms/step | Load: 16.208 (Prep: 4.948, Struc: 0.295, Fetch: 10.964) | Fwd: 8.393 | Bwd: 9.442 | Opt: 0.558 | GPU_Tot: 29.653
[Autotune] {"version": 1, "step": 260, "wall_seconds": 14.556977879954502, "seed_nodes": 1029023, "loss": 1.1455617904663087, "all_losses_finite": true}
[Step=0270] Wall=14.8534s | Loss=1.1351
[Profile] Avg ms/step | Load: 15.968 (Prep: 4.735, Struc: 0.295, Fetch: 10.938) | Fwd: 8.401 | Bwd: 9.452 | Opt: 0.557 | GPU_Tot: 29.644
[Autotune] {"version": 1, "step": 270, "wall_seconds": 14.853446771972813, "seed_nodes": 1069983, "loss": 1.1350719451904296, "all_losses_finite": true}
[Step=0280] Wall=15.2431s | Loss=1.1513
[Profile] Avg ms/step | Load: 16.175 (Prep: 4.871, Struc: 0.295, Fetch: 11.009) | Fwd: 8.390 | Bwd: 9.440 | Opt: 0.558 | GPU_Tot: 29.693
[Autotune] {"version": 1, "step": 280, "wall_seconds": 15.243067261995748, "seed_nodes": 1107676, "loss": 1.1513294219970702, "all_losses_finite": true}
[Step=0290] Wall=15.5416s | Loss=1.1403
[Profile] Avg ms/step | Load: 15.966 (Prep: 4.678, Struc: 0.295, Fetch: 10.993) | Fwd: 8.397 | Bwd: 9.449 | Opt: 0.557 | GPU_Tot: 29.692
[Autotune] {"version": 1, "step": 290, "wall_seconds": 15.54164472001139, "seed_nodes": 1148636, "loss": 1.140311050415039, "all_losses_finite": true}
[Step=0300] Wall=15.9074s | Loss=1.1241
[Profile] Avg ms/step | Load: 16.058 (Prep: 4.738, Struc: 0.295, Fetch: 11.026) | Fwd: 8.392 | Bwd: 9.440 | Opt: 0.558 | GPU_Tot: 29.710
[Autotune] {"version": 1, "step": 300, "wall_seconds": 15.907372914953157, "seed_nodes": 1186329, "loss": 1.124141025543213, "all_losses_finite": true}
[Step=0310] Wall=16.2476s | Loss=1.1167
[Profile] Avg ms/step | Load: 16.020 (Prep: 4.676, Struc: 0.295, Fetch: 11.049) | Fwd: 8.400 | Bwd: 9.449 | Opt: 0.557 | GPU_Tot: 29.751
[Autotune] {"version": 1, "step": 310, "wall_seconds": 16.247624719981104, "seed_nodes": 1227289, "loss": 1.1166999816894532, "all_losses_finite": true}
[Step=0320] Wall=16.5445s | Loss=1.1104
[Profile] Avg ms/step | Load: 15.832 (Prep: 4.511, Struc: 0.295, Fetch: 11.026) | Fwd: 8.407 | Bwd: 9.457 | Opt: 0.557 | GPU_Tot: 29.742
[Autotune] {"version": 1, "step": 320, "wall_seconds": 16.54449062596541, "seed_nodes": 1268249, "loss": 1.1103544235229492, "all_losses_finite": true}
[Step=0330] Wall=16.9349s | Loss=1.1062
[Profile] Avg ms/step | Load: 16.008 (Prep: 4.654, Struc: 0.295, Fetch: 11.059) | Fwd: 8.398 | Bwd: 9.447 | Opt: 0.558 | GPU_Tot: 29.757
[Autotune] {"version": 1, "step": 330, "wall_seconds": 16.934869637014344, "seed_nodes": 1305942, "loss": 1.1062252044677734, "all_losses_finite": true}
[Step=0340] Wall=17.2326s | Loss=1.1077
[Profile] Avg ms/step | Load: 15.834 (Prep: 4.501, Struc: 0.295, Fetch: 11.038) | Fwd: 8.405 | Bwd: 9.455 | Opt: 0.558 | GPU_Tot: 29.751
[Autotune] {"version": 1, "step": 340, "wall_seconds": 17.232562251971103, "seed_nodes": 1346902, "loss": 1.10769681930542, "all_losses_finite": true}
[Step=0350] Wall=17.6392s | Loss=1.1025
[Profile] Avg ms/step | Load: 16.052 (Prep: 4.681, Struc: 0.295, Fetch: 11.076) | Fwd: 8.397 | Bwd: 9.447 | Opt: 0.558 | GPU_Tot: 29.773
[Autotune] {"version": 1, "step": 350, "wall_seconds": 17.639221571967937, "seed_nodes": 1384595, "loss": 1.1024971008300781, "all_losses_finite": true}
[Step=0360] Wall=17.9363s | Loss=1.1012
[Profile] Avg ms/step | Load: 15.887 (Prep: 4.536, Struc: 0.295, Fetch: 11.056) | Fwd: 8.403 | Bwd: 9.454 | Opt: 0.557 | GPU_Tot: 29.765
[Autotune] {"version": 1, "step": 360, "wall_seconds": 17.936265171971172, "seed_nodes": 1425555, "loss": 1.1012493133544923, "all_losses_finite": true}
[Step=0370] Wall=18.3555s | Loss=1.0795
[Profile] Avg ms/step | Load: 16.129 (Prep: 4.793, Struc: 0.295, Fetch: 11.041) | Fwd: 8.395 | Bwd: 9.445 | Opt: 0.557 | GPU_Tot: 29.734
[Autotune] {"version": 1, "step": 370, "wall_seconds": 18.355524773010984, "seed_nodes": 1463248, "loss": 1.0794968605041504, "all_losses_finite": true}
[Step=0380] Wall=18.6537s | Loss=1.0868
[Profile] Avg ms/step | Load: 15.973 (Prep: 4.653, Struc: 0.295, Fetch: 11.025) | Fwd: 8.401 | Bwd: 9.453 | Opt: 0.557 | GPU_Tot: 29.731
[Autotune] {"version": 1, "step": 380, "wall_seconds": 18.653656838927418, "seed_nodes": 1504208, "loss": 1.0868036270141601, "all_losses_finite": true}
[Step=0390] Wall=18.9509s | Loss=1.0753
[Profile] Avg ms/step | Load: 15.824 (Prep: 4.521, Struc: 0.295, Fetch: 11.008) | Fwd: 8.407 | Bwd: 9.459 | Opt: 0.557 | GPU_Tot: 29.726
[Autotune] {"version": 1, "step": 390, "wall_seconds": 18.95094603393227, "seed_nodes": 1545168, "loss": 1.0752720832824707, "all_losses_finite": true}
[Step=0400] Wall=19.3514s | Loss=1.0770
[Profile] Avg ms/step | Load: 15.995 (Prep: 4.664, Struc: 0.295, Fetch: 11.035) | Fwd: 8.400 | Bwd: 9.452 | Opt: 0.557 | GPU_Tot: 29.739
[Autotune] {"version": 1, "step": 400, "wall_seconds": 19.351394557976164, "seed_nodes": 1582861, "loss": 1.0769506454467774, "all_losses_finite": true}
[Step=0410] Wall=19.6483s | Loss=1.0731
[Profile] Avg ms/step | Load: 15.852 (Prep: 4.539, Struc: 0.295, Fetch: 11.018) | Fwd: 8.405 | Bwd: 9.458 | Opt: 0.557 | GPU_Tot: 29.733
[Autotune] {"version": 1, "step": 410, "wall_seconds": 19.648332761018537, "seed_nodes": 1623821, "loss": 1.0730863571166993, "all_losses_finite": true}
[Step=0420] Wall=20.0386s | Loss=1.0710
[Profile] Avg ms/step | Load: 15.987 (Prep: 4.674, Struc: 0.295, Fetch: 11.019) | Fwd: 8.399 | Bwd: 9.450 | Opt: 0.557 | GPU_Tot: 29.720
[Autotune] {"version": 1, "step": 420, "wall_seconds": 20.038644130923785, "seed_nodes": 1661514, "loss": 1.0710061073303223, "all_losses_finite": true}
[Step=0430] Wall=20.3356s | Loss=1.0625
[Profile] Avg ms/step | Load: 15.853 (Prep: 4.555, Struc: 0.295, Fetch: 11.004) | Fwd: 8.403 | Bwd: 9.456 | Opt: 0.557 | GPU_Tot: 29.714
[Autotune] {"version": 1, "step": 430, "wall_seconds": 20.335557520971633, "seed_nodes": 1702474, "loss": 1.062504196166992, "all_losses_finite": true}
[Step=0440] Wall=20.7301s | Loss=1.0702
[Profile] Avg ms/step | Load: 15.990 (Prep: 4.665, Struc: 0.295, Fetch: 11.030) | Fwd: 8.398 | Bwd: 9.450 | Opt: 0.557 | GPU_Tot: 29.730
[Autotune] {"version": 1, "step": 440, "wall_seconds": 20.73005862592254, "seed_nodes": 1740167, "loss": 1.070226001739502, "all_losses_finite": true}
[Step=0450] Wall=21.0306s | Loss=1.0614
[Profile] Avg ms/step | Load: 15.870 (Prep: 4.552, Struc: 0.295, Fetch: 11.023) | Fwd: 8.403 | Bwd: 9.455 | Opt: 0.557 | GPU_Tot: 29.733
[Autotune] {"version": 1, "step": 450, "wall_seconds": 21.030559815932065, "seed_nodes": 1781127, "loss": 1.061412239074707, "all_losses_finite": true}
[Step=0460] Wall=21.3148s | Loss=1.0465
[Profile] Avg ms/step | Load: 15.739 (Prep: 4.445, Struc: 0.295, Fetch: 10.999) | Fwd: 8.398 | Bwd: 9.449 | Opt: 0.557 | GPU_Tot: 29.697
[Autotune] {"version": 1, "step": 460, "wall_seconds": 21.31477191799786, "seed_nodes": 1818820, "loss": 1.046485710144043, "all_losses_finite": true}
[Step=0470] Wall=21.7348s | Loss=1.0529
[Profile] Avg ms/step | Load: 15.908 (Prep: 4.600, Struc: 0.295, Fetch: 11.013) | Fwd: 8.402 | Bwd: 9.454 | Opt: 0.557 | GPU_Tot: 29.720
[Autotune] {"version": 1, "step": 470, "wall_seconds": 21.73481059097685, "seed_nodes": 1859780, "loss": 1.0528989791870118, "all_losses_finite": true}
[Step=0480] Wall=22.0457s | Loss=1.0493
[Profile] Avg ms/step | Load: 15.822 (Prep: 4.497, Struc: 0.295, Fetch: 11.030) | Fwd: 8.406 | Bwd: 9.459 | Opt: 0.557 | GPU_Tot: 29.747
[Autotune] {"version": 1, "step": 480, "wall_seconds": 22.045680876937695, "seed_nodes": 1900740, "loss": 1.0493470191955567, "all_losses_finite": true}
[Step=0490] Wall=22.4244s | Loss=1.0412
[Profile] Avg ms/step | Load: 15.909 (Prep: 4.544, Struc: 0.295, Fetch: 11.070) | Fwd: 8.401 | Bwd: 9.453 | Opt: 0.558 | GPU_Tot: 29.777
[Autotune] {"version": 1, "step": 490, "wall_seconds": 22.424351920955814, "seed_nodes": 1938433, "loss": 1.04124116897583, "all_losses_finite": true}
[Step=0500] Wall=22.7241s | Loss=1.0455
[Profile] Avg ms/step | Load: 15.801 (Prep: 4.446, Struc: 0.295, Fetch: 11.060) | Fwd: 8.406 | Bwd: 9.458 | Opt: 0.557 | GPU_Tot: 29.777
[Autotune] {"version": 1, "step": 500, "wall_seconds": 22.72406051494181, "seed_nodes": 1979393, "loss": 1.0455036163330078, "all_losses_finite": true}
[Step=0510] Wall=23.1518s | Loss=1.0273
[Profile] Avg ms/step | Load: 15.990 (Prep: 4.612, Struc: 0.295, Fetch: 11.083) | Fwd: 8.401 | Bwd: 9.452 | Opt: 0.558 | GPU_Tot: 29.789
[Autotune] {"version": 1, "step": 510, "wall_seconds": 23.151764794019982, "seed_nodes": 2017086, "loss": 1.0272906303405762, "all_losses_finite": true}
[Step=0520] Wall=23.4504s | Loss=1.0477
[Profile] Avg ms/step | Load: 15.884 (Prep: 4.517, Struc: 0.295, Fetch: 11.072) | Fwd: 8.405 | Bwd: 9.457 | Opt: 0.557 | GPU_Tot: 29.786
[Autotune] {"version": 1, "step": 520, "wall_seconds": 23.4503505009925, "seed_nodes": 2058046, "loss": 1.0477021217346192, "all_losses_finite": true}
[Step=0530] Wall=23.8121s | Loss=1.0396
[Profile] Avg ms/step | Load: 15.930 (Prep: 4.561, Struc: 0.295, Fetch: 11.074) | Fwd: 8.400 | Bwd: 9.451 | Opt: 0.557 | GPU_Tot: 29.778
[Autotune] {"version": 1, "step": 530, "wall_seconds": 23.81208580394741, "seed_nodes": 2095739, "loss": 1.0396288871765136, "all_losses_finite": true}
[Step=0540] Wall=24.1487s | Loss=1.0275
[Profile] Avg ms/step | Load: 15.905 (Prep: 4.540, Struc: 0.295, Fetch: 11.070) | Fwd: 8.404 | Bwd: 9.456 | Opt: 0.557 | GPU_Tot: 29.782
[Autotune] {"version": 1, "step": 540, "wall_seconds": 24.148701202007942, "seed_nodes": 2136699, "loss": 1.0275497436523438, "all_losses_finite": true}
[Step=0550] Wall=24.4461s | Loss=1.0379
[Profile] Avg ms/step | Load: 15.804 (Prep: 4.451, Struc: 0.295, Fetch: 11.058) | Fwd: 8.408 | Bwd: 9.460 | Opt: 0.557 | GPU_Tot: 29.778
[Autotune] {"version": 1, "step": 550, "wall_seconds": 24.446101611014456, "seed_nodes": 2177659, "loss": 1.0379268646240234, "all_losses_finite": true}
[Step=0560] Wall=24.8383s | Loss=1.0383
[Profile] Avg ms/step | Load: 15.907 (Prep: 4.534, Struc: 0.295, Fetch: 11.078) | Fwd: 8.403 | Bwd: 9.455 | Opt: 0.557 | GPU_Tot: 29.788
[Autotune] {"version": 1, "step": 560, "wall_seconds": 24.838311292929575, "seed_nodes": 2215352, "loss": 1.038282585144043, "all_losses_finite": true}
[Step=0570] Wall=25.1364s | Loss=1.0203
[Profile] Avg ms/step | Load: 15.812 (Prep: 4.449, Struc: 0.295, Fetch: 11.067) | Fwd: 8.407 | Bwd: 9.459 | Opt: 0.557 | GPU_Tot: 29.785
[Autotune] {"version": 1, "step": 570, "wall_seconds": 25.136373837012798, "seed_nodes": 2256312, "loss": 1.0202928543090821, "all_losses_finite": true}
[Step=0580] Wall=25.5352s | Loss=1.0207
[Profile] Avg ms/step | Load: 15.923 (Prep: 4.553, Struc: 0.295, Fetch: 11.075) | Fwd: 8.402 | Bwd: 9.454 | Opt: 0.557 | GPU_Tot: 29.783
[Autotune] {"version": 1, "step": 580, "wall_seconds": 25.535220869001932, "seed_nodes": 2294005, "loss": 1.0206737518310547, "all_losses_finite": true}
[Step=0590] Wall=25.8344s | Loss=1.0047
[Profile] Avg ms/step | Load: 15.833 (Prep: 4.471, Struc: 0.295, Fetch: 11.067) | Fwd: 8.406 | Bwd: 9.458 | Opt: 0.557 | GPU_Tot: 29.782
[Autotune] {"version": 1, "step": 590, "wall_seconds": 25.834387385984883, "seed_nodes": 2334965, "loss": 1.0046702384948731, "all_losses_finite": true}
[Step=0600] Wall=26.2262s | Loss=1.0155
[Profile] Avg ms/step | Load: 15.926 (Prep: 4.551, Struc: 0.295, Fetch: 11.080) | Fwd: 8.402 | Bwd: 9.453 | Opt: 0.557 | GPU_Tot: 29.787
[Autotune] {"version": 1, "step": 600, "wall_seconds": 26.226164027000777, "seed_nodes": 2372658, "loss": 1.0154901504516602, "all_losses_finite": true}
[Step=0610] Wall=26.5621s | Loss=1.0210
[Profile] Avg ms/step | Load: 15.903 (Prep: 4.472, Struc: 0.295, Fetch: 11.135) | Fwd: 8.405 | Bwd: 9.457 | Opt: 0.557 | GPU_Tot: 29.850
[Autotune] {"version": 1, "step": 610, "wall_seconds": 26.5620668589836, "seed_nodes": 2413618, "loss": 1.0209823608398438, "all_losses_finite": true}
[Step=0620] Wall=26.8606s | Loss=1.0129
[Profile] Avg ms/step | Load: 15.816 (Prep: 4.396, Struc: 0.295, Fetch: 11.125) | Fwd: 8.409 | Bwd: 9.461 | Opt: 0.557 | GPU_Tot: 29.847
[Autotune] {"version": 1, "step": 620, "wall_seconds": 26.86055734194815, "seed_nodes": 2454578, "loss": 1.0129218101501465, "all_losses_finite": true}
[Step=0630] Wall=27.2712s | Loss=1.0190
[Profile] Avg ms/step | Load: 15.938 (Prep: 4.504, Struc: 0.295, Fetch: 11.139) | Fwd: 8.404 | Bwd: 9.456 | Opt: 0.557 | GPU_Tot: 29.852
[Autotune] {"version": 1, "step": 630, "wall_seconds": 27.271175774978474, "seed_nodes": 2492271, "loss": 1.0189720153808595, "all_losses_finite": true}
[Step=0640] Wall=27.5709s | Loss=1.0056
[Profile] Avg ms/step | Load: 15.855 (Prep: 4.430, Struc: 0.295, Fetch: 11.131) | Fwd: 8.408 | Bwd: 9.460 | Opt: 0.557 | GPU_Tot: 29.850
[Autotune] {"version": 1, "step": 640, "wall_seconds": 27.570909340982325, "seed_nodes": 2533231, "loss": 1.0056047439575195, "all_losses_finite": true}
[Step=0650] Wall=27.9776s | Loss=1.0034
[Profile] Avg ms/step | Load: 15.966 (Prep: 4.539, Struc: 0.295, Fetch: 11.132) | Fwd: 8.404 | Bwd: 9.455 | Opt: 0.557 | GPU_Tot: 29.844
[Autotune] {"version": 1, "step": 650, "wall_seconds": 27.977586900931783, "seed_nodes": 2570924, "loss": 1.0033807754516602, "all_losses_finite": true}
[Step=0660] Wall=28.2761s | Loss=1.0012
[Profile] Avg ms/step | Load: 15.884 (Prep: 4.466, Struc: 0.295, Fetch: 11.122) | Fwd: 8.407 | Bwd: 9.459 | Opt: 0.557 | GPU_Tot: 29.840
[Autotune] {"version": 1, "step": 660, "wall_seconds": 28.276067383936606, "seed_nodes": 2611884, "loss": 1.0011601448059082, "all_losses_finite": true}
[Step=0670] Wall=28.6701s | Loss=0.9960
[Profile] Avg ms/step | Load: 15.970 (Prep: 4.545, Struc: 0.295, Fetch: 11.130) | Fwd: 8.403 | Bwd: 9.455 | Opt: 0.557 | GPU_Tot: 29.840
[Autotune] {"version": 1, "step": 670, "wall_seconds": 28.67005918896757, "seed_nodes": 2649577, "loss": 0.996010684967041, "all_losses_finite": true}
[Step=0680] Wall=28.9698s | Loss=0.9945
[Profile] Avg ms/step | Load: 15.893 (Prep: 4.475, Struc: 0.295, Fetch: 11.123) | Fwd: 8.406 | Bwd: 9.458 | Opt: 0.557 | GPU_Tot: 29.839
[Autotune] {"version": 1, "step": 680, "wall_seconds": 28.969752923003398, "seed_nodes": 2690537, "loss": 0.994540786743164, "all_losses_finite": true}
[Step=0690] Wall=29.2527s | Loss=1.0035
[Profile] Avg ms/step | Load: 15.806 (Prep: 4.407, Struc: 0.295, Fetch: 11.104) | Fwd: 8.402 | Bwd: 9.454 | Opt: 0.557 | GPU_Tot: 29.812
[Autotune] {"version": 1, "step": 690, "wall_seconds": 29.252680963953026, "seed_nodes": 2728230, "loss": 1.003500747680664, "all_losses_finite": true}
[Step=0700] Wall=29.6736s | Loss=0.9910
[Profile] Avg ms/step | Load: 15.916 (Prep: 4.497, Struc: 0.295, Fetch: 11.123) | Fwd: 8.405 | Bwd: 9.457 | Opt: 0.557 | GPU_Tot: 29.838
[Autotune] {"version": 1, "step": 700, "wall_seconds": 29.673608343931846, "seed_nodes": 2769190, "loss": 0.9910171508789063, "all_losses_finite": true}
[Step=0710] Wall=29.9738s | Loss=0.9915
[Profile] Avg ms/step | Load: 15.843 (Prep: 4.431, Struc: 0.295, Fetch: 11.117) | Fwd: 8.408 | Bwd: 9.461 | Opt: 0.557 | GPU_Tot: 29.838
[Autotune] {"version": 1, "step": 710, "wall_seconds": 29.97376538696699, "seed_nodes": 2810150, "loss": 0.9914703369140625, "all_losses_finite": true}
[Step=0720] Wall=30.3619s | Loss=0.9976
[Profile] Avg ms/step | Load: 15.915 (Prep: 4.492, Struc: 0.296, Fetch: 11.128) | Fwd: 8.405 | Bwd: 9.457 | Opt: 0.557 | GPU_Tot: 29.842
[Autotune] {"version": 1, "step": 720, "wall_seconds": 30.361933129956014, "seed_nodes": 2847843, "loss": 0.9976010322570801, "all_losses_finite": true}
[Step=0730] Wall=30.6611s | Loss=0.9884
[Profile] Avg ms/step | Load: 15.842 (Prep: 4.427, Struc: 0.296, Fetch: 11.120) | Fwd: 8.408 | Bwd: 9.460 | Opt: 0.557 | GPU_Tot: 29.840
[Autotune] {"version": 1, "step": 730, "wall_seconds": 30.661060628015548, "seed_nodes": 2888803, "loss": 0.9883554458618165, "all_losses_finite": true}
[Step=0740] Wall=31.0408s | Loss=0.9875
[Profile] Avg ms/step | Load: 15.900 (Prep: 4.472, Struc: 0.295, Fetch: 11.132) | Fwd: 8.404 | Bwd: 9.456 | Opt: 0.558 | GPU_Tot: 29.846
[Autotune] {"version": 1, "step": 740, "wall_seconds": 31.040846113930456, "seed_nodes": 2926496, "loss": 0.9874541282653808, "all_losses_finite": true}
[Step=0750] Wall=31.3409s | Loss=0.9873
[Profile] Avg ms/step | Load: 15.831 (Prep: 4.410, Struc: 0.295, Fetch: 11.126) | Fwd: 8.407 | Bwd: 9.460 | Opt: 0.557 | GPU_Tot: 29.846
[Autotune] {"version": 1, "step": 750, "wall_seconds": 31.340906812925823, "seed_nodes": 2967456, "loss": 0.9872668266296387, "all_losses_finite": true}
[Step=0760] Wall=31.7184s | Loss=0.9894
[Profile] Avg ms/step | Load: 15.884 (Prep: 4.471, Struc: 0.295, Fetch: 11.118) | Fwd: 8.404 | Bwd: 9.456 | Opt: 0.558 | GPU_Tot: 29.830
[Autotune] {"version": 1, "step": 760, "wall_seconds": 31.718368244939484, "seed_nodes": 3005149, "loss": 0.9893610954284668, "all_losses_finite": true}
[Step=0770] Wall=32.0486s | Loss=0.9828
[Profile] Avg ms/step | Load: 15.858 (Prep: 4.411, Struc: 0.295, Fetch: 11.152) | Fwd: 8.407 | Bwd: 9.459 | Opt: 0.558 | GPU_Tot: 29.871
[Autotune] {"version": 1, "step": 770, "wall_seconds": 32.04863704496529, "seed_nodes": 3046109, "loss": 0.9828350067138671, "all_losses_finite": true}
[Step=0780] Wall=32.3472s | Loss=0.9693
[Profile] Avg ms/step | Load: 15.791 (Prep: 4.352, Struc: 0.295, Fetch: 11.144) | Fwd: 8.409 | Bwd: 9.462 | Opt: 0.558 | GPU_Tot: 29.869
[Autotune] {"version": 1, "step": 780, "wall_seconds": 32.34721855598036, "seed_nodes": 3087069, "loss": 0.9692731857299804, "all_losses_finite": true}
[Step=0790] Wall=32.7464s | Loss=0.9898
[Profile] Avg ms/step | Load: 15.872 (Prep: 4.423, Struc: 0.295, Fetch: 11.153) | Fwd: 8.406 | Bwd: 9.458 | Opt: 0.558 | GPU_Tot: 29.871
[Autotune] {"version": 1, "step": 790, "wall_seconds": 32.74641638295725, "seed_nodes": 3124762, "loss": 0.9898056983947754, "all_losses_finite": true}
[Step=0800] Wall=33.0448s | Loss=0.9779
[Profile] Avg ms/step | Load: 15.805 (Prep: 4.366, Struc: 0.295, Fetch: 11.144) | Fwd: 8.409 | Bwd: 9.461 | Opt: 0.558 | GPU_Tot: 29.868
[Autotune] {"version": 1, "step": 800, "wall_seconds": 33.04484365996905, "seed_nodes": 3165722, "loss": 0.9779208183288575, "all_losses_finite": true}
[Step=0810] Wall=33.4509s | Loss=0.9696
[Profile] Avg ms/step | Load: 15.893 (Prep: 4.448, Struc: 0.295, Fetch: 11.150) | Fwd: 8.405 | Bwd: 9.458 | Opt: 0.558 | GPU_Tot: 29.867
[Autotune] {"version": 1, "step": 810, "wall_seconds": 33.45092291501351, "seed_nodes": 3203415, "loss": 0.9695816040039062, "all_losses_finite": true}
[Step=0820] Wall=33.7510s | Loss=0.9702
[Profile] Avg ms/step | Load: 15.831 (Prep: 4.391, Struc: 0.295, Fetch: 11.144) | Fwd: 8.408 | Bwd: 9.461 | Opt: 0.558 | GPU_Tot: 29.866
[Autotune] {"version": 1, "step": 820, "wall_seconds": 33.75097106397152, "seed_nodes": 3244375, "loss": 0.9702125549316406, "all_losses_finite": true}
[Step=0830] Wall=34.1708s | Loss=0.9758
[Profile] Avg ms/step | Load: 15.933 (Prep: 4.483, Struc: 0.295, Fetch: 11.155) | Fwd: 8.405 | Bwd: 9.457 | Opt: 0.558 | GPU_Tot: 29.870
[Autotune] {"version": 1, "step": 830, "wall_seconds": 34.170832171919756, "seed_nodes": 3282068, "loss": 0.9758190155029297, "all_losses_finite": true}
[Step=0840] Wall=34.4833s | Loss=0.9743
[Profile] Avg ms/step | Load: 15.887 (Prep: 4.427, Struc: 0.295, Fetch: 11.164) | Fwd: 8.408 | Bwd: 9.460 | Opt: 0.558 | GPU_Tot: 29.885
[Autotune] {"version": 1, "step": 840, "wall_seconds": 34.48331437201705, "seed_nodes": 3323028, "loss": 0.9742761611938476, "all_losses_finite": true}
------------------------------------------------------------
Training Completed. Total Steps: 840 (Active: 800)
Avg Breakdown (ms): Load=15.887 [Prep:4.427, Struc:0.295, Fetch:11.164], Fwd=8.408, Bwd=9.460, Opt=0.558
------------------------------------------------------------
