$REPO_ROOT/.venv/lib/python3.11/site-packages/outdated/__init__.py:36: UserWarning: pkg_resources is deprecated as an API. See https://setuptools.pypa.io/en/latest/pkg_resources.html. The pkg_resources package is slated for removal as early as 2025-11-30. Refrain from using this package or pin to Setuptools<81.
  from pkg_resources import parse_version
[ddp] Single-process mode: device=cuda
[Info] Running in Single-Process mode (CPU or Single GPU).
[Info] Device: cuda
[GraphCache] Caching disabled (0 nodes).
[Step=0010] Wall=10.3786s | Loss=10.4976
[Profile] Avg ms/step | Load: 293.547 (Prep: 212.947, Struc: 1.333, Fetch: 79.268) | Fwd: 635.578 | Bwd: 102.141 | Opt: 4.169 | GPU_Tot: 822.489
[Autotune] {"version": 1, "step": 10, "wall_seconds": 10.378636590961833, "seed_nodes": 40960, "loss": 10.497620391845704, "all_losses_finite": true}
[Step=0020] Wall=12.4816s | Loss=2.8392
[Profile] Avg ms/step | Load: 191.629 (Prep: 106.500, Struc: 1.386, Fetch: 83.743) | Fwd: 344.865 | Bwd: 83.860 | Opt: 2.406 | GPU_Tot: 516.261
[Autotune] {"version": 1, "step": 20, "wall_seconds": 12.481588274997193, "seed_nodes": 81920, "loss": 2.839229202270508, "all_losses_finite": true}
[Step=0030] Wall=14.4778s | Loss=2.3690
[Profile] Avg ms/step | Load: 153.669 (Prep: 71.015, Struc: 1.350, Fetch: 81.304) | Fwd: 248.036 | Bwd: 78.141 | Opt: 1.810 | GPU_Tot: 410.641
[Autotune] {"version": 1, "step": 30, "wall_seconds": 14.47779149597045, "seed_nodes": 122880, "loss": 2.36901969909668, "all_losses_finite": true}
[Step=0040] Wall=16.4796s | Loss=2.0315
[Profile] Avg ms/step | Load: 0.000 (Prep: 0.000, Struc: 0.000, Fetch: 0.000) | Fwd: 0.000 | Bwd: 0.000 | Opt: 0.000 | GPU_Tot: 0.000
[Autotune] {"version": 1, "step": 40, "wall_seconds": 16.479572896962054, "seed_nodes": 163840, "loss": 2.031544876098633, "all_losses_finite": true}
[Step=0050] Wall=19.4107s | Loss=1.6179
[Profile] Avg ms/step | Load: 179.306 (Prep: 108.372, Struc: 1.171, Fetch: 69.762) | Fwd: 51.361 | Bwd: 61.603 | Opt: 0.658 | GPU_Tot: 184.554
[Autotune] {"version": 1, "step": 50, "wall_seconds": 19.410655402985867, "seed_nodes": 200711, "loss": 1.6179437637329102, "all_losses_finite": true}
[Step=0060] Wall=21.5143s | Loss=1.4558
[Profile] Avg ms/step | Load: 134.428 (Prep: 54.211, Struc: 1.248, Fetch: 78.969) | Fwd: 52.781 | Bwd: 63.707 | Opt: 0.639 | GPU_Tot: 197.345
[Autotune] {"version": 1, "step": 60, "wall_seconds": 21.51434016501298, "seed_nodes": 241671, "loss": 1.4558090209960937, "all_losses_finite": true}
[Step=0070] Wall=23.5364s | Loss=1.1745
[Profile] Avg ms/step | Load: 116.742 (Prep: 36.156, Struc: 1.261, Fetch: 79.325) | Fwd: 53.237 | Bwd: 64.438 | Opt: 0.632 | GPU_Tot: 198.893
[Autotune] {"version": 1, "step": 70, "wall_seconds": 23.536417453957256, "seed_nodes": 282631, "loss": 1.174515438079834, "all_losses_finite": true}
[Step=0080] Wall=25.5613s | Loss=0.9853
[Profile] Avg ms/step | Load: 107.918 (Prep: 27.129, Struc: 1.265, Fetch: 79.523) | Fwd: 53.502 | Bwd: 64.819 | Opt: 0.627 | GPU_Tot: 199.736
[Autotune] {"version": 1, "step": 80, "wall_seconds": 25.561346413975116, "seed_nodes": 323591, "loss": 0.9852738380432129, "all_losses_finite": true}
[Step=0090] Wall=27.5819s | Loss=0.8658
[Profile] Avg ms/step | Load: 102.649 (Prep: 21.715, Struc: 1.268, Fetch: 79.666) | Fwd: 53.623 | Bwd: 64.971 | Opt: 0.626 | GPU_Tot: 200.154
[Autotune] {"version": 1, "step": 90, "wall_seconds": 27.58190510800341, "seed_nodes": 364551, "loss": 0.8657742500305176, "all_losses_finite": true}
[Step=0100] Wall=30.0125s | Loss=0.8236
[Profile] Avg ms/step | Load: 107.947 (Prep: 27.145, Struc: 1.252, Fetch: 79.549) | Fwd: 52.807 | Bwd: 63.980 | Opt: 0.636 | GPU_Tot: 198.223
[Autotune] {"version": 1, "step": 100, "wall_seconds": 30.01246114698006, "seed_nodes": 401422, "loss": 0.8235928535461425, "all_losses_finite": true}
[Step=0110] Wall=32.1147s | Loss=0.7719
[Profile] Avg ms/step | Load: 105.348 (Prep: 23.276, Struc: 1.255, Fetch: 80.816) | Fwd: 52.984 | Bwd: 64.210 | Opt: 0.637 | GPU_Tot: 199.903
[Autotune] {"version": 1, "step": 110, "wall_seconds": 32.114697370969225, "seed_nodes": 442382, "loss": 0.7719411849975586, "all_losses_finite": true}
[Step=0120] Wall=34.1232s | Loss=0.7135
[Profile] Avg ms/step | Load: 102.253 (Prep: 20.373, Struc: 1.258, Fetch: 80.622) | Fwd: 53.105 | Bwd: 64.373 | Opt: 0.634 | GPU_Tot: 199.992
[Autotune] {"version": 1, "step": 120, "wall_seconds": 34.12318181397859, "seed_nodes": 483342, "loss": 0.7134980678558349, "all_losses_finite": true}
[Step=0130] Wall=36.1400s | Loss=0.6781
[Profile] Avg ms/step | Load: 99.890 (Prep: 18.114, Struc: 1.260, Fetch: 80.515) | Fwd: 53.224 | Bwd: 64.524 | Opt: 0.632 | GPU_Tot: 200.155
[Autotune] {"version": 1, "step": 130, "wall_seconds": 36.14001048798673, "seed_nodes": 524302, "loss": 0.6780692100524902, "all_losses_finite": true}
[Step=0140] Wall=38.1837s | Loss=0.6567
[Profile] Avg ms/step | Load: 98.245 (Prep: 16.308, Struc: 1.262, Fetch: 80.675) | Fwd: 53.326 | Bwd: 64.662 | Opt: 0.630 | GPU_Tot: 200.554
[Autotune] {"version": 1, "step": 140, "wall_seconds": 38.18371228099568, "seed_nodes": 565262, "loss": 0.6567357540130615, "all_losses_finite": true}
[Step=0150] Wall=40.7061s | Loss=0.8061
[Profile] Avg ms/step | Load: 102.377 (Prep: 20.457, Struc: 1.254, Fetch: 80.666) | Fwd: 52.911 | Bwd: 64.141 | Opt: 0.633 | GPU_Tot: 199.605
[Autotune] {"version": 1, "step": 150, "wall_seconds": 40.70608353096759, "seed_nodes": 602133, "loss": 0.8060832023620605, "all_losses_finite": true}
[Step=0160] Wall=42.7478s | Loss=0.7466
[Profile] Avg ms/step | Load: 100.788 (Prep: 18.757, Struc: 1.256, Fetch: 80.775) | Fwd: 53.020 | Bwd: 64.284 | Opt: 0.631 | GPU_Tot: 199.966
[Autotune] {"version": 1, "step": 160, "wall_seconds": 42.747781965998, "seed_nodes": 643093, "loss": 0.7465859889984131, "all_losses_finite": true}
[Step=0170] Wall=44.7706s | Loss=0.6760
[Profile] Avg ms/step | Load: 99.313 (Prep: 17.318, Struc: 1.257, Fetch: 80.738) | Fwd: 53.107 | Bwd: 64.395 | Opt: 0.631 | GPU_Tot: 200.127
[Autotune] {"version": 1, "step": 170, "wall_seconds": 44.770585111982655, "seed_nodes": 684053, "loss": 0.6759730815887451, "all_losses_finite": true}
[Step=0180] Wall=46.7968s | Loss=0.6302
[Profile] Avg ms/step | Load: 98.053 (Prep: 16.084, Struc: 1.259, Fetch: 80.710) | Fwd: 53.188 | Bwd: 64.503 | Opt: 0.630 | GPU_Tot: 200.289
[Autotune] {"version": 1, "step": 180, "wall_seconds": 46.79677425796399, "seed_nodes": 725013, "loss": 0.6302145957946778, "all_losses_finite": true}
[Step=0190] Wall=48.9030s | Loss=0.5990
[Profile] Avg ms/step | Load: 97.496 (Prep: 15.016, Struc: 1.271, Fetch: 81.210) | Fwd: 53.258 | Bwd: 64.593 | Opt: 0.630 | GPU_Tot: 200.962
[Autotune] {"version": 1, "step": 190, "wall_seconds": 48.903014175011776, "seed_nodes": 765973, "loss": 0.5989829540252686, "all_losses_finite": true}
[Step=0200] Wall=51.4871s | Loss=0.7285
[Profile] Avg ms/step | Load: 100.739 (Prep: 18.295, Struc: 1.264, Fetch: 81.180) | Fwd: 52.984 | Bwd: 64.265 | Opt: 0.631 | GPU_Tot: 200.324
[Autotune] {"version": 1, "step": 200, "wall_seconds": 51.487114223011304, "seed_nodes": 802844, "loss": 0.7285420417785644, "all_losses_finite": true}
[Step=0210] Wall=53.5087s | Loss=0.7197
[Profile] Avg ms/step | Load: 99.607 (Prep: 17.221, Struc: 1.265, Fetch: 81.120) | Fwd: 53.055 | Bwd: 64.348 | Opt: 0.630 | GPU_Tot: 200.418
[Autotune] {"version": 1, "step": 210, "wall_seconds": 53.50868101901142, "seed_nodes": 843804, "loss": 0.7196574211120605, "all_losses_finite": true}
[Step=0220] Wall=55.5272s | Loss=0.6316
[Profile] Avg ms/step | Load: 98.563 (Prep: 16.268, Struc: 1.267, Fetch: 81.029) | Fwd: 53.119 | Bwd: 64.441 | Opt: 0.630 | GPU_Tot: 200.486
[Autotune] {"version": 1, "step": 220, "wall_seconds": 55.527196959999856, "seed_nodes": 884764, "loss": 0.6315841674804688, "all_losses_finite": true}
[Step=0230] Wall=57.5429s | Loss=0.6043
[Profile] Avg ms/step | Load: 97.631 (Prep: 15.414, Struc: 1.267, Fetch: 80.949) | Fwd: 53.174 | Bwd: 64.510 | Opt: 0.629 | GPU_Tot: 200.530
[Autotune] {"version": 1, "step": 230, "wall_seconds": 57.54286859399872, "seed_nodes": 925724, "loss": 0.6043490409851074, "all_losses_finite": true}
[Step=0240] Wall=59.5570s | Loss=0.5886
[Profile] Avg ms/step | Load: 96.789 (Prep: 14.646, Struc: 1.268, Fetch: 80.875) | Fwd: 53.220 | Bwd: 64.571 | Opt: 0.629 | GPU_Tot: 200.563
[Autotune] {"version": 1, "step": 240, "wall_seconds": 59.55702909297543, "seed_nodes": 966684, "loss": 0.5885848522186279, "all_losses_finite": true}
[Step=0250] Wall=62.3064s | Loss=0.5537
[Profile] Avg ms/step | Load: 100.096 (Prep: 17.509, Struc: 1.264, Fetch: 81.323) | Fwd: 53.012 | Bwd: 64.306 | Opt: 0.631 | GPU_Tot: 200.535
[Autotune] {"version": 1, "step": 250, "wall_seconds": 62.30637135996949, "seed_nodes": 1003555, "loss": 0.553731632232666, "all_losses_finite": true}
[Step=0260] Wall=64.3894s | Loss=0.5930
[Profile] Avg ms/step | Load: 99.511 (Prep: 16.715, Struc: 1.267, Fetch: 81.528) | Fwd: 53.070 | Bwd: 64.383 | Opt: 0.630 | GPU_Tot: 200.879
[Autotune] {"version": 1, "step": 260, "wall_seconds": 64.38944223098224, "seed_nodes": 1044515, "loss": 0.5929585933685303, "all_losses_finite": true}
[Step=0270] Wall=66.4448s | Loss=0.5703
[Profile] Avg ms/step | Load: 98.866 (Prep: 15.990, Struc: 1.268, Fetch: 81.607) | Fwd: 53.118 | Bwd: 64.448 | Opt: 0.630 | GPU_Tot: 201.071
[Autotune] {"version": 1, "step": 270, "wall_seconds": 66.44478653697297, "seed_nodes": 1085475, "loss": 0.5702727794647217, "all_losses_finite": true}
[Step=0280] Wall=68.4653s | Loss=0.5504
[Profile] Avg ms/step | Load: 98.119 (Prep: 15.326, Struc: 1.268, Fetch: 81.524) | Fwd: 53.162 | Bwd: 64.519 | Opt: 0.629 | GPU_Tot: 201.103
[Autotune] {"version": 1, "step": 280, "wall_seconds": 68.46534038899699, "seed_nodes": 1126435, "loss": 0.5503917217254639, "all_losses_finite": true}
[Step=0290] Wall=70.4645s | Loss=0.5414
[Profile] Avg ms/step | Load: 97.387 (Prep: 14.715, Struc: 1.268, Fetch: 81.403) | Fwd: 53.197 | Bwd: 64.550 | Opt: 0.629 | GPU_Tot: 201.047
[Autotune] {"version": 1, "step": 290, "wall_seconds": 70.4645071629784, "seed_nodes": 1167395, "loss": 0.5414455890655517, "all_losses_finite": true}
[Step=0300] Wall=73.2037s | Loss=0.5865
[Profile] Avg ms/step | Load: 99.971 (Prep: 17.418, Struc: 1.265, Fetch: 81.289) | Fwd: 53.035 | Bwd: 64.357 | Opt: 0.629 | GPU_Tot: 200.574
[Autotune] {"version": 1, "step": 300, "wall_seconds": 73.2037278439966, "seed_nodes": 1204266, "loss": 0.5865347862243653, "all_losses_finite": true}
[Step=0310] Wall=75.3076s | Loss=0.6185
[Profile] Avg ms/step | Load: 99.598 (Prep: 16.774, Struc: 1.272, Fetch: 81.552) | Fwd: 53.075 | Bwd: 64.401 | Opt: 0.629 | GPU_Tot: 200.929
[Autotune] {"version": 1, "step": 310, "wall_seconds": 75.30758956295904, "seed_nodes": 1245226, "loss": 0.6185108661651612, "all_losses_finite": true}
[Step=0320] Wall=77.3261s | Loss=0.5552
[Profile] Avg ms/step | Load: 98.937 (Prep: 16.177, Struc: 1.272, Fetch: 81.488) | Fwd: 53.114 | Bwd: 64.451 | Opt: 0.629 | GPU_Tot: 200.954
[Autotune] {"version": 1, "step": 320, "wall_seconds": 77.32608109997818, "seed_nodes": 1286186, "loss": 0.5552332878112793, "all_losses_finite": true}
[Step=0330] Wall=79.3461s | Loss=0.5350
[Profile] Avg ms/step | Load: 98.325 (Prep: 15.621, Struc: 1.272, Fetch: 81.432) | Fwd: 53.152 | Bwd: 64.498 | Opt: 0.629 | GPU_Tot: 200.982
[Autotune] {"version": 1, "step": 330, "wall_seconds": 79.34613731497666, "seed_nodes": 1327146, "loss": 0.5349864006042481, "all_losses_finite": true}
[Step=0340] Wall=81.3712s | Loss=0.5437
[Profile] Avg ms/step | Load: 97.763 (Prep: 15.102, Struc: 1.272, Fetch: 81.389) | Fwd: 53.189 | Bwd: 64.546 | Opt: 0.629 | GPU_Tot: 201.026
[Autotune] {"version": 1, "step": 340, "wall_seconds": 81.37124344299082, "seed_nodes": 1368106, "loss": 0.5436951637268066, "all_losses_finite": true}
[Step=0350] Wall=83.9083s | Loss=0.5536
[Profile] Avg ms/step | Load: 99.270 (Prep: 16.593, Struc: 1.269, Fetch: 81.408) | Fwd: 53.049 | Bwd: 64.384 | Opt: 0.630 | GPU_Tot: 200.741
[Autotune] {"version": 1, "step": 350, "wall_seconds": 83.90829704498174, "seed_nodes": 1404977, "loss": 0.5536312103271485, "all_losses_finite": true}
[Step=0360] Wall=85.9252s | Loss=0.5748
[Profile] Avg ms/step | Load: 98.693 (Prep: 16.076, Struc: 1.269, Fetch: 81.348) | Fwd: 53.082 | Bwd: 64.434 | Opt: 0.630 | GPU_Tot: 200.764
[Autotune] {"version": 1, "step": 360, "wall_seconds": 85.92521981400205, "seed_nodes": 1445937, "loss": 0.5747905254364014, "all_losses_finite": true}
[Step=0370] Wall=87.9441s | Loss=0.5659
[Profile] Avg ms/step | Load: 98.151 (Prep: 15.590, Struc: 1.269, Fetch: 81.291) | Fwd: 53.117 | Bwd: 64.483 | Opt: 0.630 | GPU_Tot: 200.791
[Autotune] {"version": 1, "step": 370, "wall_seconds": 87.94405653199647, "seed_nodes": 1486897, "loss": 0.5658873558044434, "all_losses_finite": true}
[Step=0380] Wall=89.9656s | Loss=0.5453
[Profile] Avg ms/step | Load: 97.647 (Prep: 15.133, Struc: 1.270, Fetch: 81.244) | Fwd: 53.152 | Bwd: 64.529 | Opt: 0.630 | GPU_Tot: 200.824
[Autotune] {"version": 1, "step": 380, "wall_seconds": 89.96557610697346, "seed_nodes": 1527857, "loss": 0.5452582359313964, "all_losses_finite": true}
[Step=0390] Wall=92.0634s | Loss=0.5195
[Profile] Avg ms/step | Load: 97.404 (Prep: 14.702, Struc: 1.273, Fetch: 81.429) | Fwd: 53.181 | Bwd: 64.561 | Opt: 0.630 | GPU_Tot: 201.074
[Autotune] {"version": 1, "step": 390, "wall_seconds": 92.06342389300698, "seed_nodes": 1568817, "loss": 0.5195173740386962, "all_losses_finite": true}
[Step=0400] Wall=94.7445s | Loss=0.5700
[Profile] Avg ms/step | Load: 99.091 (Prep: 16.431, Struc: 1.272, Fetch: 81.388) | Fwd: 53.068 | Bwd: 64.436 | Opt: 0.630 | GPU_Tot: 200.793
[Autotune] {"version": 1, "step": 400, "wall_seconds": 94.74454327998683, "seed_nodes": 1605688, "loss": 0.5700207710266113, "all_losses_finite": true}
[Step=0410] Wall=96.7874s | Loss=0.5662
[Profile] Avg ms/step | Load: 98.673 (Prep: 15.989, Struc: 1.272, Fetch: 81.413) | Fwd: 53.099 | Bwd: 64.468 | Opt: 0.630 | GPU_Tot: 200.882
[Autotune] {"version": 1, "step": 410, "wall_seconds": 96.7873503259616, "seed_nodes": 1646648, "loss": 0.566199541091919, "all_losses_finite": true}
[Step=0420] Wall=98.9040s | Loss=0.5288
[Profile] Avg ms/step | Load: 98.461 (Prep: 15.569, Struc: 1.273, Fetch: 81.619) | Fwd: 53.129 | Bwd: 64.509 | Opt: 0.630 | GPU_Tot: 201.160
[Autotune] {"version": 1, "step": 420, "wall_seconds": 98.9040126769687, "seed_nodes": 1687608, "loss": 0.528801155090332, "all_losses_finite": true}
[Step=0430] Wall=100.9421s | Loss=0.5235
[Profile] Avg ms/step | Load: 98.060 (Prep: 15.171, Struc: 1.273, Fetch: 81.616) | Fwd: 53.156 | Bwd: 64.547 | Opt: 0.630 | GPU_Tot: 201.221
[Autotune] {"version": 1, "step": 430, "wall_seconds": 100.94206934497925, "seed_nodes": 1728568, "loss": 0.5235321521759033, "all_losses_finite": true}
[Step=0440] Wall=102.9718s | Loss=0.5102
[Profile] Avg ms/step | Load: 97.662 (Prep: 14.793, Struc: 1.274, Fetch: 81.595) | Fwd: 53.181 | Bwd: 64.579 | Opt: 0.630 | GPU_Tot: 201.259
[Autotune] {"version": 1, "step": 440, "wall_seconds": 102.97180620697327, "seed_nodes": 1769528, "loss": 0.510181188583374, "all_losses_finite": true}
[Step=0450] Wall=105.6947s | Loss=0.7186
[Profile] Avg ms/step | Load: 99.248 (Prep: 16.399, Struc: 1.272, Fetch: 81.578) | Fwd: 53.079 | Bwd: 64.463 | Opt: 0.630 | GPU_Tot: 201.021
[Autotune] {"version": 1, "step": 450, "wall_seconds": 105.69466901099076, "seed_nodes": 1806399, "loss": 0.7185649394989013, "all_losses_finite": true}
[Step=0460] Wall=107.7249s | Loss=0.6023
[Profile] Avg ms/step | Load: 98.832 (Prep: 16.009, Struc: 1.272, Fetch: 81.551) | Fwd: 53.107 | Bwd: 64.503 | Opt: 0.630 | GPU_Tot: 201.064
[Autotune] {"version": 1, "step": 460, "wall_seconds": 107.72489769198, "seed_nodes": 1847359, "loss": 0.6023221492767334, "all_losses_finite": true}
[Step=0470] Wall=109.7510s | Loss=0.5823
[Profile] Avg ms/step | Load: 98.431 (Prep: 15.638, Struc: 1.272, Fetch: 81.521) | Fwd: 53.134 | Bwd: 64.537 | Opt: 0.630 | GPU_Tot: 201.095
[Autotune] {"version": 1, "step": 470, "wall_seconds": 109.75100869999733, "seed_nodes": 1888319, "loss": 0.5823338031768799, "all_losses_finite": true}
[Step=0480] Wall=111.7937s | Loss=0.5393
[Profile] Avg ms/step | Load: 98.075 (Prep: 15.284, Struc: 1.272, Fetch: 81.519) | Fwd: 53.162 | Bwd: 64.579 | Opt: 0.630 | GPU_Tot: 201.161
[Autotune] {"version": 1, "step": 480, "wall_seconds": 111.7936699569691, "seed_nodes": 1929279, "loss": 0.5393458843231201, "all_losses_finite": true}
[Step=0490] Wall=113.7306s | Loss=0.5051
[Profile] Avg ms/step | Load: 97.768 (Prep: 14.945, Struc: 1.275, Fetch: 81.548) | Fwd: 53.070 | Bwd: 64.467 | Opt: 0.630 | GPU_Tot: 200.990
[Autotune] {"version": 1, "step": 490, "wall_seconds": 113.73055764497258, "seed_nodes": 1966150, "loss": 0.5051167011260986, "all_losses_finite": true}
[Step=0500] Wall=116.5497s | Loss=0.5320
[Profile] Avg ms/step | Load: 99.140 (Prep: 16.229, Struc: 1.275, Fetch: 81.637) | Fwd: 53.094 | Bwd: 64.500 | Opt: 0.631 | GPU_Tot: 201.137
[Autotune] {"version": 1, "step": 500, "wall_seconds": 116.54974525299622, "seed_nodes": 2007110, "loss": 0.5320109844207763, "all_losses_finite": true}
[Step=0510] Wall=118.5815s | Loss=0.5310
[Profile] Avg ms/step | Load: 98.767 (Prep: 15.884, Struc: 1.275, Fetch: 81.607) | Fwd: 53.121 | Bwd: 64.540 | Opt: 0.631 | GPU_Tot: 201.175
[Autotune] {"version": 1, "step": 510, "wall_seconds": 118.58152947196504, "seed_nodes": 2048070, "loss": 0.5310127258300781, "all_losses_finite": true}
[Step=0520] Wall=120.6280s | Loss=0.5205
[Profile] Avg ms/step | Load: 98.451 (Prep: 15.554, Struc: 1.275, Fetch: 81.621) | Fwd: 53.145 | Bwd: 64.570 | Opt: 0.631 | GPU_Tot: 201.243
[Autotune] {"version": 1, "step": 520, "wall_seconds": 120.6280176260043, "seed_nodes": 2089030, "loss": 0.5204512119293213, "all_losses_finite": true}
[Step=0530] Wall=122.7281s | Loss=0.5085
[Profile] Avg ms/step | Load: 98.259 (Prep: 15.238, Struc: 1.279, Fetch: 81.742) | Fwd: 53.167 | Bwd: 64.598 | Opt: 0.631 | GPU_Tot: 201.417
[Autotune] {"version": 1, "step": 530, "wall_seconds": 122.72810267400928, "seed_nodes": 2129990, "loss": 0.5084718704223633, "all_losses_finite": true}
[Step=0540] Wall=125.1974s | Loss=0.5456
[Profile] Avg ms/step | Load: 99.045 (Prep: 16.165, Struc: 1.277, Fetch: 81.603) | Fwd: 53.082 | Bwd: 64.498 | Opt: 0.631 | GPU_Tot: 201.092
[Autotune] {"version": 1, "step": 540, "wall_seconds": 125.197413656977, "seed_nodes": 2166861, "loss": 0.5456169128417969, "all_losses_finite": true}
[Step=0550] Wall=127.3182s | Loss=0.7102
[Profile] Avg ms/step | Load: 98.889 (Prep: 15.849, Struc: 1.277, Fetch: 81.763) | Fwd: 53.104 | Bwd: 64.527 | Opt: 0.631 | GPU_Tot: 201.303
[Autotune] {"version": 1, "step": 550, "wall_seconds": 127.31824184895959, "seed_nodes": 2207821, "loss": 0.7101658821105957, "all_losses_finite": true}
[Step=0560] Wall=129.3514s | Loss=0.5951
[Profile] Avg ms/step | Load: 98.568 (Prep: 15.545, Struc: 1.277, Fetch: 81.746) | Fwd: 53.126 | Bwd: 64.557 | Opt: 0.631 | GPU_Tot: 201.337
[Autotune] {"version": 1, "step": 560, "wall_seconds": 129.35143557697302, "seed_nodes": 2248781, "loss": 0.5951301097869873, "all_losses_finite": true}
[Step=0570] Wall=131.4049s | Loss=0.5445
[Profile] Avg ms/step | Load: 98.294 (Prep: 15.253, Struc: 1.277, Fetch: 81.764) | Fwd: 53.148 | Bwd: 64.589 | Opt: 0.631 | GPU_Tot: 201.409
[Autotune] {"version": 1, "step": 570, "wall_seconds": 131.40488997701323, "seed_nodes": 2289741, "loss": 0.5444726467132568, "all_losses_finite": true}
[Step=0580] Wall=133.5640s | Loss=0.5272
[Profile] Avg ms/step | Load: 98.226 (Prep: 14.972, Struc: 1.280, Fetch: 81.974) | Fwd: 53.169 | Bwd: 64.618 | Opt: 0.632 | GPU_Tot: 201.673
[Autotune] {"version": 1, "step": 580, "wall_seconds": 133.5640197749599, "seed_nodes": 2330701, "loss": 0.5272216796875, "all_losses_finite": true}
[Step=0590] Wall=136.4079s | Loss=0.5216
[Profile] Avg ms/step | Load: 99.622 (Prep: 16.438, Struc: 1.278, Fetch: 81.906) | Fwd: 53.093 | Bwd: 64.526 | Opt: 0.632 | GPU_Tot: 201.435
[Autotune] {"version": 1, "step": 590, "wall_seconds": 136.40794024796924, "seed_nodes": 2367572, "loss": 0.5216015338897705, "all_losses_finite": true}
[Step=0600] Wall=138.7091s | Loss=0.5568
[Profile] Avg ms/step | Load: 99.793 (Prep: 16.145, Struc: 1.284, Fetch: 82.364) | Fwd: 53.113 | Bwd: 64.549 | Opt: 0.632 | GPU_Tot: 201.943
[Autotune] {"version": 1, "step": 600, "wall_seconds": 138.70907489600359, "seed_nodes": 2408532, "loss": 0.5567963600158692, "all_losses_finite": true}
[Step=0610] Wall=140.7525s | Loss=0.5095
[Profile] Avg ms/step | Load: 99.502 (Prep: 15.863, Struc: 1.284, Fetch: 82.356) | Fwd: 53.133 | Bwd: 64.576 | Opt: 0.632 | GPU_Tot: 201.981
[Autotune] {"version": 1, "step": 610, "wall_seconds": 140.75248107098741, "seed_nodes": 2449492, "loss": 0.5094737052917481, "all_losses_finite": true}
[Step=0620] Wall=142.7874s | Loss=0.5202
[Profile] Avg ms/step | Load: 99.204 (Prep: 15.590, Struc: 1.284, Fetch: 82.330) | Fwd: 53.153 | Bwd: 64.605 | Opt: 0.632 | GPU_Tot: 202.003
[Autotune] {"version": 1, "step": 620, "wall_seconds": 142.78744263999397, "seed_nodes": 2490452, "loss": 0.5202476978302002, "all_losses_finite": true}
[Step=0630] Wall=144.9187s | Loss=0.4869
[Profile] Avg ms/step | Load: 99.082 (Prep: 15.327, Struc: 1.284, Fetch: 82.471) | Fwd: 53.170 | Bwd: 64.630 | Opt: 0.632 | GPU_Tot: 202.188
[Autotune] {"version": 1, "step": 630, "wall_seconds": 144.9187462499831, "seed_nodes": 2531412, "loss": 0.48691544532775877, "all_losses_finite": true}
[Step=0640] Wall=147.5922s | Loss=0.6839
[Profile] Avg ms/step | Load: 100.064 (Prep: 16.375, Struc: 1.282, Fetch: 82.406) | Fwd: 53.099 | Bwd: 64.547 | Opt: 0.632 | GPU_Tot: 201.967
[Autotune] {"version": 1, "step": 640, "wall_seconds": 147.59224609000375, "seed_nodes": 2568283, "loss": 0.6838857173919678, "all_losses_finite": true}
[Step=0650] Wall=149.7243s | Loss=0.6944
[Profile] Avg ms/step | Load: 99.925 (Prep: 16.107, Struc: 1.284, Fetch: 82.534) | Fwd: 53.119 | Bwd: 64.579 | Opt: 0.632 | GPU_Tot: 202.148
[Autotune] {"version": 1, "step": 650, "wall_seconds": 149.72425763396313, "seed_nodes": 2609243, "loss": 0.6944099426269531, "all_losses_finite": true}
[Step=0660] Wall=151.7556s | Loss=0.6117
[Profile] Avg ms/step | Load: 99.637 (Prep: 15.848, Struc: 1.284, Fetch: 82.505) | Fwd: 53.137 | Bwd: 64.602 | Opt: 0.632 | GPU_Tot: 202.160
[Autotune] {"version": 1, "step": 660, "wall_seconds": 151.75557844497962, "seed_nodes": 2650203, "loss": 0.6116791725158691, "all_losses_finite": true}
[Step=0670] Wall=153.7851s | Loss=0.5681
[Profile] Avg ms/step | Load: 99.354 (Prep: 15.598, Struc: 1.284, Fetch: 82.473) | Fwd: 53.154 | Bwd: 64.627 | Opt: 0.632 | GPU_Tot: 202.169
[Autotune] {"version": 1, "step": 670, "wall_seconds": 153.7851031209575, "seed_nodes": 2691163, "loss": 0.5680914402008057, "all_losses_finite": true}
[Step=0680] Wall=155.8692s | Loss=0.5278
[Profile] Avg ms/step | Load: 99.167 (Prep: 15.355, Struc: 1.284, Fetch: 82.528) | Fwd: 53.170 | Bwd: 64.648 | Opt: 0.632 | GPU_Tot: 202.263
[Autotune] {"version": 1, "step": 680, "wall_seconds": 155.86922048398992, "seed_nodes": 2732123, "loss": 0.5278050422668457, "all_losses_finite": true}
[Step=0690] Wall=158.7296s | Loss=0.5697
[Profile] Avg ms/step | Load: 100.364 (Prep: 16.520, Struc: 1.282, Fetch: 82.562) | Fwd: 53.104 | Bwd: 64.568 | Opt: 0.632 | GPU_Tot: 202.147
[Autotune] {"version": 1, "step": 690, "wall_seconds": 158.7295617730124, "seed_nodes": 2768994, "loss": 0.569661808013916, "all_losses_finite": true}
[Step=0700] Wall=160.7515s | Loss=0.5909
[Profile] Avg ms/step | Load: 100.075 (Prep: 16.271, Struc: 1.282, Fetch: 82.523) | Fwd: 53.119 | Bwd: 64.589 | Opt: 0.632 | GPU_Tot: 202.145
[Autotune] {"version": 1, "step": 700, "wall_seconds": 160.75154172297334, "seed_nodes": 2809954, "loss": 0.5908863544464111, "all_losses_finite": true}
[Step=0710] Wall=162.7742s | Loss=0.5582
[Profile] Avg ms/step | Load: 99.794 (Prep: 16.028, Struc: 1.282, Fetch: 82.484) | Fwd: 53.135 | Bwd: 64.611 | Opt: 0.632 | GPU_Tot: 202.143
[Autotune] {"version": 1, "step": 710, "wall_seconds": 162.77415848796954, "seed_nodes": 2850914, "loss": 0.5582184314727783, "all_losses_finite": true}
[Step=0720] Wall=164.9117s | Loss=0.5106
[Profile] Avg ms/step | Load: 99.687 (Prep: 15.793, Struc: 1.285, Fetch: 82.609) | Fwd: 53.151 | Bwd: 64.635 | Opt: 0.632 | GPU_Tot: 202.311
[Autotune] {"version": 1, "step": 720, "wall_seconds": 164.91168241295964, "seed_nodes": 2891874, "loss": 0.510562801361084, "all_losses_finite": true}
[Step=0730] Wall=166.9358s | Loss=0.4962
[Profile] Avg ms/step | Load: 99.420 (Prep: 15.565, Struc: 1.284, Fetch: 82.570) | Fwd: 53.166 | Bwd: 64.656 | Opt: 0.632 | GPU_Tot: 202.309
[Autotune] {"version": 1, "step": 730, "wall_seconds": 166.9357986539835, "seed_nodes": 2932834, "loss": 0.49622306823730467, "all_losses_finite": true}
[Step=0740] Wall=169.5275s | Loss=0.6932
[Profile] Avg ms/step | Load: 100.141 (Prep: 16.305, Struc: 1.283, Fetch: 82.553) | Fwd: 53.105 | Bwd: 64.583 | Opt: 0.632 | GPU_Tot: 202.156
[Autotune] {"version": 1, "step": 740, "wall_seconds": 169.5274539020029, "seed_nodes": 2969705, "loss": 0.6932323932647705, "all_losses_finite": true}
[Step=0750] Wall=171.5513s | Loss=0.6435
[Profile] Avg ms/step | Load: 99.876 (Prep: 16.076, Struc: 1.283, Fetch: 82.517) | Fwd: 53.121 | Bwd: 64.603 | Opt: 0.632 | GPU_Tot: 202.156
[Autotune] {"version": 1, "step": 750, "wall_seconds": 171.55126433901023, "seed_nodes": 3010665, "loss": 0.6435126781463623, "all_losses_finite": true}
[Step=0760] Wall=173.5946s | Loss=0.5699
[Profile] Avg ms/step | Load: 99.644 (Prep: 15.854, Struc: 1.283, Fetch: 82.507) | Fwd: 53.136 | Bwd: 64.625 | Opt: 0.632 | GPU_Tot: 202.183
[Autotune] {"version": 1, "step": 760, "wall_seconds": 173.5945855359896, "seed_nodes": 3051625, "loss": 0.569907283782959, "all_losses_finite": true}
[Step=0770] Wall=175.7066s | Loss=0.5594
[Profile] Avg ms/step | Load: 99.513 (Prep: 15.637, Struc: 1.283, Fetch: 82.593) | Fwd: 53.151 | Bwd: 64.644 | Opt: 0.632 | GPU_Tot: 202.303
[Autotune] {"version": 1, "step": 770, "wall_seconds": 175.70657883497188, "seed_nodes": 3092585, "loss": 0.5594012260437011, "all_losses_finite": true}
[Step=0780] Wall=177.7281s | Loss=0.5287
[Profile] Avg ms/step | Load: 99.266 (Prep: 15.427, Struc: 1.283, Fetch: 82.557) | Fwd: 53.164 | Bwd: 64.663 | Opt: 0.632 | GPU_Tot: 202.298
[Autotune] {"version": 1, "step": 780, "wall_seconds": 177.72814375796588, "seed_nodes": 3133545, "loss": 0.5287351608276367, "all_losses_finite": true}
[Step=0790] Wall=180.5640s | Loss=0.5766
[Profile] Avg ms/step | Load: 100.262 (Prep: 16.513, Struc: 1.282, Fetch: 82.467) | Fwd: 53.108 | Bwd: 64.598 | Opt: 0.632 | GPU_Tot: 202.087
[Autotune] {"version": 1, "step": 790, "wall_seconds": 180.5640471120132, "seed_nodes": 3170416, "loss": 0.5766338348388672, "all_losses_finite": true}
[Step=0800] Wall=182.6403s | Loss=0.5898
[Profile] Avg ms/step | Load: 100.082 (Prep: 16.297, Struc: 1.282, Fetch: 82.504) | Fwd: 53.123 | Bwd: 64.617 | Opt: 0.632 | GPU_Tot: 202.157
[Autotune] {"version": 1, "step": 800, "wall_seconds": 182.64026094198925, "seed_nodes": 3211376, "loss": 0.5897927761077881, "all_losses_finite": true}
[Step=0810] Wall=184.6961s | Loss=0.5490
[Profile] Avg ms/step | Load: 99.882 (Prep: 16.086, Struc: 1.282, Fetch: 82.514) | Fwd: 53.136 | Bwd: 64.635 | Opt: 0.632 | GPU_Tot: 202.199
[Autotune] {"version": 1, "step": 810, "wall_seconds": 184.6961065309588, "seed_nodes": 3252336, "loss": 0.5490007877349854, "all_losses_finite": true}
[Step=0820] Wall=186.7418s | Loss=0.5173
[Profile] Avg ms/step | Load: 99.666 (Prep: 15.880, Struc: 1.282, Fetch: 82.504) | Fwd: 53.151 | Bwd: 64.657 | Opt: 0.632 | GPU_Tot: 202.226
[Autotune] {"version": 1, "step": 820, "wall_seconds": 186.741799136973, "seed_nodes": 3293296, "loss": 0.5173409938812256, "all_losses_finite": true}
[Step=0830] Wall=188.7834s | Loss=0.4977
[Profile] Avg ms/step | Load: 99.451 (Prep: 15.680, Struc: 1.282, Fetch: 82.489) | Fwd: 53.165 | Bwd: 64.680 | Opt: 0.632 | GPU_Tot: 202.248
[Autotune] {"version": 1, "step": 830, "wall_seconds": 188.7833579959697, "seed_nodes": 3334256, "loss": 0.4976677894592285, "all_losses_finite": true}
[Step=0840] Wall=191.6866s | Loss=0.5553
[Profile] Avg ms/step | Load: 100.475 (Prep: 16.793, Struc: 1.280, Fetch: 82.402) | Fwd: 53.111 | Bwd: 64.612 | Opt: 0.632 | GPU_Tot: 202.037
[Autotune] {"version": 1, "step": 840, "wall_seconds": 191.68664861097932, "seed_nodes": 3371127, "loss": 0.5553371429443359, "all_losses_finite": true}
[Step=0850] Wall=193.7228s | Loss=0.5580
[Profile] Avg ms/step | Load: 100.254 (Prep: 16.586, Struc: 1.280, Fetch: 82.387) | Fwd: 53.124 | Bwd: 64.631 | Opt: 0.632 | GPU_Tot: 202.054
[Autotune] {"version": 1, "step": 850, "wall_seconds": 193.72275572898798, "seed_nodes": 3412087, "loss": 0.557961893081665, "all_losses_finite": true}
[Step=0860] Wall=195.7647s | Loss=0.5235
[Profile] Avg ms/step | Load: 100.041 (Prep: 16.384, Struc: 1.280, Fetch: 82.376) | Fwd: 53.138 | Bwd: 64.651 | Opt: 0.632 | GPU_Tot: 202.077
[Autotune] {"version": 1, "step": 860, "wall_seconds": 195.76474174199393, "seed_nodes": 3453047, "loss": 0.5235462665557862, "all_losses_finite": true}
[Step=0870] Wall=197.7957s | Loss=0.5090
[Profile] Avg ms/step | Load: 99.827 (Prep: 16.188, Struc: 1.280, Fetch: 82.359) | Fwd: 53.150 | Bwd: 64.665 | Opt: 0.632 | GPU_Tot: 202.087
[Autotune] {"version": 1, "step": 870, "wall_seconds": 197.79569210199406, "seed_nodes": 3494007, "loss": 0.5089948654174805, "all_losses_finite": true}
[Step=0880] Wall=199.9387s | Loss=0.4800
[Profile] Avg ms/step | Load: 99.744 (Prep: 15.996, Struc: 1.282, Fetch: 82.466) | Fwd: 53.164 | Bwd: 64.685 | Opt: 0.632 | GPU_Tot: 202.229
[Autotune] {"version": 1, "step": 880, "wall_seconds": 199.9386802049703, "seed_nodes": 3534967, "loss": 0.47995457649230955, "all_losses_finite": true}
[Step=0890] Wall=202.7091s | Loss=0.5311
[Profile] Avg ms/step | Load: 100.540 (Prep: 16.791, Struc: 1.281, Fetch: 82.468) | Fwd: 53.115 | Bwd: 64.627 | Opt: 0.632 | GPU_Tot: 202.123
[Autotune] {"version": 1, "step": 890, "wall_seconds": 202.70914018299663, "seed_nodes": 3571838, "loss": 0.5310811996459961, "all_losses_finite": true}
[Step=0900] Wall=204.7489s | Loss=0.5368
[Profile] Avg ms/step | Load: 100.333 (Prep: 16.597, Struc: 1.281, Fetch: 82.456) | Fwd: 53.128 | Bwd: 64.645 | Opt: 0.632 | GPU_Tot: 202.142
[Autotune] {"version": 1, "step": 900, "wall_seconds": 204.7488686320139, "seed_nodes": 3612798, "loss": 0.536782693862915, "all_losses_finite": true}
[Step=0910] Wall=206.8470s | Loss=0.5154
[Profile] Avg ms/step | Load: 100.199 (Prep: 16.406, Struc: 1.281, Fetch: 82.511) | Fwd: 53.141 | Bwd: 64.662 | Opt: 0.632 | GPU_Tot: 202.228
[Autotune] {"version": 1, "step": 910, "wall_seconds": 206.84698186896276, "seed_nodes": 3653758, "loss": 0.5154468536376953, "all_losses_finite": true}
[Step=0920] Wall=208.9784s | Loss=0.4948
[Profile] Avg ms/step | Load: 100.104 (Prep: 16.221, Struc: 1.283, Fetch: 82.601) | Fwd: 53.153 | Bwd: 64.680 | Opt: 0.632 | GPU_Tot: 202.349
[Autotune] {"version": 1, "step": 920, "wall_seconds": 208.97839743597433, "seed_nodes": 3694718, "loss": 0.4948081970214844, "all_losses_finite": true}
[Step=0930] Wall=211.0819s | Loss=0.4900
[Profile] Avg ms/step | Load: 99.981 (Prep: 16.039, Struc: 1.283, Fetch: 82.659) | Fwd: 53.165 | Bwd: 64.697 | Opt: 0.632 | GPU_Tot: 202.437
[Autotune] {"version": 1, "step": 930, "wall_seconds": 211.08186160196783, "seed_nodes": 3735678, "loss": 0.49002780914306643, "all_losses_finite": true}
[Step=0940] Wall=213.7083s | Loss=0.5892
[Profile] Avg ms/step | Load: 100.573 (Prep: 16.547, Struc: 1.282, Fetch: 82.744) | Fwd: 53.118 | Bwd: 64.641 | Opt: 0.633 | GPU_Tot: 202.418
[Autotune] {"version": 1, "step": 940, "wall_seconds": 213.7083219769993, "seed_nodes": 3772549, "loss": 0.5891660690307617, "all_losses_finite": true}
[Step=0950] Wall=215.7330s | Loss=0.5624
[Profile] Avg ms/step | Load: 100.365 (Prep: 16.365, Struc: 1.282, Fetch: 82.717) | Fwd: 53.129 | Bwd: 64.655 | Opt: 0.633 | GPU_Tot: 202.416
[Autotune] {"version": 1, "step": 950, "wall_seconds": 215.7329686289886, "seed_nodes": 3813509, "loss": 0.5623997211456299, "all_losses_finite": true}
[Step=0960] Wall=217.7799s | Loss=0.5173
[Profile] Avg ms/step | Load: 100.178 (Prep: 16.188, Struc: 1.282, Fetch: 82.707) | Fwd: 53.141 | Bwd: 64.675 | Opt: 0.632 | GPU_Tot: 202.438
[Autotune] {"version": 1, "step": 960, "wall_seconds": 217.77986418298678, "seed_nodes": 3854469, "loss": 0.5173003673553467, "all_losses_finite": true}
[Step=0970] Wall=219.8316s | Loss=0.5094
[Profile] Avg ms/step | Load: 100.002 (Prep: 16.015, Struc: 1.282, Fetch: 82.705) | Fwd: 53.154 | Bwd: 64.692 | Opt: 0.632 | GPU_Tot: 202.465
[Autotune] {"version": 1, "step": 970, "wall_seconds": 219.83162059198366, "seed_nodes": 3895429, "loss": 0.5094013690948487, "all_losses_finite": true}
[Step=0980] Wall=221.7186s | Loss=0.4607
[Profile] Avg ms/step | Load: 99.780 (Prep: 15.845, Struc: 1.283, Fetch: 82.653) | Fwd: 53.109 | Bwd: 64.639 | Opt: 0.633 | GPU_Tot: 202.316
[Autotune] {"version": 1, "step": 980, "wall_seconds": 221.71862909500487, "seed_nodes": 3932300, "loss": 0.46071295738220214, "all_losses_finite": true}
[Step=0990] Wall=224.4734s | Loss=0.5034
[Profile] Avg ms/step | Load: 100.354 (Prep: 16.327, Struc: 1.283, Fetch: 82.744) | Fwd: 53.121 | Bwd: 64.655 | Opt: 0.633 | GPU_Tot: 202.435
[Autotune] {"version": 1, "step": 990, "wall_seconds": 224.47342922899406, "seed_nodes": 3973260, "loss": 0.5033539772033692, "all_losses_finite": true}
[Step=1000] Wall=226.5078s | Loss=0.4892
[Profile] Avg ms/step | Load: 100.163 (Prep: 16.158, Struc: 1.283, Fetch: 82.723) | Fwd: 53.134 | Bwd: 64.671 | Opt: 0.633 | GPU_Tot: 202.443
[Autotune] {"version": 1, "step": 1000, "wall_seconds": 226.50776669196784, "seed_nodes": 4014220, "loss": 0.48922505378723147, "all_losses_finite": true}
[Step=1010] Wall=228.5348s | Loss=0.4884
[Profile] Avg ms/step | Load: 99.972 (Prep: 15.992, Struc: 1.283, Fetch: 82.698) | Fwd: 53.144 | Bwd: 64.686 | Opt: 0.632 | GPU_Tot: 202.443
[Autotune] {"version": 1, "step": 1010, "wall_seconds": 228.5347881189664, "seed_nodes": 4055180, "loss": 0.48838210105895996, "all_losses_finite": true}
[Step=1020] Wall=230.5646s | Loss=0.4848
[Profile] Avg ms/step | Load: 99.785 (Prep: 15.829, Struc: 1.283, Fetch: 82.674) | Fwd: 53.155 | Bwd: 64.702 | Opt: 0.632 | GPU_Tot: 202.446
[Autotune] {"version": 1, "step": 1020, "wall_seconds": 230.5645525759901, "seed_nodes": 4096140, "loss": 0.4848479747772217, "all_losses_finite": true}
[Step=1030] Wall=233.2839s | Loss=0.4688
[Profile] Avg ms/step | Load: 100.416 (Prep: 16.521, Struc: 1.282, Fetch: 82.614) | Fwd: 53.114 | Bwd: 64.653 | Opt: 0.632 | GPU_Tot: 202.295
[Autotune] {"version": 1, "step": 1030, "wall_seconds": 233.28394003299763, "seed_nodes": 4133011, "loss": 0.46884942054748535, "all_losses_finite": true}
[Step=1040] Wall=235.3456s | Loss=0.5678
[Profile] Avg ms/step | Load: 100.260 (Prep: 16.356, Struc: 1.282, Fetch: 82.622) | Fwd: 53.126 | Bwd: 64.670 | Opt: 0.632 | GPU_Tot: 202.331
[Autotune] {"version": 1, "step": 1040, "wall_seconds": 235.34556243597763, "seed_nodes": 4173971, "loss": 0.5678442478179931, "all_losses_finite": true}
[Step=1050] Wall=237.3701s | Loss=0.5163
[Profile] Avg ms/step | Load: 100.075 (Prep: 16.195, Struc: 1.282, Fetch: 82.598) | Fwd: 53.136 | Bwd: 64.682 | Opt: 0.632 | GPU_Tot: 202.330
[Autotune] {"version": 1, "step": 1050, "wall_seconds": 237.37006361200474, "seed_nodes": 4214931, "loss": 0.5163241386413574, "all_losses_finite": true}
[Step=1060] Wall=239.5125s | Loss=0.5006
[Profile] Avg ms/step | Load: 100.011 (Prep: 16.036, Struc: 1.283, Fetch: 82.692) | Fwd: 53.145 | Bwd: 64.692 | Opt: 0.632 | GPU_Tot: 202.445
[Autotune] {"version": 1, "step": 1060, "wall_seconds": 239.51252473599743, "seed_nodes": 4255891, "loss": 0.5005929946899415, "all_losses_finite": true}
[Step=1070] Wall=241.5346s | Loss=0.4839
[Profile] Avg ms/step | Load: 99.828 (Prep: 15.881, Struc: 1.283, Fetch: 82.664) | Fwd: 53.155 | Bwd: 64.706 | Opt: 0.632 | GPU_Tot: 202.440
[Autotune] {"version": 1, "step": 1070, "wall_seconds": 241.53464999300195, "seed_nodes": 4296851, "loss": 0.4839219093322754, "all_losses_finite": true}
[Step=1080] Wall=244.1246s | Loss=0.4541
[Profile] Avg ms/step | Load: 100.303 (Prep: 16.407, Struc: 1.282, Fetch: 82.614) | Fwd: 53.116 | Bwd: 64.659 | Opt: 0.632 | GPU_Tot: 202.304
[Autotune] {"version": 1, "step": 1080, "wall_seconds": 244.12459697999293, "seed_nodes": 4333722, "loss": 0.4541477680206299, "all_losses_finite": true}
[Step=1090] Wall=246.1709s | Loss=0.5019
[Profile] Avg ms/step | Load: 100.143 (Prep: 16.251, Struc: 1.282, Fetch: 82.610) | Fwd: 53.128 | Bwd: 64.672 | Opt: 0.632 | GPU_Tot: 202.324
[Autotune] {"version": 1, "step": 1090, "wall_seconds": 246.1709230800043, "seed_nodes": 4374682, "loss": 0.5019428730010986, "all_losses_finite": true}
[Step=1100] Wall=248.2052s | Loss=0.4787
[Profile] Avg ms/step | Load: 99.972 (Prep: 16.098, Struc: 1.282, Fetch: 82.591) | Fwd: 53.139 | Bwd: 64.688 | Opt: 0.632 | GPU_Tot: 202.332
[Autotune] {"version": 1, "step": 1100, "wall_seconds": 248.20521655195625, "seed_nodes": 4415642, "loss": 0.47869148254394533, "all_losses_finite": true}
[Step=1110] Wall=250.3197s | Loss=0.4753
[Profile] Avg ms/step | Load: 99.879 (Prep: 15.948, Struc: 1.283, Fetch: 82.648) | Fwd: 53.149 | Bwd: 64.703 | Opt: 0.632 | GPU_Tot: 202.415
[Autotune] {"version": 1, "step": 1110, "wall_seconds": 250.31967389100464, "seed_nodes": 4456602, "loss": 0.4753138065338135, "all_losses_finite": true}
[Step=1120] Wall=252.3509s | Loss=0.4736
[Profile] Avg ms/step | Load: 99.713 (Prep: 15.801, Struc: 1.282, Fetch: 82.629) | Fwd: 53.159 | Bwd: 64.716 | Opt: 0.632 | GPU_Tot: 202.419
[Autotune] {"version": 1, "step": 1120, "wall_seconds": 252.35087252396625, "seed_nodes": 4497562, "loss": 0.473574161529541, "all_losses_finite": true}
[Step=1130] Wall=255.0689s | Loss=0.5352
[Profile] Avg ms/step | Load: 100.285 (Prep: 16.413, Struc: 1.281, Fetch: 82.591) | Fwd: 53.122 | Bwd: 64.672 | Opt: 0.632 | GPU_Tot: 202.298
[Autotune] {"version": 1, "step": 1130, "wall_seconds": 255.0689222709625, "seed_nodes": 4534433, "loss": 0.5351896762847901, "all_losses_finite": true}
[Step=1140] Wall=257.1033s | Loss=0.6660
[Profile] Avg ms/step | Load: 100.120 (Prep: 16.264, Struc: 1.281, Fetch: 82.575) | Fwd: 53.132 | Bwd: 64.686 | Opt: 0.632 | GPU_Tot: 202.306
[Autotune] {"version": 1, "step": 1140, "wall_seconds": 257.1033456719597, "seed_nodes": 4575393, "loss": 0.6659651756286621, "all_losses_finite": true}
[Step=1150] Wall=259.1212s | Loss=0.5801
[Profile] Avg ms/step | Load: 99.947 (Prep: 16.118, Struc: 1.281, Fetch: 82.548) | Fwd: 53.141 | Bwd: 64.697 | Opt: 0.632 | GPU_Tot: 202.300
[Autotune] {"version": 1, "step": 1150, "wall_seconds": 259.1212302829954, "seed_nodes": 4616353, "loss": 0.5800666809082031, "all_losses_finite": true}
[Step=1160] Wall=261.1438s | Loss=0.5304
[Profile] Avg ms/step | Load: 99.777 (Prep: 15.974, Struc: 1.281, Fetch: 82.521) | Fwd: 53.151 | Bwd: 64.712 | Opt: 0.632 | GPU_Tot: 202.297
[Autotune] {"version": 1, "step": 1160, "wall_seconds": 261.14380625495687, "seed_nodes": 4657313, "loss": 0.5303609848022461, "all_losses_finite": true}
[Step=1170] Wall=263.1661s | Loss=0.4979
[Profile] Avg ms/step | Load: 99.611 (Prep: 15.833, Struc: 1.281, Fetch: 82.497) | Fwd: 53.161 | Bwd: 64.724 | Opt: 0.632 | GPU_Tot: 202.295
[Autotune] {"version": 1, "step": 1170, "wall_seconds": 263.1661326600006, "seed_nodes": 4698273, "loss": 0.497938346862793, "all_losses_finite": true}
[Step=1180] Wall=266.1707s | Loss=0.4381
[Profile] Avg ms/step | Load: 100.415 (Prep: 16.662, Struc: 1.281, Fetch: 82.473) | Fwd: 53.124 | Bwd: 64.678 | Opt: 0.632 | GPU_Tot: 202.187
[Autotune] {"version": 1, "step": 1180, "wall_seconds": 266.17068876099074, "seed_nodes": 4735144, "loss": 0.43813934326171877, "all_losses_finite": true}
[Step=1190] Wall=268.2098s | Loss=0.4886
[Profile] Avg ms/step | Load: 100.260 (Prep: 16.517, Struc: 1.281, Fetch: 82.462) | Fwd: 53.134 | Bwd: 64.691 | Opt: 0.632 | GPU_Tot: 202.200
[Autotune] {"version": 1, "step": 1190, "wall_seconds": 268.20977793697966, "seed_nodes": 4776104, "loss": 0.48856430053710936, "all_losses_finite": true}
[Step=1200] Wall=270.3300s | Loss=0.4747
[Profile] Avg ms/step | Load: 100.177 (Prep: 16.375, Struc: 1.282, Fetch: 82.519) | Fwd: 53.144 | Bwd: 64.705 | Opt: 0.632 | GPU_Tot: 202.282
[Autotune] {"version": 1, "step": 1200, "wall_seconds": 270.33001519099344, "seed_nodes": 4817064, "loss": 0.47465100288391116, "all_losses_finite": true}
[Step=1210] Wall=272.3798s | Loss=0.4586
[Profile] Avg ms/step | Load: 100.032 (Prep: 16.236, Struc: 1.282, Fetch: 82.515) | Fwd: 53.154 | Bwd: 64.721 | Opt: 0.632 | GPU_Tot: 202.304
[Autotune] {"version": 1, "step": 1210, "wall_seconds": 272.3797734929831, "seed_nodes": 4858024, "loss": 0.4586203098297119, "all_losses_finite": true}
[Step=1220] Wall=274.4509s | Loss=0.4566
[Profile] Avg ms/step | Load: 99.913 (Prep: 16.099, Struc: 1.282, Fetch: 82.532) | Fwd: 53.164 | Bwd: 64.732 | Opt: 0.632 | GPU_Tot: 202.342
[Autotune] {"version": 1, "step": 1220, "wall_seconds": 274.45093685301254, "seed_nodes": 4898984, "loss": 0.4566484928131104, "all_losses_finite": true}
[Step=1230] Wall=277.1339s | Loss=0.5351
[Profile] Avg ms/step | Load: 100.406 (Prep: 16.595, Struc: 1.281, Fetch: 82.529) | Fwd: 53.130 | Bwd: 64.690 | Opt: 0.633 | GPU_Tot: 202.263
[Autotune] {"version": 1, "step": 1230, "wall_seconds": 277.1338647209923, "seed_nodes": 4935855, "loss": 0.5350580215454102, "all_losses_finite": true}
[Step=1240] Wall=279.1751s | Loss=0.5763
[Profile] Avg ms/step | Load: 100.258 (Prep: 16.458, Struc: 1.281, Fetch: 82.519) | Fwd: 53.139 | Bwd: 64.704 | Opt: 0.633 | GPU_Tot: 202.276
[Autotune] {"version": 1, "step": 1240, "wall_seconds": 279.1750661509577, "seed_nodes": 4976815, "loss": 0.5763123035430908, "all_losses_finite": true}
[Step=1250] Wall=281.2652s | Loss=0.5173
[Profile] Avg ms/step | Load: 100.156 (Prep: 16.322, Struc: 1.282, Fetch: 82.552) | Fwd: 53.148 | Bwd: 64.716 | Opt: 0.633 | GPU_Tot: 202.330
[Autotune] {"version": 1, "step": 1250, "wall_seconds": 281.2652369000134, "seed_nodes": 5017775, "loss": 0.5172507762908936, "all_losses_finite": true}
[Step=1260] Wall=283.3483s | Loss=0.4930
[Profile] Avg ms/step | Load: 100.047 (Prep: 16.189, Struc: 1.282, Fetch: 82.576) | Fwd: 53.157 | Bwd: 64.729 | Opt: 0.633 | GPU_Tot: 202.377
[Autotune] {"version": 1, "step": 1260, "wall_seconds": 283.34827488998417, "seed_nodes": 5058735, "loss": 0.49295954704284667, "all_losses_finite": true}
[Step=1270] Wall=285.3922s | Loss=0.4667
[Profile] Avg ms/step | Load: 99.908 (Prep: 16.057, Struc: 1.282, Fetch: 82.569) | Fwd: 53.166 | Bwd: 64.742 | Opt: 0.633 | GPU_Tot: 202.392
[Autotune] {"version": 1, "step": 1270, "wall_seconds": 285.3921936209663, "seed_nodes": 5099695, "loss": 0.466729736328125, "all_losses_finite": true}
[Step=1280] Wall=287.9811s | Loss=0.5033
[Profile] Avg ms/step | Load: 100.303 (Prep: 16.458, Struc: 1.281, Fetch: 82.563) | Fwd: 53.133 | Bwd: 64.705 | Opt: 0.633 | GPU_Tot: 202.316
[Autotune] {"version": 1, "step": 1280, "wall_seconds": 287.9811366039794, "seed_nodes": 5136566, "loss": 0.5033296585083008, "all_losses_finite": true}
[Step=1290] Wall=289.9937s | Loss=0.4880
[Profile] Avg ms/step | Load: 100.145 (Prep: 16.326, Struc: 1.281, Fetch: 82.537) | Fwd: 53.141 | Bwd: 64.713 | Opt: 0.633 | GPU_Tot: 202.306
[Autotune] {"version": 1, "step": 1290, "wall_seconds": 289.99370984797133, "seed_nodes": 5177526, "loss": 0.48797173500061036, "all_losses_finite": true}
[Step=1300] Wall=292.1014s | Loss=0.4852
[Profile] Avg ms/step | Load: 100.058 (Prep: 16.197, Struc: 1.283, Fetch: 82.578) | Fwd: 53.151 | Bwd: 64.726 | Opt: 0.633 | GPU_Tot: 202.371
[Autotune] {"version": 1, "step": 1300, "wall_seconds": 292.101432283991, "seed_nodes": 5218486, "loss": 0.48517436981201173, "all_losses_finite": true}
[Step=1310] Wall=294.1174s | Loss=0.4677
[Profile] Avg ms/step | Load: 99.905 (Prep: 16.070, Struc: 1.283, Fetch: 82.552) | Fwd: 53.159 | Bwd: 64.736 | Opt: 0.633 | GPU_Tot: 202.363
[Autotune] {"version": 1, "step": 1310, "wall_seconds": 294.11743790697074, "seed_nodes": 5259446, "loss": 0.46767640113830566, "all_losses_finite": true}
[Step=1320] Wall=296.1354s | Loss=0.4698
[Profile] Avg ms/step | Load: 99.755 (Prep: 15.945, Struc: 1.283, Fetch: 82.527) | Fwd: 53.168 | Bwd: 64.747 | Opt: 0.633 | GPU_Tot: 202.357
[Autotune] {"version": 1, "step": 1320, "wall_seconds": 296.1353924339637, "seed_nodes": 5300406, "loss": 0.46982274055480955, "all_losses_finite": true}
[Step=1330] Wall=299.0659s | Loss=0.4263
[Profile] Avg ms/step | Load: 100.400 (Prep: 16.640, Struc: 1.282, Fetch: 82.478) | Fwd: 53.136 | Bwd: 64.711 | Opt: 0.633 | GPU_Tot: 202.240
[Autotune] {"version": 1, "step": 1330, "wall_seconds": 299.0658895379747, "seed_nodes": 5337277, "loss": 0.4263294219970703, "all_losses_finite": true}
[Step=1340] Wall=301.0916s | Loss=0.4821
[Profile] Avg ms/step | Load: 100.255 (Prep: 16.512, Struc: 1.282, Fetch: 82.461) | Fwd: 53.145 | Bwd: 64.721 | Opt: 0.633 | GPU_Tot: 202.241
[Autotune] {"version": 1, "step": 1340, "wall_seconds": 301.09155895398, "seed_nodes": 5378237, "loss": 0.4821044445037842, "all_losses_finite": true}
[Step=1350] Wall=303.1127s | Loss=0.4640
[Profile] Avg ms/step | Load: 100.110 (Prep: 16.387, Struc: 1.282, Fetch: 82.441) | Fwd: 53.152 | Bwd: 64.730 | Opt: 0.633 | GPU_Tot: 202.238
[Autotune] {"version": 1, "step": 1350, "wall_seconds": 303.11266842199257, "seed_nodes": 5419197, "loss": 0.4640207290649414, "all_losses_finite": true}
[Step=1360] Wall=305.1442s | Loss=0.4544
[Profile] Avg ms/step | Load: 99.969 (Prep: 16.263, Struc: 1.282, Fetch: 82.424) | Fwd: 53.161 | Bwd: 64.744 | Opt: 0.633 | GPU_Tot: 202.243
[Autotune] {"version": 1, "step": 1360, "wall_seconds": 305.1441642710124, "seed_nodes": 5460157, "loss": 0.4544011116027832, "all_losses_finite": true}
[Step=1370] Wall=307.1738s | Loss=0.4536
[Profile] Avg ms/step | Load: 99.832 (Prep: 16.141, Struc: 1.282, Fetch: 82.410) | Fwd: 53.169 | Bwd: 64.754 | Opt: 0.633 | GPU_Tot: 202.247
[Autotune] {"version": 1, "step": 1370, "wall_seconds": 307.17383952997625, "seed_nodes": 5501117, "loss": 0.4536219596862793, "all_losses_finite": true}
[Step=1380] Wall=309.9855s | Loss=0.5654
[Profile] Avg ms/step | Load: 100.368 (Prep: 16.711, Struc: 1.281, Fetch: 82.377) | Fwd: 53.138 | Bwd: 64.717 | Opt: 0.633 | GPU_Tot: 202.145
[Autotune] {"version": 1, "step": 1380, "wall_seconds": 309.98552357498556, "seed_nodes": 5537988, "loss": 0.5654336929321289, "all_losses_finite": true}
[Step=1390] Wall=312.0460s | Loss=0.5380
[Profile] Avg ms/step | Load: 100.255 (Prep: 16.587, Struc: 1.281, Fetch: 82.387) | Fwd: 53.145 | Bwd: 64.726 | Opt: 0.633 | GPU_Tot: 202.172
[Autotune] {"version": 1, "step": 1390, "wall_seconds": 312.04598970199004, "seed_nodes": 5578948, "loss": 0.5379700660705566, "all_losses_finite": true}
[Step=1400] Wall=314.0910s | Loss=0.4964
[Profile] Avg ms/step | Load: 100.129 (Prep: 16.466, Struc: 1.281, Fetch: 82.382) | Fwd: 53.154 | Bwd: 64.738 | Opt: 0.632 | GPU_Tot: 202.188
[Autotune] {"version": 1, "step": 1400, "wall_seconds": 314.0909944619634, "seed_nodes": 5619908, "loss": 0.49637560844421386, "all_losses_finite": true}
[Step=1410] Wall=316.1071s | Loss=0.4804
[Profile] Avg ms/step | Load: 99.985 (Prep: 16.346, Struc: 1.281, Fetch: 82.359) | Fwd: 53.161 | Bwd: 64.748 | Opt: 0.632 | GPU_Tot: 202.182
[Autotune] {"version": 1, "step": 1410, "wall_seconds": 316.1071425820119, "seed_nodes": 5660868, "loss": 0.48036017417907717, "all_losses_finite": true}
[Step=1420] Wall=318.1251s | Loss=0.4748
[Profile] Avg ms/step | Load: 99.845 (Prep: 16.228, Struc: 1.281, Fetch: 82.336) | Fwd: 53.169 | Bwd: 64.759 | Opt: 0.632 | GPU_Tot: 202.177
[Autotune] {"version": 1, "step": 1420, "wall_seconds": 318.1251239400008, "seed_nodes": 5701828, "loss": 0.47478609085083007, "all_losses_finite": true}
[Step=1430] Wall=320.9914s | Loss=0.4735
[Profile] Avg ms/step | Load: 100.402 (Prep: 16.837, Struc: 1.280, Fetch: 82.285) | Fwd: 53.138 | Bwd: 64.722 | Opt: 0.632 | GPU_Tot: 202.058
[Autotune] {"version": 1, "step": 1430, "wall_seconds": 320.99136537098093, "seed_nodes": 5738699, "loss": 0.4734618663787842, "all_losses_finite": true}
[Step=1440] Wall=323.0928s | Loss=0.4703
[Profile] Avg ms/step | Load: 100.319 (Prep: 16.717, Struc: 1.282, Fetch: 82.321) | Fwd: 53.147 | Bwd: 64.733 | Opt: 0.632 | GPU_Tot: 202.114
[Autotune] {"version": 1, "step": 1440, "wall_seconds": 323.0927602839656, "seed_nodes": 5779659, "loss": 0.4703375339508057, "all_losses_finite": true}
[Step=1450] Wall=325.1191s | Loss=0.4716
[Profile] Avg ms/step | Load: 100.183 (Prep: 16.599, Struc: 1.281, Fetch: 82.303) | Fwd: 53.155 | Bwd: 64.744 | Opt: 0.632 | GPU_Tot: 202.116
[Autotune] {"version": 1, "step": 1450, "wall_seconds": 325.1191378890071, "seed_nodes": 5820619, "loss": 0.47158660888671877, "all_losses_finite": true}
[Step=1460] Wall=327.1390s | Loss=0.4660
[Profile] Avg ms/step | Load: 100.048 (Prep: 16.482, Struc: 1.281, Fetch: 82.285) | Fwd: 53.162 | Bwd: 64.754 | Opt: 0.632 | GPU_Tot: 202.114
[Autotune] {"version": 1, "step": 1460, "wall_seconds": 327.139049016987, "seed_nodes": 5861579, "loss": 0.4660477161407471, "all_losses_finite": true}
[Step=1470] Wall=328.9671s | Loss=0.4285
[Profile] Avg ms/step | Load: 99.860 (Prep: 16.367, Struc: 1.281, Fetch: 82.212) | Fwd: 53.133 | Bwd: 64.719 | Opt: 0.632 | GPU_Tot: 201.977
[Autotune] {"version": 1, "step": 1470, "wall_seconds": 328.9671446129796, "seed_nodes": 5898450, "loss": 0.4285311222076416, "all_losses_finite": true}
[Step=1480] Wall=332.0837s | Loss=0.4831
[Profile] Avg ms/step | Load: 100.483 (Prep: 16.932, Struc: 1.282, Fetch: 82.270) | Fwd: 53.142 | Bwd: 64.733 | Opt: 0.632 | GPU_Tot: 202.059
[Autotune] {"version": 1, "step": 1480, "wall_seconds": 332.0837040260085, "seed_nodes": 5939410, "loss": 0.4831071376800537, "all_losses_finite": true}
[Step=1490] Wall=334.1223s | Loss=0.4686
[Profile] Avg ms/step | Load: 100.360 (Prep: 16.815, Struc: 1.282, Fetch: 82.263) | Fwd: 53.150 | Bwd: 64.743 | Opt: 0.632 | GPU_Tot: 202.070
[Autotune] {"version": 1, "step": 1490, "wall_seconds": 334.12234052899294, "seed_nodes": 5980370, "loss": 0.4685673236846924, "all_losses_finite": true}
[Step=1500] Wall=336.1574s | Loss=0.4498
[Profile] Avg ms/step | Load: 100.235 (Prep: 16.701, Struc: 1.282, Fetch: 82.253) | Fwd: 53.157 | Bwd: 64.754 | Opt: 0.632 | GPU_Tot: 202.078
[Autotune] {"version": 1, "step": 1500, "wall_seconds": 336.157436192967, "seed_nodes": 6021330, "loss": 0.449828052520752, "all_losses_finite": true}
[Step=1510] Wall=338.1950s | Loss=0.4459
[Profile] Avg ms/step | Load: 100.114 (Prep: 16.587, Struc: 1.282, Fetch: 82.245) | Fwd: 53.165 | Bwd: 64.765 | Opt: 0.632 | GPU_Tot: 202.088
[Autotune] {"version": 1, "step": 1510, "wall_seconds": 338.1950423689559, "seed_nodes": 6062290, "loss": 0.44592990875244143, "all_losses_finite": true}
[Step=1520] Wall=340.7653s | Loss=0.4325
[Profile] Avg ms/step | Load: 100.434 (Prep: 16.957, Struc: 1.281, Fetch: 82.196) | Fwd: 53.137 | Bwd: 64.731 | Opt: 0.632 | GPU_Tot: 201.976
[Autotune] {"version": 1, "step": 1520, "wall_seconds": 340.7652699839673, "seed_nodes": 6099161, "loss": 0.43245539665222166, "all_losses_finite": true}
[Step=1530] Wall=342.8655s | Loss=0.4667
[Profile] Avg ms/step | Load: 100.350 (Prep: 16.844, Struc: 1.281, Fetch: 82.225) | Fwd: 53.145 | Bwd: 64.745 | Opt: 0.632 | GPU_Tot: 202.028
[Autotune] {"version": 1, "step": 1530, "wall_seconds": 342.8655443399912, "seed_nodes": 6140121, "loss": 0.46672978401184084, "all_losses_finite": true}
[Step=1540] Wall=344.8996s | Loss=0.4610
[Profile] Avg ms/step | Load: 100.230 (Prep: 16.732, Struc: 1.281, Fetch: 82.217) | Fwd: 53.153 | Bwd: 64.754 | Opt: 0.632 | GPU_Tot: 202.036
[Autotune] {"version": 1, "step": 1540, "wall_seconds": 344.89955854200525, "seed_nodes": 6181081, "loss": 0.4609565258026123, "all_losses_finite": true}
[Step=1550] Wall=346.9282s | Loss=0.4545
[Profile] Avg ms/step | Load: 100.107 (Prep: 16.621, Struc: 1.281, Fetch: 82.204) | Fwd: 53.160 | Bwd: 64.764 | Opt: 0.631 | GPU_Tot: 202.040
[Autotune] {"version": 1, "step": 1550, "wall_seconds": 346.9281623289571, "seed_nodes": 6222041, "loss": 0.4545413970947266, "all_losses_finite": true}
[Step=1560] Wall=348.9519s | Loss=0.4324
[Profile] Avg ms/step | Load: 99.984 (Prep: 16.512, Struc: 1.281, Fetch: 82.191) | Fwd: 53.166 | Bwd: 64.772 | Opt: 0.631 | GPU_Tot: 202.041
[Autotune] {"version": 1, "step": 1560, "wall_seconds": 348.95194476796314, "seed_nodes": 6263001, "loss": 0.43241133689880373, "all_losses_finite": true}
[Step=1570] Wall=351.5139s | Loss=0.5024
[Profile] Avg ms/step | Load: 100.287 (Prep: 16.817, Struc: 1.280, Fetch: 82.190) | Fwd: 53.139 | Bwd: 64.740 | Opt: 0.632 | GPU_Tot: 201.981
[Autotune] {"version": 1, "step": 1570, "wall_seconds": 351.5138631699956, "seed_nodes": 6299872, "loss": 0.5024181842803955, "all_losses_finite": true}
[Step=1580] Wall=353.5888s | Loss=0.4676
[Profile] Avg ms/step | Load: 100.192 (Prep: 16.708, Struc: 1.280, Fetch: 82.204) | Fwd: 53.148 | Bwd: 64.752 | Opt: 0.631 | GPU_Tot: 202.016
[Autotune] {"version": 1, "step": 1580, "wall_seconds": 353.58879667700967, "seed_nodes": 6340832, "loss": 0.46761455535888674, "all_losses_finite": true}
[Step=1590] Wall=355.6259s | Loss=0.4419
[Profile] Avg ms/step | Load: 100.076 (Prep: 16.600, Struc: 1.280, Fetch: 82.196) | Fwd: 53.155 | Bwd: 64.763 | Opt: 0.631 | GPU_Tot: 202.025
[Autotune] {"version": 1, "step": 1590, "wall_seconds": 355.6258609149954, "seed_nodes": 6381792, "loss": 0.44185853004455566, "all_losses_finite": true}
[Step=1600] Wall=357.7061s | Loss=0.4480
[Profile] Avg ms/step | Load: 99.988 (Prep: 16.494, Struc: 1.281, Fetch: 82.213) | Fwd: 53.162 | Bwd: 64.774 | Opt: 0.631 | GPU_Tot: 202.062
[Autotune] {"version": 1, "step": 1600, "wall_seconds": 357.70606974500697, "seed_nodes": 6422752, "loss": 0.44802026748657225, "all_losses_finite": true}
[Step=1610] Wall=359.7284s | Loss=0.4482
[Profile] Avg ms/step | Load: 99.868 (Prep: 16.390, Struc: 1.281, Fetch: 82.198) | Fwd: 53.169 | Bwd: 64.783 | Opt: 0.631 | GPU_Tot: 202.062
[Autotune] {"version": 1, "step": 1610, "wall_seconds": 359.7284109289758, "seed_nodes": 6463712, "loss": 0.44818649291992185, "all_losses_finite": true}
[Step=1620] Wall=362.3248s | Loss=0.5406
[Profile] Avg ms/step | Load: 100.186 (Prep: 16.721, Struc: 1.280, Fetch: 82.185) | Fwd: 53.142 | Bwd: 64.751 | Opt: 0.631 | GPU_Tot: 201.989
[Autotune] {"version": 1, "step": 1620, "wall_seconds": 362.32476377196144, "seed_nodes": 6500583, "loss": 0.5405769348144531, "all_losses_finite": true}
[Step=1630] Wall=364.3711s | Loss=0.5650
[Profile] Avg ms/step | Load: 100.080 (Prep: 16.617, Struc: 1.280, Fetch: 82.183) | Fwd: 53.149 | Bwd: 64.761 | Opt: 0.631 | GPU_Tot: 202.005
[Autotune] {"version": 1, "step": 1630, "wall_seconds": 364.37107626895886, "seed_nodes": 6541543, "loss": 0.5649543285369873, "all_losses_finite": true}
[Step=1640] Wall=366.4048s | Loss=0.5060
[Profile] Avg ms/step | Load: 99.966 (Prep: 16.513, Struc: 1.280, Fetch: 82.173) | Fwd: 53.156 | Bwd: 64.771 | Opt: 0.631 | GPU_Tot: 202.012
[Autotune] {"version": 1, "step": 1640, "wall_seconds": 366.4048173369956, "seed_nodes": 6582503, "loss": 0.506049108505249, "all_losses_finite": true}
------------------------------------------------------------
Training Completed. Total Steps: 1640 (Active: 1600)
Avg Breakdown (ms): Load=99.966 [Prep:16.513, Struc:1.280, Fetch:82.173], Fwd=53.156, Bwd=64.771, Opt=0.631
------------------------------------------------------------
