$REPO_ROOT/.venv/lib/python3.11/site-packages/outdated/__init__.py:36: UserWarning: pkg_resources is deprecated as an API. See https://setuptools.pypa.io/en/latest/pkg_resources.html. The pkg_resources package is slated for removal as early as 2025-11-30. Refrain from using this package or pin to Setuptools<81.
  from pkg_resources import parse_version
[ddp] Single-process mode: device=cuda
[Info] Running in Single-Process mode (CPU or Single GPU).
[Info] Device: cuda
[GraphCache] Caching disabled (0 nodes).
[Compile] {"enabled": true, "dynamic": true}
[GPU policy] {"version": 1, "optimizer": "torch.optim.AdamW", "epsilon_convention": "sqrt_bias_corrected_second_moment_plus_eps", "optimizer_defaults": {"lr": 0.003, "betas": [0.9, 0.999], "eps": 1e-06, "weight_decay": 0.0005, "amsgrad": false, "foreach": null, "maximize": false, "capturable": false, "differentiable": false, "fused": null}, "optimizer_groups": [{"parameters": ["_orig_mod.gnn.convs.0.lin_l.weight", "_orig_mod.gnn.convs.0.lin_r.weight", "_orig_mod.gnn.convs.1.lin_l.weight", "_orig_mod.gnn.convs.1.lin_r.weight", "_orig_mod.gnn.convs.2.lin_l.weight", "_orig_mod.gnn.convs.2.lin_r.weight", "_orig_mod.classifier.weight"], "weight_decay": 0.0005}, {"parameters": ["_orig_mod.gnn.convs.0.lin_l.bias", "_orig_mod.gnn.convs.1.lin_l.bias", "_orig_mod.gnn.convs.2.lin_l.bias", "_orig_mod.classifier.bias"], "weight_decay": 0.0}], "parameter_count": 4500520, "amp": {"implementation": "torch.amp.GradScaler", "enabled": true, "init_scale": 32768.0, "growth_interval": 2000, "growth_factor": 2.0, "backoff_factor": 0.5, "sdk_scale_clamps": false}}
[Step=0010] Wall=8.6726s | Loss=5.2138
[Profile] Avg ms/step | Load: 32.779 (Prep: 14.606, Struc: 0.397, Fetch: 17.775) | Fwd: 733.944 | Bwd: 92.495 | Opt: 5.522 | GPU_Tot: 850.134
[Autotune] {"version": 2, "step": 10, "wall_seconds": 8.672574958764017, "seed_nodes": 40960, "loss": 5.21380844116211, "all_losses_finite": true, "optimizer_steps": 9, "skipped_optimizer_steps": 1, "loss_scale": 16384.0}
[Step=0020] Wall=9.0518s | Loss=3.2035
[Profile] Avg ms/step | Load: 25.721 (Prep: 7.835, Struc: 0.350, Fetch: 17.536) | Fwd: 371.310 | Bwd: 51.111 | Opt: 3.102 | GPU_Tot: 443.408
[Autotune] {"version": 2, "step": 20, "wall_seconds": 9.051835427060723, "seed_nodes": 81920, "loss": 3.2035335540771483, "all_losses_finite": true, "optimizer_steps": 19, "skipped_optimizer_steps": 1, "loss_scale": 16384.0}
[Step=0030] Wall=9.4397s | Loss=2.6166
[Profile] Avg ms/step | Load: 23.954 (Prep: 6.938, Struc: 0.330, Fetch: 16.687) | Fwd: 250.294 | Bwd: 37.162 | Opt: 2.291 | GPU_Tot: 306.764
[Autotune] {"version": 2, "step": 30, "wall_seconds": 9.439694618806243, "seed_nodes": 119613, "loss": 2.616606521606445, "all_losses_finite": true, "optimizer_steps": 29, "skipped_optimizer_steps": 1, "loss_scale": 16384.0}
[Step=0040] Wall=9.8130s | Loss=2.2451
[Profile] Avg ms/step | Load: 0.000 (Prep: 0.000, Struc: 0.000, Fetch: 0.000) | Fwd: 0.000 | Bwd: 0.000 | Opt: 0.000 | GPU_Tot: 0.000
[Autotune] {"version": 2, "step": 40, "wall_seconds": 9.81301989685744, "seed_nodes": 160573, "loss": 2.2451215744018556, "all_losses_finite": true, "optimizer_steps": 39, "skipped_optimizer_steps": 1, "loss_scale": 16384.0}
[Step=0050] Wall=10.2106s | Loss=1.9784
[Profile] Avg ms/step | Load: 21.433 (Prep: 6.144, Struc: 0.288, Fetch: 15.001) | Fwd: 8.236 | Bwd: 9.216 | Opt: 0.700 | GPU_Tot: 33.440
[Autotune] {"version": 2, "step": 50, "wall_seconds": 10.21055361814797, "seed_nodes": 198266, "loss": 1.9783926010131836, "all_losses_finite": true, "optimizer_steps": 49, "skipped_optimizer_steps": 1, "loss_scale": 16384.0}
[Step=0060] Wall=10.5818s | Loss=1.8063
[Profile] Avg ms/step | Load: 19.626 (Prep: 3.269, Struc: 0.295, Fetch: 16.062) | Fwd: 8.467 | Bwd: 9.486 | Opt: 0.690 | GPU_Tot: 35.001
[Autotune] {"version": 2, "step": 60, "wall_seconds": 10.581798484083265, "seed_nodes": 239226, "loss": 1.80626220703125, "all_losses_finite": true, "optimizer_steps": 59, "skipped_optimizer_steps": 1, "loss_scale": 16384.0}
[Step=0070] Wall=10.9698s | Loss=1.6788
[Profile] Avg ms/step | Load: 19.923 (Prep: 4.172, Struc: 0.297, Fetch: 15.454) | Fwd: 8.388 | Bwd: 9.397 | Opt: 0.682 | GPU_Tot: 34.218
[Autotune] {"version": 2, "step": 70, "wall_seconds": 10.969800427090377, "seed_nodes": 276919, "loss": 1.6788225173950195, "all_losses_finite": true, "optimizer_steps": 69, "skipped_optimizer_steps": 1, "loss_scale": 16384.0}
[Step=0080] Wall=11.3409s | Loss=1.5774
[Profile] Avg ms/step | Load: 19.399 (Prep: 3.228, Struc: 0.298, Fetch: 15.873) | Fwd: 8.462 | Bwd: 9.482 | Opt: 0.682 | GPU_Tot: 34.798
[Autotune] {"version": 2, "step": 80, "wall_seconds": 11.340864372905344, "seed_nodes": 317879, "loss": 1.5773686408996581, "all_losses_finite": true, "optimizer_steps": 79, "skipped_optimizer_steps": 1, "loss_scale": 16384.0}
[Step=0090] Wall=11.7083s | Loss=1.5092
[Profile] Avg ms/step | Load: 19.008 (Prep: 2.769, Struc: 0.299, Fetch: 15.939) | Fwd: 8.511 | Bwd: 9.537 | Opt: 0.680 | GPU_Tot: 34.966
[Autotune] {"version": 2, "step": 90, "wall_seconds": 11.708322117105126, "seed_nodes": 358839, "loss": 1.5092493057250977, "all_losses_finite": true, "optimizer_steps": 89, "skipped_optimizer_steps": 1, "loss_scale": 16384.0}
[Step=0100] Wall=12.1126s | Loss=1.4354
[Profile] Avg ms/step | Load: 19.520 (Prep: 3.227, Struc: 0.300, Fetch: 15.993) | Fwd: 8.464 | Bwd: 9.486 | Opt: 0.686 | GPU_Tot: 34.928
[Autotune] {"version": 2, "step": 100, "wall_seconds": 12.112561190035194, "seed_nodes": 396532, "loss": 1.4354432106018067, "all_losses_finite": true, "optimizer_steps": 99, "skipped_optimizer_steps": 1, "loss_scale": 16384.0}
[Step=0110] Wall=12.4855s | Loss=1.3595
[Profile] Avg ms/step | Load: 19.296 (Prep: 2.822, Struc: 0.300, Fetch: 16.174) | Fwd: 8.501 | Bwd: 9.526 | Opt: 0.686 | GPU_Tot: 35.186
[Autotune] {"version": 2, "step": 110, "wall_seconds": 12.485518688801676, "seed_nodes": 437492, "loss": 1.3594802856445312, "all_losses_finite": true, "optimizer_steps": 109, "skipped_optimizer_steps": 1, "loss_scale": 16384.0}
[Step=0120] Wall=12.8755s | Loss=1.3373
[Profile] Avg ms/step | Load: 19.468 (Prep: 3.251, Struc: 0.301, Fetch: 15.916) | Fwd: 8.470 | Bwd: 9.491 | Opt: 0.682 | GPU_Tot: 34.860
[Autotune] {"version": 2, "step": 120, "wall_seconds": 12.87552644405514, "seed_nodes": 475185, "loss": 1.3372917175292969, "all_losses_finite": true, "optimizer_steps": 119, "skipped_optimizer_steps": 1, "loss_scale": 16384.0}
[Step=0130] Wall=13.2486s | Loss=1.3234
[Profile] Avg ms/step | Load: 19.306 (Prep: 2.934, Struc: 0.301, Fetch: 16.071) | Fwd: 8.495 | Bwd: 9.519 | Opt: 0.683 | GPU_Tot: 35.069
[Autotune] {"version": 2, "step": 130, "wall_seconds": 13.24863244080916, "seed_nodes": 516145, "loss": 1.3234268188476563, "all_losses_finite": true, "optimizer_steps": 129, "skipped_optimizer_steps": 1, "loss_scale": 16384.0}
[Step=0140] Wall=13.6409s | Loss=1.2812
[Profile] Avg ms/step | Load: 19.462 (Prep: 3.260, Struc: 0.300, Fetch: 15.902) | Fwd: 8.471 | Bwd: 9.493 | Opt: 0.682 | GPU_Tot: 34.848
[Autotune] {"version": 2, "step": 140, "wall_seconds": 13.640908373054117, "seed_nodes": 553838, "loss": 1.2811875343322754, "all_losses_finite": true, "optimizer_steps": 139, "skipped_optimizer_steps": 1, "loss_scale": 16384.0}
[Step=0150] Wall=14.0126s | Loss=1.2658
[Profile] Avg ms/step | Load: 19.316 (Prep: 3.000, Struc: 0.300, Fetch: 16.015) | Fwd: 8.492 | Bwd: 9.517 | Opt: 0.682 | GPU_Tot: 35.007
[Autotune] {"version": 2, "step": 150, "wall_seconds": 14.012584890704602, "seed_nodes": 594798, "loss": 1.2658008575439452, "all_losses_finite": true, "optimizer_steps": 149, "skipped_optimizer_steps": 1, "loss_scale": 16384.0}
[Step=0160] Wall=14.3717s | Loss=1.2375
[Profile] Avg ms/step | Load: 19.094 (Prep: 2.843, Struc: 0.301, Fetch: 15.951) | Fwd: 8.508 | Bwd: 9.535 | Opt: 0.681 | GPU_Tot: 34.976
[Autotune] {"version": 2, "step": 160, "wall_seconds": 14.371717943809927, "seed_nodes": 635758, "loss": 1.2375165939331054, "all_losses_finite": true, "optimizer_steps": 159, "skipped_optimizer_steps": 1, "loss_scale": 16384.0}
[Step=0170] Wall=14.7738s | Loss=1.2209
[Profile] Avg ms/step | Load: 19.307 (Prep: 3.046, Struc: 0.301, Fetch: 15.960) | Fwd: 8.488 | Bwd: 9.513 | Opt: 0.681 | GPU_Tot: 34.943
[Autotune] {"version": 2, "step": 170, "wall_seconds": 14.773769468069077, "seed_nodes": 673451, "loss": 1.220878505706787, "all_losses_finite": true, "optimizer_steps": 169, "skipped_optimizer_steps": 1, "loss_scale": 16384.0}
[Step=0180] Wall=15.1545s | Loss=1.2234
[Profile] Avg ms/step | Load: 19.271 (Prep: 2.921, Struc: 0.301, Fetch: 16.049) | Fwd: 8.502 | Bwd: 9.529 | Opt: 0.681 | GPU_Tot: 35.061
[Autotune] {"version": 2, "step": 180, "wall_seconds": 15.154517150949687, "seed_nodes": 714411, "loss": 1.2234164237976075, "all_losses_finite": true, "optimizer_steps": 179, "skipped_optimizer_steps": 1, "loss_scale": 16384.0}
[Step=0190] Wall=15.5417s | Loss=1.1878
[Profile] Avg ms/step | Load: 19.341 (Prep: 3.089, Struc: 0.301, Fetch: 15.951) | Fwd: 8.486 | Bwd: 9.510 | Opt: 0.682 | GPU_Tot: 34.931
[Autotune] {"version": 2, "step": 190, "wall_seconds": 15.541737050749362, "seed_nodes": 752104, "loss": 1.187802219390869, "all_losses_finite": true, "optimizer_steps": 189, "skipped_optimizer_steps": 1, "loss_scale": 16384.0}
[Step=0200] Wall=15.9118s | Loss=1.1849
[Profile] Avg ms/step | Load: 19.241 (Prep: 2.921, Struc: 0.301, Fetch: 16.019) | Fwd: 8.499 | Bwd: 9.524 | Opt: 0.682 | GPU_Tot: 35.025
[Autotune] {"version": 2, "step": 200, "wall_seconds": 15.911767811048776, "seed_nodes": 793064, "loss": 1.1849115371704102, "all_losses_finite": true, "optimizer_steps": 199, "skipped_optimizer_steps": 1, "loss_scale": 16384.0}
[Step=0210] Wall=16.2982s | Loss=1.2007
[Profile] Avg ms/step | Load: 19.306 (Prep: 3.114, Struc: 0.301, Fetch: 15.891) | Fwd: 8.484 | Bwd: 9.507 | Opt: 0.681 | GPU_Tot: 34.864
[Autotune] {"version": 2, "step": 210, "wall_seconds": 16.298225728794932, "seed_nodes": 830757, "loss": 1.2006689071655274, "all_losses_finite": true, "optimizer_steps": 209, "skipped_optimizer_steps": 1, "loss_scale": 16384.0}
[Step=0220] Wall=16.6684s | Loss=1.1786
[Profile] Avg ms/step | Load: 19.219 (Prep: 2.963, Struc: 0.301, Fetch: 15.954) | Fwd: 8.496 | Bwd: 9.520 | Opt: 0.681 | GPU_Tot: 34.951
[Autotune] {"version": 2, "step": 220, "wall_seconds": 16.66840819688514, "seed_nodes": 871717, "loss": 1.1786005973815918, "all_losses_finite": true, "optimizer_steps": 219, "skipped_optimizer_steps": 1, "loss_scale": 16384.0}
[Step=0230] Wall=17.0088s | Loss=1.1541
[Profile] Avg ms/step | Load: 19.036 (Prep: 2.856, Struc: 0.300, Fetch: 15.880) | Fwd: 8.482 | Bwd: 9.505 | Opt: 0.680 | GPU_Tot: 34.847
[Autotune] {"version": 2, "step": 230, "wall_seconds": 17.008809635881335, "seed_nodes": 909410, "loss": 1.1541301727294921, "all_losses_finite": true, "optimizer_steps": 229, "skipped_optimizer_steps": 1, "loss_scale": 16384.0}
[Step=0240] Wall=17.4332s | Loss=1.1517
[Profile] Avg ms/step | Load: 19.240 (Prep: 2.988, Struc: 0.301, Fetch: 15.950) | Fwd: 8.493 | Bwd: 9.517 | Opt: 0.680 | GPU_Tot: 34.942
[Autotune] {"version": 2, "step": 240, "wall_seconds": 17.433175401762128, "seed_nodes": 950370, "loss": 1.1516781806945802, "all_losses_finite": true, "optimizer_steps": 239, "skipped_optimizer_steps": 1, "loss_scale": 16384.0}
[Step=0250] Wall=17.8064s | Loss=1.1504
[Profile] Avg ms/step | Load: 19.183 (Prep: 2.901, Struc: 0.301, Fetch: 15.980) | Fwd: 8.502 | Bwd: 9.528 | Opt: 0.680 | GPU_Tot: 34.992
[Autotune] {"version": 2, "step": 250, "wall_seconds": 17.806358685716987, "seed_nodes": 991330, "loss": 1.150399875640869, "all_losses_finite": true, "optimizer_steps": 249, "skipped_optimizer_steps": 1, "loss_scale": 16384.0}
[Step=0260] Wall=18.1900s | Loss=1.1273
[Profile] Avg ms/step | Load: 19.223 (Prep: 3.012, Struc: 0.301, Fetch: 15.909) | Fwd: 8.491 | Bwd: 9.514 | Opt: 0.680 | GPU_Tot: 34.895
[Autotune] {"version": 2, "step": 260, "wall_seconds": 18.18995634978637, "seed_nodes": 1029023, "loss": 1.127266788482666, "all_losses_finite": true, "optimizer_steps": 259, "skipped_optimizer_steps": 1, "loss_scale": 16384.0}
[Step=0270] Wall=18.5623s | Loss=1.1184
[Profile] Avg ms/step | Load: 19.166 (Prep: 2.898, Struc: 0.301, Fetch: 15.967) | Fwd: 8.500 | Bwd: 9.524 | Opt: 0.680 | GPU_Tot: 34.972
[Autotune] {"version": 2, "step": 270, "wall_seconds": 18.56234017573297, "seed_nodes": 1069983, "loss": 1.1184462547302245, "all_losses_finite": true, "optimizer_steps": 269, "skipped_optimizer_steps": 1, "loss_scale": 16384.0}
[Step=0280] Wall=18.9495s | Loss=1.1338
[Profile] Avg ms/step | Load: 19.219 (Prep: 3.030, Struc: 0.301, Fetch: 15.888) | Fwd: 8.489 | Bwd: 9.511 | Opt: 0.679 | GPU_Tot: 34.868
[Autotune] {"version": 2, "step": 280, "wall_seconds": 18.94946173671633, "seed_nodes": 1107676, "loss": 1.1337621688842774, "all_losses_finite": true, "optimizer_steps": 279, "skipped_optimizer_steps": 1, "loss_scale": 16384.0}
[Step=0290] Wall=19.3231s | Loss=1.1200
[Profile] Avg ms/step | Load: 19.173 (Prep: 2.925, Struc: 0.301, Fetch: 15.947) | Fwd: 8.497 | Bwd: 9.520 | Opt: 0.680 | GPU_Tot: 34.945
[Autotune] {"version": 2, "step": 290, "wall_seconds": 19.323060104157776, "seed_nodes": 1148636, "loss": 1.1199766159057618, "all_losses_finite": true, "optimizer_steps": 289, "skipped_optimizer_steps": 1, "loss_scale": 16384.0}
[Step=0300] Wall=19.7163s | Loss=1.1112
[Profile] Avg ms/step | Load: 19.242 (Prep: 3.062, Struc: 0.301, Fetch: 15.878) | Fwd: 8.488 | Bwd: 9.510 | Opt: 0.679 | GPU_Tot: 34.857
[Autotune] {"version": 2, "step": 300, "wall_seconds": 19.71629571216181, "seed_nodes": 1186329, "loss": 1.1112355232238769, "all_losses_finite": true, "optimizer_steps": 299, "skipped_optimizer_steps": 1, "loss_scale": 16384.0}
[Step=0310] Wall=20.0901s | Loss=1.1100
[Profile] Avg ms/step | Load: 19.198 (Prep: 2.964, Struc: 0.301, Fetch: 15.933) | Fwd: 8.496 | Bwd: 9.519 | Opt: 0.679 | GPU_Tot: 34.929
[Autotune] {"version": 2, "step": 310, "wall_seconds": 20.090140610933304, "seed_nodes": 1227289, "loss": 1.110048198699951, "all_losses_finite": true, "optimizer_steps": 309, "skipped_optimizer_steps": 1, "loss_scale": 16384.0}
[Step=0320] Wall=20.4583s | Loss=1.0982
[Profile] Avg ms/step | Load: 19.139 (Prep: 2.902, Struc: 0.301, Fetch: 15.936) | Fwd: 8.503 | Bwd: 9.527 | Opt: 0.680 | GPU_Tot: 34.947
[Autotune] {"version": 2, "step": 320, "wall_seconds": 20.458328809123486, "seed_nodes": 1268249, "loss": 1.0981742858886718, "all_losses_finite": true, "optimizer_steps": 319, "skipped_optimizer_steps": 1, "loss_scale": 16384.0}
[Step=0330] Wall=20.8656s | Loss=1.0930
[Profile] Avg ms/step | Load: 19.252 (Prep: 3.007, Struc: 0.301, Fetch: 15.943) | Fwd: 8.494 | Bwd: 9.517 | Opt: 0.679 | GPU_Tot: 34.935
[Autotune] {"version": 2, "step": 330, "wall_seconds": 20.865637923125178, "seed_nodes": 1305942, "loss": 1.0930422782897948, "all_losses_finite": true, "optimizer_steps": 329, "skipped_optimizer_steps": 1, "loss_scale": 16384.0}
[Step=0340] Wall=21.2418s | Loss=1.0962
[Profile] Avg ms/step | Load: 19.220 (Prep: 2.930, Struc: 0.301, Fetch: 15.989) | Fwd: 8.501 | Bwd: 9.524 | Opt: 0.680 | GPU_Tot: 34.996
[Autotune] {"version": 2, "step": 340, "wall_seconds": 21.241789681836963, "seed_nodes": 1346902, "loss": 1.0961888313293457, "all_losses_finite": true, "optimizer_steps": 339, "skipped_optimizer_steps": 1, "loss_scale": 16384.0}
[Step=0350] Wall=21.6357s | Loss=1.0973
[Profile] Avg ms/step | Load: 19.280 (Prep: 3.042, Struc: 0.301, Fetch: 15.937) | Fwd: 8.493 | Bwd: 9.515 | Opt: 0.679 | GPU_Tot: 34.926
[Autotune] {"version": 2, "step": 350, "wall_seconds": 21.63573741680011, "seed_nodes": 1384595, "loss": 1.097309684753418, "all_losses_finite": true, "optimizer_steps": 349, "skipped_optimizer_steps": 1, "loss_scale": 16384.0}
[Step=0360] Wall=22.0073s | Loss=1.0914
[Profile] Avg ms/step | Load: 19.236 (Prep: 2.959, Struc: 0.301, Fetch: 15.976) | Fwd: 8.499 | Bwd: 9.522 | Opt: 0.679 | GPU_Tot: 34.977
[Autotune] {"version": 2, "step": 360, "wall_seconds": 22.007263973820955, "seed_nodes": 1425555, "loss": 1.0914363861083984, "all_losses_finite": true, "optimizer_steps": 359, "skipped_optimizer_steps": 1, "loss_scale": 16384.0}
[Step=0370] Wall=22.3891s | Loss=1.0668
[Profile] Avg ms/step | Load: 19.255 (Prep: 3.036, Struc: 0.301, Fetch: 15.918) | Fwd: 8.492 | Bwd: 9.514 | Opt: 0.678 | GPU_Tot: 34.903
[Autotune] {"version": 2, "step": 370, "wall_seconds": 22.38910424290225, "seed_nodes": 1463248, "loss": 1.0667711257934571, "all_losses_finite": true, "optimizer_steps": 369, "skipped_optimizer_steps": 1, "loss_scale": 16384.0}
[Step=0380] Wall=22.7643s | Loss=1.0730
[Profile] Avg ms/step | Load: 19.224 (Prep: 2.959, Struc: 0.301, Fetch: 15.964) | Fwd: 8.498 | Bwd: 9.521 | Opt: 0.679 | GPU_Tot: 34.962
[Autotune] {"version": 2, "step": 380, "wall_seconds": 22.764268486760557, "seed_nodes": 1504208, "loss": 1.0729512214660644, "all_losses_finite": true, "optimizer_steps": 379, "skipped_optimizer_steps": 1, "loss_scale": 16384.0}
[Step=0390] Wall=23.1224s | Loss=1.0651
[Profile] Avg ms/step | Load: 19.147 (Prep: 2.902, Struc: 0.301, Fetch: 15.944) | Fwd: 8.504 | Bwd: 9.527 | Opt: 0.678 | GPU_Tot: 34.954
[Autotune] {"version": 2, "step": 390, "wall_seconds": 23.122399457730353, "seed_nodes": 1545168, "loss": 1.0651472091674805, "all_losses_finite": true, "optimizer_steps": 389, "skipped_optimizer_steps": 1, "loss_scale": 16384.0}
[Step=0400] Wall=23.5211s | Loss=1.0701
[Profile] Avg ms/step | Load: 19.213 (Prep: 2.973, Struc: 0.301, Fetch: 15.939) | Fwd: 8.497 | Bwd: 9.519 | Opt: 0.678 | GPU_Tot: 34.934
[Autotune] {"version": 2, "step": 400, "wall_seconds": 23.521088828798383, "seed_nodes": 1582861, "loss": 1.0701434135437011, "all_losses_finite": true, "optimizer_steps": 399, "skipped_optimizer_steps": 1, "loss_scale": 16384.0}
[Step=0410] Wall=23.9037s | Loss=1.0613
[Profile] Avg ms/step | Load: 19.206 (Prep: 2.932, Struc: 0.301, Fetch: 15.973) | Fwd: 8.503 | Bwd: 9.525 | Opt: 0.678 | GPU_Tot: 34.981
[Autotune] {"version": 2, "step": 410, "wall_seconds": 23.903699605725706, "seed_nodes": 1623821, "loss": 1.0613404273986817, "all_losses_finite": true, "optimizer_steps": 409, "skipped_optimizer_steps": 1, "loss_scale": 16384.0}
[Step=0420] Wall=24.2837s | Loss=1.0695
[Profile] Avg ms/step | Load: 19.218 (Prep: 2.996, Struc: 0.301, Fetch: 15.921) | Fwd: 8.496 | Bwd: 9.518 | Opt: 0.678 | GPU_Tot: 34.914
[Autotune] {"version": 2, "step": 420, "wall_seconds": 24.28366974182427, "seed_nodes": 1661514, "loss": 1.06947021484375, "all_losses_finite": true, "optimizer_steps": 419, "skipped_optimizer_steps": 1, "loss_scale": 16384.0}
[Step=0430] Wall=24.6559s | Loss=1.0508
[Profile] Avg ms/step | Load: 19.185 (Prep: 2.930, Struc: 0.301, Fetch: 15.954) | Fwd: 8.501 | Bwd: 9.524 | Opt: 0.678 | GPU_Tot: 34.958
[Autotune] {"version": 2, "step": 430, "wall_seconds": 24.655926670879126, "seed_nodes": 1702474, "loss": 1.0507697105407714, "all_losses_finite": true, "optimizer_steps": 429, "skipped_optimizer_steps": 1, "loss_scale": 16384.0}
[Step=0440] Wall=25.0434s | Loss=1.0681
[Profile] Avg ms/step | Load: 19.215 (Prep: 3.011, Struc: 0.301, Fetch: 15.903) | Fwd: 8.496 | Bwd: 9.517 | Opt: 0.678 | GPU_Tot: 34.895
[Autotune] {"version": 2, "step": 440, "wall_seconds": 25.043419763911515, "seed_nodes": 1740167, "loss": 1.0680569648742675, "all_losses_finite": true, "optimizer_steps": 439, "skipped_optimizer_steps": 1, "loss_scale": 16384.0}
[Step=0450] Wall=25.4158s | Loss=1.0626
[Profile] Avg ms/step | Load: 19.183 (Prep: 2.947, Struc: 0.301, Fetch: 15.935) | Fwd: 8.501 | Bwd: 9.523 | Opt: 0.678 | GPU_Tot: 34.938
[Autotune] {"version": 2, "step": 450, "wall_seconds": 25.41578979883343, "seed_nodes": 1781127, "loss": 1.0625901222229004, "all_losses_finite": true, "optimizer_steps": 449, "skipped_optimizer_steps": 1, "loss_scale": 16384.0}
[Step=0460] Wall=25.7539s | Loss=1.0363
[Profile] Avg ms/step | Load: 19.095 (Prep: 2.899, Struc: 0.301, Fetch: 15.895) | Fwd: 8.495 | Bwd: 9.517 | Opt: 0.677 | GPU_Tot: 34.885
[Autotune] {"version": 2, "step": 460, "wall_seconds": 25.753914318978786, "seed_nodes": 1818820, "loss": 1.0362552642822265, "all_losses_finite": true, "optimizer_steps": 459, "skipped_optimizer_steps": 1, "loss_scale": 16384.0}
[Step=0470] Wall=26.1766s | Loss=1.0449
[Profile] Avg ms/step | Load: 19.186 (Prep: 2.959, Struc: 0.301, Fetch: 15.925) | Fwd: 8.500 | Bwd: 9.522 | Opt: 0.678 | GPU_Tot: 34.925
[Autotune] {"version": 2, "step": 470, "wall_seconds": 26.176576531026512, "seed_nodes": 1859780, "loss": 1.0448745727539062, "all_losses_finite": true, "optimizer_steps": 469, "skipped_optimizer_steps": 1, "loss_scale": 16384.0}
[Step=0480] Wall=26.5559s | Loss=1.0406
[Profile] Avg ms/step | Load: 19.173 (Prep: 2.921, Struc: 0.301, Fetch: 15.951) | Fwd: 8.504 | Bwd: 9.527 | Opt: 0.678 | GPU_Tot: 34.961
[Autotune] {"version": 2, "step": 480, "wall_seconds": 26.555943970102817, "seed_nodes": 1900740, "loss": 1.0406109809875488, "all_losses_finite": true, "optimizer_steps": 479, "skipped_optimizer_steps": 1, "loss_scale": 16384.0}
[Step=0490] Wall=26.9446s | Loss=1.0369
[Profile] Avg ms/step | Load: 19.203 (Prep: 2.976, Struc: 0.301, Fetch: 15.926) | Fwd: 8.499 | Bwd: 9.521 | Opt: 0.677 | GPU_Tot: 34.924
[Autotune] {"version": 2, "step": 490, "wall_seconds": 26.944631834048778, "seed_nodes": 1938433, "loss": 1.0368511199951171, "all_losses_finite": true, "optimizer_steps": 489, "skipped_optimizer_steps": 1, "loss_scale": 16384.0}
[Step=0500] Wall=27.3185s | Loss=1.0324
[Profile] Avg ms/step | Load: 19.178 (Prep: 2.921, Struc: 0.301, Fetch: 15.956) | Fwd: 8.504 | Bwd: 9.526 | Opt: 0.677 | GPU_Tot: 34.964
[Autotune] {"version": 2, "step": 500, "wall_seconds": 27.3185118380934, "seed_nodes": 1979393, "loss": 1.0323850631713867, "all_losses_finite": true, "optimizer_steps": 499, "skipped_optimizer_steps": 1, "loss_scale": 16384.0}
[Step=0510] Wall=27.7034s | Loss=1.0165
[Profile] Avg ms/step | Load: 19.199 (Prep: 2.979, Struc: 0.302, Fetch: 15.918) | Fwd: 8.498 | Bwd: 9.520 | Opt: 0.677 | GPU_Tot: 34.915
[Autotune] {"version": 2, "step": 510, "wall_seconds": 27.703448622021824, "seed_nodes": 2017086, "loss": 1.016504669189453, "all_losses_finite": true, "optimizer_steps": 509, "skipped_optimizer_steps": 1, "loss_scale": 16384.0}
[Step=0520] Wall=28.0759s | Loss=1.0310
[Profile] Avg ms/step | Load: 19.172 (Prep: 2.926, Struc: 0.302, Fetch: 15.945) | Fwd: 8.503 | Bwd: 9.525 | Opt: 0.678 | GPU_Tot: 34.952
[Autotune] {"version": 2, "step": 520, "wall_seconds": 28.07586868107319, "seed_nodes": 2058046, "loss": 1.0309648513793945, "all_losses_finite": true, "optimizer_steps": 519, "skipped_optimizer_steps": 1, "loss_scale": 16384.0}
[Step=0530] Wall=28.4726s | Loss=1.0299
[Profile] Avg ms/step | Load: 19.217 (Prep: 2.990, Struc: 0.302, Fetch: 15.925) | Fwd: 8.498 | Bwd: 9.519 | Opt: 0.677 | GPU_Tot: 34.920
[Autotune] {"version": 2, "step": 530, "wall_seconds": 28.47255268180743, "seed_nodes": 2095739, "loss": 1.0299155235290527, "all_losses_finite": true, "optimizer_steps": 529, "skipped_optimizer_steps": 1, "loss_scale": 16384.0}
[Step=0540] Wall=28.8452s | Loss=1.0148
[Profile] Avg ms/step | Load: 19.192 (Prep: 2.939, Struc: 0.302, Fetch: 15.951) | Fwd: 8.502 | Bwd: 9.523 | Opt: 0.677 | GPU_Tot: 34.955
[Autotune] {"version": 2, "step": 540, "wall_seconds": 28.845176306087524, "seed_nodes": 2136699, "loss": 1.0147662162780762, "all_losses_finite": true, "optimizer_steps": 539, "skipped_optimizer_steps": 1, "loss_scale": 16384.0}
[Step=0550] Wall=29.2227s | Loss=1.0263
[Profile] Avg ms/step | Load: 19.177 (Prep: 2.905, Struc: 0.302, Fetch: 15.970) | Fwd: 8.506 | Bwd: 9.528 | Opt: 0.677 | GPU_Tot: 34.983
[Autotune] {"version": 2, "step": 550, "wall_seconds": 29.222710088826716, "seed_nodes": 2177659, "loss": 1.0263219833374024, "all_losses_finite": true, "optimizer_steps": 549, "skipped_optimizer_steps": 1, "loss_scale": 16384.0}
[Step=0560] Wall=29.6210s | Loss=1.0352
[Profile] Avg ms/step | Load: 19.220 (Prep: 2.947, Struc: 0.301, Fetch: 15.972) | Fwd: 8.501 | Bwd: 9.522 | Opt: 0.678 | GPU_Tot: 34.975
[Autotune] {"version": 2, "step": 560, "wall_seconds": 29.620999241713434, "seed_nodes": 2215352, "loss": 1.0351930618286134, "all_losses_finite": true, "optimizer_steps": 559, "skipped_optimizer_steps": 1, "loss_scale": 16384.0}
[Step=0570] Wall=29.9932s | Loss=1.0121
[Profile] Avg ms/step | Load: 19.196 (Prep: 2.899, Struc: 0.301, Fetch: 15.996) | Fwd: 8.504 | Bwd: 9.526 | Opt: 0.678 | GPU_Tot: 35.007
[Autotune] {"version": 2, "step": 570, "wall_seconds": 29.993203938938677, "seed_nodes": 2256312, "loss": 1.012056541442871, "all_losses_finite": true, "optimizer_steps": 569, "skipped_optimizer_steps": 1, "loss_scale": 16384.0}
[Step=0580] Wall=30.3814s | Loss=1.0158
[Profile] Avg ms/step | Load: 19.220 (Prep: 2.957, Struc: 0.301, Fetch: 15.961) | Fwd: 8.500 | Bwd: 9.521 | Opt: 0.678 | GPU_Tot: 34.962
[Autotune] {"version": 2, "step": 580, "wall_seconds": 30.38138963514939, "seed_nodes": 2294005, "loss": 1.0157885551452637, "all_losses_finite": true, "optimizer_steps": 579, "skipped_optimizer_steps": 1, "loss_scale": 16384.0}
[Step=0590] Wall=30.7540s | Loss=0.9997
[Profile] Avg ms/step | Load: 19.197 (Prep: 2.911, Struc: 0.301, Fetch: 15.985) | Fwd: 8.504 | Bwd: 9.525 | Opt: 0.678 | GPU_Tot: 34.993
[Autotune] {"version": 2, "step": 590, "wall_seconds": 30.75401272205636, "seed_nodes": 2334965, "loss": 0.9996576309204102, "all_losses_finite": true, "optimizer_steps": 589, "skipped_optimizer_steps": 1, "loss_scale": 16384.0}
[Step=0600] Wall=31.1505s | Loss=1.0020
[Profile] Avg ms/step | Load: 19.235 (Prep: 2.971, Struc: 0.301, Fetch: 15.962) | Fwd: 8.499 | Bwd: 9.520 | Opt: 0.678 | GPU_Tot: 34.961
[Autotune] {"version": 2, "step": 600, "wall_seconds": 31.150535001885146, "seed_nodes": 2372658, "loss": 1.0019563674926757, "all_losses_finite": true, "optimizer_steps": 599, "skipped_optimizer_steps": 1, "loss_scale": 16384.0}
[Step=0610] Wall=31.5290s | Loss=1.0104
[Profile] Avg ms/step | Load: 19.223 (Prep: 2.926, Struc: 0.301, Fetch: 15.995) | Fwd: 8.503 | Bwd: 9.524 | Opt: 0.678 | GPU_Tot: 35.001
[Autotune] {"version": 2, "step": 610, "wall_seconds": 31.52898261975497, "seed_nodes": 2413618, "loss": 1.0104352951049804, "all_losses_finite": true, "optimizer_steps": 609, "skipped_optimizer_steps": 1, "loss_scale": 16384.0}
[Step=0620] Wall=31.8918s | Loss=0.9982
[Profile] Avg ms/step | Load: 19.185 (Prep: 2.893, Struc: 0.301, Fetch: 15.990) | Fwd: 8.506 | Bwd: 9.528 | Opt: 0.678 | GPU_Tot: 35.004
[Autotune] {"version": 2, "step": 620, "wall_seconds": 31.89184873504564, "seed_nodes": 2454578, "loss": 0.9982456207275391, "all_losses_finite": true, "optimizer_steps": 619, "skipped_optimizer_steps": 1, "loss_scale": 16384.0}
[Step=0630] Wall=32.2874s | Loss=1.0117
[Profile] Avg ms/step | Load: 19.220 (Prep: 2.929, Struc: 0.301, Fetch: 15.990) | Fwd: 8.502 | Bwd: 9.523 | Opt: 0.678 | GPU_Tot: 34.993
[Autotune] {"version": 2, "step": 630, "wall_seconds": 32.2874048370868, "seed_nodes": 2492271, "loss": 1.011687660217285, "all_losses_finite": true, "optimizer_steps": 629, "skipped_optimizer_steps": 1, "loss_scale": 16384.0}
[Step=0640] Wall=32.6699s | Loss=1.0031
[Profile] Avg ms/step | Load: 19.215 (Prep: 2.902, Struc: 0.301, Fetch: 16.012) | Fwd: 8.505 | Bwd: 9.527 | Opt: 0.678 | GPU_Tot: 35.023
[Autotune] {"version": 2, "step": 640, "wall_seconds": 32.669916755054146, "seed_nodes": 2533231, "loss": 1.0031310081481934, "all_losses_finite": true, "optimizer_steps": 639, "skipped_optimizer_steps": 1, "loss_scale": 16384.0}
[Step=0650] Wall=33.0560s | Loss=1.0047
[Profile] Avg ms/step | Load: 19.232 (Prep: 2.942, Struc: 0.301, Fetch: 15.988) | Fwd: 8.501 | Bwd: 9.522 | Opt: 0.678 | GPU_Tot: 34.990
[Autotune] {"version": 2, "step": 650, "wall_seconds": 33.05595624493435, "seed_nodes": 2570924, "loss": 1.004732036590576, "all_losses_finite": true, "optimizer_steps": 649, "skipped_optimizer_steps": 1, "loss_scale": 16384.0}
[Step=0660] Wall=33.4347s | Loss=0.9979
[Profile] Avg ms/step | Load: 19.219 (Prep: 2.902, Struc: 0.301, Fetch: 16.016) | Fwd: 8.505 | Bwd: 9.527 | Opt: 0.678 | GPU_Tot: 35.027
[Autotune] {"version": 2, "step": 660, "wall_seconds": 33.43471554480493, "seed_nodes": 2611884, "loss": 0.997852897644043, "all_losses_finite": true, "optimizer_steps": 659, "skipped_optimizer_steps": 1, "loss_scale": 16384.0}
[Step=0670] Wall=33.8263s | Loss=0.9918
[Profile] Avg ms/step | Load: 19.244 (Prep: 2.945, Struc: 0.301, Fetch: 15.998) | Fwd: 8.501 | Bwd: 9.523 | Opt: 0.678 | GPU_Tot: 35.001
[Autotune] {"version": 2, "step": 670, "wall_seconds": 33.826306270901114, "seed_nodes": 2649577, "loss": 0.9917974472045898, "all_losses_finite": true, "optimizer_steps": 669, "skipped_optimizer_steps": 1, "loss_scale": 16384.0}
[Step=0680] Wall=34.2010s | Loss=0.9943
[Profile] Avg ms/step | Load: 19.227 (Prep: 2.905, Struc: 0.301, Fetch: 16.020) | Fwd: 8.504 | Bwd: 9.526 | Opt: 0.678 | GPU_Tot: 35.030
[Autotune] {"version": 2, "step": 680, "wall_seconds": 34.2009714320302, "seed_nodes": 2690537, "loss": 0.9943405151367187, "all_losses_finite": true, "optimizer_steps": 679, "skipped_optimizer_steps": 1, "loss_scale": 16384.0}
[Step=0690] Wall=34.5381s | Loss=0.9916
[Profile] Avg ms/step | Load: 19.167 (Prep: 2.875, Struc: 0.301, Fetch: 15.991) | Fwd: 8.501 | Bwd: 9.523 | Opt: 0.678 | GPU_Tot: 34.993
[Autotune] {"version": 2, "step": 690, "wall_seconds": 34.5380538078025, "seed_nodes": 2728230, "loss": 0.9916494369506836, "all_losses_finite": true, "optimizer_steps": 689, "skipped_optimizer_steps": 1, "loss_scale": 16384.0}
[Step=0700] Wall=34.9644s | Loss=0.9846
[Profile] Avg ms/step | Load: 19.229 (Prep: 2.908, Struc: 0.301, Fetch: 16.020) | Fwd: 8.504 | Bwd: 9.526 | Opt: 0.678 | GPU_Tot: 35.029
[Autotune] {"version": 2, "step": 700, "wall_seconds": 34.9643742069602, "seed_nodes": 2769190, "loss": 0.9846272468566895, "all_losses_finite": true, "optimizer_steps": 699, "skipped_optimizer_steps": 1, "loss_scale": 16384.0}
[Step=0710] Wall=35.3406s | Loss=0.9842
[Profile] Avg ms/step | Load: 19.215 (Prep: 2.884, Struc: 0.301, Fetch: 16.030) | Fwd: 8.507 | Bwd: 9.530 | Opt: 0.678 | GPU_Tot: 35.047
[Autotune] {"version": 2, "step": 710, "wall_seconds": 35.34055457403883, "seed_nodes": 2810150, "loss": 0.9841604232788086, "all_losses_finite": true, "optimizer_steps": 709, "skipped_optimizer_steps": 1, "loss_scale": 16384.0}
[Step=0720] Wall=35.7245s | Loss=0.9863
[Profile] Avg ms/step | Load: 19.226 (Prep: 2.914, Struc: 0.301, Fetch: 16.011) | Fwd: 8.504 | Bwd: 9.526 | Opt: 0.678 | GPU_Tot: 35.020
[Autotune] {"version": 2, "step": 720, "wall_seconds": 35.72446004115045, "seed_nodes": 2847843, "loss": 0.9862648963928222, "all_losses_finite": true, "optimizer_steps": 719, "skipped_optimizer_steps": 1, "loss_scale": 16384.0}
[Step=0730] Wall=36.1037s | Loss=0.9791
[Profile] Avg ms/step | Load: 19.216 (Prep: 2.878, Struc: 0.301, Fetch: 16.037) | Fwd: 8.507 | Bwd: 9.530 | Opt: 0.679 | GPU_Tot: 35.054
[Autotune] {"version": 2, "step": 730, "wall_seconds": 36.103739195968956, "seed_nodes": 2888803, "loss": 0.9791149139404297, "all_losses_finite": true, "optimizer_steps": 729, "skipped_optimizer_steps": 1, "loss_scale": 16384.0}
[Step=0740] Wall=36.4901s | Loss=0.9799
[Profile] Avg ms/step | Load: 19.231 (Prep: 2.918, Struc: 0.301, Fetch: 16.012) | Fwd: 8.504 | Bwd: 9.526 | Opt: 0.679 | GPU_Tot: 35.021
[Autotune] {"version": 2, "step": 740, "wall_seconds": 36.49014842091128, "seed_nodes": 2926496, "loss": 0.9799080848693847, "all_losses_finite": true, "optimizer_steps": 739, "skipped_optimizer_steps": 1, "loss_scale": 16384.0}
[Step=0750] Wall=36.8692s | Loss=0.9811
[Profile] Avg ms/step | Load: 19.221 (Prep: 2.883, Struc: 0.301, Fetch: 16.037) | Fwd: 8.507 | Bwd: 9.529 | Opt: 0.679 | GPU_Tot: 35.054
[Autotune] {"version": 2, "step": 750, "wall_seconds": 36.86924703698605, "seed_nodes": 2967456, "loss": 0.9811055183410644, "all_losses_finite": true, "optimizer_steps": 749, "skipped_optimizer_steps": 1, "loss_scale": 16384.0}
[Step=0760] Wall=37.2714s | Loss=0.9793
[Profile] Avg ms/step | Load: 19.258 (Prep: 2.921, Struc: 0.301, Fetch: 16.036) | Fwd: 8.503 | Bwd: 9.525 | Opt: 0.679 | GPU_Tot: 35.045
[Autotune] {"version": 2, "step": 760, "wall_seconds": 37.271385417785496, "seed_nodes": 3005149, "loss": 0.9793180465698242, "all_losses_finite": true, "optimizer_steps": 759, "skipped_optimizer_steps": 1, "loss_scale": 16384.0}
[Step=0770] Wall=37.6462s | Loss=0.9727
[Profile] Avg ms/step | Load: 19.243 (Prep: 2.887, Struc: 0.301, Fetch: 16.055) | Fwd: 8.506 | Bwd: 9.529 | Opt: 0.679 | GPU_Tot: 35.070
[Autotune] {"version": 2, "step": 770, "wall_seconds": 37.64616006985307, "seed_nodes": 3046109, "loss": 0.9727252960205078, "all_losses_finite": true, "optimizer_steps": 769, "skipped_optimizer_steps": 1, "loss_scale": 16384.0}
[Step=0780] Wall=38.0181s | Loss=0.9619
[Profile] Avg ms/step | Load: 19.224 (Prep: 2.865, Struc: 0.301, Fetch: 16.058) | Fwd: 8.509 | Bwd: 9.532 | Opt: 0.679 | GPU_Tot: 35.080
[Autotune] {"version": 2, "step": 780, "wall_seconds": 38.01811259891838, "seed_nodes": 3087069, "loss": 0.9618650436401367, "all_losses_finite": true, "optimizer_steps": 779, "skipped_optimizer_steps": 1, "loss_scale": 16384.0}
[Step=0790] Wall=38.4177s | Loss=0.9810
[Profile] Avg ms/step | Load: 19.255 (Prep: 2.905, Struc: 0.301, Fetch: 16.049) | Fwd: 8.506 | Bwd: 9.529 | Opt: 0.679 | GPU_Tot: 35.064
[Autotune] {"version": 2, "step": 790, "wall_seconds": 38.4177493727766, "seed_nodes": 3124762, "loss": 0.9810145378112793, "all_losses_finite": true, "optimizer_steps": 789, "skipped_optimizer_steps": 1, "loss_scale": 16384.0}
[Step=0800] Wall=38.7918s | Loss=0.9724
[Profile] Avg ms/step | Load: 19.239 (Prep: 2.872, Struc: 0.301, Fetch: 16.066) | Fwd: 8.509 | Bwd: 9.532 | Opt: 0.679 | GPU_Tot: 35.087
[Autotune] {"version": 2, "step": 800, "wall_seconds": 38.791766323149204, "seed_nodes": 3165722, "loss": 0.9724265098571777, "all_losses_finite": true, "optimizer_steps": 799, "skipped_optimizer_steps": 1, "loss_scale": 16384.0}
[Step=0810] Wall=39.1817s | Loss=0.9702
[Profile] Avg ms/step | Load: 19.257 (Prep: 2.917, Struc: 0.301, Fetch: 16.039) | Fwd: 8.506 | Bwd: 9.529 | Opt: 0.679 | GPU_Tot: 35.054
[Autotune] {"version": 2, "step": 810, "wall_seconds": 39.18171362997964, "seed_nodes": 3203415, "loss": 0.9702390670776367, "all_losses_finite": true, "optimizer_steps": 809, "skipped_optimizer_steps": 1, "loss_scale": 16384.0}
[Step=0820] Wall=39.5537s | Loss=0.9679
[Profile] Avg ms/step | Load: 19.239 (Prep: 2.885, Struc: 0.301, Fetch: 16.053) | Fwd: 8.508 | Bwd: 9.532 | Opt: 0.679 | GPU_Tot: 35.074
[Autotune] {"version": 2, "step": 820, "wall_seconds": 39.553674390073866, "seed_nodes": 3244375, "loss": 0.9679135322570801, "all_losses_finite": true, "optimizer_steps": 819, "skipped_optimizer_steps": 1, "loss_scale": 16384.0}
[Step=0830] Wall=39.9545s | Loss=0.9627
[Profile] Avg ms/step | Load: 19.270 (Prep: 2.925, Struc: 0.301, Fetch: 16.044) | Fwd: 8.506 | Bwd: 9.529 | Opt: 0.679 | GPU_Tot: 35.058
[Autotune] {"version": 2, "step": 830, "wall_seconds": 39.95450447080657, "seed_nodes": 3282068, "loss": 0.9627303123474121, "all_losses_finite": true, "optimizer_steps": 829, "skipped_optimizer_steps": 1, "loss_scale": 16384.0}
[Step=0840] Wall=40.3299s | Loss=0.9598
[Profile] Avg ms/step | Load: 19.257 (Prep: 2.894, Struc: 0.301, Fetch: 16.062) | Fwd: 8.508 | Bwd: 9.532 | Opt: 0.679 | GPU_Tot: 35.082
[Autotune] {"version": 2, "step": 840, "wall_seconds": 40.32987086195499, "seed_nodes": 3323028, "loss": 0.9598215103149415, "all_losses_finite": true, "optimizer_steps": 839, "skipped_optimizer_steps": 1, "loss_scale": 16384.0}
------------------------------------------------------------
Training Completed. Total Steps: 840 (Active: 800)
Avg Breakdown (ms): Load=19.257 [Prep:2.894, Struc:0.301, Fetch:16.062], Fwd=8.508, Bwd=9.532, Opt=0.679
------------------------------------------------------------
