2026-09-20T18:36:51+09:00
<compute-node>
PBS_JOBID=0:13269.nqsv worker=2 timeout=10800 budget=33300 walltime_hours=10
Limit                     Soft Limit           Hard Limit           Units     
Max cpu time              unlimited            unlimited            seconds   
Max file size             unlimited            unlimited            bytes     
Max data size             unlimited            unlimited            bytes     
Max stack size            unlimited            unlimited            bytes     
Max core file size        unlimited            unlimited            bytes     
Max resident set          unlimited            unlimited            bytes     
Max processes             509439               509439               processes 
Max open files            262144               262144               files     
Max locked memory         unlimited            unlimited            bytes     
Max address space         unlimited            unlimited            bytes     
Max file locks            unlimited            unlimited            locks     
Max pending signals       509439               509439               signals   
Max msgqueue size         819200               819200               bytes     
Max nice priority         0                    0                    
Max realtime priority     0                    0                    
Max realtime timeout      unlimited            unlimited            us        
Cpus_allowed_list:	0-47
MemTotal:       130536312 kB
MemAvailable:   126034432 kB
SwapTotal:      25165816 kB
SwapFree:       25165816 kB
Filesystem       1B-blocks  Used   Available Use% Mounted on
tmpfs          66834591744     0 66834591744   0% /dev/shm
/sys/fs/cgroup/system.slice/nqs-lchd.service/memory.max
123480309760
/sys/fs/cgroup/system.slice/nqs-lchd.service/memory.high
max
/sys/fs/cgroup/system.slice/nqs-lchd.service/memory.current
8608112640
/sys/fs/cgroup/system.slice/nqs-lchd.service/memory.events
low 0
high 0
max 0
oom 0
oom_kill 0
/sys/fs/cgroup/system.slice/nqs-lchd.service/memory.swap.max
0
/sys/fs/cgroup/system.slice/memory.max
max
/sys/fs/cgroup/system.slice/memory.high
max
/sys/fs/cgroup/system.slice/memory.current
9816596480
/sys/fs/cgroup/system.slice/memory.events
low 0
high 0
max 0
oom 0
oom_kill 0
/sys/fs/cgroup/system.slice/memory.swap.max
max
name, memory.total [MiB], memory.used [MiB]
NVIDIA H100 PCIe, 81559 MiB, 0 MiB
runner_exit=0
2026-09-21T00:17:53+09:00
<compute-node>
PBS_JOBID=0:13269.nqsv worker=2 timeout=10800 budget=33300 walltime_hours=10
Limit                     Soft Limit           Hard Limit           Units     
Max cpu time              unlimited            unlimited            seconds   
Max file size             unlimited            unlimited            bytes     
Max data size             unlimited            unlimited            bytes     
Max stack size            unlimited            unlimited            bytes     
Max core file size        unlimited            unlimited            bytes     
Max resident set          unlimited            unlimited            bytes     
Max processes             509439               509439               processes 
Max open files            262144               262144               files     
Max locked memory         unlimited            unlimited            bytes     
Max address space         unlimited            unlimited            bytes     
Max file locks            unlimited            unlimited            locks     
Max pending signals       509439               509439               signals   
Max msgqueue size         819200               819200               bytes     
Max nice priority         0                    0                    
Max realtime priority     0                    0                    
Max realtime timeout      unlimited            unlimited            us        
Cpus_allowed_list:	0-47
MemTotal:       130536312 kB
MemAvailable:   126265164 kB
SwapTotal:      25165816 kB
SwapFree:       25165816 kB
Filesystem       1B-blocks  Used   Available Use% Mounted on
tmpfs          66834591744     0 66834591744   0% /dev/shm
/sys/fs/cgroup/system.slice/nqs-lchd.service/memory.max
123480309760
/sys/fs/cgroup/system.slice/nqs-lchd.service/memory.high
max
/sys/fs/cgroup/system.slice/nqs-lchd.service/memory.current
4333436928
/sys/fs/cgroup/system.slice/nqs-lchd.service/memory.events
low 0
high 0
max 0
oom 0
oom_kill 0
/sys/fs/cgroup/system.slice/nqs-lchd.service/memory.swap.max
0
/sys/fs/cgroup/system.slice/memory.max
max
/sys/fs/cgroup/system.slice/memory.high
max
/sys/fs/cgroup/system.slice/memory.current
5549084672
/sys/fs/cgroup/system.slice/memory.events
low 0
high 0
max 0
oom 0
oom_kill 0
/sys/fs/cgroup/system.slice/memory.swap.max
max
name, memory.total [MiB], memory.used [MiB]
NVIDIA H100 PCIe, 81559 MiB, 0 MiB
