$REPO_ROOT/.venv/lib/python3.11/site-packages/outdated/__init__.py:36: UserWarning: pkg_resources is deprecated as an API. See https://setuptools.pypa.io/en/latest/pkg_resources.html. The pkg_resources package is slated for removal as early as 2025-11-30. Refrain from using this package or pin to Setuptools<81.
  from pkg_resources import parse_version
[ddp] Single-process mode: device=cuda
[Info] Running in Single-Process mode (CPU or Single GPU).
[Info] Device: cuda
[GraphCache] Caching disabled (0 nodes).
[Step=0010] Wall=29.3975s | Loss=10.4949
[Profile] Avg ms/step | Load: 149.644 (Prep: 55.558, Struc: 1.443, Fetch: 92.644) | Fwd: 2260.140 | Bwd: 404.822 | Opt: 98.160 | GPU_Tot: 2857.209
[Autotune] {"version": 1, "step": 10, "wall_seconds": 29.397510908020195, "seed_nodes": 40960, "loss": 10.494940948486327, "all_losses_finite": true}
[Step=0020] Wall=31.5221s | Loss=2.8266
[Profile] Avg ms/step | Load: 121.117 (Prep: 27.991, Struc: 1.365, Fetch: 91.761) | Fwd: 1156.934 | Bwd: 235.040 | Opt: 49.428 | GPU_Tot: 1534.527
[Autotune] {"version": 1, "step": 20, "wall_seconds": 31.52213027101243, "seed_nodes": 81920, "loss": 2.8266490936279296, "all_losses_finite": true}
[Step=0030] Wall=33.6500s | Loss=2.3657
[Profile] Avg ms/step | Load: 111.733 (Prep: 18.802, Struc: 1.338, Fetch: 91.593) | Fwd: 789.158 | Bwd: 178.471 | Opt: 33.183 | GPU_Tot: 1093.743
[Autotune] {"version": 1, "step": 30, "wall_seconds": 33.65000780002447, "seed_nodes": 122880, "loss": 2.3657129287719725, "all_losses_finite": true}
[Step=0040] Wall=35.7989s | Loss=2.0244
[Profile] Avg ms/step | Load: 0.000 (Prep: 0.000, Struc: 0.000, Fetch: 0.000) | Fwd: 0.000 | Bwd: 0.000 | Opt: 0.000 | GPU_Tot: 0.000
[Autotune] {"version": 1, "step": 40, "wall_seconds": 35.79889392899349, "seed_nodes": 163840, "loss": 2.0243703842163088, "all_losses_finite": true}
[Step=0050] Wall=38.3284s | Loss=1.5775
[Profile] Avg ms/step | Load: 123.238 (Prep: 47.901, Struc: 1.171, Fetch: 74.167) | Fwd: 64.179 | Bwd: 64.711 | Opt: 0.642 | GPU_Tot: 204.869
[Autotune] {"version": 1, "step": 50, "wall_seconds": 38.3284147370141, "seed_nodes": 200711, "loss": 1.5775391578674316, "all_losses_finite": true}
[Step=0060] Wall=40.4993s | Loss=1.4345
[Profile] Avg ms/step | Load: 109.751 (Prep: 24.145, Struc: 1.230, Fetch: 84.376) | Fwd: 59.081 | Bwd: 65.330 | Opt: 0.672 | GPU_Tot: 210.688
[Autotune] {"version": 1, "step": 60, "wall_seconds": 40.499289870029315, "seed_nodes": 241671, "loss": 1.4345002174377441, "all_losses_finite": true}
[Step=0070] Wall=42.6359s | Loss=1.1831
[Profile] Avg ms/step | Load: 104.264 (Prep: 16.234, Struc: 1.249, Fetch: 86.781) | Fwd: 57.298 | Bwd: 65.411 | Opt: 0.741 | GPU_Tot: 211.480
[Autotune] {"version": 1, "step": 70, "wall_seconds": 42.63592063402757, "seed_nodes": 282631, "loss": 1.1831171989440918, "all_losses_finite": true}
[Step=0080] Wall=44.7635s | Loss=0.9968
[Profile] Avg ms/step | Load: 101.235 (Prep: 12.279, Struc: 1.259, Fetch: 87.696) | Fwd: 56.450 | Bwd: 65.514 | Opt: 0.729 | GPU_Tot: 211.647
[Autotune] {"version": 1, "step": 80, "wall_seconds": 44.763497383042704, "seed_nodes": 323591, "loss": 0.9967926979064942, "all_losses_finite": true}
[Step=0090] Wall=46.9184s | Loss=0.8769
[Profile] Avg ms/step | Load: 99.957 (Prep: 10.117, Struc: 1.265, Fetch: 88.575) | Fwd: 55.920 | Bwd: 65.598 | Opt: 0.725 | GPU_Tot: 212.083
[Autotune] {"version": 1, "step": 90, "wall_seconds": 46.91843288001837, "seed_nodes": 364551, "loss": 0.8768694877624512, "all_losses_finite": true}
[Step=0100] Wall=49.2097s | Loss=0.8741
[Profile] Avg ms/step | Load: 103.429 (Prep: 16.215, Struc: 1.250, Fetch: 85.963) | Fwd: 54.686 | Bwd: 64.495 | Opt: 0.713 | GPU_Tot: 207.107
[Autotune] {"version": 1, "step": 100, "wall_seconds": 49.20967059599934, "seed_nodes": 401422, "loss": 0.8740781784057617, "all_losses_finite": true}
[Step=0110] Wall=51.3311s | Loss=0.8070
[Profile] Avg ms/step | Load: 101.801 (Prep: 13.956, Struc: 1.255, Fetch: 86.590) | Fwd: 54.551 | Bwd: 64.635 | Opt: 0.712 | GPU_Tot: 207.743
[Autotune] {"version": 1, "step": 110, "wall_seconds": 51.33106295304606, "seed_nodes": 442382, "loss": 0.8070304870605469, "all_losses_finite": true}
[Step=0120] Wall=53.4411s | Loss=0.7522
[Profile] Avg ms/step | Load: 100.452 (Prep: 12.263, Struc: 1.259, Fetch: 86.931) | Fwd: 54.437 | Bwd: 64.731 | Opt: 0.717 | GPU_Tot: 208.075
[Autotune] {"version": 1, "step": 120, "wall_seconds": 53.44110955198994, "seed_nodes": 483342, "loss": 0.7521932125091553, "all_losses_finite": true}
[Step=0130] Wall=55.5885s | Loss=0.6990
[Profile] Avg ms/step | Load: 99.751 (Prep: 10.946, Struc: 1.262, Fetch: 87.543) | Fwd: 54.375 | Bwd: 64.855 | Opt: 0.714 | GPU_Tot: 208.749
[Autotune] {"version": 1, "step": 130, "wall_seconds": 55.588537956995424, "seed_nodes": 524302, "loss": 0.6989534854888916, "all_losses_finite": true}
[Step=0140] Wall=57.7349s | Loss=0.6774
[Profile] Avg ms/step | Load: 99.185 (Prep: 9.988, Struc: 1.265, Fetch: 87.932) | Fwd: 54.325 | Bwd: 64.949 | Opt: 0.710 | GPU_Tot: 209.182
[Autotune] {"version": 1, "step": 140, "wall_seconds": 57.734852882043924, "seed_nodes": 565262, "loss": 0.6773982048034668, "all_losses_finite": true}
[Step=0150] Wall=59.9922s | Loss=0.8404
[Profile] Avg ms/step | Load: 100.792 (Prep: 12.996, Struc: 1.257, Fetch: 86.539) | Fwd: 53.802 | Bwd: 64.451 | Opt: 0.705 | GPU_Tot: 206.753
[Autotune] {"version": 1, "step": 150, "wall_seconds": 59.9921999599901, "seed_nodes": 602133, "loss": 0.8404037475585937, "all_losses_finite": true}
[Step=0160] Wall=62.1596s | Loss=0.7418
[Profile] Avg ms/step | Load: 100.417 (Prep: 11.946, Struc: 1.259, Fetch: 87.212) | Fwd: 53.806 | Bwd: 64.554 | Opt: 0.706 | GPU_Tot: 207.536
[Autotune] {"version": 1, "step": 160, "wall_seconds": 62.15963358600857, "seed_nodes": 643093, "loss": 0.7418399333953858, "all_losses_finite": true}
[Step=0170] Wall=64.3010s | Loss=0.6725
[Profile] Avg ms/step | Load: 99.923 (Prep: 11.059, Struc: 1.261, Fetch: 87.602) | Fwd: 53.803 | Bwd: 64.627 | Opt: 0.704 | GPU_Tot: 207.997
[Autotune] {"version": 1, "step": 170, "wall_seconds": 64.3010470510344, "seed_nodes": 684053, "loss": 0.6724674701690674, "all_losses_finite": true}
[Step=0180] Wall=66.4688s | Loss=0.6405
[Profile] Avg ms/step | Load: 99.641 (Prep: 10.299, Struc: 1.263, Fetch: 88.079) | Fwd: 53.808 | Bwd: 64.725 | Opt: 0.706 | GPU_Tot: 208.581
[Autotune] {"version": 1, "step": 180, "wall_seconds": 66.46879148099106, "seed_nodes": 725013, "loss": 0.6405257225036621, "all_losses_finite": true}
[Step=0190] Wall=68.6041s | Loss=0.6130
[Profile] Avg ms/step | Load: 99.200 (Prep: 9.698, Struc: 1.265, Fetch: 88.237) | Fwd: 53.814 | Bwd: 64.793 | Opt: 0.704 | GPU_Tot: 208.813
[Autotune] {"version": 1, "step": 190, "wall_seconds": 68.60414594400208, "seed_nodes": 765973, "loss": 0.6130456924438477, "all_losses_finite": true}
[Step=0200] Wall=70.8651s | Loss=0.7361
[Profile] Avg ms/step | Load: 100.313 (Prep: 11.656, Struc: 1.259, Fetch: 87.398) | Fwd: 53.492 | Bwd: 64.468 | Opt: 0.701 | GPU_Tot: 207.317
[Autotune] {"version": 1, "step": 200, "wall_seconds": 70.86506765004015, "seed_nodes": 802844, "loss": 0.7361067771911621, "all_losses_finite": true}
[Step=0210] Wall=73.0099s | Loss=0.7373
[Profile] Avg ms/step | Load: 99.913 (Prep: 10.995, Struc: 1.261, Fetch: 87.657) | Fwd: 53.519 | Bwd: 64.565 | Opt: 0.701 | GPU_Tot: 207.703
[Autotune] {"version": 1, "step": 210, "wall_seconds": 73.00986217800528, "seed_nodes": 843804, "loss": 0.7373015403747558, "all_losses_finite": true}
[Step=0220] Wall=75.1598s | Loss=0.6665
[Profile] Avg ms/step | Load: 99.607 (Prep: 10.409, Struc: 1.262, Fetch: 87.936) | Fwd: 53.541 | Bwd: 64.634 | Opt: 0.701 | GPU_Tot: 208.073
[Autotune] {"version": 1, "step": 220, "wall_seconds": 75.15979918302037, "seed_nodes": 884764, "loss": 0.6664804935455322, "all_losses_finite": true}
[Step=0230] Wall=77.3040s | Loss=0.6267
[Profile] Avg ms/step | Load: 99.298 (Prep: 9.883, Struc: 1.263, Fetch: 88.151) | Fwd: 53.559 | Bwd: 64.700 | Opt: 0.701 | GPU_Tot: 208.375
[Autotune] {"version": 1, "step": 230, "wall_seconds": 77.30400030803867, "seed_nodes": 925724, "loss": 0.6266877174377441, "all_losses_finite": true}
[Step=0240] Wall=79.4287s | Loss=0.6012
[Profile] Avg ms/step | Load: 98.938 (Prep: 9.475, Struc: 1.264, Fetch: 88.199) | Fwd: 53.569 | Bwd: 64.752 | Opt: 0.700 | GPU_Tot: 208.484
[Autotune] {"version": 1, "step": 240, "wall_seconds": 79.42871674802154, "seed_nodes": 966684, "loss": 0.6011649608612061, "all_losses_finite": true}
[Step=0250] Wall=81.7173s | Loss=0.5560
[Profile] Avg ms/step | Load: 99.951 (Prep: 10.973, Struc: 1.260, Fetch: 87.717) | Fwd: 53.334 | Bwd: 64.486 | Opt: 0.698 | GPU_Tot: 207.496
[Autotune] {"version": 1, "step": 250, "wall_seconds": 81.71733137004776, "seed_nodes": 1003555, "loss": 0.5560036182403565, "all_losses_finite": true}
[Step=0260] Wall=83.8683s | Loss=0.5979
[Profile] Avg ms/step | Load: 99.680 (Prep: 10.495, Struc: 1.261, Fetch: 87.924) | Fwd: 53.366 | Bwd: 64.560 | Opt: 0.701 | GPU_Tot: 207.812
[Autotune] {"version": 1, "step": 260, "wall_seconds": 83.86834928602912, "seed_nodes": 1044515, "loss": 0.5979131698608399, "all_losses_finite": true}
[Step=0270] Wall=86.0150s | Loss=0.5780
[Profile] Avg ms/step | Load: 99.438 (Prep: 10.057, Struc: 1.262, Fetch: 88.119) | Fwd: 53.390 | Bwd: 64.612 | Opt: 0.700 | GPU_Tot: 208.083
[Autotune] {"version": 1, "step": 270, "wall_seconds": 86.01504505000776, "seed_nodes": 1085475, "loss": 0.5779736042022705, "all_losses_finite": true}
[Step=0280] Wall=88.1685s | Loss=0.5578
[Profile] Avg ms/step | Load: 99.234 (Prep: 9.655, Struc: 1.263, Fetch: 88.315) | Fwd: 53.416 | Bwd: 64.667 | Opt: 0.700 | GPU_Tot: 208.361
[Autotune] {"version": 1, "step": 280, "wall_seconds": 88.16852236900013, "seed_nodes": 1126435, "loss": 0.5577789783477783, "all_losses_finite": true}
[Step=0290] Wall=90.2549s | Loss=0.5468
[Profile] Avg ms/step | Load: 98.752 (Prep: 9.313, Struc: 1.264, Fetch: 88.175) | Fwd: 53.444 | Bwd: 64.739 | Opt: 0.699 | GPU_Tot: 208.321
[Autotune] {"version": 1, "step": 290, "wall_seconds": 90.25488567800494, "seed_nodes": 1167395, "loss": 0.5467761039733887, "all_losses_finite": true}
[Step=0300] Wall=92.5768s | Loss=0.5093
[Profile] Avg ms/step | Load: 99.696 (Prep: 10.618, Struc: 1.261, Fetch: 87.817) | Fwd: 53.260 | Bwd: 64.533 | Opt: 0.698 | GPU_Tot: 207.568
[Autotune] {"version": 1, "step": 300, "wall_seconds": 92.5767841830384, "seed_nodes": 1204266, "loss": 0.5092795848846435, "all_losses_finite": true}
[Step=0310] Wall=94.7587s | Loss=0.5567
[Profile] Avg ms/step | Load: 99.590 (Prep: 10.241, Struc: 1.262, Fetch: 88.088) | Fwd: 53.293 | Bwd: 64.597 | Opt: 0.699 | GPU_Tot: 207.939
[Autotune] {"version": 1, "step": 310, "wall_seconds": 94.75867195002502, "seed_nodes": 1245226, "loss": 0.5567391872406006, "all_losses_finite": true}
[Step=0320] Wall=96.9398s | Loss=0.5266
[Profile] Avg ms/step | Load: 99.515 (Prep: 9.889, Struc: 1.263, Fetch: 88.363) | Fwd: 53.319 | Bwd: 64.638 | Opt: 0.699 | GPU_Tot: 208.281
[Autotune] {"version": 1, "step": 320, "wall_seconds": 96.93984755303245, "seed_nodes": 1286186, "loss": 0.5266494750976562, "all_losses_finite": true}
[Step=0330] Wall=99.0819s | Loss=0.5239
[Profile] Avg ms/step | Load: 99.300 (Prep: 9.563, Struc: 1.263, Fetch: 88.474) | Fwd: 53.344 | Bwd: 64.685 | Opt: 0.699 | GPU_Tot: 208.464
[Autotune] {"version": 1, "step": 330, "wall_seconds": 99.08190635603387, "seed_nodes": 1327146, "loss": 0.5239454746246338, "all_losses_finite": true}
[Step=0340] Wall=101.1594s | Loss=0.5299
[Profile] Avg ms/step | Load: 98.870 (Prep: 9.288, Struc: 1.264, Fetch: 88.318) | Fwd: 53.374 | Bwd: 64.736 | Opt: 0.698 | GPU_Tot: 208.389
[Autotune] {"version": 1, "step": 340, "wall_seconds": 101.15938698401442, "seed_nodes": 1368106, "loss": 0.5298779010772705, "all_losses_finite": true}
[Step=0350] Wall=103.4909s | Loss=0.5505
[Profile] Avg ms/step | Load: 99.677 (Prep: 10.317, Struc: 1.261, Fetch: 88.098) | Fwd: 53.224 | Bwd: 64.573 | Opt: 0.698 | GPU_Tot: 207.854
[Autotune] {"version": 1, "step": 350, "wall_seconds": 103.49092756904429, "seed_nodes": 1404977, "loss": 0.5505024909973144, "all_losses_finite": true}
[Step=0360] Wall=105.6174s | Loss=0.5953
[Profile] Avg ms/step | Load: 99.422 (Prep: 10.008, Struc: 1.262, Fetch: 88.152) | Fwd: 53.251 | Bwd: 64.621 | Opt: 0.698 | GPU_Tot: 207.984
[Autotune] {"version": 1, "step": 360, "wall_seconds": 105.61744628404267, "seed_nodes": 1445937, "loss": 0.5953025341033935, "all_losses_finite": true}
[Step=0370] Wall=107.7431s | Loss=0.5734
[Profile] Avg ms/step | Load: 99.196 (Prep: 9.718, Struc: 1.263, Fetch: 88.215) | Fwd: 53.272 | Bwd: 64.656 | Opt: 0.698 | GPU_Tot: 208.104
[Autotune] {"version": 1, "step": 370, "wall_seconds": 107.7430981270154, "seed_nodes": 1486897, "loss": 0.573420524597168, "all_losses_finite": true}
[Step=0380] Wall=109.9367s | Loss=0.5543
[Profile] Avg ms/step | Load: 99.149 (Prep: 9.444, Struc: 1.264, Fetch: 88.441) | Fwd: 53.300 | Bwd: 64.714 | Opt: 0.698 | GPU_Tot: 208.417
[Autotune] {"version": 1, "step": 380, "wall_seconds": 109.93667220399948, "seed_nodes": 1527857, "loss": 0.5542798042297363, "all_losses_finite": true}
[Step=0390] Wall=111.9996s | Loss=0.5229
[Profile] Avg ms/step | Load: 98.762 (Prep: 9.206, Struc: 1.264, Fetch: 88.292) | Fwd: 53.323 | Bwd: 64.742 | Opt: 0.699 | GPU_Tot: 208.319
[Autotune] {"version": 1, "step": 390, "wall_seconds": 111.99960402102442, "seed_nodes": 1568817, "loss": 0.5228965759277344, "all_losses_finite": true}
[Step=0400] Wall=114.4023s | Loss=0.5152
[Profile] Avg ms/step | Load: 99.651 (Prep: 10.252, Struc: 1.262, Fetch: 88.137) | Fwd: 53.200 | Bwd: 64.602 | Opt: 0.699 | GPU_Tot: 207.900
[Autotune] {"version": 1, "step": 400, "wall_seconds": 114.40230655402411, "seed_nodes": 1605688, "loss": 0.5152151107788085, "all_losses_finite": true}
[Step=0410] Wall=116.5618s | Loss=0.5355
[Profile] Avg ms/step | Load: 99.532 (Prep: 9.987, Struc: 1.262, Fetch: 88.283) | Fwd: 53.223 | Bwd: 64.634 | Opt: 0.699 | GPU_Tot: 208.101
[Autotune] {"version": 1, "step": 410, "wall_seconds": 116.56181909702718, "seed_nodes": 1646648, "loss": 0.5355360984802247, "all_losses_finite": true}
[Step=0420] Wall=118.7556s | Loss=0.5118
[Profile] Avg ms/step | Load: 99.398 (Prep: 9.734, Struc: 1.268, Fetch: 88.395) | Fwd: 53.302 | Bwd: 64.701 | Opt: 0.716 | GPU_Tot: 208.382
[Autotune] {"version": 1, "step": 420, "wall_seconds": 118.75557649700204, "seed_nodes": 1687608, "loss": 0.5117676734924317, "all_losses_finite": true}
[Step=0430] Wall=120.8918s | Loss=0.5190
[Profile] Avg ms/step | Load: 99.234 (Prep: 9.496, Struc: 1.268, Fetch: 88.469) | Fwd: 53.319 | Bwd: 64.728 | Opt: 0.715 | GPU_Tot: 208.500
[Autotune] {"version": 1, "step": 430, "wall_seconds": 120.89176867599599, "seed_nodes": 1728568, "loss": 0.5189581394195557, "all_losses_finite": true}
[Step=0440] Wall=122.9402s | Loss=0.5040
[Profile] Avg ms/step | Load: 98.864 (Prep: 9.286, Struc: 1.269, Fetch: 88.309) | Fwd: 53.335 | Bwd: 64.749 | Opt: 0.714 | GPU_Tot: 208.377
[Autotune] {"version": 1, "step": 440, "wall_seconds": 122.94021165801678, "seed_nodes": 1769528, "loss": 0.503953504562378, "all_losses_finite": true}
[Step=0450] Wall=125.3080s | Loss=0.6969
[Profile] Avg ms/step | Load: 99.563 (Prep: 10.065, Struc: 1.266, Fetch: 88.232) | Fwd: 53.229 | Bwd: 64.619 | Opt: 0.714 | GPU_Tot: 208.060
[Autotune] {"version": 1, "step": 450, "wall_seconds": 125.3080041410285, "seed_nodes": 1806399, "loss": 0.69694504737854, "all_losses_finite": true}
[Step=0460] Wall=127.4866s | Loss=0.5986
[Profile] Avg ms/step | Load: 99.492 (Prep: 9.835, Struc: 1.267, Fetch: 88.390) | Fwd: 53.251 | Bwd: 64.657 | Opt: 0.713 | GPU_Tot: 208.278
[Autotune] {"version": 1, "step": 460, "wall_seconds": 127.48659602401312, "seed_nodes": 1847359, "loss": 0.5986381053924561, "all_losses_finite": true}
[Step=0470] Wall=129.6462s | Loss=0.5652
[Profile] Avg ms/step | Load: 99.391 (Prep: 9.616, Struc: 1.267, Fetch: 88.508) | Fwd: 53.270 | Bwd: 64.683 | Opt: 0.715 | GPU_Tot: 208.443
[Autotune] {"version": 1, "step": 470, "wall_seconds": 129.64623088104418, "seed_nodes": 1888319, "loss": 0.5652366638183594, "all_losses_finite": true}
[Step=0480] Wall=131.7675s | Loss=0.5260
[Profile] Avg ms/step | Load: 99.210 (Prep: 9.408, Struc: 1.268, Fetch: 88.535) | Fwd: 53.288 | Bwd: 64.708 | Opt: 0.714 | GPU_Tot: 208.512
[Autotune] {"version": 1, "step": 480, "wall_seconds": 131.7674712150474, "seed_nodes": 1929279, "loss": 0.5260284900665283, "all_losses_finite": true}
[Step=0490] Wall=133.6236s | Loss=0.5006
[Profile] Avg ms/step | Load: 98.685 (Prep: 9.218, Struc: 1.265, Fetch: 88.202) | Fwd: 53.192 | Bwd: 64.608 | Opt: 0.712 | GPU_Tot: 207.980
[Autotune] {"version": 1, "step": 490, "wall_seconds": 133.62359758402454, "seed_nodes": 1966150, "loss": 0.50057954788208, "all_losses_finite": true}
[Step=0500] Wall=136.1967s | Loss=0.6165
[Profile] Avg ms/step | Load: 99.509 (Prep: 9.918, Struc: 1.266, Fetch: 88.324) | Fwd: 53.210 | Bwd: 64.634 | Opt: 0.713 | GPU_Tot: 208.147
[Autotune] {"version": 1, "step": 500, "wall_seconds": 136.1967485040077, "seed_nodes": 2007110, "loss": 0.61652512550354, "all_losses_finite": true}
[Step=0510] Wall=138.3758s | Loss=0.5789
[Profile] Avg ms/step | Load: 99.438 (Prep: 9.716, Struc: 1.266, Fetch: 88.456) | Fwd: 53.233 | Bwd: 64.674 | Opt: 0.713 | GPU_Tot: 208.342
[Autotune] {"version": 1, "step": 510, "wall_seconds": 138.37584164500004, "seed_nodes": 2048070, "loss": 0.5788756847381592, "all_losses_finite": true}
[Step=0520] Wall=140.5282s | Loss=0.5453
[Profile] Avg ms/step | Load: 99.337 (Prep: 9.523, Struc: 1.267, Fetch: 88.548) | Fwd: 53.250 | Bwd: 64.696 | Opt: 0.712 | GPU_Tot: 208.473
[Autotune] {"version": 1, "step": 520, "wall_seconds": 140.52818932401715, "seed_nodes": 2089030, "loss": 0.5453356266021728, "all_losses_finite": true}
[Step=0530] Wall=142.6871s | Loss=0.5177
[Profile] Avg ms/step | Load: 99.236 (Prep: 9.337, Struc: 1.267, Fetch: 88.632) | Fwd: 53.270 | Bwd: 64.731 | Opt: 0.712 | GPU_Tot: 208.612
[Autotune] {"version": 1, "step": 530, "wall_seconds": 142.68709016800858, "seed_nodes": 2129990, "loss": 0.5177416801452637, "all_losses_finite": true}
[Step=0540] Wall=144.9372s | Loss=0.5112
[Profile] Avg ms/step | Load: 99.568 (Prep: 9.985, Struc: 1.265, Fetch: 88.318) | Fwd: 53.181 | Bwd: 64.627 | Opt: 0.710 | GPU_Tot: 208.101
[Autotune] {"version": 1, "step": 540, "wall_seconds": 144.93723363499157, "seed_nodes": 2166861, "loss": 0.5112414836883545, "all_losses_finite": true}
[Step=0550] Wall=147.1145s | Loss=0.6000
[Profile] Avg ms/step | Load: 99.509 (Prep: 9.797, Struc: 1.266, Fetch: 88.446) | Fwd: 53.199 | Bwd: 64.658 | Opt: 0.710 | GPU_Tot: 208.279
[Autotune] {"version": 1, "step": 550, "wall_seconds": 147.1145142770256, "seed_nodes": 2207821, "loss": 0.6000015258789062, "all_losses_finite": true}
[Step=0560] Wall=149.2933s | Loss=0.5566
[Profile] Avg ms/step | Load: 99.457 (Prep: 9.617, Struc: 1.266, Fetch: 88.574) | Fwd: 53.216 | Bwd: 64.685 | Opt: 0.710 | GPU_Tot: 208.452
[Autotune] {"version": 1, "step": 560, "wall_seconds": 149.29330252902582, "seed_nodes": 2248781, "loss": 0.5565593719482422, "all_losses_finite": true}
[Step=0570] Wall=151.4714s | Loss=0.5181
[Profile] Avg ms/step | Load: 99.406 (Prep: 9.444, Struc: 1.266, Fetch: 88.696) | Fwd: 53.233 | Bwd: 64.710 | Opt: 0.710 | GPU_Tot: 208.616
[Autotune] {"version": 1, "step": 570, "wall_seconds": 151.47143196000252, "seed_nodes": 2289741, "loss": 0.5181454658508301, "all_losses_finite": true}
[Step=0580] Wall=153.6567s | Loss=0.5078
[Profile] Avg ms/step | Load: 99.356 (Prep: 9.294, Struc: 1.267, Fetch: 88.795) | Fwd: 53.253 | Bwd: 64.746 | Opt: 0.710 | GPU_Tot: 208.771
[Autotune] {"version": 1, "step": 580, "wall_seconds": 153.65671358600957, "seed_nodes": 2330701, "loss": 0.5077704429626465, "all_losses_finite": true}
[Step=0590] Wall=155.9478s | Loss=0.5297
[Profile] Avg ms/step | Load: 99.731 (Prep: 9.944, Struc: 1.265, Fetch: 88.522) | Fwd: 53.174 | Bwd: 64.649 | Opt: 0.709 | GPU_Tot: 208.319
[Autotune] {"version": 1, "step": 590, "wall_seconds": 155.9478453019983, "seed_nodes": 2367572, "loss": 0.5297110557556153, "all_losses_finite": true}
[Step=0600] Wall=158.0884s | Loss=0.5972
[Profile] Avg ms/step | Load: 99.610 (Prep: 9.773, Struc: 1.265, Fetch: 88.572) | Fwd: 53.190 | Bwd: 64.674 | Opt: 0.709 | GPU_Tot: 208.410
[Autotune] {"version": 1, "step": 600, "wall_seconds": 158.08841072802898, "seed_nodes": 2408532, "loss": 0.5971787929534912, "all_losses_finite": true}
[Step=0610] Wall=160.2236s | Loss=0.5515
[Profile] Avg ms/step | Load: 99.491 (Prep: 9.609, Struc: 1.266, Fetch: 88.616) | Fwd: 53.205 | Bwd: 64.693 | Opt: 0.710 | GPU_Tot: 208.489
[Autotune] {"version": 1, "step": 610, "wall_seconds": 160.22356145503, "seed_nodes": 2449492, "loss": 0.5514594554901123, "all_losses_finite": true}
[Step=0620] Wall=162.3757s | Loss=0.5508
[Profile] Avg ms/step | Load: 99.395 (Prep: 9.451, Struc: 1.266, Fetch: 88.678) | Fwd: 53.222 | Bwd: 64.719 | Opt: 0.709 | GPU_Tot: 208.594
[Autotune] {"version": 1, "step": 620, "wall_seconds": 162.37574335403042, "seed_nodes": 2490452, "loss": 0.5508334159851074, "all_losses_finite": true}
[Step=0630] Wall=164.5428s | Loss=0.5032
[Profile] Avg ms/step | Load: 99.325 (Prep: 9.315, Struc: 1.266, Fetch: 88.744) | Fwd: 53.239 | Bwd: 64.745 | Opt: 0.710 | GPU_Tot: 208.704
[Autotune] {"version": 1, "step": 630, "wall_seconds": 164.54283123003552, "seed_nodes": 2531412, "loss": 0.5032438278198242, "all_losses_finite": true}
[Step=0640] Wall=166.8237s | Loss=0.6642
[Profile] Avg ms/step | Load: 99.638 (Prep: 9.876, Struc: 1.265, Fetch: 88.497) | Fwd: 53.169 | Bwd: 64.668 | Opt: 0.709 | GPU_Tot: 208.308
[Autotune] {"version": 1, "step": 640, "wall_seconds": 166.82368355302606, "seed_nodes": 2568283, "loss": 0.664161205291748, "all_losses_finite": true}
[Step=0650] Wall=168.9847s | Loss=0.6596
[Profile] Avg ms/step | Load: 99.557 (Prep: 9.721, Struc: 1.265, Fetch: 88.571) | Fwd: 53.186 | Bwd: 64.694 | Opt: 0.709 | GPU_Tot: 208.425
[Autotune] {"version": 1, "step": 650, "wall_seconds": 168.98467122600414, "seed_nodes": 2609243, "loss": 0.6596395969390869, "all_losses_finite": true}
[Step=0660] Wall=171.1274s | Loss=0.6058
[Profile] Avg ms/step | Load: 99.449 (Prep: 9.571, Struc: 1.266, Fetch: 88.612) | Fwd: 53.202 | Bwd: 64.721 | Opt: 0.709 | GPU_Tot: 208.510
[Autotune] {"version": 1, "step": 660, "wall_seconds": 171.12735509802587, "seed_nodes": 2650203, "loss": 0.6058344364166259, "all_losses_finite": true}
[Step=0670] Wall=173.3060s | Loss=0.5619
[Profile] Avg ms/step | Load: 99.410 (Prep: 9.426, Struc: 1.266, Fetch: 88.718) | Fwd: 53.216 | Bwd: 64.739 | Opt: 0.709 | GPU_Tot: 208.648
[Autotune] {"version": 1, "step": 670, "wall_seconds": 173.30598463799106, "seed_nodes": 2691163, "loss": 0.5619337558746338, "all_losses_finite": true}
[Step=0680] Wall=175.4790s | Loss=0.5294
[Profile] Avg ms/step | Load: 99.357 (Prep: 9.299, Struc: 1.266, Fetch: 88.792) | Fwd: 53.231 | Bwd: 64.762 | Opt: 0.709 | GPU_Tot: 208.760
[Autotune] {"version": 1, "step": 680, "wall_seconds": 175.47900209302315, "seed_nodes": 2732123, "loss": 0.529412031173706, "all_losses_finite": true}
[Step=0690] Wall=177.7898s | Loss=0.5289
[Profile] Avg ms/step | Load: 99.693 (Prep: 9.857, Struc: 1.265, Fetch: 88.572) | Fwd: 53.165 | Bwd: 64.690 | Opt: 0.708 | GPU_Tot: 208.400
[Autotune] {"version": 1, "step": 690, "wall_seconds": 177.7898464089958, "seed_nodes": 2768994, "loss": 0.5289290428161622, "all_losses_finite": true}
[Step=0700] Wall=179.9358s | Loss=0.5528
[Profile] Avg ms/step | Load: 99.594 (Prep: 9.714, Struc: 1.265, Fetch: 88.615) | Fwd: 53.181 | Bwd: 64.715 | Opt: 0.709 | GPU_Tot: 208.484
[Autotune] {"version": 1, "step": 700, "wall_seconds": 179.9357929090038, "seed_nodes": 2809954, "loss": 0.5528062343597412, "all_losses_finite": true}
[Step=0710] Wall=182.1047s | Loss=0.5364
[Profile] Avg ms/step | Load: 99.531 (Prep: 9.575, Struc: 1.265, Fetch: 88.690) | Fwd: 53.197 | Bwd: 64.740 | Opt: 0.708 | GPU_Tot: 208.600
[Autotune] {"version": 1, "step": 710, "wall_seconds": 182.10466094402364, "seed_nodes": 2850914, "loss": 0.5363919734954834, "all_losses_finite": true}
[Step=0720] Wall=184.2822s | Loss=0.5068
[Profile] Avg ms/step | Load: 99.490 (Prep: 9.441, Struc: 1.266, Fetch: 88.784) | Fwd: 53.210 | Bwd: 64.758 | Opt: 0.708 | GPU_Tot: 208.726
[Autotune] {"version": 1, "step": 720, "wall_seconds": 184.28221826901427, "seed_nodes": 2891874, "loss": 0.5067601203918457, "all_losses_finite": true}
[Step=0730] Wall=186.4215s | Loss=0.4949
[Profile] Avg ms/step | Load: 99.395 (Prep: 9.322, Struc: 1.266, Fetch: 88.808) | Fwd: 53.224 | Bwd: 64.776 | Opt: 0.708 | GPU_Tot: 208.781
[Autotune] {"version": 1, "step": 730, "wall_seconds": 186.42154928902164, "seed_nodes": 2932834, "loss": 0.49491705894470217, "all_losses_finite": true}
[Step=0740] Wall=188.7321s | Loss=0.7841
[Profile] Avg ms/step | Load: 99.707 (Prep: 9.812, Struc: 1.265, Fetch: 88.631) | Fwd: 53.163 | Bwd: 64.708 | Opt: 0.707 | GPU_Tot: 208.473
[Autotune] {"version": 1, "step": 740, "wall_seconds": 188.732085560041, "seed_nodes": 2969705, "loss": 0.7841396331787109, "all_losses_finite": true}
[Step=0750] Wall=190.8992s | Loss=0.6878
[Profile] Avg ms/step | Load: 99.646 (Prep: 9.679, Struc: 1.265, Fetch: 88.702) | Fwd: 53.178 | Bwd: 64.729 | Opt: 0.707 | GPU_Tot: 208.581
[Autotune] {"version": 1, "step": 750, "wall_seconds": 190.89920119999442, "seed_nodes": 3010665, "loss": 0.6877701759338379, "all_losses_finite": true}
[Step=0760] Wall=193.0863s | Loss=0.6092
[Profile] Avg ms/step | Load: 99.611 (Prep: 9.551, Struc: 1.265, Fetch: 88.795) | Fwd: 53.193 | Bwd: 64.753 | Opt: 0.707 | GPU_Tot: 208.713
[Autotune] {"version": 1, "step": 760, "wall_seconds": 193.08628542802762, "seed_nodes": 3051625, "loss": 0.6091618061065673, "all_losses_finite": true}
[Step=0770] Wall=195.2971s | Loss=0.5827
[Profile] Avg ms/step | Load: 99.609 (Prep: 9.426, Struc: 1.265, Fetch: 88.918) | Fwd: 53.208 | Bwd: 64.776 | Opt: 0.707 | GPU_Tot: 208.874
[Autotune] {"version": 1, "step": 770, "wall_seconds": 195.29711253999267, "seed_nodes": 3092585, "loss": 0.5826925277709961, "all_losses_finite": true}
[Step=0780] Wall=197.4004s | Loss=0.5456
[Profile] Avg ms/step | Load: 99.469 (Prep: 9.314, Struc: 1.266, Fetch: 88.889) | Fwd: 53.221 | Bwd: 64.794 | Opt: 0.706 | GPU_Tot: 208.875
[Autotune] {"version": 1, "step": 780, "wall_seconds": 197.40044082701206, "seed_nodes": 3133545, "loss": 0.5455754280090332, "all_losses_finite": true}
[Step=0790] Wall=199.7414s | Loss=0.5388
[Profile] Avg ms/step | Load: 99.793 (Prep: 9.750, Struc: 1.264, Fetch: 88.779) | Fwd: 53.166 | Bwd: 64.734 | Opt: 0.707 | GPU_Tot: 208.650
[Autotune] {"version": 1, "step": 790, "wall_seconds": 199.74142858403502, "seed_nodes": 3170416, "loss": 0.5387992858886719, "all_losses_finite": true}
[Step=0800] Wall=201.9365s | Loss=0.5632
[Profile] Avg ms/step | Load: 99.770 (Prep: 9.627, Struc: 1.265, Fetch: 88.878) | Fwd: 53.179 | Bwd: 64.756 | Opt: 0.707 | GPU_Tot: 208.784
[Autotune] {"version": 1, "step": 800, "wall_seconds": 201.93651604803745, "seed_nodes": 3211376, "loss": 0.5631531238555908, "all_losses_finite": true}
[Step=0810] Wall=204.0951s | Loss=0.5369
[Profile] Avg ms/step | Load: 99.702 (Prep: 9.507, Struc: 1.265, Fetch: 88.930) | Fwd: 53.192 | Bwd: 64.775 | Opt: 0.707 | GPU_Tot: 208.868
[Autotune] {"version": 1, "step": 810, "wall_seconds": 204.09508691204246, "seed_nodes": 3252336, "loss": 0.5369281768798828, "all_losses_finite": true}
[Step=0820] Wall=206.2522s | Loss=0.5229
[Profile] Avg ms/step | Load: 99.628 (Prep: 9.391, Struc: 1.265, Fetch: 88.972) | Fwd: 53.206 | Bwd: 64.798 | Opt: 0.707 | GPU_Tot: 208.948
[Autotune] {"version": 1, "step": 820, "wall_seconds": 206.25224719801918, "seed_nodes": 3293296, "loss": 0.5228899955749512, "all_losses_finite": true}
[Step=0830] Wall=208.3427s | Loss=0.4994
[Profile] Avg ms/step | Load: 99.484 (Prep: 9.287, Struc: 1.265, Fetch: 88.932) | Fwd: 53.218 | Bwd: 64.811 | Opt: 0.706 | GPU_Tot: 208.932
[Autotune] {"version": 1, "step": 830, "wall_seconds": 208.34268930001417, "seed_nodes": 3334256, "loss": 0.4993699073791504, "all_losses_finite": true}
[Step=0840] Wall=210.6584s | Loss=0.5025
[Profile] Avg ms/step | Load: 99.762 (Prep: 9.684, Struc: 1.264, Fetch: 88.813) | Fwd: 53.165 | Bwd: 64.751 | Opt: 0.706 | GPU_Tot: 208.699
[Autotune] {"version": 1, "step": 840, "wall_seconds": 210.65843211201718, "seed_nodes": 3371127, "loss": 0.502535343170166, "all_losses_finite": true}
[Step=0850] Wall=212.7979s | Loss=0.5269
[Profile] Avg ms/step | Load: 99.676 (Prep: 9.570, Struc: 1.265, Fetch: 88.841) | Fwd: 53.177 | Bwd: 64.768 | Opt: 0.706 | GPU_Tot: 208.757
[Autotune] {"version": 1, "step": 850, "wall_seconds": 212.7978934160201, "seed_nodes": 3412087, "loss": 0.5268967628479004, "all_losses_finite": true}
[Step=0860] Wall=214.9812s | Loss=0.5078
[Profile] Avg ms/step | Load: 99.639 (Prep: 9.458, Struc: 1.265, Fetch: 88.916) | Fwd: 53.191 | Bwd: 64.789 | Opt: 0.706 | GPU_Tot: 208.866
[Autotune] {"version": 1, "step": 860, "wall_seconds": 214.9812023229897, "seed_nodes": 3453047, "loss": 0.5077562808990479, "all_losses_finite": true}
[Step=0870] Wall=217.1231s | Loss=0.4994
[Profile] Avg ms/step | Load: 99.557 (Prep: 9.349, Struc: 1.265, Fetch: 88.943) | Fwd: 53.203 | Bwd: 64.806 | Opt: 0.706 | GPU_Tot: 208.923
[Autotune] {"version": 1, "step": 870, "wall_seconds": 217.12310070398962, "seed_nodes": 3494007, "loss": 0.49940991401672363, "all_losses_finite": true}
[Step=0880] Wall=219.2019s | Loss=0.4782
[Profile] Avg ms/step | Load: 99.402 (Prep: 9.252, Struc: 1.265, Fetch: 88.884) | Fwd: 53.216 | Bwd: 64.824 | Opt: 0.705 | GPU_Tot: 208.894
[Autotune] {"version": 1, "step": 880, "wall_seconds": 219.20193303900305, "seed_nodes": 3534967, "loss": 0.47824525833129883, "all_losses_finite": true}
[Step=0890] Wall=221.5807s | Loss=0.5624
[Profile] Avg ms/step | Load: 99.742 (Prep: 9.694, Struc: 1.264, Fetch: 88.784) | Fwd: 53.164 | Bwd: 64.766 | Opt: 0.705 | GPU_Tot: 208.682
[Autotune] {"version": 1, "step": 890, "wall_seconds": 221.58068276999984, "seed_nodes": 3571838, "loss": 0.5623630523681641, "all_losses_finite": true}
[Step=0900] Wall=223.7656s | Loss=0.5549
[Profile] Avg ms/step | Load: 99.719 (Prep: 9.586, Struc: 1.264, Fetch: 88.869) | Fwd: 53.173 | Bwd: 64.778 | Opt: 0.705 | GPU_Tot: 208.790
[Autotune] {"version": 1, "step": 900, "wall_seconds": 223.76559224602534, "seed_nodes": 3612798, "loss": 0.5548599243164063, "all_losses_finite": true}
[Step=0910] Wall=225.9450s | Loss=0.5276
[Profile] Avg ms/step | Load: 99.688 (Prep: 9.480, Struc: 1.265, Fetch: 88.943) | Fwd: 53.183 | Bwd: 64.793 | Opt: 0.705 | GPU_Tot: 208.888
[Autotune] {"version": 1, "step": 910, "wall_seconds": 225.94497650599806, "seed_nodes": 3653758, "loss": 0.5275991916656494, "all_losses_finite": true}
[Step=0920] Wall=228.0908s | Loss=0.5072
[Profile] Avg ms/step | Load: 99.621 (Prep: 9.378, Struc: 1.265, Fetch: 88.978) | Fwd: 53.191 | Bwd: 64.807 | Opt: 0.705 | GPU_Tot: 208.945
[Autotune] {"version": 1, "step": 920, "wall_seconds": 228.09078934701392, "seed_nodes": 3694718, "loss": 0.5071842193603515, "all_losses_finite": true}
[Step=0930] Wall=230.1389s | Loss=0.4910
[Profile] Avg ms/step | Load: 99.444 (Prep: 9.285, Struc: 1.265, Fetch: 88.894) | Fwd: 53.200 | Bwd: 64.822 | Opt: 0.704 | GPU_Tot: 208.884
[Autotune] {"version": 1, "step": 930, "wall_seconds": 230.1389432779979, "seed_nodes": 3735678, "loss": 0.49100475311279296, "all_losses_finite": true}
[Step=0940] Wall=232.5461s | Loss=0.5138
[Profile] Avg ms/step | Load: 99.803 (Prep: 9.680, Struc: 1.264, Fetch: 88.859) | Fwd: 53.149 | Bwd: 64.761 | Opt: 0.704 | GPU_Tot: 208.737
[Autotune] {"version": 1, "step": 940, "wall_seconds": 232.54608269303571, "seed_nodes": 3772549, "loss": 0.5138235569000245, "all_losses_finite": true}
[Step=0950] Wall=234.7276s | Loss=0.5364
[Profile] Avg ms/step | Load: 99.777 (Prep: 9.578, Struc: 1.264, Fetch: 88.934) | Fwd: 53.158 | Bwd: 64.773 | Opt: 0.705 | GPU_Tot: 208.834
[Autotune] {"version": 1, "step": 950, "wall_seconds": 234.72758506203536, "seed_nodes": 3813509, "loss": 0.5364050388336181, "all_losses_finite": true}
[Step=0960] Wall=236.8829s | Loss=0.5042
[Profile] Avg ms/step | Load: 99.718 (Prep: 9.479, Struc: 1.265, Fetch: 88.974) | Fwd: 53.167 | Bwd: 64.789 | Opt: 0.705 | GPU_Tot: 208.900
[Autotune] {"version": 1, "step": 960, "wall_seconds": 236.88285146001726, "seed_nodes": 3854469, "loss": 0.5042405605316163, "all_losses_finite": true}
[Step=0970] Wall=239.0711s | Loss=0.4981
[Profile] Avg ms/step | Load: 99.693 (Prep: 9.381, Struc: 1.265, Fetch: 89.047) | Fwd: 53.177 | Bwd: 64.806 | Opt: 0.705 | GPU_Tot: 209.000
[Autotune] {"version": 1, "step": 970, "wall_seconds": 239.07111335999798, "seed_nodes": 3895429, "loss": 0.49805126190185545, "all_losses_finite": true}
[Step=0980] Wall=240.9051s | Loss=0.4552
[Profile] Avg ms/step | Load: 99.424 (Prep: 9.294, Struc: 1.264, Fetch: 88.866) | Fwd: 53.130 | Bwd: 64.749 | Opt: 0.704 | GPU_Tot: 208.713
[Autotune] {"version": 1, "step": 980, "wall_seconds": 240.9050514860428, "seed_nodes": 3932300, "loss": 0.45524158477783205, "all_losses_finite": true}
[Step=0990] Wall=243.5121s | Loss=0.5130
[Profile] Avg ms/step | Load: 99.849 (Prep: 9.670, Struc: 1.264, Fetch: 88.915) | Fwd: 53.139 | Bwd: 64.762 | Opt: 0.704 | GPU_Tot: 208.785
[Autotune] {"version": 1, "step": 990, "wall_seconds": 243.51209763303632, "seed_nodes": 3973260, "loss": 0.5129749298095703, "all_losses_finite": true}
[Step=1000] Wall=245.6828s | Loss=0.5034
[Profile] Avg ms/step | Load: 99.809 (Prep: 9.573, Struc: 1.264, Fetch: 88.972) | Fwd: 53.148 | Bwd: 64.776 | Opt: 0.705 | GPU_Tot: 208.865
[Autotune] {"version": 1, "step": 1000, "wall_seconds": 245.68279802799225, "seed_nodes": 4014220, "loss": 0.5033669948577881, "all_losses_finite": true}
[Step=1010] Wall=247.8495s | Loss=0.4925
[Profile] Avg ms/step | Load: 99.758 (Prep: 9.481, Struc: 1.265, Fetch: 89.013) | Fwd: 53.158 | Bwd: 64.797 | Opt: 0.705 | GPU_Tot: 208.937
[Autotune] {"version": 1, "step": 1010, "wall_seconds": 247.8495495780371, "seed_nodes": 4055180, "loss": 0.49252867698669434, "all_losses_finite": true}
[Step=1020] Wall=250.0549s | Loss=0.4826
[Profile] Avg ms/step | Load: 99.760 (Prep: 9.389, Struc: 1.265, Fetch: 89.107) | Fwd: 53.166 | Bwd: 64.808 | Opt: 0.705 | GPU_Tot: 209.049
[Autotune] {"version": 1, "step": 1020, "wall_seconds": 250.0548771400354, "seed_nodes": 4096140, "loss": 0.48256773948669435, "all_losses_finite": true}
[Step=1030] Wall=252.3164s | Loss=0.4911
[Profile] Avg ms/step | Load: 99.931 (Prep: 9.720, Struc: 1.264, Fetch: 88.947) | Fwd: 53.122 | Bwd: 64.757 | Opt: 0.704 | GPU_Tot: 208.794
[Autotune] {"version": 1, "step": 1030, "wall_seconds": 252.3163671240327, "seed_nodes": 4133011, "loss": 0.4911165237426758, "all_losses_finite": true}
[Step=1040] Wall=254.4698s | Loss=0.5846
[Profile] Avg ms/step | Load: 99.870 (Prep: 9.627, Struc: 1.264, Fetch: 88.978) | Fwd: 53.131 | Bwd: 64.775 | Opt: 0.704 | GPU_Tot: 208.853
[Autotune] {"version": 1, "step": 1040, "wall_seconds": 254.46976993401768, "seed_nodes": 4173971, "loss": 0.5846058368682862, "all_losses_finite": true}
[Step=1050] Wall=256.6438s | Loss=0.5260
[Profile] Avg ms/step | Load: 99.828 (Prep: 9.536, Struc: 1.264, Fetch: 89.027) | Fwd: 53.142 | Bwd: 64.794 | Opt: 0.705 | GPU_Tot: 208.931
[Autotune] {"version": 1, "step": 1050, "wall_seconds": 256.64380715502193, "seed_nodes": 4214931, "loss": 0.5259742259979248, "all_losses_finite": true}
[Step=1060] Wall=258.8334s | Loss=0.4974
[Profile] Avg ms/step | Load: 99.808 (Prep: 9.447, Struc: 1.264, Fetch: 89.097) | Fwd: 53.149 | Bwd: 64.809 | Opt: 0.704 | GPU_Tot: 209.024
[Autotune] {"version": 1, "step": 1060, "wall_seconds": 258.8333833970246, "seed_nodes": 4255891, "loss": 0.49742765426635743, "all_losses_finite": true}
[Step=1070] Wall=261.0046s | Loss=0.4848
[Profile] Avg ms/step | Load: 99.774 (Prep: 9.368, Struc: 1.265, Fetch: 89.140) | Fwd: 53.157 | Bwd: 64.820 | Opt: 0.705 | GPU_Tot: 209.087
[Autotune] {"version": 1, "step": 1070, "wall_seconds": 261.00456068699714, "seed_nodes": 4296851, "loss": 0.4848480701446533, "all_losses_finite": true}
[Step=1080] Wall=263.2956s | Loss=0.4540
[Profile] Avg ms/step | Load: 99.959 (Prep: 9.709, Struc: 1.264, Fetch: 88.986) | Fwd: 53.117 | Bwd: 64.777 | Opt: 0.704 | GPU_Tot: 208.847
[Autotune] {"version": 1, "step": 1080, "wall_seconds": 263.2956446229946, "seed_nodes": 4333722, "loss": 0.4539919853210449, "all_losses_finite": true}
[Step=1090] Wall=265.4682s | Loss=0.4839
[Profile] Avg ms/step | Load: 99.921 (Prep: 9.620, Struc: 1.264, Fetch: 89.036) | Fwd: 53.125 | Bwd: 64.792 | Opt: 0.704 | GPU_Tot: 208.922
[Autotune] {"version": 1, "step": 1090, "wall_seconds": 265.4682499640039, "seed_nodes": 4374682, "loss": 0.48394012451171875, "all_losses_finite": true}
[Step=1100] Wall=267.6541s | Loss=0.4727
[Profile] Avg ms/step | Load: 99.890 (Prep: 9.533, Struc: 1.264, Fetch: 89.093) | Fwd: 53.135 | Bwd: 64.812 | Opt: 0.704 | GPU_Tot: 209.007
[Autotune] {"version": 1, "step": 1100, "wall_seconds": 267.6541220880463, "seed_nodes": 4415642, "loss": 0.47274556159973147, "all_losses_finite": true}
[Step=1110] Wall=269.8392s | Loss=0.4726
[Profile] Avg ms/step | Load: 99.862 (Prep: 9.448, Struc: 1.264, Fetch: 89.150) | Fwd: 53.144 | Bwd: 64.829 | Opt: 0.704 | GPU_Tot: 209.090
[Autotune] {"version": 1, "step": 1110, "wall_seconds": 269.83922814700054, "seed_nodes": 4456602, "loss": 0.47259955406188964, "all_losses_finite": true}
[Step=1120] Wall=271.9903s | Loss=0.4733
[Profile] Avg ms/step | Load: 99.811 (Prep: 9.373, Struc: 1.265, Fetch: 89.173) | Fwd: 53.151 | Bwd: 64.839 | Opt: 0.704 | GPU_Tot: 209.132
[Autotune] {"version": 1, "step": 1120, "wall_seconds": 271.9903454580344, "seed_nodes": 4497562, "loss": 0.4733124256134033, "all_losses_finite": true}
[Step=1130] Wall=274.2424s | Loss=0.5077
[Profile] Avg ms/step | Load: 99.962 (Prep: 9.666, Struc: 1.264, Fetch: 89.031) | Fwd: 53.111 | Bwd: 64.789 | Opt: 0.703 | GPU_Tot: 208.898
[Autotune] {"version": 1, "step": 1130, "wall_seconds": 274.2424200940295, "seed_nodes": 4534433, "loss": 0.5076714515686035, "all_losses_finite": true}
[Step=1140] Wall=276.4004s | Loss=0.5988
[Profile] Avg ms/step | Load: 99.913 (Prep: 9.582, Struc: 1.264, Fetch: 89.067) | Fwd: 53.119 | Bwd: 64.802 | Opt: 0.703 | GPU_Tot: 208.956
[Autotune] {"version": 1, "step": 1140, "wall_seconds": 276.4003776240279, "seed_nodes": 4575393, "loss": 0.598826551437378, "all_losses_finite": true}
[Step=1150] Wall=278.5597s | Loss=0.5208
[Profile] Avg ms/step | Load: 99.866 (Prep: 9.500, Struc: 1.264, Fetch: 89.102) | Fwd: 53.128 | Bwd: 64.816 | Opt: 0.703 | GPU_Tot: 209.013
[Autotune] {"version": 1, "step": 1150, "wall_seconds": 278.55965334700886, "seed_nodes": 4616353, "loss": 0.5207920551300049, "all_losses_finite": true}
[Step=1160] Wall=280.7023s | Loss=0.5058
[Profile] Avg ms/step | Load: 99.801 (Prep: 9.419, Struc: 1.264, Fetch: 89.118) | Fwd: 53.137 | Bwd: 64.833 | Opt: 0.703 | GPU_Tot: 209.054
[Autotune] {"version": 1, "step": 1160, "wall_seconds": 280.7022832680377, "seed_nodes": 4657313, "loss": 0.5057543277740478, "all_losses_finite": true}
[Step=1170] Wall=282.8208s | Loss=0.4816
[Profile] Avg ms/step | Load: 99.719 (Prep: 9.349, Struc: 1.265, Fetch: 89.105) | Fwd: 53.145 | Bwd: 64.847 | Opt: 0.703 | GPU_Tot: 209.064
[Autotune] {"version": 1, "step": 1170, "wall_seconds": 282.82075551501475, "seed_nodes": 4698273, "loss": 0.48162093162536623, "all_losses_finite": true}
[Step=1180] Wall=285.1004s | Loss=0.4286
[Profile] Avg ms/step | Load: 99.875 (Prep: 9.630, Struc: 1.264, Fetch: 88.981) | Fwd: 53.108 | Bwd: 64.809 | Opt: 0.703 | GPU_Tot: 208.864
[Autotune] {"version": 1, "step": 1180, "wall_seconds": 285.1003534650081, "seed_nodes": 4735144, "loss": 0.4285736560821533, "all_losses_finite": true}
[Step=1190] Wall=287.2656s | Loss=0.4802
[Profile] Avg ms/step | Load: 99.834 (Prep: 9.550, Struc: 1.264, Fetch: 89.020) | Fwd: 53.116 | Bwd: 64.823 | Opt: 0.703 | GPU_Tot: 208.926
[Autotune] {"version": 1, "step": 1190, "wall_seconds": 287.26556553604314, "seed_nodes": 4776104, "loss": 0.4801913261413574, "all_losses_finite": true}
[Step=1200] Wall=289.4129s | Loss=0.4767
[Profile] Avg ms/step | Load: 99.777 (Prep: 9.472, Struc: 1.264, Fetch: 89.041) | Fwd: 53.124 | Bwd: 64.838 | Opt: 0.703 | GPU_Tot: 208.970
[Autotune] {"version": 1, "step": 1200, "wall_seconds": 289.4128611080232, "seed_nodes": 4817064, "loss": 0.4766740322113037, "all_losses_finite": true}
[Step=1210] Wall=291.5784s | Loss=0.4597
[Profile] Avg ms/step | Load: 99.741 (Prep: 9.394, Struc: 1.264, Fetch: 89.082) | Fwd: 53.132 | Bwd: 64.848 | Opt: 0.703 | GPU_Tot: 209.030
[Autotune] {"version": 1, "step": 1210, "wall_seconds": 291.57837085804204, "seed_nodes": 4858024, "loss": 0.4597360134124756, "all_losses_finite": true}
[Step=1220] Wall=293.7229s | Loss=0.4625
[Profile] Avg ms/step | Load: 99.688 (Prep: 9.326, Struc: 1.264, Fetch: 89.097) | Fwd: 53.139 | Bwd: 64.860 | Opt: 0.703 | GPU_Tot: 209.063
[Autotune] {"version": 1, "step": 1220, "wall_seconds": 293.7228747900226, "seed_nodes": 4898984, "loss": 0.4624673843383789, "all_losses_finite": true}
[Step=1230] Wall=296.0904s | Loss=0.5528
[Profile] Avg ms/step | Load: 99.915 (Prep: 9.642, Struc: 1.264, Fetch: 89.009) | Fwd: 53.103 | Bwd: 64.822 | Opt: 0.702 | GPU_Tot: 208.900
[Autotune] {"version": 1, "step": 1230, "wall_seconds": 296.09042305499315, "seed_nodes": 4935855, "loss": 0.5528053283691406, "all_losses_finite": true}
[Step=1240] Wall=298.2587s | Loss=0.5392
[Profile] Avg ms/step | Load: 99.881 (Prep: 9.565, Struc: 1.264, Fetch: 89.052) | Fwd: 53.110 | Bwd: 64.832 | Opt: 0.703 | GPU_Tot: 208.960
[Autotune] {"version": 1, "step": 1240, "wall_seconds": 298.2586854080437, "seed_nodes": 4976815, "loss": 0.5392431259155274, "all_losses_finite": true}
[Step=1250] Wall=300.4234s | Loss=0.5086
[Profile] Avg ms/step | Load: 99.845 (Prep: 9.490, Struc: 1.264, Fetch: 89.091) | Fwd: 53.117 | Bwd: 64.843 | Opt: 0.703 | GPU_Tot: 209.018
[Autotune] {"version": 1, "step": 1250, "wall_seconds": 300.4233586520422, "seed_nodes": 5017775, "loss": 0.5085672378540039, "all_losses_finite": true}
[Step=1260] Wall=302.6026s | Loss=0.4945
[Profile] Avg ms/step | Load: 99.816 (Prep: 9.415, Struc: 1.264, Fetch: 89.137) | Fwd: 53.125 | Bwd: 64.857 | Opt: 0.703 | GPU_Tot: 209.086
[Autotune] {"version": 1, "step": 1260, "wall_seconds": 302.60257280402584, "seed_nodes": 5058735, "loss": 0.49454193115234374, "all_losses_finite": true}
[Step=1270] Wall=304.7036s | Loss=0.4668
[Profile] Avg ms/step | Load: 99.732 (Prep: 9.349, Struc: 1.264, Fetch: 89.119) | Fwd: 53.132 | Bwd: 64.865 | Opt: 0.702 | GPU_Tot: 209.082
[Autotune] {"version": 1, "step": 1270, "wall_seconds": 304.70363894099137, "seed_nodes": 5099695, "loss": 0.4668154716491699, "all_losses_finite": true}
[Step=1280] Wall=307.0024s | Loss=0.5497
[Profile] Avg ms/step | Load: 99.899 (Prep: 9.605, Struc: 1.264, Fetch: 89.030) | Fwd: 53.097 | Bwd: 64.824 | Opt: 0.702 | GPU_Tot: 208.917
[Autotune] {"version": 1, "step": 1280, "wall_seconds": 307.00235269300174, "seed_nodes": 5136566, "loss": 0.5497020244598388, "all_losses_finite": true}
[Step=1290] Wall=309.1389s | Loss=0.5299
[Profile] Avg ms/step | Load: 99.839 (Prep: 9.532, Struc: 1.264, Fetch: 89.044) | Fwd: 53.105 | Bwd: 64.836 | Opt: 0.702 | GPU_Tot: 208.950
[Autotune] {"version": 1, "step": 1290, "wall_seconds": 309.1389336080174, "seed_nodes": 5177526, "loss": 0.5298709869384766, "all_losses_finite": true}
[Step=1300] Wall=311.3240s | Loss=0.5142
[Profile] Avg ms/step | Load: 99.813 (Prep: 9.459, Struc: 1.264, Fetch: 89.090) | Fwd: 53.113 | Bwd: 64.852 | Opt: 0.702 | GPU_Tot: 209.021
[Autotune] {"version": 1, "step": 1300, "wall_seconds": 311.32401538902195, "seed_nodes": 5218486, "loss": 0.5142151832580566, "all_losses_finite": true}
[Step=1310] Wall=313.4807s | Loss=0.4959
[Profile] Avg ms/step | Load: 99.771 (Prep: 9.388, Struc: 1.264, Fetch: 89.118) | Fwd: 53.120 | Bwd: 64.864 | Opt: 0.702 | GPU_Tot: 209.068
[Autotune] {"version": 1, "step": 1310, "wall_seconds": 313.4807454760303, "seed_nodes": 5259446, "loss": 0.4959136962890625, "all_losses_finite": true}
[Step=1320] Wall=315.5683s | Loss=0.4901
[Profile] Avg ms/step | Load: 99.673 (Prep: 9.324, Struc: 1.264, Fetch: 89.084) | Fwd: 53.127 | Bwd: 64.877 | Opt: 0.702 | GPU_Tot: 209.055
[Autotune] {"version": 1, "step": 1320, "wall_seconds": 315.568300732004, "seed_nodes": 5300406, "loss": 0.49010133743286133, "all_losses_finite": true}
[Step=1330] Wall=317.9289s | Loss=0.4571
[Profile] Avg ms/step | Load: 99.882 (Prep: 9.601, Struc: 1.264, Fetch: 89.018) | Fwd: 53.094 | Bwd: 64.837 | Opt: 0.702 | GPU_Tot: 208.914
[Autotune] {"version": 1, "step": 1330, "wall_seconds": 317.928877191036, "seed_nodes": 5337277, "loss": 0.4570933818817139, "all_losses_finite": true}
[Step=1340] Wall=320.1000s | Loss=0.5264
[Profile] Avg ms/step | Load: 99.849 (Prep: 9.530, Struc: 1.264, Fetch: 89.055) | Fwd: 53.101 | Bwd: 64.850 | Opt: 0.702 | GPU_Tot: 208.973
[Autotune] {"version": 1, "step": 1340, "wall_seconds": 320.09997140604537, "seed_nodes": 5378237, "loss": 0.5264200210571289, "all_losses_finite": true}
[Step=1350] Wall=322.2736s | Loss=0.4971
[Profile] Avg ms/step | Load: 99.820 (Prep: 9.461, Struc: 1.264, Fetch: 89.095) | Fwd: 53.108 | Bwd: 64.862 | Opt: 0.702 | GPU_Tot: 209.032
[Autotune] {"version": 1, "step": 1350, "wall_seconds": 322.2735651660478, "seed_nodes": 5419197, "loss": 0.4971108913421631, "all_losses_finite": true}
[Step=1360] Wall=324.4388s | Loss=0.4828
[Profile] Avg ms/step | Load: 99.782 (Prep: 9.392, Struc: 1.264, Fetch: 89.126) | Fwd: 53.116 | Bwd: 64.876 | Opt: 0.702 | GPU_Tot: 209.084
[Autotune] {"version": 1, "step": 1360, "wall_seconds": 324.4388254910009, "seed_nodes": 5460157, "loss": 0.4827861785888672, "all_losses_finite": true}
[Step=1370] Wall=326.5022s | Loss=0.4720
[Profile] Avg ms/step | Load: 99.676 (Prep: 9.331, Struc: 1.264, Fetch: 89.080) | Fwd: 53.123 | Bwd: 64.883 | Opt: 0.702 | GPU_Tot: 209.052
[Autotune] {"version": 1, "step": 1370, "wall_seconds": 326.502185452031, "seed_nodes": 5501117, "loss": 0.47198486328125, "all_losses_finite": true}
[Step=1380] Wall=328.8835s | Loss=0.5809
[Profile] Avg ms/step | Load: 99.890 (Prep: 9.599, Struc: 1.264, Fetch: 89.027) | Fwd: 53.091 | Bwd: 64.846 | Opt: 0.702 | GPU_Tot: 208.930
[Autotune] {"version": 1, "step": 1380, "wall_seconds": 328.88351712800795, "seed_nodes": 5537988, "loss": 0.5808921337127686, "all_losses_finite": true}
[Step=1390] Wall=331.0389s | Loss=0.5466
[Profile] Avg ms/step | Load: 99.845 (Prep: 9.532, Struc: 1.264, Fetch: 89.050) | Fwd: 53.099 | Bwd: 64.860 | Opt: 0.702 | GPU_Tot: 208.974
[Autotune] {"version": 1, "step": 1390, "wall_seconds": 331.0388533989899, "seed_nodes": 5578948, "loss": 0.5466281414031983, "all_losses_finite": true}
[Step=1400] Wall=333.2029s | Loss=0.5138
[Profile] Avg ms/step | Load: 99.811 (Prep: 9.465, Struc: 1.264, Fetch: 89.082) | Fwd: 53.106 | Bwd: 64.871 | Opt: 0.702 | GPU_Tot: 209.024
[Autotune] {"version": 1, "step": 1400, "wall_seconds": 333.2029419800383, "seed_nodes": 5619908, "loss": 0.5137698650360107, "all_losses_finite": true}
[Step=1410] Wall=335.3836s | Loss=0.4899
[Profile] Avg ms/step | Load: 99.785 (Prep: 9.399, Struc: 1.264, Fetch: 89.123) | Fwd: 53.113 | Bwd: 64.884 | Opt: 0.702 | GPU_Tot: 209.086
[Autotune] {"version": 1, "step": 1410, "wall_seconds": 335.3835645359941, "seed_nodes": 5660868, "loss": 0.4899442672729492, "all_losses_finite": true}
[Step=1420] Wall=337.4422s | Loss=0.4827
[Profile] Avg ms/step | Load: 99.672 (Prep: 9.339, Struc: 1.264, Fetch: 89.069) | Fwd: 53.121 | Bwd: 64.898 | Opt: 0.702 | GPU_Tot: 209.053
[Autotune] {"version": 1, "step": 1420, "wall_seconds": 337.44224967603805, "seed_nodes": 5701828, "loss": 0.48270702362060547, "all_losses_finite": true}
[Step=1430] Wall=339.8107s | Loss=0.4558
[Profile] Avg ms/step | Load: 99.874 (Prep: 9.568, Struc: 1.264, Fetch: 89.042) | Fwd: 53.089 | Bwd: 64.859 | Opt: 0.702 | GPU_Tot: 208.955
[Autotune] {"version": 1, "step": 1430, "wall_seconds": 339.8106999320444, "seed_nodes": 5738699, "loss": 0.45581779479980467, "all_losses_finite": true}
[Step=1440] Wall=341.9747s | Loss=0.4702
[Profile] Avg ms/step | Load: 99.839 (Prep: 9.503, Struc: 1.264, Fetch: 89.072) | Fwd: 53.096 | Bwd: 64.870 | Opt: 0.702 | GPU_Tot: 209.004
[Autotune] {"version": 1, "step": 1440, "wall_seconds": 341.97472074400866, "seed_nodes": 5779659, "loss": 0.47017626762390136, "all_losses_finite": true}
[Step=1450] Wall=344.1652s | Loss=0.4640
[Profile] Avg ms/step | Load: 99.826 (Prep: 9.438, Struc: 1.264, Fetch: 89.124) | Fwd: 53.103 | Bwd: 64.878 | Opt: 0.702 | GPU_Tot: 209.071
[Autotune] {"version": 1, "step": 1450, "wall_seconds": 344.16523703502025, "seed_nodes": 5820619, "loss": 0.46396989822387696, "all_losses_finite": true}
[Step=1460] Wall=346.3397s | Loss=0.4703
[Profile] Avg ms/step | Load: 99.799 (Prep: 9.376, Struc: 1.264, Fetch: 89.158) | Fwd: 53.110 | Bwd: 64.890 | Opt: 0.702 | GPU_Tot: 209.124
[Autotune] {"version": 1, "step": 1460, "wall_seconds": 346.3396974420175, "seed_nodes": 5861579, "loss": 0.4703249931335449, "all_losses_finite": true}
[Step=1470] Wall=348.2092s | Loss=0.4296
[Profile] Avg ms/step | Load: 99.645 (Prep: 9.319, Struc: 1.263, Fetch: 89.063) | Fwd: 53.080 | Bwd: 64.852 | Opt: 0.702 | GPU_Tot: 208.960
[Autotune] {"version": 1, "step": 1470, "wall_seconds": 348.2092358090449, "seed_nodes": 5898450, "loss": 0.42964982986450195, "all_losses_finite": true}
[Step=1480] Wall=350.8558s | Loss=0.5037
[Profile] Avg ms/step | Load: 99.948 (Prep: 9.569, Struc: 1.264, Fetch: 89.115) | Fwd: 53.087 | Bwd: 64.863 | Opt: 0.702 | GPU_Tot: 209.030
[Autotune] {"version": 1, "step": 1480, "wall_seconds": 350.85584864899283, "seed_nodes": 5939410, "loss": 0.503715991973877, "all_losses_finite": true}
[Step=1490] Wall=353.0185s | Loss=0.4807
[Profile] Avg ms/step | Load: 99.911 (Prep: 9.506, Struc: 1.264, Fetch: 89.142) | Fwd: 53.094 | Bwd: 64.875 | Opt: 0.701 | GPU_Tot: 209.076
[Autotune] {"version": 1, "step": 1490, "wall_seconds": 353.0185179980472, "seed_nodes": 5980370, "loss": 0.48074941635131835, "all_losses_finite": true}
[Step=1500] Wall=355.1504s | Loss=0.4692
[Profile] Avg ms/step | Load: 99.857 (Prep: 9.444, Struc: 1.264, Fetch: 89.149) | Fwd: 53.100 | Bwd: 64.885 | Opt: 0.702 | GPU_Tot: 209.100
[Autotune] {"version": 1, "step": 1500, "wall_seconds": 355.15040344104636, "seed_nodes": 6021330, "loss": 0.46915082931518554, "all_losses_finite": true}
[Step=1510] Wall=357.2766s | Loss=0.4603
[Profile] Avg ms/step | Load: 99.798 (Prep: 9.382, Struc: 1.264, Fetch: 89.152) | Fwd: 53.107 | Bwd: 64.895 | Opt: 0.702 | GPU_Tot: 209.120
[Autotune] {"version": 1, "step": 1510, "wall_seconds": 357.2766307920101, "seed_nodes": 6062290, "loss": 0.4603384494781494, "all_losses_finite": true}
[Step=1520] Wall=359.5410s | Loss=0.4176
[Profile] Avg ms/step | Load: 99.909 (Prep: 9.602, Struc: 1.263, Fetch: 89.043) | Fwd: 53.079 | Bwd: 64.865 | Opt: 0.701 | GPU_Tot: 208.952
[Autotune] {"version": 1, "step": 1520, "wall_seconds": 359.5409996160306, "seed_nodes": 6099161, "loss": 0.41762218475341795, "all_losses_finite": true}
[Step=1530] Wall=361.7474s | Loss=0.4566
[Profile] Avg ms/step | Load: 99.906 (Prep: 9.540, Struc: 1.263, Fetch: 89.102) | Fwd: 53.086 | Bwd: 64.874 | Opt: 0.701 | GPU_Tot: 209.027
[Autotune] {"version": 1, "step": 1530, "wall_seconds": 361.7473799420404, "seed_nodes": 6140121, "loss": 0.45662221908569334, "all_losses_finite": true}
[Step=1540] Wall=363.9223s | Loss=0.4596
[Profile] Avg ms/step | Load: 99.883 (Prep: 9.479, Struc: 1.264, Fetch: 89.140) | Fwd: 53.092 | Bwd: 64.882 | Opt: 0.701 | GPU_Tot: 209.079
[Autotune] {"version": 1, "step": 1540, "wall_seconds": 363.9222697490477, "seed_nodes": 6181081, "loss": 0.45957369804382325, "all_losses_finite": true}
[Step=1550] Wall=366.0673s | Loss=0.4595
[Profile] Avg ms/step | Load: 99.842 (Prep: 9.419, Struc: 1.264, Fetch: 89.158) | Fwd: 53.098 | Bwd: 64.889 | Opt: 0.701 | GPU_Tot: 209.111
[Autotune] {"version": 1, "step": 1550, "wall_seconds": 366.06728096300503, "seed_nodes": 6222041, "loss": 0.4595161437988281, "all_losses_finite": true}
[Step=1560] Wall=368.2650s | Loss=0.4435
[Profile] Avg ms/step | Load: 99.835 (Prep: 9.367, Struc: 1.264, Fetch: 89.204) | Fwd: 53.104 | Bwd: 64.897 | Opt: 0.701 | GPU_Tot: 209.170
[Autotune] {"version": 1, "step": 1560, "wall_seconds": 368.26501059299335, "seed_nodes": 6263001, "loss": 0.4435285091400146, "all_losses_finite": true}
[Step=1570] Wall=370.5257s | Loss=0.4887
[Profile] Avg ms/step | Load: 99.946 (Prep: 9.588, Struc: 1.263, Fetch: 89.095) | Fwd: 53.076 | Bwd: 64.863 | Opt: 0.701 | GPU_Tot: 208.997
[Autotune] {"version": 1, "step": 1570, "wall_seconds": 370.5256827500416, "seed_nodes": 6299872, "loss": 0.4886918067932129, "all_losses_finite": true}
[Step=1580] Wall=372.6813s | Loss=0.4689
[Profile] Avg ms/step | Load: 99.908 (Prep: 9.529, Struc: 1.263, Fetch: 89.116) | Fwd: 53.083 | Bwd: 64.873 | Opt: 0.701 | GPU_Tot: 209.036
[Autotune] {"version": 1, "step": 1580, "wall_seconds": 372.6812993650092, "seed_nodes": 6340832, "loss": 0.4688530445098877, "all_losses_finite": true}
[Step=1590] Wall=374.8627s | Loss=0.4429
[Profile] Avg ms/step | Load: 99.884 (Prep: 9.470, Struc: 1.264, Fetch: 89.150) | Fwd: 53.090 | Bwd: 64.886 | Opt: 0.701 | GPU_Tot: 209.091
[Autotune] {"version": 1, "step": 1590, "wall_seconds": 374.86273679701844, "seed_nodes": 6381792, "loss": 0.44289250373840333, "all_losses_finite": true}
[Step=1600] Wall=377.0426s | Loss=0.4563
[Profile] Avg ms/step | Load: 99.862 (Prep: 9.412, Struc: 1.264, Fetch: 89.186) | Fwd: 53.096 | Bwd: 64.897 | Opt: 0.701 | GPU_Tot: 209.144
[Autotune] {"version": 1, "step": 1600, "wall_seconds": 377.04256496799644, "seed_nodes": 6422752, "loss": 0.45632023811340333, "all_losses_finite": true}
[Step=1610] Wall=379.2107s | Loss=0.4468
[Profile] Avg ms/step | Load: 99.834 (Prep: 9.361, Struc: 1.264, Fetch: 89.209) | Fwd: 53.102 | Bwd: 64.906 | Opt: 0.701 | GPU_Tot: 209.182
[Autotune] {"version": 1, "step": 1610, "wall_seconds": 379.21067496802425, "seed_nodes": 6463712, "loss": 0.44682021141052247, "all_losses_finite": true}
[Step=1620] Wall=381.4671s | Loss=0.5840
[Profile] Avg ms/step | Load: 99.937 (Prep: 9.564, Struc: 1.263, Fetch: 89.110) | Fwd: 53.075 | Bwd: 64.875 | Opt: 0.701 | GPU_Tot: 209.023
[Autotune] {"version": 1, "step": 1620, "wall_seconds": 381.4671358670457, "seed_nodes": 6500583, "loss": 0.5839847564697266, "all_losses_finite": true}
[Step=1630] Wall=383.6420s | Loss=0.6094
[Profile] Avg ms/step | Load: 99.915 (Prep: 9.506, Struc: 1.263, Fetch: 89.145) | Fwd: 53.081 | Bwd: 64.882 | Opt: 0.701 | GPU_Tot: 209.073
[Autotune] {"version": 1, "step": 1630, "wall_seconds": 383.64199174399255, "seed_nodes": 6541543, "loss": 0.6093608379364014, "all_losses_finite": true}
[Step=1640] Wall=385.8220s | Loss=0.5363
[Profile] Avg ms/step | Load: 99.895 (Prep: 9.449, Struc: 1.263, Fetch: 89.182) | Fwd: 53.087 | Bwd: 64.892 | Opt: 0.701 | GPU_Tot: 209.125
[Autotune] {"version": 1, "step": 1640, "wall_seconds": 385.82202673202846, "seed_nodes": 6582503, "loss": 0.536266565322876, "all_losses_finite": true}
------------------------------------------------------------
Training Completed. Total Steps: 1640 (Active: 1600)
Avg Breakdown (ms): Load=99.895 [Prep:9.449, Struc:1.263, Fetch:89.182], Fwd=53.087, Bwd=64.892, Opt=0.701
------------------------------------------------------------
