$REPO_ROOT/.venv/lib/python3.11/site-packages/outdated/__init__.py:36: UserWarning: pkg_resources is deprecated as an API. See https://setuptools.pypa.io/en/latest/pkg_resources.html. The pkg_resources package is slated for removal as early as 2025-11-30. Refrain from using this package or pin to Setuptools<81.
  from pkg_resources import parse_version
2026-09-18 16:11:57,240 INFO:   Connectivity check: running command: ping -c 1 -W 3 10.125.8.2
2026-09-18 16:11:57,245 INFO:   Connectivity check succeeded.
2026-09-18 16:11:57,266 INFO:   Appliance client semantic version: 1.14.0, cluster server semantic version: 1.20.2, job operator semantic version: 1.20.2
2026-09-18 16:11:57,269 INFO:   Successfully initialized workflow with id: wflow-z3xkvnbykvrapesxqrx2hm
2026-09-18 16:11:57,275 WARNING:   The trainer configuration for train_and_eval does not configure checkpointing. In the event of a failure, the run will be restarted from the beginning. If this is not intentional, please specifiy a checkpoint callback with a checkpointing frequency to enable auto-restarting from previously saved checkpoints.
2026-09-18 16:11:57,275 INFO:   Spawning child process for the fit run ...
2026-09-18 16:11:57,280 INFO:   Child process started with pid: 679800
$REPO_ROOT/.venv/lib/python3.11/site-packages/outdated/__init__.py:36: UserWarning: pkg_resources is deprecated as an API. See https://setuptools.pypa.io/en/latest/pkg_resources.html. The pkg_resources package is slated for removal as early as 2025-11-30. Refrain from using this package or pin to Setuptools<81.
  from pkg_resources import parse_version
2026-09-18 16:12:03,865 INFO:   Current Working Directory: $REPO_ROOT/src/cerebras/modelzoo/models/gnn
2026-09-18 16:12:03,866 INFO:   Running command: $REPO_ROOT/src/cerebras/modelzoo/cli/main.py fit $REPO_ROOT/model_dirs/hpcasia_learning/arxiv_20260918T122621.253613Z/tuning/workers_w12_p2_s1_r1/params.yaml --target_device CSX --model_dir $REPO_ROOT/model_dirs/hpcasia_learning/arxiv_20260918T122621.253613Z/tuning/workers_w12_p2_s1_r1/model
2026-09-18 16:12:04,465 INFO:   No checkpoint was provided. Using randomly initialized model parameters.
2026-09-18 16:12:04,465 INFO:   Ordinal 0: Initializing GNNDataProcessor for dataset 'ogbn-arxiv' (split=train, mode=neighbor).
$REPO_ROOT/.venv/lib/python3.11/site-packages/ogb/nodeproppred/dataset_pyg.py:69: FutureWarning: You are using `torch.load` with `weights_only=False` (the current default value), which uses the default pickle module implicitly. It is possible to construct malicious pickle data which will execute arbitrary code during unpickling (See https://github.com/pytorch/pytorch/blob/main/SECURITY.md#untrusted-models for more details). In a future release, the default value for `weights_only` will be flipped to `True`. This limits the functions that could be executed during unpickling. Arbitrary objects will no longer be allowed to be loaded via this mode unless they are explicitly allowlisted by the user via `torch.serialization.add_safe_globals`. We recommend you start setting `weights_only=True` for any use case where you don't have full control of the loaded file. Please open an issue on GitHub for any issues related to this experimental feature.
  self.data, self.slices = torch.load(self.processed_paths[0])
GNN_INPUT_CONTRACT {"batch_index_origin": 0, "batch_size": 4096, "count_basis": "deterministic loader schedule; not device counters", "dataset_name": "ogbn-arxiv", "drop_last": false, "event": "gnn_input_contract", "num_streamers": 1, "ordered_targets_and_labels_sha256": "cb189ecb3f75e653df7daacc08ead8c3b14bd353d302209c179a41e2b2b47d07", "restartable": false, "sampler_seed": 42, "seed_nodes_by_batch": [4096, 4096, 4096, 4096, 4096, 4096, 4096, 4096, 4096, 4096, 4096, 4096, 4096, 4096, 4096, 4096, 4096, 4096, 4096, 4096, 4096, 4096, 829], "seed_nodes_per_epoch": 90941, "shuffle": true, "source_seed_nodes": 90941, "split": "train", "static_batch_cache_size": 0, "supervised_targets_by_batch": [4096, 4096, 4096, 4096, 4096, 4096, 4096, 4096, 4096, 4096, 4096, 4096, 4096, 4096, 4096, 4096, 4096, 4096, 4096, 4096, 4096, 4096, 829], "traversal": "continuous_sequential_batches", "traversal_scope": "single_data_executor", "version": 1}
2026-09-18 16:12:04,696 INFO:   Connectivity check: running command: ping -c 1 -W 3 10.125.8.2
2026-09-18 16:12:04,702 INFO:   Connectivity check succeeded.
2026-09-18 16:12:04,721 INFO:   Appliance client semantic version: 1.14.0, cluster server semantic version: 1.20.2, job operator semantic version: 1.20.2
2026-09-18 16:12:04,721 INFO:   ===========================================================================
2026-09-18 16:12:04,721 INFO:   Trainer Fit Summary
2026-09-18 16:12:04,721 INFO:   ---------------------------------------------------------------------------
2026-09-18 16:12:04,721 INFO:   Trainer will run 1 train loop.
2026-09-18 16:12:04,721 INFO:   
2026-09-18 16:12:04,721 INFO:   Train steps per train loop:
2026-09-18 16:12:04,721 INFO:   * 1 loop of 440 steps
2026-09-18 16:12:04,721 INFO:   for a total of 440 train steps.
2026-09-18 16:12:04,721 INFO:   
2026-09-18 16:12:04,721 INFO:   Progress will be logged every 10 steps.
2026-09-18 16:12:04,722 INFO:   ===========================================================================
2026-09-18 16:12:04,722 INFO:   ---------------------------------------------------------------------------
2026-09-18 16:12:04,722 INFO:   Starting train loop 1 of 1, from global step 1 to 440 (440 steps)
2026-09-18 16:12:04,722 INFO:   ---------------------------------------------------------------------------
2026-09-18 16:12:09,572 INFO:   Compiling the model. This may take a few minutes.
2026-09-18 16:12:09,573 INFO:   Connectivity check: running command: ping -c 1 -W 3 10.125.8.2
2026-09-18 16:12:09,578 INFO:   Connectivity check succeeded.
2026-09-18 16:12:09,596 INFO:   Appliance client semantic version: 1.14.0, cluster server semantic version: 1.20.2, job operator semantic version: 1.20.2
2026-09-18 16:12:10,787 INFO:   Initiating a new image build job against the cluster server.
2026-09-18 16:12:10,804 INFO:   Job id: imgjob-42280d4f85d91291dacb2ef766350f15, workflow id: wflow-z3xkvnbykvrapesxqrx2hm, namespace: job-operator, remote log path: /n1/wsjob/workdir/job-operator/imgjob-42280d4f85d91291dacb2ef766350f15
2026-09-18 16:12:10,807 INFO:   Connectivity check: running command: ping -c 1 -W 3 10.125.8.2
2026-09-18 16:12:10,812 INFO:   Connectivity check succeeded.
2026-09-18 16:12:10,829 INFO:   Appliance client semantic version: 1.14.0, cluster server semantic version: 1.20.2, job operator semantic version: 1.20.2
2026-09-18 16:12:10,846 INFO:   Initiating a new compile wsjob against the cluster server.
2026-09-18 16:12:10,869 INFO:   Job id: wsjob-dyuvhagxvjpqxvfsfjtjml, workflow id: wflow-z3xkvnbykvrapesxqrx2hm, namespace: job-operator, remote log path: /n1/wsjob/workdir/job-operator/wsjob-dyuvhagxvjpqxvfsfjtjml
2026-09-18 16:12:30,869 INFO:   Poll ingress status: Waiting for job to be scheduled, current job status: Queueing, msg: job queueing to be scheduled. Job queue status: 1 compile job(s) queued before current job. For more information, please run 'csctl get job wsjob-dyuvhagxvjpqxvfsfjtjml --pending-status'.
2026-09-18 16:12:50,870 INFO:   Poll ingress status: Waiting for job to be scheduled, current job status: Queueing, msg: job queueing to be scheduled. Job queue status: current job is top of queue but likely blocked by running/reserved jobs, 2 execute job(s) running/reserved using 2 system(s) and 2 nodegroup(s)[2 pop and 0 depop], 2 compile job(s) running/reserved using 90Gi memory. For more information, please run 'csctl get job wsjob-dyuvhagxvjpqxvfsfjtjml --pending-status'.
2026-09-18 16:13:30,871 INFO:   Poll ingress status: Waiting for job to be scheduled, current job status: Queueing, msg: job queueing to be scheduled. Job queue status: 1 compile job(s) queued before current job. For more information, please run 'csctl get job wsjob-dyuvhagxvjpqxvfsfjtjml --pending-status'.
2026-09-18 16:13:40,872 INFO:   Poll ingress status: Waiting for all Coordinator pods to be running, current running: 0/1.
2026-09-18 16:13:40,876 INFO:   Recording the timestamp when jobs is scheduled.
2026-09-18 16:13:40,906 WARNING:   Event 2026-09-18 16:13:21 +0000 UTC reason=InconsistentVersion wsjob=wsjob-dyuvhagxvjpqxvfsfjtjml message='Warning: client semantic version 1.14.0 is inconsistent with cluster server semantic version 1.20.2, there's a risk job could fail due to inconsistent setup.'
2026-09-18 16:13:50,906 INFO:   Poll ingress status: Waiting for job ingress readiness.
2026-09-18 16:14:00,931 INFO:   Poll ingress status: Job ingress ready, dashboard: <internal-dashboard-url>
2026-09-18 16:14:00,961 INFO:   Poll ingress success: Job ingress ready, dashboard: <internal-dashboard-url>
2026-09-18 16:14:00,978 INFO:   Finalizing out-of-cluster job handle with ingress service url: 
2026-09-18 16:14:00,979 WARNING:   Empty ingress service url. Falling back to default server: 10.125.8.2:443
2026-09-18 16:14:01,049 INFO:   Found existing cached compile with hash: "cs_3310013607597699701"
2026-09-18 16:14:02,889 INFO:   Using power profile none

2026-09-18 16:14:02,903 INFO:   Compile artifacts successfully written to remote compile directory. Compile hash is: cs_3310013607597699701
2026-09-18 16:14:10,913 ERROR:   Image build job imgjob-42280d4f85d91291dacb2ef766350f15 failed. Please check the error log in $REPO_ROOT/model_dirs/hpcasia_learning/arxiv_20260918T122621.253613Z/tuning/workers_w12_p2_s1_r1/model/cerebras_logs/20260918_161203/executors/000001/custom_worker_build.out. 
2026-09-18 16:14:10,913 INFO:   Falling back to venv mounting.
2026-09-18 16:14:10,915 INFO:   Compile was successful!
2026-09-18 16:14:10,915 INFO:   Programming Cerebras Wafer Scale Cluster for execution. This may take a few minutes.
2026-09-18 16:14:12,925 INFO:   Connectivity check: running command: ping -c 1 -W 3 10.125.8.2
2026-09-18 16:14:12,931 INFO:   Connectivity check succeeded.
2026-09-18 16:14:12,947 INFO:   Appliance client semantic version: 1.14.0, cluster server semantic version: 1.20.2, job operator semantic version: 1.20.2
2026-09-18 16:14:12,950 INFO:   Initiating a new execute wsjob against the cluster server.
2026-09-18 16:14:12,989 INFO:   Job id: wsjob-bidlieoc9zvbcsrqmn5dcg, workflow id: wflow-z3xkvnbykvrapesxqrx2hm, namespace: job-operator, remote log path: /n1/wsjob/workdir/job-operator/wsjob-bidlieoc9zvbcsrqmn5dcg
2026-09-18 16:14:32,990 INFO:   Poll ingress status: Waiting for job to be scheduled, current job status: Queueing, msg: job queueing to be scheduled. Job queue status: 1 execute job(s) queued before current job. For more information, please run 'csctl get job wsjob-bidlieoc9zvbcsrqmn5dcg --pending-status'.
2026-09-18 16:19:02,992 INFO:   Poll ingress status: Waiting for job to be scheduled, current job status: Queueing, msg: job queueing to be scheduled. Job queue status: current job is top of queue but likely blocked by running/reserved jobs, 2 execute job(s) running/reserved using 2 system(s) and 2 nodegroup(s)[2 pop and 0 depop], 2 compile job(s) running/reserved. For more information, please run 'csctl get job wsjob-bidlieoc9zvbcsrqmn5dcg --pending-status'.
2026-09-18 16:19:12,993 INFO:   Poll ingress status: Waiting for job to be scheduled, current job status: Queueing, msg: job queueing to be scheduled. Job queue status: current job is top of queue but likely blocked by running/reserved jobs, 1 execute job(s) running/reserved using 1 system(s) and 1 nodegroup(s)[1 pop and 0 depop], 1 compile job(s) running/reserved. For more information, please run 'csctl get job wsjob-bidlieoc9zvbcsrqmn5dcg --pending-status'.
2026-09-18 16:19:22,993 INFO:   Poll ingress status: Waiting for all Command pods to be running, current running: 0/1.
2026-09-18 16:19:22,997 INFO:   Recording the timestamp when jobs is scheduled.
2026-09-18 16:19:23,038 WARNING:   Event 2026-09-18 16:19:05 +0000 UTC reason=InconsistentVersion wsjob=wsjob-bidlieoc9zvbcsrqmn5dcg message='Warning: client semantic version 1.14.0 is inconsistent with cluster server semantic version 1.20.2, there's a risk job could fail due to inconsistent setup.'
2026-09-18 16:19:23,038 INFO:   Infrastructure setup completed successfully for job wsjob-bidlieoc9zvbcsrqmn5dcg
2026-09-18 16:19:33,038 INFO:   Poll ingress status: Waiting for all Chief pods to be running, current running: 0/1.
2026-09-18 16:19:33,076 INFO:   Infrastructure setup completed successfully for job wsjob-bidlieoc9zvbcsrqmn5dcg
2026-09-18 16:19:43,076 INFO:   Poll ingress status: Waiting for job ingress readiness.
2026-09-18 16:19:43,111 INFO:   Infrastructure setup completed successfully for job wsjob-bidlieoc9zvbcsrqmn5dcg
2026-09-18 16:19:53,111 INFO:   Poll ingress status: Job ingress ready, dashboard: <internal-dashboard-url>
2026-09-18 16:19:53,141 INFO:   Infrastructure setup completed successfully for job wsjob-bidlieoc9zvbcsrqmn5dcg
2026-09-18 16:19:53,141 INFO:   Poll ingress success: Job ingress ready, dashboard: <internal-dashboard-url>
2026-09-18 16:19:53,153 INFO:   Finalizing out-of-cluster job handle with ingress service url: 
2026-09-18 16:19:53,153 WARNING:   Empty ingress service url. Falling back to default server: 10.125.8.2:443
2026-09-18 16:19:53,234 INFO:   Preparing to execute using 1 CSX
2026-09-18 16:20:10,639 INFO:   About to send initial weights
2026-09-18 16:20:10,837 INFO:   Finished sending initial weights
2026-09-18 16:20:10,837 INFO:   Finalizing appliance staging for the run
2026-09-18 16:20:17,448 INFO:   Waiting for device programming to complete
2026-09-18 16:20:31,707 INFO:   Device programming is complete
2026-09-18 16:20:32,017 INFO:   Using network type: ROCE
2026-09-18 16:20:32,017 INFO:   Waiting for input workers to prime the data pipeline and begin streaming ...
2026-09-18 16:20:32,026 INFO:   Input workers have begun streaming input data
2026-09-18 16:20:32,193 INFO:   Appliance staging is complete
2026-09-18 16:20:32,193 INFO:   Beginning appliance run
2026-09-18 16:20:42,236 INFO:   | Train Device=CSX, Step=10, Loss=3.37719, Rate=2944.98 samples/sec, GlobalRate=79.56 samples/sec, LoopTimeRemaining=0:09:56, TimeRemaining=0:09:56
2026-09-18 16:20:56,681 INFO:   | Train Device=CSX, Step=20, Loss=2.83006, Rate=2891.59 samples/sec, GlobalRate=154.79 samples/sec, LoopTimeRemaining=0:09:44, TimeRemaining=0:09:44
2026-09-18 16:21:16,174 INFO:   | Train Device=CSX, Step=30, Loss=2.48321, Rate=2819.92 samples/sec, GlobalRate=223.93 samples/sec, LoopTimeRemaining=0:09:33, TimeRemaining=0:09:33
2026-09-18 16:21:30,113 INFO:   | Train Device=CSX, Step=40, Loss=2.17466, Rate=2930.93 samples/sec, GlobalRate=291.18 samples/sec, LoopTimeRemaining=0:09:19, TimeRemaining=0:09:19
2026-09-18 16:21:49,238 INFO:   | Train Device=CSX, Step=50, Loss=1.85241, Rate=2732.03 samples/sec, GlobalRate=352.01 samples/sec, LoopTimeRemaining=0:09:06, TimeRemaining=0:09:06
2026-09-18 16:22:03,266 INFO:   | Train Device=CSX, Step=60, Loss=1.63806, Rate=2903.86 samples/sec, GlobalRate=412.47 samples/sec, LoopTimeRemaining=0:08:52, TimeRemaining=0:08:52
2026-09-18 16:22:22,040 INFO:   | Train Device=CSX, Step=70, Loss=1.52059, Rate=1487.23 samples/sec, GlobalRate=466.51 samples/sec, LoopTimeRemaining=0:08:40, TimeRemaining=0:08:40
2026-09-18 16:22:36,629 INFO:   | Train Device=CSX, Step=80, Loss=1.42359, Rate=2945.46 samples/sec, GlobalRate=520.79 samples/sec, LoopTimeRemaining=0:08:25, TimeRemaining=0:08:25
2026-09-18 16:22:50,667 INFO:   | Train Device=CSX, Step=90, Loss=1.41382, Rate=2916.48 samples/sec, GlobalRate=573.10 samples/sec, LoopTimeRemaining=0:08:11, TimeRemaining=0:08:11
2026-09-18 16:23:09,739 INFO:   | Train Device=CSX, Step=100, Loss=1.31883, Rate=2947.02 samples/sec, GlobalRate=618.45 samples/sec, LoopTimeRemaining=0:07:57, TimeRemaining=0:07:57
2026-09-18 16:23:24,202 INFO:   | Train Device=CSX, Step=110, Loss=1.27947, Rate=2694.26 samples/sec, GlobalRate=665.75 samples/sec, LoopTimeRemaining=0:07:44, TimeRemaining=0:07:44
2026-09-18 16:23:43,171 INFO:   | Train Device=CSX, Step=120, Loss=1.21283, Rate=2861.91 samples/sec, GlobalRate=706.47 samples/sec, LoopTimeRemaining=0:07:30, TimeRemaining=0:07:30
2026-09-18 16:23:57,346 INFO:   | Train Device=CSX, Step=130, Loss=1.25431, Rate=2960.99 samples/sec, GlobalRate=750.06 samples/sec, LoopTimeRemaining=0:07:16, TimeRemaining=0:07:16
2026-09-18 16:24:16,425 INFO:   | Train Device=CSX, Step=140, Loss=1.17677, Rate=2002.85 samples/sec, GlobalRate=786.62 samples/sec, LoopTimeRemaining=0:07:02, TimeRemaining=0:07:02
2026-09-18 16:24:30,494 INFO:   | Train Device=CSX, Step=150, Loss=1.18961, Rate=2932.45 samples/sec, GlobalRate=826.85 samples/sec, LoopTimeRemaining=0:06:47, TimeRemaining=0:06:47
2026-09-18 16:24:44,679 INFO:   | Train Device=CSX, Step=160, Loss=1.17591, Rate=2959.14 samples/sec, GlobalRate=865.45 samples/sec, LoopTimeRemaining=0:06:33, TimeRemaining=0:06:33
2026-09-18 16:25:04,102 INFO:   | Train Device=CSX, Step=170, Loss=1.11490, Rate=2935.01 samples/sec, GlobalRate=896.55 samples/sec, LoopTimeRemaining=0:06:19, TimeRemaining=0:06:19
2026-09-18 16:25:18,265 INFO:   | Train Device=CSX, Step=180, Loss=1.16431, Rate=2836.16 samples/sec, GlobalRate=932.28 samples/sec, LoopTimeRemaining=0:06:05, TimeRemaining=0:06:05
2026-09-18 16:25:37,798 INFO:   | Train Device=CSX, Step=190, Loss=1.17256, Rate=2898.36 samples/sec, GlobalRate=960.36 samples/sec, LoopTimeRemaining=0:05:51, TimeRemaining=0:05:51
2026-09-18 16:25:51,728 INFO:   | Train Device=CSX, Step=200, Loss=1.15904, Rate=2951.62 samples/sec, GlobalRate=993.82 samples/sec, LoopTimeRemaining=0:05:36, TimeRemaining=0:05:36
2026-09-18 16:26:11,361 INFO:   | Train Device=CSX, Step=210, Loss=1.11809, Rate=2274.46 samples/sec, GlobalRate=1019.24 samples/sec, LoopTimeRemaining=0:05:22, TimeRemaining=0:05:22
2026-09-18 16:26:25,357 INFO:   | Train Device=CSX, Step=220, Loss=1.11506, Rate=2883.47 samples/sec, GlobalRate=1050.35 samples/sec, LoopTimeRemaining=0:05:08, TimeRemaining=0:05:08
2026-09-18 16:26:39,577 INFO:   | Train Device=CSX, Step=230, Loss=1.00655, Rate=2893.25 samples/sec, GlobalRate=1080.19 samples/sec, LoopTimeRemaining=0:04:54, TimeRemaining=0:04:54
2026-09-18 16:26:58,985 INFO:   | Train Device=CSX, Step=240, Loss=1.11497, Rate=2923.27 samples/sec, GlobalRate=1102.62 samples/sec, LoopTimeRemaining=0:04:40, TimeRemaining=0:04:40
2026-09-18 16:27:13,001 INFO:   | Train Device=CSX, Step=250, Loss=1.07827, Rate=2912.91 samples/sec, GlobalRate=1130.78 samples/sec, LoopTimeRemaining=0:04:26, TimeRemaining=0:04:26
2026-09-18 16:27:32,390 INFO:   | Train Device=CSX, Step=260, Loss=1.07885, Rate=2919.12 samples/sec, GlobalRate=1151.36 samples/sec, LoopTimeRemaining=0:04:12, TimeRemaining=0:04:12
2026-09-18 16:27:46,625 INFO:   | Train Device=CSX, Step=270, Loss=1.08083, Rate=2848.06 samples/sec, GlobalRate=1177.52 samples/sec, LoopTimeRemaining=0:03:58, TimeRemaining=0:03:58
2026-09-18 16:28:06,011 INFO:   | Train Device=CSX, Step=280, Loss=1.11849, Rate=2772.84 samples/sec, GlobalRate=1196.44 samples/sec, LoopTimeRemaining=0:03:44, TimeRemaining=0:03:44
2026-09-18 16:28:20,304 INFO:   | Train Device=CSX, Step=290, Loss=1.06843, Rate=2902.12 samples/sec, GlobalRate=1220.96 samples/sec, LoopTimeRemaining=0:03:30, TimeRemaining=0:03:30
2026-09-18 16:28:39,119 INFO:   | Train Device=CSX, Step=300, Loss=1.02315, Rate=1572.70 samples/sec, GlobalRate=1239.10 samples/sec, LoopTimeRemaining=0:03:17, TimeRemaining=0:03:17
2026-09-18 16:28:53,801 INFO:   | Train Device=CSX, Step=310, Loss=1.04774, Rate=2676.01 samples/sec, GlobalRate=1261.73 samples/sec, LoopTimeRemaining=0:03:03, TimeRemaining=0:03:03
2026-09-18 16:29:07,896 INFO:   | Train Device=CSX, Step=320, Loss=1.09656, Rate=2944.14 samples/sec, GlobalRate=1284.44 samples/sec, LoopTimeRemaining=0:02:48, TimeRemaining=0:02:48
2026-09-18 16:29:27,409 INFO:   | Train Device=CSX, Step=330, Loss=1.02357, Rate=2898.15 samples/sec, GlobalRate=1299.72 samples/sec, LoopTimeRemaining=0:02:34, TimeRemaining=0:02:34
2026-09-18 16:29:41,436 INFO:   | Train Device=CSX, Step=340, Loss=1.03504, Rate=2928.87 samples/sec, GlobalRate=1321.29 samples/sec, LoopTimeRemaining=0:02:20, TimeRemaining=0:02:20
2026-09-18 16:30:00,688 INFO:   | Train Device=CSX, Step=350, Loss=0.99137, Rate=2870.66 samples/sec, GlobalRate=1335.75 samples/sec, LoopTimeRemaining=0:02:06, TimeRemaining=0:02:06
2026-09-18 16:30:14,655 INFO:   | Train Device=CSX, Step=360, Loss=1.03419, Rate=2967.88 samples/sec, GlobalRate=1356.27 samples/sec, LoopTimeRemaining=0:01:52, TimeRemaining=0:01:52
2026-09-18 16:30:34,230 INFO:   | Train Device=CSX, Step=370, Loss=1.01350, Rate=1855.52 samples/sec, GlobalRate=1369.29 samples/sec, LoopTimeRemaining=0:01:38, TimeRemaining=0:01:38
2026-09-18 16:30:48,198 INFO:   | Train Device=CSX, Step=380, Loss=1.02233, Rate=2908.39 samples/sec, GlobalRate=1388.77 samples/sec, LoopTimeRemaining=0:01:24, TimeRemaining=0:01:24
2026-09-18 16:31:02,198 INFO:   | Train Device=CSX, Step=390, Loss=1.02352, Rate=2917.05 samples/sec, GlobalRate=1407.73 samples/sec, LoopTimeRemaining=0:01:10, TimeRemaining=0:01:10
2026-09-18 16:31:21,874 INFO:   | Train Device=CSX, Step=400, Loss=0.95176, Rate=2885.54 samples/sec, GlobalRate=1419.22 samples/sec, LoopTimeRemaining=0:00:56, TimeRemaining=0:00:56
2026-09-18 16:31:35,862 INFO:   | Train Device=CSX, Step=410, Loss=1.01225, Rate=2928.93 samples/sec, GlobalRate=1437.28 samples/sec, LoopTimeRemaining=0:00:42, TimeRemaining=0:00:42
2026-09-18 16:31:55,338 INFO:   | Train Device=CSX, Step=420, Loss=1.01939, Rate=2870.76 samples/sec, GlobalRate=1448.20 samples/sec, LoopTimeRemaining=0:00:28, TimeRemaining=0:00:28
2026-09-18 16:32:09,404 INFO:   | Train Device=CSX, Step=430, Loss=1.00939, Rate=2950.05 samples/sec, GlobalRate=1465.33 samples/sec, LoopTimeRemaining=0:00:14, TimeRemaining=0:00:14
2026-09-18 16:32:29,048 INFO:   | Train Device=CSX, Step=440, Loss=0.98283, Rate=2528.95 samples/sec, GlobalRate=1475.29 samples/sec, LoopTimeRemaining=0:00:00, TimeRemaining=0:00:00
2026-09-18 16:32:29,159 INFO:   Training completed successfully!
2026-09-18 16:32:29,166 INFO:   Processed 1802240 training sample(s) in 1224.471303504 seconds.
