$REPO_ROOT/.venv/lib/python3.11/site-packages/outdated/__init__.py:36: UserWarning: pkg_resources is deprecated as an API. See https://setuptools.pypa.io/en/latest/pkg_resources.html. The pkg_resources package is slated for removal as early as 2025-11-30. Refrain from using this package or pin to Setuptools<81.
  from pkg_resources import parse_version
2026-09-18 19:24:01,265 INFO:   Connectivity check: running command: ping -c 1 -W 3 10.125.8.2
2026-09-18 19:24:01,270 INFO:   Connectivity check succeeded.
2026-09-18 19:24:01,292 INFO:   Appliance client semantic version: 1.14.0, cluster server semantic version: 1.20.2, job operator semantic version: 1.20.2
2026-09-18 19:24:01,295 INFO:   Successfully initialized workflow with id: wflow-3hb34ktpbfm5czxk7jst4k
2026-09-18 19:24:01,300 WARNING:   The trainer configuration for train_and_eval does not configure checkpointing. In the event of a failure, the run will be restarted from the beginning. If this is not intentional, please specifiy a checkpoint callback with a checkpointing frequency to enable auto-restarting from previously saved checkpoints.
2026-09-18 19:24:01,301 INFO:   Spawning child process for the fit run ...
2026-09-18 19:24:01,306 INFO:   Child process started with pid: 1158356
$REPO_ROOT/.venv/lib/python3.11/site-packages/outdated/__init__.py:36: UserWarning: pkg_resources is deprecated as an API. See https://setuptools.pypa.io/en/latest/pkg_resources.html. The pkg_resources package is slated for removal as early as 2025-11-30. Refrain from using this package or pin to Setuptools<81.
  from pkg_resources import parse_version
2026-09-18 19:24:07,944 INFO:   Current Working Directory: $REPO_ROOT/src/cerebras/modelzoo/models/gnn
2026-09-18 19:24:07,944 INFO:   Running command: $REPO_ROOT/src/cerebras/modelzoo/cli/main.py fit $REPO_ROOT/model_dirs/hpcasia_learning/arxiv_20260918T122510.309655Z/tuning/loader_w08_p2_s1_r1/params.yaml --target_device CSX --model_dir $REPO_ROOT/model_dirs/hpcasia_learning/arxiv_20260918T122510.309655Z/tuning/loader_w08_p2_s1_r1/model
2026-09-18 19:24:08,527 INFO:   No checkpoint was provided. Using randomly initialized model parameters.
2026-09-18 19:24:08,527 INFO:   Ordinal 0: Initializing GNNDataProcessor for dataset 'ogbn-arxiv' (split=train, mode=neighbor).
$REPO_ROOT/.venv/lib/python3.11/site-packages/ogb/nodeproppred/dataset_pyg.py:69: FutureWarning: You are using `torch.load` with `weights_only=False` (the current default value), which uses the default pickle module implicitly. It is possible to construct malicious pickle data which will execute arbitrary code during unpickling (See https://github.com/pytorch/pytorch/blob/main/SECURITY.md#untrusted-models for more details). In a future release, the default value for `weights_only` will be flipped to `True`. This limits the functions that could be executed during unpickling. Arbitrary objects will no longer be allowed to be loaded via this mode unless they are explicitly allowlisted by the user via `torch.serialization.add_safe_globals`. We recommend you start setting `weights_only=True` for any use case where you don't have full control of the loaded file. Please open an issue on GitHub for any issues related to this experimental feature.
  self.data, self.slices = torch.load(self.processed_paths[0])
GNN_INPUT_CONTRACT {"batch_index_origin": 0, "batch_size": 4096, "count_basis": "deterministic loader schedule; not device counters", "dataset_name": "ogbn-arxiv", "drop_last": false, "event": "gnn_input_contract", "num_streamers": 1, "ordered_targets_and_labels_sha256": "cb189ecb3f75e653df7daacc08ead8c3b14bd353d302209c179a41e2b2b47d07", "restartable": false, "sampler_seed": 42, "seed_nodes_by_batch": [4096, 4096, 4096, 4096, 4096, 4096, 4096, 4096, 4096, 4096, 4096, 4096, 4096, 4096, 4096, 4096, 4096, 4096, 4096, 4096, 4096, 4096, 829], "seed_nodes_per_epoch": 90941, "shuffle": true, "source_seed_nodes": 90941, "split": "train", "static_batch_cache_size": 0, "supervised_targets_by_batch": [4096, 4096, 4096, 4096, 4096, 4096, 4096, 4096, 4096, 4096, 4096, 4096, 4096, 4096, 4096, 4096, 4096, 4096, 4096, 4096, 4096, 4096, 829], "traversal": "continuous_sequential_batches", "traversal_scope": "single_data_executor", "version": 1}
2026-09-18 19:24:08,762 INFO:   Connectivity check: running command: ping -c 1 -W 3 10.125.8.2
2026-09-18 19:24:08,768 INFO:   Connectivity check succeeded.
2026-09-18 19:24:08,788 INFO:   Appliance client semantic version: 1.14.0, cluster server semantic version: 1.20.2, job operator semantic version: 1.20.2
2026-09-18 19:24:08,789 INFO:   ===========================================================================
2026-09-18 19:24:08,789 INFO:   Trainer Fit Summary
2026-09-18 19:24:08,789 INFO:   ---------------------------------------------------------------------------
2026-09-18 19:24:08,789 INFO:   Trainer will run 1 train loop.
2026-09-18 19:24:08,789 INFO:   
2026-09-18 19:24:08,789 INFO:   Train steps per train loop:
2026-09-18 19:24:08,789 INFO:   * 1 loop of 440 steps
2026-09-18 19:24:08,789 INFO:   for a total of 440 train steps.
2026-09-18 19:24:08,789 INFO:   
2026-09-18 19:24:08,789 INFO:   Progress will be logged every 10 steps.
2026-09-18 19:24:08,789 INFO:   ===========================================================================
2026-09-18 19:24:08,789 INFO:   ---------------------------------------------------------------------------
2026-09-18 19:24:08,789 INFO:   Starting train loop 1 of 1, from global step 1 to 440 (440 steps)
2026-09-18 19:24:08,789 INFO:   ---------------------------------------------------------------------------
2026-09-18 19:24:13,902 INFO:   Compiling the model. This may take a few minutes.
2026-09-18 19:24:13,903 INFO:   Connectivity check: running command: ping -c 1 -W 3 10.125.8.2
2026-09-18 19:24:13,908 INFO:   Connectivity check succeeded.
2026-09-18 19:24:13,926 INFO:   Appliance client semantic version: 1.14.0, cluster server semantic version: 1.20.2, job operator semantic version: 1.20.2
2026-09-18 19:24:15,134 INFO:   Initiating a new image build job against the cluster server.
2026-09-18 19:24:15,151 INFO:   Job id: imgjob-42280d4f85d91291dacb2ef766350f15, workflow id: wflow-3hb34ktpbfm5czxk7jst4k, namespace: job-operator, remote log path: /n1/wsjob/workdir/job-operator/imgjob-42280d4f85d91291dacb2ef766350f15
2026-09-18 19:24:15,154 INFO:   Connectivity check: running command: ping -c 1 -W 3 10.125.8.2
2026-09-18 19:24:15,160 INFO:   Connectivity check succeeded.
2026-09-18 19:24:15,176 INFO:   Appliance client semantic version: 1.14.0, cluster server semantic version: 1.20.2, job operator semantic version: 1.20.2
2026-09-18 19:24:15,197 INFO:   Initiating a new compile wsjob against the cluster server.
2026-09-18 19:24:15,230 INFO:   Job id: wsjob-vfucc5k87p5te2uueet4zr, workflow id: wflow-3hb34ktpbfm5czxk7jst4k, namespace: job-operator, remote log path: /n1/wsjob/workdir/job-operator/wsjob-vfucc5k87p5te2uueet4zr
2026-09-18 19:24:35,231 INFO:   Poll ingress status: Waiting for all Coordinator pods to be running, current running: 0/1.
2026-09-18 19:24:35,234 INFO:   Recording the timestamp when jobs is scheduled.
2026-09-18 19:24:35,269 WARNING:   Event 2026-09-18 19:24:16 +0000 UTC reason=InconsistentVersion wsjob=wsjob-vfucc5k87p5te2uueet4zr message='Warning: client semantic version 1.14.0 is inconsistent with cluster server semantic version 1.20.2, there's a risk job could fail due to inconsistent setup.'
2026-09-18 19:24:45,269 INFO:   Poll ingress status: Waiting for job ingress readiness.
2026-09-18 19:24:55,294 INFO:   Poll ingress status: Job ingress ready, dashboard: <internal-dashboard-url>
2026-09-18 19:24:55,317 INFO:   Poll ingress success: Job ingress ready, dashboard: <internal-dashboard-url>
2026-09-18 19:24:55,340 INFO:   Finalizing out-of-cluster job handle with ingress service url: 
2026-09-18 19:24:55,340 WARNING:   Empty ingress service url. Falling back to default server: 10.125.8.2:443
2026-09-18 19:24:55,412 INFO:   Found existing cached compile with hash: "cs_3310013607597699701"
2026-09-18 19:24:57,253 INFO:   Using power profile none

2026-09-18 19:24:57,267 INFO:   Compile artifacts successfully written to remote compile directory. Compile hash is: cs_3310013607597699701
2026-09-18 19:25:05,270 ERROR:   Image build job imgjob-42280d4f85d91291dacb2ef766350f15 failed. Please check the error log in $REPO_ROOT/model_dirs/hpcasia_learning/arxiv_20260918T122510.309655Z/tuning/loader_w08_p2_s1_r1/model/cerebras_logs/20260918_192407/executors/000001/custom_worker_build.out. 
2026-09-18 19:25:05,271 INFO:   Falling back to venv mounting.
2026-09-18 19:25:05,274 INFO:   Compile was successful!
2026-09-18 19:25:05,274 INFO:   Programming Cerebras Wafer Scale Cluster for execution. This may take a few minutes.
2026-09-18 19:25:07,286 INFO:   Connectivity check: running command: ping -c 1 -W 3 10.125.8.2
2026-09-18 19:25:07,292 INFO:   Connectivity check succeeded.
2026-09-18 19:25:07,307 INFO:   Appliance client semantic version: 1.14.0, cluster server semantic version: 1.20.2, job operator semantic version: 1.20.2
2026-09-18 19:25:07,310 INFO:   Initiating a new execute wsjob against the cluster server.
2026-09-18 19:25:07,345 INFO:   Job id: wsjob-arrsjpvd69bqhsend4r9vm, workflow id: wflow-3hb34ktpbfm5czxk7jst4k, namespace: job-operator, remote log path: /n1/wsjob/workdir/job-operator/wsjob-arrsjpvd69bqhsend4r9vm
2026-09-18 19:25:27,346 INFO:   Poll ingress status: Waiting for all Chief pods to be running, current running: 0/1.
2026-09-18 19:25:27,371 INFO:   Recording the timestamp when jobs is scheduled.
2026-09-18 19:25:27,405 WARNING:   Event 2026-09-18 19:25:14 +0000 UTC reason=InconsistentVersion wsjob=wsjob-arrsjpvd69bqhsend4r9vm message='Warning: client semantic version 1.14.0 is inconsistent with cluster server semantic version 1.20.2, there's a risk job could fail due to inconsistent setup.'
2026-09-18 19:25:27,405 INFO:   Infrastructure setup started for job wsjob-arrsjpvd69bqhsend4r9vm
2026-09-18 19:25:37,405 INFO:   Poll ingress status: Waiting for all Activation pods to be running, current running: 0/21.
2026-09-18 19:25:37,433 INFO:   Infrastructure setup completed successfully for job wsjob-arrsjpvd69bqhsend4r9vm
2026-09-18 19:25:47,433 INFO:   Poll ingress status: Waiting for job ingress readiness.
2026-09-18 19:25:47,468 INFO:   Infrastructure setup completed successfully for job wsjob-arrsjpvd69bqhsend4r9vm
2026-09-18 19:25:57,468 INFO:   Poll ingress status: Job ingress ready, dashboard: <internal-dashboard-url>
2026-09-18 19:25:57,496 INFO:   Infrastructure setup completed successfully for job wsjob-arrsjpvd69bqhsend4r9vm
2026-09-18 19:25:57,496 INFO:   Poll ingress success: Job ingress ready, dashboard: <internal-dashboard-url>
2026-09-18 19:25:57,510 INFO:   Finalizing out-of-cluster job handle with ingress service url: 
2026-09-18 19:25:57,510 WARNING:   Empty ingress service url. Falling back to default server: 10.125.8.2:443
2026-09-18 19:25:57,590 INFO:   Preparing to execute using 1 CSX
2026-09-18 19:26:14,999 INFO:   About to send initial weights
2026-09-18 19:26:15,218 INFO:   Finished sending initial weights
2026-09-18 19:26:15,218 INFO:   Finalizing appliance staging for the run
2026-09-18 19:26:21,797 INFO:   Waiting for device programming to complete
2026-09-18 19:26:35,732 INFO:   Device programming is complete
2026-09-18 19:26:36,024 INFO:   Using network type: ROCE
2026-09-18 19:26:36,025 INFO:   Waiting for input workers to prime the data pipeline and begin streaming ...
2026-09-18 19:26:36,034 INFO:   Input workers have begun streaming input data
2026-09-18 19:26:36,217 INFO:   Appliance staging is complete
2026-09-18 19:26:36,217 INFO:   Beginning appliance run
2026-09-18 19:26:46,722 INFO:   | Train Device=CSX, Step=10, Loss=3.37719, Rate=2938.17 samples/sec, GlobalRate=264.17 samples/sec, LoopTimeRemaining=0:10:06, TimeRemaining=0:10:06
2026-09-18 19:27:00,940 INFO:   | Train Device=CSX, Step=20, Loss=2.83006, Rate=2944.73 samples/sec, GlobalRate=483.97 samples/sec, LoopTimeRemaining=0:09:48, TimeRemaining=0:09:48
2026-09-18 19:27:20,040 INFO:   | Train Device=CSX, Step=30, Loss=2.48321, Rate=2802.15 samples/sec, GlobalRate=652.34 samples/sec, LoopTimeRemaining=0:09:45, TimeRemaining=0:09:45
2026-09-18 19:27:34,098 INFO:   | Train Device=CSX, Step=40, Loss=2.17466, Rate=2922.08 samples/sec, GlobalRate=809.39 samples/sec, LoopTimeRemaining=0:09:24, TimeRemaining=0:09:24
2026-09-18 19:27:52,821 INFO:   | Train Device=CSX, Step=50, Loss=1.85241, Rate=2575.14 samples/sec, GlobalRate=926.08 samples/sec, LoopTimeRemaining=0:09:12, TimeRemaining=0:09:12
2026-09-18 19:28:07,145 INFO:   | Train Device=CSX, Step=60, Loss=1.63806, Rate=2919.97 samples/sec, GlobalRate=1043.69 samples/sec, LoopTimeRemaining=0:08:58, TimeRemaining=0:08:58
2026-09-18 19:28:25,606 INFO:   | Train Device=CSX, Step=70, Loss=1.52059, Rate=1621.15 samples/sec, GlobalRate=1129.12 samples/sec, LoopTimeRemaining=0:08:44, TimeRemaining=0:08:44
2026-09-18 19:28:40,313 INFO:   | Train Device=CSX, Step=80, Loss=1.42359, Rate=2917.16 samples/sec, GlobalRate=1219.77 samples/sec, LoopTimeRemaining=0:08:30, TimeRemaining=0:08:30
2026-09-18 19:28:54,425 INFO:   | Train Device=CSX, Step=90, Loss=1.41382, Rate=2911.70 samples/sec, GlobalRate=1303.76 samples/sec, LoopTimeRemaining=0:08:15, TimeRemaining=0:08:15
2026-09-18 19:29:13,038 INFO:   | Train Device=CSX, Step=100, Loss=1.31883, Rate=2822.68 samples/sec, GlobalRate=1359.15 samples/sec, LoopTimeRemaining=0:08:03, TimeRemaining=0:08:03
2026-09-18 19:29:27,087 INFO:   | Train Device=CSX, Step=110, Loss=1.27947, Rate=2889.16 samples/sec, GlobalRate=1428.47 samples/sec, LoopTimeRemaining=0:07:47, TimeRemaining=0:07:47
2026-09-18 19:29:45,728 INFO:   | Train Device=CSX, Step=120, Loss=1.21283, Rate=2713.27 samples/sec, GlobalRate=1471.38 samples/sec, LoopTimeRemaining=0:07:34, TimeRemaining=0:07:34
2026-09-18 19:30:00,051 INFO:   | Train Device=CSX, Step=130, Loss=1.25431, Rate=2922.06 samples/sec, GlobalRate=1528.45 samples/sec, LoopTimeRemaining=0:07:18, TimeRemaining=0:07:18
2026-09-18 19:30:18,221 INFO:   | Train Device=CSX, Step=140, Loss=1.17677, Rate=2185.06 samples/sec, GlobalRate=1564.43 samples/sec, LoopTimeRemaining=0:07:05, TimeRemaining=0:07:05
2026-09-18 19:30:32,785 INFO:   | Train Device=CSX, Step=150, Loss=1.18961, Rate=2919.98 samples/sec, GlobalRate=1612.12 samples/sec, LoopTimeRemaining=0:06:50, TimeRemaining=0:06:50
2026-09-18 19:30:47,265 INFO:   | Train Device=CSX, Step=160, Loss=1.17591, Rate=2907.26 samples/sec, GlobalRate=1656.66 samples/sec, LoopTimeRemaining=0:06:36, TimeRemaining=0:06:36
2026-09-18 19:31:06,232 INFO:   | Train Device=CSX, Step=170, Loss=1.11490, Rate=2872.97 samples/sec, GlobalRate=1679.66 samples/sec, LoopTimeRemaining=0:06:23, TimeRemaining=0:06:23
2026-09-18 19:31:20,519 INFO:   | Train Device=CSX, Step=180, Loss=1.16431, Rate=2885.81 samples/sec, GlobalRate=1719.22 samples/sec, LoopTimeRemaining=0:06:07, TimeRemaining=0:06:07
2026-09-18 19:31:39,291 INFO:   | Train Device=CSX, Step=190, Loss=1.17256, Rate=2756.98 samples/sec, GlobalRate=1738.63 samples/sec, LoopTimeRemaining=0:05:54, TimeRemaining=0:05:54
2026-09-18 19:31:53,378 INFO:   | Train Device=CSX, Step=200, Loss=1.15904, Rate=2920.83 samples/sec, GlobalRate=1774.29 samples/sec, LoopTimeRemaining=0:05:38, TimeRemaining=0:05:38
2026-09-18 19:32:11,878 INFO:   | Train Device=CSX, Step=210, Loss=1.11809, Rate=2418.51 samples/sec, GlobalRate=1791.24 samples/sec, LoopTimeRemaining=0:05:24, TimeRemaining=0:05:24
2026-09-18 19:32:26,231 INFO:   | Train Device=CSX, Step=220, Loss=1.11506, Rate=2912.32 samples/sec, GlobalRate=1822.07 samples/sec, LoopTimeRemaining=0:05:10, TimeRemaining=0:05:10
2026-09-18 19:32:40,318 INFO:   | Train Device=CSX, Step=230, Loss=1.00655, Rate=2918.83 samples/sec, GlobalRate=1852.14 samples/sec, LoopTimeRemaining=0:04:56, TimeRemaining=0:04:56
2026-09-18 19:32:58,888 INFO:   | Train Device=CSX, Step=240, Loss=1.11497, Rate=2889.59 samples/sec, GlobalRate=1864.59 samples/sec, LoopTimeRemaining=0:04:43, TimeRemaining=0:04:43
2026-09-18 19:33:13,396 INFO:   | Train Device=CSX, Step=250, Loss=1.07827, Rate=2882.00 samples/sec, GlobalRate=1890.26 samples/sec, LoopTimeRemaining=0:04:29, TimeRemaining=0:04:29
2026-09-18 19:33:32,274 INFO:   | Train Device=CSX, Step=260, Loss=1.07885, Rate=2720.48 samples/sec, GlobalRate=1899.68 samples/sec, LoopTimeRemaining=0:04:15, TimeRemaining=0:04:15
2026-09-18 19:33:46,640 INFO:   | Train Device=CSX, Step=270, Loss=1.08083, Rate=2889.50 samples/sec, GlobalRate=1923.45 samples/sec, LoopTimeRemaining=0:04:01, TimeRemaining=0:04:01
2026-09-18 19:34:05,086 INFO:   | Train Device=CSX, Step=280, Loss=1.11849, Rate=2640.97 samples/sec, GlobalRate=1932.69 samples/sec, LoopTimeRemaining=0:03:47, TimeRemaining=0:03:47
2026-09-18 19:34:19,582 INFO:   | Train Device=CSX, Step=290, Loss=1.06843, Rate=2914.38 samples/sec, GlobalRate=1953.98 samples/sec, LoopTimeRemaining=0:03:32, TimeRemaining=0:03:32
2026-09-18 19:34:38,152 INFO:   | Train Device=CSX, Step=300, Loss=1.02315, Rate=1609.13 samples/sec, GlobalRate=1961.44 samples/sec, LoopTimeRemaining=0:03:18, TimeRemaining=0:03:18
2026-09-18 19:34:52,860 INFO:   | Train Device=CSX, Step=310, Loss=1.04774, Rate=2708.89 samples/sec, GlobalRate=1980.33 samples/sec, LoopTimeRemaining=0:03:05, TimeRemaining=0:03:05
2026-09-18 19:35:07,257 INFO:   | Train Device=CSX, Step=320, Loss=1.09656, Rate=2849.66 samples/sec, GlobalRate=1999.32 samples/sec, LoopTimeRemaining=0:02:50, TimeRemaining=0:02:50
2026-09-18 19:35:25,723 INFO:   | Train Device=CSX, Step=330, Loss=1.02357, Rate=2843.75 samples/sec, GlobalRate=2005.31 samples/sec, LoopTimeRemaining=0:02:37, TimeRemaining=0:02:37
2026-09-18 19:35:39,736 INFO:   | Train Device=CSX, Step=340, Loss=1.03504, Rate=2907.85 samples/sec, GlobalRate=2024.00 samples/sec, LoopTimeRemaining=0:02:22, TimeRemaining=0:02:22
2026-09-18 19:35:58,162 INFO:   | Train Device=CSX, Step=350, Loss=0.99137, Rate=2705.50 samples/sec, GlobalRate=2029.19 samples/sec, LoopTimeRemaining=0:02:08, TimeRemaining=0:02:08
2026-09-18 19:36:12,380 INFO:   | Train Device=CSX, Step=360, Loss=1.03419, Rate=2887.43 samples/sec, GlobalRate=2045.99 samples/sec, LoopTimeRemaining=0:01:53, TimeRemaining=0:01:53
2026-09-18 19:36:30,489 INFO:   | Train Device=CSX, Step=370, Loss=1.01350, Rate=2073.03 samples/sec, GlobalRate=2051.28 samples/sec, LoopTimeRemaining=0:01:39, TimeRemaining=0:01:39
2026-09-18 19:36:45,491 INFO:   | Train Device=CSX, Step=380, Loss=1.02233, Rate=2811.75 samples/sec, GlobalRate=2064.80 samples/sec, LoopTimeRemaining=0:01:25, TimeRemaining=0:01:25
2026-09-18 19:36:59,486 INFO:   | Train Device=CSX, Step=390, Loss=1.02352, Rate=2908.26 samples/sec, GlobalRate=2080.51 samples/sec, LoopTimeRemaining=0:01:11, TimeRemaining=0:01:11
2026-09-18 19:37:18,113 INFO:   | Train Device=CSX, Step=400, Loss=0.95176, Rate=2863.11 samples/sec, GlobalRate=2083.31 samples/sec, LoopTimeRemaining=0:00:57, TimeRemaining=0:00:57
2026-09-18 19:37:32,451 INFO:   | Train Device=CSX, Step=410, Loss=1.01225, Rate=2896.57 samples/sec, GlobalRate=2097.16 samples/sec, LoopTimeRemaining=0:00:42, TimeRemaining=0:00:42
2026-09-18 19:37:50,943 INFO:   | Train Device=CSX, Step=420, Loss=1.01939, Rate=2790.09 samples/sec, GlobalRate=2099.82 samples/sec, LoopTimeRemaining=0:00:28, TimeRemaining=0:00:28
2026-09-18 19:38:05,127 INFO:   | Train Device=CSX, Step=430, Loss=1.00939, Rate=2895.76 samples/sec, GlobalRate=2113.23 samples/sec, LoopTimeRemaining=0:00:14, TimeRemaining=0:00:14
2026-09-18 19:38:23,585 INFO:   | Train Device=CSX, Step=440, Loss=0.98283, Rate=2412.52 samples/sec, GlobalRate=2115.53 samples/sec, LoopTimeRemaining=0:00:00, TimeRemaining=0:00:00
2026-09-18 19:38:23,694 INFO:   Training completed successfully!
2026-09-18 19:38:23,703 INFO:   Processed 1802240 training sample(s) in 854.94165242 seconds.
