$REPO_ROOT/.venv/lib/python3.11/site-packages/outdated/__init__.py:36: UserWarning: pkg_resources is deprecated as an API. See https://setuptools.pypa.io/en/latest/pkg_resources.html. The pkg_resources package is slated for removal as early as 2025-11-30. Refrain from using this package or pin to Setuptools<81.
  from pkg_resources import parse_version
[ddp] Single-process mode: device=cuda
[Info] Running in Single-Process mode (CPU or Single GPU).
[Info] Device: cuda
[GraphCache] Caching disabled (0 nodes).
[Step=0010] Wall=11.5818s | Loss=10.4978
[Profile] Avg ms/step | Load: 368.831 (Prep: 285.877, Struc: 1.339, Fetch: 81.615) | Fwd: 679.986 | Bwd: 102.170 | Opt: 4.785 | GPU_Tot: 869.896
[Autotune] {"version": 1, "step": 10, "wall_seconds": 11.581804123939946, "seed_nodes": 40960, "loss": 10.497785949707032, "all_losses_finite": true}
[Step=0020] Wall=13.5473s | Loss=2.8390
[Profile] Avg ms/step | Load: 222.622 (Prep: 142.962, Struc: 1.309, Fetch: 78.351) | Fwd: 366.884 | Bwd: 83.868 | Opt: 2.701 | GPU_Tot: 533.113
[Autotune] {"version": 1, "step": 20, "wall_seconds": 13.54733234795276, "seed_nodes": 81920, "loss": 2.8389917373657227, "all_losses_finite": true}
[Step=0030] Wall=15.5089s | Loss=2.3689
[Profile] Avg ms/step | Load: 173.859 (Prep: 95.323, Struc: 1.297, Fetch: 77.239) | Fwd: 262.482 | Bwd: 77.697 | Opt: 2.006 | GPU_Tot: 420.720
[Autotune] {"version": 1, "step": 30, "wall_seconds": 15.508877029991709, "seed_nodes": 122880, "loss": 2.3689395904541017, "all_losses_finite": true}
[Step=0040] Wall=17.4790s | Loss=2.0300
[Profile] Avg ms/step | Load: 0.000 (Prep: 0.000, Struc: 0.000, Fetch: 0.000) | Fwd: 0.000 | Bwd: 0.000 | Opt: 0.000 | GPU_Tot: 0.000
[Autotune] {"version": 1, "step": 40, "wall_seconds": 17.47901178500615, "seed_nodes": 163840, "loss": 2.0299667358398437, "all_losses_finite": true}
[Step=0050] Wall=20.9469s | Loss=1.6376
[Profile] Avg ms/step | Load: 234.754 (Prep: 163.624, Struc: 1.169, Fetch: 69.961) | Fwd: 50.684 | Bwd: 60.557 | Opt: 0.622 | GPU_Tot: 182.994
[Autotune] {"version": 1, "step": 50, "wall_seconds": 20.946913008927368, "seed_nodes": 200711, "loss": 1.6375629425048828, "all_losses_finite": true}
[Step=0060] Wall=22.9612s | Loss=1.4719
[Profile] Avg ms/step | Load: 157.949 (Prep: 81.837, Struc: 1.225, Fetch: 74.887) | Fwd: 52.284 | Bwd: 63.082 | Opt: 0.619 | GPU_Tot: 192.096
[Autotune] {"version": 1, "step": 60, "wall_seconds": 22.961151525960304, "seed_nodes": 241671, "loss": 1.4718779563903808, "all_losses_finite": true}
[Step=0070] Wall=24.9600s | Loss=1.1771
[Profile] Avg ms/step | Load: 132.038 (Prep: 54.573, Struc: 1.242, Fetch: 76.223) | Fwd: 52.753 | Bwd: 63.783 | Opt: 0.619 | GPU_Tot: 194.620
[Autotune] {"version": 1, "step": 70, "wall_seconds": 24.959958440973423, "seed_nodes": 282631, "loss": 1.177060317993164, "all_losses_finite": true}
[Step=0080] Wall=26.9800s | Loss=0.9815
[Profile] Avg ms/step | Load: 119.473 (Prep: 40.941, Struc: 1.251, Fetch: 77.280) | Fwd: 53.033 | Bwd: 64.227 | Opt: 0.621 | GPU_Tot: 196.412
[Autotune] {"version": 1, "step": 80, "wall_seconds": 26.97997544100508, "seed_nodes": 323591, "loss": 0.9815147399902344, "all_losses_finite": true}
[Step=0090] Wall=28.9833s | Loss=0.8612
[Profile] Avg ms/step | Load: 111.747 (Prep: 32.763, Struc: 1.257, Fetch: 77.727) | Fwd: 53.163 | Bwd: 64.380 | Opt: 0.621 | GPU_Tot: 197.147
[Autotune] {"version": 1, "step": 90, "wall_seconds": 28.98333635693416, "seed_nodes": 364551, "loss": 0.8612008094787598, "all_losses_finite": true}
[Step=0100] Wall=31.7806s | Loss=0.8041
[Profile] Avg ms/step | Load: 121.763 (Prep: 43.450, Struc: 1.242, Fetch: 77.072) | Fwd: 52.372 | Bwd: 63.426 | Opt: 0.622 | GPU_Tot: 194.734
[Autotune] {"version": 1, "step": 100, "wall_seconds": 31.780599009944126, "seed_nodes": 401422, "loss": 0.804136848449707, "all_losses_finite": true}
[Step=0110] Wall=33.7815s | Loss=0.7717
[Profile] Avg ms/step | Load: 115.917 (Prep: 37.250, Struc: 1.246, Fetch: 77.420) | Fwd: 52.546 | Bwd: 63.632 | Opt: 0.622 | GPU_Tot: 195.467
[Autotune] {"version": 1, "step": 110, "wall_seconds": 33.78149719897192, "seed_nodes": 442382, "loss": 0.7716723918914795, "all_losses_finite": true}
[Step=0120] Wall=35.7804s | Loss=0.7148
[Profile] Avg ms/step | Load: 111.411 (Prep: 32.600, Struc: 1.250, Fetch: 77.561) | Fwd: 52.697 | Bwd: 63.863 | Opt: 0.621 | GPU_Tot: 195.993
[Autotune] {"version": 1, "step": 120, "wall_seconds": 35.78043131402228, "seed_nodes": 483342, "loss": 0.7148415565490722, "all_losses_finite": true}
[Step=0130] Wall=37.7836s | Loss=0.6792
[Profile] Avg ms/step | Load: 107.941 (Prep: 28.983, Struc: 1.253, Fetch: 77.705) | Fwd: 52.830 | Bwd: 64.041 | Opt: 0.621 | GPU_Tot: 196.450
[Autotune] {"version": 1, "step": 130, "wall_seconds": 37.7835705159232, "seed_nodes": 524302, "loss": 0.6791628837585449, "all_losses_finite": true}
[Step=0140] Wall=39.7820s | Loss=0.6579
[Profile] Avg ms/step | Load: 105.172 (Prep: 26.089, Struc: 1.256, Fetch: 77.826) | Fwd: 52.921 | Bwd: 64.143 | Opt: 0.621 | GPU_Tot: 196.767
[Autotune] {"version": 1, "step": 140, "wall_seconds": 39.782037724973634, "seed_nodes": 565262, "loss": 0.6579202651977539, "all_losses_finite": true}
[Step=0150] Wall=42.9202s | Loss=0.7687
[Profile] Avg ms/step | Load: 114.279 (Prep: 35.564, Struc: 1.248, Fetch: 77.467) | Fwd: 52.526 | Bwd: 63.685 | Opt: 0.621 | GPU_Tot: 195.546
[Autotune] {"version": 1, "step": 150, "wall_seconds": 42.92022301291581, "seed_nodes": 602133, "loss": 0.7686634063720703, "all_losses_finite": true}
[Step=0160] Wall=44.9477s | Loss=0.7377
[Profile] Avg ms/step | Load: 111.659 (Prep: 32.604, Struc: 1.251, Fetch: 77.804) | Fwd: 52.631 | Bwd: 63.823 | Opt: 0.620 | GPU_Tot: 196.129
[Autotune] {"version": 1, "step": 160, "wall_seconds": 44.94774940202478, "seed_nodes": 643093, "loss": 0.7376698970794677, "all_losses_finite": true}
[Step=0170] Wall=46.9639s | Loss=0.6665
[Profile] Avg ms/step | Load: 109.326 (Prep: 30.100, Struc: 1.253, Fetch: 77.974) | Fwd: 52.726 | Bwd: 63.962 | Opt: 0.620 | GPU_Tot: 196.535
[Autotune] {"version": 1, "step": 170, "wall_seconds": 46.96394455898553, "seed_nodes": 684053, "loss": 0.6664945602416992, "all_losses_finite": true}
[Step=0180] Wall=48.9634s | Loss=0.6215
[Profile] Avg ms/step | Load: 107.266 (Prep: 27.953, Struc: 1.255, Fetch: 78.059) | Fwd: 52.794 | Bwd: 64.036 | Opt: 0.620 | GPU_Tot: 196.763
[Autotune] {"version": 1, "step": 180, "wall_seconds": 48.96338408498559, "seed_nodes": 725013, "loss": 0.621483564376831, "all_losses_finite": true}
[Step=0190] Wall=50.9621s | Loss=0.6050
[Profile] Avg ms/step | Load: 105.475 (Prep: 26.092, Struc: 1.256, Fetch: 78.126) | Fwd: 52.854 | Bwd: 64.101 | Opt: 0.620 | GPU_Tot: 196.956
[Autotune] {"version": 1, "step": 190, "wall_seconds": 50.96213267091662, "seed_nodes": 765973, "loss": 0.6050273418426514, "all_losses_finite": true}
[Step=0200] Wall=53.9070s | Loss=0.6972
[Profile] Avg ms/step | Load: 110.521 (Prep: 31.376, Struc: 1.251, Fetch: 77.895) | Fwd: 52.584 | Bwd: 63.778 | Opt: 0.620 | GPU_Tot: 196.127
[Autotune] {"version": 1, "step": 200, "wall_seconds": 53.90704492095392, "seed_nodes": 802844, "loss": 0.6972112655639648, "all_losses_finite": true}
[Step=0210] Wall=55.9211s | Loss=0.6999
[Profile] Avg ms/step | Load: 108.782 (Prep: 29.534, Struc: 1.252, Fetch: 77.996) | Fwd: 52.664 | Bwd: 63.892 | Opt: 0.620 | GPU_Tot: 196.424
[Autotune] {"version": 1, "step": 210, "wall_seconds": 55.92112982599065, "seed_nodes": 843804, "loss": 0.6998807430267334, "all_losses_finite": true}
[Step=0220] Wall=57.9361s | Loss=0.6396
[Profile] Avg ms/step | Load: 107.259 (Prep: 27.895, Struc: 1.254, Fetch: 78.110) | Fwd: 52.729 | Bwd: 63.982 | Opt: 0.620 | GPU_Tot: 196.694
[Autotune] {"version": 1, "step": 220, "wall_seconds": 57.936141942976974, "seed_nodes": 884764, "loss": 0.6396086692810059, "all_losses_finite": true}
[Step=0230] Wall=59.9440s | Loss=0.6017
[Profile] Avg ms/step | Load: 105.874 (Prep: 26.430, Struc: 1.255, Fetch: 78.189) | Fwd: 52.784 | Bwd: 64.051 | Opt: 0.620 | GPU_Tot: 196.899
[Autotune] {"version": 1, "step": 230, "wall_seconds": 59.94404136494268, "seed_nodes": 925724, "loss": 0.601677942276001, "all_losses_finite": true}
[Step=0240] Wall=61.9458s | Loss=0.5838
[Profile] Avg ms/step | Load: 104.619 (Prep: 25.111, Struc: 1.256, Fetch: 78.253) | Fwd: 52.829 | Bwd: 64.094 | Opt: 0.620 | GPU_Tot: 197.051
[Autotune] {"version": 1, "step": 240, "wall_seconds": 61.945840945933014, "seed_nodes": 966684, "loss": 0.5838373184204102, "all_losses_finite": true}
[Step=0250] Wall=64.9127s | Loss=0.5418
[Profile] Avg ms/step | Load: 108.600 (Prep: 29.274, Struc: 1.252, Fetch: 78.074) | Fwd: 52.629 | Bwd: 63.852 | Opt: 0.621 | GPU_Tot: 196.429
[Autotune] {"version": 1, "step": 250, "wall_seconds": 64.91268571896944, "seed_nodes": 1003555, "loss": 0.541788911819458, "all_losses_finite": true}
[Step=0260] Wall=66.9303s | Loss=0.5709
[Profile] Avg ms/step | Load: 107.367 (Prep: 27.946, Struc: 1.253, Fetch: 78.168) | Fwd: 52.689 | Bwd: 63.930 | Opt: 0.621 | GPU_Tot: 196.661
[Autotune] {"version": 1, "step": 260, "wall_seconds": 66.93027793592773, "seed_nodes": 1044515, "loss": 0.5708674907684326, "all_losses_finite": true}
[Step=0270] Wall=68.9493s | Loss=0.5582
[Profile] Avg ms/step | Load: 106.247 (Prep: 26.733, Struc: 1.254, Fetch: 78.260) | Fwd: 52.742 | Bwd: 64.001 | Opt: 0.621 | GPU_Tot: 196.879
[Autotune] {"version": 1, "step": 270, "wall_seconds": 68.9493004269898, "seed_nodes": 1085475, "loss": 0.5581846237182617, "all_losses_finite": true}
[Step=0280] Wall=70.9647s | Loss=0.5473
[Profile] Avg ms/step | Load: 105.204 (Prep: 25.621, Struc: 1.255, Fetch: 78.328) | Fwd: 52.789 | Bwd: 64.070 | Opt: 0.622 | GPU_Tot: 197.064
[Autotune] {"version": 1, "step": 280, "wall_seconds": 70.96471298998222, "seed_nodes": 1126435, "loss": 0.5472776412963867, "all_losses_finite": true}
[Step=0290] Wall=72.9844s | Loss=0.5329
[Profile] Avg ms/step | Load: 104.258 (Prep: 24.598, Struc: 1.256, Fetch: 78.404) | Fwd: 52.837 | Bwd: 64.133 | Opt: 0.622 | GPU_Tot: 197.252
[Autotune] {"version": 1, "step": 290, "wall_seconds": 72.98439520399552, "seed_nodes": 1167395, "loss": 0.5328677654266357, "all_losses_finite": true}
[Step=0300] Wall=76.2466s | Loss=0.6423
[Profile] Avg ms/step | Load: 108.639 (Prep: 29.216, Struc: 1.253, Fetch: 78.171) | Fwd: 52.673 | Bwd: 63.923 | Opt: 0.622 | GPU_Tot: 196.642
[Autotune] {"version": 1, "step": 300, "wall_seconds": 76.24661359994207, "seed_nodes": 1204266, "loss": 0.6423257350921631, "all_losses_finite": true}
[Step=0310] Wall=78.2478s | Loss=0.6377
[Profile] Avg ms/step | Load: 107.591 (Prep: 28.135, Struc: 1.253, Fetch: 78.203) | Fwd: 52.716 | Bwd: 63.967 | Opt: 0.622 | GPU_Tot: 196.762
[Autotune] {"version": 1, "step": 310, "wall_seconds": 78.24775710399263, "seed_nodes": 1245226, "loss": 0.6376786708831788, "all_losses_finite": true}
[Step=0320] Wall=80.2490s | Loss=0.5622
[Profile] Avg ms/step | Load: 106.615 (Prep: 27.132, Struc: 1.254, Fetch: 78.228) | Fwd: 52.758 | Bwd: 64.012 | Opt: 0.622 | GPU_Tot: 196.875
[Autotune] {"version": 1, "step": 320, "wall_seconds": 80.24896238092333, "seed_nodes": 1286186, "loss": 0.5622233867645263, "all_losses_finite": true}
[Step=0330] Wall=82.2591s | Loss=0.5378
[Profile] Avg ms/step | Load: 105.704 (Prep: 26.198, Struc: 1.255, Fetch: 78.251) | Fwd: 52.801 | Bwd: 64.081 | Opt: 0.622 | GPU_Tot: 197.010
[Autotune] {"version": 1, "step": 330, "wall_seconds": 82.25912086700555, "seed_nodes": 1327146, "loss": 0.5377849578857422, "all_losses_finite": true}
[Step=0340] Wall=84.2664s | Loss=0.5363
[Profile] Avg ms/step | Load: 104.861 (Prep: 25.326, Struc: 1.256, Fetch: 78.279) | Fwd: 52.840 | Bwd: 64.129 | Opt: 0.622 | GPU_Tot: 197.127
[Autotune] {"version": 1, "step": 340, "wall_seconds": 84.26635129598435, "seed_nodes": 1368106, "loss": 0.5362918376922607, "all_losses_finite": true}
[Step=0350] Wall=87.0628s | Loss=0.4752
[Profile] Avg ms/step | Load: 107.000 (Prep: 27.559, Struc: 1.253, Fetch: 78.188) | Fwd: 52.704 | Bwd: 63.966 | Opt: 0.622 | GPU_Tot: 196.733
[Autotune] {"version": 1, "step": 350, "wall_seconds": 87.06279203400481, "seed_nodes": 1404977, "loss": 0.4752303123474121, "all_losses_finite": true}
[Step=0360] Wall=89.0658s | Loss=0.5090
[Profile] Avg ms/step | Load: 106.169 (Prep: 26.699, Struc: 1.254, Fetch: 78.216) | Fwd: 52.740 | Bwd: 64.005 | Opt: 0.622 | GPU_Tot: 196.838
[Autotune] {"version": 1, "step": 360, "wall_seconds": 89.06578429893125, "seed_nodes": 1445937, "loss": 0.5090157985687256, "all_losses_finite": true}
[Step=0370] Wall=91.0689s | Loss=0.5205
[Profile] Avg ms/step | Load: 105.388 (Prep: 25.892, Struc: 1.254, Fetch: 78.242) | Fwd: 52.776 | Bwd: 64.041 | Opt: 0.622 | GPU_Tot: 196.936
[Autotune] {"version": 1, "step": 370, "wall_seconds": 91.06885101494845, "seed_nodes": 1486897, "loss": 0.5205153942108154, "all_losses_finite": true}
[Step=0380] Wall=93.0840s | Loss=0.5145
[Profile] Avg ms/step | Load: 104.659 (Prep: 25.132, Struc: 1.255, Fetch: 78.273) | Fwd: 52.816 | Bwd: 64.098 | Opt: 0.622 | GPU_Tot: 197.064
[Autotune] {"version": 1, "step": 380, "wall_seconds": 93.08400528400671, "seed_nodes": 1527857, "loss": 0.5145401000976563, "all_losses_finite": true}
[Step=0390] Wall=95.0892s | Loss=0.4947
[Profile] Avg ms/step | Load: 103.972 (Prep: 24.415, Struc: 1.256, Fetch: 78.301) | Fwd: 52.848 | Bwd: 64.130 | Opt: 0.622 | GPU_Tot: 197.157
[Autotune] {"version": 1, "step": 390, "wall_seconds": 95.08922998292837, "seed_nodes": 1568817, "loss": 0.4947354316711426, "all_losses_finite": true}
[Step=0400] Wall=98.0111s | Loss=0.4948
[Profile] Avg ms/step | Load: 106.181 (Prep: 26.726, Struc: 1.253, Fetch: 78.202) | Fwd: 52.734 | Bwd: 63.991 | Opt: 0.623 | GPU_Tot: 196.803
[Autotune] {"version": 1, "step": 400, "wall_seconds": 98.01107309001964, "seed_nodes": 1605688, "loss": 0.4947957515716553, "all_losses_finite": true}
[Step=0410] Wall=100.0258s | Loss=0.5163
[Profile] Avg ms/step | Load: 105.498 (Prep: 26.005, Struc: 1.254, Fetch: 78.239) | Fwd: 52.770 | Bwd: 64.037 | Opt: 0.623 | GPU_Tot: 196.923
[Autotune] {"version": 1, "step": 410, "wall_seconds": 100.02581833396107, "seed_nodes": 1646648, "loss": 0.5163038730621338, "all_losses_finite": true}
[Step=0420] Wall=102.0478s | Loss=0.4996
[Profile] Avg ms/step | Load: 104.858 (Prep: 25.321, Struc: 1.255, Fetch: 78.282) | Fwd: 52.804 | Bwd: 64.092 | Opt: 0.623 | GPU_Tot: 197.056
[Autotune] {"version": 1, "step": 420, "wall_seconds": 102.0478176829638, "seed_nodes": 1687608, "loss": 0.4995683193206787, "all_losses_finite": true}
[Step=0430] Wall=104.0641s | Loss=0.5047
[Profile] Avg ms/step | Load: 104.252 (Prep: 24.673, Struc: 1.255, Fetch: 78.323) | Fwd: 52.834 | Bwd: 64.132 | Opt: 0.623 | GPU_Tot: 197.168
[Autotune] {"version": 1, "step": 430, "wall_seconds": 104.06407066097017, "seed_nodes": 1728568, "loss": 0.5046564102172851, "all_losses_finite": true}
[Step=0440] Wall=106.0856s | Loss=0.4917
[Profile] Avg ms/step | Load: 103.702 (Prep: 24.058, Struc: 1.256, Fetch: 78.388) | Fwd: 52.860 | Bwd: 64.160 | Opt: 0.623 | GPU_Tot: 197.287
[Autotune] {"version": 1, "step": 440, "wall_seconds": 106.08556962094735, "seed_nodes": 1769528, "loss": 0.49173583984375, "all_losses_finite": true}
[Step=0450] Wall=109.0024s | Loss=0.6525
[Profile] Avg ms/step | Load: 105.624 (Prep: 26.094, Struc: 1.254, Fetch: 78.276) | Fwd: 52.759 | Bwd: 64.049 | Opt: 0.623 | GPU_Tot: 196.962
[Autotune] {"version": 1, "step": 450, "wall_seconds": 109.00241181394085, "seed_nodes": 1806399, "loss": 0.6525253295898438, "all_losses_finite": true}
[Step=0460] Wall=111.0073s | Loss=0.5910
[Profile] Avg ms/step | Load: 105.027 (Prep: 25.474, Struc: 1.254, Fetch: 78.299) | Fwd: 52.787 | Bwd: 64.078 | Opt: 0.623 | GPU_Tot: 197.041
[Autotune] {"version": 1, "step": 460, "wall_seconds": 111.00728244392667, "seed_nodes": 1847359, "loss": 0.5909992218017578, "all_losses_finite": true}
[Step=0470] Wall=113.0206s | Loss=0.5648
[Profile] Avg ms/step | Load: 104.458 (Prep: 24.883, Struc: 1.255, Fetch: 78.321) | Fwd: 52.817 | Bwd: 64.120 | Opt: 0.623 | GPU_Tot: 197.135
[Autotune] {"version": 1, "step": 470, "wall_seconds": 113.02055944001768, "seed_nodes": 1888319, "loss": 0.564754056930542, "all_losses_finite": true}
[Step=0480] Wall=115.0264s | Loss=0.5221
[Profile] Avg ms/step | Load: 103.917 (Prep: 24.318, Struc: 1.255, Fetch: 78.344) | Fwd: 52.842 | Bwd: 64.146 | Opt: 0.623 | GPU_Tot: 197.209
[Autotune] {"version": 1, "step": 480, "wall_seconds": 115.02641408191994, "seed_nodes": 1929279, "loss": 0.5221110343933105, "all_losses_finite": true}
[Step=0490] Wall=116.8448s | Loss=0.4782
[Profile] Avg ms/step | Load: 103.220 (Prep: 23.779, Struc: 1.253, Fetch: 78.188) | Fwd: 52.752 | Bwd: 64.046 | Opt: 0.623 | GPU_Tot: 196.862
[Autotune] {"version": 1, "step": 490, "wall_seconds": 116.84482965001371, "seed_nodes": 1966150, "loss": 0.4782142639160156, "all_losses_finite": true}
[Step=0500] Wall=119.7487s | Loss=0.5091
[Profile] Avg ms/step | Load: 104.676 (Prep: 25.098, Struc: 1.254, Fetch: 78.323) | Fwd: 52.777 | Bwd: 64.076 | Opt: 0.624 | GPU_Tot: 197.055
[Autotune] {"version": 1, "step": 500, "wall_seconds": 119.74871099297889, "seed_nodes": 2007110, "loss": 0.5090723514556885, "all_losses_finite": true}
[Step=0510] Wall=121.7693s | Loss=0.5072
[Profile] Avg ms/step | Load: 104.178 (Prep: 24.565, Struc: 1.254, Fetch: 78.358) | Fwd: 52.806 | Bwd: 64.115 | Opt: 0.624 | GPU_Tot: 197.157
[Autotune] {"version": 1, "step": 510, "wall_seconds": 121.76933777099475, "seed_nodes": 2048070, "loss": 0.5071892738342285, "all_losses_finite": true}
[Step=0520] Wall=123.7897s | Loss=0.4980
[Profile] Avg ms/step | Load: 103.701 (Prep: 24.055, Struc: 1.255, Fetch: 78.391) | Fwd: 52.833 | Bwd: 64.151 | Opt: 0.624 | GPU_Tot: 197.254
[Autotune] {"version": 1, "step": 520, "wall_seconds": 123.78966061992105, "seed_nodes": 2089030, "loss": 0.49799151420593263, "all_losses_finite": true}
[Step=0530] Wall=125.8069s | Loss=0.4857
[Profile] Avg ms/step | Load: 103.239 (Prep: 23.565, Struc: 1.255, Fetch: 78.419) | Fwd: 52.857 | Bwd: 64.185 | Opt: 0.624 | GPU_Tot: 197.340
[Autotune] {"version": 1, "step": 530, "wall_seconds": 125.80687606101856, "seed_nodes": 2129990, "loss": 0.4856590747833252, "all_losses_finite": true}
[Step=0540] Wall=128.7386s | Loss=0.5034
[Profile] Avg ms/step | Load: 104.854 (Prep: 25.296, Struc: 1.254, Fetch: 78.305) | Fwd: 52.775 | Bwd: 64.094 | Opt: 0.624 | GPU_Tot: 197.051
[Autotune] {"version": 1, "step": 540, "wall_seconds": 128.7386485929601, "seed_nodes": 2166861, "loss": 0.5033536911010742, "all_losses_finite": true}
[Step=0550] Wall=130.8576s | Loss=0.6125
[Profile] Avg ms/step | Load: 104.586 (Prep: 24.965, Struc: 1.254, Fetch: 78.367) | Fwd: 52.798 | Bwd: 64.130 | Opt: 0.624 | GPU_Tot: 197.174
[Autotune] {"version": 1, "step": 550, "wall_seconds": 130.85759820102248, "seed_nodes": 2207821, "loss": 0.6124928951263428, "all_losses_finite": true}
[Step=0560] Wall=132.8689s | Loss=0.5591
[Profile] Avg ms/step | Load: 104.128 (Prep: 24.486, Struc: 1.255, Fetch: 78.387) | Fwd: 52.822 | Bwd: 64.158 | Opt: 0.624 | GPU_Tot: 197.245
[Autotune] {"version": 1, "step": 560, "wall_seconds": 132.86886388994753, "seed_nodes": 2248781, "loss": 0.559116268157959, "all_losses_finite": true}
[Step=0570] Wall=134.8828s | Loss=0.5246
[Profile] Avg ms/step | Load: 103.685 (Prep: 24.025, Struc: 1.255, Fetch: 78.405) | Fwd: 52.845 | Bwd: 64.190 | Opt: 0.624 | GPU_Tot: 197.320
[Autotune] {"version": 1, "step": 570, "wall_seconds": 134.8828430440044, "seed_nodes": 2289741, "loss": 0.5246099948883056, "all_losses_finite": true}
[Step=0580] Wall=136.8907s | Loss=0.5065
[Profile] Avg ms/step | Load: 103.259 (Prep: 23.581, Struc: 1.255, Fetch: 78.423) | Fwd: 52.866 | Bwd: 64.212 | Opt: 0.624 | GPU_Tot: 197.380
[Autotune] {"version": 1, "step": 580, "wall_seconds": 136.89067324297503, "seed_nodes": 2330701, "loss": 0.5065434455871582, "all_losses_finite": true}
[Step=0590] Wall=140.0112s | Loss=0.4840
[Profile] Avg ms/step | Load: 105.065 (Prep: 25.474, Struc: 1.254, Fetch: 78.336) | Fwd: 52.793 | Bwd: 64.132 | Opt: 0.624 | GPU_Tot: 197.139
[Autotune] {"version": 1, "step": 590, "wall_seconds": 140.01121063099708, "seed_nodes": 2367572, "loss": 0.48399949073791504, "all_losses_finite": true}
[Step=0600] Wall=142.0348s | Loss=0.5529
[Profile] Avg ms/step | Load: 104.648 (Prep: 25.020, Struc: 1.254, Fetch: 78.373) | Fwd: 52.815 | Bwd: 64.162 | Opt: 0.624 | GPU_Tot: 197.229
[Autotune] {"version": 1, "step": 600, "wall_seconds": 142.03484341898002, "seed_nodes": 2408532, "loss": 0.5528640747070312, "all_losses_finite": true}
[Step=0610] Wall=144.0724s | Loss=0.5074
[Profile] Avg ms/step | Load: 104.261 (Prep: 24.582, Struc: 1.255, Fetch: 78.424) | Fwd: 52.837 | Bwd: 64.199 | Opt: 0.624 | GPU_Tot: 197.339
[Autotune] {"version": 1, "step": 610, "wall_seconds": 144.07235038594808, "seed_nodes": 2449492, "loss": 0.5073940277099609, "all_losses_finite": true}
[Step=0620] Wall=146.1112s | Loss=0.5156
[Profile] Avg ms/step | Load: 103.889 (Prep: 24.159, Struc: 1.255, Fetch: 78.475) | Fwd: 52.860 | Bwd: 64.233 | Opt: 0.624 | GPU_Tot: 197.448
[Autotune] {"version": 1, "step": 620, "wall_seconds": 146.11120974295773, "seed_nodes": 2490452, "loss": 0.5156491756439209, "all_losses_finite": true}
[Step=0630] Wall=148.1474s | Loss=0.4842
[Profile] Avg ms/step | Load: 103.525 (Prep: 23.750, Struc: 1.256, Fetch: 78.519) | Fwd: 52.882 | Bwd: 64.268 | Opt: 0.625 | GPU_Tot: 197.549
[Autotune] {"version": 1, "step": 630, "wall_seconds": 148.14736172091216, "seed_nodes": 2531412, "loss": 0.4842077255249023, "all_losses_finite": true}
[Step=0640] Wall=150.8796s | Loss=0.6410
[Profile] Avg ms/step | Load: 104.529 (Prep: 24.811, Struc: 1.254, Fetch: 78.464) | Fwd: 52.815 | Bwd: 64.194 | Opt: 0.625 | GPU_Tot: 197.351
[Autotune] {"version": 1, "step": 640, "wall_seconds": 150.87957222992554, "seed_nodes": 2568283, "loss": 0.6410280704498291, "all_losses_finite": true}
[Step=0650] Wall=152.9082s | Loss=0.6734
[Profile] Avg ms/step | Load: 104.163 (Prep: 24.405, Struc: 1.254, Fetch: 78.504) | Fwd: 52.834 | Bwd: 64.221 | Opt: 0.625 | GPU_Tot: 197.438
[Autotune] {"version": 1, "step": 650, "wall_seconds": 152.9081675459165, "seed_nodes": 2609243, "loss": 0.6734189987182617, "all_losses_finite": true}
[Step=0660] Wall=154.9303s | Loss=0.5820
[Profile] Avg ms/step | Load: 103.799 (Prep: 24.012, Struc: 1.255, Fetch: 78.531) | Fwd: 52.854 | Bwd: 64.246 | Opt: 0.625 | GPU_Tot: 197.511
[Autotune] {"version": 1, "step": 660, "wall_seconds": 154.93030015693512, "seed_nodes": 2650203, "loss": 0.5820292949676513, "all_losses_finite": true}
[Step=0670] Wall=156.9491s | Loss=0.5422
[Profile] Avg ms/step | Load: 103.441 (Prep: 23.632, Struc: 1.255, Fetch: 78.554) | Fwd: 52.872 | Bwd: 64.271 | Opt: 0.625 | GPU_Tot: 197.577
[Autotune] {"version": 1, "step": 670, "wall_seconds": 156.94910776999313, "seed_nodes": 2691163, "loss": 0.542197322845459, "all_losses_finite": true}
[Step=0680] Wall=158.9708s | Loss=0.5067
[Profile] Avg ms/step | Load: 103.099 (Prep: 23.264, Struc: 1.256, Fetch: 78.579) | Fwd: 52.890 | Bwd: 64.295 | Opt: 0.625 | GPU_Tot: 197.645
[Autotune] {"version": 1, "step": 680, "wall_seconds": 158.9708086689934, "seed_nodes": 2732123, "loss": 0.5066564083099365, "all_losses_finite": true}
[Step=0690] Wall=162.1283s | Loss=0.5134
[Profile] Avg ms/step | Load: 104.696 (Prep: 24.953, Struc: 1.254, Fetch: 78.489) | Fwd: 52.826 | Bwd: 64.218 | Opt: 0.625 | GPU_Tot: 197.412
[Autotune] {"version": 1, "step": 690, "wall_seconds": 162.12827465496957, "seed_nodes": 2768994, "loss": 0.513404655456543, "all_losses_finite": true}
[Step=0700] Wall=164.1448s | Loss=0.5347
[Profile] Avg ms/step | Load: 104.331 (Prep: 24.576, Struc: 1.255, Fetch: 78.501) | Fwd: 52.845 | Bwd: 64.248 | Opt: 0.625 | GPU_Tot: 197.473
[Autotune] {"version": 1, "step": 700, "wall_seconds": 164.1447801379254, "seed_nodes": 2809954, "loss": 0.5346691608428955, "all_losses_finite": true}
[Step=0710] Wall=166.1659s | Loss=0.5107
[Profile] Avg ms/step | Load: 103.994 (Prep: 24.210, Struc: 1.255, Fetch: 78.530) | Fwd: 52.863 | Bwd: 64.267 | Opt: 0.625 | GPU_Tot: 197.539
[Autotune] {"version": 1, "step": 710, "wall_seconds": 166.16587515501305, "seed_nodes": 2850914, "loss": 0.5107271671295166, "all_losses_finite": true}
[Step=0720] Wall=168.1731s | Loss=0.4870
[Profile] Avg ms/step | Load: 103.653 (Prep: 23.854, Struc: 1.255, Fetch: 78.544) | Fwd: 52.878 | Bwd: 64.281 | Opt: 0.625 | GPU_Tot: 197.583
[Autotune] {"version": 1, "step": 720, "wall_seconds": 168.17308367299847, "seed_nodes": 2891874, "loss": 0.4870490074157715, "all_losses_finite": true}
[Step=0730] Wall=170.1898s | Loss=0.4779
[Profile] Avg ms/step | Load: 103.321 (Prep: 23.509, Struc: 1.256, Fetch: 78.556) | Fwd: 52.896 | Bwd: 64.306 | Opt: 0.625 | GPU_Tot: 197.639
[Autotune] {"version": 1, "step": 730, "wall_seconds": 170.18977499799803, "seed_nodes": 2932834, "loss": 0.4778717041015625, "all_losses_finite": true}
[Step=0740] Wall=173.2831s | Loss=0.7702
[Profile] Avg ms/step | Load: 104.700 (Prep: 24.951, Struc: 1.254, Fetch: 78.495) | Fwd: 52.838 | Bwd: 64.242 | Opt: 0.625 | GPU_Tot: 197.454
[Autotune] {"version": 1, "step": 740, "wall_seconds": 173.28312649799045, "seed_nodes": 2969705, "loss": 0.770243501663208, "all_losses_finite": true}
[Step=0750] Wall=175.2981s | Loss=0.6349
[Profile] Avg ms/step | Load: 104.363 (Prep: 24.600, Struc: 1.255, Fetch: 78.508) | Fwd: 52.855 | Bwd: 64.265 | Opt: 0.625 | GPU_Tot: 197.508
[Autotune] {"version": 1, "step": 750, "wall_seconds": 175.2980759019265, "seed_nodes": 3010665, "loss": 0.6349269390106201, "all_losses_finite": true}
[Step=0760] Wall=177.3085s | Loss=0.5619
[Profile] Avg ms/step | Load: 104.033 (Prep: 24.259, Struc: 1.255, Fetch: 78.519) | Fwd: 52.871 | Bwd: 64.285 | Opt: 0.625 | GPU_Tot: 197.554
[Autotune] {"version": 1, "step": 760, "wall_seconds": 177.30849862995092, "seed_nodes": 3051625, "loss": 0.5618649959564209, "all_losses_finite": true}
[Step=0770] Wall=179.3268s | Loss=0.5442
[Profile] Avg ms/step | Load: 103.716 (Prep: 23.928, Struc: 1.255, Fetch: 78.533) | Fwd: 52.887 | Bwd: 64.309 | Opt: 0.625 | GPU_Tot: 197.610
[Autotune] {"version": 1, "step": 770, "wall_seconds": 179.32679767697118, "seed_nodes": 3092585, "loss": 0.5441527366638184, "all_losses_finite": true}
[Step=0780] Wall=181.3426s | Loss=0.5153
[Profile] Avg ms/step | Load: 103.406 (Prep: 23.605, Struc: 1.256, Fetch: 78.545) | Fwd: 52.903 | Bwd: 64.332 | Opt: 0.625 | GPU_Tot: 197.660
[Autotune] {"version": 1, "step": 780, "wall_seconds": 181.34258246200625, "seed_nodes": 3133545, "loss": 0.5153026103973388, "all_losses_finite": true}
[Step=0790] Wall=184.0854s | Loss=0.5675
[Profile] Avg ms/step | Load: 104.230 (Prep: 24.467, Struc: 1.255, Fetch: 78.508) | Fwd: 52.848 | Bwd: 64.267 | Opt: 0.625 | GPU_Tot: 197.503
[Autotune] {"version": 1, "step": 790, "wall_seconds": 184.08544758800417, "seed_nodes": 3170416, "loss": 0.5674767971038819, "all_losses_finite": true}
[Step=0800] Wall=186.0880s | Loss=0.5671
[Profile] Avg ms/step | Load: 103.916 (Prep: 24.145, Struc: 1.255, Fetch: 78.516) | Fwd: 52.861 | Bwd: 64.279 | Opt: 0.625 | GPU_Tot: 197.537
[Autotune] {"version": 1, "step": 800, "wall_seconds": 186.08801868499722, "seed_nodes": 3211376, "loss": 0.5671366214752197, "all_losses_finite": true}
[Step=0810] Wall=188.0952s | Loss=0.5326
[Profile] Avg ms/step | Load: 103.612 (Prep: 23.832, Struc: 1.255, Fetch: 78.525) | Fwd: 52.875 | Bwd: 64.295 | Opt: 0.625 | GPU_Tot: 197.575
[Autotune] {"version": 1, "step": 810, "wall_seconds": 188.09521233697888, "seed_nodes": 3252336, "loss": 0.5326232433319091, "all_losses_finite": true}
[Step=0820] Wall=190.1062s | Loss=0.5104
[Profile] Avg ms/step | Load: 103.315 (Prep: 23.527, Struc: 1.255, Fetch: 78.532) | Fwd: 52.889 | Bwd: 64.316 | Opt: 0.625 | GPU_Tot: 197.618
[Autotune] {"version": 1, "step": 820, "wall_seconds": 190.10623754491098, "seed_nodes": 3293296, "loss": 0.5104137420654297, "all_losses_finite": true}
[Step=0830] Wall=192.1198s | Loss=0.4878
[Profile] Avg ms/step | Load: 103.028 (Prep: 23.230, Struc: 1.256, Fetch: 78.542) | Fwd: 52.904 | Bwd: 64.335 | Opt: 0.625 | GPU_Tot: 197.662
[Autotune] {"version": 1, "step": 830, "wall_seconds": 192.11983641202096, "seed_nodes": 3334256, "loss": 0.4877781391143799, "all_losses_finite": true}
[Step=0840] Wall=194.7865s | Loss=0.4725
[Profile] Avg ms/step | Load: 103.710 (Prep: 23.949, Struc: 1.255, Fetch: 78.506) | Fwd: 52.853 | Bwd: 64.274 | Opt: 0.625 | GPU_Tot: 197.513
[Autotune] {"version": 1, "step": 840, "wall_seconds": 194.78647450893186, "seed_nodes": 3371127, "loss": 0.47249770164489746, "all_losses_finite": true}
[Step=0850] Wall=196.7935s | Loss=0.5074
[Profile] Avg ms/step | Load: 103.425 (Prep: 23.654, Struc: 1.255, Fetch: 78.516) | Fwd: 52.866 | Bwd: 64.288 | Opt: 0.625 | GPU_Tot: 197.549
[Autotune] {"version": 1, "step": 850, "wall_seconds": 196.79348386102356, "seed_nodes": 3412087, "loss": 0.5074292659759522, "all_losses_finite": true}
[Step=0860] Wall=198.8090s | Loss=0.4934
[Profile] Avg ms/step | Load: 103.148 (Prep: 23.367, Struc: 1.255, Fetch: 78.527) | Fwd: 52.880 | Bwd: 64.309 | Opt: 0.625 | GPU_Tot: 197.595
[Autotune] {"version": 1, "step": 860, "wall_seconds": 198.8090012759203, "seed_nodes": 3453047, "loss": 0.4933912754058838, "all_losses_finite": true}
[Step=0870] Wall=200.8245s | Loss=0.4830
[Profile] Avg ms/step | Load: 102.876 (Prep: 23.086, Struc: 1.255, Fetch: 78.535) | Fwd: 52.895 | Bwd: 64.331 | Opt: 0.624 | GPU_Tot: 197.640
[Autotune] {"version": 1, "step": 870, "wall_seconds": 200.8245259359246, "seed_nodes": 3494007, "loss": 0.48304033279418945, "all_losses_finite": true}
[Step=0880] Wall=202.8378s | Loss=0.4602
[Profile] Avg ms/step | Load: 102.613 (Prep: 22.811, Struc: 1.256, Fetch: 78.546) | Fwd: 52.908 | Bwd: 64.348 | Opt: 0.624 | GPU_Tot: 197.682
[Autotune] {"version": 1, "step": 880, "wall_seconds": 202.83775844995398, "seed_nodes": 3534967, "loss": 0.46016993522644045, "all_losses_finite": true}
[Step=0890] Wall=205.5130s | Loss=0.5724
[Profile] Avg ms/step | Load: 103.269 (Prep: 23.496, Struc: 1.255, Fetch: 78.519) | Fwd: 52.860 | Bwd: 64.291 | Opt: 0.624 | GPU_Tot: 197.549
[Autotune] {"version": 1, "step": 890, "wall_seconds": 205.5129611629527, "seed_nodes": 3571838, "loss": 0.5723749160766601, "all_losses_finite": true}
[Step=0900] Wall=207.5365s | Loss=0.5628
[Profile] Avg ms/step | Load: 103.015 (Prep: 23.223, Struc: 1.255, Fetch: 78.537) | Fwd: 52.874 | Bwd: 64.312 | Opt: 0.624 | GPU_Tot: 197.602
[Autotune] {"version": 1, "step": 900, "wall_seconds": 207.53648480796255, "seed_nodes": 3612798, "loss": 0.5628119945526123, "all_losses_finite": true}
[Step=0910] Wall=209.5608s | Loss=0.5190
[Profile] Avg ms/step | Load: 102.766 (Prep: 22.957, Struc: 1.255, Fetch: 78.554) | Fwd: 52.888 | Bwd: 64.333 | Opt: 0.624 | GPU_Tot: 197.655
[Autotune] {"version": 1, "step": 910, "wall_seconds": 209.5607813699171, "seed_nodes": 3653758, "loss": 0.518992280960083, "all_losses_finite": true}
[Step=0920] Wall=211.5831s | Loss=0.4906
[Profile] Avg ms/step | Load: 102.522 (Prep: 22.696, Struc: 1.255, Fetch: 78.570) | Fwd: 52.902 | Bwd: 64.353 | Opt: 0.624 | GPU_Tot: 197.704
[Autotune] {"version": 1, "step": 920, "wall_seconds": 211.58313674898818, "seed_nodes": 3694718, "loss": 0.4905667304992676, "all_losses_finite": true}
[Step=0930] Wall=213.6052s | Loss=0.4782
[Profile] Avg ms/step | Load: 102.285 (Prep: 22.442, Struc: 1.256, Fetch: 78.588) | Fwd: 52.914 | Bwd: 64.371 | Opt: 0.624 | GPU_Tot: 197.753
[Autotune] {"version": 1, "step": 930, "wall_seconds": 213.6051692449255, "seed_nodes": 3735678, "loss": 0.4782149314880371, "all_losses_finite": true}
[Step=0940] Wall=216.8278s | Loss=0.5213
[Profile] Avg ms/step | Load: 103.519 (Prep: 23.737, Struc: 1.255, Fetch: 78.527) | Fwd: 52.868 | Bwd: 64.316 | Opt: 0.624 | GPU_Tot: 197.590
[Autotune] {"version": 1, "step": 940, "wall_seconds": 216.82782924396452, "seed_nodes": 3772549, "loss": 0.5212938785552979, "all_losses_finite": true}
[Step=0950] Wall=218.8468s | Loss=0.5100
[Profile] Avg ms/step | Load: 103.273 (Prep: 23.476, Struc: 1.255, Fetch: 78.542) | Fwd: 52.880 | Bwd: 64.334 | Opt: 0.624 | GPU_Tot: 197.635
[Autotune] {"version": 1, "step": 950, "wall_seconds": 218.8467525410233, "seed_nodes": 3813509, "loss": 0.5100461006164551, "all_losses_finite": true}
[Step=0960] Wall=220.8665s | Loss=0.4751
[Profile] Avg ms/step | Load: 103.032 (Prep: 23.222, Struc: 1.255, Fetch: 78.555) | Fwd: 52.893 | Bwd: 64.352 | Opt: 0.624 | GPU_Tot: 197.680
[Autotune] {"version": 1, "step": 960, "wall_seconds": 220.86648176796734, "seed_nodes": 3854469, "loss": 0.4751016139984131, "all_losses_finite": true}
[Step=0970] Wall=222.8890s | Loss=0.4712
[Profile] Avg ms/step | Load: 102.800 (Prep: 22.973, Struc: 1.255, Fetch: 78.572) | Fwd: 52.906 | Bwd: 64.369 | Opt: 0.625 | GPU_Tot: 197.726
[Autotune] {"version": 1, "step": 970, "wall_seconds": 222.88899139896967, "seed_nodes": 3895429, "loss": 0.47121601104736327, "all_losses_finite": true}
[Step=0980] Wall=224.7316s | Loss=0.4367
[Profile] Avg ms/step | Load: 102.501 (Prep: 22.729, Struc: 1.254, Fetch: 78.518) | Fwd: 52.862 | Bwd: 64.321 | Opt: 0.625 | GPU_Tot: 197.581
[Autotune] {"version": 1, "step": 980, "wall_seconds": 224.73159457196016, "seed_nodes": 3932300, "loss": 0.4367358684539795, "all_losses_finite": true}
[Step=0990] Wall=228.0070s | Loss=0.4851
[Profile] Avg ms/step | Load: 103.598 (Prep: 23.801, Struc: 1.255, Fetch: 78.543) | Fwd: 52.875 | Bwd: 64.339 | Opt: 0.625 | GPU_Tot: 197.636
[Autotune] {"version": 1, "step": 990, "wall_seconds": 228.0070280060172, "seed_nodes": 3973260, "loss": 0.4850893497467041, "all_losses_finite": true}
[Step=1000] Wall=230.0235s | Loss=0.4747
[Profile] Avg ms/step | Load: 103.357 (Prep: 23.553, Struc: 1.255, Fetch: 78.549) | Fwd: 52.887 | Bwd: 64.359 | Opt: 0.625 | GPU_Tot: 197.675
[Autotune] {"version": 1, "step": 1000, "wall_seconds": 230.02352970896754, "seed_nodes": 4014220, "loss": 0.47465691566467283, "all_losses_finite": true}
[Step=1010] Wall=232.0278s | Loss=0.4712
[Profile] Avg ms/step | Load: 103.120 (Prep: 23.311, Struc: 1.255, Fetch: 78.554) | Fwd: 52.898 | Bwd: 64.370 | Opt: 0.625 | GPU_Tot: 197.701
[Autotune] {"version": 1, "step": 1010, "wall_seconds": 232.02779719198588, "seed_nodes": 4055180, "loss": 0.47116889953613283, "all_losses_finite": true}
[Step=1020] Wall=234.0289s | Loss=0.4623
[Profile] Avg ms/step | Load: 102.886 (Prep: 23.073, Struc: 1.255, Fetch: 78.557) | Fwd: 52.907 | Bwd: 64.379 | Opt: 0.625 | GPU_Tot: 197.724
[Autotune] {"version": 1, "step": 1020, "wall_seconds": 234.0289008169202, "seed_nodes": 4096140, "loss": 0.4623120784759521, "all_losses_finite": true}
[Step=1030] Wall=236.7105s | Loss=0.4559
[Profile] Avg ms/step | Load: 103.449 (Prep: 23.699, Struc: 1.255, Fetch: 78.495) | Fwd: 52.867 | Bwd: 64.333 | Opt: 0.625 | GPU_Tot: 197.575
[Autotune] {"version": 1, "step": 1030, "wall_seconds": 236.7105450129602, "seed_nodes": 4133011, "loss": 0.45592660903930665, "all_losses_finite": true}
[Step=1040] Wall=238.7679s | Loss=0.5418
[Profile] Avg ms/step | Load: 103.254 (Prep: 23.462, Struc: 1.255, Fetch: 78.537) | Fwd: 52.881 | Bwd: 64.357 | Opt: 0.625 | GPU_Tot: 197.654
[Autotune] {"version": 1, "step": 1040, "wall_seconds": 238.76786834502127, "seed_nodes": 4173971, "loss": 0.541777229309082, "all_losses_finite": true}
[Step=1050] Wall=240.7708s | Loss=0.4892
[Profile] Avg ms/step | Load: 103.026 (Prep: 23.231, Struc: 1.255, Fetch: 78.540) | Fwd: 52.892 | Bwd: 64.366 | Opt: 0.625 | GPU_Tot: 197.678
[Autotune] {"version": 1, "step": 1050, "wall_seconds": 240.77083874691743, "seed_nodes": 4214931, "loss": 0.4892451763153076, "all_losses_finite": true}
[Step=1060] Wall=242.7843s | Loss=0.4717
[Profile] Avg ms/step | Load: 102.802 (Prep: 23.003, Struc: 1.255, Fetch: 78.543) | Fwd: 52.904 | Bwd: 64.385 | Opt: 0.625 | GPU_Tot: 197.712
[Autotune] {"version": 1, "step": 1060, "wall_seconds": 242.78425212798174, "seed_nodes": 4255891, "loss": 0.4716625213623047, "all_losses_finite": true}
[Step=1070] Wall=244.7895s | Loss=0.4543
[Profile] Avg ms/step | Load: 102.583 (Prep: 22.780, Struc: 1.256, Fetch: 78.547) | Fwd: 52.914 | Bwd: 64.396 | Opt: 0.625 | GPU_Tot: 197.737
[Autotune] {"version": 1, "step": 1070, "wall_seconds": 244.78952409292106, "seed_nodes": 4296851, "loss": 0.45427494049072265, "all_losses_finite": true}
[Step=1080] Wall=247.9442s | Loss=0.4280
[Profile] Avg ms/step | Load: 103.574 (Prep: 23.830, Struc: 1.255, Fetch: 78.489) | Fwd: 52.875 | Bwd: 64.354 | Opt: 0.625 | GPU_Tot: 197.599
[Autotune] {"version": 1, "step": 1080, "wall_seconds": 247.94419900898356, "seed_nodes": 4333722, "loss": 0.4279716968536377, "all_losses_finite": true}
[Step=1090] Wall=249.9539s | Loss=0.4616
[Profile] Avg ms/step | Load: 103.356 (Prep: 23.604, Struc: 1.255, Fetch: 78.497) | Fwd: 52.886 | Bwd: 64.366 | Opt: 0.625 | GPU_Tot: 197.629
[Autotune] {"version": 1, "step": 1090, "wall_seconds": 249.95394167501945, "seed_nodes": 4374682, "loss": 0.46159071922302247, "all_losses_finite": true}
[Step=1100] Wall=251.9721s | Loss=0.4419
[Profile] Avg ms/step | Load: 103.142 (Prep: 23.381, Struc: 1.255, Fetch: 78.505) | Fwd: 52.898 | Bwd: 64.383 | Opt: 0.625 | GPU_Tot: 197.666
[Autotune] {"version": 1, "step": 1100, "wall_seconds": 251.97207286802586, "seed_nodes": 4415642, "loss": 0.44188618659973145, "all_losses_finite": true}
[Step=1110] Wall=253.9891s | Loss=0.4452
[Profile] Avg ms/step | Load: 102.931 (Prep: 23.163, Struc: 1.255, Fetch: 78.513) | Fwd: 52.909 | Bwd: 64.400 | Opt: 0.625 | GPU_Tot: 197.702
[Autotune] {"version": 1, "step": 1110, "wall_seconds": 253.98907671193592, "seed_nodes": 4456602, "loss": 0.44521450996398926, "all_losses_finite": true}
[Step=1120] Wall=256.0604s | Loss=0.4468
[Profile] Avg ms/step | Load: 102.725 (Prep: 22.949, Struc: 1.256, Fetch: 78.520) | Fwd: 52.957 | Bwd: 64.424 | Opt: 0.631 | GPU_Tot: 197.787
[Autotune] {"version": 1, "step": 1120, "wall_seconds": 256.06044272100553, "seed_nodes": 4497562, "loss": 0.44681272506713865, "all_losses_finite": true}
[Step=1130] Wall=259.1278s | Loss=0.4827
[Profile] Avg ms/step | Load: 103.599 (Prep: 23.854, Struc: 1.256, Fetch: 78.490) | Fwd: 52.919 | Bwd: 64.376 | Opt: 0.630 | GPU_Tot: 197.670
[Autotune] {"version": 1, "step": 1130, "wall_seconds": 259.12777917901985, "seed_nodes": 4534433, "loss": 0.48266992568969724, "all_losses_finite": true}
[Step=1140] Wall=261.1400s | Loss=0.5889
[Profile] Avg ms/step | Load: 103.390 (Prep: 23.637, Struc: 1.256, Fetch: 78.497) | Fwd: 52.928 | Bwd: 64.389 | Opt: 0.630 | GPU_Tot: 197.701
[Autotune] {"version": 1, "step": 1140, "wall_seconds": 261.14001544902567, "seed_nodes": 4575393, "loss": 0.5889443397521973, "all_losses_finite": true}
[Step=1150] Wall=263.1524s | Loss=0.5133
[Profile] Avg ms/step | Load: 103.185 (Prep: 23.425, Struc: 1.256, Fetch: 78.504) | Fwd: 52.938 | Bwd: 64.402 | Opt: 0.630 | GPU_Tot: 197.731
[Autotune] {"version": 1, "step": 1150, "wall_seconds": 263.1523591799196, "seed_nodes": 4616353, "loss": 0.5132928848266601, "all_losses_finite": true}
[Step=1160] Wall=265.1697s | Loss=0.4866
[Profile] Avg ms/step | Load: 102.984 (Prep: 23.216, Struc: 1.256, Fetch: 78.512) | Fwd: 52.949 | Bwd: 64.417 | Opt: 0.630 | GPU_Tot: 197.764
[Autotune] {"version": 1, "step": 1160, "wall_seconds": 265.1696937259985, "seed_nodes": 4657313, "loss": 0.4865709781646729, "all_losses_finite": true}
[Step=1170] Wall=267.1868s | Loss=0.4601
[Profile] Avg ms/step | Load: 102.786 (Prep: 23.011, Struc: 1.257, Fetch: 78.519) | Fwd: 52.959 | Bwd: 64.433 | Opt: 0.630 | GPU_Tot: 197.797
[Autotune] {"version": 1, "step": 1170, "wall_seconds": 267.1868301939685, "seed_nodes": 4698273, "loss": 0.4600951671600342, "all_losses_finite": true}
[Step=1180] Wall=269.9615s | Loss=0.4231
[Profile] Avg ms/step | Load: 103.356 (Prep: 23.619, Struc: 1.256, Fetch: 78.481) | Fwd: 52.927 | Bwd: 64.392 | Opt: 0.630 | GPU_Tot: 197.685
[Autotune] {"version": 1, "step": 1180, "wall_seconds": 269.96150284900796, "seed_nodes": 4735144, "loss": 0.42306838035583494, "all_losses_finite": true}
[Step=1190] Wall=271.9903s | Loss=0.4729
[Profile] Avg ms/step | Load: 103.169 (Prep: 23.414, Struc: 1.256, Fetch: 78.500) | Fwd: 52.937 | Bwd: 64.406 | Opt: 0.630 | GPU_Tot: 197.729
[Autotune] {"version": 1, "step": 1190, "wall_seconds": 271.99029418302234, "seed_nodes": 4776104, "loss": 0.47292251586914064, "all_losses_finite": true}
[Step=1200] Wall=274.0086s | Loss=0.4632
[Profile] Avg ms/step | Load: 102.978 (Prep: 23.212, Struc: 1.256, Fetch: 78.510) | Fwd: 52.947 | Bwd: 64.420 | Opt: 0.630 | GPU_Tot: 197.762
[Autotune] {"version": 1, "step": 1200, "wall_seconds": 274.008554926957, "seed_nodes": 4817064, "loss": 0.463175630569458, "all_losses_finite": true}
[Step=1210] Wall=276.0287s | Loss=0.4411
[Profile] Avg ms/step | Load: 102.792 (Prep: 23.014, Struc: 1.256, Fetch: 78.521) | Fwd: 52.956 | Bwd: 64.433 | Opt: 0.630 | GPU_Tot: 197.796
[Autotune] {"version": 1, "step": 1210, "wall_seconds": 276.02865547302645, "seed_nodes": 4858024, "loss": 0.44106030464172363, "all_losses_finite": true}
[Step=1220] Wall=278.0502s | Loss=0.4430
[Profile] Avg ms/step | Load: 102.607 (Prep: 22.819, Struc: 1.257, Fetch: 78.531) | Fwd: 52.966 | Bwd: 64.448 | Opt: 0.629 | GPU_Tot: 197.831
[Autotune] {"version": 1, "step": 1220, "wall_seconds": 278.05019025399815, "seed_nodes": 4898984, "loss": 0.44303364753723146, "all_losses_finite": true}
[Step=1230] Wall=280.8536s | Loss=0.5105
[Profile] Avg ms/step | Load: 103.183 (Prep: 23.422, Struc: 1.256, Fetch: 78.506) | Fwd: 52.931 | Bwd: 64.407 | Opt: 0.630 | GPU_Tot: 197.729
[Autotune] {"version": 1, "step": 1230, "wall_seconds": 280.8536045650253, "seed_nodes": 4935855, "loss": 0.5105019569396972, "all_losses_finite": true}
[Step=1240] Wall=282.8729s | Loss=0.5219
[Profile] Avg ms/step | Load: 103.000 (Prep: 23.227, Struc: 1.256, Fetch: 78.517) | Fwd: 52.940 | Bwd: 64.420 | Opt: 0.630 | GPU_Tot: 197.762
[Autotune] {"version": 1, "step": 1240, "wall_seconds": 282.8728617129382, "seed_nodes": 4976815, "loss": 0.5218932628631592, "all_losses_finite": true}
[Step=1250] Wall=284.9314s | Loss=0.4955
[Profile] Avg ms/step | Load: 102.847 (Prep: 23.035, Struc: 1.256, Fetch: 78.555) | Fwd: 52.950 | Bwd: 64.436 | Opt: 0.629 | GPU_Tot: 197.828
[Autotune] {"version": 1, "step": 1250, "wall_seconds": 284.93144645600114, "seed_nodes": 5017775, "loss": 0.49553580284118653, "all_losses_finite": true}
[Step=1260] Wall=286.9594s | Loss=0.4732
[Profile] Avg ms/step | Load: 102.673 (Prep: 22.847, Struc: 1.256, Fetch: 78.569) | Fwd: 52.959 | Bwd: 64.452 | Opt: 0.629 | GPU_Tot: 197.866
[Autotune] {"version": 1, "step": 1260, "wall_seconds": 286.9593810889637, "seed_nodes": 5058735, "loss": 0.47315053939819335, "all_losses_finite": true}
[Step=1270] Wall=288.9873s | Loss=0.4499
[Profile] Avg ms/step | Load: 102.502 (Prep: 22.662, Struc: 1.257, Fetch: 78.584) | Fwd: 52.969 | Bwd: 64.466 | Opt: 0.629 | GPU_Tot: 197.905
[Autotune] {"version": 1, "step": 1270, "wall_seconds": 288.9873030409217, "seed_nodes": 5099695, "loss": 0.44986801147460936, "all_losses_finite": true}
[Step=1280] Wall=291.9849s | Loss=0.6947
[Profile] Avg ms/step | Load: 103.208 (Prep: 23.400, Struc: 1.256, Fetch: 78.551) | Fwd: 52.937 | Bwd: 64.430 | Opt: 0.629 | GPU_Tot: 197.803
[Autotune] {"version": 1, "step": 1280, "wall_seconds": 291.9849258780014, "seed_nodes": 5136566, "loss": 0.6947310447692872, "all_losses_finite": true}
[Step=1290] Wall=293.9947s | Loss=0.6231
[Profile] Avg ms/step | Load: 103.028 (Prep: 23.214, Struc: 1.256, Fetch: 78.558) | Fwd: 52.945 | Bwd: 64.439 | Opt: 0.629 | GPU_Tot: 197.827
[Autotune] {"version": 1, "step": 1290, "wall_seconds": 293.9946724890033, "seed_nodes": 5177526, "loss": 0.6231316089630127, "all_losses_finite": true}
[Step=1300] Wall=296.0132s | Loss=0.5641
[Profile] Avg ms/step | Load: 102.852 (Prep: 23.030, Struc: 1.256, Fetch: 78.566) | Fwd: 52.954 | Bwd: 64.452 | Opt: 0.629 | GPU_Tot: 197.857
[Autotune] {"version": 1, "step": 1300, "wall_seconds": 296.0131912409561, "seed_nodes": 5218486, "loss": 0.5640868186950684, "all_losses_finite": true}
[Step=1310] Wall=298.0335s | Loss=0.5349
[Profile] Avg ms/step | Load: 102.682 (Prep: 22.849, Struc: 1.256, Fetch: 78.577) | Fwd: 52.962 | Bwd: 64.464 | Opt: 0.629 | GPU_Tot: 197.888
[Autotune] {"version": 1, "step": 1310, "wall_seconds": 298.0334562979406, "seed_nodes": 5259446, "loss": 0.5348861694335938, "all_losses_finite": true}
[Step=1320] Wall=300.0547s | Loss=0.5205
[Profile] Avg ms/step | Load: 102.512 (Prep: 22.671, Struc: 1.256, Fetch: 78.585) | Fwd: 52.971 | Bwd: 64.478 | Opt: 0.629 | GPU_Tot: 197.920
[Autotune] {"version": 1, "step": 1320, "wall_seconds": 300.0546851399122, "seed_nodes": 5300406, "loss": 0.5205259799957276, "all_losses_finite": true}
[Step=1330] Wall=303.2982s | Loss=0.4392
[Profile] Avg ms/step | Load: 103.380 (Prep: 23.579, Struc: 1.256, Fetch: 78.545) | Fwd: 52.940 | Bwd: 64.444 | Opt: 0.628 | GPU_Tot: 197.814
[Autotune] {"version": 1, "step": 1330, "wall_seconds": 303.2981530659599, "seed_nodes": 5337277, "loss": 0.4391585350036621, "all_losses_finite": true}
[Step=1340] Wall=305.3216s | Loss=0.4948
[Profile] Avg ms/step | Load: 103.211 (Prep: 23.398, Struc: 1.256, Fetch: 78.557) | Fwd: 52.949 | Bwd: 64.457 | Opt: 0.628 | GPU_Tot: 197.847
[Autotune] {"version": 1, "step": 1340, "wall_seconds": 305.3216217729496, "seed_nodes": 5378237, "loss": 0.4947517395019531, "all_losses_finite": true}
[Step=1350] Wall=307.3451s | Loss=0.4834
[Profile] Avg ms/step | Load: 103.044 (Prep: 23.220, Struc: 1.256, Fetch: 78.568) | Fwd: 52.957 | Bwd: 64.470 | Opt: 0.628 | GPU_Tot: 197.880
[Autotune] {"version": 1, "step": 1350, "wall_seconds": 307.34508295101114, "seed_nodes": 5419197, "loss": 0.48337440490722655, "all_losses_finite": true}
[Step=1360] Wall=309.3732s | Loss=0.4772
[Profile] Avg ms/step | Load: 102.884 (Prep: 23.045, Struc: 1.256, Fetch: 78.583) | Fwd: 52.966 | Bwd: 64.481 | Opt: 0.628 | GPU_Tot: 197.915
[Autotune] {"version": 1, "step": 1360, "wall_seconds": 309.373182339943, "seed_nodes": 5460157, "loss": 0.4772168159484863, "all_losses_finite": true}
[Step=1370] Wall=311.4130s | Loss=0.4727
[Profile] Avg ms/step | Load: 102.734 (Prep: 22.872, Struc: 1.256, Fetch: 78.606) | Fwd: 52.975 | Bwd: 64.493 | Opt: 0.628 | GPU_Tot: 197.959
[Autotune] {"version": 1, "step": 1370, "wall_seconds": 311.4130493719131, "seed_nodes": 5501117, "loss": 0.4726783275604248, "all_losses_finite": true}
[Step=1380] Wall=314.2500s | Loss=0.5622
[Profile] Avg ms/step | Load: 103.272 (Prep: 23.426, Struc: 1.256, Fetch: 78.590) | Fwd: 52.944 | Bwd: 64.455 | Opt: 0.628 | GPU_Tot: 197.873
[Autotune] {"version": 1, "step": 1380, "wall_seconds": 314.24997399095446, "seed_nodes": 5537988, "loss": 0.5621752262115478, "all_losses_finite": true}
[Step=1390] Wall=316.2680s | Loss=0.5312
[Profile] Avg ms/step | Load: 103.105 (Prep: 23.253, Struc: 1.256, Fetch: 78.596) | Fwd: 52.952 | Bwd: 64.468 | Opt: 0.628 | GPU_Tot: 197.900
[Autotune] {"version": 1, "step": 1390, "wall_seconds": 316.2680183099583, "seed_nodes": 5578948, "loss": 0.5312410354614258, "all_losses_finite": true}
[Step=1400] Wall=318.2880s | Loss=0.4970
[Profile] Avg ms/step | Load: 102.942 (Prep: 23.082, Struc: 1.256, Fetch: 78.604) | Fwd: 52.961 | Bwd: 64.480 | Opt: 0.628 | GPU_Tot: 197.929
[Autotune] {"version": 1, "step": 1400, "wall_seconds": 318.28800322301686, "seed_nodes": 5619908, "loss": 0.4970008373260498, "all_losses_finite": true}
[Step=1410] Wall=320.3037s | Loss=0.4810
[Profile] Avg ms/step | Load: 102.780 (Prep: 22.914, Struc: 1.256, Fetch: 78.609) | Fwd: 52.968 | Bwd: 64.492 | Opt: 0.628 | GPU_Tot: 197.954
[Autotune] {"version": 1, "step": 1410, "wall_seconds": 320.30370853992645, "seed_nodes": 5660868, "loss": 0.48096885681152346, "all_losses_finite": true}
[Step=1420] Wall=322.3213s | Loss=0.4709
[Profile] Avg ms/step | Load: 102.620 (Prep: 22.749, Struc: 1.256, Fetch: 78.616) | Fwd: 52.976 | Bwd: 64.504 | Opt: 0.628 | GPU_Tot: 197.980
[Autotune] {"version": 1, "step": 1420, "wall_seconds": 322.3213412419427, "seed_nodes": 5701828, "loss": 0.4708587169647217, "all_losses_finite": true}
[Step=1430] Wall=325.5321s | Loss=0.4378
[Profile] Avg ms/step | Load: 103.407 (Prep: 23.574, Struc: 1.256, Fetch: 78.577) | Fwd: 52.946 | Bwd: 64.468 | Opt: 0.628 | GPU_Tot: 197.875
[Autotune] {"version": 1, "step": 1430, "wall_seconds": 325.53214441693854, "seed_nodes": 5738699, "loss": 0.43781867027282717, "all_losses_finite": true}
[Step=1440] Wall=327.5658s | Loss=0.4625
[Profile] Avg ms/step | Load: 103.253 (Prep: 23.406, Struc: 1.256, Fetch: 78.591) | Fwd: 52.955 | Bwd: 64.483 | Opt: 0.627 | GPU_Tot: 197.913
[Autotune] {"version": 1, "step": 1440, "wall_seconds": 327.565780321951, "seed_nodes": 5779659, "loss": 0.46248888969421387, "all_losses_finite": true}
[Step=1450] Wall=329.5840s | Loss=0.4608
[Profile] Avg ms/step | Load: 103.095 (Prep: 23.240, Struc: 1.256, Fetch: 78.598) | Fwd: 52.964 | Bwd: 64.493 | Opt: 0.627 | GPU_Tot: 197.939
[Autotune] {"version": 1, "step": 1450, "wall_seconds": 329.58404196298216, "seed_nodes": 5820619, "loss": 0.460800313949585, "all_losses_finite": true}
[Step=1460] Wall=331.5952s | Loss=0.4618
[Profile] Avg ms/step | Load: 102.938 (Prep: 23.077, Struc: 1.256, Fetch: 78.605) | Fwd: 52.970 | Bwd: 64.501 | Opt: 0.627 | GPU_Tot: 197.960
[Autotune] {"version": 1, "step": 1460, "wall_seconds": 331.5952282890212, "seed_nodes": 5861579, "loss": 0.46182003021240237, "all_losses_finite": true}
[Step=1470] Wall=333.4192s | Loss=0.4271
[Profile] Avg ms/step | Load: 102.729 (Prep: 22.916, Struc: 1.256, Fetch: 78.558) | Fwd: 52.941 | Bwd: 64.467 | Opt: 0.627 | GPU_Tot: 197.849
[Autotune] {"version": 1, "step": 1470, "wall_seconds": 333.41920461296104, "seed_nodes": 5898450, "loss": 0.4270590305328369, "all_losses_finite": true}
[Step=1480] Wall=336.5703s | Loss=0.5348
[Profile] Avg ms/step | Load: 103.363 (Prep: 23.518, Struc: 1.256, Fetch: 78.590) | Fwd: 52.950 | Bwd: 64.479 | Opt: 0.627 | GPU_Tot: 197.901
[Autotune] {"version": 1, "step": 1480, "wall_seconds": 336.5703303819755, "seed_nodes": 5939410, "loss": 0.5348190784454345, "all_losses_finite": true}
[Step=1490] Wall=338.5861s | Loss=0.4920
[Profile] Avg ms/step | Load: 103.207 (Prep: 23.356, Struc: 1.256, Fetch: 78.595) | Fwd: 52.957 | Bwd: 64.490 | Opt: 0.627 | GPU_Tot: 197.925
[Autotune] {"version": 1, "step": 1490, "wall_seconds": 338.58606720902026, "seed_nodes": 5980370, "loss": 0.49196977615356446, "all_losses_finite": true}
[Step=1500] Wall=340.5972s | Loss=0.4708
[Profile] Avg ms/step | Load: 103.052 (Prep: 23.196, Struc: 1.256, Fetch: 78.600) | Fwd: 52.964 | Bwd: 64.499 | Opt: 0.627 | GPU_Tot: 197.946
[Autotune] {"version": 1, "step": 1500, "wall_seconds": 340.5971608510008, "seed_nodes": 6021330, "loss": 0.4708043098449707, "all_losses_finite": true}
[Step=1510] Wall=342.6183s | Loss=0.4518
[Profile] Avg ms/step | Load: 102.902 (Prep: 23.039, Struc: 1.256, Fetch: 78.607) | Fwd: 52.971 | Bwd: 64.511 | Opt: 0.627 | GPU_Tot: 197.972
[Autotune] {"version": 1, "step": 1510, "wall_seconds": 342.61827168194577, "seed_nodes": 6062290, "loss": 0.4517525196075439, "all_losses_finite": true}
[Step=1520] Wall=345.3449s | Loss=0.4251
[Profile] Avg ms/step | Load: 103.311 (Prep: 23.482, Struc: 1.256, Fetch: 78.573) | Fwd: 52.943 | Bwd: 64.478 | Opt: 0.627 | GPU_Tot: 197.877
[Autotune] {"version": 1, "step": 1520, "wall_seconds": 345.34488448500633, "seed_nodes": 6099161, "loss": 0.42507495880126955, "all_losses_finite": true}
[Step=1530] Wall=347.4122s | Loss=0.4948
[Profile] Avg ms/step | Load: 103.192 (Prep: 23.325, Struc: 1.256, Fetch: 78.612) | Fwd: 52.951 | Bwd: 64.489 | Opt: 0.627 | GPU_Tot: 197.935
[Autotune] {"version": 1, "step": 1530, "wall_seconds": 347.41217754001264, "seed_nodes": 6140121, "loss": 0.4947985649108887, "all_losses_finite": true}
[Step=1540] Wall=349.4483s | Loss=0.4802
[Profile] Avg ms/step | Load: 103.051 (Prep: 23.170, Struc: 1.256, Fetch: 78.626) | Fwd: 52.960 | Bwd: 64.503 | Opt: 0.627 | GPU_Tot: 197.971
[Autotune] {"version": 1, "step": 1540, "wall_seconds": 349.4483105679974, "seed_nodes": 6181081, "loss": 0.4802102088928223, "all_losses_finite": true}
[Step=1550] Wall=351.4799s | Loss=0.4682
[Profile] Avg ms/step | Load: 102.912 (Prep: 23.016, Struc: 1.256, Fetch: 78.639) | Fwd: 52.967 | Bwd: 64.515 | Opt: 0.627 | GPU_Tot: 198.004
[Autotune] {"version": 1, "step": 1550, "wall_seconds": 351.4798535169102, "seed_nodes": 6222041, "loss": 0.46823821067810056, "all_losses_finite": true}
[Step=1560] Wall=353.5076s | Loss=0.4441
[Profile] Avg ms/step | Load: 102.773 (Prep: 22.865, Struc: 1.256, Fetch: 78.652) | Fwd: 52.974 | Bwd: 64.525 | Opt: 0.627 | GPU_Tot: 198.034
[Autotune] {"version": 1, "step": 1560, "wall_seconds": 353.507578470977, "seed_nodes": 6263001, "loss": 0.4440948009490967, "all_losses_finite": true}
[Step=1570] Wall=356.4213s | Loss=0.5180
[Profile] Avg ms/step | Load: 103.289 (Prep: 23.404, Struc: 1.256, Fetch: 78.630) | Fwd: 52.948 | Bwd: 64.495 | Opt: 0.627 | GPU_Tot: 197.955
[Autotune] {"version": 1, "step": 1570, "wall_seconds": 356.4213002609322, "seed_nodes": 6299872, "loss": 0.5179694175720215, "all_losses_finite": true}
[Step=1580] Wall=358.4634s | Loss=0.4961
[Profile] Avg ms/step | Load: 103.156 (Prep: 23.252, Struc: 1.256, Fetch: 78.648) | Fwd: 52.955 | Bwd: 64.508 | Opt: 0.627 | GPU_Tot: 197.995
[Autotune] {"version": 1, "step": 1580, "wall_seconds": 358.4634445279371, "seed_nodes": 6340832, "loss": 0.4961426258087158, "all_losses_finite": true}
[Step=1590] Wall=360.4907s | Loss=0.4526
[Profile] Avg ms/step | Load: 103.019 (Prep: 23.102, Struc: 1.256, Fetch: 78.661) | Fwd: 52.963 | Bwd: 64.517 | Opt: 0.627 | GPU_Tot: 198.024
[Autotune] {"version": 1, "step": 1590, "wall_seconds": 360.49071977694985, "seed_nodes": 6381792, "loss": 0.4525903224945068, "all_losses_finite": true}
[Step=1600] Wall=362.5123s | Loss=0.4594
[Profile] Avg ms/step | Load: 102.880 (Prep: 22.955, Struc: 1.256, Fetch: 78.670) | Fwd: 52.969 | Bwd: 64.527 | Opt: 0.627 | GPU_Tot: 198.049
[Autotune] {"version": 1, "step": 1600, "wall_seconds": 362.51231441495474, "seed_nodes": 6422752, "loss": 0.4594272136688232, "all_losses_finite": true}
[Step=1610] Wall=364.5376s | Loss=0.4460
[Profile] Avg ms/step | Load: 102.745 (Prep: 22.809, Struc: 1.256, Fetch: 78.680) | Fwd: 52.976 | Bwd: 64.537 | Opt: 0.627 | GPU_Tot: 198.076
[Autotune] {"version": 1, "step": 1610, "wall_seconds": 364.53764770692214, "seed_nodes": 6463712, "loss": 0.44599547386169436, "all_losses_finite": true}
[Step=1620] Wall=367.5741s | Loss=0.5675
[Profile] Avg ms/step | Load: 103.322 (Prep: 23.406, Struc: 1.256, Fetch: 78.661) | Fwd: 52.950 | Bwd: 64.508 | Opt: 0.627 | GPU_Tot: 198.001
[Autotune] {"version": 1, "step": 1620, "wall_seconds": 367.5740788989933, "seed_nodes": 6500583, "loss": 0.5675354480743409, "all_losses_finite": true}
[Step=1630] Wall=369.6068s | Loss=0.6050
[Profile] Avg ms/step | Load: 103.189 (Prep: 23.259, Struc: 1.256, Fetch: 78.674) | Fwd: 52.958 | Bwd: 64.519 | Opt: 0.627 | GPU_Tot: 198.033
[Autotune] {"version": 1, "step": 1630, "wall_seconds": 369.60684508201666, "seed_nodes": 6541543, "loss": 0.6049805641174316, "all_losses_finite": true}
[Step=1640] Wall=371.6394s | Loss=0.5329
[Profile] Avg ms/step | Load: 103.057 (Prep: 23.114, Struc: 1.256, Fetch: 78.687) | Fwd: 52.965 | Bwd: 64.530 | Opt: 0.627 | GPU_Tot: 198.064
[Autotune] {"version": 1, "step": 1640, "wall_seconds": 371.6393869270105, "seed_nodes": 6582503, "loss": 0.5329022407531738, "all_losses_finite": true}
------------------------------------------------------------
Training Completed. Total Steps: 1640 (Active: 1600)
Avg Breakdown (ms): Load=103.057 [Prep:23.114, Struc:1.256, Fetch:78.687], Fwd=52.965, Bwd=64.530, Opt=0.627
------------------------------------------------------------
