$REPO_ROOT/.venv/lib/python3.11/site-packages/outdated/__init__.py:36: UserWarning: pkg_resources is deprecated as an API. See https://setuptools.pypa.io/en/latest/pkg_resources.html. The pkg_resources package is slated for removal as early as 2025-11-30. Refrain from using this package or pin to Setuptools<81.
  from pkg_resources import parse_version
2026-09-18 14:13:40,307 INFO:   Connectivity check: running command: ping -c 1 -W 3 10.125.8.2
2026-09-18 14:13:40,313 INFO:   Connectivity check succeeded.
2026-09-18 14:13:40,335 INFO:   Appliance client semantic version: 1.14.0, cluster server semantic version: 1.20.2, job operator semantic version: 1.20.2
2026-09-18 14:13:40,337 INFO:   Successfully initialized workflow with id: wflow-4ud3nb7jgcvveyjfbtn53h
2026-09-18 14:13:40,343 WARNING:   The trainer configuration for train_and_eval does not configure checkpointing. In the event of a failure, the run will be restarted from the beginning. If this is not intentional, please specifiy a checkpoint callback with a checkpointing frequency to enable auto-restarting from previously saved checkpoints.
2026-09-18 14:13:40,343 INFO:   Spawning child process for the fit run ...
2026-09-18 14:13:40,349 INFO:   Child process started with pid: 520309
$REPO_ROOT/.venv/lib/python3.11/site-packages/outdated/__init__.py:36: UserWarning: pkg_resources is deprecated as an API. See https://setuptools.pypa.io/en/latest/pkg_resources.html. The pkg_resources package is slated for removal as early as 2025-11-30. Refrain from using this package or pin to Setuptools<81.
  from pkg_resources import parse_version
2026-09-18 14:13:46,898 INFO:   Current Working Directory: $REPO_ROOT/src/cerebras/modelzoo/models/gnn
2026-09-18 14:13:46,898 INFO:   Running command: $REPO_ROOT/src/cerebras/modelzoo/cli/main.py fit $REPO_ROOT/model_dirs/hpcasia_learning/arxiv_20260918T122621.253613Z/tuning/workers_w02_p2_s1_r1/params.yaml --target_device CSX --model_dir $REPO_ROOT/model_dirs/hpcasia_learning/arxiv_20260918T122621.253613Z/tuning/workers_w02_p2_s1_r1/model
2026-09-18 14:13:47,431 INFO:   No checkpoint was provided. Using randomly initialized model parameters.
2026-09-18 14:13:47,432 INFO:   Ordinal 0: Initializing GNNDataProcessor for dataset 'ogbn-arxiv' (split=train, mode=neighbor).
$REPO_ROOT/.venv/lib/python3.11/site-packages/ogb/nodeproppred/dataset_pyg.py:69: FutureWarning: You are using `torch.load` with `weights_only=False` (the current default value), which uses the default pickle module implicitly. It is possible to construct malicious pickle data which will execute arbitrary code during unpickling (See https://github.com/pytorch/pytorch/blob/main/SECURITY.md#untrusted-models for more details). In a future release, the default value for `weights_only` will be flipped to `True`. This limits the functions that could be executed during unpickling. Arbitrary objects will no longer be allowed to be loaded via this mode unless they are explicitly allowlisted by the user via `torch.serialization.add_safe_globals`. We recommend you start setting `weights_only=True` for any use case where you don't have full control of the loaded file. Please open an issue on GitHub for any issues related to this experimental feature.
  self.data, self.slices = torch.load(self.processed_paths[0])
GNN_INPUT_CONTRACT {"batch_index_origin": 0, "batch_size": 4096, "count_basis": "deterministic loader schedule; not device counters", "dataset_name": "ogbn-arxiv", "drop_last": false, "event": "gnn_input_contract", "num_streamers": 1, "ordered_targets_and_labels_sha256": "cb189ecb3f75e653df7daacc08ead8c3b14bd353d302209c179a41e2b2b47d07", "restartable": false, "sampler_seed": 42, "seed_nodes_by_batch": [4096, 4096, 4096, 4096, 4096, 4096, 4096, 4096, 4096, 4096, 4096, 4096, 4096, 4096, 4096, 4096, 4096, 4096, 4096, 4096, 4096, 4096, 829], "seed_nodes_per_epoch": 90941, "shuffle": true, "source_seed_nodes": 90941, "split": "train", "static_batch_cache_size": 0, "supervised_targets_by_batch": [4096, 4096, 4096, 4096, 4096, 4096, 4096, 4096, 4096, 4096, 4096, 4096, 4096, 4096, 4096, 4096, 4096, 4096, 4096, 4096, 4096, 4096, 829], "traversal": "continuous_sequential_batches", "traversal_scope": "single_data_executor", "version": 1}
2026-09-18 14:13:47,659 INFO:   Connectivity check: running command: ping -c 1 -W 3 10.125.8.2
2026-09-18 14:13:47,665 INFO:   Connectivity check succeeded.
2026-09-18 14:13:47,684 INFO:   Appliance client semantic version: 1.14.0, cluster server semantic version: 1.20.2, job operator semantic version: 1.20.2
2026-09-18 14:13:47,684 INFO:   ===========================================================================
2026-09-18 14:13:47,684 INFO:   Trainer Fit Summary
2026-09-18 14:13:47,684 INFO:   ---------------------------------------------------------------------------
2026-09-18 14:13:47,684 INFO:   Trainer will run 1 train loop.
2026-09-18 14:13:47,685 INFO:   
2026-09-18 14:13:47,685 INFO:   Train steps per train loop:
2026-09-18 14:13:47,685 INFO:   * 1 loop of 440 steps
2026-09-18 14:13:47,685 INFO:   for a total of 440 train steps.
2026-09-18 14:13:47,685 INFO:   
2026-09-18 14:13:47,685 INFO:   Progress will be logged every 10 steps.
2026-09-18 14:13:47,685 INFO:   ===========================================================================
2026-09-18 14:13:47,685 INFO:   ---------------------------------------------------------------------------
2026-09-18 14:13:47,685 INFO:   Starting train loop 1 of 1, from global step 1 to 440 (440 steps)
2026-09-18 14:13:47,685 INFO:   ---------------------------------------------------------------------------
2026-09-18 14:13:52,369 INFO:   Compiling the model. This may take a few minutes.
2026-09-18 14:13:52,370 INFO:   Connectivity check: running command: ping -c 1 -W 3 10.125.8.2
2026-09-18 14:13:52,375 INFO:   Connectivity check succeeded.
2026-09-18 14:13:52,392 INFO:   Appliance client semantic version: 1.14.0, cluster server semantic version: 1.20.2, job operator semantic version: 1.20.2
2026-09-18 14:13:53,471 INFO:   Initiating a new image build job against the cluster server.
2026-09-18 14:13:53,488 INFO:   Job id: imgjob-42280d4f85d91291dacb2ef766350f15, workflow id: wflow-4ud3nb7jgcvveyjfbtn53h, namespace: job-operator, remote log path: /n1/wsjob/workdir/job-operator/imgjob-42280d4f85d91291dacb2ef766350f15
2026-09-18 14:13:53,491 INFO:   Connectivity check: running command: ping -c 1 -W 3 10.125.8.2
2026-09-18 14:13:53,496 INFO:   Connectivity check succeeded.
2026-09-18 14:13:53,512 INFO:   Appliance client semantic version: 1.14.0, cluster server semantic version: 1.20.2, job operator semantic version: 1.20.2
2026-09-18 14:13:53,615 INFO:   Initiating a new compile wsjob against the cluster server.
2026-09-18 14:13:53,639 INFO:   Job id: wsjob-9faxhaivysgzgcgzvnr9ut, workflow id: wflow-4ud3nb7jgcvveyjfbtn53h, namespace: job-operator, remote log path: /n1/wsjob/workdir/job-operator/wsjob-9faxhaivysgzgcgzvnr9ut
2026-09-18 14:14:13,640 INFO:   Poll ingress status: Waiting for job to be scheduled, current job status: Queueing, msg: job queueing to be scheduled. Job queue status: 5 compile job(s) queued before current job. For more information, please run 'csctl get job wsjob-9faxhaivysgzgcgzvnr9ut --pending-status'.
2026-09-18 14:15:33,641 INFO:   Poll ingress status: Waiting for job to be scheduled, current job status: Queueing, msg: job queueing to be scheduled. Job queue status: 7 compile job(s) queued before current job. For more information, please run 'csctl get job wsjob-9faxhaivysgzgcgzvnr9ut --pending-status'.
2026-09-18 14:15:43,642 INFO:   Poll ingress status: Waiting for job to be scheduled, current job status: Queueing, msg: job queueing to be scheduled. Job queue status: 5 compile job(s) queued before current job. For more information, please run 'csctl get job wsjob-9faxhaivysgzgcgzvnr9ut --pending-status'.
2026-09-18 14:16:33,642 INFO:   Poll ingress status: Waiting for job to be scheduled, current job status: Queueing, msg: job queueing to be scheduled. Job queue status: 7 compile job(s) queued before current job. For more information, please run 'csctl get job wsjob-9faxhaivysgzgcgzvnr9ut --pending-status'.
2026-09-18 14:16:43,643 INFO:   Poll ingress status: Waiting for all Coordinator pods to be running, current running: 0/1.
2026-09-18 14:16:43,646 INFO:   Recording the timestamp when jobs is scheduled.
2026-09-18 14:16:43,661 WARNING:   Event 2026-09-18 14:16:25 +0000 UTC reason=InconsistentVersion wsjob=wsjob-9faxhaivysgzgcgzvnr9ut message='Warning: client semantic version 1.14.0 is inconsistent with cluster server semantic version 1.20.2, there's a risk job could fail due to inconsistent setup.'
2026-09-18 14:17:03,661 INFO:   Poll ingress status: Job ingress ready, dashboard: <internal-dashboard-url>
2026-09-18 14:17:03,671 INFO:   Poll ingress success: Job ingress ready, dashboard: <internal-dashboard-url>
2026-09-18 14:17:03,681 INFO:   Finalizing out-of-cluster job handle with ingress service url: 
2026-09-18 14:17:03,681 WARNING:   Empty ingress service url. Falling back to default server: 10.125.8.2:443
2026-09-18 14:17:03,751 INFO:   Found existing cached compile with hash: "cs_3310013607597699701"
2026-09-18 14:17:05,595 INFO:   Using power profile none

2026-09-18 14:17:05,609 INFO:   Compile artifacts successfully written to remote compile directory. Compile hash is: cs_3310013607597699701
2026-09-18 14:17:13,682 ERROR:   Image build job imgjob-42280d4f85d91291dacb2ef766350f15 failed. Please check the error log in $REPO_ROOT/model_dirs/hpcasia_learning/arxiv_20260918T122621.253613Z/tuning/workers_w02_p2_s1_r1/model/cerebras_logs/20260918_141346/executors/000001/custom_worker_build.out. 
2026-09-18 14:17:13,682 INFO:   Falling back to venv mounting.
2026-09-18 14:17:13,684 INFO:   Compile was successful!
2026-09-18 14:17:13,684 INFO:   Programming Cerebras Wafer Scale Cluster for execution. This may take a few minutes.
2026-09-18 14:17:15,694 INFO:   Connectivity check: running command: ping -c 1 -W 3 10.125.8.2
2026-09-18 14:17:15,700 INFO:   Connectivity check succeeded.
2026-09-18 14:17:15,717 INFO:   Appliance client semantic version: 1.14.0, cluster server semantic version: 1.20.2, job operator semantic version: 1.20.2
2026-09-18 14:17:15,720 INFO:   Initiating a new execute wsjob against the cluster server.
2026-09-18 14:17:15,761 INFO:   Job id: wsjob-3t8yovyrjgtapki3sjwtww, workflow id: wflow-4ud3nb7jgcvveyjfbtn53h, namespace: job-operator, remote log path: /n1/wsjob/workdir/job-operator/wsjob-3t8yovyrjgtapki3sjwtww
2026-09-18 14:17:35,762 INFO:   Poll ingress status: Waiting for job to be scheduled, current job status: Queueing, msg: job queueing to be scheduled. Job queue status: 5 execute job(s) queued before current job. For more information, please run 'csctl get job wsjob-3t8yovyrjgtapki3sjwtww --pending-status'.
2026-09-18 14:21:25,764 INFO:   Poll ingress status: Waiting for job to be scheduled, current job status: Queueing, msg: job queueing to be scheduled. Job queue status: 4 execute job(s) queued before current job. For more information, please run 'csctl get job wsjob-3t8yovyrjgtapki3sjwtww --pending-status'.
2026-09-18 14:31:25,770 INFO:   Poll ingress status: Waiting for job to be scheduled, current job status: Queueing, msg: job queueing to be scheduled. Job queue status: 4 execute job(s) queued before current job. For more information, please run 'csctl get job wsjob-3t8yovyrjgtapki3sjwtww --pending-status'.
2026-09-18 14:37:45,773 INFO:   Poll ingress status: Waiting for job to be scheduled, current job status: Queueing, msg: job queueing to be scheduled. Job queue status: 3 execute job(s) queued before current job. For more information, please run 'csctl get job wsjob-3t8yovyrjgtapki3sjwtww --pending-status'.
2026-09-18 14:43:05,777 INFO:   Poll ingress status: Waiting for job to be scheduled, current job status: Queueing, msg: job queueing to be scheduled. Job queue status: 2 execute job(s) queued before current job. For more information, please run 'csctl get job wsjob-3t8yovyrjgtapki3sjwtww --pending-status'.
2026-09-18 14:46:55,779 INFO:   Poll ingress status: Waiting for job to be scheduled, current job status: Queueing, msg: job queueing to be scheduled. Job queue status: 1 execute job(s) queued before current job. For more information, please run 'csctl get job wsjob-3t8yovyrjgtapki3sjwtww --pending-status'.
2026-09-18 14:50:25,781 INFO:   Poll ingress status: Waiting for job to be scheduled, current job status: Queueing, msg: job queueing to be scheduled. Job queue status: current job is top of queue but likely blocked by running/reserved jobs, 1 execute job(s) running/reserved using 1 system(s) and 1 nodegroup(s)[1 pop and 0 depop], 2 compile job(s) running/reserved using 160Gi memory. For more information, please run 'csctl get job wsjob-3t8yovyrjgtapki3sjwtww --pending-status'.
2026-09-18 14:54:05,784 INFO:   Poll ingress status: Waiting for job to be scheduled, current job status: Queueing, msg: job queueing to be scheduled. Job queue status: current job is top of queue but likely blocked by running/reserved jobs, 1 execute job(s) running/reserved using 0 system(s) and 0 nodegroup(s)[0 pop and 0 depop], 2 compile job(s) running/reserved using 160Gi memory. For more information, please run 'csctl get job wsjob-3t8yovyrjgtapki3sjwtww --pending-status'.
2026-09-18 14:54:15,785 INFO:   Poll ingress status: Waiting for all Command pods to be running, current running: 0/1.
2026-09-18 14:54:15,788 INFO:   Recording the timestamp when jobs is scheduled.
2026-09-18 14:54:15,828 WARNING:   Event 2026-09-18 14:53:57 +0000 UTC reason=InconsistentVersion wsjob=wsjob-3t8yovyrjgtapki3sjwtww message='Warning: client semantic version 1.14.0 is inconsistent with cluster server semantic version 1.20.2, there's a risk job could fail due to inconsistent setup.'
2026-09-18 14:54:15,828 INFO:   Infrastructure setup completed successfully for job wsjob-3t8yovyrjgtapki3sjwtww
2026-09-18 14:54:25,828 INFO:   Poll ingress status: Waiting for all Activation pods to be running, current running: 0/21.
2026-09-18 14:54:25,859 INFO:   Infrastructure setup completed successfully for job wsjob-3t8yovyrjgtapki3sjwtww
2026-09-18 14:54:35,859 INFO:   Infrastructure setup completed successfully for job wsjob-3t8yovyrjgtapki3sjwtww
2026-09-18 14:54:45,860 INFO:   Poll ingress status: Waiting for job ingress readiness.
2026-09-18 14:54:45,897 INFO:   Infrastructure setup completed successfully for job wsjob-3t8yovyrjgtapki3sjwtww
2026-09-18 14:54:55,897 INFO:   Infrastructure setup completed successfully for job wsjob-3t8yovyrjgtapki3sjwtww
2026-09-18 14:55:05,898 INFO:   Poll ingress status: Job ingress ready, dashboard: <internal-dashboard-url>
2026-09-18 14:55:05,928 INFO:   Infrastructure setup completed successfully for job wsjob-3t8yovyrjgtapki3sjwtww
2026-09-18 14:55:05,928 INFO:   Poll ingress success: Job ingress ready, dashboard: <internal-dashboard-url>
2026-09-18 14:55:05,940 INFO:   Finalizing out-of-cluster job handle with ingress service url: 
2026-09-18 14:55:05,940 WARNING:   Empty ingress service url. Falling back to default server: 10.125.8.2:443
2026-09-18 14:55:06,021 INFO:   Preparing to execute using 1 CSX
2026-09-18 14:55:31,406 INFO:   About to send initial weights
2026-09-18 14:55:31,607 INFO:   Finished sending initial weights
2026-09-18 14:55:31,608 INFO:   Finalizing appliance staging for the run
2026-09-18 14:55:38,177 INFO:   Waiting for device programming to complete
2026-09-18 14:55:43,552 INFO:   Device programming is complete
2026-09-18 14:55:43,809 INFO:   Using network type: ROCE
2026-09-18 14:55:43,810 INFO:   Waiting for input workers to prime the data pipeline and begin streaming ...
2026-09-18 14:55:43,819 INFO:   Input workers have begun streaming input data
2026-09-18 14:55:43,952 INFO:   Appliance staging is complete
2026-09-18 14:55:43,952 INFO:   Beginning appliance run
2026-09-18 14:55:55,088 INFO:   | Train Device=CSX, Step=10, Loss=3.37719, Rate=2727.61 samples/sec, GlobalRate=16.22 samples/sec, LoopTimeRemaining=0:10:41, TimeRemaining=0:10:41
2026-09-18 14:56:13,097 INFO:   | Train Device=CSX, Step=20, Loss=2.83006, Rate=2072.53 samples/sec, GlobalRate=32.22 samples/sec, LoopTimeRemaining=0:10:44, TimeRemaining=0:10:44
2026-09-18 14:56:33,859 INFO:   | Train Device=CSX, Step=30, Loss=2.48321, Rate=2142.03 samples/sec, GlobalRate=47.93 samples/sec, LoopTimeRemaining=0:10:48, TimeRemaining=0:10:48
2026-09-18 14:56:51,752 INFO:   | Train Device=CSX, Step=40, Loss=2.17466, Rate=2140.22 samples/sec, GlobalRate=63.47 samples/sec, LoopTimeRemaining=0:10:48, TimeRemaining=0:10:48
2026-09-18 14:57:11,619 INFO:   | Train Device=CSX, Step=50, Loss=1.85241, Rate=2502.67 samples/sec, GlobalRate=78.73 samples/sec, LoopTimeRemaining=0:10:16, TimeRemaining=0:10:16
2026-09-18 14:57:30,014 INFO:   | Train Device=CSX, Step=60, Loss=1.63806, Rate=2554.34 samples/sec, GlobalRate=93.81 samples/sec, LoopTimeRemaining=0:10:00, TimeRemaining=0:10:00
2026-09-18 14:57:51,062 INFO:   | Train Device=CSX, Step=70, Loss=1.52059, Rate=1522.49 samples/sec, GlobalRate=108.58 samples/sec, LoopTimeRemaining=0:09:59, TimeRemaining=0:09:59
2026-09-18 14:58:08,746 INFO:   | Train Device=CSX, Step=80, Loss=1.42359, Rate=2160.97 samples/sec, GlobalRate=123.26 samples/sec, LoopTimeRemaining=0:09:43, TimeRemaining=0:09:43
2026-09-18 14:58:26,794 INFO:   | Train Device=CSX, Step=90, Loss=1.41382, Rate=2229.46 samples/sec, GlobalRate=137.74 samples/sec, LoopTimeRemaining=0:09:27, TimeRemaining=0:09:27
2026-09-18 14:58:46,796 INFO:   | Train Device=CSX, Step=100, Loss=1.31883, Rate=2578.81 samples/sec, GlobalRate=151.90 samples/sec, LoopTimeRemaining=0:09:08, TimeRemaining=0:09:08
2026-09-18 14:59:05,063 INFO:   | Train Device=CSX, Step=110, Loss=1.27947, Rate=2561.87 samples/sec, GlobalRate=165.97 samples/sec, LoopTimeRemaining=0:09:21, TimeRemaining=0:09:21
2026-09-18 14:59:25,933 INFO:   | Train Device=CSX, Step=120, Loss=1.21283, Rate=2118.52 samples/sec, GlobalRate=179.68 samples/sec, LoopTimeRemaining=0:09:04, TimeRemaining=0:09:04
2026-09-18 14:59:44,122 INFO:   | Train Device=CSX, Step=130, Loss=1.25431, Rate=2163.63 samples/sec, GlobalRate=193.36 samples/sec, LoopTimeRemaining=0:08:47, TimeRemaining=0:08:47
2026-09-18 15:00:04,320 INFO:   | Train Device=CSX, Step=140, Loss=1.17677, Rate=2322.77 samples/sec, GlobalRate=206.72 samples/sec, LoopTimeRemaining=0:08:04, TimeRemaining=0:08:04
2026-09-18 15:00:22,179 INFO:   | Train Device=CSX, Step=150, Loss=1.18961, Rate=2545.92 samples/sec, GlobalRate=220.07 samples/sec, LoopTimeRemaining=0:07:47, TimeRemaining=0:07:47
2026-09-18 15:00:40,317 INFO:   | Train Device=CSX, Step=160, Loss=1.17591, Rate=2610.72 samples/sec, GlobalRate=233.23 samples/sec, LoopTimeRemaining=0:07:31, TimeRemaining=0:07:31
2026-09-18 15:01:00,946 INFO:   | Train Device=CSX, Step=170, Loss=1.11490, Rate=2148.30 samples/sec, GlobalRate=246.00 samples/sec, LoopTimeRemaining=0:07:39, TimeRemaining=0:07:39
2026-09-18 15:01:19,347 INFO:   | Train Device=CSX, Step=180, Loss=1.16431, Rate=2139.99 samples/sec, GlobalRate=258.79 samples/sec, LoopTimeRemaining=0:07:22, TimeRemaining=0:07:22
2026-09-18 15:01:39,825 INFO:   | Train Device=CSX, Step=190, Loss=1.17256, Rate=2451.59 samples/sec, GlobalRate=271.21 samples/sec, LoopTimeRemaining=0:06:33, TimeRemaining=0:06:33
2026-09-18 15:01:58,698 INFO:   | Train Device=CSX, Step=200, Loss=1.15904, Rate=2287.50 samples/sec, GlobalRate=283.62 samples/sec, LoopTimeRemaining=0:06:48, TimeRemaining=0:06:48
2026-09-18 15:02:19,778 INFO:   | Train Device=CSX, Step=210, Loss=1.11809, Rate=1995.38 samples/sec, GlobalRate=295.65 samples/sec, LoopTimeRemaining=0:06:02, TimeRemaining=0:06:02
2026-09-18 15:02:38,284 INFO:   | Train Device=CSX, Step=220, Loss=1.11506, Rate=2122.27 samples/sec, GlobalRate=307.77 samples/sec, LoopTimeRemaining=0:06:15, TimeRemaining=0:06:15
2026-09-18 15:02:55,275 INFO:   | Train Device=CSX, Step=230, Loss=1.00655, Rate=2820.28 samples/sec, GlobalRate=319.90 samples/sec, LoopTimeRemaining=0:05:30, TimeRemaining=0:05:30
2026-09-18 15:03:16,617 INFO:   | Train Device=CSX, Step=240, Loss=1.11497, Rate=2542.58 samples/sec, GlobalRate=331.41 samples/sec, LoopTimeRemaining=0:05:14, TimeRemaining=0:05:14
2026-09-18 15:03:34,486 INFO:   | Train Device=CSX, Step=250, Loss=1.07827, Rate=2577.86 samples/sec, GlobalRate=343.15 samples/sec, LoopTimeRemaining=0:04:59, TimeRemaining=0:04:59
2026-09-18 15:03:54,975 INFO:   | Train Device=CSX, Step=260, Loss=1.07885, Rate=2218.51 samples/sec, GlobalRate=354.44 samples/sec, LoopTimeRemaining=0:05:07, TimeRemaining=0:05:07
2026-09-18 15:04:13,248 INFO:   | Train Device=CSX, Step=270, Loss=1.08083, Rate=2136.66 samples/sec, GlobalRate=365.85 samples/sec, LoopTimeRemaining=0:04:27, TimeRemaining=0:04:27
2026-09-18 15:04:33,287 INFO:   | Train Device=CSX, Step=280, Loss=1.11849, Rate=2469.79 samples/sec, GlobalRate=376.90 samples/sec, LoopTimeRemaining=0:04:08, TimeRemaining=0:04:08
2026-09-18 15:04:51,200 INFO:   | Train Device=CSX, Step=290, Loss=1.06843, Rate=2423.84 samples/sec, GlobalRate=388.08 samples/sec, LoopTimeRemaining=0:03:55, TimeRemaining=0:03:55
2026-09-18 15:05:12,087 INFO:   | Train Device=CSX, Step=300, Loss=1.02315, Rate=1618.02 samples/sec, GlobalRate=398.74 samples/sec, LoopTimeRemaining=0:03:37, TimeRemaining=0:03:37
2026-09-18 15:05:29,956 INFO:   | Train Device=CSX, Step=310, Loss=1.04774, Rate=2213.96 samples/sec, GlobalRate=409.65 samples/sec, LoopTimeRemaining=0:03:24, TimeRemaining=0:03:24
2026-09-18 15:05:47,865 INFO:   | Train Device=CSX, Step=320, Loss=1.09656, Rate=2258.55 samples/sec, GlobalRate=420.44 samples/sec, LoopTimeRemaining=0:03:08, TimeRemaining=0:03:08
2026-09-18 15:06:07,983 INFO:   | Train Device=CSX, Step=330, Loss=1.02357, Rate=2559.73 samples/sec, GlobalRate=430.80 samples/sec, LoopTimeRemaining=0:02:46, TimeRemaining=0:02:46
2026-09-18 15:06:26,062 INFO:   | Train Device=CSX, Step=340, Loss=1.03504, Rate=2568.27 samples/sec, GlobalRate=441.31 samples/sec, LoopTimeRemaining=0:02:30, TimeRemaining=0:02:30
2026-09-18 15:06:47,004 INFO:   | Train Device=CSX, Step=350, Loss=0.99137, Rate=2120.40 samples/sec, GlobalRate=451.29 samples/sec, LoopTimeRemaining=0:02:15, TimeRemaining=0:02:15
2026-09-18 15:07:05,247 INFO:   | Train Device=CSX, Step=360, Loss=1.03419, Rate=2165.93 samples/sec, GlobalRate=461.54 samples/sec, LoopTimeRemaining=0:02:06, TimeRemaining=0:02:06
2026-09-18 15:07:25,290 INFO:   | Train Device=CSX, Step=370, Loss=1.01350, Rate=2288.45 samples/sec, GlobalRate=471.40 samples/sec, LoopTimeRemaining=0:01:45, TimeRemaining=0:01:45
2026-09-18 15:07:43,492 INFO:   | Train Device=CSX, Step=380, Loss=1.02233, Rate=2502.92 samples/sec, GlobalRate=481.42 samples/sec, LoopTimeRemaining=0:01:30, TimeRemaining=0:01:30
2026-09-18 15:08:01,408 INFO:   | Train Device=CSX, Step=390, Loss=1.02352, Rate=2629.24 samples/sec, GlobalRate=491.36 samples/sec, LoopTimeRemaining=0:01:15, TimeRemaining=0:01:15
2026-09-18 15:08:22,317 INFO:   | Train Device=CSX, Step=400, Loss=0.95176, Rate=2091.62 samples/sec, GlobalRate=500.74 samples/sec, LoopTimeRemaining=0:01:00, TimeRemaining=0:01:00
2026-09-18 15:08:40,459 INFO:   | Train Device=CSX, Step=410, Loss=1.01225, Rate=2138.26 samples/sec, GlobalRate=510.43 samples/sec, LoopTimeRemaining=0:00:46, TimeRemaining=0:00:46
2026-09-18 15:09:00,463 INFO:   | Train Device=CSX, Step=420, Loss=1.01939, Rate=2502.92 samples/sec, GlobalRate=519.72 samples/sec, LoopTimeRemaining=0:00:30, TimeRemaining=0:00:30
2026-09-18 15:09:18,464 INFO:   | Train Device=CSX, Step=430, Loss=1.00939, Rate=2569.57 samples/sec, GlobalRate=529.21 samples/sec, LoopTimeRemaining=0:00:15, TimeRemaining=0:00:15
2026-09-18 15:09:39,309 INFO:   | Train Device=CSX, Step=440, Loss=0.98283, Rate=1961.78 samples/sec, GlobalRate=538.15 samples/sec, LoopTimeRemaining=0:00:00, TimeRemaining=0:00:00
2026-09-18 15:09:39,419 INFO:   Training completed successfully!
2026-09-18 15:09:39,424 INFO:   Processed 1802240 training sample(s) in 3351.765093177 seconds.
