$REPO_ROOT/.venv/lib/python3.11/site-packages/outdated/__init__.py:36: UserWarning: pkg_resources is deprecated as an API. See https://setuptools.pypa.io/en/latest/pkg_resources.html. The pkg_resources package is slated for removal as early as 2025-11-30. Refrain from using this package or pin to Setuptools<81.
  from pkg_resources import parse_version
[ddp] Single-process mode: device=cuda
[Info] Running in Single-Process mode (CPU or Single GPU).
[Info] Device: cuda
[GraphCache] Caching disabled (0 nodes).
[Compile] {"enabled": true, "dynamic": true}
[GPU policy] {"version": 1, "optimizer": "torch.optim.AdamW", "epsilon_convention": "sqrt_bias_corrected_second_moment_plus_eps", "optimizer_defaults": {"lr": 0.003, "betas": [0.9, 0.999], "eps": 1e-06, "weight_decay": 0.0005, "amsgrad": false, "foreach": null, "maximize": false, "capturable": false, "differentiable": false, "fused": null}, "optimizer_groups": [{"parameters": ["_orig_mod.gnn.convs.0.lin_l.weight", "_orig_mod.gnn.convs.0.lin_r.weight", "_orig_mod.gnn.convs.1.lin_l.weight", "_orig_mod.gnn.convs.1.lin_r.weight", "_orig_mod.gnn.convs.2.lin_l.weight", "_orig_mod.gnn.convs.2.lin_r.weight", "_orig_mod.classifier.weight"], "weight_decay": 0.0005}, {"parameters": ["_orig_mod.gnn.convs.0.lin_l.bias", "_orig_mod.gnn.convs.1.lin_l.bias", "_orig_mod.gnn.convs.2.lin_l.bias", "_orig_mod.classifier.bias"], "weight_decay": 0.0}], "parameter_count": 4450351, "amp": {"implementation": "torch.amp.GradScaler", "enabled": true, "init_scale": 32768.0, "growth_interval": 2000, "growth_factor": 2.0, "backoff_factor": 0.5, "sdk_scale_clamps": false}}
[Step=0010] Wall=8.4374s | Loss=8.1372
[Profile] Avg ms/step | Load: 248.571 (Prep: 168.959, Struc: 1.334, Fetch: 78.278) | Fwd: 521.014 | Bwd: 67.383 | Opt: 4.334 | GPU_Tot: 672.343
[Autotune] {"version": 2, "step": 10, "wall_seconds": 8.437441035173833, "seed_nodes": 40960, "loss": 8.137248992919922, "all_losses_finite": true, "optimizer_steps": 9, "skipped_optimizer_steps": 1, "loss_scale": 16384.0}
[Step=0020] Wall=10.4157s | Loss=2.7840
[Profile] Avg ms/step | Load: 162.717 (Prep: 84.506, Struc: 1.307, Fetch: 76.904) | Fwd: 287.558 | Bwd: 66.675 | Opt: 2.514 | GPU_Tot: 434.959
[Autotune] {"version": 2, "step": 20, "wall_seconds": 10.415722862118855, "seed_nodes": 81920, "loss": 2.7839683532714843, "all_losses_finite": true, "optimizer_steps": 19, "skipped_optimizer_steps": 1, "loss_scale": 16384.0}
[Step=0030] Wall=12.3910s | Loss=2.3630
[Profile] Avg ms/step | Load: 134.080 (Prep: 56.355, Struc: 1.298, Fetch: 76.426) | Fwd: 209.696 | Bwd: 66.410 | Opt: 1.908 | GPU_Tot: 355.739
[Autotune] {"version": 2, "step": 30, "wall_seconds": 12.390959897078574, "seed_nodes": 122880, "loss": 2.362997817993164, "all_losses_finite": true, "optimizer_steps": 29, "skipped_optimizer_steps": 1, "loss_scale": 16384.0}
[Step=0040] Wall=14.3846s | Loss=1.9710
[Profile] Avg ms/step | Load: 0.000 (Prep: 0.000, Struc: 0.000, Fetch: 0.000) | Fwd: 0.000 | Bwd: 0.000 | Opt: 0.000 | GPU_Tot: 0.000
[Autotune] {"version": 2, "step": 40, "wall_seconds": 14.384646981023252, "seed_nodes": 163840, "loss": 1.9709928512573243, "all_losses_finite": true, "optimizer_steps": 39, "skipped_optimizer_steps": 1, "loss_scale": 16384.0}
[Step=0050] Wall=16.9099s | Loss=1.5136
[Profile] Avg ms/step | Load: 139.857 (Prep: 64.001, Struc: 1.174, Fetch: 74.682) | Fwd: 50.664 | Bwd: 61.089 | Opt: 0.723 | GPU_Tot: 188.333
[Autotune] {"version": 2, "step": 50, "wall_seconds": 16.909898557001725, "seed_nodes": 200711, "loss": 1.513597297668457, "all_losses_finite": true, "optimizer_steps": 49, "skipped_optimizer_steps": 1, "loss_scale": 16384.0}
[Step=0060] Wall=19.0801s | Loss=1.4471
[Profile] Avg ms/step | Load: 118.167 (Prep: 35.014, Struc: 1.229, Fetch: 81.923) | Fwd: 52.345 | Bwd: 63.366 | Opt: 0.710 | GPU_Tot: 199.574
[Autotune] {"version": 2, "step": 60, "wall_seconds": 19.08010469004512, "seed_nodes": 241671, "loss": 1.4471075057983398, "all_losses_finite": true, "optimizer_steps": 59, "skipped_optimizer_steps": 1, "loss_scale": 16384.0}
[Step=0070] Wall=21.0921s | Loss=1.2813
[Profile] Avg ms/step | Load: 105.633 (Prep: 23.359, Struc: 1.246, Fetch: 81.027) | Fwd: 52.868 | Bwd: 64.192 | Opt: 0.706 | GPU_Tot: 200.039
[Autotune] {"version": 2, "step": 70, "wall_seconds": 21.092055657180026, "seed_nodes": 282631, "loss": 1.2812846183776856, "all_losses_finite": true, "optimizer_steps": 69, "skipped_optimizer_steps": 1, "loss_scale": 16384.0}
[Step=0080] Wall=23.0997s | Loss=1.1797
[Profile] Avg ms/step | Load: 99.418 (Prep: 17.534, Struc: 1.255, Fetch: 80.629) | Fwd: 53.122 | Bwd: 64.450 | Opt: 0.705 | GPU_Tot: 200.161
[Autotune] {"version": 2, "step": 80, "wall_seconds": 23.099706206005067, "seed_nodes": 323591, "loss": 1.1796867370605468, "all_losses_finite": true, "optimizer_steps": 79, "skipped_optimizer_steps": 1, "loss_scale": 16384.0}
[Step=0090] Wall=25.1143s | Loss=1.0979
[Profile] Avg ms/step | Load: 95.704 (Prep: 14.038, Struc: 1.261, Fetch: 80.405) | Fwd: 53.290 | Bwd: 64.717 | Opt: 0.704 | GPU_Tot: 200.376
[Autotune] {"version": 2, "step": 90, "wall_seconds": 25.114337244071066, "seed_nodes": 364551, "loss": 1.0978633880615234, "all_losses_finite": true, "optimizer_steps": 89, "skipped_optimizer_steps": 1, "loss_scale": 16384.0}
[Step=0100] Wall=27.9355s | Loss=1.0604
[Profile] Avg ms/step | Load: 108.703 (Prep: 27.023, Struc: 1.246, Fetch: 80.433) | Fwd: 52.510 | Bwd: 63.749 | Opt: 0.704 | GPU_Tot: 198.643
[Autotune] {"version": 2, "step": 100, "wall_seconds": 27.935460809152573, "seed_nodes": 401422, "loss": 1.060367488861084, "all_losses_finite": true, "optimizer_steps": 99, "skipped_optimizer_steps": 1, "loss_scale": 16384.0}
[Step=0110] Wall=29.9530s | Loss=0.9926
[Profile] Avg ms/step | Load: 104.864 (Prep: 23.170, Struc: 1.251, Fetch: 80.443) | Fwd: 52.698 | Bwd: 63.961 | Opt: 0.703 | GPU_Tot: 199.056
[Autotune] {"version": 2, "step": 110, "wall_seconds": 29.95295723201707, "seed_nodes": 442382, "loss": 0.9926066398620605, "all_losses_finite": true, "optimizer_steps": 109, "skipped_optimizer_steps": 1, "loss_scale": 16384.0}
[Step=0120] Wall=31.9509s | Loss=0.9386
[Profile] Avg ms/step | Load: 101.783 (Prep: 20.280, Struc: 1.254, Fetch: 80.250) | Fwd: 52.821 | Bwd: 64.094 | Opt: 0.702 | GPU_Tot: 199.120
[Autotune] {"version": 2, "step": 120, "wall_seconds": 31.950892025139183, "seed_nodes": 483342, "loss": 0.9386198997497559, "all_losses_finite": true, "optimizer_steps": 119, "skipped_optimizer_steps": 1, "loss_scale": 16384.0}
[Step=0130] Wall=33.9583s | Loss=0.8827
[Profile] Avg ms/step | Load: 99.429 (Prep: 18.033, Struc: 1.259, Fetch: 80.137) | Fwd: 52.948 | Bwd: 64.230 | Opt: 0.701 | GPU_Tot: 199.275
[Autotune] {"version": 2, "step": 130, "wall_seconds": 33.958307622000575, "seed_nodes": 524302, "loss": 0.8826557159423828, "all_losses_finite": true, "optimizer_steps": 129, "skipped_optimizer_steps": 1, "loss_scale": 16384.0}
[Step=0140] Wall=35.9733s | Loss=0.8576
[Profile] Avg ms/step | Load: 97.556 (Prep: 16.234, Struc: 1.261, Fetch: 80.060) | Fwd: 53.056 | Bwd: 64.397 | Opt: 0.700 | GPU_Tot: 199.475
[Autotune] {"version": 2, "step": 140, "wall_seconds": 35.973340827040374, "seed_nodes": 565262, "loss": 0.8576354026794434, "all_losses_finite": true, "optimizer_steps": 139, "skipped_optimizer_steps": 1, "loss_scale": 16384.0}
[Step=0150] Wall=38.6169s | Loss=0.9896
[Profile] Avg ms/step | Load: 102.886 (Prep: 21.569, Struc: 1.254, Fetch: 80.063) | Fwd: 52.646 | Bwd: 63.883 | Opt: 0.701 | GPU_Tot: 198.547
[Autotune] {"version": 2, "step": 150, "wall_seconds": 38.61692420812324, "seed_nodes": 602133, "loss": 0.9895754814147949, "all_losses_finite": true, "optimizer_steps": 149, "skipped_optimizer_steps": 1, "loss_scale": 16384.0}
[Step=0160] Wall=40.6371s | Loss=0.9243
[Profile] Avg ms/step | Load: 101.143 (Prep: 19.776, Struc: 1.256, Fetch: 80.111) | Fwd: 52.754 | Bwd: 63.996 | Opt: 0.701 | GPU_Tot: 198.818
[Autotune] {"version": 2, "step": 160, "wall_seconds": 40.637132849078625, "seed_nodes": 643093, "loss": 0.9242753982543945, "all_losses_finite": true, "optimizer_steps": 159, "skipped_optimizer_steps": 1, "loss_scale": 16384.0}
[Step=0170] Wall=42.6451s | Loss=0.8644
[Profile] Avg ms/step | Load: 99.557 (Prep: 18.258, Struc: 1.258, Fetch: 80.040) | Fwd: 52.845 | Bwd: 64.111 | Opt: 0.700 | GPU_Tot: 198.954
[Autotune] {"version": 2, "step": 170, "wall_seconds": 42.64514839206822, "seed_nodes": 684053, "loss": 0.8643632888793945, "all_losses_finite": true, "optimizer_steps": 169, "skipped_optimizer_steps": 1, "loss_scale": 16384.0}
[Step=0180] Wall=44.6529s | Loss=0.8087
[Profile] Avg ms/step | Load: 98.168 (Prep: 16.959, Struc: 1.259, Fetch: 79.950) | Fwd: 52.927 | Bwd: 64.229 | Opt: 0.700 | GPU_Tot: 199.066
[Autotune] {"version": 2, "step": 180, "wall_seconds": 44.65288031799719, "seed_nodes": 725013, "loss": 0.8086799621582031, "all_losses_finite": true, "optimizer_steps": 179, "skipped_optimizer_steps": 1, "loss_scale": 16384.0}
[Step=0190] Wall=46.6589s | Loss=0.7758
[Profile] Avg ms/step | Load: 96.985 (Prep: 15.831, Struc: 1.261, Fetch: 79.893) | Fwd: 52.996 | Bwd: 64.304 | Opt: 0.700 | GPU_Tot: 199.154
[Autotune] {"version": 2, "step": 190, "wall_seconds": 46.658867138205096, "seed_nodes": 765973, "loss": 0.7758307456970215, "all_losses_finite": true, "optimizer_steps": 189, "skipped_optimizer_steps": 1, "loss_scale": 16384.0}
[Step=0200] Wall=49.3509s | Loss=0.9218
[Profile] Avg ms/step | Load: 100.946 (Prep: 19.722, Struc: 1.255, Fetch: 79.968) | Fwd: 52.730 | Bwd: 63.987 | Opt: 0.700 | GPU_Tot: 198.640
[Autotune] {"version": 2, "step": 200, "wall_seconds": 49.35089250211604, "seed_nodes": 802844, "loss": 0.9217645645141601, "all_losses_finite": true, "optimizer_steps": 199, "skipped_optimizer_steps": 1, "loss_scale": 16384.0}
[Step=0210] Wall=51.3748s | Loss=0.8651
[Profile] Avg ms/step | Load: 99.825 (Prep: 18.565, Struc: 1.257, Fetch: 80.003) | Fwd: 52.803 | Bwd: 64.085 | Opt: 0.700 | GPU_Tot: 198.847
[Autotune] {"version": 2, "step": 210, "wall_seconds": 51.3748123801779, "seed_nodes": 843804, "loss": 0.8650613784790039, "all_losses_finite": true, "optimizer_steps": 209, "skipped_optimizer_steps": 1, "loss_scale": 16384.0}
[Step=0220] Wall=53.3975s | Loss=0.7977
[Profile] Avg ms/step | Load: 98.812 (Prep: 17.537, Struc: 1.258, Fetch: 80.018) | Fwd: 52.872 | Bwd: 64.178 | Opt: 0.700 | GPU_Tot: 199.025
[Autotune] {"version": 2, "step": 220, "wall_seconds": 53.397513369098306, "seed_nodes": 884764, "loss": 0.79773850440979, "all_losses_finite": true, "optimizer_steps": 219, "skipped_optimizer_steps": 1, "loss_scale": 16384.0}
[Step=0230] Wall=55.4304s | Loss=0.7513
[Profile] Avg ms/step | Load: 97.922 (Prep: 16.617, Struc: 1.259, Fetch: 80.047) | Fwd: 52.941 | Bwd: 64.292 | Opt: 0.699 | GPU_Tot: 199.238
[Autotune] {"version": 2, "step": 230, "wall_seconds": 55.43043372919783, "seed_nodes": 925724, "loss": 0.7512755393981934, "all_losses_finite": true, "optimizer_steps": 229, "skipped_optimizer_steps": 1, "loss_scale": 16384.0}
[Step=0240] Wall=57.4361s | Loss=0.7238
[Profile] Avg ms/step | Load: 97.065 (Prep: 15.788, Struc: 1.260, Fetch: 80.017) | Fwd: 52.985 | Bwd: 64.332 | Opt: 0.699 | GPU_Tot: 199.293
[Autotune] {"version": 2, "step": 240, "wall_seconds": 57.43609535112046, "seed_nodes": 966684, "loss": 0.723792552947998, "all_losses_finite": true, "optimizer_steps": 239, "skipped_optimizer_steps": 1, "loss_scale": 16384.0}
[Step=0250] Wall=60.0477s | Loss=0.7266
[Profile] Avg ms/step | Load: 99.667 (Prep: 18.132, Struc: 1.256, Fetch: 80.279) | Fwd: 52.789 | Bwd: 64.110 | Opt: 0.700 | GPU_Tot: 199.135
[Autotune] {"version": 2, "step": 250, "wall_seconds": 60.04773134901188, "seed_nodes": 1003555, "loss": 0.7266300678253174, "all_losses_finite": true, "optimizer_steps": 249, "skipped_optimizer_steps": 1, "loss_scale": 16384.0}
[Step=0260] Wall=62.0607s | Loss=0.7328
[Profile] Avg ms/step | Load: 98.816 (Prep: 17.310, Struc: 1.257, Fetch: 80.248) | Fwd: 52.844 | Bwd: 64.172 | Opt: 0.700 | GPU_Tot: 199.223
[Autotune] {"version": 2, "step": 260, "wall_seconds": 62.06066008401103, "seed_nodes": 1044515, "loss": 0.7328217506408692, "all_losses_finite": true, "optimizer_steps": 259, "skipped_optimizer_steps": 1, "loss_scale": 16384.0}
[Step=0270] Wall=64.0766s | Loss=0.7108
[Profile] Avg ms/step | Load: 98.039 (Prep: 16.560, Struc: 1.259, Fetch: 80.220) | Fwd: 52.895 | Bwd: 64.241 | Opt: 0.701 | GPU_Tot: 199.316
[Autotune] {"version": 2, "step": 270, "wall_seconds": 64.07655713916756, "seed_nodes": 1085475, "loss": 0.7107989311218261, "all_losses_finite": true, "optimizer_steps": 269, "skipped_optimizer_steps": 1, "loss_scale": 16384.0}
[Step=0280] Wall=66.0931s | Loss=0.6775
[Profile] Avg ms/step | Load: 97.321 (Prep: 15.872, Struc: 1.260, Fetch: 80.188) | Fwd: 52.941 | Bwd: 64.314 | Opt: 0.700 | GPU_Tot: 199.403
[Autotune] {"version": 2, "step": 280, "wall_seconds": 66.09307487215847, "seed_nodes": 1126435, "loss": 0.6775352478027343, "all_losses_finite": true, "optimizer_steps": 279, "skipped_optimizer_steps": 1, "loss_scale": 16384.0}
[Step=0290] Wall=68.1082s | Loss=0.6635
[Profile] Avg ms/step | Load: 96.671 (Prep: 15.239, Struc: 1.261, Fetch: 80.171) | Fwd: 52.978 | Bwd: 64.368 | Opt: 0.701 | GPU_Tot: 199.478
[Autotune] {"version": 2, "step": 290, "wall_seconds": 68.10816077608615, "seed_nodes": 1167395, "loss": 0.6635040760040283, "all_losses_finite": true, "optimizer_steps": 289, "skipped_optimizer_steps": 1, "loss_scale": 16384.0}
[Step=0300] Wall=70.7570s | Loss=0.7118
[Profile] Avg ms/step | Load: 98.957 (Prep: 17.507, Struc: 1.257, Fetch: 80.192) | Fwd: 52.812 | Bwd: 64.172 | Opt: 0.701 | GPU_Tot: 199.133
[Autotune] {"version": 2, "step": 300, "wall_seconds": 70.75702233915217, "seed_nodes": 1204266, "loss": 0.711825942993164, "all_losses_finite": true, "optimizer_steps": 299, "skipped_optimizer_steps": 1, "loss_scale": 16384.0}
[Step=0310] Wall=72.7715s | Loss=0.7201
[Profile] Avg ms/step | Load: 98.281 (Prep: 16.861, Struc: 1.258, Fetch: 80.162) | Fwd: 52.852 | Bwd: 64.238 | Opt: 0.701 | GPU_Tot: 199.211
[Autotune] {"version": 2, "step": 310, "wall_seconds": 72.7715263380669, "seed_nodes": 1245226, "loss": 0.7201467514038086, "all_losses_finite": true, "optimizer_steps": 309, "skipped_optimizer_steps": 1, "loss_scale": 16384.0}
[Step=0320] Wall=74.7756s | Loss=0.6655
[Profile] Avg ms/step | Load: 97.653 (Prep: 16.261, Struc: 1.259, Fetch: 80.134) | Fwd: 52.884 | Bwd: 64.267 | Opt: 0.701 | GPU_Tot: 199.245
[Autotune] {"version": 2, "step": 320, "wall_seconds": 74.77563275909051, "seed_nodes": 1286186, "loss": 0.6654605388641357, "all_losses_finite": true, "optimizer_steps": 319, "skipped_optimizer_steps": 1, "loss_scale": 16384.0}
[Step=0330] Wall=76.8173s | Loss=0.6542
[Profile] Avg ms/step | Load: 97.167 (Prep: 15.702, Struc: 1.260, Fetch: 80.206) | Fwd: 52.920 | Bwd: 64.321 | Opt: 0.701 | GPU_Tot: 199.407
[Autotune] {"version": 2, "step": 330, "wall_seconds": 76.81725952005945, "seed_nodes": 1327146, "loss": 0.6542084217071533, "all_losses_finite": true, "optimizer_steps": 329, "skipped_optimizer_steps": 1, "loss_scale": 16384.0}
[Step=0340] Wall=78.8189s | Loss=0.6515
[Profile] Avg ms/step | Load: 96.601 (Prep: 15.180, Struc: 1.260, Fetch: 80.160) | Fwd: 52.952 | Bwd: 64.351 | Opt: 0.700 | GPU_Tot: 199.425
[Autotune] {"version": 2, "step": 340, "wall_seconds": 78.81892357114702, "seed_nodes": 1368106, "loss": 0.6514947891235352, "all_losses_finite": true, "optimizer_steps": 339, "skipped_optimizer_steps": 1, "loss_scale": 16384.0}
[Step=0350] Wall=81.3913s | Loss=0.6185
[Profile] Avg ms/step | Load: 98.268 (Prep: 16.725, Struc: 1.258, Fetch: 80.285) | Fwd: 52.812 | Bwd: 64.193 | Opt: 0.701 | GPU_Tot: 199.249
[Autotune] {"version": 2, "step": 350, "wall_seconds": 81.39128403109498, "seed_nodes": 1404977, "loss": 0.6185348033905029, "all_losses_finite": true, "optimizer_steps": 349, "skipped_optimizer_steps": 1, "loss_scale": 16384.0}
[Step=0360] Wall=83.3926s | Loss=0.6476
[Profile] Avg ms/step | Load: 97.704 (Prep: 16.205, Struc: 1.258, Fetch: 80.241) | Fwd: 52.843 | Bwd: 64.226 | Opt: 0.701 | GPU_Tot: 199.269
[Autotune] {"version": 2, "step": 360, "wall_seconds": 83.3925990560092, "seed_nodes": 1445937, "loss": 0.6475903987884521, "all_losses_finite": true, "optimizer_steps": 359, "skipped_optimizer_steps": 1, "loss_scale": 16384.0}
[Step=0370] Wall=85.3966s | Loss=0.6435
[Profile] Avg ms/step | Load: 97.184 (Prep: 15.715, Struc: 1.259, Fetch: 80.210) | Fwd: 52.872 | Bwd: 64.254 | Opt: 0.701 | GPU_Tot: 199.296
[Autotune] {"version": 2, "step": 370, "wall_seconds": 85.39659800101072, "seed_nodes": 1486897, "loss": 0.6434672355651856, "all_losses_finite": true, "optimizer_steps": 369, "skipped_optimizer_steps": 1, "loss_scale": 16384.0}
[Step=0380] Wall=87.4784s | Loss=0.6329
[Profile] Avg ms/step | Load: 96.767 (Prep: 15.255, Struc: 1.264, Fetch: 80.249) | Fwd: 52.987 | Bwd: 64.331 | Opt: 0.720 | GPU_Tot: 199.551
[Autotune] {"version": 2, "step": 380, "wall_seconds": 87.47837646212429, "seed_nodes": 1527857, "loss": 0.6328622817993164, "all_losses_finite": true, "optimizer_steps": 379, "skipped_optimizer_steps": 1, "loss_scale": 16384.0}
[Step=0390] Wall=89.5012s | Loss=0.6150
[Profile] Avg ms/step | Load: 96.330 (Prep: 14.820, Struc: 1.264, Fetch: 80.246) | Fwd: 53.015 | Bwd: 64.377 | Opt: 0.720 | GPU_Tot: 199.622
[Autotune] {"version": 2, "step": 390, "wall_seconds": 89.50119993113913, "seed_nodes": 1568817, "loss": 0.6149960517883301, "all_losses_finite": true, "optimizer_steps": 389, "skipped_optimizer_steps": 1, "loss_scale": 16384.0}
[Step=0400] Wall=92.0915s | Loss=0.6202
[Profile] Avg ms/step | Load: 97.799 (Prep: 16.168, Struc: 1.262, Fetch: 80.369) | Fwd: 52.900 | Bwd: 64.256 | Opt: 0.720 | GPU_Tot: 199.508
[Autotune] {"version": 2, "step": 400, "wall_seconds": 92.09151408215985, "seed_nodes": 1605688, "loss": 0.6201754093170166, "all_losses_finite": true, "optimizer_steps": 399, "skipped_optimizer_steps": 1, "loss_scale": 16384.0}
[Step=0410] Wall=94.1007s | Loss=0.6473
[Profile] Avg ms/step | Load: 97.344 (Prep: 15.733, Struc: 1.262, Fetch: 80.349) | Fwd: 52.926 | Bwd: 64.283 | Opt: 0.720 | GPU_Tot: 199.540
[Autotune] {"version": 2, "step": 410, "wall_seconds": 94.10074207000434, "seed_nodes": 1646648, "loss": 0.6472734928131103, "all_losses_finite": true, "optimizer_steps": 409, "skipped_optimizer_steps": 1, "loss_scale": 16384.0}
[Step=0420] Wall=96.1282s | Loss=0.6131
[Profile] Avg ms/step | Load: 96.923 (Prep: 15.320, Struc: 1.263, Fetch: 80.340) | Fwd: 52.956 | Bwd: 64.340 | Opt: 0.719 | GPU_Tot: 199.618
[Autotune] {"version": 2, "step": 420, "wall_seconds": 96.12819733610377, "seed_nodes": 1687608, "loss": 0.6130614280700684, "all_losses_finite": true, "optimizer_steps": 419, "skipped_optimizer_steps": 1, "loss_scale": 16384.0}
[Step=0430] Wall=98.1528s | Loss=0.6197
[Profile] Avg ms/step | Load: 96.539 (Prep: 14.929, Struc: 1.263, Fetch: 80.347) | Fwd: 52.981 | Bwd: 64.374 | Opt: 0.719 | GPU_Tot: 199.685
[Autotune] {"version": 2, "step": 430, "wall_seconds": 98.15279745217413, "seed_nodes": 1728568, "loss": 0.6196757793426514, "all_losses_finite": true, "optimizer_steps": 429, "skipped_optimizer_steps": 1, "loss_scale": 16384.0}
[Step=0440] Wall=100.1780s | Loss=0.6067
[Profile] Avg ms/step | Load: 96.176 (Prep: 14.557, Struc: 1.264, Fetch: 80.355) | Fwd: 53.003 | Bwd: 64.410 | Opt: 0.718 | GPU_Tot: 199.751
[Autotune] {"version": 2, "step": 440, "wall_seconds": 100.17800346412696, "seed_nodes": 1769528, "loss": 0.6066507339477539, "all_losses_finite": true, "optimizer_steps": 439, "skipped_optimizer_steps": 1, "loss_scale": 16384.0}
[Step=0450] Wall=102.8728s | Loss=0.6504
[Profile] Avg ms/step | Load: 97.737 (Prep: 16.105, Struc: 1.262, Fetch: 80.371) | Fwd: 52.909 | Bwd: 64.285 | Opt: 0.718 | GPU_Tot: 199.544
[Autotune] {"version": 2, "step": 450, "wall_seconds": 102.87277219817042, "seed_nodes": 1806399, "loss": 0.6503950595855713, "all_losses_finite": true, "optimizer_steps": 449, "skipped_optimizer_steps": 1, "loss_scale": 16384.0}
[Step=0460] Wall=104.8920s | Loss=0.6299
[Profile] Avg ms/step | Load: 97.338 (Prep: 15.722, Struc: 1.262, Fetch: 80.354) | Fwd: 52.935 | Bwd: 64.326 | Opt: 0.717 | GPU_Tot: 199.595
[Autotune] {"version": 2, "step": 460, "wall_seconds": 104.8920253040269, "seed_nodes": 1847359, "loss": 0.6298665523529052, "all_losses_finite": true, "optimizer_steps": 459, "skipped_optimizer_steps": 1, "loss_scale": 16384.0}
[Step=0470] Wall=106.9116s | Loss=0.6211
[Profile] Avg ms/step | Load: 96.961 (Prep: 15.358, Struc: 1.263, Fetch: 80.340) | Fwd: 52.961 | Bwd: 64.364 | Opt: 0.717 | GPU_Tot: 199.645
[Autotune] {"version": 2, "step": 470, "wall_seconds": 106.91158865019679, "seed_nodes": 1888319, "loss": 0.6211104393005371, "all_losses_finite": true, "optimizer_steps": 469, "skipped_optimizer_steps": 1, "loss_scale": 16384.0}
[Step=0480] Wall=108.9329s | Loss=0.5925
[Profile] Avg ms/step | Load: 96.606 (Prep: 15.010, Struc: 1.263, Fetch: 80.333) | Fwd: 52.984 | Bwd: 64.400 | Opt: 0.717 | GPU_Tot: 199.696
[Autotune] {"version": 2, "step": 480, "wall_seconds": 108.93288329499774, "seed_nodes": 1929279, "loss": 0.592465591430664, "all_losses_finite": true, "optimizer_steps": 479, "skipped_optimizer_steps": 1, "loss_scale": 16384.0}
[Step=0490] Wall=110.7548s | Loss=0.5718
[Profile] Avg ms/step | Load: 96.082 (Prep: 14.678, Struc: 1.261, Fetch: 80.143) | Fwd: 52.890 | Bwd: 64.292 | Opt: 0.716 | GPU_Tot: 199.302
[Autotune] {"version": 2, "step": 490, "wall_seconds": 110.75476769311354, "seed_nodes": 1966150, "loss": 0.5717887878417969, "all_losses_finite": true, "optimizer_steps": 489, "skipped_optimizer_steps": 1, "loss_scale": 16384.0}
[Step=0500] Wall=113.8123s | Loss=0.6208
[Profile] Avg ms/step | Load: 98.016 (Prep: 16.540, Struc: 1.261, Fetch: 80.215) | Fwd: 52.913 | Bwd: 64.326 | Opt: 0.716 | GPU_Tot: 199.431
[Autotune] {"version": 2, "step": 500, "wall_seconds": 113.81228624703363, "seed_nodes": 2007110, "loss": 0.6207653522491455, "all_losses_finite": true, "optimizer_steps": 499, "skipped_optimizer_steps": 1, "loss_scale": 16384.0}
[Step=0510] Wall=115.8425s | Loss=0.6101
[Profile] Avg ms/step | Load: 97.680 (Prep: 16.189, Struc: 1.262, Fetch: 80.229) | Fwd: 52.937 | Bwd: 64.358 | Opt: 0.716 | GPU_Tot: 199.503
[Autotune] {"version": 2, "step": 510, "wall_seconds": 115.84251969703473, "seed_nodes": 2048070, "loss": 0.6100712299346924, "all_losses_finite": true, "optimizer_steps": 509, "skipped_optimizer_steps": 1, "loss_scale": 16384.0}
[Step=0520] Wall=117.8754s | Loss=0.6024
[Profile] Avg ms/step | Load: 97.359 (Prep: 15.853, Struc: 1.262, Fetch: 80.244) | Fwd: 52.960 | Bwd: 64.394 | Opt: 0.716 | GPU_Tot: 199.577
[Autotune] {"version": 2, "step": 520, "wall_seconds": 117.87540368619375, "seed_nodes": 2089030, "loss": 0.6024162769317627, "all_losses_finite": true, "optimizer_steps": 519, "skipped_optimizer_steps": 1, "loss_scale": 16384.0}
[Step=0530] Wall=119.8968s | Loss=0.5848
[Profile] Avg ms/step | Load: 97.034 (Prep: 15.530, Struc: 1.263, Fetch: 80.241) | Fwd: 52.981 | Bwd: 64.424 | Opt: 0.716 | GPU_Tot: 199.624
[Autotune] {"version": 2, "step": 530, "wall_seconds": 119.89678606111556, "seed_nodes": 2129990, "loss": 0.5848309516906738, "all_losses_finite": true, "optimizer_steps": 529, "skipped_optimizer_steps": 1, "loss_scale": 16384.0}
[Step=0540] Wall=122.6932s | Loss=0.7214
[Profile] Avg ms/step | Load: 98.507 (Prep: 17.144, Struc: 1.261, Fetch: 80.103) | Fwd: 52.895 | Bwd: 64.324 | Opt: 0.716 | GPU_Tot: 199.297
[Autotune] {"version": 2, "step": 540, "wall_seconds": 122.69323166902177, "seed_nodes": 2166861, "loss": 0.7214134216308594, "all_losses_finite": true, "optimizer_steps": 539, "skipped_optimizer_steps": 1, "loss_scale": 16384.0}
[Step=0550] Wall=124.7374s | Loss=0.8466
[Profile] Avg ms/step | Load: 98.215 (Prep: 16.808, Struc: 1.261, Fetch: 80.145) | Fwd: 52.916 | Bwd: 64.355 | Opt: 0.715 | GPU_Tot: 199.393
[Autotune] {"version": 2, "step": 550, "wall_seconds": 124.73738986509852, "seed_nodes": 2207821, "loss": 0.8466049194335937, "all_losses_finite": true, "optimizer_steps": 549, "skipped_optimizer_steps": 1, "loss_scale": 16384.0}
[Step=0560] Wall=126.7579s | Loss=0.7226
[Profile] Avg ms/step | Load: 97.892 (Prep: 16.486, Struc: 1.262, Fetch: 80.144) | Fwd: 52.936 | Bwd: 64.383 | Opt: 0.715 | GPU_Tot: 199.440
[Autotune] {"version": 2, "step": 560, "wall_seconds": 126.75788488518447, "seed_nodes": 2248781, "loss": 0.7225570678710938, "all_losses_finite": true, "optimizer_steps": 559, "skipped_optimizer_steps": 1, "loss_scale": 16384.0}
[Step=0570] Wall=128.7781s | Loss=0.6685
[Profile] Avg ms/step | Load: 97.580 (Prep: 16.176, Struc: 1.262, Fetch: 80.141) | Fwd: 52.955 | Bwd: 64.411 | Opt: 0.715 | GPU_Tot: 199.485
[Autotune] {"version": 2, "step": 570, "wall_seconds": 128.7780969531741, "seed_nodes": 2289741, "loss": 0.6684883594512939, "all_losses_finite": true, "optimizer_steps": 569, "skipped_optimizer_steps": 1, "loss_scale": 16384.0}
[Step=0580] Wall=130.8027s | Loss=0.6320
[Profile] Avg ms/step | Load: 97.282 (Prep: 15.878, Struc: 1.262, Fetch: 80.142) | Fwd: 52.976 | Bwd: 64.441 | Opt: 0.715 | GPU_Tot: 199.536
[Autotune] {"version": 2, "step": 580, "wall_seconds": 130.80270477803424, "seed_nodes": 2330701, "loss": 0.6319905757904053, "all_losses_finite": true, "optimizer_steps": 579, "skipped_optimizer_steps": 1, "loss_scale": 16384.0}
[Step=0590] Wall=133.6386s | Loss=0.6290
[Profile] Avg ms/step | Load: 98.680 (Prep: 17.376, Struc: 1.261, Fetch: 80.043) | Fwd: 52.901 | Bwd: 64.354 | Opt: 0.715 | GPU_Tot: 199.273
[Autotune] {"version": 2, "step": 590, "wall_seconds": 133.63855631300248, "seed_nodes": 2367572, "loss": 0.6289942741394043, "all_losses_finite": true, "optimizer_steps": 589, "skipped_optimizer_steps": 1, "loss_scale": 16384.0}
[Step=0600] Wall=135.7013s | Loss=0.6785
[Profile] Avg ms/step | Load: 98.439 (Prep: 17.067, Struc: 1.261, Fetch: 80.111) | Fwd: 52.921 | Bwd: 64.387 | Opt: 0.715 | GPU_Tot: 199.394
[Autotune] {"version": 2, "step": 600, "wall_seconds": 135.70131738018245, "seed_nodes": 2408532, "loss": 0.6784967422485352, "all_losses_finite": true, "optimizer_steps": 599, "skipped_optimizer_steps": 1, "loss_scale": 16384.0}
[Step=0610] Wall=137.7178s | Loss=0.6319
[Profile] Avg ms/step | Load: 98.134 (Prep: 16.768, Struc: 1.261, Fetch: 80.104) | Fwd: 52.938 | Bwd: 64.412 | Opt: 0.714 | GPU_Tot: 199.430
[Autotune] {"version": 2, "step": 610, "wall_seconds": 137.71778970607556, "seed_nodes": 2449492, "loss": 0.6318947792053222, "all_losses_finite": true, "optimizer_steps": 609, "skipped_optimizer_steps": 1, "loss_scale": 16384.0}
[Step=0620] Wall=139.7439s | Loss=0.6328
[Profile] Avg ms/step | Load: 97.843 (Prep: 16.480, Struc: 1.262, Fetch: 80.102) | Fwd: 52.959 | Bwd: 64.444 | Opt: 0.714 | GPU_Tot: 199.481
[Autotune] {"version": 2, "step": 620, "wall_seconds": 139.74392242915928, "seed_nodes": 2490452, "loss": 0.6327879905700684, "all_losses_finite": true, "optimizer_steps": 619, "skipped_optimizer_steps": 1, "loss_scale": 16384.0}
[Step=0630] Wall=141.7616s | Loss=0.5957
[Profile] Avg ms/step | Load: 97.558 (Prep: 16.201, Struc: 1.262, Fetch: 80.095) | Fwd: 52.977 | Bwd: 64.468 | Opt: 0.714 | GPU_Tot: 199.516
[Autotune] {"version": 2, "step": 630, "wall_seconds": 141.76160947000608, "seed_nodes": 2531412, "loss": 0.5957488059997559, "all_losses_finite": true, "optimizer_steps": 629, "skipped_optimizer_steps": 1, "loss_scale": 16384.0}
[Step=0640] Wall=144.5067s | Loss=0.7419
[Profile] Avg ms/step | Load: 98.681 (Prep: 17.308, Struc: 1.261, Fetch: 80.112) | Fwd: 52.907 | Bwd: 64.392 | Opt: 0.714 | GPU_Tot: 199.386
[Autotune] {"version": 2, "step": 640, "wall_seconds": 144.50666925916448, "seed_nodes": 2568283, "loss": 0.7418506145477295, "all_losses_finite": true, "optimizer_steps": 639, "skipped_optimizer_steps": 1, "loss_scale": 16384.0}
[Step=0650] Wall=146.5381s | Loss=0.7914
[Profile] Avg ms/step | Load: 98.412 (Prep: 17.025, Struc: 1.261, Fetch: 80.125) | Fwd: 52.925 | Bwd: 64.418 | Opt: 0.714 | GPU_Tot: 199.444
[Autotune] {"version": 2, "step": 650, "wall_seconds": 146.5380620630458, "seed_nodes": 2609243, "loss": 0.7914068222045898, "all_losses_finite": true, "optimizer_steps": 649, "skipped_optimizer_steps": 1, "loss_scale": 16384.0}
[Step=0660] Wall=148.5623s | Loss=0.6997
[Profile] Avg ms/step | Load: 98.140 (Prep: 16.752, Struc: 1.261, Fetch: 80.127) | Fwd: 52.943 | Bwd: 64.443 | Opt: 0.714 | GPU_Tot: 199.488
[Autotune] {"version": 2, "step": 660, "wall_seconds": 148.56231429008767, "seed_nodes": 2650203, "loss": 0.6997189521789551, "all_losses_finite": true, "optimizer_steps": 659, "skipped_optimizer_steps": 1, "loss_scale": 16384.0}
[Step=0670] Wall=150.5995s | Loss=0.6475
[Profile] Avg ms/step | Load: 97.902 (Prep: 16.487, Struc: 1.262, Fetch: 80.154) | Fwd: 52.958 | Bwd: 64.464 | Opt: 0.714 | GPU_Tot: 199.552
[Autotune] {"version": 2, "step": 670, "wall_seconds": 150.59950557304546, "seed_nodes": 2691163, "loss": 0.6475383758544921, "all_losses_finite": true, "optimizer_steps": 669, "skipped_optimizer_steps": 1, "loss_scale": 16384.0}
[Step=0680] Wall=152.6390s | Loss=0.6203
[Profile] Avg ms/step | Load: 97.669 (Prep: 16.230, Struc: 1.262, Fetch: 80.177) | Fwd: 52.975 | Bwd: 64.489 | Opt: 0.714 | GPU_Tot: 199.617
[Autotune] {"version": 2, "step": 680, "wall_seconds": 152.63898225920275, "seed_nodes": 2732123, "loss": 0.6202980995178222, "all_losses_finite": true, "optimizer_steps": 679, "skipped_optimizer_steps": 1, "loss_scale": 16384.0}
[Step=0690] Wall=155.4562s | Loss=0.6148
[Profile] Avg ms/step | Load: 98.815 (Prep: 17.385, Struc: 1.261, Fetch: 80.169) | Fwd: 52.912 | Bwd: 64.417 | Opt: 0.714 | GPU_Tot: 199.472
[Autotune] {"version": 2, "step": 690, "wall_seconds": 155.4561508661136, "seed_nodes": 2768994, "loss": 0.6147613525390625, "all_losses_finite": true, "optimizer_steps": 689, "skipped_optimizer_steps": 1, "loss_scale": 16384.0}
[Step=0700] Wall=157.4821s | Loss=0.6201
[Profile] Avg ms/step | Load: 98.557 (Prep: 17.123, Struc: 1.261, Fetch: 80.174) | Fwd: 52.928 | Bwd: 64.440 | Opt: 0.713 | GPU_Tot: 199.516
[Autotune] {"version": 2, "step": 700, "wall_seconds": 157.48211820004508, "seed_nodes": 2809954, "loss": 0.6201025009155273, "all_losses_finite": true, "optimizer_steps": 699, "skipped_optimizer_steps": 1, "loss_scale": 16384.0}
[Step=0710] Wall=159.5108s | Loss=0.6159
[Profile] Avg ms/step | Load: 98.305 (Prep: 16.868, Struc: 1.261, Fetch: 80.176) | Fwd: 52.944 | Bwd: 64.468 | Opt: 0.713 | GPU_Tot: 199.563
[Autotune] {"version": 2, "step": 710, "wall_seconds": 159.51076477905735, "seed_nodes": 2850914, "loss": 0.6158558845520019, "all_losses_finite": true, "optimizer_steps": 709, "skipped_optimizer_steps": 1, "loss_scale": 16384.0}
[Step=0720] Wall=161.5343s | Loss=0.5973
[Profile] Avg ms/step | Load: 98.059 (Prep: 16.621, Struc: 1.261, Fetch: 80.177) | Fwd: 52.959 | Bwd: 64.489 | Opt: 0.713 | GPU_Tot: 199.600
[Autotune] {"version": 2, "step": 720, "wall_seconds": 161.53428624011576, "seed_nodes": 2891874, "loss": 0.5972980499267578, "all_losses_finite": true, "optimizer_steps": 719, "skipped_optimizer_steps": 1, "loss_scale": 16384.0}
[Step=0730] Wall=163.5626s | Loss=0.5854
[Profile] Avg ms/step | Load: 97.828 (Prep: 16.380, Struc: 1.262, Fetch: 80.185) | Fwd: 52.975 | Bwd: 64.509 | Opt: 0.713 | GPU_Tot: 199.644
[Autotune] {"version": 2, "step": 730, "wall_seconds": 163.56257111998275, "seed_nodes": 2932834, "loss": 0.5854146480560303, "all_losses_finite": true, "optimizer_steps": 729, "skipped_optimizer_steps": 1, "loss_scale": 16384.0}
[Step=0740] Wall=166.4350s | Loss=0.7968
[Profile] Avg ms/step | Load: 98.970 (Prep: 17.584, Struc: 1.260, Fetch: 80.126) | Fwd: 52.915 | Bwd: 64.441 | Opt: 0.713 | GPU_Tot: 199.455
[Autotune] {"version": 2, "step": 740, "wall_seconds": 166.4349788671825, "seed_nodes": 2969705, "loss": 0.7968335628509522, "all_losses_finite": true, "optimizer_steps": 739, "skipped_optimizer_steps": 1, "loss_scale": 16384.0}
[Step=0750] Wall=168.4698s | Loss=0.7862
[Profile] Avg ms/step | Load: 98.735 (Prep: 17.337, Struc: 1.261, Fetch: 80.137) | Fwd: 52.932 | Bwd: 64.466 | Opt: 0.713 | GPU_Tot: 199.509
[Autotune] {"version": 2, "step": 750, "wall_seconds": 168.46975399018265, "seed_nodes": 3010665, "loss": 0.7861842155456543, "all_losses_finite": true, "optimizer_steps": 749, "skipped_optimizer_steps": 1, "loss_scale": 16384.0}
[Step=0760] Wall=170.4982s | Loss=0.6966
[Profile] Avg ms/step | Load: 98.504 (Prep: 17.097, Struc: 1.261, Fetch: 80.146) | Fwd: 52.947 | Bwd: 64.486 | Opt: 0.713 | GPU_Tot: 199.552
[Autotune] {"version": 2, "step": 760, "wall_seconds": 170.49823051411659, "seed_nodes": 3051625, "loss": 0.696635103225708, "all_losses_finite": true, "optimizer_steps": 759, "skipped_optimizer_steps": 1, "loss_scale": 16384.0}
[Step=0770] Wall=172.5355s | Loss=0.6817
[Profile] Avg ms/step | Load: 98.282 (Prep: 16.863, Struc: 1.261, Fetch: 80.157) | Fwd: 52.963 | Bwd: 64.512 | Opt: 0.713 | GPU_Tot: 199.606
[Autotune] {"version": 2, "step": 770, "wall_seconds": 172.53552381601185, "seed_nodes": 3092585, "loss": 0.681734037399292, "all_losses_finite": true, "optimizer_steps": 769, "skipped_optimizer_steps": 1, "loss_scale": 16384.0}
[Step=0780] Wall=174.5696s | Loss=0.6386
[Profile] Avg ms/step | Load: 98.065 (Prep: 16.636, Struc: 1.262, Fetch: 80.167) | Fwd: 52.978 | Bwd: 64.535 | Opt: 0.713 | GPU_Tot: 199.655
[Autotune] {"version": 2, "step": 780, "wall_seconds": 174.5696159522049, "seed_nodes": 3133545, "loss": 0.6385945796966552, "all_losses_finite": true, "optimizer_steps": 779, "skipped_optimizer_steps": 1, "loss_scale": 16384.0}
[Step=0790] Wall=177.4347s | Loss=0.6556
[Profile] Avg ms/step | Load: 99.119 (Prep: 17.755, Struc: 1.260, Fetch: 80.103) | Fwd: 52.923 | Bwd: 64.471 | Opt: 0.713 | GPU_Tot: 199.469
[Autotune] {"version": 2, "step": 790, "wall_seconds": 177.43466588202864, "seed_nodes": 3170416, "loss": 0.6556448459625244, "all_losses_finite": true, "optimizer_steps": 789, "skipped_optimizer_steps": 1, "loss_scale": 16384.0}
[Step=0800] Wall=179.4567s | Loss=0.6580
[Profile] Avg ms/step | Load: 98.885 (Prep: 17.522, Struc: 1.261, Fetch: 80.102) | Fwd: 52.937 | Bwd: 64.490 | Opt: 0.712 | GPU_Tot: 199.502
[Autotune] {"version": 2, "step": 800, "wall_seconds": 179.45674314606003, "seed_nodes": 3211376, "loss": 0.6580213069915771, "all_losses_finite": true, "optimizer_steps": 799, "skipped_optimizer_steps": 1, "loss_scale": 16384.0}
[Step=0810] Wall=181.4897s | Loss=0.6370
[Profile] Avg ms/step | Load: 98.664 (Prep: 17.295, Struc: 1.261, Fetch: 80.108) | Fwd: 52.952 | Bwd: 64.515 | Opt: 0.712 | GPU_Tot: 199.549
[Autotune] {"version": 2, "step": 810, "wall_seconds": 181.48971808399074, "seed_nodes": 3252336, "loss": 0.637034559249878, "all_losses_finite": true, "optimizer_steps": 809, "skipped_optimizer_steps": 1, "loss_scale": 16384.0}
[Step=0820] Wall=183.5277s | Loss=0.6067
[Profile] Avg ms/step | Load: 98.455 (Prep: 17.074, Struc: 1.261, Fetch: 80.119) | Fwd: 52.967 | Bwd: 64.540 | Opt: 0.712 | GPU_Tot: 199.600
[Autotune] {"version": 2, "step": 820, "wall_seconds": 183.5276830671355, "seed_nodes": 3293296, "loss": 0.6067422389984131, "all_losses_finite": true, "optimizer_steps": 819, "skipped_optimizer_steps": 1, "loss_scale": 16384.0}
[Step=0830] Wall=185.5546s | Loss=0.5884
[Profile] Avg ms/step | Load: 98.239 (Prep: 16.859, Struc: 1.261, Fetch: 80.119) | Fwd: 52.982 | Bwd: 64.562 | Opt: 0.712 | GPU_Tot: 199.637
[Autotune] {"version": 2, "step": 830, "wall_seconds": 185.55457957601175, "seed_nodes": 3334256, "loss": 0.5884414672851562, "all_losses_finite": true, "optimizer_steps": 829, "skipped_optimizer_steps": 1, "loss_scale": 16384.0}
[Step=0840] Wall=188.2342s | Loss=0.6030
[Profile] Avg ms/step | Load: 99.000 (Prep: 17.609, Struc: 1.260, Fetch: 80.130) | Fwd: 52.928 | Bwd: 64.496 | Opt: 0.713 | GPU_Tot: 199.528
[Autotune] {"version": 2, "step": 840, "wall_seconds": 188.23424564208835, "seed_nodes": 3371127, "loss": 0.603003740310669, "all_losses_finite": true, "optimizer_steps": 839, "skipped_optimizer_steps": 1, "loss_scale": 16384.0}
[Step=0850] Wall=190.2541s | Loss=0.6353
[Profile] Avg ms/step | Load: 98.777 (Prep: 17.392, Struc: 1.261, Fetch: 80.125) | Fwd: 52.942 | Bwd: 64.515 | Opt: 0.713 | GPU_Tot: 199.555
[Autotune] {"version": 2, "step": 850, "wall_seconds": 190.2541003630031, "seed_nodes": 3412087, "loss": 0.6352707386016846, "all_losses_finite": true, "optimizer_steps": 849, "skipped_optimizer_steps": 1, "loss_scale": 16384.0}
[Step=0860] Wall=192.2766s | Loss=0.5952
[Profile] Avg ms/step | Load: 98.562 (Prep: 17.181, Struc: 1.261, Fetch: 80.121) | Fwd: 52.957 | Bwd: 64.535 | Opt: 0.713 | GPU_Tot: 199.585
[Autotune] {"version": 2, "step": 860, "wall_seconds": 192.27659070910886, "seed_nodes": 3453047, "loss": 0.595182228088379, "all_losses_finite": true, "optimizer_steps": 859, "skipped_optimizer_steps": 1, "loss_scale": 16384.0}
[Step=0870] Wall=194.2949s | Loss=0.5949
[Profile] Avg ms/step | Load: 98.350 (Prep: 16.974, Struc: 1.261, Fetch: 80.115) | Fwd: 52.969 | Bwd: 64.552 | Opt: 0.712 | GPU_Tot: 199.610
[Autotune] {"version": 2, "step": 870, "wall_seconds": 194.29487015400082, "seed_nodes": 3494007, "loss": 0.5948922634124756, "all_losses_finite": true, "optimizer_steps": 869, "skipped_optimizer_steps": 1, "loss_scale": 16384.0}
[Step=0880] Wall=196.3371s | Loss=0.5707
[Profile] Avg ms/step | Load: 98.164 (Prep: 16.773, Struc: 1.261, Fetch: 80.130) | Fwd: 52.983 | Bwd: 64.576 | Opt: 0.712 | GPU_Tot: 199.662
[Autotune] {"version": 2, "step": 880, "wall_seconds": 196.33707932406105, "seed_nodes": 3534967, "loss": 0.5707185745239258, "all_losses_finite": true, "optimizer_steps": 879, "skipped_optimizer_steps": 1, "loss_scale": 16384.0}
[Step=0890] Wall=199.0779s | Loss=0.6381
[Profile] Avg ms/step | Load: 98.944 (Prep: 17.522, Struc: 1.260, Fetch: 80.161) | Fwd: 52.935 | Bwd: 64.519 | Opt: 0.713 | GPU_Tot: 199.588
[Autotune] {"version": 2, "step": 890, "wall_seconds": 199.07788216718473, "seed_nodes": 3571838, "loss": 0.6381217956542968, "all_losses_finite": true, "optimizer_steps": 889, "skipped_optimizer_steps": 1, "loss_scale": 16384.0}
[Step=0900] Wall=201.1087s | Loss=0.6391
[Profile] Avg ms/step | Load: 98.743 (Prep: 17.319, Struc: 1.261, Fetch: 80.163) | Fwd: 52.949 | Bwd: 64.541 | Opt: 0.713 | GPU_Tot: 199.626
[Autotune] {"version": 2, "step": 900, "wall_seconds": 201.10867431410588, "seed_nodes": 3612798, "loss": 0.6390864372253418, "all_losses_finite": true, "optimizer_steps": 899, "skipped_optimizer_steps": 1, "loss_scale": 16384.0}
[Step=0910] Wall=203.1382s | Loss=0.6010
[Profile] Avg ms/step | Load: 98.549 (Prep: 17.121, Struc: 1.261, Fetch: 80.167) | Fwd: 52.962 | Bwd: 64.560 | Opt: 0.712 | GPU_Tot: 199.662
[Autotune] {"version": 2, "step": 910, "wall_seconds": 203.13822278915904, "seed_nodes": 3653758, "loss": 0.6009694099426269, "all_losses_finite": true, "optimizer_steps": 909, "skipped_optimizer_steps": 1, "loss_scale": 16384.0}
[Step=0920] Wall=205.1664s | Loss=0.5902
[Profile] Avg ms/step | Load: 98.357 (Prep: 16.927, Struc: 1.261, Fetch: 80.169) | Fwd: 52.975 | Bwd: 64.578 | Opt: 0.712 | GPU_Tot: 199.695
[Autotune] {"version": 2, "step": 920, "wall_seconds": 205.16636721603572, "seed_nodes": 3694718, "loss": 0.5901533126831054, "all_losses_finite": true, "optimizer_steps": 919, "skipped_optimizer_steps": 1, "loss_scale": 16384.0}
[Step=0930] Wall=207.1965s | Loss=0.5752
[Profile] Avg ms/step | Load: 98.172 (Prep: 16.737, Struc: 1.261, Fetch: 80.173) | Fwd: 52.987 | Bwd: 64.597 | Opt: 0.712 | GPU_Tot: 199.730
[Autotune] {"version": 2, "step": 930, "wall_seconds": 207.19651940301992, "seed_nodes": 3735678, "loss": 0.5752372741699219, "all_losses_finite": true, "optimizer_steps": 929, "skipped_optimizer_steps": 1, "loss_scale": 16384.0}
[Step=0940] Wall=209.8192s | Loss=0.7542
[Profile] Avg ms/step | Load: 98.780 (Prep: 17.312, Struc: 1.260, Fetch: 80.208) | Fwd: 52.940 | Bwd: 64.543 | Opt: 0.712 | GPU_Tot: 199.662
[Autotune] {"version": 2, "step": 940, "wall_seconds": 209.81922234711237, "seed_nodes": 3772549, "loss": 0.7541504859924316, "all_losses_finite": true, "optimizer_steps": 939, "skipped_optimizer_steps": 1, "loss_scale": 16384.0}
[Step=0950] Wall=211.8624s | Loss=0.7007
[Profile] Avg ms/step | Load: 98.605 (Prep: 17.122, Struc: 1.261, Fetch: 80.222) | Fwd: 52.952 | Bwd: 64.564 | Opt: 0.712 | GPU_Tot: 199.711
[Autotune] {"version": 2, "step": 950, "wall_seconds": 211.86235275608487, "seed_nodes": 3813509, "loss": 0.7006611824035645, "all_losses_finite": true, "optimizer_steps": 949, "skipped_optimizer_steps": 1, "loss_scale": 16384.0}
[Step=0960] Wall=213.8977s | Loss=0.6358
[Profile] Avg ms/step | Load: 98.427 (Prep: 16.937, Struc: 1.261, Fetch: 80.229) | Fwd: 52.965 | Bwd: 64.583 | Opt: 0.712 | GPU_Tot: 199.750
[Autotune] {"version": 2, "step": 960, "wall_seconds": 213.89769563497975, "seed_nodes": 3854469, "loss": 0.6357654094696045, "all_losses_finite": true, "optimizer_steps": 959, "skipped_optimizer_steps": 1, "loss_scale": 16384.0}
[Step=0970] Wall=215.9321s | Loss=0.6100
[Profile] Avg ms/step | Load: 98.246 (Prep: 16.755, Struc: 1.261, Fetch: 80.230) | Fwd: 52.978 | Bwd: 64.606 | Opt: 0.712 | GPU_Tot: 199.787
[Autotune] {"version": 2, "step": 970, "wall_seconds": 215.93209532205947, "seed_nodes": 3895429, "loss": 0.6100205421447754, "all_losses_finite": true, "optimizer_steps": 969, "skipped_optimizer_steps": 1, "loss_scale": 16384.0}
[Step=0980] Wall=217.7613s | Loss=0.6097
[Profile] Avg ms/step | Load: 97.985 (Prep: 16.578, Struc: 1.260, Fetch: 80.148) | Fwd: 52.934 | Bwd: 64.551 | Opt: 0.712 | GPU_Tot: 199.605
[Autotune] {"version": 2, "step": 980, "wall_seconds": 217.761287586065, "seed_nodes": 3932300, "loss": 0.6097358703613281, "all_losses_finite": true, "optimizer_steps": 979, "skipped_optimizer_steps": 1, "loss_scale": 16384.0}
[Step=0990] Wall=220.8131s | Loss=0.7584
[Profile] Avg ms/step | Load: 98.890 (Prep: 17.445, Struc: 1.260, Fetch: 80.185) | Fwd: 52.946 | Bwd: 64.570 | Opt: 0.712 | GPU_Tot: 199.673
[Autotune] {"version": 2, "step": 990, "wall_seconds": 220.81307242019102, "seed_nodes": 3973260, "loss": 0.7584371566772461, "all_losses_finite": true, "optimizer_steps": 989, "skipped_optimizer_steps": 1, "loss_scale": 16384.0}
[Step=1000] Wall=222.8507s | Loss=0.6940
[Profile] Avg ms/step | Load: 98.719 (Prep: 17.264, Struc: 1.260, Fetch: 80.194) | Fwd: 52.958 | Bwd: 64.588 | Opt: 0.712 | GPU_Tot: 199.713
[Autotune] {"version": 2, "step": 1000, "wall_seconds": 222.85068298107944, "seed_nodes": 4014220, "loss": 0.6940317630767823, "all_losses_finite": true, "optimizer_steps": 999, "skipped_optimizer_steps": 1, "loss_scale": 16384.0}
[Step=1010] Wall=224.8797s | Loss=0.6433
[Profile] Avg ms/step | Load: 98.548 (Prep: 17.087, Struc: 1.261, Fetch: 80.201) | Fwd: 52.968 | Bwd: 64.602 | Opt: 0.712 | GPU_Tot: 199.743
[Autotune] {"version": 2, "step": 1010, "wall_seconds": 224.879711558111, "seed_nodes": 4055180, "loss": 0.6433214664459228, "all_losses_finite": true, "optimizer_steps": 1009, "skipped_optimizer_steps": 1, "loss_scale": 16384.0}
[Step=1020] Wall=226.9115s | Loss=0.6197
[Profile] Avg ms/step | Load: 98.381 (Prep: 16.913, Struc: 1.261, Fetch: 80.207) | Fwd: 52.978 | Bwd: 64.618 | Opt: 0.712 | GPU_Tot: 199.776
[Autotune] {"version": 2, "step": 1020, "wall_seconds": 226.91150493803434, "seed_nodes": 4096140, "loss": 0.6197272300720215, "all_losses_finite": true, "optimizer_steps": 1019, "skipped_optimizer_steps": 1, "loss_scale": 16384.0}
[Step=1030] Wall=229.7304s | Loss=0.6036
[Profile] Avg ms/step | Load: 99.126 (Prep: 17.717, Struc: 1.260, Fetch: 80.149) | Fwd: 52.937 | Bwd: 64.571 | Opt: 0.712 | GPU_Tot: 199.628
[Autotune] {"version": 2, "step": 1030, "wall_seconds": 229.73041955800727, "seed_nodes": 4133011, "loss": 0.6036128997802734, "all_losses_finite": true, "optimizer_steps": 1029, "skipped_optimizer_steps": 1, "loss_scale": 16384.0}
[Step=1040] Wall=231.8065s | Loss=0.7544
[Profile] Avg ms/step | Load: 98.996 (Prep: 17.541, Struc: 1.260, Fetch: 80.195) | Fwd: 52.949 | Bwd: 64.590 | Opt: 0.712 | GPU_Tot: 199.706
[Autotune] {"version": 2, "step": 1040, "wall_seconds": 231.80649846117012, "seed_nodes": 4173971, "loss": 0.7543514728546142, "all_losses_finite": true, "optimizer_steps": 1039, "skipped_optimizer_steps": 1, "loss_scale": 16384.0}
[Step=1050] Wall=233.8491s | Loss=0.6449
[Profile] Avg ms/step | Load: 98.836 (Prep: 17.368, Struc: 1.260, Fetch: 80.209) | Fwd: 52.961 | Bwd: 64.608 | Opt: 0.712 | GPU_Tot: 199.749
[Autotune] {"version": 2, "step": 1050, "wall_seconds": 233.8491474702023, "seed_nodes": 4214931, "loss": 0.644864559173584, "all_losses_finite": true, "optimizer_steps": 1049, "skipped_optimizer_steps": 1, "loss_scale": 16384.0}
[Step=1060] Wall=235.8826s | Loss=0.6196
[Profile] Avg ms/step | Load: 98.681 (Prep: 17.198, Struc: 1.260, Fetch: 80.222) | Fwd: 52.970 | Bwd: 64.618 | Opt: 0.712 | GPU_Tot: 199.782
[Autotune] {"version": 2, "step": 1060, "wall_seconds": 235.8826114682015, "seed_nodes": 4255891, "loss": 0.6195758819580078, "all_losses_finite": true, "optimizer_steps": 1059, "skipped_optimizer_steps": 1, "loss_scale": 16384.0}
[Step=1070] Wall=237.9191s | Loss=0.5965
[Profile] Avg ms/step | Load: 98.522 (Prep: 17.031, Struc: 1.261, Fetch: 80.230) | Fwd: 52.980 | Bwd: 64.635 | Opt: 0.712 | GPU_Tot: 199.817
[Autotune] {"version": 2, "step": 1070, "wall_seconds": 237.91911764605902, "seed_nodes": 4296851, "loss": 0.5965348720550537, "all_losses_finite": true, "optimizer_steps": 1069, "skipped_optimizer_steps": 1, "loss_scale": 16384.0}
[Step=1080] Wall=240.7936s | Loss=0.5559
[Profile] Avg ms/step | Load: 99.282 (Prep: 17.835, Struc: 1.260, Fetch: 80.187) | Fwd: 52.942 | Bwd: 64.590 | Opt: 0.712 | GPU_Tot: 199.691
[Autotune] {"version": 2, "step": 1080, "wall_seconds": 240.79364300100133, "seed_nodes": 4333722, "loss": 0.5558983325958252, "all_losses_finite": true, "optimizer_steps": 1079, "skipped_optimizer_steps": 1, "loss_scale": 16384.0}
[Step=1090] Wall=242.8222s | Loss=0.6118
[Profile] Avg ms/step | Load: 99.117 (Prep: 17.665, Struc: 1.260, Fetch: 80.192) | Fwd: 52.952 | Bwd: 64.604 | Opt: 0.712 | GPU_Tot: 199.719
[Autotune] {"version": 2, "step": 1090, "wall_seconds": 242.82217066013254, "seed_nodes": 4374682, "loss": 0.6117535591125488, "all_losses_finite": true, "optimizer_steps": 1089, "skipped_optimizer_steps": 1, "loss_scale": 16384.0}
[Step=1100] Wall=244.8422s | Loss=0.5876
[Profile] Avg ms/step | Load: 98.946 (Prep: 17.499, Struc: 1.260, Fetch: 80.186) | Fwd: 52.962 | Bwd: 64.618 | Opt: 0.711 | GPU_Tot: 199.739
[Autotune] {"version": 2, "step": 1100, "wall_seconds": 244.84217389998958, "seed_nodes": 4415642, "loss": 0.587613296508789, "all_losses_finite": true, "optimizer_steps": 1099, "skipped_optimizer_steps": 1, "loss_scale": 16384.0}
[Step=1110] Wall=246.8620s | Loss=0.5729
[Profile] Avg ms/step | Load: 98.777 (Prep: 17.336, Struc: 1.260, Fetch: 80.180) | Fwd: 52.973 | Bwd: 64.633 | Opt: 0.711 | GPU_Tot: 199.757
[Autotune] {"version": 2, "step": 1110, "wall_seconds": 246.86199521506205, "seed_nodes": 4456602, "loss": 0.572869873046875, "all_losses_finite": true, "optimizer_steps": 1109, "skipped_optimizer_steps": 1, "loss_scale": 16384.0}
[Step=1120] Wall=248.8801s | Loss=0.5781
[Profile] Avg ms/step | Load: 98.611 (Prep: 17.176, Struc: 1.261, Fetch: 80.174) | Fwd: 52.983 | Bwd: 64.645 | Opt: 0.711 | GPU_Tot: 199.774
[Autotune] {"version": 2, "step": 1120, "wall_seconds": 248.88007504702546, "seed_nodes": 4497562, "loss": 0.5780582427978516, "all_losses_finite": true, "optimizer_steps": 1119, "skipped_optimizer_steps": 1, "loss_scale": 16384.0}
[Step=1130] Wall=251.7468s | Loss=0.5620
[Profile] Avg ms/step | Load: 99.325 (Prep: 17.936, Struc: 1.260, Fetch: 80.130) | Fwd: 52.946 | Bwd: 64.605 | Opt: 0.711 | GPU_Tot: 199.653
[Autotune] {"version": 2, "step": 1130, "wall_seconds": 251.74683361500502, "seed_nodes": 4534433, "loss": 0.5619801998138427, "all_losses_finite": true, "optimizer_steps": 1129, "skipped_optimizer_steps": 1, "loss_scale": 16384.0}
[Step=1140] Wall=253.7743s | Loss=0.6288
[Profile] Avg ms/step | Load: 99.164 (Prep: 17.773, Struc: 1.260, Fetch: 80.131) | Fwd: 52.957 | Bwd: 64.620 | Opt: 0.711 | GPU_Tot: 199.679
[Autotune] {"version": 2, "step": 1140, "wall_seconds": 253.77426145714708, "seed_nodes": 4575393, "loss": 0.6288428783416748, "all_losses_finite": true, "optimizer_steps": 1139, "skipped_optimizer_steps": 1, "loss_scale": 16384.0}
[Step=1150] Wall=255.8178s | Loss=0.5928
[Profile] Avg ms/step | Load: 99.021 (Prep: 17.614, Struc: 1.260, Fetch: 80.148) | Fwd: 52.966 | Bwd: 64.634 | Opt: 0.711 | GPU_Tot: 199.719
[Autotune] {"version": 2, "step": 1150, "wall_seconds": 255.81781497201882, "seed_nodes": 4616353, "loss": 0.5927798271179199, "all_losses_finite": true, "optimizer_steps": 1149, "skipped_optimizer_steps": 1, "loss_scale": 16384.0}
[Step=1160] Wall=257.8557s | Loss=0.5893
[Profile] Avg ms/step | Load: 98.872 (Prep: 17.457, Struc: 1.260, Fetch: 80.154) | Fwd: 52.977 | Bwd: 64.650 | Opt: 0.711 | GPU_Tot: 199.753
[Autotune] {"version": 2, "step": 1160, "wall_seconds": 257.85570079809986, "seed_nodes": 4657313, "loss": 0.589277982711792, "all_losses_finite": true, "optimizer_steps": 1159, "skipped_optimizer_steps": 1, "loss_scale": 16384.0}
[Step=1170] Wall=259.8878s | Loss=0.5633
[Profile] Avg ms/step | Load: 98.723 (Prep: 17.303, Struc: 1.261, Fetch: 80.159) | Fwd: 52.987 | Bwd: 64.664 | Opt: 0.711 | GPU_Tot: 199.782
[Autotune] {"version": 2, "step": 1170, "wall_seconds": 259.8878029070329, "seed_nodes": 4698273, "loss": 0.5633032321929932, "all_losses_finite": true, "optimizer_steps": 1169, "skipped_optimizer_steps": 1, "loss_scale": 16384.0}
[Step=1180] Wall=262.7424s | Loss=0.5641
[Profile] Avg ms/step | Load: 99.400 (Prep: 18.025, Struc: 1.260, Fetch: 80.115) | Fwd: 52.951 | Bwd: 64.621 | Opt: 0.711 | GPU_Tot: 199.658
[Autotune] {"version": 2, "step": 1180, "wall_seconds": 262.74242269503884, "seed_nodes": 4735144, "loss": 0.5640570163726807, "all_losses_finite": true, "optimizer_steps": 1179, "skipped_optimizer_steps": 1, "loss_scale": 16384.0}
[Step=1190] Wall=264.7803s | Loss=0.6493
[Profile] Avg ms/step | Load: 99.258 (Prep: 17.869, Struc: 1.260, Fetch: 80.129) | Fwd: 52.960 | Bwd: 64.632 | Opt: 0.711 | GPU_Tot: 199.692
[Autotune] {"version": 2, "step": 1190, "wall_seconds": 264.7803263179958, "seed_nodes": 4776104, "loss": 0.6493284225463867, "all_losses_finite": true, "optimizer_steps": 1189, "skipped_optimizer_steps": 1, "loss_scale": 16384.0}
[Step=1200] Wall=266.8130s | Loss=0.6085
[Profile] Avg ms/step | Load: 99.107 (Prep: 17.715, Struc: 1.260, Fetch: 80.131) | Fwd: 52.970 | Bwd: 64.648 | Opt: 0.711 | GPU_Tot: 199.721
[Autotune] {"version": 2, "step": 1200, "wall_seconds": 266.813041534042, "seed_nodes": 4817064, "loss": 0.6085385799407959, "all_losses_finite": true, "optimizer_steps": 1199, "skipped_optimizer_steps": 1, "loss_scale": 16384.0}
[Step=1210] Wall=268.8374s | Loss=0.5678
[Profile] Avg ms/step | Load: 98.957 (Prep: 17.564, Struc: 1.260, Fetch: 80.133) | Fwd: 52.979 | Bwd: 64.659 | Opt: 0.711 | GPU_Tot: 199.742
[Autotune] {"version": 2, "step": 1210, "wall_seconds": 268.83741445001215, "seed_nodes": 4858024, "loss": 0.5677642822265625, "all_losses_finite": true, "optimizer_steps": 1209, "skipped_optimizer_steps": 1, "loss_scale": 16384.0}
[Step=1220] Wall=270.8712s | Loss=0.5723
[Profile] Avg ms/step | Load: 98.812 (Prep: 17.416, Struc: 1.260, Fetch: 80.136) | Fwd: 52.989 | Bwd: 64.675 | Opt: 0.711 | GPU_Tot: 199.771
[Autotune] {"version": 2, "step": 1220, "wall_seconds": 270.8711909512058, "seed_nodes": 4898984, "loss": 0.5722782611846924, "all_losses_finite": true, "optimizer_steps": 1219, "skipped_optimizer_steps": 1, "loss_scale": 16384.0}
[Step=1230] Wall=273.7193s | Loss=0.6694
[Profile] Avg ms/step | Load: 99.458 (Prep: 18.097, Struc: 1.260, Fetch: 80.101) | Fwd: 52.953 | Bwd: 64.632 | Opt: 0.711 | GPU_Tot: 199.656
[Autotune] {"version": 2, "step": 1230, "wall_seconds": 273.71930197416805, "seed_nodes": 4935855, "loss": 0.669417428970337, "all_losses_finite": true, "optimizer_steps": 1229, "skipped_optimizer_steps": 1, "loss_scale": 16384.0}
[Step=1240] Wall=275.7517s | Loss=0.6689
[Profile] Avg ms/step | Load: 99.311 (Prep: 17.947, Struc: 1.260, Fetch: 80.105) | Fwd: 52.963 | Bwd: 64.646 | Opt: 0.711 | GPU_Tot: 199.684
[Autotune] {"version": 2, "step": 1240, "wall_seconds": 275.75167188816704, "seed_nodes": 4976815, "loss": 0.6688663005828858, "all_losses_finite": true, "optimizer_steps": 1239, "skipped_optimizer_steps": 1, "loss_scale": 16384.0}
[Step=1250] Wall=277.7778s | Loss=0.6411
[Profile] Avg ms/step | Load: 99.168 (Prep: 17.799, Struc: 1.260, Fetch: 80.109) | Fwd: 52.971 | Bwd: 64.656 | Opt: 0.711 | GPU_Tot: 199.706
[Autotune] {"version": 2, "step": 1250, "wall_seconds": 277.77783657517284, "seed_nodes": 5017775, "loss": 0.6411198616027832, "all_losses_finite": true, "optimizer_steps": 1249, "skipped_optimizer_steps": 1, "loss_scale": 16384.0}
[Step=1260] Wall=279.8082s | Loss=0.6242
[Profile] Avg ms/step | Load: 99.027 (Prep: 17.654, Struc: 1.260, Fetch: 80.113) | Fwd: 52.979 | Bwd: 64.669 | Opt: 0.710 | GPU_Tot: 199.732
[Autotune] {"version": 2, "step": 1260, "wall_seconds": 279.80821633618325, "seed_nodes": 5058735, "loss": 0.62418532371521, "all_losses_finite": true, "optimizer_steps": 1259, "skipped_optimizer_steps": 1, "loss_scale": 16384.0}
[Step=1270] Wall=281.8400s | Loss=0.5905
[Profile] Avg ms/step | Load: 98.888 (Prep: 17.510, Struc: 1.260, Fetch: 80.118) | Fwd: 52.988 | Bwd: 64.682 | Opt: 0.711 | GPU_Tot: 199.758
[Autotune] {"version": 2, "step": 1270, "wall_seconds": 281.8399618649855, "seed_nodes": 5099695, "loss": 0.5904972553253174, "all_losses_finite": true, "optimizer_steps": 1269, "skipped_optimizer_steps": 1, "loss_scale": 16384.0}
[Step=1280] Wall=284.6682s | Loss=0.6973
[Profile] Avg ms/step | Load: 99.485 (Prep: 18.126, Struc: 1.260, Fetch: 80.099) | Fwd: 52.955 | Bwd: 64.645 | Opt: 0.711 | GPU_Tot: 199.670
[Autotune] {"version": 2, "step": 1280, "wall_seconds": 284.66824930813164, "seed_nodes": 5136566, "loss": 0.6972808361053466, "all_losses_finite": true, "optimizer_steps": 1279, "skipped_optimizer_steps": 1, "loss_scale": 16384.0}
[Step=1290] Wall=286.7037s | Loss=0.6434
[Profile] Avg ms/step | Load: 99.350 (Prep: 17.981, Struc: 1.260, Fetch: 80.109) | Fwd: 52.964 | Bwd: 64.656 | Opt: 0.711 | GPU_Tot: 199.699
[Autotune] {"version": 2, "step": 1290, "wall_seconds": 286.70371789019555, "seed_nodes": 5177526, "loss": 0.6433693408966065, "all_losses_finite": true, "optimizer_steps": 1289, "skipped_optimizer_steps": 1, "loss_scale": 16384.0}
[Step=1300] Wall=288.7421s | Loss=0.6346
[Profile] Avg ms/step | Load: 99.217 (Prep: 17.839, Struc: 1.260, Fetch: 80.118) | Fwd: 52.973 | Bwd: 64.668 | Opt: 0.711 | GPU_Tot: 199.730
[Autotune] {"version": 2, "step": 1300, "wall_seconds": 288.74210999603383, "seed_nodes": 5218486, "loss": 0.6346180438995361, "all_losses_finite": true, "optimizer_steps": 1299, "skipped_optimizer_steps": 1, "loss_scale": 16384.0}
[Step=1310] Wall=290.7800s | Loss=0.6103
[Profile] Avg ms/step | Load: 99.087 (Prep: 17.699, Struc: 1.260, Fetch: 80.128) | Fwd: 52.981 | Bwd: 64.680 | Opt: 0.711 | GPU_Tot: 199.760
[Autotune] {"version": 2, "step": 1310, "wall_seconds": 290.78004108997993, "seed_nodes": 5259446, "loss": 0.6102890014648438, "all_losses_finite": true, "optimizer_steps": 1309, "skipped_optimizer_steps": 1, "loss_scale": 16384.0}
[Step=1320] Wall=292.8185s | Loss=0.6016
[Profile] Avg ms/step | Load: 98.959 (Prep: 17.561, Struc: 1.260, Fetch: 80.138) | Fwd: 52.989 | Bwd: 64.692 | Opt: 0.711 | GPU_Tot: 199.791
[Autotune] {"version": 2, "step": 1320, "wall_seconds": 292.8184998719953, "seed_nodes": 5300406, "loss": 0.6016225337982177, "all_losses_finite": true, "optimizer_steps": 1319, "skipped_optimizer_steps": 1, "loss_scale": 16384.0}
[Step=1330] Wall=295.6875s | Loss=0.5400
[Profile] Avg ms/step | Load: 99.563 (Prep: 18.198, Struc: 1.260, Fetch: 80.106) | Fwd: 52.958 | Bwd: 64.657 | Opt: 0.711 | GPU_Tot: 199.691
[Autotune] {"version": 2, "step": 1330, "wall_seconds": 295.6874738440383, "seed_nodes": 5337277, "loss": 0.5400258541107178, "all_losses_finite": true, "optimizer_steps": 1329, "skipped_optimizer_steps": 1, "loss_scale": 16384.0}
[Step=1340] Wall=297.7261s | Loss=0.6064
[Profile] Avg ms/step | Load: 99.434 (Prep: 18.058, Struc: 1.260, Fetch: 80.116) | Fwd: 52.966 | Bwd: 64.668 | Opt: 0.711 | GPU_Tot: 199.722
[Autotune] {"version": 2, "step": 1340, "wall_seconds": 297.7260785580147, "seed_nodes": 5378237, "loss": 0.606380033493042, "all_losses_finite": true, "optimizer_steps": 1339, "skipped_optimizer_steps": 1, "loss_scale": 16384.0}
[Step=1350] Wall=299.7736s | Loss=0.5931
[Profile] Avg ms/step | Load: 99.313 (Prep: 17.921, Struc: 1.260, Fetch: 80.133) | Fwd: 52.974 | Bwd: 64.680 | Opt: 0.711 | GPU_Tot: 199.758
[Autotune] {"version": 2, "step": 1350, "wall_seconds": 299.7736247139983, "seed_nodes": 5419197, "loss": 0.5930897712707519, "all_losses_finite": true, "optimizer_steps": 1349, "skipped_optimizer_steps": 1, "loss_scale": 16384.0}
[Step=1360] Wall=301.8140s | Loss=0.5736
[Profile] Avg ms/step | Load: 99.188 (Prep: 17.786, Struc: 1.260, Fetch: 80.142) | Fwd: 52.983 | Bwd: 64.692 | Opt: 0.711 | GPU_Tot: 199.789
[Autotune] {"version": 2, "step": 1360, "wall_seconds": 301.8139564071316, "seed_nodes": 5460157, "loss": 0.573587703704834, "all_losses_finite": true, "optimizer_steps": 1359, "skipped_optimizer_steps": 1, "loss_scale": 16384.0}
[Step=1370] Wall=303.8533s | Loss=0.5734
[Profile] Avg ms/step | Load: 99.063 (Prep: 17.652, Struc: 1.260, Fetch: 80.151) | Fwd: 52.992 | Bwd: 64.705 | Opt: 0.711 | GPU_Tot: 199.818
[Autotune] {"version": 2, "step": 1370, "wall_seconds": 303.8533092250582, "seed_nodes": 5501117, "loss": 0.5733807563781739, "all_losses_finite": true, "optimizer_steps": 1369, "skipped_optimizer_steps": 1, "loss_scale": 16384.0}
[Step=1380] Wall=306.6990s | Loss=0.6860
[Profile] Avg ms/step | Load: 99.634 (Prep: 18.263, Struc: 1.260, Fetch: 80.112) | Fwd: 52.960 | Bwd: 64.665 | Opt: 0.711 | GPU_Tot: 199.707
[Autotune] {"version": 2, "step": 1380, "wall_seconds": 306.6990298090968, "seed_nodes": 5537988, "loss": 0.6859803199768066, "all_losses_finite": true, "optimizer_steps": 1379, "skipped_optimizer_steps": 1, "loss_scale": 16384.0}
[Step=1390] Wall=308.7207s | Loss=0.6546
[Profile] Avg ms/step | Load: 99.497 (Prep: 18.128, Struc: 1.260, Fetch: 80.110) | Fwd: 52.968 | Bwd: 64.676 | Opt: 0.711 | GPU_Tot: 199.724
[Autotune] {"version": 2, "step": 1390, "wall_seconds": 308.7206914690323, "seed_nodes": 5578948, "loss": 0.654563045501709, "all_losses_finite": true, "optimizer_steps": 1389, "skipped_optimizer_steps": 1, "loss_scale": 16384.0}
[Step=1400] Wall=310.7447s | Loss=0.5996
[Profile] Avg ms/step | Load: 99.363 (Prep: 17.995, Struc: 1.260, Fetch: 80.108) | Fwd: 52.976 | Bwd: 64.687 | Opt: 0.711 | GPU_Tot: 199.742
[Autotune] {"version": 2, "step": 1400, "wall_seconds": 310.74466338101774, "seed_nodes": 5619908, "loss": 0.5996417999267578, "all_losses_finite": true, "optimizer_steps": 1399, "skipped_optimizer_steps": 1, "loss_scale": 16384.0}
[Step=1410] Wall=312.7657s | Loss=0.5871
[Profile] Avg ms/step | Load: 99.230 (Prep: 17.864, Struc: 1.260, Fetch: 80.107) | Fwd: 52.983 | Bwd: 64.697 | Opt: 0.711 | GPU_Tot: 199.757
[Autotune] {"version": 2, "step": 1410, "wall_seconds": 312.7656611171551, "seed_nodes": 5660868, "loss": 0.5871473789215088, "all_losses_finite": true, "optimizer_steps": 1409, "skipped_optimizer_steps": 1, "loss_scale": 16384.0}
[Step=1420] Wall=314.8029s | Loss=0.5785
[Profile] Avg ms/step | Load: 99.109 (Prep: 17.735, Struc: 1.260, Fetch: 80.114) | Fwd: 52.991 | Bwd: 64.708 | Opt: 0.711 | GPU_Tot: 199.784
[Autotune] {"version": 2, "step": 1420, "wall_seconds": 314.8028878441546, "seed_nodes": 5701828, "loss": 0.578468132019043, "all_losses_finite": true, "optimizer_steps": 1419, "skipped_optimizer_steps": 1, "loss_scale": 16384.0}
[Step=1430] Wall=317.5519s | Loss=0.5851
[Profile] Avg ms/step | Load: 99.584 (Prep: 18.188, Struc: 1.259, Fetch: 80.137) | Fwd: 52.961 | Bwd: 64.674 | Opt: 0.712 | GPU_Tot: 199.743
[Autotune] {"version": 2, "step": 1430, "wall_seconds": 317.55191585002467, "seed_nodes": 5738699, "loss": 0.5850808143615722, "all_losses_finite": true, "optimizer_steps": 1429, "skipped_optimizer_steps": 1, "loss_scale": 16384.0}
[Step=1440] Wall=319.5889s | Loss=0.5948
[Profile] Avg ms/step | Load: 99.463 (Prep: 18.058, Struc: 1.260, Fetch: 80.145) | Fwd: 52.969 | Bwd: 64.685 | Opt: 0.711 | GPU_Tot: 199.769
[Autotune] {"version": 2, "step": 1440, "wall_seconds": 319.588855026057, "seed_nodes": 5779659, "loss": 0.594788932800293, "all_losses_finite": true, "optimizer_steps": 1439, "skipped_optimizer_steps": 1, "loss_scale": 16384.0}
[Step=1450] Wall=321.6287s | Loss=0.5751
[Profile] Avg ms/step | Load: 99.343 (Prep: 17.931, Struc: 1.260, Fetch: 80.152) | Fwd: 52.977 | Bwd: 64.697 | Opt: 0.711 | GPU_Tot: 199.798
[Autotune] {"version": 2, "step": 1450, "wall_seconds": 321.6286992679816, "seed_nodes": 5820619, "loss": 0.5750874042510986, "all_losses_finite": true, "optimizer_steps": 1449, "skipped_optimizer_steps": 1, "loss_scale": 16384.0}
[Step=1460] Wall=323.6630s | Loss=0.5741
[Profile] Avg ms/step | Load: 99.224 (Prep: 17.805, Struc: 1.260, Fetch: 80.159) | Fwd: 52.984 | Bwd: 64.707 | Opt: 0.711 | GPU_Tot: 199.822
[Autotune] {"version": 2, "step": 1460, "wall_seconds": 323.66297423420474, "seed_nodes": 5861579, "loss": 0.5740825653076171, "all_losses_finite": true, "optimizer_steps": 1459, "skipped_optimizer_steps": 1, "loss_scale": 16384.0}
[Step=1470] Wall=325.5034s | Loss=0.5438
[Profile] Avg ms/step | Load: 99.051 (Prep: 17.681, Struc: 1.259, Fetch: 80.111) | Fwd: 52.955 | Bwd: 64.673 | Opt: 0.711 | GPU_Tot: 199.710
[Autotune] {"version": 2, "step": 1470, "wall_seconds": 325.50340345618315, "seed_nodes": 5898450, "loss": 0.5438080310821534, "all_losses_finite": true, "optimizer_steps": 1469, "skipped_optimizer_steps": 1, "loss_scale": 16384.0}
[Step=1480] Wall=328.5788s | Loss=0.8375
[Profile] Avg ms/step | Load: 99.656 (Prep: 18.258, Struc: 1.259, Fetch: 80.139) | Fwd: 52.963 | Bwd: 64.684 | Opt: 0.711 | GPU_Tot: 199.757
[Autotune] {"version": 2, "step": 1480, "wall_seconds": 328.5787883240264, "seed_nodes": 5939410, "loss": 0.837465476989746, "all_losses_finite": true, "optimizer_steps": 1479, "skipped_optimizer_steps": 1, "loss_scale": 16384.0}
[Step=1490] Wall=330.6202s | Loss=0.6917
[Profile] Avg ms/step | Load: 99.540 (Prep: 18.133, Struc: 1.260, Fetch: 80.148) | Fwd: 52.971 | Bwd: 64.696 | Opt: 0.711 | GPU_Tot: 199.786
[Autotune] {"version": 2, "step": 1490, "wall_seconds": 330.6201838350389, "seed_nodes": 5980370, "loss": 0.6917243003845215, "all_losses_finite": true, "optimizer_steps": 1489, "skipped_optimizer_steps": 1, "loss_scale": 16384.0}
[Step=1500] Wall=332.6589s | Loss=0.6267
[Profile] Avg ms/step | Load: 99.425 (Prep: 18.009, Struc: 1.260, Fetch: 80.157) | Fwd: 52.978 | Bwd: 64.706 | Opt: 0.711 | GPU_Tot: 199.812
[Autotune] {"version": 2, "step": 1500, "wall_seconds": 332.658873839071, "seed_nodes": 6021330, "loss": 0.6267209529876709, "all_losses_finite": true, "optimizer_steps": 1499, "skipped_optimizer_steps": 1, "loss_scale": 16384.0}
[Step=1510] Wall=334.7023s | Loss=0.6013
[Profile] Avg ms/step | Load: 99.314 (Prep: 17.887, Struc: 1.260, Fetch: 80.168) | Fwd: 52.986 | Bwd: 64.717 | Opt: 0.711 | GPU_Tot: 199.842
[Autotune] {"version": 2, "step": 1510, "wall_seconds": 334.7023305320181, "seed_nodes": 6062290, "loss": 0.6012540817260742, "all_losses_finite": true, "optimizer_steps": 1509, "skipped_optimizer_steps": 1, "loss_scale": 16384.0}
[Step=1520] Wall=337.4004s | Loss=0.5771
[Profile] Avg ms/step | Load: 99.728 (Prep: 18.297, Struc: 1.259, Fetch: 80.171) | Fwd: 52.958 | Bwd: 64.683 | Opt: 0.711 | GPU_Tot: 199.782
[Autotune] {"version": 2, "step": 1520, "wall_seconds": 337.4003513501957, "seed_nodes": 6099161, "loss": 0.5771132469177246, "all_losses_finite": true, "optimizer_steps": 1519, "skipped_optimizer_steps": 1, "loss_scale": 16384.0}
[Step=1530] Wall=339.4613s | Loss=0.6574
[Profile] Avg ms/step | Load: 99.628 (Prep: 18.175, Struc: 1.259, Fetch: 80.194) | Fwd: 52.965 | Bwd: 64.693 | Opt: 0.711 | GPU_Tot: 199.823
[Autotune] {"version": 2, "step": 1530, "wall_seconds": 339.4612993390765, "seed_nodes": 6140121, "loss": 0.657373571395874, "all_losses_finite": true, "optimizer_steps": 1529, "skipped_optimizer_steps": 1, "loss_scale": 16384.0}
[Step=1540] Wall=341.4952s | Loss=0.6100
[Profile] Avg ms/step | Load: 99.510 (Prep: 18.054, Struc: 1.260, Fetch: 80.196) | Fwd: 52.973 | Bwd: 64.705 | Opt: 0.711 | GPU_Tot: 199.845
[Autotune] {"version": 2, "step": 1540, "wall_seconds": 341.4951843181625, "seed_nodes": 6181081, "loss": 0.6099862575531005, "all_losses_finite": true, "optimizer_steps": 1539, "skipped_optimizer_steps": 1, "loss_scale": 16384.0}
[Step=1550] Wall=343.5229s | Loss=0.5997
[Profile] Avg ms/step | Load: 99.393 (Prep: 17.935, Struc: 1.260, Fetch: 80.199) | Fwd: 52.980 | Bwd: 64.714 | Opt: 0.711 | GPU_Tot: 199.863
[Autotune] {"version": 2, "step": 1550, "wall_seconds": 343.52294223802164, "seed_nodes": 6222041, "loss": 0.5996842861175538, "all_losses_finite": true, "optimizer_steps": 1549, "skipped_optimizer_steps": 1, "loss_scale": 16384.0}
[Step=1560] Wall=345.5525s | Loss=0.5648
[Profile] Avg ms/step | Load: 99.277 (Prep: 17.817, Struc: 1.260, Fetch: 80.200) | Fwd: 52.986 | Bwd: 64.724 | Opt: 0.711 | GPU_Tot: 199.882
[Autotune] {"version": 2, "step": 1560, "wall_seconds": 345.55246281507425, "seed_nodes": 6263001, "loss": 0.5648041248321534, "all_losses_finite": true, "optimizer_steps": 1559, "skipped_optimizer_steps": 1, "loss_scale": 16384.0}
[Step=1570] Wall=348.3835s | Loss=0.6268
[Profile] Avg ms/step | Load: 99.761 (Prep: 18.338, Struc: 1.259, Fetch: 80.163) | Fwd: 52.960 | Bwd: 64.693 | Opt: 0.711 | GPU_Tot: 199.786
[Autotune] {"version": 2, "step": 1570, "wall_seconds": 348.38346075010486, "seed_nodes": 6299872, "loss": 0.6267928123474121, "all_losses_finite": true, "optimizer_steps": 1569, "skipped_optimizer_steps": 1, "loss_scale": 16384.0}
[Step=1580] Wall=350.4203s | Loss=0.6252
[Profile] Avg ms/step | Load: 99.649 (Prep: 18.220, Struc: 1.259, Fetch: 80.170) | Fwd: 52.967 | Bwd: 64.702 | Opt: 0.711 | GPU_Tot: 199.810
[Autotune] {"version": 2, "step": 1580, "wall_seconds": 350.42031121999025, "seed_nodes": 6340832, "loss": 0.625190258026123, "all_losses_finite": true, "optimizer_steps": 1579, "skipped_optimizer_steps": 1, "loss_scale": 16384.0}
[Step=1590] Wall=352.4448s | Loss=0.5780
[Profile] Avg ms/step | Load: 99.531 (Prep: 18.102, Struc: 1.259, Fetch: 80.169) | Fwd: 52.975 | Bwd: 64.712 | Opt: 0.711 | GPU_Tot: 199.826
[Autotune] {"version": 2, "step": 1590, "wall_seconds": 352.4448056269903, "seed_nodes": 6381792, "loss": 0.5779556274414063, "all_losses_finite": true, "optimizer_steps": 1589, "skipped_optimizer_steps": 1, "loss_scale": 16384.0}
[Step=1600] Wall=354.4661s | Loss=0.5762
[Profile] Avg ms/step | Load: 99.415 (Prep: 17.987, Struc: 1.260, Fetch: 80.168) | Fwd: 52.981 | Bwd: 64.720 | Opt: 0.711 | GPU_Tot: 199.839
[Autotune] {"version": 2, "step": 1600, "wall_seconds": 354.46612892416306, "seed_nodes": 6422752, "loss": 0.5762037754058837, "all_losses_finite": true, "optimizer_steps": 1599, "skipped_optimizer_steps": 1, "loss_scale": 16384.0}
[Step=1610] Wall=356.4944s | Loss=0.5695
[Profile] Avg ms/step | Load: 99.301 (Prep: 17.873, Struc: 1.260, Fetch: 80.169) | Fwd: 52.987 | Bwd: 64.731 | Opt: 0.711 | GPU_Tot: 199.857
[Autotune] {"version": 2, "step": 1610, "wall_seconds": 356.49444159609266, "seed_nodes": 6463712, "loss": 0.5695322513580322, "all_losses_finite": true, "optimizer_steps": 1609, "skipped_optimizer_steps": 1, "loss_scale": 16384.0}
[Step=1620] Wall=359.3294s | Loss=0.6080
[Profile] Avg ms/step | Load: 99.771 (Prep: 18.376, Struc: 1.259, Fetch: 80.136) | Fwd: 52.961 | Bwd: 64.701 | Opt: 0.711 | GPU_Tot: 199.768
[Autotune] {"version": 2, "step": 1620, "wall_seconds": 359.32941424520686, "seed_nodes": 6500583, "loss": 0.6080073833465576, "all_losses_finite": true, "optimizer_steps": 1619, "skipped_optimizer_steps": 1, "loss_scale": 16384.0}
[Step=1630] Wall=361.3531s | Loss=0.6660
[Profile] Avg ms/step | Load: 99.656 (Prep: 18.261, Struc: 1.259, Fetch: 80.136) | Fwd: 52.968 | Bwd: 64.710 | Opt: 0.711 | GPU_Tot: 199.783
[Autotune] {"version": 2, "step": 1630, "wall_seconds": 361.3531471970491, "seed_nodes": 6541543, "loss": 0.6660120487213135, "all_losses_finite": true, "optimizer_steps": 1629, "skipped_optimizer_steps": 1, "loss_scale": 16384.0}
[Step=1640] Wall=363.3742s | Loss=0.6182
[Profile] Avg ms/step | Load: 99.541 (Prep: 18.147, Struc: 1.259, Fetch: 80.134) | Fwd: 52.974 | Bwd: 64.718 | Opt: 0.710 | GPU_Tot: 199.796
[Autotune] {"version": 2, "step": 1640, "wall_seconds": 363.37422073818743, "seed_nodes": 6582503, "loss": 0.6182451725006104, "all_losses_finite": true, "optimizer_steps": 1639, "skipped_optimizer_steps": 1, "loss_scale": 16384.0}
------------------------------------------------------------
Training Completed. Total Steps: 1640 (Active: 1600)
Avg Breakdown (ms): Load=99.541 [Prep:18.147, Struc:1.259, Fetch:80.134], Fwd=52.974, Bwd=64.718, Opt=0.710
------------------------------------------------------------
