$REPO_ROOT/.venv/lib/python3.11/site-packages/outdated/__init__.py:36: UserWarning: pkg_resources is deprecated as an API. See https://setuptools.pypa.io/en/latest/pkg_resources.html. The pkg_resources package is slated for removal as early as 2025-11-30. Refrain from using this package or pin to Setuptools<81.
  from pkg_resources import parse_version
[ddp] Single-process mode: device=cuda
[Info] Running in Single-Process mode (CPU or Single GPU).
[Info] Device: cuda
[GraphCache] Caching disabled (0 nodes).
[Step=0010] Wall=6.1972s | Loss=6.1087
[Profile] Avg ms/step | Load: 35.924 (Prep: 24.013, Struc: 0.379, Fetch: 11.532) | Fwd: 523.707 | Bwd: 45.120 | Opt: 12.579 | GPU_Tot: 593.317
[Autotune] {"version": 1, "step": 10, "wall_seconds": 6.197215049993247, "seed_nodes": 40960, "loss": 6.108679962158203, "all_losses_finite": true}
[Step=0020] Wall=6.4944s | Loss=3.2563
[Profile] Avg ms/step | Load: 23.316 (Prep: 12.029, Struc: 0.338, Fetch: 10.950) | Fwd: 266.152 | Bwd: 27.408 | Opt: 6.568 | GPU_Tot: 311.416
[Autotune] {"version": 1, "step": 20, "wall_seconds": 6.494387044003815, "seed_nodes": 81920, "loss": 3.2562889099121093, "all_losses_finite": true}
[Step=0030] Wall=6.8879s | Loss=2.6594
[Profile] Avg ms/step | Load: 22.573 (Prep: 10.877, Struc: 0.325, Fetch: 11.371) | Fwd: 180.185 | Bwd: 21.358 | Opt: 4.579 | GPU_Tot: 217.816
[Autotune] {"version": 1, "step": 30, "wall_seconds": 6.887925806004205, "seed_nodes": 119613, "loss": 2.6594144821166994, "all_losses_finite": true}
[Step=0040] Wall=7.1863s | Loss=2.2837
[Profile] Avg ms/step | Load: 0.000 (Prep: 0.000, Struc: 0.000, Fetch: 0.000) | Fwd: 0.000 | Bwd: 0.000 | Opt: 0.000 | GPU_Tot: 0.000
[Autotune] {"version": 1, "step": 40, "wall_seconds": 7.186332080003922, "seed_nodes": 160573, "loss": 2.283685302734375, "all_losses_finite": true}
[Step=0050] Wall=7.5762s | Loss=2.0061
[Profile] Avg ms/step | Load: 20.802 (Prep: 9.565, Struc: 0.314, Fetch: 10.922) | Fwd: 8.231 | Bwd: 9.227 | Opt: 0.569 | GPU_Tot: 29.263
[Autotune] {"version": 1, "step": 50, "wall_seconds": 7.576194141001906, "seed_nodes": 198266, "loss": 2.006082534790039, "all_losses_finite": true}
[Step=0060] Wall=7.8754s | Loss=1.8334
[Profile] Avg ms/step | Load: 15.807 (Prep: 4.803, Struc: 0.305, Fetch: 10.699) | Fwd: 8.442 | Bwd: 9.492 | Opt: 0.559 | GPU_Tot: 29.497
[Autotune] {"version": 1, "step": 60, "wall_seconds": 7.875411079003243, "seed_nodes": 239226, "loss": 1.833429718017578, "all_losses_finite": true}
[Step=0070] Wall=8.2753s | Loss=1.7143
[Profile] Avg ms/step | Load: 17.820 (Prep: 6.427, Struc: 0.299, Fetch: 11.095) | Fwd: 8.362 | Bwd: 9.402 | Opt: 0.560 | GPU_Tot: 29.718
[Autotune] {"version": 1, "step": 70, "wall_seconds": 8.275310819997685, "seed_nodes": 276919, "loss": 1.7143301010131835, "all_losses_finite": true}
[Step=0080] Wall=8.5873s | Loss=1.5972
[Profile] Avg ms/step | Load: 16.386 (Prep: 4.832, Struc: 0.298, Fetch: 11.255) | Fwd: 8.435 | Bwd: 9.490 | Opt: 0.559 | GPU_Tot: 30.037
[Autotune] {"version": 1, "step": 80, "wall_seconds": 8.58732379799767, "seed_nodes": 317879, "loss": 1.5972281455993653, "all_losses_finite": true}
[Step=0090] Wall=8.8858s | Loss=1.5186
[Profile] Avg ms/step | Load: 15.250 (Prep: 3.875, Struc: 0.298, Fetch: 11.078) | Fwd: 8.482 | Bwd: 9.545 | Opt: 0.558 | GPU_Tot: 29.961
[Autotune] {"version": 1, "step": 90, "wall_seconds": 8.885842053001397, "seed_nodes": 358839, "loss": 1.518560791015625, "all_losses_finite": true}
[Step=0100] Wall=9.3023s | Loss=1.4565
[Profile] Avg ms/step | Load: 16.623 (Prep: 5.066, Struc: 0.296, Fetch: 11.261) | Fwd: 8.436 | Bwd: 9.493 | Opt: 0.559 | GPU_Tot: 30.045
[Autotune] {"version": 1, "step": 100, "wall_seconds": 9.30227188099525, "seed_nodes": 396532, "loss": 1.456456470489502, "all_losses_finite": true}
[Step=0110] Wall=9.6012s | Loss=1.3806
[Profile] Avg ms/step | Load: 15.781 (Prep: 4.348, Struc: 0.296, Fetch: 11.136) | Fwd: 8.471 | Bwd: 9.533 | Opt: 0.559 | GPU_Tot: 29.995
[Autotune] {"version": 1, "step": 110, "wall_seconds": 9.601155026000924, "seed_nodes": 437492, "loss": 1.380592155456543, "all_losses_finite": true}
[Step=0120] Wall=9.9841s | Loss=1.3551
[Profile] Avg ms/step | Load: 16.312 (Prep: 4.706, Struc: 0.297, Fetch: 11.308) | Fwd: 8.441 | Bwd: 9.500 | Opt: 0.563 | GPU_Tot: 30.110
[Autotune] {"version": 1, "step": 120, "wall_seconds": 9.984098991000792, "seed_nodes": 475185, "loss": 1.3551106452941895, "all_losses_finite": true}
[Step=0130] Wall=10.2824s | Loss=1.3374
[Profile] Avg ms/step | Load: 15.694 (Prep: 4.188, Struc: 0.297, Fetch: 11.209) | Fwd: 8.464 | Bwd: 9.527 | Opt: 0.562 | GPU_Tot: 30.058
[Autotune] {"version": 1, "step": 130, "wall_seconds": 10.282437838992337, "seed_nodes": 516145, "loss": 1.3373714447021485, "all_losses_finite": true}
[Step=0140] Wall=10.6693s | Loss=1.2914
[Profile] Avg ms/step | Load: 16.168 (Prep: 4.682, Struc: 0.297, Fetch: 11.189) | Fwd: 8.442 | Bwd: 9.499 | Opt: 0.564 | GPU_Tot: 29.991
[Autotune] {"version": 1, "step": 140, "wall_seconds": 10.669266194003285, "seed_nodes": 553838, "loss": 1.291357421875, "all_losses_finite": true}
[Step=0150] Wall=10.9803s | Loss=1.2863
[Profile] Avg ms/step | Load: 15.788 (Prep: 4.261, Struc: 0.297, Fetch: 11.230) | Fwd: 8.461 | Bwd: 9.523 | Opt: 0.563 | GPU_Tot: 30.074
[Autotune] {"version": 1, "step": 150, "wall_seconds": 10.980273897992447, "seed_nodes": 594798, "loss": 1.2862974166870118, "all_losses_finite": true}
[Step=0160] Wall=11.2799s | Loss=1.2567
[Profile] Avg ms/step | Load: 15.378 (Prep: 3.909, Struc: 0.297, Fetch: 11.172) | Fwd: 8.477 | Bwd: 9.541 | Opt: 0.562 | GPU_Tot: 30.049
[Autotune] {"version": 1, "step": 160, "wall_seconds": 11.279919674998382, "seed_nodes": 635758, "loss": 1.256687831878662, "all_losses_finite": true}
[Step=0170] Wall=11.6780s | Loss=1.2353
[Profile] Avg ms/step | Load: 15.859 (Prep: 4.374, Struc: 0.297, Fetch: 11.188) | Fwd: 8.457 | Bwd: 9.519 | Opt: 0.562 | GPU_Tot: 30.022
[Autotune] {"version": 1, "step": 170, "wall_seconds": 11.678029522998258, "seed_nodes": 673451, "loss": 1.2353330612182618, "all_losses_finite": true}
[Step=0180] Wall=11.9773s | Loss=1.2425
[Profile] Avg ms/step | Load: 15.500 (Prep: 4.065, Struc: 0.297, Fetch: 11.138) | Fwd: 8.471 | Bwd: 9.535 | Opt: 0.561 | GPU_Tot: 30.002
[Autotune] {"version": 1, "step": 180, "wall_seconds": 11.9773417480028, "seed_nodes": 714411, "loss": 1.242481803894043, "all_losses_finite": true}
[Step=0190] Wall=12.3549s | Loss=1.2082
[Profile] Avg ms/step | Load: 15.769 (Prep: 4.281, Struc: 0.297, Fetch: 11.191) | Fwd: 8.456 | Bwd: 9.516 | Opt: 0.561 | GPU_Tot: 30.021
[Autotune] {"version": 1, "step": 190, "wall_seconds": 12.354917630000273, "seed_nodes": 752104, "loss": 1.2081564903259276, "all_losses_finite": true}
[Step=0200] Wall=12.6551s | Loss=1.2049
[Profile] Avg ms/step | Load: 15.467 (Prep: 4.016, Struc: 0.297, Fetch: 11.153) | Fwd: 8.468 | Bwd: 9.530 | Opt: 0.561 | GPU_Tot: 30.009
[Autotune] {"version": 1, "step": 200, "wall_seconds": 12.655116155001451, "seed_nodes": 793064, "loss": 1.2049209594726562, "all_losses_finite": true}
[Step=0210] Wall=13.0491s | Loss=1.2147
[Profile] Avg ms/step | Load: 15.805 (Prep: 4.319, Struc: 0.297, Fetch: 11.189) | Fwd: 8.454 | Bwd: 9.512 | Opt: 0.561 | GPU_Tot: 30.013
[Autotune] {"version": 1, "step": 210, "wall_seconds": 13.049142962001497, "seed_nodes": 830757, "loss": 1.2147314071655273, "all_losses_finite": true}
[Step=0220] Wall=13.3562s | Loss=1.1883
[Profile] Avg ms/step | Load: 15.572 (Prep: 4.082, Struc: 0.297, Fetch: 11.194) | Fwd: 8.465 | Bwd: 9.526 | Opt: 0.560 | GPU_Tot: 30.041
[Autotune] {"version": 1, "step": 220, "wall_seconds": 13.356217017993913, "seed_nodes": 871717, "loss": 1.188282585144043, "all_losses_finite": true}
[Step=0230] Wall=13.6409s | Loss=1.1672
[Profile] Avg ms/step | Load: 15.295 (Prep: 3.869, Struc: 0.296, Fetch: 11.130) | Fwd: 8.452 | Bwd: 9.510 | Opt: 0.560 | GPU_Tot: 29.947
[Autotune] {"version": 1, "step": 230, "wall_seconds": 13.640876135992585, "seed_nodes": 909410, "loss": 1.1672110557556152, "all_losses_finite": true}
[Step=0240] Wall=14.0565s | Loss=1.1633
[Profile] Avg ms/step | Load: 15.650 (Prep: 4.145, Struc: 0.296, Fetch: 11.209) | Fwd: 8.463 | Bwd: 9.523 | Opt: 0.560 | GPU_Tot: 30.052
[Autotune] {"version": 1, "step": 240, "wall_seconds": 14.056528282002546, "seed_nodes": 950370, "loss": 1.163345718383789, "all_losses_finite": true}
[Step=0250] Wall=14.3578s | Loss=1.1623
[Profile] Avg ms/step | Load: 15.429 (Prep: 3.949, Struc: 0.296, Fetch: 11.184) | Fwd: 8.472 | Bwd: 9.533 | Opt: 0.560 | GPU_Tot: 30.046
[Autotune] {"version": 1, "step": 250, "wall_seconds": 14.357789387999219, "seed_nodes": 991330, "loss": 1.1623424530029296, "all_losses_finite": true}
[Step=0260] Wall=14.7583s | Loss=1.1484
[Profile] Avg ms/step | Load: 15.722 (Prep: 4.187, Struc: 0.296, Fetch: 11.239) | Fwd: 8.461 | Bwd: 9.520 | Opt: 0.560 | GPU_Tot: 30.076
[Autotune] {"version": 1, "step": 260, "wall_seconds": 14.75826228200458, "seed_nodes": 1029023, "loss": 1.1484308242797852, "all_losses_finite": true}
[Step=0270] Wall=15.0663s | Loss=1.1382
[Profile] Avg ms/step | Load: 15.547 (Prep: 4.007, Struc: 0.296, Fetch: 11.244) | Fwd: 8.469 | Bwd: 9.530 | Opt: 0.560 | GPU_Tot: 30.099
[Autotune] {"version": 1, "step": 270, "wall_seconds": 15.066299736994551, "seed_nodes": 1069983, "loss": 1.1382287979125976, "all_losses_finite": true}
[Step=0280] Wall=15.4613s | Loss=1.1481
[Profile] Avg ms/step | Load: 15.787 (Prep: 4.194, Struc: 0.296, Fetch: 11.297) | Fwd: 8.459 | Bwd: 9.518 | Opt: 0.561 | GPU_Tot: 30.130
[Autotune] {"version": 1, "step": 280, "wall_seconds": 15.461326353994082, "seed_nodes": 1107676, "loss": 1.148123073577881, "all_losses_finite": true}
[Step=0290] Wall=15.7698s | Loss=1.1371
[Profile] Avg ms/step | Load: 15.627 (Prep: 4.028, Struc: 0.296, Fetch: 11.303) | Fwd: 8.466 | Bwd: 9.526 | Opt: 0.560 | GPU_Tot: 30.151
[Autotune] {"version": 1, "step": 290, "wall_seconds": 15.769831035999232, "seed_nodes": 1148636, "loss": 1.1371148109436036, "all_losses_finite": true}
[Step=0300] Wall=16.1208s | Loss=1.1236
[Profile] Avg ms/step | Load: 15.674 (Prep: 4.094, Struc: 0.296, Fetch: 11.284) | Fwd: 8.458 | Bwd: 9.517 | Opt: 0.560 | GPU_Tot: 30.115
[Autotune] {"version": 1, "step": 300, "wall_seconds": 16.120836856993265, "seed_nodes": 1186329, "loss": 1.123570442199707, "all_losses_finite": true}
[Step=0310] Wall=16.4501s | Loss=1.1165
[Profile] Avg ms/step | Load: 15.604 (Prep: 4.001, Struc: 0.296, Fetch: 11.307) | Fwd: 8.466 | Bwd: 9.525 | Opt: 0.560 | GPU_Tot: 30.155
[Autotune] {"version": 1, "step": 310, "wall_seconds": 16.450079732996528, "seed_nodes": 1227289, "loss": 1.1164658546447754, "all_losses_finite": true}
[Step=0320] Wall=16.7507s | Loss=1.1101
[Profile] Avg ms/step | Load: 15.439 (Prep: 3.860, Struc: 0.296, Fetch: 11.283) | Fwd: 8.473 | Bwd: 9.533 | Opt: 0.560 | GPU_Tot: 30.145
[Autotune] {"version": 1, "step": 320, "wall_seconds": 16.750728144004825, "seed_nodes": 1268249, "loss": 1.11005859375, "all_losses_finite": true}
[Step=0330] Wall=17.1751s | Loss=1.1001
[Profile] Avg ms/step | Load: 15.743 (Prep: 4.121, Struc: 0.296, Fetch: 11.327) | Fwd: 8.464 | Bwd: 9.523 | Opt: 0.560 | GPU_Tot: 30.169
[Autotune] {"version": 1, "step": 330, "wall_seconds": 17.17514058899542, "seed_nodes": 1305942, "loss": 1.1001298904418946, "all_losses_finite": true}
[Step=0340] Wall=17.4769s | Loss=1.1084
[Profile] Avg ms/step | Load: 15.587 (Prep: 3.985, Struc: 0.296, Fetch: 11.306) | Fwd: 8.471 | Bwd: 9.530 | Opt: 0.560 | GPU_Tot: 30.163
[Autotune] {"version": 1, "step": 340, "wall_seconds": 17.47689853599877, "seed_nodes": 1346902, "loss": 1.1084259033203125, "all_losses_finite": true}
[Step=0350] Wall=17.8968s | Loss=1.1037
[Profile] Avg ms/step | Load: 15.851 (Prep: 4.221, Struc: 0.296, Fetch: 11.334) | Fwd: 8.463 | Bwd: 9.521 | Opt: 0.560 | GPU_Tot: 30.174
[Autotune] {"version": 1, "step": 350, "wall_seconds": 17.89676465500088, "seed_nodes": 1384595, "loss": 1.1037124633789062, "all_losses_finite": true}
[Step=0360] Wall=18.1971s | Loss=1.1035
[Profile] Avg ms/step | Load: 15.698 (Prep: 4.090, Struc: 0.296, Fetch: 11.312) | Fwd: 8.469 | Bwd: 9.528 | Opt: 0.560 | GPU_Tot: 30.164
[Autotune] {"version": 1, "step": 360, "wall_seconds": 18.1971355650021, "seed_nodes": 1425555, "loss": 1.103515625, "all_losses_finite": true}
[Step=0370] Wall=18.5889s | Loss=1.0790
[Profile] Avg ms/step | Load: 15.858 (Prep: 4.264, Struc: 0.296, Fetch: 11.298) | Fwd: 8.462 | Bwd: 9.519 | Opt: 0.560 | GPU_Tot: 30.135
[Autotune] {"version": 1, "step": 370, "wall_seconds": 18.588886846991954, "seed_nodes": 1463248, "loss": 1.0790418624877929, "all_losses_finite": true}
[Step=0380] Wall=18.8962s | Loss=1.0872
[Profile] Avg ms/step | Load: 15.734 (Prep: 4.142, Struc: 0.296, Fetch: 11.296) | Fwd: 8.467 | Bwd: 9.526 | Opt: 0.560 | GPU_Tot: 30.145
[Autotune] {"version": 1, "step": 380, "wall_seconds": 18.896224804004305, "seed_nodes": 1504208, "loss": 1.0871719360351562, "all_losses_finite": true}
[Step=0390] Wall=19.2213s | Loss=1.0773
[Profile] Avg ms/step | Load: 15.666 (Prep: 4.024, Struc: 0.296, Fetch: 11.346) | Fwd: 8.473 | Bwd: 9.532 | Opt: 0.559 | GPU_Tot: 30.207
[Autotune] {"version": 1, "step": 390, "wall_seconds": 19.22127521499351, "seed_nodes": 1545168, "loss": 1.0773439407348633, "all_losses_finite": true}
[Step=0400] Wall=19.6436s | Loss=1.0750
[Profile] Avg ms/step | Load: 15.899 (Prep: 4.269, Struc: 0.296, Fetch: 11.334) | Fwd: 8.466 | Bwd: 9.525 | Opt: 0.559 | GPU_Tot: 30.180
[Autotune] {"version": 1, "step": 400, "wall_seconds": 19.643563909005024, "seed_nodes": 1582861, "loss": 1.075035858154297, "all_losses_finite": true}
[Step=0410] Wall=19.9442s | Loss=1.0766
[Profile] Avg ms/step | Load: 15.765 (Prep: 4.155, Struc: 0.296, Fetch: 11.315) | Fwd: 8.472 | Bwd: 9.531 | Opt: 0.559 | GPU_Tot: 30.172
[Autotune] {"version": 1, "step": 410, "wall_seconds": 19.94415440999728, "seed_nodes": 1623821, "loss": 1.0765626907348633, "all_losses_finite": true}
[Step=0420] Wall=20.3343s | Loss=1.0777
[Profile] Avg ms/step | Load: 15.898 (Prep: 4.263, Struc: 0.296, Fetch: 11.340) | Fwd: 8.465 | Bwd: 9.523 | Opt: 0.559 | GPU_Tot: 30.183
[Autotune] {"version": 1, "step": 420, "wall_seconds": 20.334290354992845, "seed_nodes": 1661514, "loss": 1.0776897430419923, "all_losses_finite": true}
[Step=0430] Wall=20.6590s | Loss=1.0632
[Profile] Avg ms/step | Load: 15.834 (Prep: 4.155, Struc: 0.296, Fetch: 11.383) | Fwd: 8.470 | Bwd: 9.528 | Opt: 0.559 | GPU_Tot: 30.236
[Autotune] {"version": 1, "step": 430, "wall_seconds": 20.658951500998228, "seed_nodes": 1702474, "loss": 1.0631531715393066, "all_losses_finite": true}
[Step=0440] Wall=21.0566s | Loss=1.0795
[Profile] Avg ms/step | Load: 15.975 (Prep: 4.295, Struc: 0.296, Fetch: 11.385) | Fwd: 8.465 | Bwd: 9.522 | Opt: 0.559 | GPU_Tot: 30.227
[Autotune] {"version": 1, "step": 440, "wall_seconds": 21.0565938380023, "seed_nodes": 1740167, "loss": 1.0795381546020508, "all_losses_finite": true}
[Step=0450] Wall=21.3622s | Loss=1.0652
[Profile] Avg ms/step | Load: 15.865 (Prep: 4.191, Struc: 0.296, Fetch: 11.379) | Fwd: 8.469 | Bwd: 9.528 | Opt: 0.559 | GPU_Tot: 30.230
[Autotune] {"version": 1, "step": 450, "wall_seconds": 21.36218752799323, "seed_nodes": 1781127, "loss": 1.0651643753051758, "all_losses_finite": true}
[Step=0460] Wall=21.6476s | Loss=1.0433
[Profile] Avg ms/step | Load: 15.734 (Prep: 4.092, Struc: 0.295, Fetch: 11.347) | Fwd: 8.463 | Bwd: 9.521 | Opt: 0.559 | GPU_Tot: 30.186
[Autotune] {"version": 1, "step": 460, "wall_seconds": 21.64762954399339, "seed_nodes": 1818820, "loss": 1.0432819366455077, "all_losses_finite": true}
[Step=0470] Wall=22.0521s | Loss=1.0566
[Profile] Avg ms/step | Load: 15.864 (Prep: 4.135, Struc: 0.296, Fetch: 11.433) | Fwd: 8.469 | Bwd: 9.526 | Opt: 0.559 | GPU_Tot: 30.283
[Autotune] {"version": 1, "step": 470, "wall_seconds": 22.052112638994004, "seed_nodes": 1859780, "loss": 1.0566073417663575, "all_losses_finite": true}
[Step=0480] Wall=22.3549s | Loss=1.0564
[Profile] Avg ms/step | Load: 15.757 (Prep: 4.042, Struc: 0.295, Fetch: 11.420) | Fwd: 8.473 | Bwd: 9.531 | Opt: 0.559 | GPU_Tot: 30.278
[Autotune] {"version": 1, "step": 480, "wall_seconds": 22.35490773100173, "seed_nodes": 1900740, "loss": 1.056393527984619, "all_losses_finite": true}
[Step=0490] Wall=22.7615s | Loss=1.0467
[Profile] Avg ms/step | Load: 15.906 (Prep: 4.185, Struc: 0.295, Fetch: 11.425) | Fwd: 8.468 | Bwd: 9.525 | Opt: 0.559 | GPU_Tot: 30.273
[Autotune] {"version": 1, "step": 490, "wall_seconds": 22.76145400799578, "seed_nodes": 1938433, "loss": 1.0466953277587892, "all_losses_finite": true}
[Step=0500] Wall=23.0661s | Loss=1.0482
[Profile] Avg ms/step | Load: 15.806 (Prep: 4.095, Struc: 0.295, Fetch: 11.415) | Fwd: 8.472 | Bwd: 9.530 | Opt: 0.559 | GPU_Tot: 30.272
[Autotune] {"version": 1, "step": 500, "wall_seconds": 23.066072856992832, "seed_nodes": 1979393, "loss": 1.04823579788208, "all_losses_finite": true}
[Step=0510] Wall=23.4908s | Loss=1.0256
[Profile] Avg ms/step | Load: 15.985 (Prep: 4.276, Struc: 0.295, Fetch: 11.414) | Fwd: 8.467 | Bwd: 9.524 | Opt: 0.559 | GPU_Tot: 30.260
[Autotune] {"version": 1, "step": 510, "wall_seconds": 23.490833235002356, "seed_nodes": 2017086, "loss": 1.025566291809082, "all_losses_finite": true}
[Step=0520] Wall=23.7948s | Loss=1.0501
[Profile] Avg ms/step | Load: 15.887 (Prep: 4.188, Struc: 0.295, Fetch: 11.404) | Fwd: 8.471 | Bwd: 9.529 | Opt: 0.559 | GPU_Tot: 30.259
[Autotune] {"version": 1, "step": 520, "wall_seconds": 23.794763240992324, "seed_nodes": 2058046, "loss": 1.0500732421875, "all_losses_finite": true}
[Step=0530] Wall=24.1504s | Loss=1.0469
[Profile] Avg ms/step | Load: 15.917 (Prep: 4.229, Struc: 0.295, Fetch: 11.392) | Fwd: 8.467 | Bwd: 9.523 | Opt: 0.559 | GPU_Tot: 30.237
[Autotune] {"version": 1, "step": 530, "wall_seconds": 24.15040832699742, "seed_nodes": 2095739, "loss": 1.046926498413086, "all_losses_finite": true}
[Step=0540] Wall=24.5063s | Loss=1.0351
[Profile] Avg ms/step | Load: 15.927 (Prep: 4.223, Struc: 0.295, Fetch: 11.409) | Fwd: 8.471 | Bwd: 9.528 | Opt: 0.559 | GPU_Tot: 30.262
[Autotune] {"version": 1, "step": 540, "wall_seconds": 24.506283577997237, "seed_nodes": 2136699, "loss": 1.0350797653198243, "all_losses_finite": true}
[Step=0550] Wall=24.8089s | Loss=1.0407
[Profile] Avg ms/step | Load: 15.833 (Prep: 4.141, Struc: 0.296, Fetch: 11.396) | Fwd: 8.475 | Bwd: 9.532 | Opt: 0.559 | GPU_Tot: 30.258
[Autotune] {"version": 1, "step": 550, "wall_seconds": 24.80891023899312, "seed_nodes": 2177659, "loss": 1.0406582832336426, "all_losses_finite": true}
[Step=0560] Wall=25.2049s | Loss=1.0426
[Profile] Avg ms/step | Load: 15.941 (Prep: 4.215, Struc: 0.295, Fetch: 11.431) | Fwd: 8.470 | Bwd: 9.526 | Opt: 0.560 | GPU_Tot: 30.282
[Autotune] {"version": 1, "step": 560, "wall_seconds": 25.20485338900471, "seed_nodes": 2215352, "loss": 1.0425508499145508, "all_losses_finite": true}
[Step=0570] Wall=25.5083s | Loss=1.0231
[Profile] Avg ms/step | Load: 15.852 (Prep: 4.136, Struc: 0.295, Fetch: 11.421) | Fwd: 8.473 | Bwd: 9.530 | Opt: 0.560 | GPU_Tot: 30.279
[Autotune] {"version": 1, "step": 570, "wall_seconds": 25.50828683299187, "seed_nodes": 2256312, "loss": 1.0230671882629394, "all_losses_finite": true}
[Step=0580] Wall=25.8749s | Loss=1.0264
[Profile] Avg ms/step | Load: 15.900 (Prep: 4.170, Struc: 0.295, Fetch: 11.435) | Fwd: 8.469 | Bwd: 9.525 | Opt: 0.560 | GPU_Tot: 30.284
[Autotune] {"version": 1, "step": 580, "wall_seconds": 25.874883753000177, "seed_nodes": 2294005, "loss": 1.0263934135437012, "all_losses_finite": true}
[Step=0590] Wall=26.1969s | Loss=1.0104
[Profile] Avg ms/step | Load: 15.849 (Prep: 4.095, Struc: 0.295, Fetch: 11.459) | Fwd: 8.472 | Bwd: 9.529 | Opt: 0.560 | GPU_Tot: 30.315
[Autotune] {"version": 1, "step": 590, "wall_seconds": 26.196873434993904, "seed_nodes": 2334965, "loss": 1.0103985786437988, "all_losses_finite": true}
[Step=0600] Wall=26.5727s | Loss=1.0164
[Profile] Avg ms/step | Load: 15.911 (Prep: 4.171, Struc: 0.295, Fetch: 11.444) | Fwd: 8.468 | Bwd: 9.525 | Opt: 0.560 | GPU_Tot: 30.293
[Autotune] {"version": 1, "step": 600, "wall_seconds": 26.572651091992157, "seed_nodes": 2372658, "loss": 1.016393280029297, "all_losses_finite": true}
[Step=0610] Wall=26.8912s | Loss=1.0247
[Profile] Avg ms/step | Load: 15.855 (Prep: 4.119, Struc: 0.296, Fetch: 11.441) | Fwd: 8.472 | Bwd: 9.529 | Opt: 0.560 | GPU_Tot: 30.297
[Autotune] {"version": 1, "step": 610, "wall_seconds": 26.891235420000157, "seed_nodes": 2413618, "loss": 1.0247211456298828, "all_losses_finite": true}
[Step=0620] Wall=27.1983s | Loss=1.0187
[Profile] Avg ms/step | Load: 15.781 (Prep: 4.049, Struc: 0.296, Fetch: 11.437) | Fwd: 8.475 | Bwd: 9.533 | Opt: 0.560 | GPU_Tot: 30.300
[Autotune] {"version": 1, "step": 620, "wall_seconds": 27.198268844003906, "seed_nodes": 2454578, "loss": 1.0187128067016602, "all_losses_finite": true}
[Step=0630] Wall=27.5820s | Loss=1.0248
[Profile] Avg ms/step | Load: 15.857 (Prep: 4.120, Struc: 0.295, Fetch: 11.441) | Fwd: 8.471 | Bwd: 9.527 | Opt: 0.560 | GPU_Tot: 30.294
[Autotune] {"version": 1, "step": 630, "wall_seconds": 27.58198858400283, "seed_nodes": 2492271, "loss": 1.0247565269470216, "all_losses_finite": true}
[Step=0640] Wall=27.8827s | Loss=1.0148
[Profile] Avg ms/step | Load: 15.775 (Prep: 4.052, Struc: 0.295, Fetch: 11.427) | Fwd: 8.474 | Bwd: 9.531 | Opt: 0.559 | GPU_Tot: 30.287
[Autotune] {"version": 1, "step": 640, "wall_seconds": 27.88271963200532, "seed_nodes": 2533231, "loss": 1.0147856712341308, "all_losses_finite": true}
[Step=0650] Wall=28.2810s | Loss=1.0109
[Profile] Avg ms/step | Load: 15.871 (Prep: 4.151, Struc: 0.296, Fetch: 11.424) | Fwd: 8.470 | Bwd: 9.526 | Opt: 0.559 | GPU_Tot: 30.276
[Autotune] {"version": 1, "step": 650, "wall_seconds": 28.280952986999182, "seed_nodes": 2570924, "loss": 1.0108880996704102, "all_losses_finite": true}
[Step=0660] Wall=28.5823s | Loss=1.0029
[Profile] Avg ms/step | Load: 15.793 (Prep: 4.085, Struc: 0.296, Fetch: 11.413) | Fwd: 8.473 | Bwd: 9.530 | Opt: 0.559 | GPU_Tot: 30.270
[Autotune] {"version": 1, "step": 660, "wall_seconds": 28.582322750997264, "seed_nodes": 2611884, "loss": 1.0029107093811036, "all_losses_finite": true}
[Step=0670] Wall=28.9408s | Loss=1.0043
[Profile] Avg ms/step | Load: 15.822 (Prep: 4.110, Struc: 0.295, Fetch: 11.417) | Fwd: 8.469 | Bwd: 9.526 | Opt: 0.559 | GPU_Tot: 30.266
[Autotune] {"version": 1, "step": 670, "wall_seconds": 28.94081785499293, "seed_nodes": 2649577, "loss": 1.0043230056762695, "all_losses_finite": true}
[Step=0680] Wall=29.2476s | Loss=0.9995
[Profile] Avg ms/step | Load: 15.756 (Prep: 4.046, Struc: 0.296, Fetch: 11.414) | Fwd: 8.472 | Bwd: 9.529 | Opt: 0.559 | GPU_Tot: 30.270
[Autotune] {"version": 1, "step": 680, "wall_seconds": 29.24758644499525, "seed_nodes": 2690537, "loss": 0.9995305061340332, "all_losses_finite": true}
[Step=0690] Wall=29.5327s | Loss=1.0066
[Profile] Avg ms/step | Load: 15.673 (Prep: 3.985, Struc: 0.295, Fetch: 11.393) | Fwd: 8.468 | Bwd: 9.525 | Opt: 0.559 | GPU_Tot: 30.240
[Autotune] {"version": 1, "step": 690, "wall_seconds": 29.532738146997872, "seed_nodes": 2728230, "loss": 1.006624984741211, "all_losses_finite": true}
[Step=0700] Wall=29.9488s | Loss=1.0004
[Profile] Avg ms/step | Load: 15.776 (Prep: 4.059, Struc: 0.296, Fetch: 11.421) | Fwd: 8.471 | Bwd: 9.528 | Opt: 0.559 | GPU_Tot: 30.275
[Autotune] {"version": 1, "step": 700, "wall_seconds": 29.94879796799796, "seed_nodes": 2769190, "loss": 1.000377368927002, "all_losses_finite": true}
[Step=0710] Wall=30.2510s | Loss=0.9930
[Profile] Avg ms/step | Load: 15.706 (Prep: 3.999, Struc: 0.296, Fetch: 11.411) | Fwd: 8.474 | Bwd: 9.531 | Opt: 0.559 | GPU_Tot: 30.271
[Autotune] {"version": 1, "step": 710, "wall_seconds": 30.25099653500365, "seed_nodes": 2810150, "loss": 0.9929988861083985, "all_losses_finite": true}
[Step=0720] Wall=30.6679s | Loss=0.9986
[Profile] Avg ms/step | Load: 15.821 (Prep: 4.111, Struc: 0.296, Fetch: 11.414) | Fwd: 8.470 | Bwd: 9.527 | Opt: 0.559 | GPU_Tot: 30.267
[Autotune] {"version": 1, "step": 720, "wall_seconds": 30.66794053299236, "seed_nodes": 2847843, "loss": 0.9985528945922851, "all_losses_finite": true}
[Step=0730] Wall=30.9709s | Loss=0.9911
[Profile] Avg ms/step | Load: 15.753 (Prep: 4.052, Struc: 0.296, Fetch: 11.406) | Fwd: 8.473 | Bwd: 9.531 | Opt: 0.559 | GPU_Tot: 30.264
[Autotune] {"version": 1, "step": 730, "wall_seconds": 30.970927856993512, "seed_nodes": 2888803, "loss": 0.9911049842834473, "all_losses_finite": true}
[Step=0740] Wall=31.3795s | Loss=0.9899
[Profile] Avg ms/step | Load: 15.851 (Prep: 4.111, Struc: 0.296, Fetch: 11.445) | Fwd: 8.470 | Bwd: 9.527 | Opt: 0.559 | GPU_Tot: 30.297
[Autotune] {"version": 1, "step": 740, "wall_seconds": 31.379502533993218, "seed_nodes": 2926496, "loss": 0.9899373054504395, "all_losses_finite": true}
[Step=0750] Wall=31.6863s | Loss=0.9879
[Profile] Avg ms/step | Load: 15.791 (Prep: 4.053, Struc: 0.296, Fetch: 11.442) | Fwd: 8.473 | Bwd: 9.530 | Opt: 0.559 | GPU_Tot: 30.299
[Autotune] {"version": 1, "step": 750, "wall_seconds": 31.68628753500525, "seed_nodes": 2967456, "loss": 0.9878528594970704, "all_losses_finite": true}
[Step=0760] Wall=32.0342s | Loss=0.9891
[Profile] Avg ms/step | Load: 15.802 (Prep: 4.077, Struc: 0.296, Fetch: 11.430) | Fwd: 8.469 | Bwd: 9.526 | Opt: 0.559 | GPU_Tot: 30.280
[Autotune] {"version": 1, "step": 760, "wall_seconds": 32.0342291220004, "seed_nodes": 3005149, "loss": 0.9891497611999511, "all_losses_finite": true}
[Step=0770] Wall=32.3886s | Loss=0.9839
[Profile] Avg ms/step | Load: 15.809 (Prep: 4.079, Struc: 0.296, Fetch: 11.434) | Fwd: 8.472 | Bwd: 9.529 | Opt: 0.559 | GPU_Tot: 30.290
[Autotune] {"version": 1, "step": 770, "wall_seconds": 32.3886197959946, "seed_nodes": 3046109, "loss": 0.9838714599609375, "all_losses_finite": true}
[Step=0780] Wall=32.6905s | Loss=0.9701
[Profile] Avg ms/step | Load: 15.745 (Prep: 4.025, Struc: 0.296, Fetch: 11.425) | Fwd: 8.475 | Bwd: 9.532 | Opt: 0.559 | GPU_Tot: 30.286
[Autotune] {"version": 1, "step": 780, "wall_seconds": 32.690463577993796, "seed_nodes": 3087069, "loss": 0.9701139450073242, "all_losses_finite": true}
[Step=0790] Wall=33.1474s | Loss=0.9930
[Profile] Avg ms/step | Load: 15.902 (Prep: 4.177, Struc: 0.296, Fetch: 11.430) | Fwd: 8.472 | Bwd: 9.528 | Opt: 0.559 | GPU_Tot: 30.284
[Autotune] {"version": 1, "step": 790, "wall_seconds": 33.14742699799535, "seed_nodes": 3124762, "loss": 0.9929615974426269, "all_losses_finite": true}
[Step=0800] Wall=33.4505s | Loss=0.9862
[Profile] Avg ms/step | Load: 15.839 (Prep: 4.122, Struc: 0.296, Fetch: 11.421) | Fwd: 8.475 | Bwd: 9.531 | Opt: 0.559 | GPU_Tot: 30.282
[Autotune] {"version": 1, "step": 800, "wall_seconds": 33.450453119992744, "seed_nodes": 3165722, "loss": 0.9862318992614746, "all_losses_finite": true}
[Step=0810] Wall=33.8585s | Loss=0.9776
[Profile] Avg ms/step | Load: 15.927 (Prep: 4.215, Struc: 0.296, Fetch: 11.417) | Fwd: 8.471 | Bwd: 9.527 | Opt: 0.559 | GPU_Tot: 30.270
[Autotune] {"version": 1, "step": 810, "wall_seconds": 33.85845160699682, "seed_nodes": 3203415, "loss": 0.9776281356811524, "all_losses_finite": true}
[Step=0820] Wall=34.1595s | Loss=0.9788
[Profile] Avg ms/step | Load: 15.864 (Prep: 4.161, Struc: 0.296, Fetch: 11.407) | Fwd: 8.474 | Bwd: 9.530 | Opt: 0.559 | GPU_Tot: 30.265
[Autotune] {"version": 1, "step": 820, "wall_seconds": 34.15949811399332, "seed_nodes": 3244375, "loss": 0.9787502288818359, "all_losses_finite": true}
[Step=0830] Wall=34.5382s | Loss=0.9819
[Profile] Avg ms/step | Load: 15.912 (Prep: 4.211, Struc: 0.296, Fetch: 11.405) | Fwd: 8.471 | Bwd: 9.527 | Opt: 0.559 | GPU_Tot: 30.257
[Autotune] {"version": 1, "step": 830, "wall_seconds": 34.53819952100457, "seed_nodes": 3282068, "loss": 0.9819022178649902, "all_losses_finite": true}
[Step=0840] Wall=34.8684s | Loss=0.9794
[Profile] Avg ms/step | Load: 15.887 (Prep: 4.188, Struc: 0.296, Fetch: 11.404) | Fwd: 8.473 | Bwd: 9.529 | Opt: 0.559 | GPU_Tot: 30.261
[Autotune] {"version": 1, "step": 840, "wall_seconds": 34.868394258999615, "seed_nodes": 3323028, "loss": 0.9794336318969726, "all_losses_finite": true}
------------------------------------------------------------
Training Completed. Total Steps: 840 (Active: 800)
Avg Breakdown (ms): Load=15.887 [Prep:4.188, Struc:0.296, Fetch:11.404], Fwd=8.473, Bwd=9.529, Opt=0.559
------------------------------------------------------------
