$REPO_ROOT/.venv/lib/python3.11/site-packages/outdated/__init__.py:36: UserWarning: pkg_resources is deprecated as an API. See https://setuptools.pypa.io/en/latest/pkg_resources.html. The pkg_resources package is slated for removal as early as 2025-11-30. Refrain from using this package or pin to Setuptools<81.
  from pkg_resources import parse_version
2026-09-18 18:33:24,771 INFO:   Connectivity check: running command: ping -c 1 -W 3 10.125.8.2
2026-09-18 18:33:24,776 INFO:   Connectivity check succeeded.
2026-09-18 18:33:24,796 INFO:   Appliance client semantic version: 1.14.0, cluster server semantic version: 1.20.2, job operator semantic version: 1.20.2
2026-09-18 18:33:24,799 INFO:   Successfully initialized workflow with id: wflow-7ngslxa5rhjrp4hzvfzlb9
2026-09-18 18:33:24,805 WARNING:   The trainer configuration for train_and_eval does not configure checkpointing. In the event of a failure, the run will be restarted from the beginning. If this is not intentional, please specifiy a checkpoint callback with a checkpointing frequency to enable auto-restarting from previously saved checkpoints.
2026-09-18 18:33:24,805 INFO:   Spawning child process for the fit run ...
2026-09-18 18:33:24,809 INFO:   Child process started with pid: 1033629
$REPO_ROOT/.venv/lib/python3.11/site-packages/outdated/__init__.py:36: UserWarning: pkg_resources is deprecated as an API. See https://setuptools.pypa.io/en/latest/pkg_resources.html. The pkg_resources package is slated for removal as early as 2025-11-30. Refrain from using this package or pin to Setuptools<81.
  from pkg_resources import parse_version
2026-09-18 18:33:30,751 INFO:   Current Working Directory: $REPO_ROOT/src/cerebras/modelzoo/models/gnn
2026-09-18 18:33:30,751 INFO:   Running command: $REPO_ROOT/src/cerebras/modelzoo/cli/main.py fit $REPO_ROOT/model_dirs/hpcasia_learning/arxiv_20260918T122510.309655Z/tuning/loader_w08_p1_s0_r1/params.yaml --target_device CSX --model_dir $REPO_ROOT/model_dirs/hpcasia_learning/arxiv_20260918T122510.309655Z/tuning/loader_w08_p1_s0_r1/model
2026-09-18 18:33:31,208 INFO:   No checkpoint was provided. Using randomly initialized model parameters.
2026-09-18 18:33:31,208 INFO:   Ordinal 0: Initializing GNNDataProcessor for dataset 'ogbn-arxiv' (split=train, mode=neighbor).
$REPO_ROOT/.venv/lib/python3.11/site-packages/ogb/nodeproppred/dataset_pyg.py:69: FutureWarning: You are using `torch.load` with `weights_only=False` (the current default value), which uses the default pickle module implicitly. It is possible to construct malicious pickle data which will execute arbitrary code during unpickling (See https://github.com/pytorch/pytorch/blob/main/SECURITY.md#untrusted-models for more details). In a future release, the default value for `weights_only` will be flipped to `True`. This limits the functions that could be executed during unpickling. Arbitrary objects will no longer be allowed to be loaded via this mode unless they are explicitly allowlisted by the user via `torch.serialization.add_safe_globals`. We recommend you start setting `weights_only=True` for any use case where you don't have full control of the loaded file. Please open an issue on GitHub for any issues related to this experimental feature.
  self.data, self.slices = torch.load(self.processed_paths[0])
GNN_INPUT_CONTRACT {"batch_index_origin": 0, "batch_size": 4096, "count_basis": "deterministic loader schedule; not device counters", "dataset_name": "ogbn-arxiv", "drop_last": false, "event": "gnn_input_contract", "num_streamers": 1, "ordered_targets_and_labels_sha256": "cb189ecb3f75e653df7daacc08ead8c3b14bd353d302209c179a41e2b2b47d07", "restartable": false, "sampler_seed": 42, "seed_nodes_by_batch": [4096, 4096, 4096, 4096, 4096, 4096, 4096, 4096, 4096, 4096, 4096, 4096, 4096, 4096, 4096, 4096, 4096, 4096, 4096, 4096, 4096, 4096, 829], "seed_nodes_per_epoch": 90941, "shuffle": true, "source_seed_nodes": 90941, "split": "train", "static_batch_cache_size": 0, "supervised_targets_by_batch": [4096, 4096, 4096, 4096, 4096, 4096, 4096, 4096, 4096, 4096, 4096, 4096, 4096, 4096, 4096, 4096, 4096, 4096, 4096, 4096, 4096, 4096, 829], "traversal": "continuous_sequential_batches", "traversal_scope": "single_data_executor", "version": 1}
2026-09-18 18:33:31,429 INFO:   Connectivity check: running command: ping -c 1 -W 3 10.125.8.2
2026-09-18 18:33:31,435 INFO:   Connectivity check succeeded.
2026-09-18 18:33:31,455 INFO:   Appliance client semantic version: 1.14.0, cluster server semantic version: 1.20.2, job operator semantic version: 1.20.2
2026-09-18 18:33:31,456 INFO:   ===========================================================================
2026-09-18 18:33:31,456 INFO:   Trainer Fit Summary
2026-09-18 18:33:31,456 INFO:   ---------------------------------------------------------------------------
2026-09-18 18:33:31,456 INFO:   Trainer will run 1 train loop.
2026-09-18 18:33:31,456 INFO:   
2026-09-18 18:33:31,456 INFO:   Train steps per train loop:
2026-09-18 18:33:31,456 INFO:   * 1 loop of 440 steps
2026-09-18 18:33:31,456 INFO:   for a total of 440 train steps.
2026-09-18 18:33:31,456 INFO:   
2026-09-18 18:33:31,456 INFO:   Progress will be logged every 10 steps.
2026-09-18 18:33:31,456 INFO:   ===========================================================================
2026-09-18 18:33:31,456 INFO:   ---------------------------------------------------------------------------
2026-09-18 18:33:31,456 INFO:   Starting train loop 1 of 1, from global step 1 to 440 (440 steps)
2026-09-18 18:33:31,456 INFO:   ---------------------------------------------------------------------------
2026-09-18 18:33:36,165 INFO:   Compiling the model. This may take a few minutes.
2026-09-18 18:33:36,166 INFO:   Connectivity check: running command: ping -c 1 -W 3 10.125.8.2
2026-09-18 18:33:36,171 INFO:   Connectivity check succeeded.
2026-09-18 18:33:36,188 INFO:   Appliance client semantic version: 1.14.0, cluster server semantic version: 1.20.2, job operator semantic version: 1.20.2
2026-09-18 18:33:37,220 INFO:   Initiating a new image build job against the cluster server.
2026-09-18 18:33:37,243 INFO:   Job id: imgjob-42280d4f85d91291dacb2ef766350f15, workflow id: wflow-7ngslxa5rhjrp4hzvfzlb9, namespace: job-operator, remote log path: /n1/wsjob/workdir/job-operator/imgjob-42280d4f85d91291dacb2ef766350f15
2026-09-18 18:33:37,246 INFO:   Connectivity check: running command: ping -c 1 -W 3 10.125.8.2
2026-09-18 18:33:37,251 INFO:   Connectivity check succeeded.
2026-09-18 18:33:37,269 INFO:   Appliance client semantic version: 1.14.0, cluster server semantic version: 1.20.2, job operator semantic version: 1.20.2
2026-09-18 18:33:37,371 INFO:   Initiating a new compile wsjob against the cluster server.
2026-09-18 18:33:37,395 INFO:   Job id: wsjob-ka34nwjs4zva2i3skmmlhf, workflow id: wflow-7ngslxa5rhjrp4hzvfzlb9, namespace: job-operator, remote log path: /n1/wsjob/workdir/job-operator/wsjob-ka34nwjs4zva2i3skmmlhf
2026-09-18 18:33:57,396 INFO:   Poll ingress status: Waiting for all Coordinator pods to be running, current running: 0/1.
2026-09-18 18:33:57,399 INFO:   Recording the timestamp when jobs is scheduled.
2026-09-18 18:33:57,434 WARNING:   Event 2026-09-18 18:33:38 +0000 UTC reason=InconsistentVersion wsjob=wsjob-ka34nwjs4zva2i3skmmlhf message='Warning: client semantic version 1.14.0 is inconsistent with cluster server semantic version 1.20.2, there's a risk job could fail due to inconsistent setup.'
2026-09-18 18:34:07,435 INFO:   Poll ingress status: Job ingress ready, dashboard: <internal-dashboard-url>
2026-09-18 18:34:07,463 INFO:   Poll ingress success: Job ingress ready, dashboard: <internal-dashboard-url>
2026-09-18 18:34:07,474 INFO:   Finalizing out-of-cluster job handle with ingress service url: 
2026-09-18 18:34:07,474 WARNING:   Empty ingress service url. Falling back to default server: 10.125.8.2:443
2026-09-18 18:34:07,544 INFO:   Found existing cached compile with hash: "cs_3310013607597699701"
2026-09-18 18:34:09,385 INFO:   Using power profile none

2026-09-18 18:34:09,399 INFO:   Compile artifacts successfully written to remote compile directory. Compile hash is: cs_3310013607597699701
2026-09-18 18:34:17,425 ERROR:   Image build job imgjob-42280d4f85d91291dacb2ef766350f15 failed. Please check the error log in $REPO_ROOT/model_dirs/hpcasia_learning/arxiv_20260918T122510.309655Z/tuning/loader_w08_p1_s0_r1/model/cerebras_logs/20260918_183330/executors/000001/custom_worker_build.out. 
2026-09-18 18:34:17,425 INFO:   Falling back to venv mounting.
2026-09-18 18:34:17,427 INFO:   Compile was successful!
2026-09-18 18:34:17,427 INFO:   Programming Cerebras Wafer Scale Cluster for execution. This may take a few minutes.
2026-09-18 18:34:19,436 INFO:   Connectivity check: running command: ping -c 1 -W 3 10.125.8.2
2026-09-18 18:34:19,441 INFO:   Connectivity check succeeded.
2026-09-18 18:34:19,459 INFO:   Appliance client semantic version: 1.14.0, cluster server semantic version: 1.20.2, job operator semantic version: 1.20.2
2026-09-18 18:34:19,461 INFO:   Initiating a new execute wsjob against the cluster server.
2026-09-18 18:34:19,493 INFO:   Job id: wsjob-dxasnma6xz9fbtmzwagoav, workflow id: wflow-7ngslxa5rhjrp4hzvfzlb9, namespace: job-operator, remote log path: /n1/wsjob/workdir/job-operator/wsjob-dxasnma6xz9fbtmzwagoav
2026-09-18 18:34:39,493 INFO:   Poll ingress status: Waiting for all Coordinator pods to be running, current running: 0/1.
2026-09-18 18:34:39,496 INFO:   Recording the timestamp when jobs is scheduled.
2026-09-18 18:34:39,536 WARNING:   Event 2026-09-18 18:34:27 +0000 UTC reason=InconsistentVersion wsjob=wsjob-dxasnma6xz9fbtmzwagoav message='Warning: client semantic version 1.14.0 is inconsistent with cluster server semantic version 1.20.2, there's a risk job could fail due to inconsistent setup.'
2026-09-18 18:34:39,536 INFO:   Infrastructure setup started for job wsjob-dxasnma6xz9fbtmzwagoav
2026-09-18 18:34:49,536 INFO:   Poll ingress status: Waiting for all Weight pods to be running, current running: 0/2.
2026-09-18 18:34:49,568 INFO:   Infrastructure setup completed successfully for job wsjob-dxasnma6xz9fbtmzwagoav
2026-09-18 18:34:59,568 INFO:   Poll ingress status: Waiting for all Coordinator pods to be running, current running: 0/1.
2026-09-18 18:34:59,643 INFO:   Infrastructure setup completed successfully for job wsjob-dxasnma6xz9fbtmzwagoav
2026-09-18 18:35:09,643 INFO:   Poll ingress status: Job ingress ready, dashboard: <internal-dashboard-url>
2026-09-18 18:35:09,676 INFO:   Infrastructure setup completed successfully for job wsjob-dxasnma6xz9fbtmzwagoav
2026-09-18 18:35:09,676 INFO:   Poll ingress success: Job ingress ready, dashboard: <internal-dashboard-url>
2026-09-18 18:35:09,688 INFO:   Finalizing out-of-cluster job handle with ingress service url: 
2026-09-18 18:35:09,688 WARNING:   Empty ingress service url. Falling back to default server: 10.125.8.2:443
2026-09-18 18:35:09,768 INFO:   Preparing to execute using 1 CSX
2026-09-18 18:35:27,170 INFO:   About to send initial weights
2026-09-18 18:35:27,398 INFO:   Finished sending initial weights
2026-09-18 18:35:27,398 INFO:   Finalizing appliance staging for the run
2026-09-18 18:35:33,868 INFO:   Waiting for device programming to complete
2026-09-18 18:35:47,333 INFO:   Device programming is complete
2026-09-18 18:35:47,632 INFO:   Using network type: ROCE
2026-09-18 18:35:47,632 INFO:   Waiting for input workers to prime the data pipeline and begin streaming ...
2026-09-18 18:35:47,641 INFO:   Input workers have begun streaming input data
2026-09-18 18:35:47,768 INFO:   Appliance staging is complete
2026-09-18 18:35:47,768 INFO:   Beginning appliance run
2026-09-18 18:35:58,298 INFO:   | Train Device=CSX, Step=10, Loss=3.37719, Rate=2818.12 samples/sec, GlobalRate=284.14 samples/sec, LoopTimeRemaining=0:10:18, TimeRemaining=0:10:18
2026-09-18 18:36:12,969 INFO:   | Train Device=CSX, Step=20, Loss=2.83006, Rate=2875.71 samples/sec, GlobalRate=515.78 samples/sec, LoopTimeRemaining=0:10:06, TimeRemaining=0:10:06
2026-09-18 18:36:30,991 INFO:   | Train Device=CSX, Step=30, Loss=2.48321, Rate=2808.51 samples/sec, GlobalRate=694.83 samples/sec, LoopTimeRemaining=0:09:51, TimeRemaining=0:09:51
2026-09-18 18:36:45,895 INFO:   | Train Device=CSX, Step=40, Loss=2.17466, Rate=2741.27 samples/sec, GlobalRate=854.43 samples/sec, LoopTimeRemaining=0:09:39, TimeRemaining=0:09:39
2026-09-18 18:37:03,977 INFO:   | Train Device=CSX, Step=50, Loss=1.85241, Rate=2719.98 samples/sec, GlobalRate=976.00 samples/sec, LoopTimeRemaining=0:09:23, TimeRemaining=0:09:23
2026-09-18 18:37:18,786 INFO:   | Train Device=CSX, Step=60, Loss=1.63806, Rate=2732.07 samples/sec, GlobalRate=1094.00 samples/sec, LoopTimeRemaining=0:09:14, TimeRemaining=0:09:14
2026-09-18 18:37:36,972 INFO:   | Train Device=CSX, Step=70, Loss=1.52059, Rate=1638.29 samples/sec, GlobalRate=1180.75 samples/sec, LoopTimeRemaining=0:08:59, TimeRemaining=0:08:59
2026-09-18 18:37:51,695 INFO:   | Train Device=CSX, Step=80, Loss=1.42359, Rate=2772.87 samples/sec, GlobalRate=1272.28 samples/sec, LoopTimeRemaining=0:08:45, TimeRemaining=0:08:45
2026-09-18 18:38:06,419 INFO:   | Train Device=CSX, Step=90, Loss=1.41382, Rate=2904.77 samples/sec, GlobalRate=1353.92 samples/sec, LoopTimeRemaining=0:08:31, TimeRemaining=0:08:31
2026-09-18 18:38:24,691 INFO:   | Train Device=CSX, Step=100, Loss=1.31883, Rate=2778.93 samples/sec, GlobalRate=1409.75 samples/sec, LoopTimeRemaining=0:08:16, TimeRemaining=0:08:16
2026-09-18 18:38:39,325 INFO:   | Train Device=CSX, Step=110, Loss=1.27947, Rate=2891.52 samples/sec, GlobalRate=1476.36 samples/sec, LoopTimeRemaining=0:08:02, TimeRemaining=0:08:02
2026-09-18 18:38:57,901 INFO:   | Train Device=CSX, Step=120, Loss=1.21283, Rate=2683.74 samples/sec, GlobalRate=1518.17 samples/sec, LoopTimeRemaining=0:07:48, TimeRemaining=0:07:48
2026-09-18 18:39:12,902 INFO:   | Train Device=CSX, Step=130, Loss=1.25431, Rate=2773.37 samples/sec, GlobalRate=1571.85 samples/sec, LoopTimeRemaining=0:07:35, TimeRemaining=0:07:35
2026-09-18 18:39:30,971 INFO:   | Train Device=CSX, Step=140, Loss=1.17677, Rate=2346.85 samples/sec, GlobalRate=1607.05 samples/sec, LoopTimeRemaining=0:07:19, TimeRemaining=0:07:19
2026-09-18 18:39:45,928 INFO:   | Train Device=CSX, Step=150, Loss=1.18961, Rate=2745.64 samples/sec, GlobalRate=1652.56 samples/sec, LoopTimeRemaining=0:07:05, TimeRemaining=0:07:05
2026-09-18 18:40:00,481 INFO:   | Train Device=CSX, Step=160, Loss=1.17591, Rate=2907.57 samples/sec, GlobalRate=1696.33 samples/sec, LoopTimeRemaining=0:06:49, TimeRemaining=0:06:49
2026-09-18 18:40:18,913 INFO:   | Train Device=CSX, Step=170, Loss=1.11490, Rate=2728.59 samples/sec, GlobalRate=1720.28 samples/sec, LoopTimeRemaining=0:06:36, TimeRemaining=0:06:36
2026-09-18 18:40:33,704 INFO:   | Train Device=CSX, Step=180, Loss=1.16431, Rate=2628.29 samples/sec, GlobalRate=1757.26 samples/sec, LoopTimeRemaining=0:06:21, TimeRemaining=0:06:21
2026-09-18 18:40:52,272 INFO:   | Train Device=CSX, Step=190, Loss=1.17256, Rate=2541.50 samples/sec, GlobalRate=1776.28 samples/sec, LoopTimeRemaining=0:06:07, TimeRemaining=0:06:07
2026-09-18 18:41:07,630 INFO:   | Train Device=CSX, Step=200, Loss=1.15904, Rate=2568.02 samples/sec, GlobalRate=1806.44 samples/sec, LoopTimeRemaining=0:05:52, TimeRemaining=0:05:52
2026-09-18 18:41:25,582 INFO:   | Train Device=CSX, Step=210, Loss=1.11809, Rate=2639.93 samples/sec, GlobalRate=1824.54 samples/sec, LoopTimeRemaining=0:05:36, TimeRemaining=0:05:36
2026-09-18 18:41:40,879 INFO:   | Train Device=CSX, Step=220, Loss=1.11506, Rate=2620.83 samples/sec, GlobalRate=1851.35 samples/sec, LoopTimeRemaining=0:05:23, TimeRemaining=0:05:23
2026-09-18 18:41:55,122 INFO:   | Train Device=CSX, Step=230, Loss=1.00655, Rate=2909.46 samples/sec, GlobalRate=1880.47 samples/sec, LoopTimeRemaining=0:05:07, TimeRemaining=0:05:07
2026-09-18 18:42:13,644 INFO:   | Train Device=CSX, Step=240, Loss=1.11497, Rate=2781.98 samples/sec, GlobalRate=1892.27 samples/sec, LoopTimeRemaining=0:04:53, TimeRemaining=0:04:53
2026-09-18 18:42:28,199 INFO:   | Train Device=CSX, Step=250, Loss=1.07827, Rate=2893.40 samples/sec, GlobalRate=1917.40 samples/sec, LoopTimeRemaining=0:04:38, TimeRemaining=0:04:38
2026-09-18 18:42:46,401 INFO:   | Train Device=CSX, Step=260, Loss=1.07885, Rate=2808.51 samples/sec, GlobalRate=1928.37 samples/sec, LoopTimeRemaining=0:04:23, TimeRemaining=0:04:23
2026-09-18 18:43:01,346 INFO:   | Train Device=CSX, Step=270, Loss=1.08083, Rate=2860.05 samples/sec, GlobalRate=1949.78 samples/sec, LoopTimeRemaining=0:04:09, TimeRemaining=0:04:09
2026-09-18 18:43:19,447 INFO:   | Train Device=CSX, Step=280, Loss=1.11849, Rate=2700.93 samples/sec, GlobalRate=1959.46 samples/sec, LoopTimeRemaining=0:03:54, TimeRemaining=0:03:54
2026-09-18 18:43:34,127 INFO:   | Train Device=CSX, Step=290, Loss=1.06843, Rate=2776.55 samples/sec, GlobalRate=1979.78 samples/sec, LoopTimeRemaining=0:03:39, TimeRemaining=0:03:39
2026-09-18 18:43:52,084 INFO:   | Train Device=CSX, Step=300, Loss=1.02315, Rate=1639.09 samples/sec, GlobalRate=1988.54 samples/sec, LoopTimeRemaining=0:03:24, TimeRemaining=0:03:24
2026-09-18 18:44:06,930 INFO:   | Train Device=CSX, Step=310, Loss=1.04774, Rate=2787.70 samples/sec, GlobalRate=2006.61 samples/sec, LoopTimeRemaining=0:03:10, TimeRemaining=0:03:10
2026-09-18 18:44:21,674 INFO:   | Train Device=CSX, Step=320, Loss=1.09656, Rate=2872.01 samples/sec, GlobalRate=2024.18 samples/sec, LoopTimeRemaining=0:02:55, TimeRemaining=0:02:55
2026-09-18 18:44:39,828 INFO:   | Train Device=CSX, Step=330, Loss=1.02357, Rate=2793.30 samples/sec, GlobalRate=2030.51 samples/sec, LoopTimeRemaining=0:02:41, TimeRemaining=0:02:41
2026-09-18 18:44:54,637 INFO:   | Train Device=CSX, Step=340, Loss=1.03504, Rate=2880.99 samples/sec, GlobalRate=2046.51 samples/sec, LoopTimeRemaining=0:02:26, TimeRemaining=0:02:26
2026-09-18 18:45:12,815 INFO:   | Train Device=CSX, Step=350, Loss=0.99137, Rate=2667.90 samples/sec, GlobalRate=2051.89 samples/sec, LoopTimeRemaining=0:02:11, TimeRemaining=0:02:11
2026-09-18 18:45:27,558 INFO:   | Train Device=CSX, Step=360, Loss=1.03419, Rate=2750.92 samples/sec, GlobalRate=2066.90 samples/sec, LoopTimeRemaining=0:01:57, TimeRemaining=0:01:57
2026-09-18 18:45:45,692 INFO:   | Train Device=CSX, Step=370, Loss=1.01350, Rate=2344.69 samples/sec, GlobalRate=2071.66 samples/sec, LoopTimeRemaining=0:01:42, TimeRemaining=0:01:42
2026-09-18 18:46:00,426 INFO:   | Train Device=CSX, Step=380, Loss=1.02233, Rate=2782.18 samples/sec, GlobalRate=2085.64 samples/sec, LoopTimeRemaining=0:01:28, TimeRemaining=0:01:28
2026-09-18 18:46:15,149 INFO:   | Train Device=CSX, Step=390, Loss=1.02352, Rate=2761.16 samples/sec, GlobalRate=2099.11 samples/sec, LoopTimeRemaining=0:01:13, TimeRemaining=0:01:13
2026-09-18 18:46:33,416 INFO:   | Train Device=CSX, Step=400, Loss=0.95176, Rate=2749.58 samples/sec, GlobalRate=2102.47 samples/sec, LoopTimeRemaining=0:00:58, TimeRemaining=0:00:58
2026-09-18 18:46:47,978 INFO:   | Train Device=CSX, Step=410, Loss=1.01225, Rate=2874.50 samples/sec, GlobalRate=2115.50 samples/sec, LoopTimeRemaining=0:00:44, TimeRemaining=0:00:44
2026-09-18 18:47:06,120 INFO:   | Train Device=CSX, Step=420, Loss=1.01939, Rate=2777.93 samples/sec, GlobalRate=2118.68 samples/sec, LoopTimeRemaining=0:00:29, TimeRemaining=0:00:29
2026-09-18 18:47:20,933 INFO:   | Train Device=CSX, Step=430, Loss=1.00939, Rate=2750.53 samples/sec, GlobalRate=2130.26 samples/sec, LoopTimeRemaining=0:00:15, TimeRemaining=0:00:15
2026-09-18 18:47:38,916 INFO:   | Train Device=CSX, Step=440, Loss=0.98283, Rate=2631.53 samples/sec, GlobalRate=2133.40 samples/sec, LoopTimeRemaining=0:00:00, TimeRemaining=0:00:00
2026-09-18 18:47:39,026 INFO:   Training completed successfully!
2026-09-18 18:47:39,035 INFO:   Processed 1802240 training sample(s) in 847.60625181 seconds.
