$REPO_ROOT/.venv/lib/python3.11/site-packages/outdated/__init__.py:36: UserWarning: pkg_resources is deprecated as an API. See https://setuptools.pypa.io/en/latest/pkg_resources.html. The pkg_resources package is slated for removal as early as 2025-11-30. Refrain from using this package or pin to Setuptools<81.
  from pkg_resources import parse_version
2026-09-18 07:38:36,534 INFO:   Current Working Directory: $REPO_ROOT/src/cerebras/modelzoo/models/gnn
2026-09-18 07:38:36,534 INFO:   Running command: $REPO_ROOT/.venv/bin/cszoo fit $REPO_ROOT/model_dirs/hpcasia_r04/campaign_20260918T032805.576636Z/workers_w08/sensitivity_w08_p2_s1_r1/params.yaml --target_device CSX --model_dir $REPO_ROOT/model_dirs/hpcasia_r04/campaign_20260918T032805.576636Z/workers_w08/sensitivity_w08_p2_s1_r1/model
2026-09-18 07:38:37,039 INFO:   Connectivity check: running command: ping -c 1 -W 3 10.125.8.2
2026-09-18 07:38:37,045 INFO:   Connectivity check succeeded.
2026-09-18 07:38:37,066 INFO:   Appliance client semantic version: 1.14.0, cluster server semantic version: 1.20.2, job operator semantic version: 1.20.2
2026-09-18 07:38:37,069 INFO:   Successfully initialized workflow with id: wflow-prfwogzbqpragtnsjtrq8k
2026-09-18 07:38:37,069 INFO:   No checkpoint was provided. Using randomly initialized model parameters.
2026-09-18 07:38:37,069 INFO:   Ordinal 0: Initializing GNNDataProcessor for dataset 'ogbn-arxiv' (split=train, mode=neighbor).
$REPO_ROOT/.venv/lib/python3.11/site-packages/ogb/nodeproppred/dataset_pyg.py:69: FutureWarning: You are using `torch.load` with `weights_only=False` (the current default value), which uses the default pickle module implicitly. It is possible to construct malicious pickle data which will execute arbitrary code during unpickling (See https://github.com/pytorch/pytorch/blob/main/SECURITY.md#untrusted-models for more details). In a future release, the default value for `weights_only` will be flipped to `True`. This limits the functions that could be executed during unpickling. Arbitrary objects will no longer be allowed to be loaded via this mode unless they are explicitly allowlisted by the user via `torch.serialization.add_safe_globals`. We recommend you start setting `weights_only=True` for any use case where you don't have full control of the loaded file. Please open an issue on GitHub for any issues related to this experimental feature.
  self.data, self.slices = torch.load(self.processed_paths[0])
2026-09-18 07:38:37,291 INFO:   ===========================================================================
2026-09-18 07:38:37,291 INFO:   Trainer Fit Summary
2026-09-18 07:38:37,291 INFO:   ---------------------------------------------------------------------------
2026-09-18 07:38:37,291 INFO:   Trainer will run 1 train loop.
2026-09-18 07:38:37,291 INFO:   
2026-09-18 07:38:37,291 INFO:   Train steps per train loop:
2026-09-18 07:38:37,291 INFO:   * 1 loop of 440 steps
2026-09-18 07:38:37,291 INFO:   for a total of 440 train steps.
2026-09-18 07:38:37,292 INFO:   
2026-09-18 07:38:37,292 INFO:   Progress will be logged every 10 steps.
2026-09-18 07:38:37,292 INFO:   ===========================================================================
2026-09-18 07:38:37,292 INFO:   ---------------------------------------------------------------------------
2026-09-18 07:38:37,292 INFO:   Starting train loop 1 of 1, from global step 1 to 440 (440 steps)
2026-09-18 07:38:37,292 INFO:   ---------------------------------------------------------------------------
2026-09-18 07:38:41,967 INFO:   Compiling the model. This may take a few minutes.
2026-09-18 07:38:41,968 INFO:   Connectivity check: running command: ping -c 1 -W 3 10.125.8.2
2026-09-18 07:38:41,973 INFO:   Connectivity check succeeded.
2026-09-18 07:38:41,990 INFO:   Appliance client semantic version: 1.14.0, cluster server semantic version: 1.20.2, job operator semantic version: 1.20.2
2026-09-18 07:38:43,036 INFO:   Initiating a new image build job against the cluster server.
2026-09-18 07:38:43,053 INFO:   Job id: imgjob-56d1cf1649401fc4fc87097ab5d5881e, workflow id: wflow-prfwogzbqpragtnsjtrq8k, namespace: job-operator, remote log path: /n1/wsjob/workdir/job-operator/imgjob-56d1cf1649401fc4fc87097ab5d5881e
2026-09-18 07:38:43,056 INFO:   Connectivity check: running command: ping -c 1 -W 3 10.125.8.2
2026-09-18 07:38:43,061 INFO:   Connectivity check succeeded.
2026-09-18 07:38:43,077 INFO:   Appliance client semantic version: 1.14.0, cluster server semantic version: 1.20.2, job operator semantic version: 1.20.2
2026-09-18 07:38:43,098 INFO:   Initiating a new compile wsjob against the cluster server.
2026-09-18 07:38:43,129 INFO:   Job id: wsjob-j7ajc4gaaamjtdruvx4mdi, workflow id: wflow-prfwogzbqpragtnsjtrq8k, namespace: job-operator, remote log path: /n1/wsjob/workdir/job-operator/wsjob-j7ajc4gaaamjtdruvx4mdi
2026-09-18 07:39:03,130 INFO:   Poll ingress status: Waiting for all Coordinator pods to be running, current running: 0/1.
2026-09-18 07:39:03,133 INFO:   Recording the timestamp when jobs is scheduled.
2026-09-18 07:39:03,156 WARNING:   Event 2026-09-18 07:38:44 +0000 UTC reason=InconsistentVersion wsjob=wsjob-j7ajc4gaaamjtdruvx4mdi message='Warning: client semantic version 1.14.0 is inconsistent with cluster server semantic version 1.20.2, there's a risk job could fail due to inconsistent setup.'
2026-09-18 07:39:13,156 INFO:   Poll ingress status: Job ingress ready, dashboard: <internal-dashboard-url>
2026-09-18 07:39:13,172 INFO:   Poll ingress success: Job ingress ready, dashboard: <internal-dashboard-url>
2026-09-18 07:39:13,183 INFO:   Finalizing out-of-cluster job handle with ingress service url: 
2026-09-18 07:39:13,183 WARNING:   Empty ingress service url. Falling back to default server: 10.125.8.2:443
2026-09-18 07:39:13,249 INFO:   Found existing cached compile with hash: "cs_1827028249484550059"
2026-09-18 07:39:15,069 INFO:   Using power profile none

2026-09-18 07:39:15,081 INFO:   Compile artifacts successfully written to remote compile directory. Compile hash is: cs_1827028249484550059
2026-09-18 07:39:23,163 ERROR:   Image build job imgjob-56d1cf1649401fc4fc87097ab5d5881e failed. Please check the error log in $REPO_ROOT/model_dirs/hpcasia_r04/campaign_20260918T032805.576636Z/workers_w08/sensitivity_w08_p2_s1_r1/model/cerebras_logs/20260918_073836/executors/000001/custom_worker_build.out. 
2026-09-18 07:39:23,164 INFO:   Falling back to venv mounting.
2026-09-18 07:39:23,166 INFO:   Compile was successful!
2026-09-18 07:39:23,166 INFO:   Programming Cerebras Wafer Scale Cluster for execution. This may take a few minutes.
2026-09-18 07:39:25,176 INFO:   Connectivity check: running command: ping -c 1 -W 3 10.125.8.2
2026-09-18 07:39:25,182 INFO:   Connectivity check succeeded.
2026-09-18 07:39:25,199 INFO:   Appliance client semantic version: 1.14.0, cluster server semantic version: 1.20.2, job operator semantic version: 1.20.2
2026-09-18 07:39:25,201 INFO:   Initiating a new execute wsjob against the cluster server.
2026-09-18 07:39:25,239 INFO:   Job id: wsjob-wu8mgcoenttulfgu4crphk, workflow id: wflow-prfwogzbqpragtnsjtrq8k, namespace: job-operator, remote log path: /n1/wsjob/workdir/job-operator/wsjob-wu8mgcoenttulfgu4crphk
2026-09-18 07:39:45,240 INFO:   Poll ingress status: Waiting for all Weight pods to be running, current running: 0/2.
2026-09-18 07:39:45,243 INFO:   Recording the timestamp when jobs is scheduled.
2026-09-18 07:39:45,269 WARNING:   Event 2026-09-18 07:39:32 +0000 UTC reason=InconsistentVersion wsjob=wsjob-wu8mgcoenttulfgu4crphk message='Warning: client semantic version 1.14.0 is inconsistent with cluster server semantic version 1.20.2, there's a risk job could fail due to inconsistent setup.'
2026-09-18 07:39:45,269 INFO:   Infrastructure setup started for job wsjob-wu8mgcoenttulfgu4crphk
2026-09-18 07:39:55,269 INFO:   Infrastructure setup completed successfully for job wsjob-wu8mgcoenttulfgu4crphk
2026-09-18 07:40:05,270 INFO:   Poll ingress status: Job ingress ready, dashboard: <internal-dashboard-url>
2026-09-18 07:40:05,289 INFO:   Infrastructure setup completed successfully for job wsjob-wu8mgcoenttulfgu4crphk
2026-09-18 07:40:05,289 INFO:   Poll ingress success: Job ingress ready, dashboard: <internal-dashboard-url>
2026-09-18 07:40:05,302 INFO:   Finalizing out-of-cluster job handle with ingress service url: 
2026-09-18 07:40:05,302 WARNING:   Empty ingress service url. Falling back to default server: 10.125.8.2:443
2026-09-18 07:40:05,379 INFO:   Preparing to execute using 1 CSX
2026-09-18 07:40:22,649 INFO:   About to send initial weights
2026-09-18 07:40:22,865 INFO:   Finished sending initial weights
2026-09-18 07:40:22,865 INFO:   Finalizing appliance staging for the run
2026-09-18 07:40:27,825 INFO:   Waiting for device programming to complete
2026-09-18 07:40:44,251 INFO:   Device programming is complete
2026-09-18 07:40:44,512 INFO:   Using network type: ROCE
2026-09-18 07:40:44,513 INFO:   Waiting for input workers to prime the data pipeline and begin streaming ...
2026-09-18 07:40:44,522 INFO:   Input workers have begun streaming input data
2026-09-18 07:40:44,690 INFO:   Appliance staging is complete
2026-09-18 07:40:44,690 INFO:   Beginning appliance run
2026-09-18 07:40:55,701 INFO:   | Train Device=CSX, Step=10, Loss=3.37735, Rate=2644.26 samples/sec, GlobalRate=301.83 samples/sec, LoopTimeRemaining=0:10:50, TimeRemaining=0:10:50
2026-09-18 07:41:10,607 INFO:   | Train Device=CSX, Step=20, Loss=2.77050, Rate=2756.42 samples/sec, GlobalRate=543.91 samples/sec, LoopTimeRemaining=0:10:25, TimeRemaining=0:10:25
2026-09-18 07:41:30,084 INFO:   | Train Device=CSX, Step=30, Loss=2.45144, Rate=2627.90 samples/sec, GlobalRate=722.44 samples/sec, LoopTimeRemaining=0:10:20, TimeRemaining=0:10:20
2026-09-18 07:41:45,036 INFO:   | Train Device=CSX, Step=40, Loss=2.23498, Rate=2732.37 samples/sec, GlobalRate=885.43 samples/sec, LoopTimeRemaining=0:10:00, TimeRemaining=0:10:00
2026-09-18 07:42:04,714 INFO:   | Train Device=CSX, Step=50, Loss=1.97032, Rate=2479.47 samples/sec, GlobalRate=1000.39 samples/sec, LoopTimeRemaining=0:09:48, TimeRemaining=0:09:48
2026-09-18 07:42:20,124 INFO:   | Train Device=CSX, Step=60, Loss=1.74339, Rate=2732.68 samples/sec, GlobalRate=1116.43 samples/sec, LoopTimeRemaining=0:09:35, TimeRemaining=0:09:35
2026-09-18 07:42:39,289 INFO:   | Train Device=CSX, Step=70, Loss=1.60173, Rate=1500.76 samples/sec, GlobalRate=1198.19 samples/sec, LoopTimeRemaining=0:09:20, TimeRemaining=0:09:20
2026-09-18 07:42:55,339 INFO:   | Train Device=CSX, Step=80, Loss=1.46741, Rate=2718.53 samples/sec, GlobalRate=1283.29 samples/sec, LoopTimeRemaining=0:09:07, TimeRemaining=0:09:07
2026-09-18 07:43:10,485 INFO:   | Train Device=CSX, Step=90, Loss=1.47445, Rate=2652.93 samples/sec, GlobalRate=1362.86 samples/sec, LoopTimeRemaining=0:08:51, TimeRemaining=0:08:51
2026-09-18 07:43:30,114 INFO:   | Train Device=CSX, Step=100, Loss=1.36067, Rate=2655.41 samples/sec, GlobalRate=1411.83 samples/sec, LoopTimeRemaining=0:08:36, TimeRemaining=0:08:36
2026-09-18 07:43:45,115 INFO:   | Train Device=CSX, Step=110, Loss=1.29482, Rate=2687.77 samples/sec, GlobalRate=1476.66 samples/sec, LoopTimeRemaining=0:08:20, TimeRemaining=0:08:20
2026-09-18 07:44:04,461 INFO:   | Train Device=CSX, Step=120, Loss=1.26045, Rate=2569.38 samples/sec, GlobalRate=1514.86 samples/sec, LoopTimeRemaining=0:08:07, TimeRemaining=0:08:07
2026-09-18 07:44:19,685 INFO:   | Train Device=CSX, Step=130, Loss=1.28337, Rate=2594.58 samples/sec, GlobalRate=1567.54 samples/sec, LoopTimeRemaining=0:07:50, TimeRemaining=0:07:50
2026-09-18 07:44:39,043 INFO:   | Train Device=CSX, Step=140, Loss=1.20418, Rate=1894.69 samples/sec, GlobalRate=1597.11 samples/sec, LoopTimeRemaining=0:07:37, TimeRemaining=0:07:37
2026-09-18 07:44:54,804 INFO:   | Train Device=CSX, Step=150, Loss=1.22476, Rate=2725.78 samples/sec, GlobalRate=1639.23 samples/sec, LoopTimeRemaining=0:07:22, TimeRemaining=0:07:22
2026-09-18 07:45:09,861 INFO:   | Train Device=CSX, Step=160, Loss=1.20532, Rate=2741.53 samples/sec, GlobalRate=1680.99 samples/sec, LoopTimeRemaining=0:07:05, TimeRemaining=0:07:05
2026-09-18 07:45:29,876 INFO:   | Train Device=CSX, Step=170, Loss=1.12047, Rate=2715.38 samples/sec, GlobalRate=1698.83 samples/sec, LoopTimeRemaining=0:06:51, TimeRemaining=0:06:51
2026-09-18 07:45:45,308 INFO:   | Train Device=CSX, Step=180, Loss=1.18720, Rate=2707.48 samples/sec, GlobalRate=1733.50 samples/sec, LoopTimeRemaining=0:06:34, TimeRemaining=0:06:34
2026-09-18 07:46:04,789 INFO:   | Train Device=CSX, Step=190, Loss=1.19095, Rate=2561.96 samples/sec, GlobalRate=1749.66 samples/sec, LoopTimeRemaining=0:06:21, TimeRemaining=0:06:21
2026-09-18 07:46:19,809 INFO:   | Train Device=CSX, Step=200, Loss=1.17069, Rate=2726.92 samples/sec, GlobalRate=1781.59 samples/sec, LoopTimeRemaining=0:06:04, TimeRemaining=0:06:04
2026-09-18 07:46:38,987 INFO:   | Train Device=CSX, Step=210, Loss=1.15325, Rate=2270.53 samples/sec, GlobalRate=1795.80 samples/sec, LoopTimeRemaining=0:05:49, TimeRemaining=0:05:49
2026-09-18 07:46:54,530 INFO:   | Train Device=CSX, Step=220, Loss=1.11943, Rate=2709.18 samples/sec, GlobalRate=1822.16 samples/sec, LoopTimeRemaining=0:05:34, TimeRemaining=0:05:34
2026-09-18 07:47:09,850 INFO:   | Train Device=CSX, Step=230, Loss=0.22059, Rate=2721.61 samples/sec, GlobalRate=1847.74 samples/sec, LoopTimeRemaining=0:05:19, TimeRemaining=0:05:19
2026-09-18 07:47:29,419 INFO:   | Train Device=CSX, Step=240, Loss=1.11535, Rate=2701.67 samples/sec, GlobalRate=1856.81 samples/sec, LoopTimeRemaining=0:05:05, TimeRemaining=0:05:05
2026-09-18 07:47:44,551 INFO:   | Train Device=CSX, Step=250, Loss=1.07508, Rate=2598.91 samples/sec, GlobalRate=1880.43 samples/sec, LoopTimeRemaining=0:04:48, TimeRemaining=0:04:48
2026-09-18 07:48:04,325 INFO:   | Train Device=CSX, Step=260, Loss=1.07652, Rate=2622.00 samples/sec, GlobalRate=1887.12 samples/sec, LoopTimeRemaining=0:04:35, TimeRemaining=0:04:35
2026-09-18 07:48:19,516 INFO:   | Train Device=CSX, Step=270, Loss=1.07627, Rate=2611.69 samples/sec, GlobalRate=1908.33 samples/sec, LoopTimeRemaining=0:04:18, TimeRemaining=0:04:18
2026-09-18 07:48:38,920 INFO:   | Train Device=CSX, Step=280, Loss=1.11397, Rate=2481.50 samples/sec, GlobalRate=1914.90 samples/sec, LoopTimeRemaining=0:04:03, TimeRemaining=0:04:03
2026-09-18 07:48:54,093 INFO:   | Train Device=CSX, Step=290, Loss=1.05808, Rate=2736.20 samples/sec, GlobalRate=1934.28 samples/sec, LoopTimeRemaining=0:03:48, TimeRemaining=0:03:48
2026-09-18 07:49:13,179 INFO:   | Train Device=CSX, Step=300, Loss=1.04904, Rate=1545.20 samples/sec, GlobalRate=1940.67 samples/sec, LoopTimeRemaining=0:03:32, TimeRemaining=0:03:32
2026-09-18 07:49:28,748 INFO:   | Train Device=CSX, Step=310, Loss=1.04673, Rate=2755.08 samples/sec, GlobalRate=1957.23 samples/sec, LoopTimeRemaining=0:03:17, TimeRemaining=0:03:17
2026-09-18 07:49:43,992 INFO:   | Train Device=CSX, Step=320, Loss=1.10195, Rate=2665.05 samples/sec, GlobalRate=1973.98 samples/sec, LoopTimeRemaining=0:03:02, TimeRemaining=0:03:02
2026-09-18 07:50:03,694 INFO:   | Train Device=CSX, Step=330, Loss=1.03732, Rate=2672.53 samples/sec, GlobalRate=1977.01 samples/sec, LoopTimeRemaining=0:02:47, TimeRemaining=0:02:47
2026-09-18 07:50:19,023 INFO:   | Train Device=CSX, Step=340, Loss=1.02415, Rate=2594.92 samples/sec, GlobalRate=1992.25 samples/sec, LoopTimeRemaining=0:02:31, TimeRemaining=0:02:31
2026-09-18 07:50:38,804 INFO:   | Train Device=CSX, Step=350, Loss=1.01087, Rate=2572.29 samples/sec, GlobalRate=1994.41 samples/sec, LoopTimeRemaining=0:02:17, TimeRemaining=0:02:17
2026-09-18 07:50:53,959 INFO:   | Train Device=CSX, Step=360, Loss=1.05186, Rate=2732.58 samples/sec, GlobalRate=2009.03 samples/sec, LoopTimeRemaining=0:02:01, TimeRemaining=0:02:01
2026-09-18 07:51:13,367 INFO:   | Train Device=CSX, Step=370, Loss=1.00344, Rate=1983.44 samples/sec, GlobalRate=2011.65 samples/sec, LoopTimeRemaining=0:01:46, TimeRemaining=0:01:46
2026-09-18 07:51:28,902 INFO:   | Train Device=CSX, Step=380, Loss=1.03261, Rate=2723.87 samples/sec, GlobalRate=2024.28 samples/sec, LoopTimeRemaining=0:01:31, TimeRemaining=0:01:31
2026-09-18 07:51:44,233 INFO:   | Train Device=CSX, Step=390, Loss=1.02045, Rate=2670.24 samples/sec, GlobalRate=2036.93 samples/sec, LoopTimeRemaining=0:01:16, TimeRemaining=0:01:16
2026-09-18 07:52:03,914 INFO:   | Train Device=CSX, Step=400, Loss=0.95261, Rate=2673.19 samples/sec, GlobalRate=2038.01 samples/sec, LoopTimeRemaining=0:01:01, TimeRemaining=0:01:01
2026-09-18 07:52:19,332 INFO:   | Train Device=CSX, Step=410, Loss=1.02588, Rate=2749.56 samples/sec, GlobalRate=2049.66 samples/sec, LoopTimeRemaining=0:00:46, TimeRemaining=0:00:46
2026-09-18 07:52:38,687 INFO:   | Train Device=CSX, Step=420, Loss=1.02978, Rate=2622.44 samples/sec, GlobalRate=2051.19 samples/sec, LoopTimeRemaining=0:00:31, TimeRemaining=0:00:31
2026-09-18 07:52:54,012 INFO:   | Train Device=CSX, Step=430, Loss=1.01330, Rate=2672.59 samples/sec, GlobalRate=2062.35 samples/sec, LoopTimeRemaining=0:00:15, TimeRemaining=0:00:15
2026-09-18 07:53:13,163 INFO:   | Train Device=CSX, Step=440, Loss=0.99537, Rate=2253.68 samples/sec, GlobalRate=2064.02 samples/sec, LoopTimeRemaining=0:00:00, TimeRemaining=0:00:00
2026-09-18 07:53:13,265 INFO:   Training completed successfully!
2026-09-18 07:53:13,276 INFO:   Processed 1802240 training sample(s) in 875.985437876 seconds.
