$REPO_ROOT/.venv/lib/python3.11/site-packages/outdated/__init__.py:36: UserWarning: pkg_resources is deprecated as an API. See https://setuptools.pypa.io/en/latest/pkg_resources.html. The pkg_resources package is slated for removal as early as 2025-11-30. Refrain from using this package or pin to Setuptools<81.
  from pkg_resources import parse_version
2026-09-18 14:37:45,745 INFO:   Connectivity check: running command: ping -c 1 -W 3 10.125.8.2
2026-09-18 14:37:45,750 INFO:   Connectivity check succeeded.
2026-09-18 14:37:45,772 INFO:   Appliance client semantic version: 1.14.0, cluster server semantic version: 1.20.2, job operator semantic version: 1.20.2
2026-09-18 14:37:45,775 INFO:   Successfully initialized workflow with id: wflow-ny3x9qmvcmhadru9r9g97e
2026-09-18 14:37:45,780 WARNING:   The trainer configuration for train_and_eval does not configure checkpointing. In the event of a failure, the run will be restarted from the beginning. If this is not intentional, please specifiy a checkpoint callback with a checkpointing frequency to enable auto-restarting from previously saved checkpoints.
2026-09-18 14:37:45,780 INFO:   Spawning child process for the fit run ...
2026-09-18 14:37:45,784 INFO:   Child process started with pid: 1902220
$REPO_ROOT/.venv/lib/python3.11/site-packages/outdated/__init__.py:36: UserWarning: pkg_resources is deprecated as an API. See https://setuptools.pypa.io/en/latest/pkg_resources.html. The pkg_resources package is slated for removal as early as 2025-11-30. Refrain from using this package or pin to Setuptools<81.
  from pkg_resources import parse_version
2026-09-18 14:37:51,566 INFO:   Current Working Directory: $REPO_ROOT/src/cerebras/modelzoo/models/gnn
2026-09-18 14:37:51,566 INFO:   Running command: $REPO_ROOT/src/cerebras/modelzoo/cli/main.py fit $REPO_ROOT/model_dirs/hpcasia_r04/campaign_20260918T032805.576636Z/workers_w16/sensitivity_w16_p2_s1_r1/params.yaml --target_device CSX --model_dir $REPO_ROOT/model_dirs/hpcasia_r04/campaign_20260918T032805.576636Z/workers_w16/sensitivity_w16_p2_s1_r1/model
2026-09-18 14:37:52,089 INFO:   No checkpoint was provided. Using randomly initialized model parameters.
2026-09-18 14:37:52,089 INFO:   Ordinal 0: Initializing GNNDataProcessor for dataset 'ogbn-arxiv' (split=train, mode=neighbor).
$REPO_ROOT/.venv/lib/python3.11/site-packages/ogb/nodeproppred/dataset_pyg.py:69: FutureWarning: You are using `torch.load` with `weights_only=False` (the current default value), which uses the default pickle module implicitly. It is possible to construct malicious pickle data which will execute arbitrary code during unpickling (See https://github.com/pytorch/pytorch/blob/main/SECURITY.md#untrusted-models for more details). In a future release, the default value for `weights_only` will be flipped to `True`. This limits the functions that could be executed during unpickling. Arbitrary objects will no longer be allowed to be loaded via this mode unless they are explicitly allowlisted by the user via `torch.serialization.add_safe_globals`. We recommend you start setting `weights_only=True` for any use case where you don't have full control of the loaded file. Please open an issue on GitHub for any issues related to this experimental feature.
  self.data, self.slices = torch.load(self.processed_paths[0])
GNN_INPUT_CONTRACT {"batch_index_origin": 0, "batch_size": 4096, "count_basis": "deterministic loader schedule; not device counters", "dataset_name": "ogbn-arxiv", "drop_last": false, "event": "gnn_input_contract", "num_streamers": 1, "ordered_targets_and_labels_sha256": "cb189ecb3f75e653df7daacc08ead8c3b14bd353d302209c179a41e2b2b47d07", "restartable": false, "sampler_seed": 42, "seed_nodes_by_batch": [4096, 4096, 4096, 4096, 4096, 4096, 4096, 4096, 4096, 4096, 4096, 4096, 4096, 4096, 4096, 4096, 4096, 4096, 4096, 4096, 4096, 4096, 829], "seed_nodes_per_epoch": 90941, "shuffle": true, "source_seed_nodes": 90941, "split": "train", "static_batch_cache_size": 0, "supervised_targets_by_batch": [4096, 4096, 4096, 4096, 4096, 4096, 4096, 4096, 4096, 4096, 4096, 4096, 4096, 4096, 4096, 4096, 4096, 4096, 4096, 4096, 4096, 4096, 829], "traversal": "continuous_sequential_batches", "traversal_scope": "single_data_executor", "version": 1}
2026-09-18 14:37:52,314 INFO:   Connectivity check: running command: ping -c 1 -W 3 10.125.8.2
2026-09-18 14:37:52,320 INFO:   Connectivity check succeeded.
2026-09-18 14:37:52,344 INFO:   Appliance client semantic version: 1.14.0, cluster server semantic version: 1.20.2, job operator semantic version: 1.20.2
2026-09-18 14:37:52,344 INFO:   ===========================================================================
2026-09-18 14:37:52,345 INFO:   Trainer Fit Summary
2026-09-18 14:37:52,345 INFO:   ---------------------------------------------------------------------------
2026-09-18 14:37:52,345 INFO:   Trainer will run 1 train loop.
2026-09-18 14:37:52,345 INFO:   
2026-09-18 14:37:52,345 INFO:   Train steps per train loop:
2026-09-18 14:37:52,345 INFO:   * 1 loop of 440 steps
2026-09-18 14:37:52,345 INFO:   for a total of 440 train steps.
2026-09-18 14:37:52,345 INFO:   
2026-09-18 14:37:52,345 INFO:   Progress will be logged every 10 steps.
2026-09-18 14:37:52,345 INFO:   ===========================================================================
2026-09-18 14:37:52,345 INFO:   ---------------------------------------------------------------------------
2026-09-18 14:37:52,345 INFO:   Starting train loop 1 of 1, from global step 1 to 440 (440 steps)
2026-09-18 14:37:52,345 INFO:   ---------------------------------------------------------------------------
2026-09-18 14:37:57,028 INFO:   Compiling the model. This may take a few minutes.
2026-09-18 14:37:57,028 INFO:   Connectivity check: running command: ping -c 1 -W 3 10.125.8.2
2026-09-18 14:37:57,033 INFO:   Connectivity check succeeded.
2026-09-18 14:37:57,050 INFO:   Appliance client semantic version: 1.14.0, cluster server semantic version: 1.20.2, job operator semantic version: 1.20.2
2026-09-18 14:37:58,137 INFO:   Initiating a new image build job against the cluster server.
2026-09-18 14:37:58,154 INFO:   Job id: imgjob-42280d4f85d91291dacb2ef766350f15, workflow id: wflow-ny3x9qmvcmhadru9r9g97e, namespace: job-operator, remote log path: /n1/wsjob/workdir/job-operator/imgjob-42280d4f85d91291dacb2ef766350f15
2026-09-18 14:37:58,157 INFO:   Connectivity check: running command: ping -c 1 -W 3 10.125.8.2
2026-09-18 14:37:58,162 INFO:   Connectivity check succeeded.
2026-09-18 14:37:58,180 INFO:   Appliance client semantic version: 1.14.0, cluster server semantic version: 1.20.2, job operator semantic version: 1.20.2
2026-09-18 14:37:58,200 INFO:   Initiating a new compile wsjob against the cluster server.
2026-09-18 14:37:58,222 INFO:   Job id: wsjob-jctxrsknewc9v7nlkcsfbd, workflow id: wflow-ny3x9qmvcmhadru9r9g97e, namespace: job-operator, remote log path: /n1/wsjob/workdir/job-operator/wsjob-jctxrsknewc9v7nlkcsfbd
2026-09-18 14:38:18,223 INFO:   Poll ingress status: Waiting for job to be scheduled, current job status: Queueing, msg: job queueing to be scheduled. Job queue status: 5 compile job(s) queued before current job. For more information, please run 'csctl get job wsjob-jctxrsknewc9v7nlkcsfbd --pending-status'.
2026-09-18 14:42:58,226 INFO:   Poll ingress status: Waiting for job to be scheduled, current job status: Queueing, msg: job queueing to be scheduled. Job queue status: 4 compile job(s) queued before current job. For more information, please run 'csctl get job wsjob-jctxrsknewc9v7nlkcsfbd --pending-status'.
2026-09-18 14:46:48,229 INFO:   Poll ingress status: Waiting for job to be scheduled, current job status: Queueing, msg: job queueing to be scheduled. Job queue status: 3 compile job(s) queued before current job. For more information, please run 'csctl get job wsjob-jctxrsknewc9v7nlkcsfbd --pending-status'.
2026-09-18 14:50:18,232 INFO:   Poll ingress status: Waiting for job to be scheduled, current job status: Queueing, msg: job queueing to be scheduled. Job queue status: 2 compile job(s) queued before current job. For more information, please run 'csctl get job wsjob-jctxrsknewc9v7nlkcsfbd --pending-status'.
2026-09-18 14:54:08,235 INFO:   Poll ingress status: Waiting for job to be scheduled, current job status: Queueing, msg: job queueing to be scheduled. Job queue status: 1 compile job(s) queued before current job. For more information, please run 'csctl get job wsjob-jctxrsknewc9v7nlkcsfbd --pending-status'.
2026-09-18 15:04:08,241 INFO:   Poll ingress status: Waiting for job to be scheduled, current job status: Queueing, msg: job queueing to be scheduled. Job queue status: 1 compile job(s) queued before current job. For more information, please run 'csctl get job wsjob-jctxrsknewc9v7nlkcsfbd --pending-status'.
2026-09-18 15:10:08,245 INFO:   Poll ingress status: Waiting for job to be scheduled, current job status: Queueing, msg: job queueing to be scheduled. Job queue status: current job is top of queue but likely blocked by running/reserved jobs, 1 execute job(s) running/reserved using 1 system(s) and 1 nodegroup(s)[1 pop and 0 depop], 2 compile job(s) running/reserved using 160Gi memory. For more information, please run 'csctl get job wsjob-jctxrsknewc9v7nlkcsfbd --pending-status'.
2026-09-18 15:20:08,252 INFO:   Poll ingress status: Waiting for job to be scheduled, current job status: Queueing, msg: job queueing to be scheduled. Job queue status: current job is top of queue but likely blocked by running/reserved jobs, 1 execute job(s) running/reserved using 1 system(s) and 1 nodegroup(s)[1 pop and 0 depop], 2 compile job(s) running/reserved using 160Gi memory. For more information, please run 'csctl get job wsjob-jctxrsknewc9v7nlkcsfbd --pending-status'.
2026-09-18 15:28:38,257 INFO:   Poll ingress status: Waiting for all Coordinator pods to be running, current running: 0/1.
2026-09-18 15:28:38,261 INFO:   Recording the timestamp when jobs is scheduled.
2026-09-18 15:28:38,298 WARNING:   Event 2026-09-18 15:28:27 +0000 UTC reason=InconsistentVersion wsjob=wsjob-jctxrsknewc9v7nlkcsfbd message='Warning: client semantic version 1.14.0 is inconsistent with cluster server semantic version 1.20.2, there's a risk job could fail due to inconsistent setup.'
2026-09-18 15:28:58,299 INFO:   Poll ingress status: Waiting for job ingress readiness.
2026-09-18 15:29:08,329 INFO:   Poll ingress status: Job ingress ready, dashboard: <internal-dashboard-url>
2026-09-18 15:29:08,357 INFO:   Poll ingress success: Job ingress ready, dashboard: <internal-dashboard-url>
2026-09-18 15:29:08,366 INFO:   Finalizing out-of-cluster job handle with ingress service url: 
2026-09-18 15:29:08,367 WARNING:   Empty ingress service url. Falling back to default server: 10.125.8.2:443
2026-09-18 15:29:08,436 INFO:   Found existing cached compile with hash: "cs_3310013607597699701"
2026-09-18 15:29:10,271 INFO:   Using power profile none

2026-09-18 15:29:10,285 INFO:   Compile artifacts successfully written to remote compile directory. Compile hash is: cs_3310013607597699701
2026-09-18 15:29:18,530 ERROR:   Image build job imgjob-42280d4f85d91291dacb2ef766350f15 failed. Please check the error log in $REPO_ROOT/model_dirs/hpcasia_r04/campaign_20260918T032805.576636Z/workers_w16/sensitivity_w16_p2_s1_r1/model/cerebras_logs/20260918_143751/executors/000001/custom_worker_build.out. 
2026-09-18 15:29:18,530 INFO:   Falling back to venv mounting.
2026-09-18 15:29:18,532 INFO:   Compile was successful!
2026-09-18 15:29:18,533 INFO:   Programming Cerebras Wafer Scale Cluster for execution. This may take a few minutes.
2026-09-18 15:29:20,541 INFO:   Connectivity check: running command: ping -c 1 -W 3 10.125.8.2
2026-09-18 15:29:20,548 INFO:   Connectivity check succeeded.
2026-09-18 15:29:20,565 INFO:   Appliance client semantic version: 1.14.0, cluster server semantic version: 1.20.2, job operator semantic version: 1.20.2
2026-09-18 15:29:20,567 INFO:   Initiating a new execute wsjob against the cluster server.
2026-09-18 15:29:20,597 INFO:   Job id: wsjob-utt6qytxyref3umzdbvztb, workflow id: wflow-ny3x9qmvcmhadru9r9g97e, namespace: job-operator, remote log path: /n1/wsjob/workdir/job-operator/wsjob-utt6qytxyref3umzdbvztb
2026-09-18 15:29:40,597 INFO:   Poll ingress status: Waiting for job to be scheduled, current job status: Queueing, msg: job queueing to be scheduled. Job queue status: 1 execute job(s) queued before current job. For more information, please run 'csctl get job wsjob-utt6qytxyref3umzdbvztb --pending-status'.
2026-09-18 15:30:30,598 INFO:   Poll ingress status: Waiting for job to be scheduled, current job status: Queueing, msg: job queueing to be scheduled. Job queue status: current job is top of queue but likely blocked by running/reserved jobs, 1 execute job(s) running/reserved using 1 system(s) and 1 nodegroup(s)[1 pop and 0 depop], 2 compile job(s) running/reserved using 160Gi memory. For more information, please run 'csctl get job wsjob-utt6qytxyref3umzdbvztb --pending-status'.
2026-09-18 15:40:30,604 INFO:   Poll ingress status: Waiting for job to be scheduled, current job status: Queueing, msg: job queueing to be scheduled. Job queue status: current job is top of queue but likely blocked by running/reserved jobs, 1 execute job(s) running/reserved using 1 system(s) and 1 nodegroup(s)[1 pop and 0 depop], 2 compile job(s) running/reserved using 160Gi memory. For more information, please run 'csctl get job wsjob-utt6qytxyref3umzdbvztb --pending-status'.
2026-09-18 15:44:00,606 INFO:   Poll ingress status: Waiting for all Weight pods to be running, current running: 0/2.
2026-09-18 15:44:00,626 INFO:   Recording the timestamp when jobs is scheduled.
2026-09-18 15:44:00,661 WARNING:   Event 2026-09-18 15:43:44 +0000 UTC reason=InconsistentVersion wsjob=wsjob-utt6qytxyref3umzdbvztb message='Warning: client semantic version 1.14.0 is inconsistent with cluster server semantic version 1.20.2, there's a risk job could fail due to inconsistent setup.'
2026-09-18 15:44:00,662 INFO:   Infrastructure setup started for job wsjob-utt6qytxyref3umzdbvztb
2026-09-18 15:44:10,662 INFO:   Poll ingress status: Waiting for all Coordinator pods to be running, current running: 0/1.
2026-09-18 15:44:10,688 INFO:   Infrastructure setup completed successfully for job wsjob-utt6qytxyref3umzdbvztb
2026-09-18 15:44:20,688 INFO:   Poll ingress status: Waiting for all Chief pods to be running, current running: 0/1.
2026-09-18 15:44:20,716 INFO:   Infrastructure setup completed successfully for job wsjob-utt6qytxyref3umzdbvztb
2026-09-18 15:44:30,716 INFO:   Poll ingress status: Job ingress ready, dashboard: <internal-dashboard-url>
2026-09-18 15:44:30,739 INFO:   Infrastructure setup completed successfully for job wsjob-utt6qytxyref3umzdbvztb
2026-09-18 15:44:30,739 INFO:   Poll ingress success: Job ingress ready, dashboard: <internal-dashboard-url>
2026-09-18 15:44:30,751 INFO:   Finalizing out-of-cluster job handle with ingress service url: 
2026-09-18 15:44:30,751 WARNING:   Empty ingress service url. Falling back to default server: 10.125.8.2:443
2026-09-18 15:44:30,829 INFO:   Preparing to execute using 1 CSX
2026-09-18 15:44:48,251 INFO:   About to send initial weights
2026-09-18 15:44:48,422 INFO:   Finished sending initial weights
2026-09-18 15:44:48,422 INFO:   Finalizing appliance staging for the run
2026-09-18 15:44:54,919 INFO:   Waiting for device programming to complete
2026-09-18 15:45:08,397 INFO:   Device programming is complete
2026-09-18 15:45:08,690 INFO:   Using network type: ROCE
2026-09-18 15:45:08,691 INFO:   Waiting for input workers to prime the data pipeline and begin streaming ...
2026-09-18 15:45:08,701 INFO:   Input workers have begun streaming input data
2026-09-18 15:45:08,871 INFO:   Appliance staging is complete
2026-09-18 15:45:08,871 INFO:   Beginning appliance run
2026-09-18 15:45:19,200 INFO:   | Train Device=CSX, Step=10, Loss=3.37719, Rate=2661.97 samples/sec, GlobalRate=10.13 samples/sec, LoopTimeRemaining=0:09:58, TimeRemaining=0:09:58
2026-09-18 15:45:33,345 INFO:   | Train Device=CSX, Step=20, Loss=2.83006, Rate=2912.72 samples/sec, GlobalRate=20.19 samples/sec, LoopTimeRemaining=0:09:52, TimeRemaining=0:09:52
2026-09-18 15:45:51,902 INFO:   | Train Device=CSX, Step=30, Loss=2.48321, Rate=2840.98 samples/sec, GlobalRate=30.14 samples/sec, LoopTimeRemaining=0:09:38, TimeRemaining=0:09:38
2026-09-18 15:46:06,547 INFO:   | Train Device=CSX, Step=40, Loss=2.17466, Rate=2590.96 samples/sec, GlobalRate=40.04 samples/sec, LoopTimeRemaining=0:09:23, TimeRemaining=0:09:23
2026-09-18 15:46:24,729 INFO:   | Train Device=CSX, Step=50, Loss=1.85241, Rate=2779.87 samples/sec, GlobalRate=49.83 samples/sec, LoopTimeRemaining=0:09:09, TimeRemaining=0:09:09
2026-09-18 15:46:38,681 INFO:   | Train Device=CSX, Step=60, Loss=1.63806, Rate=2931.57 samples/sec, GlobalRate=59.60 samples/sec, LoopTimeRemaining=0:08:53, TimeRemaining=0:08:53
2026-09-18 15:46:56,455 INFO:   | Train Device=CSX, Step=70, Loss=1.52059, Rate=1653.28 samples/sec, GlobalRate=69.23 samples/sec, LoopTimeRemaining=0:08:39, TimeRemaining=0:08:39
2026-09-18 15:47:10,692 INFO:   | Train Device=CSX, Step=80, Loss=1.42359, Rate=2944.73 samples/sec, GlobalRate=78.85 samples/sec, LoopTimeRemaining=0:08:24, TimeRemaining=0:08:24
2026-09-18 15:47:24,699 INFO:   | Train Device=CSX, Step=90, Loss=1.41382, Rate=2923.53 samples/sec, GlobalRate=88.41 samples/sec, LoopTimeRemaining=0:08:10, TimeRemaining=0:08:10
2026-09-18 15:47:43,134 INFO:   | Train Device=CSX, Step=100, Loss=1.31883, Rate=2936.42 samples/sec, GlobalRate=97.80 samples/sec, LoopTimeRemaining=0:07:56, TimeRemaining=0:07:56
2026-09-18 15:47:57,310 INFO:   | Train Device=CSX, Step=110, Loss=1.27947, Rate=2929.70 samples/sec, GlobalRate=107.22 samples/sec, LoopTimeRemaining=0:07:42, TimeRemaining=0:07:42
2026-09-18 15:48:15,633 INFO:   | Train Device=CSX, Step=120, Loss=1.21283, Rate=2882.67 samples/sec, GlobalRate=116.46 samples/sec, LoopTimeRemaining=0:07:27, TimeRemaining=0:07:27
2026-09-18 15:48:29,774 INFO:   | Train Device=CSX, Step=130, Loss=1.25431, Rate=2692.04 samples/sec, GlobalRate=125.74 samples/sec, LoopTimeRemaining=0:07:13, TimeRemaining=0:07:13
2026-09-18 15:48:48,152 INFO:   | Train Device=CSX, Step=140, Loss=1.17677, Rate=2209.90 samples/sec, GlobalRate=134.83 samples/sec, LoopTimeRemaining=0:06:59, TimeRemaining=0:06:59
2026-09-18 15:49:02,191 INFO:   | Train Device=CSX, Step=150, Loss=1.18961, Rate=2935.71 samples/sec, GlobalRate=143.98 samples/sec, LoopTimeRemaining=0:06:45, TimeRemaining=0:06:45
2026-09-18 15:49:16,136 INFO:   | Train Device=CSX, Step=160, Loss=1.17591, Rate=2965.52 samples/sec, GlobalRate=153.08 samples/sec, LoopTimeRemaining=0:06:31, TimeRemaining=0:06:31
2026-09-18 15:49:34,460 INFO:   | Train Device=CSX, Step=170, Loss=1.11490, Rate=2949.43 samples/sec, GlobalRate=161.96 samples/sec, LoopTimeRemaining=0:06:17, TimeRemaining=0:06:17
2026-09-18 15:49:48,408 INFO:   | Train Device=CSX, Step=180, Loss=1.16431, Rate=2914.58 samples/sec, GlobalRate=170.93 samples/sec, LoopTimeRemaining=0:06:03, TimeRemaining=0:06:03
2026-09-18 15:50:06,669 INFO:   | Train Device=CSX, Step=190, Loss=1.17256, Rate=2932.31 samples/sec, GlobalRate=179.66 samples/sec, LoopTimeRemaining=0:05:49, TimeRemaining=0:05:49
2026-09-18 15:50:20,839 INFO:   | Train Device=CSX, Step=200, Loss=1.15904, Rate=2936.09 samples/sec, GlobalRate=188.50 samples/sec, LoopTimeRemaining=0:05:35, TimeRemaining=0:05:35
2026-09-18 15:50:39,146 INFO:   | Train Device=CSX, Step=210, Loss=1.11809, Rate=2565.84 samples/sec, GlobalRate=197.10 samples/sec, LoopTimeRemaining=0:05:21, TimeRemaining=0:05:21
2026-09-18 15:50:53,132 INFO:   | Train Device=CSX, Step=220, Loss=1.11506, Rate=2938.17 samples/sec, GlobalRate=205.83 samples/sec, LoopTimeRemaining=0:05:07, TimeRemaining=0:05:07
2026-09-18 15:51:07,124 INFO:   | Train Device=CSX, Step=230, Loss=1.00655, Rate=2937.22 samples/sec, GlobalRate=214.50 samples/sec, LoopTimeRemaining=0:04:53, TimeRemaining=0:04:53
2026-09-18 15:51:26,010 INFO:   | Train Device=CSX, Step=240, Loss=1.11497, Rate=2945.34 samples/sec, GlobalRate=222.86 samples/sec, LoopTimeRemaining=0:04:39, TimeRemaining=0:04:39
2026-09-18 15:51:39,953 INFO:   | Train Device=CSX, Step=250, Loss=1.07827, Rate=2935.06 samples/sec, GlobalRate=231.42 samples/sec, LoopTimeRemaining=0:04:25, TimeRemaining=0:04:25
2026-09-18 15:51:58,115 INFO:   | Train Device=CSX, Step=260, Loss=1.07885, Rate=2941.98 samples/sec, GlobalRate=239.69 samples/sec, LoopTimeRemaining=0:04:11, TimeRemaining=0:04:11
2026-09-18 15:52:12,104 INFO:   | Train Device=CSX, Step=270, Loss=1.08083, Rate=2917.53 samples/sec, GlobalRate=248.13 samples/sec, LoopTimeRemaining=0:03:57, TimeRemaining=0:03:57
2026-09-18 15:52:30,185 INFO:   | Train Device=CSX, Step=280, Loss=1.11849, Rate=2739.28 samples/sec, GlobalRate=256.28 samples/sec, LoopTimeRemaining=0:03:43, TimeRemaining=0:03:43
2026-09-18 15:52:44,143 INFO:   | Train Device=CSX, Step=290, Loss=1.06843, Rate=2954.89 samples/sec, GlobalRate=264.61 samples/sec, LoopTimeRemaining=0:03:29, TimeRemaining=0:03:29
2026-09-18 15:53:02,084 INFO:   | Train Device=CSX, Step=300, Loss=1.02315, Rate=1625.12 samples/sec, GlobalRate=272.64 samples/sec, LoopTimeRemaining=0:03:15, TimeRemaining=0:03:15
2026-09-18 15:53:16,324 INFO:   | Train Device=CSX, Step=310, Loss=1.04774, Rate=2945.06 samples/sec, GlobalRate=280.84 samples/sec, LoopTimeRemaining=0:03:01, TimeRemaining=0:03:01
2026-09-18 15:53:30,320 INFO:   | Train Device=CSX, Step=320, Loss=1.09656, Rate=2930.90 samples/sec, GlobalRate=289.01 samples/sec, LoopTimeRemaining=0:02:47, TimeRemaining=0:02:47
2026-09-18 15:53:48,762 INFO:   | Train Device=CSX, Step=330, Loss=1.02357, Rate=2924.43 samples/sec, GlobalRate=296.83 samples/sec, LoopTimeRemaining=0:02:33, TimeRemaining=0:02:33
2026-09-18 15:54:02,738 INFO:   | Train Device=CSX, Step=340, Loss=1.03504, Rate=2928.56 samples/sec, GlobalRate=304.89 samples/sec, LoopTimeRemaining=0:02:19, TimeRemaining=0:02:19
2026-09-18 15:54:20,809 INFO:   | Train Device=CSX, Step=350, Loss=0.99137, Rate=2887.93 samples/sec, GlobalRate=312.62 samples/sec, LoopTimeRemaining=0:02:05, TimeRemaining=0:02:05
2026-09-18 15:54:34,753 INFO:   | Train Device=CSX, Step=360, Loss=1.03419, Rate=2934.99 samples/sec, GlobalRate=320.58 samples/sec, LoopTimeRemaining=0:01:52, TimeRemaining=0:01:52
2026-09-18 15:54:52,879 INFO:   | Train Device=CSX, Step=370, Loss=1.01350, Rate=2158.58 samples/sec, GlobalRate=328.19 samples/sec, LoopTimeRemaining=0:01:38, TimeRemaining=0:01:38
2026-09-18 15:55:06,855 INFO:   | Train Device=CSX, Step=380, Loss=1.02233, Rate=2947.09 samples/sec, GlobalRate=336.04 samples/sec, LoopTimeRemaining=0:01:24, TimeRemaining=0:01:24
2026-09-18 15:55:20,840 INFO:   | Train Device=CSX, Step=390, Loss=1.02352, Rate=2922.72 samples/sec, GlobalRate=343.85 samples/sec, LoopTimeRemaining=0:01:10, TimeRemaining=0:01:10
2026-09-18 15:55:39,029 INFO:   | Train Device=CSX, Step=400, Loss=0.95176, Rate=2937.33 samples/sec, GlobalRate=351.29 samples/sec, LoopTimeRemaining=0:00:56, TimeRemaining=0:00:56
2026-09-18 15:55:52,988 INFO:   | Train Device=CSX, Step=410, Loss=1.01225, Rate=2925.69 samples/sec, GlobalRate=359.00 samples/sec, LoopTimeRemaining=0:00:42, TimeRemaining=0:00:42
2026-09-18 15:56:11,679 INFO:   | Train Device=CSX, Step=420, Loss=1.01939, Rate=2912.30 samples/sec, GlobalRate=366.29 samples/sec, LoopTimeRemaining=0:00:28, TimeRemaining=0:00:28
2026-09-18 15:56:25,598 INFO:   | Train Device=CSX, Step=430, Loss=1.00939, Rate=2921.11 samples/sec, GlobalRate=373.90 samples/sec, LoopTimeRemaining=0:00:14, TimeRemaining=0:00:14
2026-09-18 15:56:43,942 INFO:   | Train Device=CSX, Step=440, Loss=0.98283, Rate=2528.58 samples/sec, GlobalRate=381.11 samples/sec, LoopTimeRemaining=0:00:00, TimeRemaining=0:00:00
2026-09-18 15:56:44,046 INFO:   Training completed successfully!
2026-09-18 15:56:44,056 INFO:   Processed 1802240 training sample(s) in 4731.743021926 seconds.
