$REPO_ROOT/.venv/lib/python3.11/site-packages/outdated/__init__.py:36: UserWarning: pkg_resources is deprecated as an API. See https://setuptools.pypa.io/en/latest/pkg_resources.html. The pkg_resources package is slated for removal as early as 2025-11-30. Refrain from using this package or pin to Setuptools<81.
  from pkg_resources import parse_version
[ddp] Single-process mode: device=cuda
[Info] Running in Single-Process mode (CPU or Single GPU).
[Info] Device: cuda
[GraphCache] Caching disabled (0 nodes).
[Compile] {"enabled": true, "dynamic": true}
[GPU policy] {"version": 1, "optimizer": "torch.optim.AdamW", "epsilon_convention": "sqrt_bias_corrected_second_moment_plus_eps", "optimizer_defaults": {"lr": 0.003, "betas": [0.9, 0.999], "eps": 1e-06, "weight_decay": 0.0005, "amsgrad": false, "foreach": null, "maximize": false, "capturable": false, "differentiable": false, "fused": null}, "optimizer_groups": [{"parameters": ["_orig_mod.gnn.convs.0.lin_l.weight", "_orig_mod.gnn.convs.0.lin_r.weight", "_orig_mod.gnn.convs.1.lin_l.weight", "_orig_mod.gnn.convs.1.lin_r.weight", "_orig_mod.gnn.convs.2.lin_l.weight", "_orig_mod.gnn.convs.2.lin_r.weight", "_orig_mod.classifier.weight"], "weight_decay": 0.0005}, {"parameters": ["_orig_mod.gnn.convs.0.lin_l.bias", "_orig_mod.gnn.convs.1.lin_l.bias", "_orig_mod.gnn.convs.2.lin_l.bias", "_orig_mod.classifier.bias"], "weight_decay": 0.0}], "parameter_count": 4500520, "amp": {"implementation": "torch.amp.GradScaler", "enabled": true, "init_scale": 32768.0, "growth_interval": 2000, "growth_factor": 2.0, "backoff_factor": 0.5, "sdk_scale_clamps": false}}
[Step=0010] Wall=4.5661s | Loss=5.2086
[Profile] Avg ms/step | Load: 35.121 (Prep: 18.565, Struc: 0.387, Fetch: 16.169) | Fwd: 401.979 | Bwd: 12.591 | Opt: 4.484 | GPU_Tot: 435.610
[Autotune] {"version": 2, "step": 10, "wall_seconds": 4.566122611984611, "seed_nodes": 40960, "loss": 5.208606719970703, "all_losses_finite": true, "optimizer_steps": 9, "skipped_optimizer_steps": 1, "loss_scale": 16384.0}
[Step=0020] Wall=4.8665s | Loss=3.2088
[Profile] Avg ms/step | Load: 23.041 (Prep: 9.308, Struc: 0.341, Fetch: 13.393) | Fwd: 205.292 | Bwd: 11.134 | Opt: 2.559 | GPU_Tot: 232.718
[Autotune] {"version": 2, "step": 20, "wall_seconds": 4.866480011958629, "seed_nodes": 81920, "loss": 3.2088008880615235, "all_losses_finite": true, "optimizer_steps": 19, "skipped_optimizer_steps": 1, "loss_scale": 16384.0}
[Step=0030] Wall=5.2647s | Loss=2.6252
[Profile] Avg ms/step | Load: 22.495 (Prep: 8.279, Struc: 0.324, Fetch: 13.891) | Fwd: 139.609 | Bwd: 10.497 | Opt: 1.966 | GPU_Tot: 166.287
[Autotune] {"version": 2, "step": 30, "wall_seconds": 5.2646762451622635, "seed_nodes": 119613, "loss": 2.625200653076172, "all_losses_finite": true, "optimizer_steps": 29, "skipped_optimizer_steps": 1, "loss_scale": 16384.0}
[Step=0040] Wall=5.5643s | Loss=2.2334
[Profile] Avg ms/step | Load: 0.000 (Prep: 0.000, Struc: 0.000, Fetch: 0.000) | Fwd: 0.000 | Bwd: 0.000 | Opt: 0.000 | GPU_Tot: 0.000
[Autotune] {"version": 2, "step": 40, "wall_seconds": 5.564261428080499, "seed_nodes": 160573, "loss": 2.233420753479004, "all_losses_finite": true, "optimizer_steps": 39, "skipped_optimizer_steps": 1, "loss_scale": 16384.0}
[Step=0050] Wall=5.9335s | Loss=1.9645
[Profile] Avg ms/step | Load: 18.702 (Prep: 4.938, Struc: 0.287, Fetch: 13.477) | Fwd: 8.200 | Bwd: 9.181 | Opt: 0.674 | GPU_Tot: 31.819
[Autotune] {"version": 2, "step": 50, "wall_seconds": 5.933475779136643, "seed_nodes": 198266, "loss": 1.9645315170288087, "all_losses_finite": true, "optimizer_steps": 49, "skipped_optimizer_steps": 1, "loss_scale": 16384.0}
[Step=0060] Wall=6.2660s | Loss=1.8109
[Profile] Avg ms/step | Load: 16.403 (Prep: 3.057, Struc: 0.292, Fetch: 13.054) | Fwd: 8.423 | Bwd: 9.442 | Opt: 0.657 | GPU_Tot: 31.869
[Autotune] {"version": 2, "step": 60, "wall_seconds": 6.265978770097718, "seed_nodes": 239226, "loss": 1.8109468460083007, "all_losses_finite": true, "optimizer_steps": 59, "skipped_optimizer_steps": 1, "loss_scale": 16384.0}
[Step=0070] Wall=6.6108s | Loss=1.6947
[Profile] Avg ms/step | Load: 16.375 (Prep: 3.671, Struc: 0.290, Fetch: 12.414) | Fwd: 8.342 | Bwd: 9.354 | Opt: 0.654 | GPU_Tot: 31.054
[Autotune] {"version": 2, "step": 70, "wall_seconds": 6.610778893111274, "seed_nodes": 276919, "loss": 1.6947158813476562, "all_losses_finite": true, "optimizer_steps": 69, "skipped_optimizer_steps": 1, "loss_scale": 16384.0}
[Step=0080] Wall=6.9622s | Loss=1.5845
[Profile] Avg ms/step | Load: 16.271 (Prep: 2.981, Struc: 0.293, Fetch: 12.997) | Fwd: 8.422 | Bwd: 9.438 | Opt: 0.655 | GPU_Tot: 31.805
[Autotune] {"version": 2, "step": 80, "wall_seconds": 6.962200679117814, "seed_nodes": 317879, "loss": 1.5845042228698731, "all_losses_finite": true, "optimizer_steps": 79, "skipped_optimizer_steps": 1, "loss_scale": 16384.0}
[Step=0090] Wall=7.2676s | Loss=1.4949
[Profile] Avg ms/step | Load: 15.300 (Prep: 2.395, Struc: 0.293, Fetch: 12.611) | Fwd: 8.465 | Bwd: 9.492 | Opt: 0.650 | GPU_Tot: 31.512
[Autotune] {"version": 2, "step": 90, "wall_seconds": 7.267629947979003, "seed_nodes": 358839, "loss": 1.4948553085327148, "all_losses_finite": true, "optimizer_steps": 89, "skipped_optimizer_steps": 1, "loss_scale": 16384.0}
[Step=0100] Wall=7.6748s | Loss=1.4298
[Profile] Avg ms/step | Load: 16.501 (Prep: 3.149, Struc: 0.293, Fetch: 13.060) | Fwd: 8.421 | Bwd: 9.438 | Opt: 0.655 | GPU_Tot: 31.866
[Autotune] {"version": 2, "step": 100, "wall_seconds": 7.674840588122606, "seed_nodes": 396532, "loss": 1.4297900199890137, "all_losses_finite": true, "optimizer_steps": 99, "skipped_optimizer_steps": 1, "loss_scale": 16384.0}
[Step=0110] Wall=7.9752s | Loss=1.3623
[Profile] Avg ms/step | Load: 15.700 (Prep: 2.706, Struc: 0.293, Fetch: 12.701) | Fwd: 8.453 | Bwd: 9.479 | Opt: 0.651 | GPU_Tot: 31.576
[Autotune] {"version": 2, "step": 110, "wall_seconds": 7.9752457870636135, "seed_nodes": 437492, "loss": 1.3622820854187012, "all_losses_finite": true, "optimizer_steps": 109, "skipped_optimizer_steps": 1, "loss_scale": 16384.0}
[Step=0120] Wall=8.3701s | Loss=1.3430
[Profile] Avg ms/step | Load: 16.385 (Prep: 3.243, Struc: 0.293, Fetch: 12.849) | Fwd: 8.425 | Bwd: 9.444 | Opt: 0.658 | GPU_Tot: 31.668
[Autotune] {"version": 2, "step": 120, "wall_seconds": 8.370078805135563, "seed_nodes": 475185, "loss": 1.3429798126220702, "all_losses_finite": true, "optimizer_steps": 119, "skipped_optimizer_steps": 1, "loss_scale": 16384.0}
[Step=0130] Wall=8.6999s | Loss=1.3219
[Profile] Avg ms/step | Load: 16.102 (Prep: 2.994, Struc: 0.293, Fetch: 12.814) | Fwd: 8.449 | Bwd: 9.473 | Opt: 0.655 | GPU_Tot: 31.685
[Autotune] {"version": 2, "step": 130, "wall_seconds": 8.699886368121952, "seed_nodes": 516145, "loss": 1.321855640411377, "all_losses_finite": true, "optimizer_steps": 129, "skipped_optimizer_steps": 1, "loss_scale": 16384.0}
[Step=0140] Wall=9.0578s | Loss=1.2872
[Profile] Avg ms/step | Load: 16.251 (Prep: 3.286, Struc: 0.293, Fetch: 12.671) | Fwd: 8.424 | Bwd: 9.445 | Opt: 0.654 | GPU_Tot: 31.488
[Autotune] {"version": 2, "step": 140, "wall_seconds": 9.057762956945226, "seed_nodes": 553838, "loss": 1.2871706008911132, "all_losses_finite": true, "optimizer_steps": 139, "skipped_optimizer_steps": 1, "loss_scale": 16384.0}
[Step=0150] Wall=9.4109s | Loss=1.2687
[Profile] Avg ms/step | Load: 16.238 (Prep: 3.089, Struc: 0.294, Fetch: 12.855) | Fwd: 8.446 | Bwd: 9.469 | Opt: 0.654 | GPU_Tot: 31.719
[Autotune] {"version": 2, "step": 150, "wall_seconds": 9.41094822017476, "seed_nodes": 594798, "loss": 1.2687458038330077, "all_losses_finite": true, "optimizer_steps": 149, "skipped_optimizer_steps": 1, "loss_scale": 16384.0}
[Step=0160] Wall=9.7125s | Loss=1.2360
[Profile] Avg ms/step | Load: 15.805 (Prep: 2.836, Struc: 0.294, Fetch: 12.675) | Fwd: 8.462 | Bwd: 9.488 | Opt: 0.653 | GPU_Tot: 31.571
[Autotune] {"version": 2, "step": 160, "wall_seconds": 9.712468970101327, "seed_nodes": 635758, "loss": 1.2359511375427246, "all_losses_finite": true, "optimizer_steps": 159, "skipped_optimizer_steps": 1, "loss_scale": 16384.0}
[Step=0170] Wall=10.1375s | Loss=1.2178
[Profile] Avg ms/step | Load: 16.449 (Prep: 3.325, Struc: 0.295, Fetch: 12.829) | Fwd: 8.445 | Bwd: 9.467 | Opt: 0.656 | GPU_Tot: 31.692
[Autotune] {"version": 2, "step": 170, "wall_seconds": 10.137531550135463, "seed_nodes": 673451, "loss": 1.2177545547485351, "all_losses_finite": true, "optimizer_steps": 169, "skipped_optimizer_steps": 1, "loss_scale": 16384.0}
[Step=0180] Wall=10.4506s | Loss=1.2294
[Profile] Avg ms/step | Load: 16.144 (Prep: 3.092, Struc: 0.295, Fetch: 12.758) | Fwd: 8.458 | Bwd: 9.483 | Opt: 0.655 | GPU_Tot: 31.649
[Autotune] {"version": 2, "step": 180, "wall_seconds": 10.450600123032928, "seed_nodes": 714411, "loss": 1.2293983459472657, "all_losses_finite": true, "optimizer_steps": 179, "skipped_optimizer_steps": 1, "loss_scale": 16384.0}
[Step=0190] Wall=10.8461s | Loss=1.1828
[Profile] Avg ms/step | Load: 16.483 (Prep: 3.355, Struc: 0.295, Fetch: 12.833) | Fwd: 8.446 | Bwd: 9.466 | Opt: 0.656 | GPU_Tot: 31.695
[Autotune] {"version": 2, "step": 190, "wall_seconds": 10.846106661949307, "seed_nodes": 752104, "loss": 1.1827847480773925, "all_losses_finite": true, "optimizer_steps": 189, "skipped_optimizer_steps": 1, "loss_scale": 16384.0}
[Step=0200] Wall=11.1610s | Loss=1.1800
[Profile] Avg ms/step | Load: 16.228 (Prep: 3.192, Struc: 0.295, Fetch: 12.741) | Fwd: 8.457 | Bwd: 9.479 | Opt: 0.654 | GPU_Tot: 31.626
[Autotune] {"version": 2, "step": 200, "wall_seconds": 11.161000087158754, "seed_nodes": 793064, "loss": 1.1800140380859374, "all_losses_finite": true, "optimizer_steps": 199, "skipped_optimizer_steps": 1, "loss_scale": 16384.0}
[Step=0210] Wall=11.5399s | Loss=1.1967
[Profile] Avg ms/step | Load: 16.431 (Prep: 3.411, Struc: 0.295, Fetch: 12.726) | Fwd: 8.442 | Bwd: 9.462 | Opt: 0.654 | GPU_Tot: 31.578
[Autotune] {"version": 2, "step": 210, "wall_seconds": 11.539851555135101, "seed_nodes": 830757, "loss": 1.1966548919677735, "all_losses_finite": true, "optimizer_steps": 209, "skipped_optimizer_steps": 1, "loss_scale": 16384.0}
[Step=0220] Wall=11.8800s | Loss=1.1738
[Profile] Avg ms/step | Load: 16.343 (Prep: 3.281, Struc: 0.298, Fetch: 12.764) | Fwd: 8.454 | Bwd: 9.475 | Opt: 0.654 | GPU_Tot: 31.644
[Autotune] {"version": 2, "step": 220, "wall_seconds": 11.880045964149758, "seed_nodes": 871717, "loss": 1.1738102912902832, "all_losses_finite": true, "optimizer_steps": 219, "skipped_optimizer_steps": 1, "loss_scale": 16384.0}
[Step=0230] Wall=12.1632s | Loss=1.1513
[Profile] Avg ms/step | Load: 16.018 (Prep: 3.111, Struc: 0.297, Fetch: 12.610) | Fwd: 8.440 | Bwd: 9.460 | Opt: 0.652 | GPU_Tot: 31.459
[Autotune] {"version": 2, "step": 230, "wall_seconds": 12.16323453001678, "seed_nodes": 909410, "loss": 1.1512646675109863, "all_losses_finite": true, "optimizer_steps": 229, "skipped_optimizer_steps": 1, "loss_scale": 16384.0}
[Step=0240] Wall=12.5973s | Loss=1.1566
[Profile] Avg ms/step | Load: 16.424 (Prep: 3.358, Struc: 0.298, Fetch: 12.768) | Fwd: 8.452 | Bwd: 9.473 | Opt: 0.654 | GPU_Tot: 31.645
[Autotune] {"version": 2, "step": 240, "wall_seconds": 12.597270553000271, "seed_nodes": 950370, "loss": 1.1565648078918458, "all_losses_finite": true, "optimizer_steps": 239, "skipped_optimizer_steps": 1, "loss_scale": 16384.0}
[Step=0250] Wall=12.8981s | Loss=1.1500
[Profile] Avg ms/step | Load: 16.165 (Prep: 3.201, Struc: 0.298, Fetch: 12.667) | Fwd: 8.461 | Bwd: 9.483 | Opt: 0.653 | GPU_Tot: 31.561
[Autotune] {"version": 2, "step": 250, "wall_seconds": 12.89811787311919, "seed_nodes": 991330, "loss": 1.149992084503174, "all_losses_finite": true, "optimizer_steps": 249, "skipped_optimizer_steps": 1, "loss_scale": 16384.0}
[Step=0260] Wall=13.3178s | Loss=1.1294
[Profile] Avg ms/step | Load: 16.507 (Prep: 3.446, Struc: 0.297, Fetch: 12.764) | Fwd: 8.450 | Bwd: 9.470 | Opt: 0.654 | GPU_Tot: 31.635
[Autotune] {"version": 2, "step": 260, "wall_seconds": 13.317780120065436, "seed_nodes": 1029023, "loss": 1.1294113159179688, "all_losses_finite": true, "optimizer_steps": 259, "skipped_optimizer_steps": 1, "loss_scale": 16384.0}
[Step=0270] Wall=13.6236s | Loss=1.1216
[Profile] Avg ms/step | Load: 16.288 (Prep: 3.298, Struc: 0.297, Fetch: 12.693) | Fwd: 8.458 | Bwd: 9.480 | Opt: 0.652 | GPU_Tot: 31.581
[Autotune] {"version": 2, "step": 270, "wall_seconds": 13.623623677063733, "seed_nodes": 1069983, "loss": 1.1216057777404784, "all_losses_finite": true, "optimizer_steps": 269, "skipped_optimizer_steps": 1, "loss_scale": 16384.0}
[Step=0280] Wall=13.9862s | Loss=1.1268
[Profile] Avg ms/step | Load: 16.362 (Prep: 3.369, Struc: 0.297, Fetch: 12.696) | Fwd: 8.448 | Bwd: 9.468 | Opt: 0.652 | GPU_Tot: 31.560
[Autotune] {"version": 2, "step": 280, "wall_seconds": 13.986217038007453, "seed_nodes": 1107676, "loss": 1.1267900466918945, "all_losses_finite": true, "optimizer_steps": 279, "skipped_optimizer_steps": 1, "loss_scale": 16384.0}
[Step=0290] Wall=14.3188s | Loss=1.1183
[Profile] Avg ms/step | Load: 16.273 (Prep: 3.276, Struc: 0.297, Fetch: 12.700) | Fwd: 8.455 | Bwd: 9.476 | Opt: 0.652 | GPU_Tot: 31.580
[Autotune] {"version": 2, "step": 290, "wall_seconds": 14.318842587992549, "seed_nodes": 1148636, "loss": 1.1182748794555664, "all_losses_finite": true, "optimizer_steps": 289, "skipped_optimizer_steps": 1, "loss_scale": 16384.0}
[Step=0300] Wall=14.6879s | Loss=1.1148
[Profile] Avg ms/step | Load: 16.365 (Prep: 3.450, Struc: 0.296, Fetch: 12.618) | Fwd: 8.446 | Bwd: 9.466 | Opt: 0.652 | GPU_Tot: 31.479
[Autotune] {"version": 2, "step": 300, "wall_seconds": 14.687940865987912, "seed_nodes": 1186329, "loss": 1.1147755622863769, "all_losses_finite": true, "optimizer_steps": 299, "skipped_optimizer_steps": 1, "loss_scale": 16384.0}
[Step=0310] Wall=15.0489s | Loss=1.1041
[Profile] Avg ms/step | Load: 16.385 (Prep: 3.366, Struc: 0.297, Fetch: 12.723) | Fwd: 8.455 | Bwd: 9.475 | Opt: 0.652 | GPU_Tot: 31.601
[Autotune] {"version": 2, "step": 310, "wall_seconds": 15.048902955139056, "seed_nodes": 1227289, "loss": 1.1040945053100586, "all_losses_finite": true, "optimizer_steps": 309, "skipped_optimizer_steps": 1, "loss_scale": 16384.0}
[Step=0320] Wall=15.3557s | Loss=1.0940
[Profile] Avg ms/step | Load: 16.213 (Prep: 3.247, Struc: 0.297, Fetch: 12.669) | Fwd: 8.461 | Bwd: 9.483 | Opt: 0.652 | GPU_Tot: 31.561
[Autotune] {"version": 2, "step": 320, "wall_seconds": 15.35567719116807, "seed_nodes": 1268249, "loss": 1.0939786911010743, "all_losses_finite": true, "optimizer_steps": 319, "skipped_optimizer_steps": 1, "loss_scale": 16384.0}
[Step=0330] Wall=15.7790s | Loss=1.0905
[Profile] Avg ms/step | Load: 16.482 (Prep: 3.444, Struc: 0.297, Fetch: 12.742) | Fwd: 8.453 | Bwd: 9.473 | Opt: 0.653 | GPU_Tot: 31.617
[Autotune] {"version": 2, "step": 330, "wall_seconds": 15.778967462014407, "seed_nodes": 1305942, "loss": 1.0905139923095704, "all_losses_finite": true, "optimizer_steps": 329, "skipped_optimizer_steps": 1, "loss_scale": 16384.0}
[Step=0340] Wall=16.0798s | Loss=1.0954
[Profile] Avg ms/step | Load: 16.299 (Prep: 3.331, Struc: 0.296, Fetch: 12.671) | Fwd: 8.459 | Bwd: 9.480 | Opt: 0.652 | GPU_Tot: 31.559
[Autotune] {"version": 2, "step": 340, "wall_seconds": 16.07978893094696, "seed_nodes": 1346902, "loss": 1.0953612327575684, "all_losses_finite": true, "optimizer_steps": 339, "skipped_optimizer_steps": 1, "loss_scale": 16384.0}
[Step=0350] Wall=16.4827s | Loss=1.0889
[Profile] Avg ms/step | Load: 16.484 (Prep: 3.496, Struc: 0.296, Fetch: 12.691) | Fwd: 8.452 | Bwd: 9.472 | Opt: 0.652 | GPU_Tot: 31.563
[Autotune] {"version": 2, "step": 350, "wall_seconds": 16.482731389114633, "seed_nodes": 1384595, "loss": 1.0888501167297364, "all_losses_finite": true, "optimizer_steps": 349, "skipped_optimizer_steps": 1, "loss_scale": 16384.0}
[Step=0360] Wall=16.8098s | Loss=1.0834
[Profile] Avg ms/step | Load: 16.392 (Prep: 3.418, Struc: 0.296, Fetch: 12.677) | Fwd: 8.458 | Bwd: 9.479 | Opt: 0.652 | GPU_Tot: 31.563
[Autotune] {"version": 2, "step": 360, "wall_seconds": 16.809824892086908, "seed_nodes": 1425555, "loss": 1.0833575248718261, "all_losses_finite": true, "optimizer_steps": 359, "skipped_optimizer_steps": 1, "loss_scale": 16384.0}
[Step=0370] Wall=17.1791s | Loss=1.0639
[Profile] Avg ms/step | Load: 16.462 (Prep: 3.493, Struc: 0.296, Fetch: 12.672) | Fwd: 8.450 | Bwd: 9.470 | Opt: 0.652 | GPU_Tot: 31.541
[Autotune] {"version": 2, "step": 370, "wall_seconds": 17.179133309982717, "seed_nodes": 1463248, "loss": 1.063939380645752, "all_losses_finite": true, "optimizer_steps": 369, "skipped_optimizer_steps": 1, "loss_scale": 16384.0}
[Step=0380] Wall=17.5351s | Loss=1.0712
[Profile] Avg ms/step | Load: 16.460 (Prep: 3.420, Struc: 0.296, Fetch: 12.743) | Fwd: 8.457 | Bwd: 9.477 | Opt: 0.653 | GPU_Tot: 31.626
[Autotune] {"version": 2, "step": 380, "wall_seconds": 17.5350810859818, "seed_nodes": 1504208, "loss": 1.071246337890625, "all_losses_finite": true, "optimizer_steps": 379, "skipped_optimizer_steps": 1, "loss_scale": 16384.0}
[Step=0390] Wall=17.8613s | Loss=1.0584
[Profile] Avg ms/step | Load: 16.375 (Prep: 3.324, Struc: 0.296, Fetch: 12.755) | Fwd: 8.462 | Bwd: 9.484 | Opt: 0.652 | GPU_Tot: 31.648
[Autotune] {"version": 2, "step": 390, "wall_seconds": 17.861308980034664, "seed_nodes": 1545168, "loss": 1.058401870727539, "all_losses_finite": true, "optimizer_steps": 389, "skipped_optimizer_steps": 1, "loss_scale": 16384.0}
[Step=0400] Wall=18.2843s | Loss=1.0676
[Profile] Avg ms/step | Load: 16.587 (Prep: 3.454, Struc: 0.296, Fetch: 12.837) | Fwd: 8.456 | Bwd: 9.476 | Opt: 0.652 | GPU_Tot: 31.718
[Autotune] {"version": 2, "step": 400, "wall_seconds": 18.28427779302001, "seed_nodes": 1582861, "loss": 1.0676416397094726, "all_losses_finite": true, "optimizer_steps": 399, "skipped_optimizer_steps": 1, "loss_scale": 16384.0}
[Step=0410] Wall=18.5842s | Loss=1.0621
[Profile] Avg ms/step | Load: 16.433 (Prep: 3.362, Struc: 0.296, Fetch: 12.775) | Fwd: 8.460 | Bwd: 9.482 | Opt: 0.652 | GPU_Tot: 31.666
[Autotune] {"version": 2, "step": 410, "wall_seconds": 18.584238894982263, "seed_nodes": 1623821, "loss": 1.0620599746704102, "all_losses_finite": true, "optimizer_steps": 409, "skipped_optimizer_steps": 1, "loss_scale": 16384.0}
[Step=0420] Wall=18.9949s | Loss=1.0641
[Profile] Avg ms/step | Load: 16.601 (Prep: 3.499, Struc: 0.296, Fetch: 12.806) | Fwd: 8.454 | Bwd: 9.475 | Opt: 0.652 | GPU_Tot: 31.683
[Autotune] {"version": 2, "step": 420, "wall_seconds": 18.994920440018177, "seed_nodes": 1661514, "loss": 1.0640995025634765, "all_losses_finite": true, "optimizer_steps": 419, "skipped_optimizer_steps": 1, "loss_scale": 16384.0}
[Step=0430] Wall=19.3146s | Loss=1.0488
[Profile] Avg ms/step | Load: 16.505 (Prep: 3.437, Struc: 0.296, Fetch: 12.772) | Fwd: 8.459 | Bwd: 9.481 | Opt: 0.651 | GPU_Tot: 31.658
[Autotune] {"version": 2, "step": 430, "wall_seconds": 19.314599861158058, "seed_nodes": 1702474, "loss": 1.0488147735595703, "all_losses_finite": true, "optimizer_steps": 429, "skipped_optimizer_steps": 1, "loss_scale": 16384.0}
[Step=0440] Wall=19.6917s | Loss=1.0603
[Profile] Avg ms/step | Load: 16.578 (Prep: 3.528, Struc: 0.296, Fetch: 12.755) | Fwd: 8.453 | Bwd: 9.474 | Opt: 0.651 | GPU_Tot: 31.629
[Autotune] {"version": 2, "step": 440, "wall_seconds": 19.691734259016812, "seed_nodes": 1740167, "loss": 1.0603291511535644, "all_losses_finite": true, "optimizer_steps": 439, "skipped_optimizer_steps": 1, "loss_scale": 16384.0}
[Step=0450] Wall=20.0348s | Loss=1.0513
[Profile] Avg ms/step | Load: 16.543 (Prep: 3.469, Struc: 0.296, Fetch: 12.779) | Fwd: 8.458 | Bwd: 9.480 | Opt: 0.651 | GPU_Tot: 31.664
[Autotune] {"version": 2, "step": 450, "wall_seconds": 20.034776635002345, "seed_nodes": 1781127, "loss": 1.0512640953063965, "all_losses_finite": true, "optimizer_steps": 449, "skipped_optimizer_steps": 1, "loss_scale": 16384.0}
[Step=0460] Wall=20.3218s | Loss=1.0378
[Profile] Avg ms/step | Load: 16.399 (Prep: 3.387, Struc: 0.296, Fetch: 12.716) | Fwd: 8.452 | Bwd: 9.473 | Opt: 0.651 | GPU_Tot: 31.588
[Autotune] {"version": 2, "step": 460, "wall_seconds": 20.321750642964616, "seed_nodes": 1818820, "loss": 1.037824821472168, "all_losses_finite": true, "optimizer_steps": 459, "skipped_optimizer_steps": 1, "loss_scale": 16384.0}
[Step=0470] Wall=20.7698s | Loss=1.0421
[Profile] Avg ms/step | Load: 16.613 (Prep: 3.525, Struc: 0.296, Fetch: 12.793) | Fwd: 8.457 | Bwd: 9.479 | Opt: 0.651 | GPU_Tot: 31.676
[Autotune] {"version": 2, "step": 470, "wall_seconds": 20.769806961994618, "seed_nodes": 1859780, "loss": 1.042106819152832, "all_losses_finite": true, "optimizer_steps": 469, "skipped_optimizer_steps": 1, "loss_scale": 16384.0}
[Step=0480] Wall=21.0696s | Loss=1.0402
[Profile] Avg ms/step | Load: 16.482 (Prep: 3.446, Struc: 0.296, Fetch: 12.741) | Fwd: 8.461 | Bwd: 9.484 | Opt: 0.651 | GPU_Tot: 31.632
[Autotune] {"version": 2, "step": 480, "wall_seconds": 21.06960367807187, "seed_nodes": 1900740, "loss": 1.0401731491088868, "all_losses_finite": true, "optimizer_steps": 479, "skipped_optimizer_steps": 1, "loss_scale": 16384.0}
[Step=0490] Wall=21.4934s | Loss=1.0286
[Profile] Avg ms/step | Load: 16.652 (Prep: 3.570, Struc: 0.296, Fetch: 12.787) | Fwd: 8.456 | Bwd: 9.478 | Opt: 0.651 | GPU_Tot: 31.667
[Autotune] {"version": 2, "step": 490, "wall_seconds": 21.493393968092278, "seed_nodes": 1938433, "loss": 1.028615951538086, "all_losses_finite": true, "optimizer_steps": 489, "skipped_optimizer_steps": 1, "loss_scale": 16384.0}
[Step=0500] Wall=21.7957s | Loss=1.0281
[Profile] Avg ms/step | Load: 16.531 (Prep: 3.493, Struc: 0.296, Fetch: 12.742) | Fwd: 8.460 | Bwd: 9.483 | Opt: 0.651 | GPU_Tot: 31.631
[Autotune] {"version": 2, "step": 500, "wall_seconds": 21.795679744100198, "seed_nodes": 1979393, "loss": 1.0280828475952148, "all_losses_finite": true, "optimizer_steps": 499, "skipped_optimizer_steps": 1, "loss_scale": 16384.0}
[Step=0510] Wall=22.1772s | Loss=1.0112
[Profile] Avg ms/step | Load: 16.602 (Prep: 3.568, Struc: 0.296, Fetch: 12.738) | Fwd: 8.455 | Bwd: 9.477 | Opt: 0.651 | GPU_Tot: 31.617
[Autotune] {"version": 2, "step": 510, "wall_seconds": 22.177168246125802, "seed_nodes": 2017086, "loss": 1.0112104415893555, "all_losses_finite": true, "optimizer_steps": 509, "skipped_optimizer_steps": 1, "loss_scale": 16384.0}
[Step=0520] Wall=22.5140s | Loss=1.0303
[Profile] Avg ms/step | Load: 16.559 (Prep: 3.516, Struc: 0.296, Fetch: 12.747) | Fwd: 8.459 | Bwd: 9.481 | Opt: 0.651 | GPU_Tot: 31.635
[Autotune] {"version": 2, "step": 520, "wall_seconds": 22.51404630811885, "seed_nodes": 2058046, "loss": 1.0303157806396483, "all_losses_finite": true, "optimizer_steps": 519, "skipped_optimizer_steps": 1, "loss_scale": 16384.0}
[Step=0530] Wall=22.8871s | Loss=1.0275
[Profile] Avg ms/step | Load: 16.612 (Prep: 3.615, Struc: 0.296, Fetch: 12.701) | Fwd: 8.454 | Bwd: 9.476 | Opt: 0.650 | GPU_Tot: 31.577
[Autotune] {"version": 2, "step": 530, "wall_seconds": 22.887131554074585, "seed_nodes": 2095739, "loss": 1.0275386810302733, "all_losses_finite": true, "optimizer_steps": 529, "skipped_optimizer_steps": 1, "loss_scale": 16384.0}
[Step=0540] Wall=23.2418s | Loss=1.0153
[Profile] Avg ms/step | Load: 16.605 (Prep: 3.565, Struc: 0.296, Fetch: 12.744) | Fwd: 8.458 | Bwd: 9.480 | Opt: 0.651 | GPU_Tot: 31.628
[Autotune] {"version": 2, "step": 540, "wall_seconds": 23.241816157009453, "seed_nodes": 2136699, "loss": 1.0153403282165527, "all_losses_finite": true, "optimizer_steps": 539, "skipped_optimizer_steps": 1, "loss_scale": 16384.0}
[Step=0550] Wall=23.5497s | Loss=1.0322
[Profile] Avg ms/step | Load: 16.508 (Prep: 3.497, Struc: 0.296, Fetch: 12.716) | Fwd: 8.462 | Bwd: 9.484 | Opt: 0.650 | GPU_Tot: 31.608
[Autotune] {"version": 2, "step": 550, "wall_seconds": 23.54967501014471, "seed_nodes": 2177659, "loss": 1.0322278976440429, "all_losses_finite": true, "optimizer_steps": 549, "skipped_optimizer_steps": 1, "loss_scale": 16384.0}
[Step=0560] Wall=23.9680s | Loss=1.0362
[Profile] Avg ms/step | Load: 16.644 (Prep: 3.593, Struc: 0.296, Fetch: 12.756) | Fwd: 8.457 | Bwd: 9.479 | Opt: 0.651 | GPU_Tot: 31.638
[Autotune] {"version": 2, "step": 560, "wall_seconds": 23.968048446113244, "seed_nodes": 2215352, "loss": 1.0361903190612793, "all_losses_finite": true, "optimizer_steps": 559, "skipped_optimizer_steps": 1, "loss_scale": 16384.0}
[Step=0570] Wall=24.2704s | Loss=1.0107
[Profile] Avg ms/step | Load: 16.540 (Prep: 3.526, Struc: 0.296, Fetch: 12.719) | Fwd: 8.460 | Bwd: 9.483 | Opt: 0.650 | GPU_Tot: 31.608
[Autotune] {"version": 2, "step": 570, "wall_seconds": 24.270423501031473, "seed_nodes": 2256312, "loss": 1.0106893539428712, "all_losses_finite": true, "optimizer_steps": 569, "skipped_optimizer_steps": 1, "loss_scale": 16384.0}
[Step=0580] Wall=24.6708s | Loss=1.0136
[Profile] Avg ms/step | Load: 16.637 (Prep: 3.609, Struc: 0.295, Fetch: 12.733) | Fwd: 8.456 | Bwd: 9.477 | Opt: 0.650 | GPU_Tot: 31.612
[Autotune] {"version": 2, "step": 580, "wall_seconds": 24.67076192004606, "seed_nodes": 2294005, "loss": 1.0136184692382812, "all_losses_finite": true, "optimizer_steps": 579, "skipped_optimizer_steps": 1, "loss_scale": 16384.0}
[Step=0590] Wall=24.9939s | Loss=0.9984
[Profile] Avg ms/step | Load: 16.575 (Prep: 3.562, Struc: 0.296, Fetch: 12.717) | Fwd: 8.459 | Bwd: 9.481 | Opt: 0.650 | GPU_Tot: 31.604
[Autotune] {"version": 2, "step": 590, "wall_seconds": 24.99392711604014, "seed_nodes": 2334965, "loss": 0.9984139442443848, "all_losses_finite": true, "optimizer_steps": 589, "skipped_optimizer_steps": 1, "loss_scale": 16384.0}
[Step=0600] Wall=25.3746s | Loss=1.0043
[Profile] Avg ms/step | Load: 16.632 (Prep: 3.647, Struc: 0.295, Fetch: 12.689) | Fwd: 8.455 | Bwd: 9.477 | Opt: 0.651 | GPU_Tot: 31.567
[Autotune] {"version": 2, "step": 600, "wall_seconds": 25.37462805910036, "seed_nodes": 2372658, "loss": 1.004307746887207, "all_losses_finite": true, "optimizer_steps": 599, "skipped_optimizer_steps": 1, "loss_scale": 16384.0}
[Step=0610] Wall=25.7276s | Loss=1.0006
[Profile] Avg ms/step | Load: 16.623 (Prep: 3.603, Struc: 0.296, Fetch: 12.724) | Fwd: 8.459 | Bwd: 9.481 | Opt: 0.651 | GPU_Tot: 31.610
[Autotune] {"version": 2, "step": 610, "wall_seconds": 25.727551446063444, "seed_nodes": 2413618, "loss": 1.0006052017211915, "all_losses_finite": true, "optimizer_steps": 609, "skipped_optimizer_steps": 1, "loss_scale": 16384.0}
[Step=0620] Wall=26.0289s | Loss=0.9987
[Profile] Avg ms/step | Load: 16.526 (Prep: 3.542, Struc: 0.296, Fetch: 12.689) | Fwd: 8.462 | Bwd: 9.484 | Opt: 0.650 | GPU_Tot: 31.581
[Autotune] {"version": 2, "step": 620, "wall_seconds": 26.028851279057562, "seed_nodes": 2454578, "loss": 0.99873046875, "all_losses_finite": true, "optimizer_steps": 619, "skipped_optimizer_steps": 1, "loss_scale": 16384.0}
[Step=0630] Wall=26.4489s | Loss=0.9980
[Profile] Avg ms/step | Load: 16.649 (Prep: 3.624, Struc: 0.296, Fetch: 12.730) | Fwd: 8.458 | Bwd: 9.479 | Opt: 0.651 | GPU_Tot: 31.613
[Autotune] {"version": 2, "step": 630, "wall_seconds": 26.448911146027967, "seed_nodes": 2492271, "loss": 0.9980486869812012, "all_losses_finite": true, "optimizer_steps": 629, "skipped_optimizer_steps": 1, "loss_scale": 16384.0}
[Step=0640] Wall=26.7496s | Loss=0.9934
[Profile] Avg ms/step | Load: 16.553 (Prep: 3.564, Struc: 0.296, Fetch: 12.694) | Fwd: 8.461 | Bwd: 9.483 | Opt: 0.650 | GPU_Tot: 31.584
[Autotune] {"version": 2, "step": 640, "wall_seconds": 26.749614218017086, "seed_nodes": 2533231, "loss": 0.9934145927429199, "all_losses_finite": true, "optimizer_steps": 639, "skipped_optimizer_steps": 1, "loss_scale": 16384.0}
[Step=0650] Wall=27.1607s | Loss=0.9967
[Profile] Avg ms/step | Load: 16.657 (Prep: 3.646, Struc: 0.295, Fetch: 12.715) | Fwd: 8.457 | Bwd: 9.478 | Opt: 0.650 | GPU_Tot: 31.597
[Autotune] {"version": 2, "step": 650, "wall_seconds": 27.160708277951926, "seed_nodes": 2570924, "loss": 0.9967041969299316, "all_losses_finite": true, "optimizer_steps": 649, "skipped_optimizer_steps": 1, "loss_scale": 16384.0}
[Step=0660] Wall=27.4821s | Loss=0.9907
[Profile] Avg ms/step | Load: 16.597 (Prep: 3.602, Struc: 0.295, Fetch: 12.700) | Fwd: 8.460 | Bwd: 9.482 | Opt: 0.650 | GPU_Tot: 31.589
[Autotune] {"version": 2, "step": 660, "wall_seconds": 27.482099710032344, "seed_nodes": 2611884, "loss": 0.9906673431396484, "all_losses_finite": true, "optimizer_steps": 659, "skipped_optimizer_steps": 1, "loss_scale": 16384.0}
[Step=0670] Wall=27.8576s | Loss=0.9873
[Profile] Avg ms/step | Load: 16.641 (Prep: 3.655, Struc: 0.295, Fetch: 12.690) | Fwd: 8.456 | Bwd: 9.478 | Opt: 0.650 | GPU_Tot: 31.570
[Autotune] {"version": 2, "step": 670, "wall_seconds": 27.857640648959205, "seed_nodes": 2649577, "loss": 0.9872980117797852, "all_losses_finite": true, "optimizer_steps": 669, "skipped_optimizer_steps": 1, "loss_scale": 16384.0}
[Step=0680] Wall=28.1963s | Loss=0.9850
[Profile] Avg ms/step | Load: 16.610 (Prep: 3.615, Struc: 0.295, Fetch: 12.700) | Fwd: 8.460 | Bwd: 9.481 | Opt: 0.650 | GPU_Tot: 31.586
[Autotune] {"version": 2, "step": 680, "wall_seconds": 28.19634898309596, "seed_nodes": 2690537, "loss": 0.9850203514099121, "all_losses_finite": true, "optimizer_steps": 679, "skipped_optimizer_steps": 1, "loss_scale": 16384.0}
[Step=0690] Wall=28.4815s | Loss=0.9881
[Profile] Avg ms/step | Load: 16.514 (Prep: 3.560, Struc: 0.295, Fetch: 12.658) | Fwd: 8.456 | Bwd: 9.477 | Opt: 0.650 | GPU_Tot: 31.536
[Autotune] {"version": 2, "step": 690, "wall_seconds": 28.48151915310882, "seed_nodes": 2728230, "loss": 0.9880643844604492, "all_losses_finite": true, "optimizer_steps": 689, "skipped_optimizer_steps": 1, "loss_scale": 16384.0}
[Step=0700] Wall=28.9060s | Loss=0.9828
[Profile] Avg ms/step | Load: 16.615 (Prep: 3.607, Struc: 0.295, Fetch: 12.713) | Fwd: 8.459 | Bwd: 9.481 | Opt: 0.650 | GPU_Tot: 31.598
[Autotune] {"version": 2, "step": 700, "wall_seconds": 28.905968270031735, "seed_nodes": 2769190, "loss": 0.9827665328979492, "all_losses_finite": true, "optimizer_steps": 699, "skipped_optimizer_steps": 1, "loss_scale": 16384.0}
[Step=0710] Wall=29.2068s | Loss=0.9814
[Profile] Avg ms/step | Load: 16.531 (Prep: 3.554, Struc: 0.295, Fetch: 12.681) | Fwd: 8.462 | Bwd: 9.484 | Opt: 0.650 | GPU_Tot: 31.572
[Autotune] {"version": 2, "step": 710, "wall_seconds": 29.206786618102342, "seed_nodes": 2810150, "loss": 0.9814312934875489, "all_losses_finite": true, "optimizer_steps": 709, "skipped_optimizer_steps": 1, "loss_scale": 16384.0}
[Step=0720] Wall=29.6027s | Loss=0.9836
[Profile] Avg ms/step | Load: 16.601 (Prep: 3.591, Struc: 0.295, Fetch: 12.715) | Fwd: 8.458 | Bwd: 9.480 | Opt: 0.650 | GPU_Tot: 31.599
[Autotune] {"version": 2, "step": 720, "wall_seconds": 29.602687097154558, "seed_nodes": 2847843, "loss": 0.9835704803466797, "all_losses_finite": true, "optimizer_steps": 719, "skipped_optimizer_steps": 1, "loss_scale": 16384.0}
[Step=0730] Wall=29.9051s | Loss=0.9861
[Profile] Avg ms/step | Load: 16.521 (Prep: 3.539, Struc: 0.295, Fetch: 12.686) | Fwd: 8.461 | Bwd: 9.483 | Opt: 0.650 | GPU_Tot: 31.576
[Autotune] {"version": 2, "step": 730, "wall_seconds": 29.905125295976177, "seed_nodes": 2888803, "loss": 0.9861474990844726, "all_losses_finite": true, "optimizer_steps": 729, "skipped_optimizer_steps": 1, "loss_scale": 16384.0}
[Step=0740] Wall=30.3108s | Loss=0.9749
[Profile] Avg ms/step | Load: 16.603 (Prep: 3.616, Struc: 0.295, Fetch: 12.692) | Fwd: 8.458 | Bwd: 9.479 | Opt: 0.651 | GPU_Tot: 31.576
[Autotune] {"version": 2, "step": 740, "wall_seconds": 30.310828819172457, "seed_nodes": 2926496, "loss": 0.9749045372009277, "all_losses_finite": true, "optimizer_steps": 739, "skipped_optimizer_steps": 1, "loss_scale": 16384.0}
[Step=0750] Wall=30.6412s | Loss=0.9775
[Profile] Avg ms/step | Load: 16.565 (Prep: 3.580, Struc: 0.295, Fetch: 12.690) | Fwd: 8.460 | Bwd: 9.482 | Opt: 0.651 | GPU_Tot: 31.579
[Autotune] {"version": 2, "step": 750, "wall_seconds": 30.64118123310618, "seed_nodes": 2967456, "loss": 0.9774526596069336, "all_losses_finite": true, "optimizer_steps": 749, "skipped_optimizer_steps": 1, "loss_scale": 16384.0}
[Step=0760] Wall=30.9921s | Loss=0.9700
[Profile] Avg ms/step | Load: 16.570 (Prep: 3.612, Struc: 0.295, Fetch: 12.663) | Fwd: 8.457 | Bwd: 9.478 | Opt: 0.650 | GPU_Tot: 31.544
[Autotune] {"version": 2, "step": 760, "wall_seconds": 30.992068893974647, "seed_nodes": 3005149, "loss": 0.970023250579834, "all_losses_finite": true, "optimizer_steps": 759, "skipped_optimizer_steps": 1, "loss_scale": 16384.0}
[Step=0770] Wall=31.3495s | Loss=0.9692
[Profile] Avg ms/step | Load: 16.569 (Prep: 3.578, Struc: 0.295, Fetch: 12.695) | Fwd: 8.460 | Bwd: 9.482 | Opt: 0.651 | GPU_Tot: 31.583
[Autotune] {"version": 2, "step": 770, "wall_seconds": 31.34950550296344, "seed_nodes": 3046109, "loss": 0.9691811561584472, "all_losses_finite": true, "optimizer_steps": 769, "skipped_optimizer_steps": 1, "loss_scale": 16384.0}
[Step=0780] Wall=31.6494s | Loss=0.9572
[Profile] Avg ms/step | Load: 16.492 (Prep: 3.530, Struc: 0.295, Fetch: 12.666) | Fwd: 8.462 | Bwd: 9.485 | Opt: 0.650 | GPU_Tot: 31.559
[Autotune] {"version": 2, "step": 780, "wall_seconds": 31.649418922141194, "seed_nodes": 3087069, "loss": 0.9572150230407714, "all_losses_finite": true, "optimizer_steps": 779, "skipped_optimizer_steps": 1, "loss_scale": 16384.0}
[Step=0790] Wall=32.0700s | Loss=0.9786
[Profile] Avg ms/step | Load: 16.588 (Prep: 3.580, Struc: 0.295, Fetch: 12.713) | Fwd: 8.459 | Bwd: 9.481 | Opt: 0.651 | GPU_Tot: 31.600
[Autotune] {"version": 2, "step": 790, "wall_seconds": 32.06997899408452, "seed_nodes": 3124762, "loss": 0.978614330291748, "all_losses_finite": true, "optimizer_steps": 789, "skipped_optimizer_steps": 1, "loss_scale": 16384.0}
[Step=0800] Wall=32.3709s | Loss=0.9684
[Profile] Avg ms/step | Load: 16.514 (Prep: 3.534, Struc: 0.295, Fetch: 12.685) | Fwd: 8.462 | Bwd: 9.484 | Opt: 0.651 | GPU_Tot: 31.577
[Autotune] {"version": 2, "step": 800, "wall_seconds": 32.37089373311028, "seed_nodes": 3165722, "loss": 0.968447208404541, "all_losses_finite": true, "optimizer_steps": 799, "skipped_optimizer_steps": 1, "loss_scale": 16384.0}
[Step=0810] Wall=32.7595s | Loss=0.9716
[Profile] Avg ms/step | Load: 16.567 (Prep: 3.573, Struc: 0.295, Fetch: 12.699) | Fwd: 8.459 | Bwd: 9.481 | Opt: 0.651 | GPU_Tot: 31.584
[Autotune] {"version": 2, "step": 810, "wall_seconds": 32.75952494912781, "seed_nodes": 3203415, "loss": 0.9715558052062988, "all_losses_finite": true, "optimizer_steps": 809, "skipped_optimizer_steps": 1, "loss_scale": 16384.0}
[Step=0820] Wall=33.0903s | Loss=0.9635
[Profile] Avg ms/step | Load: 16.533 (Prep: 3.540, Struc: 0.295, Fetch: 12.698) | Fwd: 8.461 | Bwd: 9.484 | Opt: 0.651 | GPU_Tot: 31.589
[Autotune] {"version": 2, "step": 820, "wall_seconds": 33.090288730105385, "seed_nodes": 3244375, "loss": 0.9634850502014161, "all_losses_finite": true, "optimizer_steps": 819, "skipped_optimizer_steps": 1, "loss_scale": 16384.0}
[Step=0830] Wall=33.4730s | Loss=0.9575
[Profile] Avg ms/step | Load: 16.577 (Prep: 3.602, Struc: 0.295, Fetch: 12.680) | Fwd: 8.459 | Bwd: 9.480 | Opt: 0.651 | GPU_Tot: 31.565
[Autotune] {"version": 2, "step": 830, "wall_seconds": 33.473015720024705, "seed_nodes": 3282068, "loss": 0.9574854850769043, "all_losses_finite": true, "optimizer_steps": 829, "skipped_optimizer_steps": 1, "loss_scale": 16384.0}
[Step=0840] Wall=33.8252s | Loss=0.9635
[Profile] Avg ms/step | Load: 16.570 (Prep: 3.569, Struc: 0.297, Fetch: 12.704) | Fwd: 8.461 | Bwd: 9.483 | Opt: 0.651 | GPU_Tot: 31.596
[Autotune] {"version": 2, "step": 840, "wall_seconds": 33.82515644398518, "seed_nodes": 3323028, "loss": 0.9634919166564941, "all_losses_finite": true, "optimizer_steps": 839, "skipped_optimizer_steps": 1, "loss_scale": 16384.0}
------------------------------------------------------------
Training Completed. Total Steps: 840 (Active: 800)
Avg Breakdown (ms): Load=16.570 [Prep:3.569, Struc:0.297, Fetch:12.704], Fwd=8.461, Bwd=9.483, Opt=0.651
------------------------------------------------------------
