$REPO_ROOT/.venv/lib/python3.11/site-packages/outdated/__init__.py:36: UserWarning: pkg_resources is deprecated as an API. See https://setuptools.pypa.io/en/latest/pkg_resources.html. The pkg_resources package is slated for removal as early as 2025-11-30. Refrain from using this package or pin to Setuptools<81.
  from pkg_resources import parse_version
[ddp] Single-process mode: device=cuda
[Info] Running in Single-Process mode (CPU or Single GPU).
[Info] Device: cuda
[GraphCache] Caching disabled (0 nodes).
[Step=0010] Wall=5.7414s | Loss=6.1068
[Profile] Avg ms/step | Load: 34.246 (Prep: 20.374, Struc: 0.378, Fetch: 13.493) | Fwd: 489.701 | Bwd: 43.552 | Opt: 4.268 | GPU_Tot: 551.392
[Autotune] {"version": 1, "step": 10, "wall_seconds": 5.741427228000248, "seed_nodes": 40960, "loss": 6.106834793090821, "all_losses_finite": true}
[Step=0020] Wall=6.0380s | Loss=3.2635
[Profile] Avg ms/step | Load: 22.428 (Prep: 10.211, Struc: 0.337, Fetch: 11.881) | Fwd: 249.156 | Bwd: 26.631 | Opt: 2.407 | GPU_Tot: 290.411
[Autotune] {"version": 1, "step": 20, "wall_seconds": 6.037979269982316, "seed_nodes": 81920, "loss": 3.263524627685547, "all_losses_finite": true}
[Step=0030] Wall=6.4371s | Loss=2.6716
[Profile] Avg ms/step | Load: 22.189 (Prep: 9.230, Struc: 0.321, Fetch: 12.638) | Fwd: 168.854 | Bwd: 20.832 | Opt: 1.791 | GPU_Tot: 204.436
[Autotune] {"version": 1, "step": 30, "wall_seconds": 6.437108622980304, "seed_nodes": 119613, "loss": 2.6716197967529296, "all_losses_finite": true}
[Step=0040] Wall=6.7475s | Loss=2.2730
[Profile] Avg ms/step | Load: 0.000 (Prep: 0.000, Struc: 0.000, Fetch: 0.000) | Fwd: 0.000 | Bwd: 0.000 | Opt: 0.000 | GPU_Tot: 0.000
[Autotune] {"version": 1, "step": 40, "wall_seconds": 6.747548624989577, "seed_nodes": 160573, "loss": 2.2730484008789062, "all_losses_finite": true}
[Step=0050] Wall=7.1067s | Loss=2.0109
[Profile] Avg ms/step | Load: 17.748 (Prep: 5.473, Struc: 0.294, Fetch: 11.980) | Fwd: 8.216 | Bwd: 9.193 | Opt: 0.598 | GPU_Tot: 30.282
[Autotune] {"version": 1, "step": 50, "wall_seconds": 7.106710992986336, "seed_nodes": 198266, "loss": 2.01088809967041, "all_losses_finite": true}
[Step=0060] Wall=7.4223s | Loss=1.8390
[Profile] Avg ms/step | Load: 15.111 (Prep: 2.760, Struc: 0.295, Fetch: 12.056) | Fwd: 8.434 | Bwd: 9.460 | Opt: 0.576 | GPU_Tot: 30.821
[Autotune] {"version": 1, "step": 60, "wall_seconds": 7.42225426598452, "seed_nodes": 239226, "loss": 1.8389707565307618, "all_losses_finite": true}
[Step=0070] Wall=7.7645s | Loss=1.7217
[Profile] Avg ms/step | Load: 15.444 (Prep: 3.647, Struc: 0.293, Fetch: 11.505) | Fwd: 8.356 | Bwd: 9.368 | Opt: 0.574 | GPU_Tot: 30.097
[Autotune] {"version": 1, "step": 70, "wall_seconds": 7.764534855989041, "seed_nodes": 276919, "loss": 1.7217344284057616, "all_losses_finite": true}
[Step=0080] Wall=8.1058s | Loss=1.6053
[Profile] Avg ms/step | Load: 15.342 (Prep: 3.121, Struc: 0.294, Fetch: 11.928) | Fwd: 8.430 | Bwd: 9.455 | Opt: 0.572 | GPU_Tot: 30.679
[Autotune] {"version": 1, "step": 80, "wall_seconds": 8.105751483992208, "seed_nodes": 317879, "loss": 1.6052539825439454, "all_losses_finite": true}
[Step=0090] Wall=8.4072s | Loss=1.5291
[Profile] Avg ms/step | Load: 14.475 (Prep: 2.506, Struc: 0.294, Fetch: 11.675) | Fwd: 8.480 | Bwd: 9.514 | Opt: 0.570 | GPU_Tot: 30.533
[Autotune] {"version": 1, "step": 90, "wall_seconds": 8.407176052976865, "seed_nodes": 358839, "loss": 1.5290765762329102, "all_losses_finite": true}
[Step=0100] Wall=8.7688s | Loss=1.4626
[Profile] Avg ms/step | Load: 15.063 (Prep: 2.980, Struc: 0.293, Fetch: 11.790) | Fwd: 8.437 | Bwd: 9.463 | Opt: 0.570 | GPU_Tot: 30.553
[Autotune] {"version": 1, "step": 100, "wall_seconds": 8.768839301978005, "seed_nodes": 396532, "loss": 1.462640380859375, "all_losses_finite": true}
[Step=0110] Wall=9.0679s | Loss=1.3868
[Profile] Avg ms/step | Load: 14.452 (Prep: 2.561, Struc: 0.293, Fetch: 11.598) | Fwd: 8.471 | Bwd: 9.503 | Opt: 0.568 | GPU_Tot: 30.433
[Autotune] {"version": 1, "step": 110, "wall_seconds": 9.067896369000664, "seed_nodes": 437492, "loss": 1.386846160888672, "all_losses_finite": true}
[Step=0120] Wall=9.4382s | Loss=1.3587
[Profile] Avg ms/step | Load: 14.999 (Prep: 2.921, Struc: 0.293, Fetch: 11.785) | Fwd: 8.443 | Bwd: 9.469 | Opt: 0.568 | GPU_Tot: 30.557
[Autotune] {"version": 1, "step": 120, "wall_seconds": 9.438244094984839, "seed_nodes": 475185, "loss": 1.3587172508239747, "all_losses_finite": true}
[Step=0130] Wall=9.7358s | Loss=1.3395
[Profile] Avg ms/step | Load: 14.522 (Prep: 2.602, Struc: 0.293, Fetch: 11.627) | Fwd: 8.466 | Bwd: 9.495 | Opt: 0.566 | GPU_Tot: 30.446
[Autotune] {"version": 1, "step": 130, "wall_seconds": 9.735754790977808, "seed_nodes": 516145, "loss": 1.33953800201416, "all_losses_finite": true}
[Step=0140] Wall=10.1048s | Loss=1.2967
[Profile] Avg ms/step | Load: 14.943 (Prep: 3.033, Struc: 0.293, Fetch: 11.616) | Fwd: 8.442 | Bwd: 9.468 | Opt: 0.565 | GPU_Tot: 30.385
[Autotune] {"version": 1, "step": 140, "wall_seconds": 10.104808459989727, "seed_nodes": 553838, "loss": 1.2967119216918945, "all_losses_finite": true}
[Step=0150] Wall=10.4220s | Loss=1.2909
[Profile] Avg ms/step | Load: 14.734 (Prep: 2.763, Struc: 0.293, Fetch: 11.677) | Fwd: 8.462 | Bwd: 9.490 | Opt: 0.564 | GPU_Tot: 30.487
[Autotune] {"version": 1, "step": 150, "wall_seconds": 10.422010816982947, "seed_nodes": 594798, "loss": 1.2909332275390626, "all_losses_finite": true}
[Step=0160] Wall=10.7385s | Loss=1.2625
[Profile] Avg ms/step | Load: 14.554 (Prep: 2.537, Struc: 0.294, Fetch: 11.724) | Fwd: 8.478 | Bwd: 9.508 | Opt: 0.564 | GPU_Tot: 30.567
[Autotune] {"version": 1, "step": 160, "wall_seconds": 10.73847358499188, "seed_nodes": 635758, "loss": 1.2624903678894044, "all_losses_finite": true}
[Step=0170] Wall=11.1300s | Loss=1.2431
[Profile] Avg ms/step | Load: 15.050 (Prep: 2.909, Struc: 0.294, Fetch: 11.847) | Fwd: 8.459 | Bwd: 9.485 | Opt: 0.564 | GPU_Tot: 30.648
[Autotune] {"version": 1, "step": 170, "wall_seconds": 11.130015345988795, "seed_nodes": 673451, "loss": 1.2430761337280274, "all_losses_finite": true}
[Step=0180] Wall=11.4276s | Loss=1.2393
[Profile] Avg ms/step | Load: 14.739 (Prep: 2.705, Struc: 0.294, Fetch: 11.740) | Fwd: 8.473 | Bwd: 9.501 | Opt: 0.563 | GPU_Tot: 30.571
[Autotune] {"version": 1, "step": 180, "wall_seconds": 11.427620791975642, "seed_nodes": 714411, "loss": 1.239344024658203, "all_losses_finite": true}
[Step=0190] Wall=11.8018s | Loss=1.2031
[Profile] Avg ms/step | Load: 15.037 (Prep: 2.884, Struc: 0.293, Fetch: 11.859) | Fwd: 8.457 | Bwd: 9.484 | Opt: 0.563 | GPU_Tot: 30.657
[Autotune] {"version": 1, "step": 190, "wall_seconds": 11.801770522986772, "seed_nodes": 752104, "loss": 1.203096580505371, "all_losses_finite": true}
[Step=0200] Wall=12.1121s | Loss=1.2056
[Profile] Avg ms/step | Load: 14.844 (Prep: 2.707, Struc: 0.293, Fetch: 11.844) | Fwd: 8.470 | Bwd: 9.498 | Opt: 0.562 | GPU_Tot: 30.668
[Autotune] {"version": 1, "step": 200, "wall_seconds": 12.112087283981964, "seed_nodes": 793064, "loss": 1.2055629730224608, "all_losses_finite": true}
[Step=0210] Wall=12.5159s | Loss=1.2177
[Profile] Avg ms/step | Load: 15.279 (Prep: 3.181, Struc: 0.293, Fetch: 11.806) | Fwd: 8.455 | Bwd: 9.481 | Opt: 0.562 | GPU_Tot: 30.597
[Autotune] {"version": 1, "step": 210, "wall_seconds": 12.515924676001305, "seed_nodes": 830757, "loss": 1.2176560401916503, "all_losses_finite": true}
[Step=0220] Wall=12.8151s | Loss=1.1900
[Profile] Avg ms/step | Load: 15.032 (Prep: 3.006, Struc: 0.293, Fetch: 11.733) | Fwd: 8.467 | Bwd: 9.494 | Opt: 0.562 | GPU_Tot: 30.548
[Autotune] {"version": 1, "step": 220, "wall_seconds": 12.815059849992394, "seed_nodes": 871717, "loss": 1.1900156021118165, "all_losses_finite": true}
[Step=0230] Wall=13.0980s | Loss=1.1693
[Profile] Avg ms/step | Load: 14.775 (Prep: 2.851, Struc: 0.293, Fetch: 11.632) | Fwd: 8.454 | Bwd: 9.480 | Opt: 0.561 | GPU_Tot: 30.419
[Autotune] {"version": 1, "step": 230, "wall_seconds": 13.097975103999488, "seed_nodes": 909410, "loss": 1.1692919731140137, "all_losses_finite": true}
[Step=0240] Wall=13.5171s | Loss=1.1672
[Profile] Avg ms/step | Load: 15.177 (Prep: 3.218, Struc: 0.293, Fetch: 11.666) | Fwd: 8.465 | Bwd: 9.491 | Opt: 0.561 | GPU_Tot: 30.476
[Autotune] {"version": 1, "step": 240, "wall_seconds": 13.51707035599975, "seed_nodes": 950370, "loss": 1.1671768188476563, "all_losses_finite": true}
[Step=0250] Wall=13.8217s | Loss=1.1658
[Profile] Avg ms/step | Load: 14.996 (Prep: 3.067, Struc: 0.293, Fetch: 11.636) | Fwd: 8.474 | Bwd: 9.502 | Opt: 0.561 | GPU_Tot: 30.466
[Autotune] {"version": 1, "step": 250, "wall_seconds": 13.821700971981045, "seed_nodes": 991330, "loss": 1.1658249855041505, "all_losses_finite": true}
[Step=0260] Wall=14.1931s | Loss=1.1460
[Profile] Avg ms/step | Load: 15.176 (Prep: 3.176, Struc: 0.293, Fetch: 11.707) | Fwd: 8.462 | Bwd: 9.489 | Opt: 0.563 | GPU_Tot: 30.513
[Autotune] {"version": 1, "step": 260, "wall_seconds": 14.193144845979987, "seed_nodes": 1029023, "loss": 1.145952033996582, "all_losses_finite": true}
[Step=0270] Wall=14.4926s | Loss=1.1396
[Profile] Avg ms/step | Load: 14.988 (Prep: 3.040, Struc: 0.293, Fetch: 11.654) | Fwd: 8.471 | Bwd: 9.499 | Opt: 0.563 | GPU_Tot: 30.480
[Autotune] {"version": 1, "step": 270, "wall_seconds": 14.49255238097976, "seed_nodes": 1069983, "loss": 1.1396225929260253, "all_losses_finite": true}
[Step=0280] Wall=14.8576s | Loss=1.1473
[Profile] Avg ms/step | Load: 15.126 (Prep: 3.140, Struc: 0.293, Fetch: 11.693) | Fwd: 8.461 | Bwd: 9.486 | Opt: 0.564 | GPU_Tot: 30.498
[Autotune] {"version": 1, "step": 280, "wall_seconds": 14.857565435988363, "seed_nodes": 1107676, "loss": 1.1472999572753906, "all_losses_finite": true}
[Step=0290] Wall=15.1697s | Loss=1.1371
[Profile] Avg ms/step | Load: 15.007 (Prep: 3.016, Struc: 0.293, Fetch: 11.699) | Fwd: 8.468 | Bwd: 9.495 | Opt: 0.564 | GPU_Tot: 30.519
[Autotune] {"version": 1, "step": 290, "wall_seconds": 15.169680917984806, "seed_nodes": 1148636, "loss": 1.1371027946472168, "all_losses_finite": true}
[Step=0300] Wall=15.5163s | Loss=1.1251
[Profile] Avg ms/step | Load: 15.062 (Prep: 3.112, Struc: 0.293, Fetch: 11.657) | Fwd: 8.460 | Bwd: 9.486 | Opt: 0.564 | GPU_Tot: 30.460
[Autotune] {"version": 1, "step": 300, "wall_seconds": 15.516259588999674, "seed_nodes": 1186329, "loss": 1.1250615119934082, "all_losses_finite": true}
[Step=0310] Wall=15.8358s | Loss=1.1211
[Profile] Avg ms/step | Load: 14.979 (Prep: 2.999, Struc: 0.293, Fetch: 11.687) | Fwd: 8.468 | Bwd: 9.495 | Opt: 0.564 | GPU_Tot: 30.507
[Autotune] {"version": 1, "step": 310, "wall_seconds": 15.83577605598839, "seed_nodes": 1227289, "loss": 1.1211328506469727, "all_losses_finite": true}
[Step=0320] Wall=16.1325s | Loss=1.1135
[Profile] Avg ms/step | Load: 14.823 (Prep: 2.893, Struc: 0.293, Fetch: 11.636) | Fwd: 8.474 | Bwd: 9.503 | Opt: 0.564 | GPU_Tot: 30.470
[Autotune] {"version": 1, "step": 320, "wall_seconds": 16.132491826982005, "seed_nodes": 1268249, "loss": 1.1135225296020508, "all_losses_finite": true}
[Step=0330] Wall=16.5153s | Loss=1.1077
[Profile] Avg ms/step | Load: 15.005 (Prep: 3.029, Struc: 0.293, Fetch: 11.683) | Fwd: 8.466 | Bwd: 9.493 | Opt: 0.564 | GPU_Tot: 30.499
[Autotune] {"version": 1, "step": 330, "wall_seconds": 16.51529282098636, "seed_nodes": 1305942, "loss": 1.1077458381652832, "all_losses_finite": true}
[Step=0340] Wall=16.8163s | Loss=1.1091
[Profile] Avg ms/step | Load: 14.872 (Prep: 2.930, Struc: 0.293, Fetch: 11.649) | Fwd: 8.472 | Bwd: 9.501 | Opt: 0.564 | GPU_Tot: 30.479
[Autotune] {"version": 1, "step": 340, "wall_seconds": 16.81632930599153, "seed_nodes": 1346902, "loss": 1.1091034889221192, "all_losses_finite": true}
[Step=0350] Wall=17.1991s | Loss=1.0990
[Profile] Avg ms/step | Load: 15.040 (Prep: 3.057, Struc: 0.293, Fetch: 11.690) | Fwd: 8.465 | Bwd: 9.492 | Opt: 0.564 | GPU_Tot: 30.504
[Autotune] {"version": 1, "step": 350, "wall_seconds": 17.19909967298736, "seed_nodes": 1384595, "loss": 1.0989794731140137, "all_losses_finite": true}
[Step=0360] Wall=17.5122s | Loss=1.1033
[Profile] Avg ms/step | Load: 14.953 (Prep: 2.963, Struc: 0.293, Fetch: 11.697) | Fwd: 8.470 | Bwd: 9.499 | Opt: 0.563 | GPU_Tot: 30.523
[Autotune] {"version": 1, "step": 360, "wall_seconds": 17.512185561994556, "seed_nodes": 1425555, "loss": 1.1033124923706055, "all_losses_finite": true}
[Step=0370] Wall=17.9178s | Loss=1.0806
[Profile] Avg ms/step | Load: 15.178 (Prep: 3.184, Struc: 0.293, Fetch: 11.701) | Fwd: 8.463 | Bwd: 9.491 | Opt: 0.564 | GPU_Tot: 30.511
[Autotune] {"version": 1, "step": 370, "wall_seconds": 17.917778167990036, "seed_nodes": 1463248, "loss": 1.0805685997009278, "all_losses_finite": true}
[Step=0380] Wall=18.2199s | Loss=1.0834
[Profile] Avg ms/step | Load: 15.059 (Prep: 3.091, Struc: 0.293, Fetch: 11.674) | Fwd: 8.468 | Bwd: 9.498 | Opt: 0.563 | GPU_Tot: 30.497
[Autotune] {"version": 1, "step": 380, "wall_seconds": 18.21993190498324, "seed_nodes": 1504208, "loss": 1.0834468841552733, "all_losses_finite": true}
[Step=0390] Wall=18.5215s | Loss=1.0742
[Profile] Avg ms/step | Load: 14.944 (Prep: 3.004, Struc: 0.293, Fetch: 11.647) | Fwd: 8.474 | Bwd: 9.505 | Opt: 0.563 | GPU_Tot: 30.482
[Autotune] {"version": 1, "step": 390, "wall_seconds": 18.521515845000977, "seed_nodes": 1545168, "loss": 1.0741764068603517, "all_losses_finite": true}
[Step=0400] Wall=18.9088s | Loss=1.0807
[Profile] Avg ms/step | Load: 15.100 (Prep: 3.079, Struc: 0.293, Fetch: 11.728) | Fwd: 8.468 | Bwd: 9.496 | Opt: 0.563 | GPU_Tot: 30.549
[Autotune] {"version": 1, "step": 400, "wall_seconds": 18.908767023996916, "seed_nodes": 1582861, "loss": 1.0806692123413086, "all_losses_finite": true}
[Step=0410] Wall=19.2101s | Loss=1.0756
[Profile] Avg ms/step | Load: 14.990 (Prep: 2.997, Struc: 0.293, Fetch: 11.700) | Fwd: 8.473 | Bwd: 9.503 | Opt: 0.563 | GPU_Tot: 30.532
[Autotune] {"version": 1, "step": 410, "wall_seconds": 19.210086165985558, "seed_nodes": 1623821, "loss": 1.075612449645996, "all_losses_finite": true}
[Step=0420] Wall=19.5956s | Loss=1.0816
[Profile] Avg ms/step | Load: 15.130 (Prep: 3.103, Struc: 0.293, Fetch: 11.734) | Fwd: 8.467 | Bwd: 9.496 | Opt: 0.564 | GPU_Tot: 30.554
[Autotune] {"version": 1, "step": 420, "wall_seconds": 19.595605115988292, "seed_nodes": 1661514, "loss": 1.0816245079040527, "all_losses_finite": true}
[Step=0430] Wall=19.8970s | Loss=1.0654
[Profile] Avg ms/step | Load: 15.027 (Prep: 3.024, Struc: 0.293, Fetch: 11.709) | Fwd: 8.471 | Bwd: 9.501 | Opt: 0.564 | GPU_Tot: 30.539
[Autotune] {"version": 1, "step": 430, "wall_seconds": 19.897020456992323, "seed_nodes": 1702474, "loss": 1.0653831481933593, "all_losses_finite": true}
[Step=0440] Wall=20.2727s | Loss=1.0725
[Profile] Avg ms/step | Load: 15.134 (Prep: 3.116, Struc: 0.293, Fetch: 11.725) | Fwd: 8.466 | Bwd: 9.495 | Opt: 0.564 | GPU_Tot: 30.543
[Autotune] {"version": 1, "step": 440, "wall_seconds": 20.27266844297992, "seed_nodes": 1740167, "loss": 1.072488498687744, "all_losses_finite": true}
[Step=0450] Wall=20.5870s | Loss=1.0636
[Profile] Avg ms/step | Load: 15.066 (Prep: 3.041, Struc: 0.293, Fetch: 11.732) | Fwd: 8.471 | Bwd: 9.500 | Opt: 0.564 | GPU_Tot: 30.560
[Autotune] {"version": 1, "step": 450, "wall_seconds": 20.587028948997613, "seed_nodes": 1781127, "loss": 1.063644027709961, "all_losses_finite": true}
[Step=0460] Wall=20.8899s | Loss=1.0485
[Profile] Avg ms/step | Load: 14.997 (Prep: 2.970, Struc: 0.293, Fetch: 11.734) | Fwd: 8.465 | Bwd: 9.494 | Opt: 0.564 | GPU_Tot: 30.549
[Autotune] {"version": 1, "step": 460, "wall_seconds": 20.889889953978127, "seed_nodes": 1818820, "loss": 1.0484670639038085, "all_losses_finite": true}
[Step=0470] Wall=21.2929s | Loss=1.0544
[Profile] Avg ms/step | Load: 15.141 (Prep: 3.087, Struc: 0.293, Fetch: 11.760) | Fwd: 8.469 | Bwd: 9.499 | Opt: 0.564 | GPU_Tot: 30.586
[Autotune] {"version": 1, "step": 470, "wall_seconds": 21.29289194199373, "seed_nodes": 1859780, "loss": 1.0544476509094238, "all_losses_finite": true}
[Step=0480] Wall=21.5910s | Loss=1.0539
[Profile] Avg ms/step | Load: 15.041 (Prep: 3.018, Struc: 0.293, Fetch: 11.729) | Fwd: 8.473 | Bwd: 9.504 | Opt: 0.564 | GPU_Tot: 30.564
[Autotune] {"version": 1, "step": 480, "wall_seconds": 21.591036669997266, "seed_nodes": 1900740, "loss": 1.0538610458374023, "all_losses_finite": true}
[Step=0490] Wall=21.9885s | Loss=1.0432
[Profile] Avg ms/step | Load: 15.185 (Prep: 3.119, Struc: 0.294, Fetch: 11.773) | Fwd: 8.468 | Bwd: 9.498 | Opt: 0.564 | GPU_Tot: 30.596
[Autotune] {"version": 1, "step": 490, "wall_seconds": 21.98852350199013, "seed_nodes": 1938433, "loss": 1.0431635856628418, "all_losses_finite": true}
[Step=0500] Wall=22.2908s | Loss=1.0434
[Profile] Avg ms/step | Load: 15.096 (Prep: 3.052, Struc: 0.294, Fetch: 11.751) | Fwd: 8.473 | Bwd: 9.503 | Opt: 0.564 | GPU_Tot: 30.584
[Autotune] {"version": 1, "step": 500, "wall_seconds": 22.29084491598769, "seed_nodes": 1979393, "loss": 1.0433670997619628, "all_losses_finite": true}
[Step=0510] Wall=22.6767s | Loss=1.0243
[Profile] Avg ms/step | Load: 15.209 (Prep: 3.145, Struc: 0.294, Fetch: 11.770) | Fwd: 8.467 | Bwd: 9.497 | Opt: 0.565 | GPU_Tot: 30.592
[Autotune] {"version": 1, "step": 510, "wall_seconds": 22.67668847698951, "seed_nodes": 2017086, "loss": 1.0242834091186523, "all_losses_finite": true}
[Step=0520] Wall=22.9878s | Loss=1.0557
[Profile] Avg ms/step | Load: 15.143 (Prep: 3.081, Struc: 0.294, Fetch: 11.768) | Fwd: 8.471 | Bwd: 9.501 | Opt: 0.564 | GPU_Tot: 30.599
[Autotune] {"version": 1, "step": 520, "wall_seconds": 22.987765532976482, "seed_nodes": 2058046, "loss": 1.055671501159668, "all_losses_finite": true}
[Step=0530] Wall=23.3356s | Loss=1.0395
[Profile] Avg ms/step | Load: 15.173 (Prep: 3.130, Struc: 0.294, Fetch: 11.749) | Fwd: 8.466 | Bwd: 9.496 | Opt: 0.564 | GPU_Tot: 30.569
[Autotune] {"version": 1, "step": 530, "wall_seconds": 23.335610010981327, "seed_nodes": 2095739, "loss": 1.0394906044006347, "all_losses_finite": true}
[Step=0540] Wall=23.6585s | Loss=1.0289
[Profile] Avg ms/step | Load: 15.133 (Prep: 3.068, Struc: 0.294, Fetch: 11.771) | Fwd: 8.470 | Bwd: 9.500 | Opt: 0.564 | GPU_Tot: 30.599
[Autotune] {"version": 1, "step": 540, "wall_seconds": 23.65845707798144, "seed_nodes": 2136699, "loss": 1.0289085388183594, "all_losses_finite": true}
[Step=0550] Wall=23.9568s | Loss=1.0425
[Profile] Avg ms/step | Load: 15.047 (Prep: 3.009, Struc: 0.294, Fetch: 11.744) | Fwd: 8.474 | Bwd: 9.505 | Opt: 0.564 | GPU_Tot: 30.581
[Autotune] {"version": 1, "step": 550, "wall_seconds": 23.956815081997775, "seed_nodes": 2177659, "loss": 1.0425143241882324, "all_losses_finite": true}
[Step=0560] Wall=24.3268s | Loss=1.0482
[Profile] Avg ms/step | Load: 15.120 (Prep: 3.056, Struc: 0.294, Fetch: 11.770) | Fwd: 8.469 | Bwd: 9.499 | Opt: 0.564 | GPU_Tot: 30.596
[Autotune] {"version": 1, "step": 560, "wall_seconds": 24.32683800999075, "seed_nodes": 2215352, "loss": 1.0482050895690918, "all_losses_finite": true}
[Step=0570] Wall=24.6254s | Loss=1.0151
[Profile] Avg ms/step | Load: 15.038 (Prep: 2.999, Struc: 0.294, Fetch: 11.745) | Fwd: 8.473 | Bwd: 9.503 | Opt: 0.564 | GPU_Tot: 30.578
[Autotune] {"version": 1, "step": 570, "wall_seconds": 24.625371036003344, "seed_nodes": 2256312, "loss": 1.0151076316833496, "all_losses_finite": true}
[Step=0580] Wall=25.0088s | Loss=1.0227
[Profile] Avg ms/step | Load: 15.133 (Prep: 3.055, Struc: 0.294, Fetch: 11.784) | Fwd: 8.468 | Bwd: 9.498 | Opt: 0.564 | GPU_Tot: 30.608
[Autotune] {"version": 1, "step": 580, "wall_seconds": 25.008820312999887, "seed_nodes": 2294005, "loss": 1.022716999053955, "all_losses_finite": true}
[Step=0590] Wall=25.3354s | Loss=1.0142
[Profile] Avg ms/step | Load: 15.105 (Prep: 3.001, Struc: 0.294, Fetch: 11.810) | Fwd: 8.472 | Bwd: 9.502 | Opt: 0.564 | GPU_Tot: 30.642
[Autotune] {"version": 1, "step": 590, "wall_seconds": 25.33540720399469, "seed_nodes": 2334965, "loss": 1.0141672134399413, "all_losses_finite": true}
[Step=0600] Wall=25.7076s | Loss=1.0168
[Profile] Avg ms/step | Load: 15.174 (Prep: 3.075, Struc: 0.294, Fetch: 11.805) | Fwd: 8.468 | Bwd: 9.497 | Opt: 0.564 | GPU_Tot: 30.629
[Autotune] {"version": 1, "step": 600, "wall_seconds": 25.70764666798641, "seed_nodes": 2372658, "loss": 1.0168212890625, "all_losses_finite": true}
[Step=0610] Wall=26.0258s | Loss=1.0168
[Profile] Avg ms/step | Load: 15.132 (Prep: 3.022, Struc: 0.294, Fetch: 11.816) | Fwd: 8.471 | Bwd: 9.501 | Opt: 0.564 | GPU_Tot: 30.646
[Autotune] {"version": 1, "step": 610, "wall_seconds": 26.0258462469792, "seed_nodes": 2413618, "loss": 1.0167911529541016, "all_losses_finite": true}
[Step=0620] Wall=26.3239s | Loss=1.0048
[Profile] Avg ms/step | Load: 15.055 (Prep: 2.971, Struc: 0.294, Fetch: 11.791) | Fwd: 8.475 | Bwd: 9.505 | Opt: 0.564 | GPU_Tot: 30.628
[Autotune] {"version": 1, "step": 620, "wall_seconds": 26.3238679409842, "seed_nodes": 2454578, "loss": 1.0047707557678223, "all_losses_finite": true}
[Step=0630] Wall=26.7200s | Loss=1.0158
[Profile] Avg ms/step | Load: 15.165 (Prep: 3.046, Struc: 0.294, Fetch: 11.824) | Fwd: 8.470 | Bwd: 9.500 | Opt: 0.564 | GPU_Tot: 30.651
[Autotune] {"version": 1, "step": 630, "wall_seconds": 26.720028088981053, "seed_nodes": 2492271, "loss": 1.0158008575439452, "all_losses_finite": true}
[Step=0640] Wall=27.0213s | Loss=1.0079
[Profile] Avg ms/step | Load: 15.095 (Prep: 2.996, Struc: 0.294, Fetch: 11.805) | Fwd: 8.474 | Bwd: 9.503 | Opt: 0.564 | GPU_Tot: 30.639
[Autotune] {"version": 1, "step": 640, "wall_seconds": 27.02126336999936, "seed_nodes": 2533231, "loss": 1.0079389572143556, "all_losses_finite": true}
[Step=0650] Wall=27.3974s | Loss=1.0069
[Profile] Avg ms/step | Load: 15.167 (Prep: 3.038, Struc: 0.294, Fetch: 11.835) | Fwd: 8.470 | Bwd: 9.499 | Opt: 0.564 | GPU_Tot: 30.661
[Autotune] {"version": 1, "step": 650, "wall_seconds": 27.39744415698806, "seed_nodes": 2570924, "loss": 1.006881332397461, "all_losses_finite": true}
[Step=0660] Wall=27.6975s | Loss=0.9999
[Profile] Avg ms/step | Load: 15.098 (Prep: 2.989, Struc: 0.294, Fetch: 11.814) | Fwd: 8.473 | Bwd: 9.502 | Opt: 0.564 | GPU_Tot: 30.647
[Autotune] {"version": 1, "step": 660, "wall_seconds": 27.697466763987904, "seed_nodes": 2611884, "loss": 0.9999030113220215, "all_losses_finite": true}
[Step=0670] Wall=28.0669s | Loss=1.0046
[Profile] Avg ms/step | Load: 15.156 (Prep: 3.051, Struc: 0.294, Fetch: 11.811) | Fwd: 8.469 | Bwd: 9.498 | Opt: 0.564 | GPU_Tot: 30.635
[Autotune] {"version": 1, "step": 670, "wall_seconds": 28.066859942977317, "seed_nodes": 2649577, "loss": 1.0045644760131835, "all_losses_finite": true}
[Step=0680] Wall=28.3804s | Loss=0.9961
[Profile] Avg ms/step | Load: 15.111 (Prep: 3.004, Struc: 0.294, Fetch: 11.813) | Fwd: 8.472 | Bwd: 9.501 | Opt: 0.564 | GPU_Tot: 30.644
[Autotune] {"version": 1, "step": 680, "wall_seconds": 28.380384805990616, "seed_nodes": 2690537, "loss": 0.9961362838745117, "all_losses_finite": true}
[Step=0690] Wall=28.6672s | Loss=1.0024
[Profile] Avg ms/step | Load: 15.040 (Prep: 2.958, Struc: 0.294, Fetch: 11.788) | Fwd: 8.468 | Bwd: 9.497 | Opt: 0.563 | GPU_Tot: 30.610
[Autotune] {"version": 1, "step": 690, "wall_seconds": 28.66717682397575, "seed_nodes": 2728230, "loss": 1.0024081230163575, "all_losses_finite": true}
[Step=0700] Wall=29.0925s | Loss=0.9954
[Profile] Avg ms/step | Load: 15.167 (Prep: 2.998, Struc: 0.294, Fetch: 11.875) | Fwd: 8.471 | Bwd: 9.500 | Opt: 0.563 | GPU_Tot: 30.704
[Autotune] {"version": 1, "step": 700, "wall_seconds": 29.092451528995298, "seed_nodes": 2769190, "loss": 0.9954113960266113, "all_losses_finite": true}
[Step=0710] Wall=29.3993s | Loss=0.9926
[Profile] Avg ms/step | Load: 15.114 (Prep: 2.954, Struc: 0.294, Fetch: 11.865) | Fwd: 8.474 | Bwd: 9.504 | Opt: 0.563 | GPU_Tot: 30.701
[Autotune] {"version": 1, "step": 710, "wall_seconds": 29.399338110000826, "seed_nodes": 2810150, "loss": 0.9925963401794433, "all_losses_finite": true}
[Step=0720] Wall=29.7937s | Loss=0.9899
[Profile] Avg ms/step | Load: 15.203 (Prep: 3.036, Struc: 0.294, Fetch: 11.873) | Fwd: 8.471 | Bwd: 9.499 | Opt: 0.563 | GPU_Tot: 30.701
[Autotune] {"version": 1, "step": 720, "wall_seconds": 29.793660608993378, "seed_nodes": 2847843, "loss": 0.9899098396301269, "all_losses_finite": true}
[Step=0730] Wall=30.0946s | Loss=0.9918
[Profile] Avg ms/step | Load: 15.142 (Prep: 2.993, Struc: 0.294, Fetch: 11.855) | Fwd: 8.474 | Bwd: 9.503 | Opt: 0.563 | GPU_Tot: 30.690
[Autotune] {"version": 1, "step": 730, "wall_seconds": 30.094564095983515, "seed_nodes": 2888803, "loss": 0.9917727470397949, "all_losses_finite": true}
[Step=0740] Wall=30.4710s | Loss=0.9873
[Profile] Avg ms/step | Load: 15.203 (Prep: 3.044, Struc: 0.294, Fetch: 11.865) | Fwd: 8.471 | Bwd: 9.499 | Opt: 0.564 | GPU_Tot: 30.692
[Autotune] {"version": 1, "step": 740, "wall_seconds": 30.470967123983428, "seed_nodes": 2926496, "loss": 0.9873167037963867, "all_losses_finite": true}
[Step=0750] Wall=30.7894s | Loss=0.9835
[Profile] Avg ms/step | Load: 15.169 (Prep: 3.002, Struc: 0.294, Fetch: 11.873) | Fwd: 8.473 | Bwd: 9.502 | Opt: 0.564 | GPU_Tot: 30.706
[Autotune] {"version": 1, "step": 750, "wall_seconds": 30.789418261003448, "seed_nodes": 2967456, "loss": 0.9835017204284668, "all_losses_finite": true}
[Step=0760] Wall=31.1649s | Loss=0.9818
[Profile] Avg ms/step | Load: 15.228 (Prep: 3.050, Struc: 0.294, Fetch: 11.883) | Fwd: 8.470 | Bwd: 9.498 | Opt: 0.563 | GPU_Tot: 30.709
[Autotune] {"version": 1, "step": 760, "wall_seconds": 31.164897014998132, "seed_nodes": 3005149, "loss": 0.9818120002746582, "all_losses_finite": true}
[Step=0770] Wall=31.5029s | Loss=0.9777
[Profile] Avg ms/step | Load: 15.220 (Prep: 3.019, Struc: 0.294, Fetch: 11.907) | Fwd: 8.473 | Bwd: 9.502 | Opt: 0.563 | GPU_Tot: 30.739
[Autotune] {"version": 1, "step": 770, "wall_seconds": 31.50287326099351, "seed_nodes": 3046109, "loss": 0.9777042388916015, "all_losses_finite": true}
[Step=0780] Wall=31.8021s | Loss=0.9638
[Profile] Avg ms/step | Load: 15.161 (Prep: 2.978, Struc: 0.294, Fetch: 11.888) | Fwd: 8.476 | Bwd: 9.505 | Opt: 0.563 | GPU_Tot: 30.725
[Autotune] {"version": 1, "step": 780, "wall_seconds": 31.8021419349825, "seed_nodes": 3087069, "loss": 0.9638240814208985, "all_losses_finite": true}
[Step=0790] Wall=32.1827s | Loss=0.9901
[Profile] Avg ms/step | Load: 15.223 (Prep: 3.012, Struc: 0.294, Fetch: 11.917) | Fwd: 8.472 | Bwd: 9.501 | Opt: 0.564 | GPU_Tot: 30.748
[Autotune] {"version": 1, "step": 790, "wall_seconds": 32.1827069039864, "seed_nodes": 3124762, "loss": 0.9900588989257812, "all_losses_finite": true}
[Step=0800] Wall=32.4828s | Loss=0.9865
[Profile] Avg ms/step | Load: 15.166 (Prep: 2.973, Struc: 0.294, Fetch: 11.899) | Fwd: 8.475 | Bwd: 9.504 | Opt: 0.563 | GPU_Tot: 30.735
[Autotune] {"version": 1, "step": 800, "wall_seconds": 32.48281900997972, "seed_nodes": 3165722, "loss": 0.9864538192749024, "all_losses_finite": true}
[Step=0810] Wall=32.8661s | Loss=0.9705
[Profile] Avg ms/step | Load: 15.231 (Prep: 3.023, Struc: 0.294, Fetch: 11.914) | Fwd: 8.472 | Bwd: 9.500 | Opt: 0.564 | GPU_Tot: 30.744
[Autotune] {"version": 1, "step": 810, "wall_seconds": 32.86608183197677, "seed_nodes": 3203415, "loss": 0.9704780578613281, "all_losses_finite": true}
[Step=0820] Wall=33.1774s | Loss=0.9779
[Profile] Avg ms/step | Load: 15.190 (Prep: 2.985, Struc: 0.294, Fetch: 11.912) | Fwd: 8.474 | Bwd: 9.503 | Opt: 0.564 | GPU_Tot: 30.746
[Autotune] {"version": 1, "step": 820, "wall_seconds": 33.17735134498798, "seed_nodes": 3244375, "loss": 0.9779136657714844, "all_losses_finite": true}
[Step=0830] Wall=33.5543s | Loss=0.9791
[Profile] Avg ms/step | Load: 15.245 (Prep: 3.052, Struc: 0.294, Fetch: 11.899) | Fwd: 8.471 | Bwd: 9.499 | Opt: 0.564 | GPU_Tot: 30.727
[Autotune] {"version": 1, "step": 830, "wall_seconds": 33.55428571399534, "seed_nodes": 3282068, "loss": 0.9791180610656738, "all_losses_finite": true}
[Step=0840] Wall=33.8715s | Loss=0.9821
[Profile] Avg ms/step | Load: 15.213 (Prep: 3.015, Struc: 0.294, Fetch: 11.904) | Fwd: 8.473 | Bwd: 9.502 | Opt: 0.563 | GPU_Tot: 30.737
[Autotune] {"version": 1, "step": 840, "wall_seconds": 33.871489398996346, "seed_nodes": 3323028, "loss": 0.9820557594299316, "all_losses_finite": true}
------------------------------------------------------------
Training Completed. Total Steps: 840 (Active: 800)
Avg Breakdown (ms): Load=15.213 [Prep:3.015, Struc:0.294, Fetch:11.904], Fwd=8.473, Bwd=9.502, Opt=0.563
------------------------------------------------------------
