$REPO_ROOT/.venv/lib/python3.11/site-packages/outdated/__init__.py:36: UserWarning: pkg_resources is deprecated as an API. See https://setuptools.pypa.io/en/latest/pkg_resources.html. The pkg_resources package is slated for removal as early as 2025-11-30. Refrain from using this package or pin to Setuptools<81.
  from pkg_resources import parse_version
2026-09-18 17:01:06,523 INFO:   Connectivity check: running command: ping -c 1 -W 3 10.125.8.2
2026-09-18 17:01:06,543 INFO:   Connectivity check succeeded.
2026-09-18 17:01:06,563 INFO:   Appliance client semantic version: 1.14.0, cluster server semantic version: 1.20.2, job operator semantic version: 1.20.2
2026-09-18 17:01:06,566 INFO:   Successfully initialized workflow with id: wflow-vraqxqomdworumdhexbmqa
2026-09-18 17:01:06,575 WARNING:   The trainer configuration for train_and_eval does not configure checkpointing. In the event of a failure, the run will be restarted from the beginning. If this is not intentional, please specifiy a checkpoint callback with a checkpointing frequency to enable auto-restarting from previously saved checkpoints.
2026-09-18 17:01:06,575 INFO:   Spawning child process for the fit run ...
2026-09-18 17:01:06,586 INFO:   Child process started with pid: 804276
$REPO_ROOT/.venv/lib/python3.11/site-packages/outdated/__init__.py:36: UserWarning: pkg_resources is deprecated as an API. See https://setuptools.pypa.io/en/latest/pkg_resources.html. The pkg_resources package is slated for removal as early as 2025-11-30. Refrain from using this package or pin to Setuptools<81.
  from pkg_resources import parse_version
2026-09-18 17:01:12,918 INFO:   Current Working Directory: $REPO_ROOT/src/cerebras/modelzoo/models/gnn
2026-09-18 17:01:12,918 INFO:   Running command: $REPO_ROOT/src/cerebras/modelzoo/cli/main.py fit $REPO_ROOT/model_dirs/hpcasia_learning/arxiv_20260918T122510.309655Z/tuning/workers_w16_p2_s1_r1/params.yaml --target_device CSX --model_dir $REPO_ROOT/model_dirs/hpcasia_learning/arxiv_20260918T122510.309655Z/tuning/workers_w16_p2_s1_r1/model
2026-09-18 17:01:13,434 INFO:   No checkpoint was provided. Using randomly initialized model parameters.
2026-09-18 17:01:13,435 INFO:   Ordinal 0: Initializing GNNDataProcessor for dataset 'ogbn-arxiv' (split=train, mode=neighbor).
$REPO_ROOT/.venv/lib/python3.11/site-packages/ogb/nodeproppred/dataset_pyg.py:69: FutureWarning: You are using `torch.load` with `weights_only=False` (the current default value), which uses the default pickle module implicitly. It is possible to construct malicious pickle data which will execute arbitrary code during unpickling (See https://github.com/pytorch/pytorch/blob/main/SECURITY.md#untrusted-models for more details). In a future release, the default value for `weights_only` will be flipped to `True`. This limits the functions that could be executed during unpickling. Arbitrary objects will no longer be allowed to be loaded via this mode unless they are explicitly allowlisted by the user via `torch.serialization.add_safe_globals`. We recommend you start setting `weights_only=True` for any use case where you don't have full control of the loaded file. Please open an issue on GitHub for any issues related to this experimental feature.
  self.data, self.slices = torch.load(self.processed_paths[0])
GNN_INPUT_CONTRACT {"batch_index_origin": 0, "batch_size": 4096, "count_basis": "deterministic loader schedule; not device counters", "dataset_name": "ogbn-arxiv", "drop_last": false, "event": "gnn_input_contract", "num_streamers": 1, "ordered_targets_and_labels_sha256": "cb189ecb3f75e653df7daacc08ead8c3b14bd353d302209c179a41e2b2b47d07", "restartable": false, "sampler_seed": 42, "seed_nodes_by_batch": [4096, 4096, 4096, 4096, 4096, 4096, 4096, 4096, 4096, 4096, 4096, 4096, 4096, 4096, 4096, 4096, 4096, 4096, 4096, 4096, 4096, 4096, 829], "seed_nodes_per_epoch": 90941, "shuffle": true, "source_seed_nodes": 90941, "split": "train", "static_batch_cache_size": 0, "supervised_targets_by_batch": [4096, 4096, 4096, 4096, 4096, 4096, 4096, 4096, 4096, 4096, 4096, 4096, 4096, 4096, 4096, 4096, 4096, 4096, 4096, 4096, 4096, 4096, 829], "traversal": "continuous_sequential_batches", "traversal_scope": "single_data_executor", "version": 1}
2026-09-18 17:01:13,662 INFO:   Connectivity check: running command: ping -c 1 -W 3 10.125.8.2
2026-09-18 17:01:13,668 INFO:   Connectivity check succeeded.
2026-09-18 17:01:13,687 INFO:   Appliance client semantic version: 1.14.0, cluster server semantic version: 1.20.2, job operator semantic version: 1.20.2
2026-09-18 17:01:13,688 INFO:   ===========================================================================
2026-09-18 17:01:13,688 INFO:   Trainer Fit Summary
2026-09-18 17:01:13,688 INFO:   ---------------------------------------------------------------------------
2026-09-18 17:01:13,688 INFO:   Trainer will run 1 train loop.
2026-09-18 17:01:13,688 INFO:   
2026-09-18 17:01:13,688 INFO:   Train steps per train loop:
2026-09-18 17:01:13,688 INFO:   * 1 loop of 440 steps
2026-09-18 17:01:13,688 INFO:   for a total of 440 train steps.
2026-09-18 17:01:13,688 INFO:   
2026-09-18 17:01:13,688 INFO:   Progress will be logged every 10 steps.
2026-09-18 17:01:13,688 INFO:   ===========================================================================
2026-09-18 17:01:13,688 INFO:   ---------------------------------------------------------------------------
2026-09-18 17:01:13,688 INFO:   Starting train loop 1 of 1, from global step 1 to 440 (440 steps)
2026-09-18 17:01:13,688 INFO:   ---------------------------------------------------------------------------
2026-09-18 17:01:18,426 INFO:   Compiling the model. This may take a few minutes.
2026-09-18 17:01:18,427 INFO:   Connectivity check: running command: ping -c 1 -W 3 10.125.8.2
2026-09-18 17:01:18,432 INFO:   Connectivity check succeeded.
2026-09-18 17:01:18,450 INFO:   Appliance client semantic version: 1.14.0, cluster server semantic version: 1.20.2, job operator semantic version: 1.20.2
2026-09-18 17:01:19,535 INFO:   Initiating a new image build job against the cluster server.
2026-09-18 17:01:19,552 INFO:   Job id: imgjob-42280d4f85d91291dacb2ef766350f15, workflow id: wflow-vraqxqomdworumdhexbmqa, namespace: job-operator, remote log path: /n1/wsjob/workdir/job-operator/imgjob-42280d4f85d91291dacb2ef766350f15
2026-09-18 17:01:19,555 INFO:   Connectivity check: running command: ping -c 1 -W 3 10.125.8.2
2026-09-18 17:01:19,560 INFO:   Connectivity check succeeded.
2026-09-18 17:01:19,576 INFO:   Appliance client semantic version: 1.14.0, cluster server semantic version: 1.20.2, job operator semantic version: 1.20.2
2026-09-18 17:01:19,600 INFO:   Initiating a new compile wsjob against the cluster server.
2026-09-18 17:01:19,622 INFO:   Job id: wsjob-8gq3e99nekt2tbrxbabq5j, workflow id: wflow-vraqxqomdworumdhexbmqa, namespace: job-operator, remote log path: /n1/wsjob/workdir/job-operator/wsjob-8gq3e99nekt2tbrxbabq5j
2026-09-18 17:01:39,623 INFO:   Poll ingress status: Waiting for job to be scheduled, current job status: Queueing, msg: job queueing to be scheduled. Job queue status: current job is top of queue but likely blocked by running/reserved jobs, 1 execute job(s) running/reserved using 1 system(s) and 1 nodegroup(s)[1 pop and 0 depop], 2 compile job(s) running/reserved using 90Gi memory. For more information, please run 'csctl get job wsjob-8gq3e99nekt2tbrxbabq5j --pending-status'.
2026-09-18 17:02:19,624 INFO:   Poll ingress status: Waiting for job to be scheduled, current job status: Queueing, msg: job queueing to be scheduled. Job queue status: 1 compile job(s) queued before current job. For more information, please run 'csctl get job wsjob-8gq3e99nekt2tbrxbabq5j --pending-status'.
2026-09-18 17:02:29,625 INFO:   Poll ingress status: Waiting for job to be scheduled, current job status: Queueing, msg: job queueing to be scheduled. Job queue status: current job is top of queue but likely blocked by running/reserved jobs, 2 execute job(s) running/reserved using 2 system(s) and 2 nodegroup(s)[2 pop and 0 depop], 2 compile job(s) running/reserved. For more information, please run 'csctl get job wsjob-8gq3e99nekt2tbrxbabq5j --pending-status'.
2026-09-18 17:03:19,625 INFO:   Poll ingress status: Waiting for all Coordinator pods to be running, current running: 0/1.
2026-09-18 17:03:19,628 INFO:   Recording the timestamp when jobs is scheduled.
2026-09-18 17:03:19,666 WARNING:   Event 2026-09-18 17:03:02 +0000 UTC reason=InconsistentVersion wsjob=wsjob-8gq3e99nekt2tbrxbabq5j message='Warning: client semantic version 1.14.0 is inconsistent with cluster server semantic version 1.20.2, there's a risk job could fail due to inconsistent setup.'
2026-09-18 17:03:29,666 INFO:   Poll ingress status: Waiting for job ingress readiness.
2026-09-18 17:03:59,707 INFO:   Poll ingress status: Job ingress ready, dashboard: <internal-dashboard-url>
2026-09-18 17:03:59,746 INFO:   Poll ingress success: Job ingress ready, dashboard: <internal-dashboard-url>
2026-09-18 17:03:59,756 INFO:   Finalizing out-of-cluster job handle with ingress service url: 
2026-09-18 17:03:59,756 WARNING:   Empty ingress service url. Falling back to default server: 10.125.8.2:443
2026-09-18 17:03:59,827 INFO:   Found existing cached compile with hash: "cs_3310013607597699701"
2026-09-18 17:04:01,701 INFO:   Using power profile none

2026-09-18 17:04:01,715 INFO:   Compile artifacts successfully written to remote compile directory. Compile hash is: cs_3310013607597699701
2026-09-18 17:04:09,671 ERROR:   Image build job imgjob-42280d4f85d91291dacb2ef766350f15 failed. Please check the error log in $REPO_ROOT/model_dirs/hpcasia_learning/arxiv_20260918T122510.309655Z/tuning/workers_w16_p2_s1_r1/model/cerebras_logs/20260918_170112/executors/000001/custom_worker_build.out. 
2026-09-18 17:04:09,671 INFO:   Falling back to venv mounting.
2026-09-18 17:04:09,674 INFO:   Compile was successful!
2026-09-18 17:04:09,674 INFO:   Programming Cerebras Wafer Scale Cluster for execution. This may take a few minutes.
2026-09-18 17:04:11,683 INFO:   Connectivity check: running command: ping -c 1 -W 3 10.125.8.2
2026-09-18 17:04:11,689 INFO:   Connectivity check succeeded.
2026-09-18 17:04:11,706 INFO:   Appliance client semantic version: 1.14.0, cluster server semantic version: 1.20.2, job operator semantic version: 1.20.2
2026-09-18 17:04:11,708 INFO:   Initiating a new execute wsjob against the cluster server.
2026-09-18 17:04:11,748 INFO:   Job id: wsjob-2swdtjy2lsoybkfumfjxxm, workflow id: wflow-vraqxqomdworumdhexbmqa, namespace: job-operator, remote log path: /n1/wsjob/workdir/job-operator/wsjob-2swdtjy2lsoybkfumfjxxm
2026-09-18 17:04:31,749 INFO:   Poll ingress status: Waiting for all Weight pods to be running, current running: 0/2.
2026-09-18 17:04:31,752 INFO:   Recording the timestamp when jobs is scheduled.
2026-09-18 17:04:31,801 WARNING:   Event 2026-09-18 17:04:19 +0000 UTC reason=InconsistentVersion wsjob=wsjob-2swdtjy2lsoybkfumfjxxm message='Warning: client semantic version 1.14.0 is inconsistent with cluster server semantic version 1.20.2, there's a risk job could fail due to inconsistent setup.'
2026-09-18 17:04:31,801 INFO:   Infrastructure setup started for job wsjob-2swdtjy2lsoybkfumfjxxm
2026-09-18 17:04:41,801 INFO:   Infrastructure setup completed successfully for job wsjob-2swdtjy2lsoybkfumfjxxm
2026-09-18 17:04:51,801 INFO:   Poll ingress status: Waiting for all Activation pods to be running, current running: 0/21.
2026-09-18 17:04:51,849 INFO:   Infrastructure setup completed successfully for job wsjob-2swdtjy2lsoybkfumfjxxm
2026-09-18 17:05:01,849 INFO:   Poll ingress status: Job ingress ready, dashboard: <internal-dashboard-url>
2026-09-18 17:05:01,888 INFO:   Infrastructure setup completed successfully for job wsjob-2swdtjy2lsoybkfumfjxxm
2026-09-18 17:05:01,888 INFO:   Poll ingress success: Job ingress ready, dashboard: <internal-dashboard-url>
2026-09-18 17:05:01,905 INFO:   Finalizing out-of-cluster job handle with ingress service url: 
2026-09-18 17:05:01,905 WARNING:   Empty ingress service url. Falling back to default server: 10.125.8.2:443
2026-09-18 17:05:01,985 INFO:   Preparing to execute using 1 CSX
2026-09-18 17:05:27,407 INFO:   About to send initial weights
2026-09-18 17:05:27,610 INFO:   Finished sending initial weights
2026-09-18 17:05:27,610 INFO:   Finalizing appliance staging for the run
2026-09-18 17:05:34,223 INFO:   Waiting for device programming to complete
2026-09-18 17:05:40,498 INFO:   Device programming is complete
2026-09-18 17:05:40,792 INFO:   Using network type: ROCE
2026-09-18 17:05:40,793 INFO:   Waiting for input workers to prime the data pipeline and begin streaming ...
2026-09-18 17:05:40,803 INFO:   Input workers have begun streaming input data
2026-09-18 17:05:40,928 INFO:   Appliance staging is complete
2026-09-18 17:05:40,929 INFO:   Beginning appliance run
2026-09-18 17:05:51,706 INFO:   | Train Device=CSX, Step=10, Loss=3.37719, Rate=2844.84 samples/sec, GlobalRate=148.77 samples/sec, LoopTimeRemaining=0:10:02, TimeRemaining=0:10:02
2026-09-18 17:06:05,826 INFO:   | Train Device=CSX, Step=20, Loss=2.83006, Rate=2921.61 samples/sec, GlobalRate=283.03 samples/sec, LoopTimeRemaining=0:09:51, TimeRemaining=0:09:51
2026-09-18 17:06:25,143 INFO:   | Train Device=CSX, Step=30, Loss=2.48321, Rate=2905.09 samples/sec, GlobalRate=397.99 samples/sec, LoopTimeRemaining=0:09:38, TimeRemaining=0:09:38
2026-09-18 17:06:39,402 INFO:   | Train Device=CSX, Step=40, Loss=2.17466, Rate=2893.47 samples/sec, GlobalRate=507.23 samples/sec, LoopTimeRemaining=0:09:25, TimeRemaining=0:09:25
2026-09-18 17:06:59,268 INFO:   | Train Device=CSX, Step=50, Loss=1.85241, Rate=2512.83 samples/sec, GlobalRate=597.30 samples/sec, LoopTimeRemaining=0:09:11, TimeRemaining=0:09:11
2026-09-18 17:07:13,591 INFO:   | Train Device=CSX, Step=60, Loss=1.63806, Rate=2904.92 samples/sec, GlobalRate=688.02 samples/sec, LoopTimeRemaining=0:08:57, TimeRemaining=0:08:57
2026-09-18 17:07:32,909 INFO:   | Train Device=CSX, Step=70, Loss=1.52059, Rate=1533.96 samples/sec, GlobalRate=761.50 samples/sec, LoopTimeRemaining=0:08:43, TimeRemaining=0:08:43
2026-09-18 17:07:47,139 INFO:   | Train Device=CSX, Step=80, Loss=1.42359, Rate=2885.81 samples/sec, GlobalRate=838.60 samples/sec, LoopTimeRemaining=0:08:28, TimeRemaining=0:08:28
2026-09-18 17:08:01,280 INFO:   | Train Device=CSX, Step=90, Loss=1.41382, Rate=2900.08 samples/sec, GlobalRate=910.47 samples/sec, LoopTimeRemaining=0:08:14, TimeRemaining=0:08:14
2026-09-18 17:08:20,993 INFO:   | Train Device=CSX, Step=100, Loss=1.31883, Rate=2861.41 samples/sec, GlobalRate=964.67 samples/sec, LoopTimeRemaining=0:08:00, TimeRemaining=0:08:00
2026-09-18 17:08:35,343 INFO:   | Train Device=CSX, Step=110, Loss=1.27947, Rate=2847.36 samples/sec, GlobalRate=1026.44 samples/sec, LoopTimeRemaining=0:07:46, TimeRemaining=0:07:46
2026-09-18 17:08:54,569 INFO:   | Train Device=CSX, Step=120, Loss=1.21283, Rate=2854.00 samples/sec, GlobalRate=1072.77 samples/sec, LoopTimeRemaining=0:07:32, TimeRemaining=0:07:32
2026-09-18 17:09:08,815 INFO:   | Train Device=CSX, Step=130, Loss=1.25431, Rate=2678.36 samples/sec, GlobalRate=1127.15 samples/sec, LoopTimeRemaining=0:07:18, TimeRemaining=0:07:18
2026-09-18 17:09:28,470 INFO:   | Train Device=CSX, Step=140, Loss=1.17677, Rate=2054.44 samples/sec, GlobalRate=1165.34 samples/sec, LoopTimeRemaining=0:07:05, TimeRemaining=0:07:05
2026-09-18 17:09:42,556 INFO:   | Train Device=CSX, Step=150, Loss=1.18961, Rate=2918.43 samples/sec, GlobalRate=1213.83 samples/sec, LoopTimeRemaining=0:06:50, TimeRemaining=0:06:50
2026-09-18 17:09:56,673 INFO:   | Train Device=CSX, Step=160, Loss=1.17591, Rate=2892.06 samples/sec, GlobalRate=1259.62 samples/sec, LoopTimeRemaining=0:06:36, TimeRemaining=0:06:36
2026-09-18 17:10:16,217 INFO:   | Train Device=CSX, Step=170, Loss=1.11490, Rate=2897.62 samples/sec, GlobalRate=1289.90 samples/sec, LoopTimeRemaining=0:06:22, TimeRemaining=0:06:22
2026-09-18 17:10:30,385 INFO:   | Train Device=CSX, Step=180, Loss=1.16431, Rate=2905.24 samples/sec, GlobalRate=1330.84 samples/sec, LoopTimeRemaining=0:06:08, TimeRemaining=0:06:08
2026-09-18 17:10:49,742 INFO:   | Train Device=CSX, Step=190, Loss=1.17256, Rate=2904.98 samples/sec, GlobalRate=1357.35 samples/sec, LoopTimeRemaining=0:05:54, TimeRemaining=0:05:54
2026-09-18 17:11:03,819 INFO:   | Train Device=CSX, Step=200, Loss=1.15904, Rate=2917.69 samples/sec, GlobalRate=1394.55 samples/sec, LoopTimeRemaining=0:05:39, TimeRemaining=0:05:39
2026-09-18 17:11:23,205 INFO:   | Train Device=CSX, Step=210, Loss=1.11809, Rate=2577.06 samples/sec, GlobalRate=1417.50 samples/sec, LoopTimeRemaining=0:05:26, TimeRemaining=0:05:26
2026-09-18 17:11:37,346 INFO:   | Train Device=CSX, Step=220, Loss=1.11506, Rate=2916.57 samples/sec, GlobalRate=1451.18 samples/sec, LoopTimeRemaining=0:05:11, TimeRemaining=0:05:11
2026-09-18 17:11:51,567 INFO:   | Train Device=CSX, Step=230, Loss=1.00655, Rate=2874.48 samples/sec, GlobalRate=1483.18 samples/sec, LoopTimeRemaining=0:04:57, TimeRemaining=0:04:57
2026-09-18 17:12:10,953 INFO:   | Train Device=CSX, Step=240, Loss=1.11497, Rate=2915.76 samples/sec, GlobalRate=1501.83 samples/sec, LoopTimeRemaining=0:04:43, TimeRemaining=0:04:43
2026-09-18 17:12:25,508 INFO:   | Train Device=CSX, Step=250, Loss=1.07827, Rate=2834.51 samples/sec, GlobalRate=1530.37 samples/sec, LoopTimeRemaining=0:04:29, TimeRemaining=0:04:29
2026-09-18 17:12:45,076 INFO:   | Train Device=CSX, Step=260, Loss=1.07885, Rate=2916.98 samples/sec, GlobalRate=1546.37 samples/sec, LoopTimeRemaining=0:04:15, TimeRemaining=0:04:15
2026-09-18 17:12:59,191 INFO:   | Train Device=CSX, Step=270, Loss=1.08083, Rate=2865.46 samples/sec, GlobalRate=1573.59 samples/sec, LoopTimeRemaining=0:04:01, TimeRemaining=0:04:01
2026-09-18 17:13:18,963 INFO:   | Train Device=CSX, Step=280, Loss=1.11849, Rate=2646.79 samples/sec, GlobalRate=1587.22 samples/sec, LoopTimeRemaining=0:03:47, TimeRemaining=0:03:47
2026-09-18 17:13:32,998 INFO:   | Train Device=CSX, Step=290, Loss=1.06843, Rate=2908.58 samples/sec, GlobalRate=1612.58 samples/sec, LoopTimeRemaining=0:03:32, TimeRemaining=0:03:32
2026-09-18 17:13:52,126 INFO:   | Train Device=CSX, Step=300, Loss=1.02315, Rate=1540.09 samples/sec, GlobalRate=1625.97 samples/sec, LoopTimeRemaining=0:03:18, TimeRemaining=0:03:18
2026-09-18 17:14:06,423 INFO:   | Train Device=CSX, Step=310, Loss=1.04774, Rate=2915.49 samples/sec, GlobalRate=1648.97 samples/sec, LoopTimeRemaining=0:03:04, TimeRemaining=0:03:04
2026-09-18 17:14:20,605 INFO:   | Train Device=CSX, Step=320, Loss=1.09656, Rate=2883.95 samples/sec, GlobalRate=1671.38 samples/sec, LoopTimeRemaining=0:02:50, TimeRemaining=0:02:50
2026-09-18 17:14:40,222 INFO:   | Train Device=CSX, Step=330, Loss=1.02357, Rate=2890.48 samples/sec, GlobalRate=1681.55 samples/sec, LoopTimeRemaining=0:02:36, TimeRemaining=0:02:36
2026-09-18 17:14:54,364 INFO:   | Train Device=CSX, Step=340, Loss=1.03504, Rate=2864.19 samples/sec, GlobalRate=1702.55 samples/sec, LoopTimeRemaining=0:02:21, TimeRemaining=0:02:21
2026-09-18 17:15:13,865 INFO:   | Train Device=CSX, Step=350, Loss=0.99137, Rate=2852.27 samples/sec, GlobalRate=1711.81 samples/sec, LoopTimeRemaining=0:02:07, TimeRemaining=0:02:07
2026-09-18 17:15:27,908 INFO:   | Train Device=CSX, Step=360, Loss=1.03419, Rate=2899.39 samples/sec, GlobalRate=1731.69 samples/sec, LoopTimeRemaining=0:01:53, TimeRemaining=0:01:53
2026-09-18 17:15:47,428 INFO:   | Train Device=CSX, Step=370, Loss=1.01350, Rate=2175.56 samples/sec, GlobalRate=1739.90 samples/sec, LoopTimeRemaining=0:01:39, TimeRemaining=0:01:39
2026-09-18 17:16:01,657 INFO:   | Train Device=CSX, Step=380, Loss=1.02233, Rate=2897.43 samples/sec, GlobalRate=1758.21 samples/sec, LoopTimeRemaining=0:01:25, TimeRemaining=0:01:25
2026-09-18 17:16:15,875 INFO:   | Train Device=CSX, Step=390, Loss=1.02352, Rate=2885.87 samples/sec, GlobalRate=1775.95 samples/sec, LoopTimeRemaining=0:01:11, TimeRemaining=0:01:11
2026-09-18 17:16:35,258 INFO:   | Train Device=CSX, Step=400, Loss=0.95176, Rate=2913.80 samples/sec, GlobalRate=1783.06 samples/sec, LoopTimeRemaining=0:00:57, TimeRemaining=0:00:57
2026-09-18 17:16:49,662 INFO:   | Train Device=CSX, Step=410, Loss=1.01225, Rate=2844.72 samples/sec, GlobalRate=1799.43 samples/sec, LoopTimeRemaining=0:00:42, TimeRemaining=0:00:42
2026-09-18 17:17:09,285 INFO:   | Train Device=CSX, Step=420, Loss=1.01939, Rate=2912.25 samples/sec, GlobalRate=1805.36 samples/sec, LoopTimeRemaining=0:00:28, TimeRemaining=0:00:28
2026-09-18 17:17:23,366 INFO:   | Train Device=CSX, Step=430, Loss=1.00939, Rate=2914.52 samples/sec, GlobalRate=1821.43 samples/sec, LoopTimeRemaining=0:00:14, TimeRemaining=0:00:14
2026-09-18 17:17:42,656 INFO:   | Train Device=CSX, Step=440, Loss=0.98283, Rate=2533.66 samples/sec, GlobalRate=1827.34 samples/sec, LoopTimeRemaining=0:00:00, TimeRemaining=0:00:00
2026-09-18 17:17:42,764 INFO:   Training completed successfully!
2026-09-18 17:17:42,773 INFO:   Processed 1802240 training sample(s) in 989.112075982 seconds.
