$REPO_ROOT/.venv/lib/python3.11/site-packages/outdated/__init__.py:36: UserWarning: pkg_resources is deprecated as an API. See https://setuptools.pypa.io/en/latest/pkg_resources.html. The pkg_resources package is slated for removal as early as 2025-11-30. Refrain from using this package or pin to Setuptools<81.
  from pkg_resources import parse_version
[ddp] Single-process mode: device=cuda
[Info] Running in Single-Process mode (CPU or Single GPU).
[Info] Device: cuda
[GraphCache] Caching disabled (0 nodes).
[Compile] {"enabled": true, "dynamic": true}
[GPU policy] {"version": 1, "optimizer": "torch.optim.AdamW", "epsilon_convention": "sqrt_bias_corrected_second_moment_plus_eps", "optimizer_defaults": {"lr": 0.003, "betas": [0.9, 0.999], "eps": 1e-06, "weight_decay": 0.0005, "amsgrad": false, "foreach": null, "maximize": false, "capturable": false, "differentiable": false, "fused": null}, "optimizer_groups": [{"parameters": ["_orig_mod.gnn.convs.0.lin_l.weight", "_orig_mod.gnn.convs.0.lin_r.weight", "_orig_mod.gnn.convs.1.lin_l.weight", "_orig_mod.gnn.convs.1.lin_r.weight", "_orig_mod.gnn.convs.2.lin_l.weight", "_orig_mod.gnn.convs.2.lin_r.weight", "_orig_mod.classifier.weight"], "weight_decay": 0.0005}, {"parameters": ["_orig_mod.gnn.convs.0.lin_l.bias", "_orig_mod.gnn.convs.1.lin_l.bias", "_orig_mod.gnn.convs.2.lin_l.bias", "_orig_mod.classifier.bias"], "weight_decay": 0.0}], "parameter_count": 4500520, "amp": {"implementation": "torch.amp.GradScaler", "enabled": true, "init_scale": 32768.0, "growth_interval": 2000, "growth_factor": 2.0, "backoff_factor": 0.5, "sdk_scale_clamps": false}}
[Step=0010] Wall=12.3354s | Loss=4.3795
[Profile] Avg ms/step | Load: 30.364 (Prep: 11.438, Struc: 0.373, Fetch: 18.553) | Fwd: 991.388 | Bwd: 111.915 | Opt: 76.951 | GPU_Tot: 1199.179
[Autotune] {"version": 2, "step": 10, "wall_seconds": 12.335408457001904, "seed_nodes": 40960, "loss": 4.3794921875, "all_losses_finite": true, "optimizer_steps": 10, "skipped_optimizer_steps": 0, "loss_scale": 32768.0}
[Step=0020] Wall=12.6915s | Loss=3.0470
[Profile] Avg ms/step | Load: 23.366 (Prep: 6.285, Struc: 0.337, Fetch: 16.744) | Fwd: 500.035 | Bwd: 60.829 | Opt: 38.799 | GPU_Tot: 616.743
[Autotune] {"version": 2, "step": 20, "wall_seconds": 12.69153475400526, "seed_nodes": 81920, "loss": 3.0469688415527343, "all_losses_finite": true, "optimizer_steps": 20, "skipped_optimizer_steps": 0, "loss_scale": 32768.0}
[Step=0030] Wall=13.0886s | Loss=2.5568
[Profile] Avg ms/step | Load: 22.675 (Prep: 6.185, Struc: 0.322, Fetch: 16.169) | Fwd: 336.138 | Bwd: 43.635 | Opt: 26.082 | GPU_Tot: 422.345
[Autotune] {"version": 2, "step": 30, "wall_seconds": 13.0885624900111, "seed_nodes": 119613, "loss": 2.5567546844482423, "all_losses_finite": true, "optimizer_steps": 30, "skipped_optimizer_steps": 0, "loss_scale": 32768.0}
[Step=0040] Wall=13.4565s | Loss=2.2285
[Profile] Avg ms/step | Load: 0.000 (Prep: 0.000, Struc: 0.000, Fetch: 0.000) | Fwd: 0.000 | Bwd: 0.000 | Opt: 0.000 | GPU_Tot: 0.000
[Autotune] {"version": 2, "step": 40, "wall_seconds": 13.456497055012733, "seed_nodes": 160573, "loss": 2.228494071960449, "all_losses_finite": true, "optimizer_steps": 40, "skipped_optimizer_steps": 0, "loss_scale": 32768.0}
[Step=0050] Wall=13.8325s | Loss=1.9256
[Profile] Avg ms/step | Load: 19.404 (Prep: 6.204, Struc: 0.298, Fetch: 12.902) | Fwd: 8.209 | Bwd: 9.192 | Opt: 0.628 | GPU_Tot: 31.231
[Autotune] {"version": 2, "step": 50, "wall_seconds": 13.832455362018663, "seed_nodes": 198266, "loss": 1.9256187438964845, "all_losses_finite": true, "optimizer_steps": 50, "skipped_optimizer_steps": 0, "loss_scale": 32768.0}
[Step=0060] Wall=14.2062s | Loss=1.7371
[Profile] Avg ms/step | Load: 18.747 (Prep: 3.298, Struc: 0.300, Fetch: 15.149) | Fwd: 8.458 | Bwd: 9.467 | Opt: 0.647 | GPU_Tot: 34.022
[Autotune] {"version": 2, "step": 60, "wall_seconds": 14.206223147019045, "seed_nodes": 239226, "loss": 1.7371238708496093, "all_losses_finite": true, "optimizer_steps": 60, "skipped_optimizer_steps": 0, "loss_scale": 32768.0}
[Step=0070] Wall=14.5767s | Loss=1.6222
[Profile] Avg ms/step | Load: 18.778 (Prep: 4.435, Struc: 0.296, Fetch: 14.047) | Fwd: 8.374 | Bwd: 9.384 | Opt: 0.639 | GPU_Tot: 32.740
[Autotune] {"version": 2, "step": 70, "wall_seconds": 14.57665278800414, "seed_nodes": 276919, "loss": 1.622151756286621, "all_losses_finite": true, "optimizer_steps": 70, "skipped_optimizer_steps": 0, "loss_scale": 32768.0}
[Step=0080] Wall=14.9571s | Loss=1.5148
[Profile] Avg ms/step | Load: 18.765 (Prep: 3.426, Struc: 0.300, Fetch: 15.039) | Fwd: 8.456 | Bwd: 9.467 | Opt: 0.659 | GPU_Tot: 33.921
[Autotune] {"version": 2, "step": 80, "wall_seconds": 14.95707136602141, "seed_nodes": 317879, "loss": 1.514756202697754, "all_losses_finite": true, "optimizer_steps": 80, "skipped_optimizer_steps": 0, "loss_scale": 32768.0}
[Step=0090] Wall=15.3027s | Loss=1.4500
[Profile] Avg ms/step | Load: 18.086 (Prep: 2.912, Struc: 0.301, Fetch: 14.873) | Fwd: 8.498 | Bwd: 9.520 | Opt: 0.655 | GPU_Tot: 33.847
[Autotune] {"version": 2, "step": 90, "wall_seconds": 15.302748771995539, "seed_nodes": 358839, "loss": 1.4499823570251464, "all_losses_finite": true, "optimizer_steps": 90, "skipped_optimizer_steps": 0, "loss_scale": 32768.0}
[Step=0100] Wall=15.7069s | Loss=1.3947
[Profile] Avg ms/step | Load: 18.742 (Prep: 3.433, Struc: 0.300, Fetch: 15.009) | Fwd: 8.464 | Bwd: 9.476 | Opt: 0.658 | GPU_Tot: 33.907
[Autotune] {"version": 2, "step": 100, "wall_seconds": 15.706903896003496, "seed_nodes": 396532, "loss": 1.3947225570678712, "all_losses_finite": true, "optimizer_steps": 100, "skipped_optimizer_steps": 0, "loss_scale": 32768.0}
[Step=0110] Wall=16.0772s | Loss=1.3409
[Profile] Avg ms/step | Load: 18.606 (Prep: 3.114, Struc: 0.301, Fetch: 15.192) | Fwd: 8.497 | Bwd: 9.512 | Opt: 0.657 | GPU_Tot: 34.158
[Autotune] {"version": 2, "step": 110, "wall_seconds": 16.077248988003703, "seed_nodes": 437492, "loss": 1.3408842086791992, "all_losses_finite": true, "optimizer_steps": 110, "skipped_optimizer_steps": 0, "loss_scale": 32768.0}
[Step=0120] Wall=16.4524s | Loss=1.3348
[Profile] Avg ms/step | Load: 18.686 (Prep: 3.398, Struc: 0.300, Fetch: 14.989) | Fwd: 8.464 | Bwd: 9.476 | Opt: 0.655 | GPU_Tot: 33.883
[Autotune] {"version": 2, "step": 120, "wall_seconds": 16.452357950009173, "seed_nodes": 475185, "loss": 1.3348310470581055, "all_losses_finite": true, "optimizer_steps": 120, "skipped_optimizer_steps": 0, "loss_scale": 32768.0}
[Step=0130] Wall=16.8334s | Loss=1.2931
[Profile] Avg ms/step | Load: 18.704 (Prep: 3.136, Struc: 0.300, Fetch: 15.268) | Fwd: 8.489 | Bwd: 9.503 | Opt: 0.656 | GPU_Tot: 34.217
[Autotune] {"version": 2, "step": 130, "wall_seconds": 16.83344020001823, "seed_nodes": 516145, "loss": 1.293116283416748, "all_losses_finite": true, "optimizer_steps": 130, "skipped_optimizer_steps": 0, "loss_scale": 32768.0}
[Step=0140] Wall=17.1939s | Loss=1.2556
[Profile] Avg ms/step | Load: 18.617 (Prep: 3.351, Struc: 0.299, Fetch: 14.966) | Fwd: 8.462 | Bwd: 9.476 | Opt: 0.653 | GPU_Tot: 33.856
[Autotune] {"version": 2, "step": 140, "wall_seconds": 17.193944482016377, "seed_nodes": 553838, "loss": 1.2555530548095704, "all_losses_finite": true, "optimizer_steps": 140, "skipped_optimizer_steps": 0, "loss_scale": 32768.0}
[Step=0150] Wall=17.5665s | Loss=1.2566
[Profile] Avg ms/step | Load: 18.561 (Prep: 3.081, Struc: 0.300, Fetch: 15.180) | Fwd: 8.484 | Bwd: 9.499 | Opt: 0.654 | GPU_Tot: 34.116
[Autotune] {"version": 2, "step": 150, "wall_seconds": 17.566520788997877, "seed_nodes": 594798, "loss": 1.256561279296875, "all_losses_finite": true, "optimizer_steps": 150, "skipped_optimizer_steps": 0, "loss_scale": 32768.0}
[Step=0160] Wall=17.9021s | Loss=1.2332
[Profile] Avg ms/step | Load: 18.209 (Prep: 2.912, Struc: 0.300, Fetch: 14.997) | Fwd: 8.501 | Bwd: 9.520 | Opt: 0.652 | GPU_Tot: 33.969
[Autotune] {"version": 2, "step": 160, "wall_seconds": 17.90214270001161, "seed_nodes": 635758, "loss": 1.2332109451293944, "all_losses_finite": true, "optimizer_steps": 160, "skipped_optimizer_steps": 0, "loss_scale": 32768.0}
[Step=0170] Wall=18.3156s | Loss=1.2017
[Profile] Avg ms/step | Load: 18.578 (Prep: 3.183, Struc: 0.299, Fetch: 15.095) | Fwd: 8.482 | Bwd: 9.497 | Opt: 0.654 | GPU_Tot: 34.027
[Autotune] {"version": 2, "step": 170, "wall_seconds": 18.315569330996368, "seed_nodes": 673451, "loss": 1.2016826629638673, "all_losses_finite": true, "optimizer_steps": 170, "skipped_optimizer_steps": 0, "loss_scale": 32768.0}
[Step=0180] Wall=18.6798s | Loss=1.2086
[Profile] Avg ms/step | Load: 18.474 (Prep: 3.021, Struc: 0.300, Fetch: 15.154) | Fwd: 8.498 | Bwd: 9.516 | Opt: 0.653 | GPU_Tot: 34.121
[Autotune] {"version": 2, "step": 180, "wall_seconds": 18.679784677020507, "seed_nodes": 714411, "loss": 1.2086331367492675, "all_losses_finite": true, "optimizer_steps": 180, "skipped_optimizer_steps": 0, "loss_scale": 32768.0}
[Step=0190] Wall=19.0561s | Loss=1.1889
[Profile] Avg ms/step | Load: 18.530 (Prep: 3.147, Struc: 0.299, Fetch: 15.084) | Fwd: 8.482 | Bwd: 9.499 | Opt: 0.654 | GPU_Tot: 34.017
[Autotune] {"version": 2, "step": 190, "wall_seconds": 19.056145712005673, "seed_nodes": 752104, "loss": 1.1888771057128906, "all_losses_finite": true, "optimizer_steps": 190, "skipped_optimizer_steps": 0, "loss_scale": 32768.0}
[Step=0200] Wall=19.4352s | Loss=1.1790
[Profile] Avg ms/step | Load: 18.534 (Prep: 3.028, Struc: 0.300, Fetch: 15.206) | Fwd: 8.497 | Bwd: 9.514 | Opt: 0.655 | GPU_Tot: 34.171
[Autotune] {"version": 2, "step": 200, "wall_seconds": 19.43521310100914, "seed_nodes": 793064, "loss": 1.1790267944335937, "all_losses_finite": true, "optimizer_steps": 200, "skipped_optimizer_steps": 0, "loss_scale": 32768.0}
[Step=0210] Wall=19.8198s | Loss=1.1660
[Profile] Avg ms/step | Load: 18.632 (Prep: 3.219, Struc: 0.299, Fetch: 15.113) | Fwd: 8.481 | Bwd: 9.497 | Opt: 0.654 | GPU_Tot: 34.045
[Autotune] {"version": 2, "step": 210, "wall_seconds": 19.819756278011482, "seed_nodes": 830757, "loss": 1.1659561157226563, "all_losses_finite": true, "optimizer_steps": 210, "skipped_optimizer_steps": 0, "loss_scale": 32768.0}
[Step=0220] Wall=20.1947s | Loss=1.1588
[Profile] Avg ms/step | Load: 18.608 (Prep: 3.063, Struc: 0.300, Fetch: 15.246) | Fwd: 8.494 | Bwd: 9.510 | Opt: 0.655 | GPU_Tot: 34.204
[Autotune] {"version": 2, "step": 220, "wall_seconds": 20.194673200021498, "seed_nodes": 871717, "loss": 1.1587915420532227, "all_losses_finite": true, "optimizer_steps": 220, "skipped_optimizer_steps": 0, "loss_scale": 32768.0}
[Step=0230] Wall=20.5059s | Loss=1.1503
[Profile] Avg ms/step | Load: 18.308 (Prep: 2.955, Struc: 0.299, Fetch: 15.054) | Fwd: 8.480 | Bwd: 9.495 | Opt: 0.653 | GPU_Tot: 33.981
[Autotune] {"version": 2, "step": 230, "wall_seconds": 20.505886469996767, "seed_nodes": 909410, "loss": 1.1502630233764648, "all_losses_finite": true, "optimizer_steps": 230, "skipped_optimizer_steps": 0, "loss_scale": 32768.0}
[Step=0240] Wall=20.9408s | Loss=1.1428
[Profile] Avg ms/step | Load: 18.602 (Prep: 3.131, Struc: 0.300, Fetch: 15.171) | Fwd: 8.492 | Bwd: 9.507 | Opt: 0.653 | GPU_Tot: 34.123
[Autotune] {"version": 2, "step": 240, "wall_seconds": 20.940753878006944, "seed_nodes": 950370, "loss": 1.1428258895874024, "all_losses_finite": true, "optimizer_steps": 240, "skipped_optimizer_steps": 0, "loss_scale": 32768.0}
[Step=0250] Wall=21.2903s | Loss=1.1378
[Profile] Avg ms/step | Load: 18.466 (Prep: 3.035, Struc: 0.300, Fetch: 15.130) | Fwd: 8.501 | Bwd: 9.518 | Opt: 0.653 | GPU_Tot: 34.102
[Autotune] {"version": 2, "step": 250, "wall_seconds": 21.29033373601851, "seed_nodes": 991330, "loss": 1.1378492355346679, "all_losses_finite": true, "optimizer_steps": 250, "skipped_optimizer_steps": 0, "loss_scale": 32768.0}
[Step=0260] Wall=21.6914s | Loss=1.1335
[Profile] Avg ms/step | Load: 18.616 (Prep: 3.187, Struc: 0.300, Fetch: 15.129) | Fwd: 8.490 | Bwd: 9.506 | Opt: 0.652 | GPU_Tot: 34.078
[Autotune] {"version": 2, "step": 260, "wall_seconds": 21.691379590018187, "seed_nodes": 1029023, "loss": 1.133544921875, "all_losses_finite": true, "optimizer_steps": 260, "skipped_optimizer_steps": 0, "loss_scale": 32768.0}
[Step=0270] Wall=22.0640s | Loss=1.1136
[Profile] Avg ms/step | Load: 18.589 (Prep: 3.101, Struc: 0.300, Fetch: 15.187) | Fwd: 8.500 | Bwd: 9.516 | Opt: 0.653 | GPU_Tot: 34.156
[Autotune] {"version": 2, "step": 270, "wall_seconds": 22.064045074017486, "seed_nodes": 1069983, "loss": 1.113604736328125, "all_losses_finite": true, "optimizer_steps": 270, "skipped_optimizer_steps": 0, "loss_scale": 32768.0}
[Step=0280] Wall=22.4368s | Loss=1.1091
[Profile] Avg ms/step | Load: 18.608 (Prep: 3.212, Struc: 0.300, Fetch: 15.097) | Fwd: 8.488 | Bwd: 9.503 | Opt: 0.652 | GPU_Tot: 34.039
[Autotune] {"version": 2, "step": 280, "wall_seconds": 22.436815482011298, "seed_nodes": 1107676, "loss": 1.109117317199707, "all_losses_finite": true, "optimizer_steps": 280, "skipped_optimizer_steps": 0, "loss_scale": 32768.0}
[Step=0290] Wall=22.8113s | Loss=1.1063
[Profile] Avg ms/step | Load: 18.590 (Prep: 3.100, Struc: 0.300, Fetch: 15.190) | Fwd: 8.497 | Bwd: 9.513 | Opt: 0.652 | GPU_Tot: 34.153
[Autotune] {"version": 2, "step": 290, "wall_seconds": 22.811326825001743, "seed_nodes": 1148636, "loss": 1.106269359588623, "all_losses_finite": true, "optimizer_steps": 290, "skipped_optimizer_steps": 0, "loss_scale": 32768.0}
[Step=0300] Wall=23.1883s | Loss=1.1116
[Profile] Avg ms/step | Load: 18.622 (Prep: 3.225, Struc: 0.300, Fetch: 15.097) | Fwd: 8.487 | Bwd: 9.503 | Opt: 0.651 | GPU_Tot: 34.038
[Autotune] {"version": 2, "step": 300, "wall_seconds": 23.188264049997088, "seed_nodes": 1186329, "loss": 1.1115724563598632, "all_losses_finite": true, "optimizer_steps": 300, "skipped_optimizer_steps": 0, "loss_scale": 32768.0}
[Step=0310] Wall=23.5647s | Loss=1.1013
[Profile] Avg ms/step | Load: 18.611 (Prep: 3.120, Struc: 0.300, Fetch: 15.191) | Fwd: 8.496 | Bwd: 9.512 | Opt: 0.652 | GPU_Tot: 34.150
[Autotune] {"version": 2, "step": 310, "wall_seconds": 23.56469287199434, "seed_nodes": 1227289, "loss": 1.1013193130493164, "all_losses_finite": true, "optimizer_steps": 310, "skipped_optimizer_steps": 0, "loss_scale": 32768.0}
[Step=0320] Wall=23.9114s | Loss=1.0927
[Profile] Avg ms/step | Load: 18.498 (Prep: 3.039, Struc: 0.300, Fetch: 15.159) | Fwd: 8.503 | Bwd: 9.520 | Opt: 0.651 | GPU_Tot: 34.133
[Autotune] {"version": 2, "step": 320, "wall_seconds": 23.911443677003263, "seed_nodes": 1268249, "loss": 1.0927266120910644, "all_losses_finite": true, "optimizer_steps": 320, "skipped_optimizer_steps": 0, "loss_scale": 32768.0}
[Step=0330] Wall=24.3103s | Loss=1.0926
[Profile] Avg ms/step | Load: 18.605 (Prep: 3.136, Struc: 0.300, Fetch: 15.169) | Fwd: 8.494 | Bwd: 9.510 | Opt: 0.651 | GPU_Tot: 34.124
[Autotune] {"version": 2, "step": 330, "wall_seconds": 24.310316682996927, "seed_nodes": 1305942, "loss": 1.0925871849060058, "all_losses_finite": true, "optimizer_steps": 330, "skipped_optimizer_steps": 0, "loss_scale": 32768.0}
[Step=0340] Wall=24.6740s | Loss=1.0801
[Profile] Avg ms/step | Load: 18.555 (Prep: 3.072, Struc: 0.300, Fetch: 15.183) | Fwd: 8.501 | Bwd: 9.517 | Opt: 0.651 | GPU_Tot: 34.153
[Autotune] {"version": 2, "step": 340, "wall_seconds": 24.673985155008268, "seed_nodes": 1346902, "loss": 1.080143928527832, "all_losses_finite": true, "optimizer_steps": 340, "skipped_optimizer_steps": 0, "loss_scale": 32768.0}
[Step=0350] Wall=25.0596s | Loss=1.0609
[Profile] Avg ms/step | Load: 18.610 (Prep: 3.175, Struc: 0.300, Fetch: 15.135) | Fwd: 8.493 | Bwd: 9.508 | Opt: 0.651 | GPU_Tot: 34.087
[Autotune] {"version": 2, "step": 350, "wall_seconds": 25.059620396001264, "seed_nodes": 1384595, "loss": 1.0608861923217774, "all_losses_finite": true, "optimizer_steps": 350, "skipped_optimizer_steps": 0, "loss_scale": 32768.0}
[Step=0360] Wall=25.4436s | Loss=1.0642
[Profile] Avg ms/step | Load: 18.625 (Prep: 3.116, Struc: 0.300, Fetch: 15.209) | Fwd: 8.500 | Bwd: 9.515 | Opt: 0.651 | GPU_Tot: 34.176
[Autotune] {"version": 2, "step": 360, "wall_seconds": 25.44356774102198, "seed_nodes": 1425555, "loss": 1.0642477035522462, "all_losses_finite": true, "optimizer_steps": 360, "skipped_optimizer_steps": 0, "loss_scale": 32768.0}
[Step=0370] Wall=25.8012s | Loss=1.0723
[Profile] Avg ms/step | Load: 18.593 (Prep: 3.194, Struc: 0.300, Fetch: 15.099) | Fwd: 8.492 | Bwd: 9.506 | Opt: 0.650 | GPU_Tot: 34.047
[Autotune] {"version": 2, "step": 370, "wall_seconds": 25.801210185018135, "seed_nodes": 1463248, "loss": 1.072303295135498, "all_losses_finite": true, "optimizer_steps": 370, "skipped_optimizer_steps": 0, "loss_scale": 32768.0}
[Step=0380] Wall=26.1778s | Loss=1.0525
[Profile] Avg ms/step | Load: 18.586 (Prep: 3.112, Struc: 0.300, Fetch: 15.174) | Fwd: 8.498 | Bwd: 9.513 | Opt: 0.651 | GPU_Tot: 34.136
[Autotune] {"version": 2, "step": 380, "wall_seconds": 26.177760576014407, "seed_nodes": 1504208, "loss": 1.0524808883666992, "all_losses_finite": true, "optimizer_steps": 380, "skipped_optimizer_steps": 0, "loss_scale": 32768.0}
[Step=0390] Wall=26.5130s | Loss=1.0817
[Profile] Avg ms/step | Load: 18.464 (Prep: 3.047, Struc: 0.300, Fetch: 15.117) | Fwd: 8.503 | Bwd: 9.519 | Opt: 0.651 | GPU_Tot: 34.090
[Autotune] {"version": 2, "step": 390, "wall_seconds": 26.51295660500182, "seed_nodes": 1545168, "loss": 1.0817296981811524, "all_losses_finite": true, "optimizer_steps": 390, "skipped_optimizer_steps": 0, "loss_scale": 32768.0}
[Step=0400] Wall=26.9159s | Loss=1.0616
[Profile] Avg ms/step | Load: 18.561 (Prep: 3.113, Struc: 0.300, Fetch: 15.148) | Fwd: 8.497 | Bwd: 9.511 | Opt: 0.651 | GPU_Tot: 34.107
[Autotune] {"version": 2, "step": 400, "wall_seconds": 26.915908761002356, "seed_nodes": 1582861, "loss": 1.0615946769714355, "all_losses_finite": true, "optimizer_steps": 400, "skipped_optimizer_steps": 0, "loss_scale": 32768.0}
[Step=0410] Wall=27.2687s | Loss=1.0480
[Profile] Avg ms/step | Load: 18.494 (Prep: 3.054, Struc: 0.300, Fetch: 15.139) | Fwd: 8.502 | Bwd: 9.517 | Opt: 0.651 | GPU_Tot: 34.109
[Autotune] {"version": 2, "step": 410, "wall_seconds": 27.26873767800862, "seed_nodes": 1623821, "loss": 1.0480298042297362, "all_losses_finite": true, "optimizer_steps": 410, "skipped_optimizer_steps": 0, "loss_scale": 32768.0}
[Step=0420] Wall=27.6613s | Loss=1.0566
[Profile] Avg ms/step | Load: 18.558 (Prep: 3.142, Struc: 0.300, Fetch: 15.116) | Fwd: 8.496 | Bwd: 9.509 | Opt: 0.651 | GPU_Tot: 34.072
[Autotune] {"version": 2, "step": 420, "wall_seconds": 27.661272305005696, "seed_nodes": 1661514, "loss": 1.056636428833008, "all_losses_finite": true, "optimizer_steps": 420, "skipped_optimizer_steps": 0, "loss_scale": 32768.0}
[Step=0430] Wall=28.0435s | Loss=1.0495
[Profile] Avg ms/step | Load: 18.569 (Prep: 3.087, Struc: 0.300, Fetch: 15.181) | Fwd: 8.501 | Bwd: 9.514 | Opt: 0.651 | GPU_Tot: 34.148
[Autotune] {"version": 2, "step": 430, "wall_seconds": 28.043490684998687, "seed_nodes": 1702474, "loss": 1.049521255493164, "all_losses_finite": true, "optimizer_steps": 430, "skipped_optimizer_steps": 0, "loss_scale": 32768.0}
[Step=0440] Wall=28.4382s | Loss=1.0257
[Profile] Avg ms/step | Load: 18.636 (Prep: 3.167, Struc: 0.300, Fetch: 15.169) | Fwd: 8.494 | Bwd: 9.507 | Opt: 0.651 | GPU_Tot: 34.120
[Autotune] {"version": 2, "step": 440, "wall_seconds": 28.438229134015273, "seed_nodes": 1740167, "loss": 1.0257476806640624, "all_losses_finite": true, "optimizer_steps": 440, "skipped_optimizer_steps": 0, "loss_scale": 32768.0}
[Step=0450] Wall=28.8128s | Loss=1.0414
[Profile] Avg ms/step | Load: 18.625 (Prep: 3.100, Struc: 0.300, Fetch: 15.225) | Fwd: 8.499 | Bwd: 9.512 | Opt: 0.651 | GPU_Tot: 34.188
[Autotune] {"version": 2, "step": 450, "wall_seconds": 28.812837630015565, "seed_nodes": 1781127, "loss": 1.041382122039795, "all_losses_finite": true, "optimizer_steps": 450, "skipped_optimizer_steps": 0, "loss_scale": 32768.0}
[Step=0460] Wall=29.1317s | Loss=1.0436
[Profile] Avg ms/step | Load: 18.503 (Prep: 3.050, Struc: 0.300, Fetch: 15.153) | Fwd: 8.496 | Bwd: 9.505 | Opt: 0.650 | GPU_Tot: 34.105
[Autotune] {"version": 2, "step": 460, "wall_seconds": 29.131666948000202, "seed_nodes": 1818820, "loss": 1.0436244010925293, "all_losses_finite": true, "optimizer_steps": 460, "skipped_optimizer_steps": 0, "loss_scale": 32768.0}
[Step=0470] Wall=29.5655s | Loss=1.0339
[Profile] Avg ms/step | Load: 18.633 (Prep: 3.110, Struc: 0.301, Fetch: 15.222) | Fwd: 8.502 | Bwd: 9.511 | Opt: 0.651 | GPU_Tot: 34.186
[Autotune] {"version": 2, "step": 470, "wall_seconds": 29.565547450998565, "seed_nodes": 1859780, "loss": 1.0338708877563476, "all_losses_finite": true, "optimizer_steps": 470, "skipped_optimizer_steps": 0, "loss_scale": 32768.0}
[Step=0480] Wall=29.9213s | Loss=1.0223
[Profile] Avg ms/step | Load: 18.580 (Prep: 3.070, Struc: 0.301, Fetch: 15.209) | Fwd: 8.506 | Bwd: 9.516 | Opt: 0.651 | GPU_Tot: 34.183
[Autotune] {"version": 2, "step": 480, "wall_seconds": 29.92127137602074, "seed_nodes": 1900740, "loss": 1.0222594261169433, "all_losses_finite": true, "optimizer_steps": 480, "skipped_optimizer_steps": 0, "loss_scale": 32768.0}
[Step=0490] Wall=30.3263s | Loss=1.0245
[Profile] Avg ms/step | Load: 18.661 (Prep: 3.154, Struc: 0.301, Fetch: 15.206) | Fwd: 8.500 | Bwd: 9.510 | Opt: 0.651 | GPU_Tot: 34.167
[Autotune] {"version": 2, "step": 490, "wall_seconds": 30.326261156995315, "seed_nodes": 1938433, "loss": 1.0245498657226562, "all_losses_finite": true, "optimizer_steps": 490, "skipped_optimizer_steps": 0, "loss_scale": 32768.0}
[Step=0500] Wall=30.7038s | Loss=1.0194
[Profile] Avg ms/step | Load: 18.656 (Prep: 3.112, Struc: 0.301, Fetch: 15.244) | Fwd: 8.505 | Bwd: 9.515 | Opt: 0.651 | GPU_Tot: 34.215
[Autotune] {"version": 2, "step": 500, "wall_seconds": 30.703826320997905, "seed_nodes": 1979393, "loss": 1.0194147109985352, "all_losses_finite": true, "optimizer_steps": 500, "skipped_optimizer_steps": 0, "loss_scale": 32768.0}
[Step=0510] Wall=31.0891s | Loss=1.0247
[Profile] Avg ms/step | Load: 18.692 (Prep: 3.170, Struc: 0.300, Fetch: 15.221) | Fwd: 8.499 | Bwd: 9.508 | Opt: 0.651 | GPU_Tot: 34.179
[Autotune] {"version": 2, "step": 510, "wall_seconds": 31.089097514020978, "seed_nodes": 2017086, "loss": 1.0247292518615723, "all_losses_finite": true, "optimizer_steps": 510, "skipped_optimizer_steps": 0, "loss_scale": 32768.0}
[Step=0520] Wall=31.4637s | Loss=1.0148
[Profile] Avg ms/step | Load: 18.682 (Prep: 3.113, Struc: 0.300, Fetch: 15.269) | Fwd: 8.503 | Bwd: 9.512 | Opt: 0.651 | GPU_Tot: 34.236
[Autotune] {"version": 2, "step": 520, "wall_seconds": 31.463728222006466, "seed_nodes": 2058046, "loss": 1.014765453338623, "all_losses_finite": true, "optimizer_steps": 520, "skipped_optimizer_steps": 0, "loss_scale": 32768.0}
[Step=0530] Wall=31.8373s | Loss=1.0115
[Profile] Avg ms/step | Load: 18.690 (Prep: 3.176, Struc: 0.300, Fetch: 15.214) | Fwd: 8.498 | Bwd: 9.506 | Opt: 0.650 | GPU_Tot: 34.169
[Autotune] {"version": 2, "step": 530, "wall_seconds": 31.837339357996825, "seed_nodes": 2095739, "loss": 1.011535358428955, "all_losses_finite": true, "optimizer_steps": 530, "skipped_optimizer_steps": 0, "loss_scale": 32768.0}
[Step=0540] Wall=32.2123s | Loss=1.0133
[Profile] Avg ms/step | Load: 18.681 (Prep: 3.120, Struc: 0.300, Fetch: 15.260) | Fwd: 8.502 | Bwd: 9.511 | Opt: 0.651 | GPU_Tot: 34.224
[Autotune] {"version": 2, "step": 540, "wall_seconds": 32.21225774902268, "seed_nodes": 2136699, "loss": 1.0133441925048827, "all_losses_finite": true, "optimizer_steps": 540, "skipped_optimizer_steps": 0, "loss_scale": 32768.0}
[Step=0550] Wall=32.5607s | Loss=1.0077
[Profile] Avg ms/step | Load: 18.621 (Prep: 3.080, Struc: 0.300, Fetch: 15.241) | Fwd: 8.506 | Bwd: 9.515 | Opt: 0.650 | GPU_Tot: 34.212
[Autotune] {"version": 2, "step": 550, "wall_seconds": 32.560714049002854, "seed_nodes": 2177659, "loss": 1.0076765060424804, "all_losses_finite": true, "optimizer_steps": 550, "skipped_optimizer_steps": 0, "loss_scale": 32768.0}
[Step=0560] Wall=32.9672s | Loss=1.0067
[Profile] Avg ms/step | Load: 18.693 (Prep: 3.145, Struc: 0.300, Fetch: 15.247) | Fwd: 8.501 | Bwd: 9.509 | Opt: 0.651 | GPU_Tot: 34.208
[Autotune] {"version": 2, "step": 560, "wall_seconds": 32.96720301100868, "seed_nodes": 2215352, "loss": 1.0067323684692382, "all_losses_finite": true, "optimizer_steps": 560, "skipped_optimizer_steps": 0, "loss_scale": 32768.0}
[Step=0570] Wall=33.3352s | Loss=1.0051
[Profile] Avg ms/step | Load: 18.671 (Prep: 3.108, Struc: 0.300, Fetch: 15.263) | Fwd: 8.505 | Bwd: 9.513 | Opt: 0.651 | GPU_Tot: 34.232
[Autotune] {"version": 2, "step": 570, "wall_seconds": 33.335198656015564, "seed_nodes": 2256312, "loss": 1.0051267623901368, "all_losses_finite": true, "optimizer_steps": 570, "skipped_optimizer_steps": 0, "loss_scale": 32768.0}
[Step=0580] Wall=33.7164s | Loss=1.0095
[Profile] Avg ms/step | Load: 18.693 (Prep: 3.159, Struc: 0.300, Fetch: 15.234) | Fwd: 8.500 | Bwd: 9.508 | Opt: 0.650 | GPU_Tot: 34.192
[Autotune] {"version": 2, "step": 580, "wall_seconds": 33.716424387006555, "seed_nodes": 2294005, "loss": 1.0094758987426757, "all_losses_finite": true, "optimizer_steps": 580, "skipped_optimizer_steps": 0, "loss_scale": 32768.0}
[Step=0590] Wall=34.1004s | Loss=0.9991
[Profile] Avg ms/step | Load: 18.700 (Prep: 3.127, Struc: 0.300, Fetch: 15.273) | Fwd: 8.504 | Bwd: 9.512 | Opt: 0.651 | GPU_Tot: 34.240
[Autotune] {"version": 2, "step": 590, "wall_seconds": 34.100354483001865, "seed_nodes": 2334965, "loss": 0.9990638732910156, "all_losses_finite": true, "optimizer_steps": 590, "skipped_optimizer_steps": 0, "loss_scale": 32768.0}
[Step=0600] Wall=34.4706s | Loss=0.9914
[Profile] Avg ms/step | Load: 18.701 (Prep: 3.183, Struc: 0.300, Fetch: 15.218) | Fwd: 8.499 | Bwd: 9.507 | Opt: 0.650 | GPU_Tot: 34.175
[Autotune] {"version": 2, "step": 600, "wall_seconds": 34.470611110009486, "seed_nodes": 2372658, "loss": 0.9914390563964843, "all_losses_finite": true, "optimizer_steps": 600, "skipped_optimizer_steps": 0, "loss_scale": 32768.0}
[Step=0610] Wall=34.8446s | Loss=0.9909
[Profile] Avg ms/step | Load: 18.691 (Prep: 3.134, Struc: 0.300, Fetch: 15.256) | Fwd: 8.503 | Bwd: 9.511 | Opt: 0.650 | GPU_Tot: 34.222
[Autotune] {"version": 2, "step": 610, "wall_seconds": 34.84456120702089, "seed_nodes": 2413618, "loss": 0.990895938873291, "all_losses_finite": true, "optimizer_steps": 610, "skipped_optimizer_steps": 0, "loss_scale": 32768.0}
[Step=0620] Wall=35.2099s | Loss=1.0002
[Profile] Avg ms/step | Load: 18.666 (Prep: 3.098, Struc: 0.300, Fetch: 15.267) | Fwd: 8.507 | Bwd: 9.515 | Opt: 0.651 | GPU_Tot: 34.241
[Autotune] {"version": 2, "step": 620, "wall_seconds": 35.209894255996915, "seed_nodes": 2454578, "loss": 1.0002394676208497, "all_losses_finite": true, "optimizer_steps": 620, "skipped_optimizer_steps": 0, "loss_scale": 32768.0}
[Step=0630] Wall=35.6314s | Loss=0.9835
[Profile] Avg ms/step | Load: 18.753 (Prep: 3.169, Struc: 0.300, Fetch: 15.284) | Fwd: 8.503 | Bwd: 9.511 | Opt: 0.651 | GPU_Tot: 34.249
[Autotune] {"version": 2, "step": 630, "wall_seconds": 35.63135057501495, "seed_nodes": 2492271, "loss": 0.9834610939025878, "all_losses_finite": true, "optimizer_steps": 630, "skipped_optimizer_steps": 0, "loss_scale": 32768.0}
[Step=0640] Wall=35.9899s | Loss=0.9957
[Profile] Avg ms/step | Load: 18.717 (Prep: 3.132, Struc: 0.300, Fetch: 15.284) | Fwd: 8.506 | Bwd: 9.515 | Opt: 0.651 | GPU_Tot: 34.257
[Autotune] {"version": 2, "step": 640, "wall_seconds": 35.98991340000066, "seed_nodes": 2533231, "loss": 0.9957477569580078, "all_losses_finite": true, "optimizer_steps": 640, "skipped_optimizer_steps": 0, "loss_scale": 32768.0}
[Step=0650] Wall=36.3710s | Loss=0.9678
[Profile] Avg ms/step | Load: 18.735 (Prep: 3.162, Struc: 0.300, Fetch: 15.272) | Fwd: 8.502 | Bwd: 9.510 | Opt: 0.651 | GPU_Tot: 34.235
[Autotune] {"version": 2, "step": 650, "wall_seconds": 36.37099182701786, "seed_nodes": 2570924, "loss": 0.9678319931030274, "all_losses_finite": true, "optimizer_steps": 650, "skipped_optimizer_steps": 0, "loss_scale": 32768.0}
[Step=0660] Wall=36.7519s | Loss=0.9799
[Profile] Avg ms/step | Load: 18.735 (Prep: 3.134, Struc: 0.300, Fetch: 15.301) | Fwd: 8.506 | Bwd: 9.513 | Opt: 0.652 | GPU_Tot: 34.272
[Autotune] {"version": 2, "step": 660, "wall_seconds": 36.75192910101032, "seed_nodes": 2611884, "loss": 0.9798891067504882, "all_losses_finite": true, "optimizer_steps": 660, "skipped_optimizer_steps": 0, "loss_scale": 32768.0}
[Step=0670] Wall=37.1184s | Loss=0.9909
[Profile] Avg ms/step | Load: 18.728 (Prep: 3.162, Struc: 0.300, Fetch: 15.267) | Fwd: 8.502 | Bwd: 9.509 | Opt: 0.652 | GPU_Tot: 34.230
[Autotune] {"version": 2, "step": 670, "wall_seconds": 37.11843251500977, "seed_nodes": 2649577, "loss": 0.9908967971801758, "all_losses_finite": true, "optimizer_steps": 670, "skipped_optimizer_steps": 0, "loss_scale": 32768.0}
[Step=0680] Wall=37.4981s | Loss=0.9744
[Profile] Avg ms/step | Load: 18.727 (Prep: 3.119, Struc: 0.300, Fetch: 15.308) | Fwd: 8.505 | Bwd: 9.513 | Opt: 0.653 | GPU_Tot: 34.279
[Autotune] {"version": 2, "step": 680, "wall_seconds": 37.49811766401399, "seed_nodes": 2690537, "loss": 0.9743721008300781, "all_losses_finite": true, "optimizer_steps": 680, "skipped_optimizer_steps": 0, "loss_scale": 32768.0}
[Step=0690] Wall=37.8088s | Loss=0.9739
[Profile] Avg ms/step | Load: 18.636 (Prep: 3.083, Struc: 0.300, Fetch: 15.253) | Fwd: 8.501 | Bwd: 9.508 | Opt: 0.653 | GPU_Tot: 34.215
[Autotune] {"version": 2, "step": 690, "wall_seconds": 37.80876538300072, "seed_nodes": 2728230, "loss": 0.9739471435546875, "all_losses_finite": true, "optimizer_steps": 690, "skipped_optimizer_steps": 0, "loss_scale": 32768.0}
[Step=0700] Wall=38.2341s | Loss=0.9669
[Profile] Avg ms/step | Load: 18.706 (Prep: 3.121, Struc: 0.300, Fetch: 15.284) | Fwd: 8.505 | Bwd: 9.512 | Opt: 0.653 | GPU_Tot: 34.253
[Autotune] {"version": 2, "step": 700, "wall_seconds": 38.234148251998704, "seed_nodes": 2769190, "loss": 0.9669048309326171, "all_losses_finite": true, "optimizer_steps": 700, "skipped_optimizer_steps": 0, "loss_scale": 32768.0}
[Step=0710] Wall=38.5839s | Loss=0.9770
[Profile] Avg ms/step | Load: 18.662 (Prep: 3.088, Struc: 0.300, Fetch: 15.274) | Fwd: 8.507 | Bwd: 9.515 | Opt: 0.653 | GPU_Tot: 34.249
[Autotune] {"version": 2, "step": 710, "wall_seconds": 38.58388446702156, "seed_nodes": 2810150, "loss": 0.9769685745239258, "all_losses_finite": true, "optimizer_steps": 710, "skipped_optimizer_steps": 0, "loss_scale": 32768.0}
[Step=0720] Wall=38.9794s | Loss=0.9702
[Profile] Avg ms/step | Load: 18.699 (Prep: 3.130, Struc: 0.300, Fetch: 15.269) | Fwd: 8.504 | Bwd: 9.511 | Opt: 0.653 | GPU_Tot: 34.236
[Autotune] {"version": 2, "step": 720, "wall_seconds": 38.97942330001388, "seed_nodes": 2847843, "loss": 0.9701899528503418, "all_losses_finite": true, "optimizer_steps": 720, "skipped_optimizer_steps": 0, "loss_scale": 32768.0}
[Step=0730] Wall=39.3523s | Loss=0.9768
[Profile] Avg ms/step | Load: 18.689 (Prep: 3.103, Struc: 0.300, Fetch: 15.286) | Fwd: 8.507 | Bwd: 9.514 | Opt: 0.653 | GPU_Tot: 34.260
[Autotune] {"version": 2, "step": 730, "wall_seconds": 39.352272615011316, "seed_nodes": 2888803, "loss": 0.976834487915039, "all_losses_finite": true, "optimizer_steps": 730, "skipped_optimizer_steps": 0, "loss_scale": 32768.0}
[Step=0740] Wall=39.7272s | Loss=0.9638
[Profile] Avg ms/step | Load: 18.697 (Prep: 3.142, Struc: 0.300, Fetch: 15.255) | Fwd: 8.503 | Bwd: 9.510 | Opt: 0.653 | GPU_Tot: 34.220
[Autotune] {"version": 2, "step": 740, "wall_seconds": 39.727187954005785, "seed_nodes": 2926496, "loss": 0.9637815475463867, "all_losses_finite": true, "optimizer_steps": 740, "skipped_optimizer_steps": 0, "loss_scale": 32768.0}
[Step=0750] Wall=40.1021s | Loss=0.9672
[Profile] Avg ms/step | Load: 18.690 (Prep: 3.104, Struc: 0.300, Fetch: 15.286) | Fwd: 8.506 | Bwd: 9.513 | Opt: 0.653 | GPU_Tot: 34.258
[Autotune] {"version": 2, "step": 750, "wall_seconds": 40.102095812995685, "seed_nodes": 2967456, "loss": 0.9671615600585938, "all_losses_finite": true, "optimizer_steps": 750, "skipped_optimizer_steps": 0, "loss_scale": 32768.0}
[Step=0760] Wall=40.4745s | Loss=0.9648
[Profile] Avg ms/step | Load: 18.694 (Prep: 3.153, Struc: 0.300, Fetch: 15.241) | Fwd: 8.503 | Bwd: 9.509 | Opt: 0.652 | GPU_Tot: 34.205
[Autotune] {"version": 2, "step": 760, "wall_seconds": 40.474471893016016, "seed_nodes": 3005149, "loss": 0.9648488998413086, "all_losses_finite": true, "optimizer_steps": 760, "skipped_optimizer_steps": 0, "loss_scale": 32768.0}
[Step=0770] Wall=40.8526s | Loss=0.9488
[Profile] Avg ms/step | Load: 18.691 (Prep: 3.115, Struc: 0.300, Fetch: 15.276) | Fwd: 8.506 | Bwd: 9.512 | Opt: 0.653 | GPU_Tot: 34.246
[Autotune] {"version": 2, "step": 770, "wall_seconds": 40.85258137600613, "seed_nodes": 3046109, "loss": 0.9487664222717285, "all_losses_finite": true, "optimizer_steps": 770, "skipped_optimizer_steps": 0, "loss_scale": 32768.0}
[Step=0780] Wall=41.1989s | Loss=0.9656
[Profile] Avg ms/step | Load: 18.648 (Prep: 3.088, Struc: 0.300, Fetch: 15.260) | Fwd: 8.508 | Bwd: 9.515 | Opt: 0.652 | GPU_Tot: 34.235
[Autotune] {"version": 2, "step": 780, "wall_seconds": 41.198927657998865, "seed_nodes": 3087069, "loss": 0.9655522346496582, "all_losses_finite": true, "optimizer_steps": 780, "skipped_optimizer_steps": 0, "loss_scale": 32768.0}
[Step=0790] Wall=41.5903s | Loss=0.9543
[Profile] Avg ms/step | Load: 18.676 (Prep: 3.114, Struc: 0.300, Fetch: 15.263) | Fwd: 8.505 | Bwd: 9.511 | Opt: 0.653 | GPU_Tot: 34.231
[Autotune] {"version": 2, "step": 790, "wall_seconds": 41.590293429995654, "seed_nodes": 3124762, "loss": 0.95426025390625, "all_losses_finite": true, "optimizer_steps": 790, "skipped_optimizer_steps": 0, "loss_scale": 32768.0}
[Step=0800] Wall=41.9587s | Loss=0.9595
[Profile] Avg ms/step | Load: 18.662 (Prep: 3.089, Struc: 0.300, Fetch: 15.273) | Fwd: 8.507 | Bwd: 9.514 | Opt: 0.653 | GPU_Tot: 34.247
[Autotune] {"version": 2, "step": 800, "wall_seconds": 41.958726309007034, "seed_nodes": 3165722, "loss": 0.9594572067260743, "all_losses_finite": true, "optimizer_steps": 800, "skipped_optimizer_steps": 0, "loss_scale": 32768.0}
[Step=0810] Wall=42.3422s | Loss=0.9619
[Profile] Avg ms/step | Load: 18.681 (Prep: 3.131, Struc: 0.300, Fetch: 15.250) | Fwd: 8.504 | Bwd: 9.510 | Opt: 0.652 | GPU_Tot: 34.216
[Autotune] {"version": 2, "step": 810, "wall_seconds": 42.34217832199647, "seed_nodes": 3203415, "loss": 0.9618687629699707, "all_losses_finite": true, "optimizer_steps": 810, "skipped_optimizer_steps": 0, "loss_scale": 32768.0}
[Step=0820] Wall=42.7261s | Loss=0.9447
[Profile] Avg ms/step | Load: 18.685 (Prep: 3.107, Struc: 0.300, Fetch: 15.278) | Fwd: 8.507 | Bwd: 9.513 | Opt: 0.652 | GPU_Tot: 34.250
[Autotune] {"version": 2, "step": 820, "wall_seconds": 42.72606672500842, "seed_nodes": 3244375, "loss": 0.9446617126464844, "all_losses_finite": true, "optimizer_steps": 820, "skipped_optimizer_steps": 0, "loss_scale": 32768.0}
[Step=0830] Wall=43.0893s | Loss=0.9552
[Profile] Avg ms/step | Load: 18.678 (Prep: 3.141, Struc: 0.300, Fetch: 15.236) | Fwd: 8.503 | Bwd: 9.510 | Opt: 0.652 | GPU_Tot: 34.201
[Autotune] {"version": 2, "step": 830, "wall_seconds": 43.08928822301095, "seed_nodes": 3282068, "loss": 0.9552226066589355, "all_losses_finite": true, "optimizer_steps": 830, "skipped_optimizer_steps": 0, "loss_scale": 32768.0}
[Step=0840] Wall=43.4659s | Loss=0.9568
[Profile] Avg ms/step | Load: 18.673 (Prep: 3.107, Struc: 0.300, Fetch: 15.266) | Fwd: 8.507 | Bwd: 9.513 | Opt: 0.652 | GPU_Tot: 34.237
[Autotune] {"version": 2, "step": 840, "wall_seconds": 43.465901445015334, "seed_nodes": 3323028, "loss": 0.9567598342895508, "all_losses_finite": true, "optimizer_steps": 840, "skipped_optimizer_steps": 0, "loss_scale": 32768.0}
------------------------------------------------------------
Training Completed. Total Steps: 840 (Active: 800)
Avg Breakdown (ms): Load=18.673 [Prep:3.107, Struc:0.300, Fetch:15.266], Fwd=8.507, Bwd=9.513, Opt=0.652
------------------------------------------------------------
