$REPO_ROOT/.venv/lib/python3.11/site-packages/outdated/__init__.py:36: UserWarning: pkg_resources is deprecated as an API. See https://setuptools.pypa.io/en/latest/pkg_resources.html. The pkg_resources package is slated for removal as early as 2025-11-30. Refrain from using this package or pin to Setuptools<81.
  from pkg_resources import parse_version
[ddp] Single-process mode: device=cuda
[Info] Running in Single-Process mode (CPU or Single GPU).
[Info] Device: cuda
[GraphCache] Caching disabled (0 nodes).
[Step=0010] Wall=12.6090s | Loss=6.1077
[Profile] Avg ms/step | Load: 34.560 (Prep: 20.285, Struc: 0.408, Fetch: 13.867) | Fwd: 987.044 | Bwd: 231.144 | Opt: 5.574 | GPU_Tot: 1238.036
[Autotune] {"version": 1, "step": 10, "wall_seconds": 12.609032163003576, "seed_nodes": 40960, "loss": 6.1077125549316404, "all_losses_finite": true}
[Step=0020] Wall=12.9091s | Loss=3.2554
[Profile] Avg ms/step | Load: 22.747 (Prep: 10.165, Struc: 0.352, Fetch: 12.229) | Fwd: 497.838 | Bwd: 120.439 | Opt: 3.064 | GPU_Tot: 633.923
[Autotune] {"version": 1, "step": 20, "wall_seconds": 12.909148434002418, "seed_nodes": 81920, "loss": 3.255418395996094, "all_losses_finite": true}
[Step=0030] Wall=13.3006s | Loss=2.6604
[Profile] Avg ms/step | Load: 22.129 (Prep: 9.587, Struc: 0.333, Fetch: 12.208) | Fwd: 334.643 | Bwd: 83.383 | Opt: 2.231 | GPU_Tot: 432.798
[Autotune] {"version": 1, "step": 30, "wall_seconds": 13.300556818998302, "seed_nodes": 119613, "loss": 2.6604291915893556, "all_losses_finite": true}
[Step=0040] Wall=13.5996s | Loss=2.2943
[Profile] Avg ms/step | Load: 0.000 (Prep: 0.000, Struc: 0.000, Fetch: 0.000) | Fwd: 0.000 | Bwd: 0.000 | Opt: 0.000 | GPU_Tot: 0.000
[Autotune] {"version": 1, "step": 40, "wall_seconds": 13.59962137399998, "seed_nodes": 160573, "loss": 2.294285774230957, "all_losses_finite": true}
[Step=0050] Wall=13.9942s | Loss=2.0192
[Profile] Avg ms/step | Load: 21.318 (Prep: 9.323, Struc: 0.291, Fetch: 11.703) | Fwd: 8.197 | Bwd: 9.225 | Opt: 0.558 | GPU_Tot: 29.975
[Autotune] {"version": 1, "step": 50, "wall_seconds": 13.994194156999583, "seed_nodes": 198266, "loss": 2.019175720214844, "all_losses_finite": true}
[Step=0060] Wall=14.2987s | Loss=1.8412
[Profile] Avg ms/step | Load: 16.336 (Prep: 4.684, Struc: 0.293, Fetch: 11.358) | Fwd: 8.421 | Bwd: 9.493 | Opt: 0.547 | GPU_Tot: 30.113
[Autotune] {"version": 1, "step": 60, "wall_seconds": 14.298685481000575, "seed_nodes": 239226, "loss": 1.8411678314208983, "all_losses_finite": true}
[Step=0070] Wall=14.6507s | Loss=1.7102
[Profile] Avg ms/step | Load: 16.580 (Prep: 5.251, Struc: 0.291, Fetch: 11.038) | Fwd: 8.342 | Bwd: 9.403 | Opt: 0.550 | GPU_Tot: 29.624
[Autotune] {"version": 1, "step": 70, "wall_seconds": 14.65065113500168, "seed_nodes": 276919, "loss": 1.7102123260498048, "all_losses_finite": true}
[Step=0080] Wall=14.9718s | Loss=1.5850
[Profile] Avg ms/step | Load: 15.686 (Prep: 3.953, Struc: 0.294, Fetch: 11.438) | Fwd: 8.422 | Bwd: 9.491 | Opt: 0.550 | GPU_Tot: 30.195
[Autotune] {"version": 1, "step": 80, "wall_seconds": 14.971847737004282, "seed_nodes": 317879, "loss": 1.5849658966064453, "all_losses_finite": true}
[Step=0090] Wall=15.2688s | Loss=1.5031
[Profile] Avg ms/step | Load: 14.667 (Prep: 3.171, Struc: 0.295, Fetch: 11.201) | Fwd: 8.469 | Bwd: 9.545 | Opt: 0.548 | GPU_Tot: 30.057
[Autotune] {"version": 1, "step": 90, "wall_seconds": 15.268823612001142, "seed_nodes": 358839, "loss": 1.5030790328979493, "all_losses_finite": true}
[Step=0100] Wall=15.6612s | Loss=1.4423
[Profile] Avg ms/step | Load: 15.736 (Prep: 4.106, Struc: 0.295, Fetch: 11.336) | Fwd: 8.423 | Bwd: 9.491 | Opt: 0.554 | GPU_Tot: 30.098
[Autotune] {"version": 1, "step": 100, "wall_seconds": 15.66124895500252, "seed_nodes": 396532, "loss": 1.4423049926757812, "all_losses_finite": true}
[Step=0110] Wall=15.9599s | Loss=1.3693
[Profile] Avg ms/step | Load: 15.019 (Prep: 3.526, Struc: 0.295, Fetch: 11.198) | Fwd: 8.459 | Bwd: 9.531 | Opt: 0.554 | GPU_Tot: 30.037
[Autotune] {"version": 1, "step": 110, "wall_seconds": 15.959882009003195, "seed_nodes": 437492, "loss": 1.3692554473876952, "all_losses_finite": true}
[Step=0120] Wall=16.3633s | Loss=1.3477
[Profile] Avg ms/step | Load: 15.907 (Prep: 4.384, Struc: 0.296, Fetch: 11.227) | Fwd: 8.431 | Bwd: 9.497 | Opt: 0.555 | GPU_Tot: 30.005
[Autotune] {"version": 1, "step": 120, "wall_seconds": 16.36328976599907, "seed_nodes": 475185, "loss": 1.3477289199829101, "all_losses_finite": true}
[Step=0130] Wall=16.6618s | Loss=1.3295
[Profile] Avg ms/step | Load: 15.336 (Prep: 3.902, Struc: 0.296, Fetch: 11.138) | Fwd: 8.455 | Bwd: 9.524 | Opt: 0.554 | GPU_Tot: 29.967
[Autotune] {"version": 1, "step": 130, "wall_seconds": 16.661783401999855, "seed_nodes": 516145, "loss": 1.3295022964477539, "all_losses_finite": true}
[Step=0140] Wall=17.0348s | Loss=1.2865
[Profile] Avg ms/step | Load: 15.714 (Prep: 4.354, Struc: 0.296, Fetch: 11.065) | Fwd: 8.432 | Bwd: 9.496 | Opt: 0.554 | GPU_Tot: 29.842
[Autotune] {"version": 1, "step": 140, "wall_seconds": 17.03476987600152, "seed_nodes": 553838, "loss": 1.2864873886108399, "all_losses_finite": true}
[Step=0150] Wall=17.3415s | Loss=1.2815
[Profile] Avg ms/step | Load: 15.335 (Prep: 3.963, Struc: 0.296, Fetch: 11.076) | Fwd: 8.452 | Bwd: 9.520 | Opt: 0.553 | GPU_Tot: 29.898
[Autotune] {"version": 1, "step": 150, "wall_seconds": 17.34147764799127, "seed_nodes": 594798, "loss": 1.2814973831176757, "all_losses_finite": true}
[Step=0160] Wall=17.6393s | Loss=1.2496
[Profile] Avg ms/step | Load: 14.949 (Prep: 3.636, Struc: 0.296, Fetch: 11.017) | Fwd: 8.468 | Bwd: 9.538 | Opt: 0.552 | GPU_Tot: 29.872
[Autotune] {"version": 1, "step": 160, "wall_seconds": 17.639301196992164, "seed_nodes": 635758, "loss": 1.249603271484375, "all_losses_finite": true}
[Step=0170] Wall=18.0589s | Loss=1.2337
[Profile] Avg ms/step | Load: 15.630 (Prep: 4.313, Struc: 0.297, Fetch: 11.021) | Fwd: 8.448 | Bwd: 9.516 | Opt: 0.552 | GPU_Tot: 29.834
[Autotune] {"version": 1, "step": 170, "wall_seconds": 18.05892007399234, "seed_nodes": 673451, "loss": 1.2337438583374023, "all_losses_finite": true}
[Step=0180] Wall=18.3623s | Loss=1.2387
[Profile] Avg ms/step | Load: 15.319 (Prep: 4.008, Struc: 0.296, Fetch: 11.014) | Fwd: 8.462 | Bwd: 9.532 | Opt: 0.551 | GPU_Tot: 29.856
[Autotune] {"version": 1, "step": 180, "wall_seconds": 18.36230949900346, "seed_nodes": 714411, "loss": 1.2387287139892578, "all_losses_finite": true}
[Step=0190] Wall=18.7447s | Loss=1.2020
[Profile] Avg ms/step | Load: 15.632 (Prep: 4.247, Struc: 0.296, Fetch: 11.089) | Fwd: 8.448 | Bwd: 9.514 | Opt: 0.552 | GPU_Tot: 29.898
[Autotune] {"version": 1, "step": 190, "wall_seconds": 18.744680048999726, "seed_nodes": 752104, "loss": 1.201953125, "all_losses_finite": true}
[Step=0200] Wall=19.0425s | Loss=1.2002
[Profile] Avg ms/step | Load: 15.325 (Prep: 3.984, Struc: 0.296, Fetch: 11.045) | Fwd: 8.459 | Bwd: 9.528 | Opt: 0.551 | GPU_Tot: 29.879
[Autotune] {"version": 1, "step": 200, "wall_seconds": 19.042503774995566, "seed_nodes": 793064, "loss": 1.2001998901367188, "all_losses_finite": true}
[Step=0210] Wall=19.4430s | Loss=1.2115
[Profile] Avg ms/step | Load: 15.711 (Prep: 4.335, Struc: 0.296, Fetch: 11.080) | Fwd: 8.445 | Bwd: 9.510 | Opt: 0.551 | GPU_Tot: 29.883
[Autotune] {"version": 1, "step": 210, "wall_seconds": 19.442985492001753, "seed_nodes": 830757, "loss": 1.2114638328552245, "all_losses_finite": true}
[Step=0220] Wall=19.7436s | Loss=1.1854
[Profile] Avg ms/step | Load: 15.448 (Prep: 4.096, Struc: 0.296, Fetch: 11.056) | Fwd: 8.456 | Bwd: 9.523 | Opt: 0.551 | GPU_Tot: 29.882
[Autotune] {"version": 1, "step": 220, "wall_seconds": 19.743576943990774, "seed_nodes": 871717, "loss": 1.1854314804077148, "all_losses_finite": true}
[Step=0230] Wall=20.0280s | Loss=1.1640
[Profile] Avg ms/step | Load: 15.177 (Prep: 3.883, Struc: 0.296, Fetch: 10.999) | Fwd: 8.443 | Bwd: 9.509 | Opt: 0.551 | GPU_Tot: 29.796
[Autotune] {"version": 1, "step": 230, "wall_seconds": 20.02797580299375, "seed_nodes": 909410, "loss": 1.1640487670898438, "all_losses_finite": true}
[Step=0240] Wall=20.4434s | Loss=1.1576
[Profile] Avg ms/step | Load: 15.538 (Prep: 4.203, Struc: 0.297, Fetch: 11.038) | Fwd: 8.455 | Bwd: 9.521 | Opt: 0.551 | GPU_Tot: 29.861
[Autotune] {"version": 1, "step": 240, "wall_seconds": 20.443412940003327, "seed_nodes": 950370, "loss": 1.1576079368591308, "all_losses_finite": true}
[Step=0250] Wall=20.7426s | Loss=1.1574
[Profile] Avg ms/step | Load: 15.314 (Prep: 4.005, Struc: 0.297, Fetch: 11.013) | Fwd: 8.463 | Bwd: 9.532 | Opt: 0.551 | GPU_Tot: 29.855
[Autotune] {"version": 1, "step": 250, "wall_seconds": 20.74264371499885, "seed_nodes": 991330, "loss": 1.1573846817016602, "all_losses_finite": true}
[Step=0260] Wall=21.1435s | Loss=1.1420
[Profile] Avg ms/step | Load: 15.615 (Prep: 4.315, Struc: 0.296, Fetch: 11.004) | Fwd: 8.452 | Bwd: 9.518 | Opt: 0.551 | GPU_Tot: 29.820
[Autotune] {"version": 1, "step": 260, "wall_seconds": 21.143463401996996, "seed_nodes": 1029023, "loss": 1.1420398712158204, "all_losses_finite": true}
[Step=0270] Wall=21.4484s | Loss=1.1285
[Profile] Avg ms/step | Load: 15.432 (Prep: 4.129, Struc: 0.296, Fetch: 11.006) | Fwd: 8.460 | Bwd: 9.528 | Opt: 0.550 | GPU_Tot: 29.841
[Autotune] {"version": 1, "step": 270, "wall_seconds": 21.4483871620032, "seed_nodes": 1069983, "loss": 1.1285354614257812, "all_losses_finite": true}
[Step=0280] Wall=21.8405s | Loss=1.1379
[Profile] Avg ms/step | Load: 15.667 (Prep: 4.340, Struc: 0.296, Fetch: 11.031) | Fwd: 8.450 | Bwd: 9.515 | Opt: 0.550 | GPU_Tot: 29.843
[Autotune] {"version": 1, "step": 280, "wall_seconds": 21.840488852001727, "seed_nodes": 1107676, "loss": 1.1378615379333497, "all_losses_finite": true}
[Step=0290] Wall=22.1401s | Loss=1.1300
[Profile] Avg ms/step | Load: 15.477 (Prep: 4.168, Struc: 0.296, Fetch: 11.013) | Fwd: 8.457 | Bwd: 9.524 | Opt: 0.550 | GPU_Tot: 29.840
[Autotune] {"version": 1, "step": 290, "wall_seconds": 22.140149675004068, "seed_nodes": 1148636, "loss": 1.1300318717956543, "all_losses_finite": true}
[Step=0300] Wall=22.4966s | Loss=1.1184
[Profile] Avg ms/step | Load: 15.551 (Prep: 4.225, Struc: 0.296, Fetch: 11.030) | Fwd: 8.449 | Bwd: 9.514 | Opt: 0.551 | GPU_Tot: 29.839
[Autotune] {"version": 1, "step": 300, "wall_seconds": 22.496588066991535, "seed_nodes": 1186329, "loss": 1.1183618545532226, "all_losses_finite": true}
[Step=0310] Wall=22.8496s | Loss=1.1115
[Profile] Avg ms/step | Load: 15.575 (Prep: 4.230, Struc: 0.296, Fetch: 11.049) | Fwd: 8.457 | Bwd: 9.523 | Opt: 0.550 | GPU_Tot: 29.876
[Autotune] {"version": 1, "step": 310, "wall_seconds": 22.849648453004193, "seed_nodes": 1227289, "loss": 1.111471939086914, "all_losses_finite": true}
[Step=0320] Wall=23.1476s | Loss=1.1005
[Profile] Avg ms/step | Load: 15.402 (Prep: 4.080, Struc: 0.296, Fetch: 11.025) | Fwd: 8.463 | Bwd: 9.531 | Opt: 0.550 | GPU_Tot: 29.866
[Autotune] {"version": 1, "step": 320, "wall_seconds": 23.147572322995984, "seed_nodes": 1268249, "loss": 1.1004533767700195, "all_losses_finite": true}
[Step=0330] Wall=23.5450s | Loss=1.0964
[Profile] Avg ms/step | Load: 15.614 (Prep: 4.256, Struc: 0.296, Fetch: 11.061) | Fwd: 8.456 | Bwd: 9.520 | Opt: 0.551 | GPU_Tot: 29.884
[Autotune] {"version": 1, "step": 330, "wall_seconds": 23.545015512994723, "seed_nodes": 1305942, "loss": 1.096384620666504, "all_losses_finite": true}
[Step=0340] Wall=23.8433s | Loss=1.0978
[Profile] Avg ms/step | Load: 15.451 (Prep: 4.116, Struc: 0.296, Fetch: 11.039) | Fwd: 8.462 | Bwd: 9.528 | Opt: 0.550 | GPU_Tot: 29.876
[Autotune] {"version": 1, "step": 340, "wall_seconds": 23.843274939994444, "seed_nodes": 1346902, "loss": 1.097823143005371, "all_losses_finite": true}
[Step=0350] Wall=24.2504s | Loss=1.0976
[Profile] Avg ms/step | Load: 15.679 (Prep: 4.332, Struc: 0.296, Fetch: 11.051) | Fwd: 8.455 | Bwd: 9.519 | Opt: 0.551 | GPU_Tot: 29.872
[Autotune] {"version": 1, "step": 350, "wall_seconds": 24.250379039003747, "seed_nodes": 1384595, "loss": 1.097583293914795, "all_losses_finite": true}
[Step=0360] Wall=24.5568s | Loss=1.0977
[Profile] Avg ms/step | Load: 15.550 (Prep: 4.198, Struc: 0.296, Fetch: 11.056) | Fwd: 8.460 | Bwd: 9.526 | Opt: 0.550 | GPU_Tot: 29.890
[Autotune] {"version": 1, "step": 360, "wall_seconds": 24.556796235003276, "seed_nodes": 1425555, "loss": 1.0976932525634766, "all_losses_finite": true}
[Step=0370] Wall=24.9152s | Loss=1.0722
[Profile] Avg ms/step | Load: 15.614 (Prep: 4.244, Struc: 0.296, Fetch: 11.074) | Fwd: 8.453 | Bwd: 9.517 | Opt: 0.551 | GPU_Tot: 29.891
[Autotune] {"version": 1, "step": 370, "wall_seconds": 24.91517424499034, "seed_nodes": 1463248, "loss": 1.0722250938415527, "all_losses_finite": true}
[Step=0380] Wall=25.2518s | Loss=1.0807
[Profile] Avg ms/step | Load: 15.583 (Prep: 4.223, Struc: 0.297, Fetch: 11.064) | Fwd: 8.459 | Bwd: 9.524 | Opt: 0.550 | GPU_Tot: 29.894
[Autotune] {"version": 1, "step": 380, "wall_seconds": 25.251837192001403, "seed_nodes": 1504208, "loss": 1.0806515693664551, "all_losses_finite": true}
[Step=0390] Wall=25.5566s | Loss=1.0745
[Profile] Avg ms/step | Load: 15.463 (Prep: 4.103, Struc: 0.297, Fetch: 11.063) | Fwd: 8.465 | Bwd: 9.531 | Opt: 0.550 | GPU_Tot: 29.905
[Autotune] {"version": 1, "step": 390, "wall_seconds": 25.556595581001602, "seed_nodes": 1545168, "loss": 1.0745054244995118, "all_losses_finite": true}
[Step=0400] Wall=25.9546s | Loss=1.0776
[Profile] Avg ms/step | Load: 15.634 (Prep: 4.280, Struc: 0.297, Fetch: 11.058) | Fwd: 8.458 | Bwd: 9.523 | Opt: 0.551 | GPU_Tot: 29.886
[Autotune] {"version": 1, "step": 400, "wall_seconds": 25.9546186439984, "seed_nodes": 1582861, "loss": 1.0776283264160156, "all_losses_finite": true}
[Step=0410] Wall=26.2781s | Loss=1.0687
[Profile] Avg ms/step | Load: 15.569 (Prep: 4.165, Struc: 0.297, Fetch: 11.108) | Fwd: 8.463 | Bwd: 9.529 | Opt: 0.551 | GPU_Tot: 29.947
[Autotune] {"version": 1, "step": 410, "wall_seconds": 26.27809466900362, "seed_nodes": 1623821, "loss": 1.0687389373779297, "all_losses_finite": true}
[Step=0420] Wall=26.6746s | Loss=1.0741
[Profile] Avg ms/step | Load: 15.724 (Prep: 4.317, Struc: 0.297, Fetch: 11.110) | Fwd: 8.457 | Bwd: 9.521 | Opt: 0.552 | GPU_Tot: 29.937
[Autotune] {"version": 1, "step": 420, "wall_seconds": 26.674597037999774, "seed_nodes": 1661514, "loss": 1.0740826606750489, "all_losses_finite": true}
[Step=0430] Wall=26.9738s | Loss=1.0612
[Profile] Avg ms/step | Load: 15.598 (Prep: 4.207, Struc: 0.297, Fetch: 11.095) | Fwd: 8.462 | Bwd: 9.527 | Opt: 0.552 | GPU_Tot: 29.932
[Autotune] {"version": 1, "step": 430, "wall_seconds": 26.973790563992225, "seed_nodes": 1702474, "loss": 1.0611628532409667, "all_losses_finite": true}
[Step=0440] Wall=27.3483s | Loss=1.0684
[Profile] Avg ms/step | Load: 15.688 (Prep: 4.278, Struc: 0.297, Fetch: 11.113) | Fwd: 8.457 | Bwd: 9.521 | Opt: 0.552 | GPU_Tot: 29.940
[Autotune] {"version": 1, "step": 440, "wall_seconds": 27.348337739997078, "seed_nodes": 1740167, "loss": 1.068448543548584, "all_losses_finite": true}
[Step=0450] Wall=27.6551s | Loss=1.0566
[Profile] Avg ms/step | Load: 15.588 (Prep: 4.186, Struc: 0.297, Fetch: 11.105) | Fwd: 8.462 | Bwd: 9.526 | Opt: 0.552 | GPU_Tot: 29.942
[Autotune] {"version": 1, "step": 450, "wall_seconds": 27.655134981992887, "seed_nodes": 1781127, "loss": 1.0566184997558594, "all_losses_finite": true}
[Step=0460] Wall=27.9380s | Loss=1.0471
[Profile] Avg ms/step | Load: 15.458 (Prep: 4.087, Struc: 0.297, Fetch: 11.074) | Fwd: 8.456 | Bwd: 9.520 | Opt: 0.552 | GPU_Tot: 29.898
[Autotune] {"version": 1, "step": 460, "wall_seconds": 27.938031849000254, "seed_nodes": 1818820, "loss": 1.0471026420593261, "all_losses_finite": true}
[Step=0470] Wall=28.3511s | Loss=1.0522
[Profile] Avg ms/step | Load: 15.615 (Prep: 4.186, Struc: 0.297, Fetch: 11.132) | Fwd: 8.461 | Bwd: 9.525 | Opt: 0.552 | GPU_Tot: 29.966
[Autotune] {"version": 1, "step": 470, "wall_seconds": 28.351109472001554, "seed_nodes": 1859780, "loss": 1.0521925926208495, "all_losses_finite": true}
[Step=0480] Wall=28.6508s | Loss=1.0434
[Profile] Avg ms/step | Load: 15.507 (Prep: 4.092, Struc: 0.297, Fetch: 11.118) | Fwd: 8.465 | Bwd: 9.530 | Opt: 0.552 | GPU_Tot: 29.961
[Autotune] {"version": 1, "step": 480, "wall_seconds": 28.65082300499489, "seed_nodes": 1900740, "loss": 1.0433688163757324, "all_losses_finite": true}
[Step=0490] Wall=29.0535s | Loss=1.0410
[Profile] Avg ms/step | Load: 15.653 (Prep: 4.227, Struc: 0.297, Fetch: 11.129) | Fwd: 8.460 | Bwd: 9.524 | Opt: 0.552 | GPU_Tot: 29.961
[Autotune] {"version": 1, "step": 490, "wall_seconds": 29.05353933099832, "seed_nodes": 1938433, "loss": 1.040987205505371, "all_losses_finite": true}
[Step=0500] Wall=29.3524s | Loss=1.0430
[Profile] Avg ms/step | Load: 15.546 (Prep: 4.136, Struc: 0.297, Fetch: 11.113) | Fwd: 8.464 | Bwd: 9.529 | Opt: 0.552 | GPU_Tot: 29.955
[Autotune] {"version": 1, "step": 500, "wall_seconds": 29.352393148990814, "seed_nodes": 1979393, "loss": 1.0429588317871095, "all_losses_finite": true}
[Step=0510] Wall=29.7566s | Loss=1.0219
[Profile] Avg ms/step | Load: 15.688 (Prep: 4.281, Struc: 0.297, Fetch: 11.110) | Fwd: 8.459 | Bwd: 9.523 | Opt: 0.552 | GPU_Tot: 29.941
[Autotune] {"version": 1, "step": 510, "wall_seconds": 29.756613766003284, "seed_nodes": 2017086, "loss": 1.0219102859497071, "all_losses_finite": true}
[Step=0520] Wall=30.0547s | Loss=1.0427
[Profile] Avg ms/step | Load: 15.585 (Prep: 4.193, Struc: 0.297, Fetch: 11.095) | Fwd: 8.463 | Bwd: 9.528 | Opt: 0.551 | GPU_Tot: 29.935
[Autotune] {"version": 1, "step": 520, "wall_seconds": 30.05473428100231, "seed_nodes": 2058046, "loss": 1.0426565170288087, "all_losses_finite": true}
[Step=0530] Wall=30.4141s | Loss=1.0371
[Profile] Avg ms/step | Load: 15.629 (Prep: 4.243, Struc: 0.297, Fetch: 11.090) | Fwd: 8.458 | Bwd: 9.522 | Opt: 0.551 | GPU_Tot: 29.919
[Autotune] {"version": 1, "step": 530, "wall_seconds": 30.414078444999177, "seed_nodes": 2095739, "loss": 1.0370846748352052, "all_losses_finite": true}
[Step=0540] Wall=30.7625s | Loss=1.0225
[Profile] Avg ms/step | Load: 15.631 (Prep: 4.234, Struc: 0.297, Fetch: 11.100) | Fwd: 8.463 | Bwd: 9.527 | Opt: 0.551 | GPU_Tot: 29.938
[Autotune] {"version": 1, "step": 540, "wall_seconds": 30.76254915499885, "seed_nodes": 2136699, "loss": 1.022486114501953, "all_losses_finite": true}
[Step=0550] Wall=31.0606s | Loss=1.0365
[Profile] Avg ms/step | Load: 15.534 (Prep: 4.152, Struc: 0.297, Fetch: 11.085) | Fwd: 8.467 | Bwd: 9.531 | Opt: 0.551 | GPU_Tot: 29.931
[Autotune] {"version": 1, "step": 550, "wall_seconds": 31.060582329999306, "seed_nodes": 2177659, "loss": 1.0365227699279784, "all_losses_finite": true}
[Step=0560] Wall=31.4558s | Loss=1.0393
[Profile] Avg ms/step | Load: 15.646 (Prep: 4.233, Struc: 0.297, Fetch: 11.115) | Fwd: 8.462 | Bwd: 9.526 | Opt: 0.552 | GPU_Tot: 29.952
[Autotune] {"version": 1, "step": 560, "wall_seconds": 31.45579379699484, "seed_nodes": 2215352, "loss": 1.0393033981323243, "all_losses_finite": true}
[Step=0570] Wall=31.7549s | Loss=1.0170
[Profile] Avg ms/step | Load: 15.554 (Prep: 4.154, Struc: 0.297, Fetch: 11.103) | Fwd: 8.465 | Bwd: 9.530 | Opt: 0.552 | GPU_Tot: 29.947
[Autotune] {"version": 1, "step": 570, "wall_seconds": 31.754929071001243, "seed_nodes": 2256312, "loss": 1.0169700622558593, "all_losses_finite": true}
[Step=0580] Wall=32.1752s | Loss=1.0163
[Profile] Avg ms/step | Load: 15.708 (Prep: 4.324, Struc: 0.297, Fetch: 11.087) | Fwd: 8.461 | Bwd: 9.525 | Opt: 0.552 | GPU_Tot: 29.922
[Autotune] {"version": 1, "step": 580, "wall_seconds": 32.175176303004264, "seed_nodes": 2294005, "loss": 1.0162775039672851, "all_losses_finite": true}
[Step=0590] Wall=32.4741s | Loss=1.0056
[Profile] Avg ms/step | Load: 15.619 (Prep: 4.246, Struc: 0.297, Fetch: 11.076) | Fwd: 8.464 | Bwd: 9.528 | Opt: 0.552 | GPU_Tot: 29.918
[Autotune] {"version": 1, "step": 590, "wall_seconds": 32.47411711899622, "seed_nodes": 2334965, "loss": 1.0055608749389648, "all_losses_finite": true}
[Step=0600] Wall=32.8700s | Loss=1.0144
[Profile] Avg ms/step | Load: 15.721 (Prep: 4.351, Struc: 0.297, Fetch: 11.074) | Fwd: 8.461 | Bwd: 9.524 | Opt: 0.552 | GPU_Tot: 29.907
[Autotune] {"version": 1, "step": 600, "wall_seconds": 32.87002940000093, "seed_nodes": 2372658, "loss": 1.0144148826599122, "all_losses_finite": true}
[Step=0610] Wall=33.1759s | Loss=1.0134
[Profile] Avg ms/step | Load: 15.646 (Prep: 4.275, Struc: 0.297, Fetch: 11.074) | Fwd: 8.464 | Bwd: 9.528 | Opt: 0.552 | GPU_Tot: 29.916
[Autotune] {"version": 1, "step": 610, "wall_seconds": 33.175943900001585, "seed_nodes": 2413618, "loss": 1.0133729934692384, "all_losses_finite": true}
[Step=0620] Wall=33.4745s | Loss=1.0077
[Profile] Avg ms/step | Load: 15.562 (Prep: 4.202, Struc: 0.297, Fetch: 11.063) | Fwd: 8.467 | Bwd: 9.532 | Opt: 0.552 | GPU_Tot: 29.911
[Autotune] {"version": 1, "step": 620, "wall_seconds": 33.47448481099855, "seed_nodes": 2454578, "loss": 1.0076626777648925, "all_losses_finite": true}
[Step=0630] Wall=33.8618s | Loss=1.0153
[Profile] Avg ms/step | Load: 15.647 (Prep: 4.276, Struc: 0.297, Fetch: 11.074) | Fwd: 8.463 | Bwd: 9.527 | Opt: 0.552 | GPU_Tot: 29.913
[Autotune] {"version": 1, "step": 630, "wall_seconds": 33.86183151000296, "seed_nodes": 2492271, "loss": 1.015322208404541, "all_losses_finite": true}
[Step=0640] Wall=34.1612s | Loss=1.0106
[Profile] Avg ms/step | Load: 15.566 (Prep: 4.205, Struc: 0.297, Fetch: 11.064) | Fwd: 8.466 | Bwd: 9.531 | Opt: 0.552 | GPU_Tot: 29.910
[Autotune] {"version": 1, "step": 640, "wall_seconds": 34.16120529999898, "seed_nodes": 2533231, "loss": 1.0105728149414062, "all_losses_finite": true}
[Step=0650] Wall=34.5742s | Loss=1.0055
[Profile] Avg ms/step | Load: 15.690 (Prep: 4.321, Struc: 0.297, Fetch: 11.072) | Fwd: 8.462 | Bwd: 9.526 | Opt: 0.552 | GPU_Tot: 29.909
[Autotune] {"version": 1, "step": 650, "wall_seconds": 34.57424974399328, "seed_nodes": 2570924, "loss": 1.005483913421631, "all_losses_finite": true}
[Step=0660] Wall=34.8735s | Loss=0.9983
[Profile] Avg ms/step | Load: 15.611 (Prep: 4.252, Struc: 0.297, Fetch: 11.062) | Fwd: 8.466 | Bwd: 9.530 | Opt: 0.552 | GPU_Tot: 29.906
[Autotune] {"version": 1, "step": 660, "wall_seconds": 34.873452172003454, "seed_nodes": 2611884, "loss": 0.9983388900756835, "all_losses_finite": true}
[Step=0670] Wall=35.2710s | Loss=0.9955
[Profile] Avg ms/step | Load: 15.705 (Prep: 4.355, Struc: 0.297, Fetch: 11.053) | Fwd: 8.462 | Bwd: 9.525 | Opt: 0.553 | GPU_Tot: 29.890
[Autotune] {"version": 1, "step": 670, "wall_seconds": 35.27103482899838, "seed_nodes": 2649577, "loss": 0.995547103881836, "all_losses_finite": true}
[Step=0680] Wall=35.5759s | Loss=0.9920
[Profile] Avg ms/step | Load: 15.638 (Prep: 4.288, Struc: 0.297, Fetch: 11.054) | Fwd: 8.465 | Bwd: 9.528 | Opt: 0.553 | GPU_Tot: 29.896
[Autotune] {"version": 1, "step": 680, "wall_seconds": 35.575918632996036, "seed_nodes": 2690537, "loss": 0.9920340538024902, "all_losses_finite": true}
[Step=0690] Wall=35.8590s | Loss=1.0015
[Profile] Avg ms/step | Load: 15.553 (Prep: 4.222, Struc: 0.297, Fetch: 11.034) | Fwd: 8.461 | Bwd: 9.524 | Opt: 0.553 | GPU_Tot: 29.869
[Autotune] {"version": 1, "step": 690, "wall_seconds": 35.85895357899426, "seed_nodes": 2728230, "loss": 1.0014803886413575, "all_losses_finite": true}
[Step=0700] Wall=36.2614s | Loss=0.9879
[Profile] Avg ms/step | Load: 15.638 (Prep: 4.244, Struc: 0.297, Fetch: 11.097) | Fwd: 8.464 | Bwd: 9.528 | Opt: 0.553 | GPU_Tot: 29.938
[Autotune] {"version": 1, "step": 700, "wall_seconds": 36.26136176800355, "seed_nodes": 2769190, "loss": 0.987882137298584, "all_losses_finite": true}
[Step=0710] Wall=36.5597s | Loss=0.9859
[Profile] Avg ms/step | Load: 15.565 (Prep: 4.182, Struc: 0.297, Fetch: 11.086) | Fwd: 8.467 | Bwd: 9.531 | Opt: 0.553 | GPU_Tot: 29.934
[Autotune] {"version": 1, "step": 710, "wall_seconds": 36.55967840399535, "seed_nodes": 2810150, "loss": 0.9858859062194825, "all_losses_finite": true}
[Step=0720] Wall=36.9763s | Loss=0.9904
[Profile] Avg ms/step | Load: 15.681 (Prep: 4.263, Struc: 0.297, Fetch: 11.121) | Fwd: 8.464 | Bwd: 9.527 | Opt: 0.553 | GPU_Tot: 29.961
[Autotune] {"version": 1, "step": 720, "wall_seconds": 36.97634258099424, "seed_nodes": 2847843, "loss": 0.9903785705566406, "all_losses_finite": true}
[Step=0730] Wall=37.2748s | Loss=0.9833
[Profile] Avg ms/step | Load: 15.609 (Prep: 4.202, Struc: 0.297, Fetch: 11.110) | Fwd: 8.466 | Bwd: 9.530 | Opt: 0.553 | GPU_Tot: 29.956
[Autotune] {"version": 1, "step": 730, "wall_seconds": 37.27484493299562, "seed_nodes": 2888803, "loss": 0.9833293914794922, "all_losses_finite": true}
[Step=0740] Wall=37.6668s | Loss=0.9819
[Profile] Avg ms/step | Load: 15.686 (Prep: 4.262, Struc: 0.297, Fetch: 11.127) | Fwd: 8.463 | Bwd: 9.526 | Opt: 0.553 | GPU_Tot: 29.966
[Autotune] {"version": 1, "step": 740, "wall_seconds": 37.66684863899718, "seed_nodes": 2926496, "loss": 0.9819257736206055, "all_losses_finite": true}
[Step=0750] Wall=37.9663s | Loss=0.9793
[Profile] Avg ms/step | Load: 15.617 (Prep: 4.202, Struc: 0.297, Fetch: 11.118) | Fwd: 8.466 | Bwd: 9.529 | Opt: 0.553 | GPU_Tot: 29.963
[Autotune] {"version": 1, "step": 750, "wall_seconds": 37.96628378699825, "seed_nodes": 2967456, "loss": 0.9793353080749512, "all_losses_finite": true}
[Step=0760] Wall=38.3107s | Loss=0.9816
[Profile] Avg ms/step | Load: 15.627 (Prep: 4.222, Struc: 0.297, Fetch: 11.108) | Fwd: 8.462 | Bwd: 9.525 | Opt: 0.553 | GPU_Tot: 29.945
[Autotune] {"version": 1, "step": 760, "wall_seconds": 38.3106815200008, "seed_nodes": 3005149, "loss": 0.981633472442627, "all_losses_finite": true}
[Step=0770] Wall=38.6547s | Loss=0.9752
[Profile] Avg ms/step | Load: 15.621 (Prep: 4.198, Struc: 0.297, Fetch: 11.126) | Fwd: 8.465 | Bwd: 9.528 | Opt: 0.553 | GPU_Tot: 29.970
[Autotune] {"version": 1, "step": 770, "wall_seconds": 38.65473496699997, "seed_nodes": 3046109, "loss": 0.9751691818237305, "all_losses_finite": true}
[Step=0780] Wall=38.9540s | Loss=0.9593
[Profile] Avg ms/step | Load: 15.556 (Prep: 4.142, Struc: 0.297, Fetch: 11.117) | Fwd: 8.468 | Bwd: 9.531 | Opt: 0.553 | GPU_Tot: 29.967
[Autotune] {"version": 1, "step": 780, "wall_seconds": 38.95399878799799, "seed_nodes": 3087069, "loss": 0.959256362915039, "all_losses_finite": true}
[Step=0790] Wall=39.3631s | Loss=0.9868
[Profile] Avg ms/step | Load: 15.652 (Prep: 4.213, Struc: 0.297, Fetch: 11.142) | Fwd: 8.465 | Bwd: 9.527 | Opt: 0.553 | GPU_Tot: 29.984
[Autotune] {"version": 1, "step": 790, "wall_seconds": 39.363072642998304, "seed_nodes": 3124762, "loss": 0.9868265151977539, "all_losses_finite": true}
[Step=0800] Wall=39.6633s | Loss=0.9732
[Profile] Avg ms/step | Load: 15.589 (Prep: 4.158, Struc: 0.297, Fetch: 11.134) | Fwd: 8.467 | Bwd: 9.530 | Opt: 0.553 | GPU_Tot: 29.982
[Autotune] {"version": 1, "step": 800, "wall_seconds": 39.663293395991786, "seed_nodes": 3165722, "loss": 0.9731987953186035, "all_losses_finite": true}
[Step=0810] Wall=40.0428s | Loss=0.9654
[Profile] Avg ms/step | Load: 15.643 (Prep: 4.204, Struc: 0.297, Fetch: 11.143) | Fwd: 8.464 | Bwd: 9.527 | Opt: 0.553 | GPU_Tot: 29.984
[Autotune] {"version": 1, "step": 810, "wall_seconds": 40.04279173699615, "seed_nodes": 3203415, "loss": 0.965424919128418, "all_losses_finite": true}
[Step=0820] Wall=40.3423s | Loss=0.9680
[Profile] Avg ms/step | Load: 15.582 (Prep: 4.151, Struc: 0.297, Fetch: 11.135) | Fwd: 8.467 | Bwd: 9.529 | Opt: 0.553 | GPU_Tot: 29.981
[Autotune] {"version": 1, "step": 820, "wall_seconds": 40.342265693994705, "seed_nodes": 3244375, "loss": 0.9680448532104492, "all_losses_finite": true}
[Step=0830] Wall=40.7453s | Loss=0.9742
[Profile] Avg ms/step | Load: 15.664 (Prep: 4.231, Struc: 0.297, Fetch: 11.137) | Fwd: 8.464 | Bwd: 9.526 | Opt: 0.553 | GPU_Tot: 29.977
[Autotune] {"version": 1, "step": 830, "wall_seconds": 40.745328250995954, "seed_nodes": 3282068, "loss": 0.9741608619689941, "all_losses_finite": true}
[Step=0840] Wall=41.0471s | Loss=0.9725
[Profile] Avg ms/step | Load: 15.607 (Prep: 4.179, Struc: 0.297, Fetch: 11.132) | Fwd: 8.466 | Bwd: 9.529 | Opt: 0.553 | GPU_Tot: 29.976
[Autotune] {"version": 1, "step": 840, "wall_seconds": 41.04707640699053, "seed_nodes": 3323028, "loss": 0.9724772453308106, "all_losses_finite": true}
------------------------------------------------------------
Training Completed. Total Steps: 840 (Active: 800)
Avg Breakdown (ms): Load=15.607 [Prep:4.179, Struc:0.297, Fetch:11.132], Fwd=8.466, Bwd=9.529, Opt=0.553
------------------------------------------------------------
