$REPO_ROOT/.venv/lib/python3.11/site-packages/outdated/__init__.py:36: UserWarning: pkg_resources is deprecated as an API. See https://setuptools.pypa.io/en/latest/pkg_resources.html. The pkg_resources package is slated for removal as early as 2025-11-30. Refrain from using this package or pin to Setuptools<81.
  from pkg_resources import parse_version
[ddp] Single-process mode: device=cuda
[Info] Running in Single-Process mode (CPU or Single GPU).
[Info] Device: cuda
[GraphCache] Caching disabled (0 nodes).
[Step=0010] Wall=5.8979s | Loss=6.1104
[Profile] Avg ms/step | Load: 32.608 (Prep: 15.239, Struc: 0.378, Fetch: 16.991) | Fwd: 506.992 | Bwd: 43.485 | Opt: 4.303 | GPU_Tot: 572.149
[Autotune] {"version": 1, "step": 10, "wall_seconds": 5.897864677011967, "seed_nodes": 40960, "loss": 6.110401916503906, "all_losses_finite": true}
[Step=0020] Wall=6.2730s | Loss=3.2516
[Profile] Avg ms/step | Load: 25.483 (Prep: 8.462, Struc: 0.341, Fetch: 16.680) | Fwd: 257.832 | Bwd: 26.599 | Opt: 2.448 | GPU_Tot: 303.900
[Autotune] {"version": 1, "step": 20, "wall_seconds": 6.272964875999605, "seed_nodes": 81920, "loss": 3.2516128540039064, "all_losses_finite": true}
[Step=0030] Wall=6.6569s | Loss=2.6582
[Profile] Avg ms/step | Load: 23.693 (Prep: 7.333, Struc: 0.323, Fetch: 16.036) | Fwd: 174.641 | Bwd: 20.812 | Opt: 1.828 | GPU_Tot: 213.641
[Autotune] {"version": 1, "step": 30, "wall_seconds": 6.656850208994001, "seed_nodes": 119613, "loss": 2.6582452774047853, "all_losses_finite": true}
[Step=0040] Wall=7.0244s | Loss=2.2832
[Profile] Avg ms/step | Load: 0.000 (Prep: 0.000, Struc: 0.000, Fetch: 0.000) | Fwd: 0.000 | Bwd: 0.000 | Opt: 0.000 | GPU_Tot: 0.000
[Autotune] {"version": 1, "step": 40, "wall_seconds": 7.024419541005045, "seed_nodes": 160573, "loss": 2.2832304000854493, "all_losses_finite": true}
[Step=0050] Wall=7.4073s | Loss=2.0202
[Profile] Avg ms/step | Load: 20.096 (Prep: 5.755, Struc: 0.301, Fetch: 14.040) | Fwd: 8.235 | Bwd: 9.198 | Opt: 0.587 | GPU_Tot: 32.361
[Autotune] {"version": 1, "step": 50, "wall_seconds": 7.407279525010381, "seed_nodes": 198266, "loss": 2.020182228088379, "all_losses_finite": true}
[Step=0060] Wall=7.7771s | Loss=1.8412
[Profile] Avg ms/step | Load: 18.931 (Prep: 3.075, Struc: 0.300, Fetch: 15.555) | Fwd: 8.473 | Bwd: 9.465 | Opt: 0.592 | GPU_Tot: 34.386
[Autotune] {"version": 1, "step": 60, "wall_seconds": 7.777093892014818, "seed_nodes": 239226, "loss": 1.841249656677246, "all_losses_finite": true}
[Step=0070] Wall=8.1616s | Loss=1.7139
[Profile] Avg ms/step | Load: 19.382 (Prep: 4.043, Struc: 0.300, Fetch: 15.038) | Fwd: 8.392 | Bwd: 9.375 | Opt: 0.586 | GPU_Tot: 33.692
[Autotune] {"version": 1, "step": 70, "wall_seconds": 8.161561014014296, "seed_nodes": 276919, "loss": 1.7139215469360352, "all_losses_finite": true}
[Step=0080] Wall=8.5354s | Loss=1.5987
[Profile] Avg ms/step | Load: 19.077 (Prep: 3.133, Struc: 0.301, Fetch: 15.643) | Fwd: 8.471 | Bwd: 9.460 | Opt: 0.596 | GPU_Tot: 34.471
[Autotune] {"version": 1, "step": 80, "wall_seconds": 8.535382080008276, "seed_nodes": 317879, "loss": 1.5987272262573242, "all_losses_finite": true}
[Step=0090] Wall=8.8988s | Loss=1.5241
[Profile] Avg ms/step | Load: 18.689 (Prep: 2.705, Struc: 0.301, Fetch: 15.682) | Fwd: 8.519 | Bwd: 9.516 | Opt: 0.595 | GPU_Tot: 34.613
[Autotune] {"version": 1, "step": 90, "wall_seconds": 8.89883849499165, "seed_nodes": 358839, "loss": 1.5240774154663086, "all_losses_finite": true}
[Step=0100] Wall=9.3002s | Loss=1.4622
[Profile] Avg ms/step | Load: 19.222 (Prep: 3.166, Struc: 0.301, Fetch: 15.755) | Fwd: 8.475 | Bwd: 9.464 | Opt: 0.599 | GPU_Tot: 34.594
[Autotune] {"version": 1, "step": 100, "wall_seconds": 9.300187740009278, "seed_nodes": 396532, "loss": 1.4622275352478027, "all_losses_finite": true}
[Step=0110] Wall=9.6680s | Loss=1.3881
[Profile] Avg ms/step | Load: 18.981 (Prep: 2.771, Struc: 0.302, Fetch: 15.909) | Fwd: 8.511 | Bwd: 9.505 | Opt: 0.598 | GPU_Tot: 34.825
[Autotune] {"version": 1, "step": 110, "wall_seconds": 9.667982023005607, "seed_nodes": 437492, "loss": 1.3881248474121093, "all_losses_finite": true}
[Step=0120] Wall=10.0501s | Loss=1.3585
[Profile] Avg ms/step | Load: 19.104 (Prep: 3.149, Struc: 0.300, Fetch: 15.655) | Fwd: 8.480 | Bwd: 9.471 | Opt: 0.596 | GPU_Tot: 34.503
[Autotune] {"version": 1, "step": 120, "wall_seconds": 10.050113160017645, "seed_nodes": 475185, "loss": 1.3584989547729491, "all_losses_finite": true}
[Step=0130] Wall=10.4176s | Loss=1.3437
[Profile] Avg ms/step | Load: 18.931 (Prep: 2.843, Struc: 0.301, Fetch: 15.788) | Fwd: 8.506 | Bwd: 9.499 | Opt: 0.596 | GPU_Tot: 34.690
[Autotune] {"version": 1, "step": 130, "wall_seconds": 10.417602503002854, "seed_nodes": 516145, "loss": 1.3437244415283203, "all_losses_finite": true}
[Step=0140] Wall=10.8143s | Loss=1.3058
[Profile] Avg ms/step | Load: 19.175 (Prep: 3.120, Struc: 0.301, Fetch: 15.754) | Fwd: 8.482 | Bwd: 9.473 | Opt: 0.599 | GPU_Tot: 34.608
[Autotune] {"version": 1, "step": 140, "wall_seconds": 10.814313267997932, "seed_nodes": 553838, "loss": 1.3057513236999512, "all_losses_finite": true}
[Step=0150] Wall=11.1819s | Loss=1.2847
[Profile] Avg ms/step | Load: 19.027 (Prep: 2.873, Struc: 0.301, Fetch: 15.854) | Fwd: 8.503 | Bwd: 9.497 | Opt: 0.599 | GPU_Tot: 34.753
[Autotune] {"version": 1, "step": 150, "wall_seconds": 11.181949559017085, "seed_nodes": 594798, "loss": 1.2847150802612304, "all_losses_finite": true}
[Step=0160] Wall=11.5375s | Loss=1.2516
[Profile] Avg ms/step | Load: 18.808 (Prep: 2.732, Struc: 0.301, Fetch: 15.775) | Fwd: 8.519 | Bwd: 9.515 | Opt: 0.598 | GPU_Tot: 34.708
[Autotune] {"version": 1, "step": 160, "wall_seconds": 11.537468566995813, "seed_nodes": 635758, "loss": 1.251556968688965, "all_losses_finite": true}
[Step=0170] Wall=11.9342s | Loss=1.2347
[Profile] Avg ms/step | Load: 19.010 (Prep: 2.939, Struc: 0.301, Fetch: 15.770) | Fwd: 8.499 | Bwd: 9.492 | Opt: 0.597 | GPU_Tot: 34.659
[Autotune] {"version": 1, "step": 170, "wall_seconds": 11.93423141000676, "seed_nodes": 673451, "loss": 1.2346766471862793, "all_losses_finite": true}
[Step=0180] Wall=12.3144s | Loss=1.2352
[Profile] Avg ms/step | Load: 18.997 (Prep: 2.821, Struc: 0.301, Fetch: 15.874) | Fwd: 8.514 | Bwd: 9.508 | Opt: 0.597 | GPU_Tot: 34.795
[Autotune] {"version": 1, "step": 180, "wall_seconds": 12.314360509015387, "seed_nodes": 714411, "loss": 1.2351620674133301, "all_losses_finite": true}
[Step=0190] Wall=12.6910s | Loss=1.2009
[Profile] Avg ms/step | Load: 19.024 (Prep: 2.989, Struc: 0.301, Fetch: 15.735) | Fwd: 8.498 | Bwd: 9.491 | Opt: 0.596 | GPU_Tot: 34.620
[Autotune] {"version": 1, "step": 190, "wall_seconds": 12.691025717998855, "seed_nodes": 752104, "loss": 1.200948429107666, "all_losses_finite": true}
[Step=0200] Wall=13.0588s | Loss=1.1980
[Profile] Avg ms/step | Load: 18.935 (Prep: 2.827, Struc: 0.301, Fetch: 15.807) | Fwd: 8.511 | Bwd: 9.505 | Opt: 0.596 | GPU_Tot: 34.719
[Autotune] {"version": 1, "step": 200, "wall_seconds": 13.058830268011661, "seed_nodes": 793064, "loss": 1.1979846000671386, "all_losses_finite": true}
[Step=0210] Wall=13.4479s | Loss=1.2107
[Profile] Avg ms/step | Load: 19.039 (Prep: 3.026, Struc: 0.301, Fetch: 15.712) | Fwd: 8.495 | Bwd: 9.487 | Opt: 0.595 | GPU_Tot: 34.591
[Autotune] {"version": 1, "step": 210, "wall_seconds": 13.447885873989435, "seed_nodes": 830757, "loss": 1.2107097625732421, "all_losses_finite": true}
[Step=0220] Wall=13.8167s | Loss=1.1965
[Profile] Avg ms/step | Load: 18.963 (Prep: 2.880, Struc: 0.301, Fetch: 15.782) | Fwd: 8.507 | Bwd: 9.501 | Opt: 0.595 | GPU_Tot: 34.686
[Autotune] {"version": 1, "step": 220, "wall_seconds": 13.816682361008134, "seed_nodes": 871717, "loss": 1.1964669227600098, "all_losses_finite": true}
[Step=0230] Wall=14.1512s | Loss=1.1756
[Profile] Avg ms/step | Load: 18.769 (Prep: 2.770, Struc: 0.300, Fetch: 15.699) | Fwd: 8.493 | Bwd: 9.485 | Opt: 0.594 | GPU_Tot: 34.571
[Autotune] {"version": 1, "step": 230, "wall_seconds": 14.15124418499181, "seed_nodes": 909410, "loss": 1.1756431579589843, "all_losses_finite": true}
[Step=0240] Wall=14.5866s | Loss=1.1683
[Profile] Avg ms/step | Load: 19.042 (Prep: 2.929, Struc: 0.301, Fetch: 15.812) | Fwd: 8.505 | Bwd: 9.498 | Opt: 0.597 | GPU_Tot: 34.713
[Autotune] {"version": 1, "step": 240, "wall_seconds": 14.586601890012389, "seed_nodes": 950370, "loss": 1.1682841300964355, "all_losses_finite": true}
[Step=0250] Wall=14.9642s | Loss=1.1666
[Profile] Avg ms/step | Load: 19.020 (Prep: 2.850, Struc: 0.310, Fetch: 15.860) | Fwd: 8.514 | Bwd: 9.508 | Opt: 0.597 | GPU_Tot: 34.789
[Autotune] {"version": 1, "step": 250, "wall_seconds": 14.964239476015791, "seed_nodes": 991330, "loss": 1.1665834426879882, "all_losses_finite": true}
[Step=0260] Wall=15.3478s | Loss=1.1407
[Profile] Avg ms/step | Load: 19.072 (Prep: 2.969, Struc: 0.310, Fetch: 15.793) | Fwd: 8.502 | Bwd: 9.494 | Opt: 0.596 | GPU_Tot: 34.695
[Autotune] {"version": 1, "step": 260, "wall_seconds": 15.347765609010821, "seed_nodes": 1029023, "loss": 1.1407116889953612, "all_losses_finite": true}
[Step=0270] Wall=15.7153s | Loss=1.1347
[Profile] Avg ms/step | Load: 19.005 (Prep: 2.857, Struc: 0.310, Fetch: 15.838) | Fwd: 8.511 | Bwd: 9.505 | Opt: 0.596 | GPU_Tot: 34.759
[Autotune] {"version": 1, "step": 270, "wall_seconds": 15.715316196001368, "seed_nodes": 1069983, "loss": 1.1346515655517577, "all_losses_finite": true}
[Step=0280] Wall=16.0993s | Loss=1.1427
[Profile] Avg ms/step | Load: 19.056 (Prep: 2.989, Struc: 0.310, Fetch: 15.757) | Fwd: 8.500 | Bwd: 9.492 | Opt: 0.595 | GPU_Tot: 34.653
[Autotune] {"version": 1, "step": 280, "wall_seconds": 16.09931757900631, "seed_nodes": 1107676, "loss": 1.1426762580871581, "all_losses_finite": true}
[Step=0290] Wall=16.4740s | Loss=1.1308
[Profile] Avg ms/step | Load: 19.024 (Prep: 2.886, Struc: 0.309, Fetch: 15.829) | Fwd: 8.508 | Bwd: 9.501 | Opt: 0.595 | GPU_Tot: 34.743
[Autotune] {"version": 1, "step": 290, "wall_seconds": 16.473997444001725, "seed_nodes": 1148636, "loss": 1.1307506561279297, "all_losses_finite": true}
[Step=0300] Wall=16.8768s | Loss=1.1180
[Profile] Avg ms/step | Load: 19.138 (Prep: 3.026, Struc: 0.309, Fetch: 15.802) | Fwd: 8.499 | Bwd: 9.492 | Opt: 0.595 | GPU_Tot: 34.698
[Autotune] {"version": 1, "step": 300, "wall_seconds": 16.876801083999453, "seed_nodes": 1186329, "loss": 1.1180083274841308, "all_losses_finite": true}
[Step=0310] Wall=17.2447s | Loss=1.1215
[Profile] Avg ms/step | Load: 19.080 (Prep: 2.929, Struc: 0.309, Fetch: 15.842) | Fwd: 8.507 | Bwd: 9.501 | Opt: 0.596 | GPU_Tot: 34.755
[Autotune] {"version": 1, "step": 310, "wall_seconds": 17.244693242013454, "seed_nodes": 1227289, "loss": 1.1214818954467773, "all_losses_finite": true}
[Step=0320] Wall=17.6090s | Loss=1.1141
[Profile] Avg ms/step | Load: 19.015 (Prep: 2.860, Struc: 0.309, Fetch: 15.846) | Fwd: 8.514 | Bwd: 9.508 | Opt: 0.595 | GPU_Tot: 34.773
[Autotune] {"version": 1, "step": 320, "wall_seconds": 17.609025879995897, "seed_nodes": 1268249, "loss": 1.114143466949463, "all_losses_finite": true}
[Step=0330] Wall=18.0010s | Loss=1.1094
[Profile] Avg ms/step | Load: 19.082 (Prep: 2.950, Struc: 0.308, Fetch: 15.823) | Fwd: 8.506 | Bwd: 9.498 | Opt: 0.595 | GPU_Tot: 34.730
[Autotune] {"version": 1, "step": 330, "wall_seconds": 18.000979839998763, "seed_nodes": 1305942, "loss": 1.1093711853027344, "all_losses_finite": true}
[Step=0340] Wall=18.3692s | Loss=1.1096
[Profile] Avg ms/step | Load: 19.033 (Prep: 2.865, Struc: 0.308, Fetch: 15.860) | Fwd: 8.513 | Bwd: 9.506 | Opt: 0.595 | GPU_Tot: 34.781
[Autotune] {"version": 1, "step": 340, "wall_seconds": 18.369217753992416, "seed_nodes": 1346902, "loss": 1.1096211433410645, "all_losses_finite": true}
[Step=0350] Wall=18.7587s | Loss=1.1052
[Profile] Avg ms/step | Load: 19.087 (Prep: 2.967, Struc: 0.308, Fetch: 15.812) | Fwd: 8.505 | Bwd: 9.497 | Opt: 0.595 | GPU_Tot: 34.716
[Autotune] {"version": 1, "step": 350, "wall_seconds": 18.758714149997104, "seed_nodes": 1384595, "loss": 1.1051602363586426, "all_losses_finite": true}
[Step=0360] Wall=19.1269s | Loss=1.1030
[Profile] Avg ms/step | Load: 19.042 (Prep: 2.887, Struc: 0.308, Fetch: 15.847) | Fwd: 8.511 | Bwd: 9.504 | Opt: 0.595 | GPU_Tot: 34.764
[Autotune] {"version": 1, "step": 360, "wall_seconds": 19.126948596996954, "seed_nodes": 1425555, "loss": 1.1030041694641113, "all_losses_finite": true}
[Step=0370] Wall=19.5157s | Loss=1.0778
[Profile] Avg ms/step | Load: 19.090 (Prep: 2.979, Struc: 0.308, Fetch: 15.803) | Fwd: 8.504 | Bwd: 9.495 | Opt: 0.594 | GPU_Tot: 34.704
[Autotune] {"version": 1, "step": 370, "wall_seconds": 19.51574255799642, "seed_nodes": 1463248, "loss": 1.0778203010559082, "all_losses_finite": true}
[Step=0380] Wall=19.8877s | Loss=1.0871
[Profile] Avg ms/step | Load: 19.057 (Prep: 2.903, Struc: 0.308, Fetch: 15.846) | Fwd: 8.510 | Bwd: 9.503 | Opt: 0.594 | GPU_Tot: 34.761
[Autotune] {"version": 1, "step": 380, "wall_seconds": 19.887699565995717, "seed_nodes": 1504208, "loss": 1.0871005058288574, "all_losses_finite": true}
[Step=0390] Wall=20.2448s | Loss=1.0726
[Profile] Avg ms/step | Load: 18.984 (Prep: 2.848, Struc: 0.314, Fetch: 15.823) | Fwd: 8.516 | Bwd: 9.509 | Opt: 0.594 | GPU_Tot: 34.756
[Autotune] {"version": 1, "step": 390, "wall_seconds": 20.24481739901239, "seed_nodes": 1545168, "loss": 1.0726411819458008, "all_losses_finite": true}
[Step=0400] Wall=20.6432s | Loss=1.0876
[Profile] Avg ms/step | Load: 19.057 (Prep: 2.918, Struc: 0.313, Fetch: 15.825) | Fwd: 8.509 | Bwd: 9.501 | Opt: 0.594 | GPU_Tot: 34.743
[Autotune] {"version": 1, "step": 400, "wall_seconds": 20.643246777006425, "seed_nodes": 1582861, "loss": 1.0875678062438965, "all_losses_finite": true}
[Step=0410] Wall=21.0215s | Loss=1.0789
[Profile] Avg ms/step | Load: 19.045 (Prep: 2.868, Struc: 0.313, Fetch: 15.864) | Fwd: 8.515 | Bwd: 9.507 | Opt: 0.594 | GPU_Tot: 34.793
[Autotune] {"version": 1, "step": 410, "wall_seconds": 21.021540307992836, "seed_nodes": 1623821, "loss": 1.078934383392334, "all_losses_finite": true}
[Step=0420] Wall=21.4030s | Loss=1.0785
[Profile] Avg ms/step | Load: 19.068 (Prep: 2.933, Struc: 0.313, Fetch: 15.823) | Fwd: 8.508 | Bwd: 9.500 | Opt: 0.594 | GPU_Tot: 34.737
[Autotune] {"version": 1, "step": 420, "wall_seconds": 21.40300406800816, "seed_nodes": 1661514, "loss": 1.0785459518432616, "all_losses_finite": true}
[Step=0430] Wall=21.7708s | Loss=1.0636
[Profile] Avg ms/step | Load: 19.030 (Prep: 2.868, Struc: 0.313, Fetch: 15.850) | Fwd: 8.513 | Bwd: 9.506 | Opt: 0.594 | GPU_Tot: 34.775
[Autotune] {"version": 1, "step": 430, "wall_seconds": 21.77080029901117, "seed_nodes": 1702474, "loss": 1.0636146545410157, "all_losses_finite": true}
[Step=0440] Wall=22.1562s | Loss=1.0745
[Profile] Avg ms/step | Load: 19.058 (Prep: 2.947, Struc: 0.312, Fetch: 15.799) | Fwd: 8.507 | Bwd: 9.499 | Opt: 0.596 | GPU_Tot: 34.713
[Autotune] {"version": 1, "step": 440, "wall_seconds": 22.156227820989443, "seed_nodes": 1740167, "loss": 1.0745219230651855, "all_losses_finite": true}
[Step=0450] Wall=22.5274s | Loss=1.0659
[Profile] Avg ms/step | Load: 19.030 (Prep: 2.885, Struc: 0.312, Fetch: 15.833) | Fwd: 8.512 | Bwd: 9.505 | Opt: 0.596 | GPU_Tot: 34.758
[Autotune] {"version": 1, "step": 450, "wall_seconds": 22.527437140000984, "seed_nodes": 1781127, "loss": 1.0658840179443358, "all_losses_finite": true}
[Step=0460] Wall=22.8686s | Loss=1.0471
[Profile] Avg ms/step | Load: 18.955 (Prep: 2.839, Struc: 0.311, Fetch: 15.805) | Fwd: 8.507 | Bwd: 9.499 | Opt: 0.596 | GPU_Tot: 34.717
[Autotune] {"version": 1, "step": 460, "wall_seconds": 22.868581534014083, "seed_nodes": 1818820, "loss": 1.0471298217773437, "all_losses_finite": true}
[Step=0470] Wall=23.2872s | Loss=1.0564
[Profile] Avg ms/step | Load: 19.041 (Prep: 2.890, Struc: 0.312, Fetch: 15.839) | Fwd: 8.511 | Bwd: 9.504 | Opt: 0.596 | GPU_Tot: 34.762
[Autotune] {"version": 1, "step": 470, "wall_seconds": 23.28719236300094, "seed_nodes": 1859780, "loss": 1.056379508972168, "all_losses_finite": true}
[Step=0480] Wall=23.6599s | Loss=1.0546
[Profile] Avg ms/step | Load: 19.018 (Prep: 2.853, Struc: 0.312, Fetch: 15.853) | Fwd: 8.516 | Bwd: 9.509 | Opt: 0.596 | GPU_Tot: 34.786
[Autotune] {"version": 1, "step": 480, "wall_seconds": 23.659933040995384, "seed_nodes": 1900740, "loss": 1.054608154296875, "all_losses_finite": true}
[Step=0490] Wall=24.0578s | Loss=1.0427
[Profile] Avg ms/step | Load: 19.074 (Prep: 2.915, Struc: 0.312, Fetch: 15.847) | Fwd: 8.510 | Bwd: 9.503 | Opt: 0.597 | GPU_Tot: 34.768
[Autotune] {"version": 1, "step": 490, "wall_seconds": 24.05780608500936, "seed_nodes": 1938433, "loss": 1.0427191734313965, "all_losses_finite": true}
[Step=0500] Wall=24.4308s | Loss=1.0445
[Profile] Avg ms/step | Load: 19.051 (Prep: 2.860, Struc: 0.311, Fetch: 15.879) | Fwd: 8.515 | Bwd: 9.508 | Opt: 0.597 | GPU_Tot: 34.811
[Autotune] {"version": 1, "step": 500, "wall_seconds": 24.430819586996222, "seed_nodes": 1979393, "loss": 1.044520950317383, "all_losses_finite": true}
[Step=0510] Wall=24.8167s | Loss=1.0321
[Profile] Avg ms/step | Load: 19.078 (Prep: 2.930, Struc: 0.311, Fetch: 15.837) | Fwd: 8.510 | Bwd: 9.502 | Opt: 0.597 | GPU_Tot: 34.758
[Autotune] {"version": 1, "step": 510, "wall_seconds": 24.81668143099523, "seed_nodes": 2017086, "loss": 1.0320713996887207, "all_losses_finite": true}
[Step=0520] Wall=25.1916s | Loss=1.0489
[Profile] Avg ms/step | Load: 19.061 (Prep: 2.877, Struc: 0.311, Fetch: 15.873) | Fwd: 8.514 | Bwd: 9.507 | Opt: 0.597 | GPU_Tot: 34.802
[Autotune] {"version": 1, "step": 520, "wall_seconds": 25.191579531005118, "seed_nodes": 2058046, "loss": 1.0489004135131836, "all_losses_finite": true}
[Step=0530] Wall=25.5780s | Loss=1.0433
[Profile] Avg ms/step | Load: 19.088 (Prep: 2.946, Struc: 0.311, Fetch: 15.831) | Fwd: 8.509 | Bwd: 9.501 | Opt: 0.597 | GPU_Tot: 34.750
[Autotune] {"version": 1, "step": 530, "wall_seconds": 25.577960936003365, "seed_nodes": 2095739, "loss": 1.043257236480713, "all_losses_finite": true}
[Step=0540] Wall=25.9468s | Loss=1.0312
[Profile] Avg ms/step | Load: 19.060 (Prep: 2.895, Struc: 0.311, Fetch: 15.854) | Fwd: 8.513 | Bwd: 9.506 | Opt: 0.597 | GPU_Tot: 34.781
[Autotune] {"version": 1, "step": 540, "wall_seconds": 25.946769332018448, "seed_nodes": 2136699, "loss": 1.0312304496765137, "all_losses_finite": true}
[Step=0550] Wall=26.3132s | Loss=1.0417
[Profile] Avg ms/step | Load: 19.028 (Prep: 2.858, Struc: 0.311, Fetch: 15.860) | Fwd: 8.517 | Bwd: 9.510 | Opt: 0.596 | GPU_Tot: 34.795
[Autotune] {"version": 1, "step": 550, "wall_seconds": 26.31318966401159, "seed_nodes": 2177659, "loss": 1.041693115234375, "all_losses_finite": true}
[Step=0560] Wall=26.7002s | Loss=1.0421
[Profile] Avg ms/step | Load: 19.056 (Prep: 2.899, Struc: 0.311, Fetch: 15.847) | Fwd: 8.512 | Bwd: 9.504 | Opt: 0.596 | GPU_Tot: 34.770
[Autotune] {"version": 1, "step": 560, "wall_seconds": 26.7001960100024, "seed_nodes": 2215352, "loss": 1.0421052932739259, "all_losses_finite": true}
[Step=0570] Wall=27.0713s | Loss=1.0242
[Profile] Avg ms/step | Load: 19.035 (Prep: 2.852, Struc: 0.310, Fetch: 15.872) | Fwd: 8.516 | Bwd: 9.508 | Opt: 0.596 | GPU_Tot: 34.804
[Autotune] {"version": 1, "step": 570, "wall_seconds": 27.071312118991045, "seed_nodes": 2256312, "loss": 1.0242091178894044, "all_losses_finite": true}
[Step=0580] Wall=27.4633s | Loss=1.0259
[Profile] Avg ms/step | Load: 19.071 (Prep: 2.911, Struc: 0.310, Fetch: 15.850) | Fwd: 8.511 | Bwd: 9.503 | Opt: 0.596 | GPU_Tot: 34.770
[Autotune] {"version": 1, "step": 580, "wall_seconds": 27.463292136992095, "seed_nodes": 2294005, "loss": 1.0259332656860352, "all_losses_finite": true}
[Step=0590] Wall=27.8335s | Loss=1.0147
[Profile] Avg ms/step | Load: 19.048 (Prep: 2.865, Struc: 0.310, Fetch: 15.872) | Fwd: 8.515 | Bwd: 9.507 | Opt: 0.596 | GPU_Tot: 34.801
[Autotune] {"version": 1, "step": 590, "wall_seconds": 27.83352479399764, "seed_nodes": 2334965, "loss": 1.0147059440612793, "all_losses_finite": true}
[Step=0600] Wall=28.2278s | Loss=1.0171
[Profile] Avg ms/step | Load: 19.086 (Prep: 2.927, Struc: 0.310, Fetch: 15.849) | Fwd: 8.510 | Bwd: 9.503 | Opt: 0.596 | GPU_Tot: 34.768
[Autotune] {"version": 1, "step": 600, "wall_seconds": 28.22778906999156, "seed_nodes": 2372658, "loss": 1.0171368598937989, "all_losses_finite": true}
[Step=0610] Wall=28.5982s | Loss=1.0208
[Profile] Avg ms/step | Load: 19.063 (Prep: 2.883, Struc: 0.310, Fetch: 15.871) | Fwd: 8.514 | Bwd: 9.507 | Opt: 0.596 | GPU_Tot: 34.797
[Autotune] {"version": 1, "step": 610, "wall_seconds": 28.59822981499019, "seed_nodes": 2413618, "loss": 1.0207655906677247, "all_losses_finite": true}
[Step=0620] Wall=28.9563s | Loss=1.0098
[Profile] Avg ms/step | Load: 19.021 (Prep: 2.850, Struc: 0.310, Fetch: 15.862) | Fwd: 8.517 | Bwd: 9.510 | Opt: 0.596 | GPU_Tot: 34.795
[Autotune] {"version": 1, "step": 620, "wall_seconds": 28.956344086007448, "seed_nodes": 2454578, "loss": 1.0097648620605468, "all_losses_finite": true}
[Step=0630] Wall=29.3579s | Loss=1.0215
[Profile] Avg ms/step | Load: 19.072 (Prep: 2.902, Struc: 0.309, Fetch: 15.860) | Fwd: 8.513 | Bwd: 9.505 | Opt: 0.596 | GPU_Tot: 34.782
[Autotune] {"version": 1, "step": 630, "wall_seconds": 29.357883721007966, "seed_nodes": 2492271, "loss": 1.0214969635009765, "all_losses_finite": true}
[Step=0640] Wall=29.7405s | Loss=1.0129
[Profile] Avg ms/step | Load: 19.071 (Prep: 2.875, Struc: 0.309, Fetch: 15.886) | Fwd: 8.516 | Bwd: 9.509 | Opt: 0.596 | GPU_Tot: 34.816
[Autotune] {"version": 1, "step": 640, "wall_seconds": 29.740461270994274, "seed_nodes": 2533231, "loss": 1.012916660308838, "all_losses_finite": true}
[Step=0650] Wall=30.1192s | Loss=1.0102
[Profile] Avg ms/step | Load: 19.080 (Prep: 2.918, Struc: 0.309, Fetch: 15.852) | Fwd: 8.512 | Bwd: 9.504 | Opt: 0.596 | GPU_Tot: 34.773
[Autotune] {"version": 1, "step": 650, "wall_seconds": 30.11915158201009, "seed_nodes": 2570924, "loss": 1.0101884841918944, "all_losses_finite": true}
[Step=0660] Wall=30.4909s | Loss=1.0032
[Profile] Avg ms/step | Load: 19.061 (Prep: 2.878, Struc: 0.309, Fetch: 15.874) | Fwd: 8.516 | Bwd: 9.508 | Opt: 0.596 | GPU_Tot: 34.802
[Autotune] {"version": 1, "step": 660, "wall_seconds": 30.490893097012304, "seed_nodes": 2611884, "loss": 1.0031751632690429, "all_losses_finite": true}
[Step=0670] Wall=30.8813s | Loss=0.9963
[Profile] Avg ms/step | Load: 19.089 (Prep: 2.928, Struc: 0.309, Fetch: 15.852) | Fwd: 8.511 | Bwd: 9.503 | Opt: 0.596 | GPU_Tot: 34.771
[Autotune] {"version": 1, "step": 670, "wall_seconds": 30.88134057499701, "seed_nodes": 2649577, "loss": 0.9962581634521485, "all_losses_finite": true}
[Step=0680] Wall=31.2517s | Loss=0.9959
[Profile] Avg ms/step | Load: 19.070 (Prep: 2.889, Struc: 0.309, Fetch: 15.872) | Fwd: 8.514 | Bwd: 9.507 | Opt: 0.596 | GPU_Tot: 34.798
[Autotune] {"version": 1, "step": 680, "wall_seconds": 31.2516545910039, "seed_nodes": 2690537, "loss": 0.9959280967712403, "all_losses_finite": true}
[Step=0690] Wall=31.5866s | Loss=1.0056
[Profile] Avg ms/step | Load: 19.011 (Prep: 2.862, Struc: 0.309, Fetch: 15.840) | Fwd: 8.511 | Bwd: 9.502 | Opt: 0.595 | GPU_Tot: 34.757
[Autotune] {"version": 1, "step": 690, "wall_seconds": 31.58656616299413, "seed_nodes": 2728230, "loss": 1.0055909156799316, "all_losses_finite": true}
[Step=0700] Wall=32.0044s | Loss=0.9953
[Profile] Avg ms/step | Load: 19.065 (Prep: 2.895, Struc: 0.309, Fetch: 15.860) | Fwd: 8.514 | Bwd: 9.506 | Opt: 0.596 | GPU_Tot: 34.784
[Autotune] {"version": 1, "step": 700, "wall_seconds": 32.00439000199549, "seed_nodes": 2769190, "loss": 0.9952950477600098, "all_losses_finite": true}
[Step=0710] Wall=32.3794s | Loss=0.9994
[Profile] Avg ms/step | Load: 19.053 (Prep: 2.871, Struc: 0.309, Fetch: 15.873) | Fwd: 8.517 | Bwd: 9.509 | Opt: 0.595 | GPU_Tot: 34.804
[Autotune] {"version": 1, "step": 710, "wall_seconds": 32.379422202007845, "seed_nodes": 2810150, "loss": 0.9994479179382324, "all_losses_finite": true}
[Step=0720] Wall=32.7658s | Loss=0.9982
[Profile] Avg ms/step | Load: 19.073 (Prep: 2.909, Struc: 0.309, Fetch: 15.855) | Fwd: 8.513 | Bwd: 9.505 | Opt: 0.595 | GPU_Tot: 34.777
[Autotune] {"version": 1, "step": 720, "wall_seconds": 32.76576127001317, "seed_nodes": 2847843, "loss": 0.998194408416748, "all_losses_finite": true}
[Step=0730] Wall=33.1377s | Loss=0.9897
[Profile] Avg ms/step | Load: 19.057 (Prep: 2.873, Struc: 0.309, Fetch: 15.875) | Fwd: 8.516 | Bwd: 9.508 | Opt: 0.596 | GPU_Tot: 34.804
[Autotune] {"version": 1, "step": 730, "wall_seconds": 33.13767086499138, "seed_nodes": 2888803, "loss": 0.9897080421447754, "all_losses_finite": true}
[Step=0740] Wall=33.5342s | Loss=0.9925
[Profile] Avg ms/step | Load: 19.090 (Prep: 2.919, Struc: 0.309, Fetch: 15.862) | Fwd: 8.513 | Bwd: 9.504 | Opt: 0.595 | GPU_Tot: 34.783
[Autotune] {"version": 1, "step": 740, "wall_seconds": 33.534194456995465, "seed_nodes": 2926496, "loss": 0.9925038337707519, "all_losses_finite": true}
[Step=0750] Wall=33.9045s | Loss=0.9897
[Profile] Avg ms/step | Load: 19.072 (Prep: 2.884, Struc: 0.309, Fetch: 15.880) | Fwd: 8.516 | Bwd: 9.507 | Opt: 0.595 | GPU_Tot: 34.807
[Autotune] {"version": 1, "step": 750, "wall_seconds": 33.904462214006344, "seed_nodes": 2967456, "loss": 0.9896832466125488, "all_losses_finite": true}
[Step=0760] Wall=34.3041s | Loss=0.9814
[Profile] Avg ms/step | Load: 19.110 (Prep: 2.928, Struc: 0.309, Fetch: 15.873) | Fwd: 8.512 | Bwd: 9.503 | Opt: 0.595 | GPU_Tot: 34.792
[Autotune] {"version": 1, "step": 760, "wall_seconds": 34.30407904999447, "seed_nodes": 3005149, "loss": 0.9814032554626465, "all_losses_finite": true}
[Step=0770] Wall=34.6778s | Loss=0.9753
[Profile] Avg ms/step | Load: 19.096 (Prep: 2.893, Struc: 0.309, Fetch: 15.894) | Fwd: 8.515 | Bwd: 9.506 | Opt: 0.595 | GPU_Tot: 34.819
[Autotune] {"version": 1, "step": 770, "wall_seconds": 34.67780768699595, "seed_nodes": 3046109, "loss": 0.9752964019775391, "all_losses_finite": true}
[Step=0780] Wall=35.0494s | Loss=0.9696
[Profile] Avg ms/step | Load: 19.080 (Prep: 2.868, Struc: 0.309, Fetch: 15.904) | Fwd: 8.518 | Bwd: 9.509 | Opt: 0.595 | GPU_Tot: 34.835
[Autotune] {"version": 1, "step": 780, "wall_seconds": 35.04941660101758, "seed_nodes": 3087069, "loss": 0.9695562362670899, "all_losses_finite": true}
[Step=0790] Wall=35.4437s | Loss=0.9916
[Profile] Avg ms/step | Load: 19.108 (Prep: 2.904, Struc: 0.309, Fetch: 15.896) | Fwd: 8.514 | Bwd: 9.506 | Opt: 0.595 | GPU_Tot: 34.819
[Autotune] {"version": 1, "step": 790, "wall_seconds": 35.443660649005324, "seed_nodes": 3124762, "loss": 0.9916420936584472, "all_losses_finite": true}
[Step=0800] Wall=35.8192s | Loss=0.9868
[Profile] Avg ms/step | Load: 19.098 (Prep: 2.871, Struc: 0.309, Fetch: 15.918) | Fwd: 8.517 | Bwd: 9.509 | Opt: 0.595 | GPU_Tot: 34.848
[Autotune] {"version": 1, "step": 800, "wall_seconds": 35.81923632501275, "seed_nodes": 3165722, "loss": 0.9868309974670411, "all_losses_finite": true}
[Step=0810] Wall=36.2071s | Loss=0.9739
[Profile] Avg ms/step | Load: 19.117 (Prep: 2.914, Struc: 0.309, Fetch: 15.894) | Fwd: 8.514 | Bwd: 9.505 | Opt: 0.595 | GPU_Tot: 34.817
[Autotune] {"version": 1, "step": 810, "wall_seconds": 36.20711899601156, "seed_nodes": 3203415, "loss": 0.9739344596862793, "all_losses_finite": true}
[Step=0820] Wall=36.5771s | Loss=0.9804
[Profile] Avg ms/step | Load: 19.100 (Prep: 2.882, Struc: 0.309, Fetch: 15.909) | Fwd: 8.517 | Bwd: 9.508 | Opt: 0.595 | GPU_Tot: 34.837
[Autotune] {"version": 1, "step": 820, "wall_seconds": 36.577086255012546, "seed_nodes": 3244375, "loss": 0.9804478645324707, "all_losses_finite": true}
[Step=0830] Wall=36.9653s | Loss=0.9776
[Profile] Avg ms/step | Load: 19.118 (Prep: 2.925, Struc: 0.308, Fetch: 15.885) | Fwd: 8.514 | Bwd: 9.504 | Opt: 0.595 | GPU_Tot: 34.806
[Autotune] {"version": 1, "step": 830, "wall_seconds": 36.96534260100452, "seed_nodes": 3282068, "loss": 0.9776061058044434, "all_losses_finite": true}
[Step=0840] Wall=37.3337s | Loss=0.9738
[Profile] Avg ms/step | Load: 19.100 (Prep: 2.894, Struc: 0.308, Fetch: 15.898) | Fwd: 8.516 | Bwd: 9.507 | Opt: 0.595 | GPU_Tot: 34.824
[Autotune] {"version": 1, "step": 840, "wall_seconds": 37.33367912101676, "seed_nodes": 3323028, "loss": 0.973777961730957, "all_losses_finite": true}
------------------------------------------------------------
Training Completed. Total Steps: 840 (Active: 800)
Avg Breakdown (ms): Load=19.100 [Prep:2.894, Struc:0.308, Fetch:15.898], Fwd=8.516, Bwd=9.507, Opt=0.595
------------------------------------------------------------
