$REPO_ROOT/.venv/lib/python3.11/site-packages/outdated/__init__.py:36: UserWarning: pkg_resources is deprecated as an API. See https://setuptools.pypa.io/en/latest/pkg_resources.html. The pkg_resources package is slated for removal as early as 2025-11-30. Refrain from using this package or pin to Setuptools<81.
  from pkg_resources import parse_version
2026-09-19 11:08:59,209 INFO:   Connectivity check: running command: ping -c 1 -W 3 10.125.8.2
2026-09-19 11:08:59,215 INFO:   Connectivity check succeeded.
2026-09-19 11:08:59,236 INFO:   Appliance client semantic version: 1.14.0, cluster server semantic version: 1.20.2, job operator semantic version: 1.20.2
2026-09-19 11:08:59,238 INFO:   Successfully initialized workflow with id: wflow-m5v6dvbvjwbdfbqsn3bjrg
2026-09-19 11:08:59,243 WARNING:   The trainer configuration for train_and_eval does not configure checkpointing. In the event of a failure, the run will be restarted from the beginning. If this is not intentional, please specifiy a checkpoint callback with a checkpointing frequency to enable auto-restarting from previously saved checkpoints.
2026-09-19 11:08:59,244 INFO:   Spawning child process for the fit run ...
2026-09-19 11:08:59,248 INFO:   Child process started with pid: 3082755
$REPO_ROOT/.venv/lib/python3.11/site-packages/outdated/__init__.py:36: UserWarning: pkg_resources is deprecated as an API. See https://setuptools.pypa.io/en/latest/pkg_resources.html. The pkg_resources package is slated for removal as early as 2025-11-30. Refrain from using this package or pin to Setuptools<81.
  from pkg_resources import parse_version
2026-09-19 11:09:05,251 INFO:   Current Working Directory: $REPO_ROOT/src/cerebras/modelzoo/models/gnn
2026-09-19 11:09:05,251 INFO:   Running command: $REPO_ROOT/src/cerebras/modelzoo/cli/main.py fit $REPO_ROOT/model_dirs/hpcasia_final/arxiv_20260919T033125.784128Z/seed_44/throughput_r3/params.yaml --target_device CSX --model_dir $REPO_ROOT/model_dirs/hpcasia_final/arxiv_20260919T033125.784128Z/seed_44/throughput_r3/model
2026-09-19 11:09:05,780 INFO:   No checkpoint was provided. Using randomly initialized model parameters.
2026-09-19 11:09:05,781 INFO:   Ordinal 0: Initializing GNNDataProcessor for dataset 'ogbn-arxiv' (split=train, mode=neighbor).
$REPO_ROOT/.venv/lib/python3.11/site-packages/ogb/nodeproppred/dataset_pyg.py:69: FutureWarning: You are using `torch.load` with `weights_only=False` (the current default value), which uses the default pickle module implicitly. It is possible to construct malicious pickle data which will execute arbitrary code during unpickling (See https://github.com/pytorch/pytorch/blob/main/SECURITY.md#untrusted-models for more details). In a future release, the default value for `weights_only` will be flipped to `True`. This limits the functions that could be executed during unpickling. Arbitrary objects will no longer be allowed to be loaded via this mode unless they are explicitly allowlisted by the user via `torch.serialization.add_safe_globals`. We recommend you start setting `weights_only=True` for any use case where you don't have full control of the loaded file. Please open an issue on GitHub for any issues related to this experimental feature.
  self.data, self.slices = torch.load(self.processed_paths[0])
GNN_INPUT_CONTRACT {"batch_index_origin": 0, "batch_size": 4096, "count_basis": "deterministic loader schedule; not device counters", "dataset_name": "ogbn-arxiv", "drop_last": false, "event": "gnn_input_contract", "num_streamers": 1, "ordered_targets_and_labels_sha256": "db871ae3ec2930f51c99ea6cf8bf12edf5b6ad7e98f4bf05aebba1fba6f332ad", "restartable": false, "sampler_seed": 44, "seed_nodes_by_batch": [4096, 4096, 4096, 4096, 4096, 4096, 4096, 4096, 4096, 4096, 4096, 4096, 4096, 4096, 4096, 4096, 4096, 4096, 4096, 4096, 4096, 4096, 829], "seed_nodes_per_epoch": 90941, "shuffle": true, "source_seed_nodes": 90941, "split": "train", "static_batch_cache_size": 0, "supervised_targets_by_batch": [4096, 4096, 4096, 4096, 4096, 4096, 4096, 4096, 4096, 4096, 4096, 4096, 4096, 4096, 4096, 4096, 4096, 4096, 4096, 4096, 4096, 4096, 829], "traversal": "continuous_sequential_batches", "traversal_scope": "single_data_executor", "version": 1}
2026-09-19 11:09:06,009 INFO:   Connectivity check: running command: ping -c 1 -W 3 10.125.8.2
2026-09-19 11:09:06,016 INFO:   Connectivity check succeeded.
2026-09-19 11:09:06,036 INFO:   Appliance client semantic version: 1.14.0, cluster server semantic version: 1.20.2, job operator semantic version: 1.20.2
2026-09-19 11:09:06,037 INFO:   ===========================================================================
2026-09-19 11:09:06,037 INFO:   Trainer Fit Summary
2026-09-19 11:09:06,037 INFO:   ---------------------------------------------------------------------------
2026-09-19 11:09:06,037 INFO:   Trainer will run 1 train loop.
2026-09-19 11:09:06,037 INFO:   
2026-09-19 11:09:06,037 INFO:   Train steps per train loop:
2026-09-19 11:09:06,037 INFO:   * 1 loop of 840 steps
2026-09-19 11:09:06,037 INFO:   for a total of 840 train steps.
2026-09-19 11:09:06,037 INFO:   
2026-09-19 11:09:06,037 INFO:   Progress will be logged every 10 steps.
2026-09-19 11:09:06,037 INFO:   ===========================================================================
2026-09-19 11:09:06,037 INFO:   ---------------------------------------------------------------------------
2026-09-19 11:09:06,037 INFO:   Starting train loop 1 of 1, from global step 1 to 840 (840 steps)
2026-09-19 11:09:06,037 INFO:   ---------------------------------------------------------------------------
2026-09-19 11:09:10,723 INFO:   Compiling the model. This may take a few minutes.
2026-09-19 11:09:10,723 INFO:   Connectivity check: running command: ping -c 1 -W 3 10.125.8.2
2026-09-19 11:09:10,728 INFO:   Connectivity check succeeded.
2026-09-19 11:09:10,746 INFO:   Appliance client semantic version: 1.14.0, cluster server semantic version: 1.20.2, job operator semantic version: 1.20.2
2026-09-19 11:09:11,857 INFO:   Initiating a new image build job against the cluster server.
2026-09-19 11:09:11,876 INFO:   Job id: imgjob-42280d4f85d91291dacb2ef766350f15, workflow id: wflow-m5v6dvbvjwbdfbqsn3bjrg, namespace: job-operator, remote log path: /n1/wsjob/workdir/job-operator/imgjob-42280d4f85d91291dacb2ef766350f15
2026-09-19 11:09:11,879 INFO:   Connectivity check: running command: ping -c 1 -W 3 10.125.8.2
2026-09-19 11:09:11,884 INFO:   Connectivity check succeeded.
2026-09-19 11:09:11,899 INFO:   Appliance client semantic version: 1.14.0, cluster server semantic version: 1.20.2, job operator semantic version: 1.20.2
2026-09-19 11:09:11,918 INFO:   Initiating a new compile wsjob against the cluster server.
2026-09-19 11:09:11,943 INFO:   Job id: wsjob-e26cjjanhhakfq7eobrnhh, workflow id: wflow-m5v6dvbvjwbdfbqsn3bjrg, namespace: job-operator, remote log path: /n1/wsjob/workdir/job-operator/wsjob-e26cjjanhhakfq7eobrnhh
2026-09-19 11:09:31,944 INFO:   Poll ingress status: Waiting for all Coordinator pods to be running, current running: 0/1.
2026-09-19 11:09:31,947 INFO:   Recording the timestamp when jobs is scheduled.
2026-09-19 11:09:31,966 WARNING:   Event 2026-09-19 11:09:12 +0000 UTC reason=InconsistentVersion wsjob=wsjob-e26cjjanhhakfq7eobrnhh message='Warning: client semantic version 1.14.0 is inconsistent with cluster server semantic version 1.20.2, there's a risk job could fail due to inconsistent setup.'
2026-09-19 11:09:41,967 INFO:   Poll ingress status: Waiting for job ingress readiness.
2026-09-19 11:09:51,991 INFO:   Poll ingress status: Job ingress ready, dashboard: <internal-dashboard-url>
2026-09-19 11:09:52,006 INFO:   Poll ingress success: Job ingress ready, dashboard: <internal-dashboard-url>
2026-09-19 11:09:52,020 INFO:   Finalizing out-of-cluster job handle with ingress service url: 
2026-09-19 11:09:52,020 WARNING:   Empty ingress service url. Falling back to default server: 10.125.8.2:443
2026-09-19 11:09:52,091 INFO:   Found existing cached compile with hash: "cs_6179372504641102607"
2026-09-19 11:09:53,945 INFO:   Using power profile none

2026-09-19 11:09:53,959 INFO:   Compile artifacts successfully written to remote compile directory. Compile hash is: cs_6179372504641102607
2026-09-19 12:03:03,819 ERROR:   Image build job imgjob-42280d4f85d91291dacb2ef766350f15 failed. Please check the error log in $REPO_ROOT/model_dirs/hpcasia_final/arxiv_20260919T033125.784128Z/seed_44/throughput_r3/model/cerebras_logs/20260919_110905/executors/000001/custom_worker_build.out. 
2026-09-19 12:03:03,820 INFO:   Falling back to venv mounting.
2026-09-19 12:03:03,822 INFO:   Compile was successful!
2026-09-19 12:03:03,822 INFO:   Programming Cerebras Wafer Scale Cluster for execution. This may take a few minutes.
2026-09-19 12:03:05,832 INFO:   Connectivity check: running command: ping -c 1 -W 3 10.125.8.2
2026-09-19 12:03:05,837 INFO:   Connectivity check succeeded.
2026-09-19 12:03:05,853 INFO:   Appliance client semantic version: 1.14.0, cluster server semantic version: 1.20.2, job operator semantic version: 1.20.2
2026-09-19 12:03:05,855 INFO:   Initiating a new execute wsjob against the cluster server.
2026-09-19 12:03:05,886 INFO:   Job id: wsjob-blbqkjq2nrw4a3mgpk32dz, workflow id: wflow-m5v6dvbvjwbdfbqsn3bjrg, namespace: job-operator, remote log path: /n1/wsjob/workdir/job-operator/wsjob-blbqkjq2nrw4a3mgpk32dz
2026-09-19 12:03:25,887 INFO:   Poll ingress status: Waiting for all Activation pods to be running, current running: 0/21.
2026-09-19 12:03:25,889 INFO:   Recording the timestamp when jobs is scheduled.
2026-09-19 12:03:25,906 WARNING:   Event 2026-09-19 12:03:05 +0000 UTC reason=InconsistentVersion wsjob=wsjob-blbqkjq2nrw4a3mgpk32dz message='Warning: client semantic version 1.14.0 is inconsistent with cluster server semantic version 1.20.2, there's a risk job could fail due to inconsistent setup.'
2026-09-19 12:03:25,906 INFO:   Infrastructure setup completed successfully for job wsjob-blbqkjq2nrw4a3mgpk32dz
2026-09-19 12:03:35,906 INFO:   Poll ingress status: Waiting for all Weight pods to be running, current running: 0/2.
2026-09-19 12:03:35,939 INFO:   Infrastructure setup completed successfully for job wsjob-blbqkjq2nrw4a3mgpk32dz
2026-09-19 12:03:45,939 INFO:   Poll ingress status: Waiting for all Chief pods to be running, current running: 0/1.
2026-09-19 12:03:45,950 INFO:   Infrastructure setup completed successfully for job wsjob-blbqkjq2nrw4a3mgpk32dz
2026-09-19 12:03:55,951 INFO:   Poll ingress status: Waiting for all Command pods to be running, current running: 0/1.
2026-09-19 12:03:55,962 INFO:   Infrastructure setup completed successfully for job wsjob-blbqkjq2nrw4a3mgpk32dz
2026-09-19 12:04:05,962 INFO:   Poll ingress status: Waiting for all Activation pods to be running, current running: 0/21.
2026-09-19 12:04:05,973 INFO:   Infrastructure setup completed successfully for job wsjob-blbqkjq2nrw4a3mgpk32dz
2026-09-19 12:04:15,974 INFO:   Poll ingress status: Waiting for all Worker pods to be running, current running: 0/1.
2026-09-19 12:04:15,985 INFO:   Infrastructure setup completed successfully for job wsjob-blbqkjq2nrw4a3mgpk32dz
2026-09-19 12:04:25,985 INFO:   Poll ingress status: Waiting for all Chief pods to be running, current running: 0/1.
2026-09-19 12:04:25,996 INFO:   Infrastructure setup completed successfully for job wsjob-blbqkjq2nrw4a3mgpk32dz
2026-09-19 12:04:35,996 INFO:   Poll ingress status: Waiting for all Worker pods to be running, current running: 0/1.
2026-09-19 12:04:36,006 INFO:   Infrastructure setup completed successfully for job wsjob-blbqkjq2nrw4a3mgpk32dz
2026-09-19 12:04:46,006 INFO:   Poll ingress status: Waiting for all Weight pods to be running, current running: 0/2.
2026-09-19 12:04:46,018 INFO:   Infrastructure setup completed successfully for job wsjob-blbqkjq2nrw4a3mgpk32dz
2026-09-19 12:04:56,018 INFO:   Poll ingress status: Waiting for all Worker pods to be running, current running: 0/1.
2026-09-19 12:04:56,029 INFO:   Infrastructure setup completed successfully for job wsjob-blbqkjq2nrw4a3mgpk32dz
2026-09-19 12:05:06,029 INFO:   Poll ingress status: Waiting for all Activation pods to be running, current running: 0/21.
2026-09-19 12:05:06,041 INFO:   Infrastructure setup completed successfully for job wsjob-blbqkjq2nrw4a3mgpk32dz
2026-09-19 12:05:16,041 INFO:   Infrastructure setup completed successfully for job wsjob-blbqkjq2nrw4a3mgpk32dz
2026-09-19 12:05:26,041 INFO:   Infrastructure setup completed successfully for job wsjob-blbqkjq2nrw4a3mgpk32dz
2026-09-19 12:05:36,041 INFO:   Infrastructure setup completed successfully for job wsjob-blbqkjq2nrw4a3mgpk32dz
2026-09-19 12:05:46,042 INFO:   Infrastructure setup completed successfully for job wsjob-blbqkjq2nrw4a3mgpk32dz
2026-09-19 12:05:56,042 INFO:   Poll ingress status: Waiting for all Chief pods to be running, current running: 0/1.
2026-09-19 12:05:56,054 INFO:   Infrastructure setup completed successfully for job wsjob-blbqkjq2nrw4a3mgpk32dz
2026-09-19 12:06:06,054 INFO:   Poll ingress status: Waiting for all Activation pods to be running, current running: 0/21.
2026-09-19 12:06:06,065 INFO:   Infrastructure setup completed successfully for job wsjob-blbqkjq2nrw4a3mgpk32dz
2026-09-19 12:06:16,065 INFO:   Poll ingress status: Waiting for all Chief pods to be running, current running: 0/1.
2026-09-19 12:06:16,077 INFO:   Infrastructure setup completed successfully for job wsjob-blbqkjq2nrw4a3mgpk32dz
2026-09-19 12:06:26,077 INFO:   Poll ingress status: Job ingress ready, dashboard: <internal-dashboard-url>
2026-09-19 12:06:26,089 INFO:   Infrastructure setup completed successfully for job wsjob-blbqkjq2nrw4a3mgpk32dz
2026-09-19 12:06:26,089 INFO:   Poll ingress success: Job ingress ready, dashboard: <internal-dashboard-url>
2026-09-19 12:06:26,104 INFO:   Finalizing out-of-cluster job handle with ingress service url: 
2026-09-19 12:06:26,104 WARNING:   Empty ingress service url. Falling back to default server: 10.125.8.2:443
2026-09-19 12:06:26,181 INFO:   Preparing to execute using 1 CSX
2026-09-19 12:06:43,568 INFO:   About to send initial weights
2026-09-19 12:06:43,800 INFO:   Finished sending initial weights
2026-09-19 12:06:43,800 INFO:   Finalizing appliance staging for the run
2026-09-19 12:06:50,317 INFO:   Waiting for device programming to complete
2026-09-19 12:07:04,409 INFO:   Device programming is complete
2026-09-19 12:07:04,719 INFO:   Using network type: ROCE
2026-09-19 12:07:04,720 INFO:   Waiting for input workers to prime the data pipeline and begin streaming ...
2026-09-19 12:07:04,732 INFO:   Input workers have begun streaming input data
2026-09-19 12:07:04,890 INFO:   Appliance staging is complete
2026-09-19 12:07:04,891 INFO:   Beginning appliance run
2026-09-19 12:07:15,298 INFO:   | Train Device=CSX, Step=10, Loss=3.38230, Rate=2781.47 samples/sec, GlobalRate=11.75 samples/sec, LoopTimeRemaining=0:19:51, TimeRemaining=0:19:51
2026-09-19 12:07:29,937 INFO:   | Train Device=CSX, Step=20, Loss=2.74820, Rate=2880.79 samples/sec, GlobalRate=23.40 samples/sec, LoopTimeRemaining=0:19:50, TimeRemaining=0:19:50
2026-09-19 12:07:48,445 INFO:   | Train Device=CSX, Step=30, Loss=2.33122, Rate=2514.35 samples/sec, GlobalRate=34.91 samples/sec, LoopTimeRemaining=0:19:50, TimeRemaining=0:19:50
2026-09-19 12:08:03,277 INFO:   | Train Device=CSX, Step=40, Loss=1.97149, Rate=2858.21 samples/sec, GlobalRate=46.35 samples/sec, LoopTimeRemaining=0:19:34, TimeRemaining=0:19:34
2026-09-19 12:08:21,604 INFO:   | Train Device=CSX, Step=50, Loss=1.79466, Rate=2652.97 samples/sec, GlobalRate=57.64 samples/sec, LoopTimeRemaining=0:19:17, TimeRemaining=0:19:17
2026-09-19 12:08:36,548 INFO:   | Train Device=CSX, Step=60, Loss=1.60865, Rate=2787.12 samples/sec, GlobalRate=68.88 samples/sec, LoopTimeRemaining=0:19:04, TimeRemaining=0:19:04
2026-09-19 12:08:54,363 INFO:   | Train Device=CSX, Step=70, Loss=1.58261, Rate=1654.59 samples/sec, GlobalRate=79.96 samples/sec, LoopTimeRemaining=0:18:42, TimeRemaining=0:18:42
2026-09-19 12:09:09,196 INFO:   | Train Device=CSX, Step=80, Loss=1.46600, Rate=2821.45 samples/sec, GlobalRate=91.01 samples/sec, LoopTimeRemaining=0:18:33, TimeRemaining=0:18:33
2026-09-19 12:09:23,549 INFO:   | Train Device=CSX, Step=90, Loss=1.39653, Rate=2909.42 samples/sec, GlobalRate=101.98 samples/sec, LoopTimeRemaining=0:18:13, TimeRemaining=0:18:13
2026-09-19 12:09:41,866 INFO:   | Train Device=CSX, Step=100, Loss=1.35800, Rate=2776.68 samples/sec, GlobalRate=112.74 samples/sec, LoopTimeRemaining=0:18:02, TimeRemaining=0:18:02
2026-09-19 12:09:56,506 INFO:   | Train Device=CSX, Step=110, Loss=1.26169, Rate=2908.41 samples/sec, GlobalRate=123.52 samples/sec, LoopTimeRemaining=0:17:44, TimeRemaining=0:17:44
2026-09-19 12:10:14,628 INFO:   | Train Device=CSX, Step=120, Loss=1.28026, Rate=2707.87 samples/sec, GlobalRate=134.08 samples/sec, LoopTimeRemaining=0:17:30, TimeRemaining=0:17:30
2026-09-19 12:10:29,350 INFO:   | Train Device=CSX, Step=130, Loss=1.19588, Rate=2805.41 samples/sec, GlobalRate=144.67 samples/sec, LoopTimeRemaining=0:17:15, TimeRemaining=0:17:15
2026-09-19 12:10:47,074 INFO:   | Train Device=CSX, Step=140, Loss=1.21215, Rate=2314.03 samples/sec, GlobalRate=155.05 samples/sec, LoopTimeRemaining=0:16:59, TimeRemaining=0:16:59
2026-09-19 12:11:02,234 INFO:   | Train Device=CSX, Step=150, Loss=1.19481, Rate=2604.53 samples/sec, GlobalRate=165.45 samples/sec, LoopTimeRemaining=0:16:46, TimeRemaining=0:16:46
2026-09-19 12:11:16,684 INFO:   | Train Device=CSX, Step=160, Loss=1.22859, Rate=2852.78 samples/sec, GlobalRate=175.80 samples/sec, LoopTimeRemaining=0:16:29, TimeRemaining=0:16:29
2026-09-19 12:11:35,357 INFO:   | Train Device=CSX, Step=170, Loss=1.21365, Rate=2781.73 samples/sec, GlobalRate=185.85 samples/sec, LoopTimeRemaining=0:16:18, TimeRemaining=0:16:18
2026-09-19 12:11:49,759 INFO:   | Train Device=CSX, Step=180, Loss=1.19637, Rate=2929.58 samples/sec, GlobalRate=196.03 samples/sec, LoopTimeRemaining=0:16:01, TimeRemaining=0:16:01
2026-09-19 12:12:07,784 INFO:   | Train Device=CSX, Step=190, Loss=1.15576, Rate=2724.09 samples/sec, GlobalRate=205.93 samples/sec, LoopTimeRemaining=0:15:48, TimeRemaining=0:15:48
2026-09-19 12:12:22,779 INFO:   | Train Device=CSX, Step=200, Loss=1.15277, Rate=2746.78 samples/sec, GlobalRate=215.92 samples/sec, LoopTimeRemaining=0:15:33, TimeRemaining=0:15:33
2026-09-19 12:12:40,665 INFO:   | Train Device=CSX, Step=210, Loss=1.15665, Rate=2556.79 samples/sec, GlobalRate=225.65 samples/sec, LoopTimeRemaining=0:15:20, TimeRemaining=0:15:20
2026-09-19 12:12:55,383 INFO:   | Train Device=CSX, Step=220, Loss=1.08126, Rate=2797.59 samples/sec, GlobalRate=235.48 samples/sec, LoopTimeRemaining=0:15:05, TimeRemaining=0:15:05
2026-09-19 12:13:09,650 INFO:   | Train Device=CSX, Step=230, Loss=1.00632, Rate=2902.66 samples/sec, GlobalRate=245.27 samples/sec, LoopTimeRemaining=0:14:49, TimeRemaining=0:14:49
2026-09-19 12:13:28,089 INFO:   | Train Device=CSX, Step=240, Loss=1.10525, Rate=2775.67 samples/sec, GlobalRate=254.71 samples/sec, LoopTimeRemaining=0:14:38, TimeRemaining=0:14:38
2026-09-19 12:13:42,885 INFO:   | Train Device=CSX, Step=250, Loss=1.07935, Rate=2837.21 samples/sec, GlobalRate=264.31 samples/sec, LoopTimeRemaining=0:14:21, TimeRemaining=0:14:21
2026-09-19 12:14:01,127 INFO:   | Train Device=CSX, Step=260, Loss=1.11603, Rate=2810.68 samples/sec, GlobalRate=273.60 samples/sec, LoopTimeRemaining=0:14:09, TimeRemaining=0:14:09
2026-09-19 12:14:15,900 INFO:   | Train Device=CSX, Step=270, Loss=1.05143, Rate=2873.21 samples/sec, GlobalRate=283.05 samples/sec, LoopTimeRemaining=0:13:52, TimeRemaining=0:13:52
2026-09-19 12:14:33,904 INFO:   | Train Device=CSX, Step=280, Loss=1.06777, Rate=2691.83 samples/sec, GlobalRate=292.18 samples/sec, LoopTimeRemaining=0:13:39, TimeRemaining=0:13:39
2026-09-19 12:14:48,602 INFO:   | Train Device=CSX, Step=290, Loss=1.04976, Rate=2800.77 samples/sec, GlobalRate=301.49 samples/sec, LoopTimeRemaining=0:13:23, TimeRemaining=0:13:23
2026-09-19 12:15:06,638 INFO:   | Train Device=CSX, Step=300, Loss=1.11336, Rate=1655.44 samples/sec, GlobalRate=310.47 samples/sec, LoopTimeRemaining=0:13:06, TimeRemaining=0:13:06
2026-09-19 12:15:21,505 INFO:   | Train Device=CSX, Step=310, Loss=1.03480, Rate=2810.36 samples/sec, GlobalRate=319.61 samples/sec, LoopTimeRemaining=0:12:55, TimeRemaining=0:12:55
2026-09-19 12:15:35,857 INFO:   | Train Device=CSX, Step=320, Loss=1.06706, Rate=2929.23 samples/sec, GlobalRate=328.74 samples/sec, LoopTimeRemaining=0:12:35, TimeRemaining=0:12:35
2026-09-19 12:15:54,095 INFO:   | Train Device=CSX, Step=330, Loss=1.06537, Rate=2778.13 samples/sec, GlobalRate=337.47 samples/sec, LoopTimeRemaining=0:12:26, TimeRemaining=0:12:26
2026-09-19 12:16:08,600 INFO:   | Train Device=CSX, Step=340, Loss=1.01093, Rate=2896.91 samples/sec, GlobalRate=346.44 samples/sec, LoopTimeRemaining=0:12:06, TimeRemaining=0:12:06
2026-09-19 12:16:26,815 INFO:   | Train Device=CSX, Step=350, Loss=1.03005, Rate=2711.98 samples/sec, GlobalRate=355.02 samples/sec, LoopTimeRemaining=0:11:52, TimeRemaining=0:11:52
2026-09-19 12:16:41,650 INFO:   | Train Device=CSX, Step=360, Loss=0.98120, Rate=2768.64 samples/sec, GlobalRate=363.83 samples/sec, LoopTimeRemaining=0:11:39, TimeRemaining=0:11:39
2026-09-19 12:16:59,294 INFO:   | Train Device=CSX, Step=370, Loss=1.03609, Rate=2357.43 samples/sec, GlobalRate=372.31 samples/sec, LoopTimeRemaining=0:11:24, TimeRemaining=0:11:24
2026-09-19 12:17:14,018 INFO:   | Train Device=CSX, Step=380, Loss=1.03946, Rate=2785.25 samples/sec, GlobalRate=380.99 samples/sec, LoopTimeRemaining=0:11:11, TimeRemaining=0:11:11
2026-09-19 12:17:28,204 INFO:   | Train Device=CSX, Step=390, Loss=1.06085, Rate=2928.49 samples/sec, GlobalRate=389.67 samples/sec, LoopTimeRemaining=0:10:54, TimeRemaining=0:10:54
2026-09-19 12:17:46,902 INFO:   | Train Device=CSX, Step=400, Loss=1.02728, Rate=2766.03 samples/sec, GlobalRate=397.84 samples/sec, LoopTimeRemaining=0:10:41, TimeRemaining=0:10:41
2026-09-19 12:18:01,693 INFO:   | Train Device=CSX, Step=410, Loss=1.02660, Rate=2885.02 samples/sec, GlobalRate=406.33 samples/sec, LoopTimeRemaining=0:10:25, TimeRemaining=0:10:25
2026-09-19 12:18:19,875 INFO:   | Train Device=CSX, Step=420, Loss=1.02270, Rate=2750.13 samples/sec, GlobalRate=414.42 samples/sec, LoopTimeRemaining=0:10:12, TimeRemaining=0:10:12
2026-09-19 12:18:34,663 INFO:   | Train Device=CSX, Step=430, Loss=1.02826, Rate=2807.22 samples/sec, GlobalRate=422.78 samples/sec, LoopTimeRemaining=0:09:56, TimeRemaining=0:09:56
2026-09-19 12:18:52,547 INFO:   | Train Device=CSX, Step=440, Loss=1.04814, Rate=2519.80 samples/sec, GlobalRate=430.76 samples/sec, LoopTimeRemaining=0:09:42, TimeRemaining=0:09:42
2026-09-19 12:19:07,183 INFO:   | Train Device=CSX, Step=450, Loss=0.97238, Rate=2824.01 samples/sec, GlobalRate=439.02 samples/sec, LoopTimeRemaining=0:09:28, TimeRemaining=0:09:28
2026-09-19 12:19:21,285 INFO:   | Train Device=CSX, Step=460, Loss=0.77974, Rate=2945.66 samples/sec, GlobalRate=447.27 samples/sec, LoopTimeRemaining=0:09:11, TimeRemaining=0:09:11
2026-09-19 12:19:39,636 INFO:   | Train Device=CSX, Step=470, Loss=0.99191, Rate=2731.77 samples/sec, GlobalRate=455.01 samples/sec, LoopTimeRemaining=0:08:58, TimeRemaining=0:08:58
2026-09-19 12:19:54,276 INFO:   | Train Device=CSX, Step=480, Loss=0.98120, Rate=2892.44 samples/sec, GlobalRate=463.09 samples/sec, LoopTimeRemaining=0:08:42, TimeRemaining=0:08:42
2026-09-19 12:20:12,448 INFO:   | Train Device=CSX, Step=490, Loss=0.99699, Rate=2781.49 samples/sec, GlobalRate=470.73 samples/sec, LoopTimeRemaining=0:08:29, TimeRemaining=0:08:29
2026-09-19 12:20:26,966 INFO:   | Train Device=CSX, Step=500, Loss=0.97461, Rate=2858.16 samples/sec, GlobalRate=478.70 samples/sec, LoopTimeRemaining=0:08:14, TimeRemaining=0:08:14
2026-09-19 12:20:44,929 INFO:   | Train Device=CSX, Step=510, Loss=0.98161, Rate=2704.15 samples/sec, GlobalRate=486.23 samples/sec, LoopTimeRemaining=0:07:59, TimeRemaining=0:07:59
2026-09-19 12:20:59,566 INFO:   | Train Device=CSX, Step=520, Loss=0.92397, Rate=2799.64 samples/sec, GlobalRate=494.08 samples/sec, LoopTimeRemaining=0:07:45, TimeRemaining=0:07:45
2026-09-19 12:21:17,265 INFO:   | Train Device=CSX, Step=530, Loss=1.01153, Rate=1669.13 samples/sec, GlobalRate=501.53 samples/sec, LoopTimeRemaining=0:07:29, TimeRemaining=0:07:29
2026-09-19 12:21:32,111 INFO:   | Train Device=CSX, Step=540, Loss=0.95143, Rate=2795.17 samples/sec, GlobalRate=509.24 samples/sec, LoopTimeRemaining=0:07:16, TimeRemaining=0:07:16
2026-09-19 12:21:46,406 INFO:   | Train Device=CSX, Step=550, Loss=0.96872, Rate=2918.63 samples/sec, GlobalRate=516.97 samples/sec, LoopTimeRemaining=0:07:00, TimeRemaining=0:07:00
2026-09-19 12:22:04,632 INFO:   | Train Device=CSX, Step=560, Loss=1.00017, Rate=2794.24 samples/sec, GlobalRate=524.18 samples/sec, LoopTimeRemaining=0:06:47, TimeRemaining=0:06:47
2026-09-19 12:22:19,611 INFO:   | Train Device=CSX, Step=570, Loss=0.94070, Rate=2904.58 samples/sec, GlobalRate=531.72 samples/sec, LoopTimeRemaining=0:06:33, TimeRemaining=0:06:33
2026-09-19 12:22:37,538 INFO:   | Train Device=CSX, Step=580, Loss=0.98249, Rate=2671.66 samples/sec, GlobalRate=538.85 samples/sec, LoopTimeRemaining=0:06:18, TimeRemaining=0:06:18
2026-09-19 12:22:52,237 INFO:   | Train Device=CSX, Step=590, Loss=0.90186, Rate=2805.80 samples/sec, GlobalRate=546.32 samples/sec, LoopTimeRemaining=0:06:04, TimeRemaining=0:06:04
2026-09-19 12:23:09,897 INFO:   | Train Device=CSX, Step=600, Loss=0.95764, Rate=2324.86 samples/sec, GlobalRate=553.37 samples/sec, LoopTimeRemaining=0:05:49, TimeRemaining=0:05:49
2026-09-19 12:23:24,582 INFO:   | Train Device=CSX, Step=610, Loss=0.94290, Rate=2826.29 samples/sec, GlobalRate=560.73 samples/sec, LoopTimeRemaining=0:05:35, TimeRemaining=0:05:35
2026-09-19 12:23:38,884 INFO:   | Train Device=CSX, Step=620, Loss=0.99490, Rate=2927.03 samples/sec, GlobalRate=568.10 samples/sec, LoopTimeRemaining=0:05:20, TimeRemaining=0:05:20
2026-09-19 12:23:57,336 INFO:   | Train Device=CSX, Step=630, Loss=0.97034, Rate=2732.26 samples/sec, GlobalRate=574.89 samples/sec, LoopTimeRemaining=0:05:07, TimeRemaining=0:05:07
2026-09-19 12:24:11,749 INFO:   | Train Device=CSX, Step=640, Loss=0.95614, Rate=2934.91 samples/sec, GlobalRate=582.15 samples/sec, LoopTimeRemaining=0:04:52, TimeRemaining=0:04:52
2026-09-19 12:24:29,668 INFO:   | Train Device=CSX, Step=650, Loss=0.93768, Rate=2741.83 samples/sec, GlobalRate=588.90 samples/sec, LoopTimeRemaining=0:04:38, TimeRemaining=0:04:38
2026-09-19 12:24:44,369 INFO:   | Train Device=CSX, Step=660, Loss=0.95058, Rate=2809.97 samples/sec, GlobalRate=596.02 samples/sec, LoopTimeRemaining=0:04:23, TimeRemaining=0:04:23
2026-09-19 12:25:03,307 INFO:   | Train Device=CSX, Step=670, Loss=0.95948, Rate=2563.34 samples/sec, GlobalRate=602.54 samples/sec, LoopTimeRemaining=0:04:08, TimeRemaining=0:04:08
2026-09-19 12:25:17,947 INFO:   | Train Device=CSX, Step=680, Loss=0.88807, Rate=2804.45 samples/sec, GlobalRate=609.57 samples/sec, LoopTimeRemaining=0:03:54, TimeRemaining=0:03:54
2026-09-19 12:25:32,061 INFO:   | Train Device=CSX, Step=690, Loss=0.68681, Rate=2964.24 samples/sec, GlobalRate=616.63 samples/sec, LoopTimeRemaining=0:03:38, TimeRemaining=0:03:38
2026-09-19 12:25:50,354 INFO:   | Train Device=CSX, Step=700, Loss=0.93097, Rate=2800.93 samples/sec, GlobalRate=623.08 samples/sec, LoopTimeRemaining=0:03:24, TimeRemaining=0:03:24
2026-09-19 12:26:04,816 INFO:   | Train Device=CSX, Step=710, Loss=0.91344, Rate=2920.85 samples/sec, GlobalRate=630.00 samples/sec, LoopTimeRemaining=0:03:09, TimeRemaining=0:03:09
2026-09-19 12:26:23,239 INFO:   | Train Device=CSX, Step=720, Loss=0.94257, Rate=2786.44 samples/sec, GlobalRate=636.34 samples/sec, LoopTimeRemaining=0:02:55, TimeRemaining=0:02:55
2026-09-19 12:26:37,847 INFO:   | Train Device=CSX, Step=730, Loss=0.91116, Rate=2883.46 samples/sec, GlobalRate=643.15 samples/sec, LoopTimeRemaining=0:02:40, TimeRemaining=0:02:40
2026-09-19 12:26:56,140 INFO:   | Train Device=CSX, Step=740, Loss=0.93705, Rate=2703.50 samples/sec, GlobalRate=649.40 samples/sec, LoopTimeRemaining=0:02:26, TimeRemaining=0:02:26
2026-09-19 12:27:10,865 INFO:   | Train Device=CSX, Step=750, Loss=0.89236, Rate=2804.90 samples/sec, GlobalRate=656.11 samples/sec, LoopTimeRemaining=0:02:11, TimeRemaining=0:02:11
2026-09-19 12:27:28,853 INFO:   | Train Device=CSX, Step=760, Loss=0.96306, Rate=1654.75 samples/sec, GlobalRate=662.31 samples/sec, LoopTimeRemaining=0:01:57, TimeRemaining=0:01:57
2026-09-19 12:27:43,760 INFO:   | Train Device=CSX, Step=770, Loss=0.90016, Rate=2804.41 samples/sec, GlobalRate=668.91 samples/sec, LoopTimeRemaining=0:01:42, TimeRemaining=0:01:42
2026-09-19 12:27:58,118 INFO:   | Train Device=CSX, Step=780, Loss=0.91318, Rate=2896.85 samples/sec, GlobalRate=675.54 samples/sec, LoopTimeRemaining=0:01:27, TimeRemaining=0:01:27
2026-09-19 12:28:16,399 INFO:   | Train Device=CSX, Step=790, Loss=0.93130, Rate=2779.87 samples/sec, GlobalRate=681.56 samples/sec, LoopTimeRemaining=0:01:13, TimeRemaining=0:01:13
2026-09-19 12:28:30,958 INFO:   | Train Device=CSX, Step=800, Loss=0.88091, Rate=2907.29 samples/sec, GlobalRate=688.08 samples/sec, LoopTimeRemaining=0:00:58, TimeRemaining=0:00:58
2026-09-19 12:28:49,154 INFO:   | Train Device=CSX, Step=810, Loss=0.92611, Rate=2649.19 samples/sec, GlobalRate=694.03 samples/sec, LoopTimeRemaining=0:00:44, TimeRemaining=0:00:44
2026-09-19 12:29:03,800 INFO:   | Train Device=CSX, Step=820, Loss=0.84324, Rate=2797.45 samples/sec, GlobalRate=700.45 samples/sec, LoopTimeRemaining=0:00:29, TimeRemaining=0:00:29
2026-09-19 12:29:21,903 INFO:   | Train Device=CSX, Step=830, Loss=0.90548, Rate=2295.83 samples/sec, GlobalRate=706.33 samples/sec, LoopTimeRemaining=0:00:15, TimeRemaining=0:00:15
2026-09-19 12:29:36,863 INFO:   | Train Device=CSX, Step=840, Loss=0.89113, Rate=2559.32 samples/sec, GlobalRate=712.62 samples/sec, LoopTimeRemaining=0:00:00, TimeRemaining=0:00:00
2026-09-19 12:29:36,968 INFO:   Training completed successfully!
2026-09-19 12:29:36,974 INFO:   Processed 3440640 training sample(s) in 4830.965614356 seconds.
