$REPO_ROOT/.venv/lib/python3.11/site-packages/outdated/__init__.py:36: UserWarning: pkg_resources is deprecated as an API. See https://setuptools.pypa.io/en/latest/pkg_resources.html. The pkg_resources package is slated for removal as early as 2025-11-30. Refrain from using this package or pin to Setuptools<81.
  from pkg_resources import parse_version
[ddp] Single-process mode: device=cuda
[Info] Running in Single-Process mode (CPU or Single GPU).
[Info] Device: cuda
[GraphCache] Caching disabled (0 nodes).
[Step=0010] Wall=10.0304s | Loss=10.4983
[Profile] Avg ms/step | Load: 253.917 (Prep: 174.524, Struc: 1.358, Fetch: 78.035) | Fwd: 637.314 | Bwd: 105.315 | Opt: 4.114 | GPU_Tot: 826.136
[Autotune] {"version": 1, "step": 10, "wall_seconds": 10.030423596996116, "seed_nodes": 40960, "loss": 10.498255157470703, "all_losses_finite": true}
[Step=0020] Wall=12.0126s | Loss=2.8393
[Profile] Avg ms/step | Load: 165.197 (Prep: 87.286, Struc: 1.318, Fetch: 76.593) | Fwd: 345.856 | Bwd: 85.930 | Opt: 2.367 | GPU_Tot: 512.063
[Autotune] {"version": 1, "step": 20, "wall_seconds": 12.012587747987709, "seed_nodes": 81920, "loss": 2.839291000366211, "all_losses_finite": true}
[Step=0030] Wall=13.9909s | Loss=2.3710
[Profile] Avg ms/step | Load: 135.613 (Prep: 58.210, Struc: 1.305, Fetch: 76.099) | Fwd: 248.651 | Bwd: 79.405 | Opt: 1.785 | GPU_Tot: 407.244
[Autotune] {"version": 1, "step": 30, "wall_seconds": 13.990906085993629, "seed_nodes": 122880, "loss": 2.371045684814453, "all_losses_finite": true}
[Step=0040] Wall=15.9709s | Loss=2.0321
[Profile] Avg ms/step | Load: 0.000 (Prep: 0.000, Struc: 0.000, Fetch: 0.000) | Fwd: 0.000 | Bwd: 0.000 | Opt: 0.000 | GPU_Tot: 0.000
[Autotune] {"version": 1, "step": 40, "wall_seconds": 15.970868581993273, "seed_nodes": 163840, "loss": 2.0321277618408202, "all_losses_finite": true}
[Step=0050] Wall=18.4989s | Loss=1.6443
[Profile] Avg ms/step | Load: 139.224 (Prep: 64.112, Struc: 1.173, Fetch: 73.939) | Fwd: 51.306 | Bwd: 61.439 | Opt: 0.649 | GPU_Tot: 188.506
[Autotune] {"version": 1, "step": 50, "wall_seconds": 18.498925451000105, "seed_nodes": 200711, "loss": 1.644346046447754, "all_losses_finite": true}
[Step=0060] Wall=20.6186s | Loss=1.4866
[Profile] Avg ms/step | Load: 115.124 (Prep: 32.908, Struc: 1.227, Fetch: 80.989) | Fwd: 52.811 | Bwd: 63.636 | Opt: 0.635 | GPU_Tot: 199.298
[Autotune] {"version": 1, "step": 60, "wall_seconds": 20.618590467987815, "seed_nodes": 241671, "loss": 1.4865869522094726, "all_losses_finite": true}
[Step=0070] Wall=22.6353s | Loss=1.1917
[Profile] Avg ms/step | Load: 103.599 (Prep: 21.954, Struc: 1.244, Fetch: 80.401) | Fwd: 53.292 | Bwd: 64.447 | Opt: 0.631 | GPU_Tot: 200.015
[Autotune] {"version": 1, "step": 70, "wall_seconds": 22.63533055500011, "seed_nodes": 282631, "loss": 1.1917373657226562, "all_losses_finite": true}
[Step=0080] Wall=24.6537s | Loss=0.9940
[Profile] Avg ms/step | Load: 97.886 (Prep: 16.480, Struc: 1.253, Fetch: 80.153) | Fwd: 53.551 | Bwd: 64.829 | Opt: 0.629 | GPU_Tot: 200.414
[Autotune] {"version": 1, "step": 80, "wall_seconds": 24.653712938990793, "seed_nodes": 323591, "loss": 0.99398193359375, "all_losses_finite": true}
[Step=0090] Wall=26.6619s | Loss=0.8720
[Profile] Avg ms/step | Load: 94.426 (Prep: 13.194, Struc: 1.258, Fetch: 79.974) | Fwd: 53.661 | Bwd: 64.928 | Opt: 0.628 | GPU_Tot: 200.449
[Autotune] {"version": 1, "step": 90, "wall_seconds": 26.66186136000033, "seed_nodes": 364551, "loss": 0.8719890594482422, "all_losses_finite": true}
[Step=0100] Wall=29.4953s | Loss=0.8309
[Profile] Avg ms/step | Load: 107.730 (Prep: 26.769, Struc: 1.243, Fetch: 79.717) | Fwd: 52.870 | Bwd: 64.003 | Opt: 0.628 | GPU_Tot: 198.461
[Autotune] {"version": 1, "step": 100, "wall_seconds": 29.49530626599153, "seed_nodes": 401422, "loss": 0.8309426307678223, "all_losses_finite": true}
[Step=0110] Wall=31.5387s | Loss=0.7906
[Profile] Avg ms/step | Load: 104.242 (Prep: 22.952, Struc: 1.248, Fetch: 80.042) | Fwd: 53.064 | Bwd: 64.287 | Opt: 0.628 | GPU_Tot: 199.269
[Autotune] {"version": 1, "step": 110, "wall_seconds": 31.538699544995325, "seed_nodes": 442382, "loss": 0.7906260013580322, "all_losses_finite": true}
[Step=0120] Wall=33.5591s | Loss=0.7325
[Profile] Avg ms/step | Load: 101.423 (Prep: 20.089, Struc: 1.251, Fetch: 80.083) | Fwd: 53.184 | Bwd: 64.442 | Opt: 0.627 | GPU_Tot: 199.587
[Autotune] {"version": 1, "step": 120, "wall_seconds": 33.55908560099488, "seed_nodes": 483342, "loss": 0.7325410842895508, "all_losses_finite": true}
[Step=0130] Wall=35.5957s | Loss=0.6810
[Profile] Avg ms/step | Load: 99.289 (Prep: 17.864, Struc: 1.254, Fetch: 80.171) | Fwd: 53.316 | Bwd: 64.645 | Opt: 0.627 | GPU_Tot: 200.014
[Autotune] {"version": 1, "step": 130, "wall_seconds": 35.595727522988454, "seed_nodes": 524302, "loss": 0.6809555053710937, "all_losses_finite": true}
[Step=0140] Wall=37.6346s | Loss=0.6587
[Profile] Avg ms/step | Load: 97.597 (Prep: 16.083, Struc: 1.257, Fetch: 80.257) | Fwd: 53.427 | Bwd: 64.810 | Opt: 0.627 | GPU_Tot: 200.378
[Autotune] {"version": 1, "step": 140, "wall_seconds": 37.63457532199391, "seed_nodes": 565262, "loss": 0.6587198734283447, "all_losses_finite": true}
[Step=0150] Wall=40.3592s | Loss=0.7787
[Profile] Avg ms/step | Load: 103.562 (Prep: 21.890, Struc: 1.249, Fetch: 80.423) | Fwd: 53.019 | Bwd: 64.326 | Opt: 0.628 | GPU_Tot: 199.645
[Autotune] {"version": 1, "step": 150, "wall_seconds": 40.3591895839927, "seed_nodes": 602133, "loss": 0.7787084102630615, "all_losses_finite": true}
[Step=0160] Wall=42.3813s | Loss=0.7307
[Profile] Avg ms/step | Load: 101.719 (Prep: 20.070, Struc: 1.251, Fetch: 80.398) | Fwd: 53.126 | Bwd: 64.438 | Opt: 0.628 | GPU_Tot: 199.840
[Autotune] {"version": 1, "step": 160, "wall_seconds": 42.38129599898821, "seed_nodes": 643093, "loss": 0.730694580078125, "all_losses_finite": true}
[Step=0170] Wall=44.3952s | Loss=0.6717
[Profile] Avg ms/step | Load: 100.059 (Prep: 18.530, Struc: 1.253, Fetch: 80.276) | Fwd: 53.212 | Bwd: 64.575 | Opt: 0.626 | GPU_Tot: 199.943
[Autotune] {"version": 1, "step": 170, "wall_seconds": 44.39516977999301, "seed_nodes": 684053, "loss": 0.6716933250427246, "all_losses_finite": true}
[Step=0180] Wall=46.4018s | Loss=0.6305
[Profile] Avg ms/step | Load: 98.652 (Prep: 17.211, Struc: 1.255, Fetch: 80.186) | Fwd: 53.278 | Bwd: 64.633 | Opt: 0.626 | GPU_Tot: 199.977
[Autotune] {"version": 1, "step": 180, "wall_seconds": 46.401752500998555, "seed_nodes": 725013, "loss": 0.6304849147796631, "all_losses_finite": true}
[Step=0190] Wall=48.4174s | Loss=0.6130
[Profile] Avg ms/step | Load: 97.429 (Prep: 16.067, Struc: 1.256, Fetch: 80.106) | Fwd: 53.350 | Bwd: 64.731 | Opt: 0.625 | GPU_Tot: 200.068
[Autotune] {"version": 1, "step": 190, "wall_seconds": 48.417379038990475, "seed_nodes": 765973, "loss": 0.6130224227905273, "all_losses_finite": true}
[Step=0200] Wall=51.2144s | Loss=0.8453
[Profile] Avg ms/step | Load: 101.999 (Prep: 20.651, Struc: 1.251, Fetch: 80.098) | Fwd: 53.075 | Bwd: 64.397 | Opt: 0.625 | GPU_Tot: 199.447
[Autotune] {"version": 1, "step": 200, "wall_seconds": 51.214445981997414, "seed_nodes": 802844, "loss": 0.8453213691711425, "all_losses_finite": true}
[Step=0210] Wall=53.2472s | Loss=0.7861
[Profile] Avg ms/step | Load: 100.818 (Prep: 19.439, Struc: 1.253, Fetch: 80.126) | Fwd: 53.149 | Bwd: 64.506 | Opt: 0.625 | GPU_Tot: 199.658
[Autotune] {"version": 1, "step": 210, "wall_seconds": 53.24719152000034, "seed_nodes": 843804, "loss": 0.7860616207122803, "all_losses_finite": true}
[Step=0220] Wall=55.2791s | Loss=0.6868
[Profile] Avg ms/step | Load: 99.770 (Prep: 18.361, Struc: 1.254, Fetch: 80.154) | Fwd: 53.214 | Bwd: 64.595 | Opt: 0.625 | GPU_Tot: 199.843
[Autotune] {"version": 1, "step": 220, "wall_seconds": 55.279100100000505, "seed_nodes": 884764, "loss": 0.686762523651123, "all_losses_finite": true}
[Step=0230] Wall=57.3144s | Loss=0.6288
[Profile] Avg ms/step | Load: 98.829 (Prep: 17.399, Struc: 1.256, Fetch: 80.175) | Fwd: 53.277 | Bwd: 64.692 | Opt: 0.625 | GPU_Tot: 200.024
[Autotune] {"version": 1, "step": 230, "wall_seconds": 57.31441298399295, "seed_nodes": 925724, "loss": 0.6288444519042968, "all_losses_finite": true}
[Step=0240] Wall=59.3431s | Loss=0.6021
[Profile] Avg ms/step | Load: 97.988 (Prep: 16.531, Struc: 1.256, Fetch: 80.200) | Fwd: 53.322 | Bwd: 64.752 | Opt: 0.625 | GPU_Tot: 200.155
[Autotune] {"version": 1, "step": 240, "wall_seconds": 59.34306128899334, "seed_nodes": 966684, "loss": 0.6020849704742431, "all_losses_finite": true}
[Step=0250] Wall=62.1403s | Loss=0.6001
[Profile] Avg ms/step | Load: 101.434 (Prep: 20.019, Struc: 1.252, Fetch: 80.163) | Fwd: 53.115 | Bwd: 64.503 | Opt: 0.627 | GPU_Tot: 199.660
[Autotune] {"version": 1, "step": 250, "wall_seconds": 62.140266909991624, "seed_nodes": 1003555, "loss": 0.600090742111206, "all_losses_finite": true}
[Step=0260] Wall=64.1710s | Loss=0.6172
[Profile] Avg ms/step | Load: 100.535 (Prep: 19.111, Struc: 1.254, Fetch: 80.170) | Fwd: 53.172 | Bwd: 64.582 | Opt: 0.627 | GPU_Tot: 199.805
[Autotune] {"version": 1, "step": 260, "wall_seconds": 64.17097589498735, "seed_nodes": 1044515, "loss": 0.6171969413757324, "all_losses_finite": true}
[Step=0270] Wall=66.1976s | Loss=0.5989
[Profile] Avg ms/step | Load: 99.722 (Prep: 18.283, Struc: 1.255, Fetch: 80.185) | Fwd: 53.216 | Bwd: 64.636 | Opt: 0.627 | GPU_Tot: 199.919
[Autotune] {"version": 1, "step": 270, "wall_seconds": 66.19758952398843, "seed_nodes": 1085475, "loss": 0.5989302158355713, "all_losses_finite": true}
[Step=0280] Wall=68.2247s | Loss=0.5675
[Profile] Avg ms/step | Load: 98.964 (Prep: 17.523, Struc: 1.256, Fetch: 80.186) | Fwd: 53.260 | Bwd: 64.697 | Opt: 0.627 | GPU_Tot: 200.026
[Autotune] {"version": 1, "step": 280, "wall_seconds": 68.22467147899442, "seed_nodes": 1126435, "loss": 0.5674946784973145, "all_losses_finite": true}
[Step=0290] Wall=70.2577s | Loss=0.5496
[Profile] Avg ms/step | Load: 98.284 (Prep: 16.824, Struc: 1.256, Fetch: 80.203) | Fwd: 53.305 | Bwd: 64.757 | Opt: 0.627 | GPU_Tot: 200.148
[Autotune] {"version": 1, "step": 290, "wall_seconds": 70.25771554799576, "seed_nodes": 1167395, "loss": 0.5495720863342285, "all_losses_finite": true}
[Step=0300] Wall=73.0357s | Loss=0.6000
[Profile] Avg ms/step | Load: 100.967 (Prep: 19.520, Struc: 1.253, Fetch: 80.194) | Fwd: 53.142 | Bwd: 64.569 | Opt: 0.627 | GPU_Tot: 199.784
[Autotune] {"version": 1, "step": 300, "wall_seconds": 73.03567016299348, "seed_nodes": 1204266, "loss": 0.5999804496765136, "all_losses_finite": true}
[Step=0310] Wall=75.0612s | Loss=0.6087
[Profile] Avg ms/step | Load: 100.249 (Prep: 18.799, Struc: 1.254, Fetch: 80.196) | Fwd: 53.185 | Bwd: 64.618 | Opt: 0.626 | GPU_Tot: 199.879
[Autotune] {"version": 1, "step": 310, "wall_seconds": 75.06123909499729, "seed_nodes": 1245226, "loss": 0.6086588382720948, "all_losses_finite": true}
[Step=0320] Wall=77.0954s | Loss=0.5604
[Profile] Avg ms/step | Load: 99.596 (Prep: 18.130, Struc: 1.255, Fetch: 80.212) | Fwd: 53.227 | Bwd: 64.677 | Opt: 0.626 | GPU_Tot: 199.997
[Autotune] {"version": 1, "step": 320, "wall_seconds": 77.09536021799431, "seed_nodes": 1286186, "loss": 0.5604087829589843, "all_losses_finite": true}
[Step=0330] Wall=79.1148s | Loss=0.5374
[Profile] Avg ms/step | Load: 98.940 (Prep: 17.506, Struc: 1.256, Fetch: 80.178) | Fwd: 53.267 | Bwd: 64.730 | Opt: 0.626 | GPU_Tot: 200.056
[Autotune] {"version": 1, "step": 330, "wall_seconds": 79.11481123199337, "seed_nodes": 1327146, "loss": 0.5373771667480469, "all_losses_finite": true}
[Step=0340] Wall=81.1328s | Loss=0.5424
[Profile] Avg ms/step | Load: 98.327 (Prep: 16.924, Struc: 1.256, Fetch: 80.146) | Fwd: 53.305 | Bwd: 64.774 | Opt: 0.626 | GPU_Tot: 200.107
[Autotune] {"version": 1, "step": 340, "wall_seconds": 81.13282083999366, "seed_nodes": 1368106, "loss": 0.5423705577850342, "all_losses_finite": true}
[Step=0350] Wall=83.8984s | Loss=0.5081
[Profile] Avg ms/step | Load: 100.554 (Prep: 19.109, Struc: 1.255, Fetch: 80.190) | Fwd: 53.163 | Bwd: 64.602 | Opt: 0.626 | GPU_Tot: 199.837
[Autotune] {"version": 1, "step": 350, "wall_seconds": 83.89842836098978, "seed_nodes": 1404977, "loss": 0.5081400871276855, "all_losses_finite": true}
[Step=0360] Wall=85.9186s | Loss=0.5412
[Profile] Avg ms/step | Load: 99.937 (Prep: 18.514, Struc: 1.256, Fetch: 80.168) | Fwd: 53.199 | Bwd: 64.649 | Opt: 0.626 | GPU_Tot: 199.898
[Autotune] {"version": 1, "step": 360, "wall_seconds": 85.9186376639991, "seed_nodes": 1445937, "loss": 0.5411651611328125, "all_losses_finite": true}
[Step=0370] Wall=87.9397s | Loss=0.5415
[Profile] Avg ms/step | Load: 99.360 (Prep: 17.955, Struc: 1.257, Fetch: 80.149) | Fwd: 53.234 | Bwd: 64.692 | Opt: 0.626 | GPU_Tot: 199.958
[Autotune] {"version": 1, "step": 370, "wall_seconds": 87.93966461399395, "seed_nodes": 1486897, "loss": 0.5415403842926025, "all_losses_finite": true}
[Step=0380] Wall=90.0410s | Loss=0.5369
[Profile] Avg ms/step | Load: 98.873 (Prep: 17.428, Struc: 1.262, Fetch: 80.184) | Fwd: 53.389 | Bwd: 64.770 | Opt: 0.646 | GPU_Tot: 200.250
[Autotune] {"version": 1, "step": 380, "wall_seconds": 90.04095755299204, "seed_nodes": 1527857, "loss": 0.5368603229522705, "all_losses_finite": true}
[Step=0390] Wall=92.0768s | Loss=0.5108
[Profile] Avg ms/step | Load: 98.392 (Prep: 16.931, Struc: 1.262, Fetch: 80.199) | Fwd: 53.419 | Bwd: 64.813 | Opt: 0.646 | GPU_Tot: 200.339
[Autotune] {"version": 1, "step": 390, "wall_seconds": 92.07677075600077, "seed_nodes": 1568817, "loss": 0.5107595443725585, "all_losses_finite": true}
[Step=0400] Wall=94.8879s | Loss=0.5183
[Profile] Avg ms/step | Load: 100.415 (Prep: 18.935, Struc: 1.260, Fetch: 80.221) | Fwd: 53.301 | Bwd: 64.677 | Opt: 0.645 | GPU_Tot: 200.104
[Autotune] {"version": 1, "step": 400, "wall_seconds": 94.88788566298899, "seed_nodes": 1605688, "loss": 0.5183134555816651, "all_losses_finite": true}
[Step=0410] Wall=96.9123s | Loss=0.5287
[Profile] Avg ms/step | Load: 99.888 (Prep: 18.425, Struc: 1.260, Fetch: 80.203) | Fwd: 53.332 | Bwd: 64.721 | Opt: 0.645 | GPU_Tot: 200.161
[Autotune] {"version": 1, "step": 410, "wall_seconds": 96.91227556100057, "seed_nodes": 1646648, "loss": 0.5286563396453857, "all_losses_finite": true}
[Step=0420] Wall=98.9352s | Loss=0.5094
[Profile] Avg ms/step | Load: 99.384 (Prep: 17.941, Struc: 1.261, Fetch: 80.182) | Fwd: 53.361 | Bwd: 64.762 | Opt: 0.644 | GPU_Tot: 200.211
[Autotune] {"version": 1, "step": 420, "wall_seconds": 98.93519316099992, "seed_nodes": 1687608, "loss": 0.5094432830810547, "all_losses_finite": true}
[Step=0430] Wall=100.9815s | Loss=0.5165
[Profile] Avg ms/step | Load: 98.975 (Prep: 17.483, Struc: 1.261, Fetch: 80.232) | Fwd: 53.386 | Bwd: 64.796 | Opt: 0.644 | GPU_Tot: 200.318
[Autotune] {"version": 1, "step": 430, "wall_seconds": 100.98150292799983, "seed_nodes": 1728568, "loss": 0.5164772987365722, "all_losses_finite": true}
[Step=0440] Wall=103.0003s | Loss=0.5035
[Profile] Avg ms/step | Load: 98.516 (Prep: 17.047, Struc: 1.261, Fetch: 80.208) | Fwd: 53.407 | Bwd: 64.832 | Opt: 0.643 | GPU_Tot: 200.352
[Autotune] {"version": 1, "step": 440, "wall_seconds": 103.00025415098935, "seed_nodes": 1769528, "loss": 0.5034600734710694, "all_losses_finite": true}
[Step=0450] Wall=105.6350s | Loss=0.6083
[Profile] Avg ms/step | Load: 99.843 (Prep: 18.409, Struc: 1.259, Fetch: 80.175) | Fwd: 53.311 | Bwd: 64.721 | Opt: 0.643 | GPU_Tot: 200.109
[Autotune] {"version": 1, "step": 450, "wall_seconds": 105.63502866199997, "seed_nodes": 1806399, "loss": 0.6082714080810547, "all_losses_finite": true}
[Step=0460] Wall=107.6563s | Loss=0.5673
[Profile] Avg ms/step | Load: 99.385 (Prep: 17.972, Struc: 1.260, Fetch: 80.154) | Fwd: 53.337 | Bwd: 64.759 | Opt: 0.643 | GPU_Tot: 200.152
[Autotune] {"version": 1, "step": 460, "wall_seconds": 107.6563087359973, "seed_nodes": 1847359, "loss": 0.5673397064208985, "all_losses_finite": true}
[Step=0470] Wall=109.6774s | Loss=0.5492
[Profile] Avg ms/step | Load: 98.948 (Prep: 17.555, Struc: 1.260, Fetch: 80.132) | Fwd: 53.363 | Bwd: 64.794 | Opt: 0.642 | GPU_Tot: 200.192
[Autotune] {"version": 1, "step": 470, "wall_seconds": 109.67739223199897, "seed_nodes": 1888319, "loss": 0.5492317199707031, "all_losses_finite": true}
[Step=0480] Wall=111.6961s | Loss=0.5157
[Profile] Avg ms/step | Load: 98.527 (Prep: 17.157, Struc: 1.261, Fetch: 80.109) | Fwd: 53.384 | Bwd: 64.829 | Opt: 0.642 | GPU_Tot: 200.225
[Autotune] {"version": 1, "step": 480, "wall_seconds": 111.69605401299486, "seed_nodes": 1929279, "loss": 0.515700387954712, "all_losses_finite": true}
[Step=0490] Wall=113.5196s | Loss=0.4832
[Profile] Avg ms/step | Load: 97.949 (Prep: 16.777, Struc: 1.259, Fetch: 79.914) | Fwd: 53.289 | Bwd: 64.720 | Opt: 0.642 | GPU_Tot: 199.823
[Autotune] {"version": 1, "step": 490, "wall_seconds": 113.51957392499025, "seed_nodes": 1966150, "loss": 0.48319382667541505, "all_losses_finite": true}
[Step=0500] Wall=116.3972s | Loss=0.5409
[Profile] Avg ms/step | Load: 99.428 (Prep: 18.099, Struc: 1.259, Fetch: 80.070) | Fwd: 53.313 | Bwd: 64.759 | Opt: 0.642 | GPU_Tot: 200.043
[Autotune] {"version": 1, "step": 500, "wall_seconds": 116.3972055589984, "seed_nodes": 2007110, "loss": 0.540947151184082, "all_losses_finite": true}
[Step=0510] Wall=118.4284s | Loss=0.5253
[Profile] Avg ms/step | Load: 99.044 (Prep: 17.715, Struc: 1.260, Fetch: 80.069) | Fwd: 53.338 | Bwd: 64.796 | Opt: 0.642 | GPU_Tot: 200.104
[Autotune] {"version": 1, "step": 510, "wall_seconds": 118.42842962699069, "seed_nodes": 2048070, "loss": 0.5253483295440674, "all_losses_finite": true}
[Step=0520] Wall=120.4595s | Loss=0.5086
[Profile] Avg ms/step | Load: 98.674 (Prep: 17.348, Struc: 1.260, Fetch: 80.066) | Fwd: 53.362 | Bwd: 64.832 | Opt: 0.642 | GPU_Tot: 200.162
[Autotune] {"version": 1, "step": 520, "wall_seconds": 120.45953798599658, "seed_nodes": 2089030, "loss": 0.5086320400238037, "all_losses_finite": true}
[Step=0530] Wall=122.4866s | Loss=0.4899
[Profile] Avg ms/step | Load: 98.315 (Prep: 16.995, Struc: 1.260, Fetch: 80.060) | Fwd: 53.384 | Bwd: 64.863 | Opt: 0.642 | GPU_Tot: 200.209
[Autotune] {"version": 1, "step": 530, "wall_seconds": 122.48664259399811, "seed_nodes": 2129990, "loss": 0.48987979888916017, "all_losses_finite": true}
[Step=0540] Wall=124.9594s | Loss=0.5854
[Profile] Avg ms/step | Load: 99.101 (Prep: 17.861, Struc: 1.259, Fetch: 79.981) | Fwd: 53.297 | Bwd: 64.760 | Opt: 0.643 | GPU_Tot: 199.940
[Autotune] {"version": 1, "step": 540, "wall_seconds": 124.95935022899357, "seed_nodes": 2166861, "loss": 0.5853557586669922, "all_losses_finite": true}
[Step=0550] Wall=127.1872s | Loss=0.6529
[Profile] Avg ms/step | Load: 99.149 (Prep: 17.855, Struc: 1.259, Fetch: 80.034) | Fwd: 53.316 | Bwd: 64.788 | Opt: 0.643 | GPU_Tot: 200.040
[Autotune] {"version": 1, "step": 550, "wall_seconds": 127.18724903700058, "seed_nodes": 2207821, "loss": 0.6528836727142334, "all_losses_finite": true}
[Step=0560] Wall=129.2049s | Loss=0.5883
[Profile] Avg ms/step | Load: 98.787 (Prep: 17.513, Struc: 1.259, Fetch: 80.015) | Fwd: 53.336 | Bwd: 64.816 | Opt: 0.642 | GPU_Tot: 200.069
[Autotune] {"version": 1, "step": 560, "wall_seconds": 129.20491737099655, "seed_nodes": 2248781, "loss": 0.5882554054260254, "all_losses_finite": true}
[Step=0570] Wall=131.2215s | Loss=0.5293
[Profile] Avg ms/step | Load: 98.436 (Prep: 17.184, Struc: 1.260, Fetch: 79.992) | Fwd: 53.356 | Bwd: 64.844 | Opt: 0.642 | GPU_Tot: 200.095
[Autotune] {"version": 1, "step": 570, "wall_seconds": 131.2214898329985, "seed_nodes": 2289741, "loss": 0.5292718410491943, "all_losses_finite": true}
[Step=0580] Wall=133.2428s | Loss=0.5180
[Profile] Avg ms/step | Load: 98.100 (Prep: 16.866, Struc: 1.260, Fetch: 79.974) | Fwd: 53.377 | Bwd: 64.875 | Opt: 0.642 | GPU_Tot: 200.128
[Autotune] {"version": 1, "step": 580, "wall_seconds": 133.24277835999965, "seed_nodes": 2330701, "loss": 0.5180400848388672, "all_losses_finite": true}
[Step=0590] Wall=135.8948s | Loss=0.5060
[Profile] Avg ms/step | Load: 99.136 (Prep: 17.911, Struc: 1.259, Fetch: 79.967) | Fwd: 53.303 | Bwd: 64.787 | Opt: 0.642 | GPU_Tot: 199.957
[Autotune] {"version": 1, "step": 590, "wall_seconds": 135.89481386099942, "seed_nodes": 2367572, "loss": 0.5060051918029785, "all_losses_finite": true}
[Step=0600] Wall=137.9556s | Loss=0.5710
[Profile] Avg ms/step | Load: 98.867 (Prep: 17.592, Struc: 1.259, Fetch: 80.017) | Fwd: 53.324 | Bwd: 64.822 | Opt: 0.641 | GPU_Tot: 200.063
[Autotune] {"version": 1, "step": 600, "wall_seconds": 137.9556343949953, "seed_nodes": 2408532, "loss": 0.5710403919219971, "all_losses_finite": true}
[Step=0610] Wall=139.9812s | Loss=0.5268
[Profile] Avg ms/step | Load: 98.559 (Prep: 17.284, Struc: 1.259, Fetch: 80.016) | Fwd: 53.342 | Bwd: 64.844 | Opt: 0.641 | GPU_Tot: 200.102
[Autotune] {"version": 1, "step": 610, "wall_seconds": 139.9812453279883, "seed_nodes": 2449492, "loss": 0.526790189743042, "all_losses_finite": true}
[Step=0620] Wall=142.0172s | Loss=0.5287
[Profile] Avg ms/step | Load: 98.266 (Prep: 16.987, Struc: 1.259, Fetch: 80.020) | Fwd: 53.362 | Bwd: 64.876 | Opt: 0.641 | GPU_Tot: 200.159
[Autotune] {"version": 1, "step": 620, "wall_seconds": 142.01720849199046, "seed_nodes": 2490452, "loss": 0.5286715507507325, "all_losses_finite": true}
[Step=0630] Wall=144.0558s | Loss=0.4964
[Profile] Avg ms/step | Load: 97.981 (Prep: 16.700, Struc: 1.260, Fetch: 80.021) | Fwd: 53.383 | Bwd: 64.913 | Opt: 0.641 | GPU_Tot: 200.218
[Autotune] {"version": 1, "step": 630, "wall_seconds": 144.05582819099072, "seed_nodes": 2531412, "loss": 0.496445369720459, "all_losses_finite": true}
[Step=0640] Wall=146.8901s | Loss=0.6934
[Profile] Avg ms/step | Load: 99.237 (Prep: 17.975, Struc: 1.258, Fetch: 80.004) | Fwd: 53.313 | Bwd: 64.833 | Opt: 0.640 | GPU_Tot: 200.049
[Autotune] {"version": 1, "step": 640, "wall_seconds": 146.8901461429923, "seed_nodes": 2568283, "loss": 0.6934317588806153, "all_losses_finite": true}
[Step=0650] Wall=148.9231s | Loss=0.6758
[Profile] Avg ms/step | Load: 98.949 (Prep: 17.681, Struc: 1.259, Fetch: 80.010) | Fwd: 53.331 | Bwd: 64.859 | Opt: 0.640 | GPU_Tot: 200.098
[Autotune] {"version": 1, "step": 650, "wall_seconds": 148.92313874699175, "seed_nodes": 2609243, "loss": 0.6757870197296143, "all_losses_finite": true}
[Step=0660] Wall=150.9630s | Loss=0.5846
[Profile] Avg ms/step | Load: 98.673 (Prep: 17.396, Struc: 1.259, Fetch: 80.018) | Fwd: 53.350 | Bwd: 64.890 | Opt: 0.640 | GPU_Tot: 200.157
[Autotune] {"version": 1, "step": 660, "wall_seconds": 150.963023985998, "seed_nodes": 2650203, "loss": 0.5846463203430176, "all_losses_finite": true}
[Step=0670] Wall=152.9957s | Loss=0.5437
[Profile] Avg ms/step | Load: 98.401 (Prep: 17.121, Struc: 1.259, Fetch: 80.021) | Fwd: 53.366 | Bwd: 64.917 | Opt: 0.640 | GPU_Tot: 200.203
[Autotune] {"version": 1, "step": 670, "wall_seconds": 152.9956636989955, "seed_nodes": 2691163, "loss": 0.5437476158142089, "all_losses_finite": true}
[Step=0680] Wall=155.0352s | Loss=0.5190
[Profile] Avg ms/step | Load: 98.144 (Prep: 16.854, Struc: 1.259, Fetch: 80.030) | Fwd: 53.384 | Bwd: 64.945 | Opt: 0.639 | GPU_Tot: 200.258
[Autotune] {"version": 1, "step": 680, "wall_seconds": 155.0352023739979, "seed_nodes": 2732123, "loss": 0.5190088748931885, "all_losses_finite": true}
[Step=0690] Wall=157.8936s | Loss=0.5600
[Profile] Avg ms/step | Load: 99.336 (Prep: 18.124, Struc: 1.258, Fetch: 79.953) | Fwd: 53.320 | Bwd: 64.873 | Opt: 0.639 | GPU_Tot: 200.043
[Autotune] {"version": 1, "step": 690, "wall_seconds": 157.89360496799054, "seed_nodes": 2768994, "loss": 0.5599514484405518, "all_losses_finite": true}
[Step=0700] Wall=159.9443s | Loss=0.5729
[Profile] Avg ms/step | Load: 99.090 (Prep: 17.850, Struc: 1.258, Fetch: 79.982) | Fwd: 53.338 | Bwd: 64.899 | Opt: 0.639 | GPU_Tot: 200.116
[Autotune] {"version": 1, "step": 700, "wall_seconds": 159.94429510599002, "seed_nodes": 2809954, "loss": 0.5729138374328613, "all_losses_finite": true}
[Step=0710] Wall=161.9842s | Loss=0.5454
[Profile] Avg ms/step | Load: 98.845 (Prep: 17.585, Struc: 1.259, Fetch: 80.002) | Fwd: 53.353 | Bwd: 64.918 | Opt: 0.639 | GPU_Tot: 200.170
[Autotune] {"version": 1, "step": 710, "wall_seconds": 161.98416021998855, "seed_nodes": 2850914, "loss": 0.5453612327575683, "all_losses_finite": true}
[Step=0720] Wall=164.0184s | Loss=0.5094
[Profile] Avg ms/step | Load: 98.591 (Prep: 17.327, Struc: 1.259, Fetch: 80.005) | Fwd: 53.370 | Bwd: 64.942 | Opt: 0.639 | GPU_Tot: 200.215
[Autotune] {"version": 1, "step": 720, "wall_seconds": 164.01839539899083, "seed_nodes": 2891874, "loss": 0.5093914985656738, "all_losses_finite": true}
[Step=0730] Wall=166.0549s | Loss=0.4962
[Profile] Avg ms/step | Load: 98.345 (Prep: 17.077, Struc: 1.259, Fetch: 80.009) | Fwd: 53.386 | Bwd: 64.968 | Opt: 0.639 | GPU_Tot: 200.261
[Autotune] {"version": 1, "step": 730, "wall_seconds": 166.05490092099353, "seed_nodes": 2932834, "loss": 0.49620537757873534, "all_losses_finite": true}
[Step=0740] Wall=168.8551s | Loss=0.7177
[Profile] Avg ms/step | Load: 99.362 (Prep: 18.106, Struc: 1.258, Fetch: 79.998) | Fwd: 53.328 | Bwd: 64.902 | Opt: 0.639 | GPU_Tot: 200.124
[Autotune] {"version": 1, "step": 740, "wall_seconds": 168.85511658799078, "seed_nodes": 2969705, "loss": 0.717712688446045, "all_losses_finite": true}
[Step=0750] Wall=170.8823s | Loss=0.6607
[Profile] Avg ms/step | Load: 99.105 (Prep: 17.852, Struc: 1.258, Fetch: 79.995) | Fwd: 53.344 | Bwd: 64.922 | Opt: 0.638 | GPU_Tot: 200.158
[Autotune] {"version": 1, "step": 750, "wall_seconds": 170.88227852799173, "seed_nodes": 3010665, "loss": 0.660748291015625, "all_losses_finite": true}
[Step=0760] Wall=172.9140s | Loss=0.5834
[Profile] Avg ms/step | Load: 98.855 (Prep: 17.605, Struc: 1.258, Fetch: 79.992) | Fwd: 53.359 | Bwd: 64.949 | Opt: 0.638 | GPU_Tot: 200.197
[Autotune] {"version": 1, "step": 760, "wall_seconds": 172.91403804499714, "seed_nodes": 3051625, "loss": 0.583354139328003, "all_losses_finite": true}
[Step=0770] Wall=174.9419s | Loss=0.5707
[Profile] Avg ms/step | Load: 98.612 (Prep: 17.364, Struc: 1.259, Fetch: 79.989) | Fwd: 53.374 | Bwd: 64.969 | Opt: 0.638 | GPU_Tot: 200.229
[Autotune] {"version": 1, "step": 770, "wall_seconds": 174.94187833399337, "seed_nodes": 3092585, "loss": 0.5707406997680664, "all_losses_finite": true}
[Step=0780] Wall=176.9747s | Loss=0.5307
[Profile] Avg ms/step | Load: 98.376 (Prep: 17.130, Struc: 1.259, Fetch: 79.987) | Fwd: 53.390 | Bwd: 64.993 | Opt: 0.638 | GPU_Tot: 200.267
[Autotune] {"version": 1, "step": 780, "wall_seconds": 176.97467266199237, "seed_nodes": 3133545, "loss": 0.5307331562042237, "all_losses_finite": true}
[Step=0790] Wall=179.7951s | Loss=0.5280
[Profile] Avg ms/step | Load: 99.355 (Prep: 18.116, Struc: 1.258, Fetch: 79.981) | Fwd: 53.335 | Bwd: 64.930 | Opt: 0.638 | GPU_Tot: 200.141
[Autotune] {"version": 1, "step": 790, "wall_seconds": 179.7951061819913, "seed_nodes": 3170416, "loss": 0.5280044555664063, "all_losses_finite": true}
[Step=0800] Wall=181.8378s | Loss=0.5360
[Profile] Avg ms/step | Load: 99.134 (Prep: 17.878, Struc: 1.258, Fetch: 79.998) | Fwd: 53.350 | Bwd: 64.950 | Opt: 0.637 | GPU_Tot: 200.193
[Autotune] {"version": 1, "step": 800, "wall_seconds": 181.83775528799742, "seed_nodes": 3211376, "loss": 0.5359902381896973, "all_losses_finite": true}
[Step=0810] Wall=183.8740s | Loss=0.5276
[Profile] Avg ms/step | Load: 98.908 (Prep: 17.646, Struc: 1.258, Fetch: 80.003) | Fwd: 53.365 | Bwd: 64.971 | Opt: 0.637 | GPU_Tot: 200.234
[Autotune] {"version": 1, "step": 810, "wall_seconds": 183.87395067299076, "seed_nodes": 3252336, "loss": 0.5276059627532959, "all_losses_finite": true}
[Step=0820] Wall=185.9052s | Loss=0.5047
[Profile] Avg ms/step | Load: 98.684 (Prep: 17.421, Struc: 1.258, Fetch: 80.005) | Fwd: 53.379 | Bwd: 64.989 | Opt: 0.637 | GPU_Tot: 200.268
[Autotune] {"version": 1, "step": 820, "wall_seconds": 185.90515503298957, "seed_nodes": 3293296, "loss": 0.504699420928955, "all_losses_finite": true}
[Step=0830] Wall=187.9407s | Loss=0.4843
[Profile] Avg ms/step | Load: 98.465 (Prep: 17.201, Struc: 1.259, Fetch: 80.006) | Fwd: 53.393 | Bwd: 65.013 | Opt: 0.637 | GPU_Tot: 200.307
[Autotune] {"version": 1, "step": 830, "wall_seconds": 187.94068657299795, "seed_nodes": 3334256, "loss": 0.48427705764770507, "all_losses_finite": true}
[Step=0840] Wall=190.5967s | Loss=0.4625
[Profile] Avg ms/step | Load: 99.177 (Prep: 17.894, Struc: 1.258, Fetch: 80.025) | Fwd: 53.340 | Bwd: 64.953 | Opt: 0.637 | GPU_Tot: 200.213
[Autotune] {"version": 1, "step": 840, "wall_seconds": 190.59670294699026, "seed_nodes": 3371127, "loss": 0.46249823570251464, "all_losses_finite": true}
[Step=0850] Wall=192.6251s | Loss=0.4985
[Profile] Avg ms/step | Load: 98.955 (Prep: 17.674, Struc: 1.258, Fetch: 80.023) | Fwd: 53.354 | Bwd: 64.971 | Opt: 0.637 | GPU_Tot: 200.243
[Autotune] {"version": 1, "step": 850, "wall_seconds": 192.62509833098738, "seed_nodes": 3412087, "loss": 0.4984621524810791, "all_losses_finite": true}
[Step=0860] Wall=194.6609s | Loss=0.4909
[Profile] Avg ms/step | Load: 98.740 (Prep: 17.459, Struc: 1.258, Fetch: 80.023) | Fwd: 53.369 | Bwd: 64.993 | Opt: 0.637 | GPU_Tot: 200.280
[Autotune] {"version": 1, "step": 860, "wall_seconds": 194.6609087859979, "seed_nodes": 3453047, "loss": 0.4908641815185547, "all_losses_finite": true}
[Step=0870] Wall=196.6927s | Loss=0.4833
[Profile] Avg ms/step | Load: 98.527 (Prep: 17.249, Struc: 1.258, Fetch: 80.020) | Fwd: 53.383 | Bwd: 65.015 | Opt: 0.637 | GPU_Tot: 200.313
[Autotune] {"version": 1, "step": 870, "wall_seconds": 196.6927251619927, "seed_nodes": 3494007, "loss": 0.4833169460296631, "all_losses_finite": true}
[Step=0880] Wall=198.7240s | Loss=0.4665
[Profile] Avg ms/step | Load: 98.321 (Prep: 17.045, Struc: 1.259, Fetch: 80.018) | Fwd: 53.397 | Bwd: 65.034 | Opt: 0.636 | GPU_Tot: 200.344
[Autotune] {"version": 1, "step": 880, "wall_seconds": 198.72402571499697, "seed_nodes": 3534967, "loss": 0.46649808883666993, "all_losses_finite": true}
[Step=0890] Wall=201.5365s | Loss=0.6143
[Profile] Avg ms/step | Load: 99.174 (Prep: 17.895, Struc: 1.258, Fetch: 80.022) | Fwd: 53.349 | Bwd: 64.978 | Opt: 0.636 | GPU_Tot: 200.242
[Autotune] {"version": 1, "step": 890, "wall_seconds": 201.53654219399323, "seed_nodes": 3571838, "loss": 0.6143219947814942, "all_losses_finite": true}
[Step=0900] Wall=203.5743s | Loss=0.5748
[Profile] Avg ms/step | Load: 98.971 (Prep: 17.687, Struc: 1.258, Fetch: 80.026) | Fwd: 53.364 | Bwd: 64.998 | Opt: 0.636 | GPU_Tot: 200.281
[Autotune] {"version": 1, "step": 900, "wall_seconds": 203.57429897299153, "seed_nodes": 3612798, "loss": 0.5747777462005615, "all_losses_finite": true}
[Step=0910] Wall=205.6098s | Loss=0.5262
[Profile] Avg ms/step | Load: 98.772 (Prep: 17.485, Struc: 1.258, Fetch: 80.030) | Fwd: 53.376 | Bwd: 65.016 | Opt: 0.636 | GPU_Tot: 200.316
[Autotune] {"version": 1, "step": 910, "wall_seconds": 205.60975313099334, "seed_nodes": 3653758, "loss": 0.526194953918457, "all_losses_finite": true}
[Step=0920] Wall=207.6442s | Loss=0.5070
[Profile] Avg ms/step | Load: 98.577 (Prep: 17.287, Struc: 1.258, Fetch: 80.032) | Fwd: 53.388 | Bwd: 65.034 | Opt: 0.636 | GPU_Tot: 200.349
[Autotune] {"version": 1, "step": 920, "wall_seconds": 207.64418088599632, "seed_nodes": 3694718, "loss": 0.5070463657379151, "all_losses_finite": true}
[Step=0930] Wall=209.6794s | Loss=0.4926
[Profile] Avg ms/step | Load: 98.387 (Prep: 17.093, Struc: 1.258, Fetch: 80.035) | Fwd: 53.401 | Bwd: 65.051 | Opt: 0.636 | GPU_Tot: 200.382
[Autotune] {"version": 1, "step": 930, "wall_seconds": 209.67936236399692, "seed_nodes": 3735678, "loss": 0.4925654888153076, "all_losses_finite": true}
[Step=0940] Wall=212.4550s | Loss=0.6280
[Profile] Avg ms/step | Load: 99.152 (Prep: 17.871, Struc: 1.257, Fetch: 80.023) | Fwd: 53.354 | Bwd: 64.998 | Opt: 0.636 | GPU_Tot: 200.269
[Autotune] {"version": 1, "step": 940, "wall_seconds": 212.45503056098823, "seed_nodes": 3772549, "loss": 0.627971601486206, "all_losses_finite": true}
[Step=0950] Wall=214.4811s | Loss=0.6047
[Profile] Avg ms/step | Load: 98.955 (Prep: 17.675, Struc: 1.258, Fetch: 80.022) | Fwd: 53.365 | Bwd: 65.011 | Opt: 0.636 | GPU_Tot: 200.293
[Autotune] {"version": 1, "step": 950, "wall_seconds": 214.48109343998658, "seed_nodes": 3813509, "loss": 0.6046783447265625, "all_losses_finite": true}
[Step=0960] Wall=216.5136s | Loss=0.5370
[Profile] Avg ms/step | Load: 98.762 (Prep: 17.484, Struc: 1.258, Fetch: 80.020) | Fwd: 53.377 | Bwd: 65.031 | Opt: 0.636 | GPU_Tot: 200.322
[Autotune] {"version": 1, "step": 960, "wall_seconds": 216.51360125599604, "seed_nodes": 3854469, "loss": 0.5370015621185302, "all_losses_finite": true}
[Step=0970] Wall=218.5458s | Loss=0.5219
[Profile] Avg ms/step | Load: 98.575 (Prep: 17.296, Struc: 1.258, Fetch: 80.021) | Fwd: 53.389 | Bwd: 65.047 | Opt: 0.636 | GPU_Tot: 200.351
[Autotune] {"version": 1, "step": 970, "wall_seconds": 218.5458186279866, "seed_nodes": 3895429, "loss": 0.5218719482421875, "all_losses_finite": true}
[Step=0980] Wall=220.3992s | Loss=0.4678
[Profile] Avg ms/step | Load: 98.328 (Prep: 17.113, Struc: 1.257, Fetch: 79.958) | Fwd: 53.345 | Bwd: 64.993 | Opt: 0.636 | GPU_Tot: 200.189
[Autotune] {"version": 1, "step": 980, "wall_seconds": 220.39918332498928, "seed_nodes": 3932300, "loss": 0.46775112152099607, "all_losses_finite": true}
[Step=0990] Wall=223.3777s | Loss=0.5288
[Profile] Avg ms/step | Load: 99.147 (Prep: 17.848, Struc: 1.257, Fetch: 80.042) | Fwd: 53.357 | Bwd: 65.008 | Opt: 0.636 | GPU_Tot: 200.300
[Autotune] {"version": 1, "step": 990, "wall_seconds": 223.37773805799952, "seed_nodes": 3973260, "loss": 0.5288359642028808, "all_losses_finite": true}
[Step=1000] Wall=225.4118s | Loss=0.5167
[Profile] Avg ms/step | Load: 98.962 (Prep: 17.662, Struc: 1.258, Fetch: 80.042) | Fwd: 53.369 | Bwd: 65.026 | Opt: 0.636 | GPU_Tot: 200.330
[Autotune] {"version": 1, "step": 1000, "wall_seconds": 225.41177161499218, "seed_nodes": 4014220, "loss": 0.5167279720306397, "all_losses_finite": true}
[Step=1010] Wall=227.4409s | Loss=0.5007
[Profile] Avg ms/step | Load: 98.780 (Prep: 17.481, Struc: 1.258, Fetch: 80.041) | Fwd: 53.380 | Bwd: 65.040 | Opt: 0.636 | GPU_Tot: 200.354
[Autotune] {"version": 1, "step": 1010, "wall_seconds": 227.44091602299886, "seed_nodes": 4055180, "loss": 0.5006662368774414, "all_losses_finite": true}
[Step=1020] Wall=229.4645s | Loss=0.4934
[Profile] Avg ms/step | Load: 98.599 (Prep: 17.303, Struc: 1.258, Fetch: 80.038) | Fwd: 53.389 | Bwd: 65.052 | Opt: 0.635 | GPU_Tot: 200.372
[Autotune] {"version": 1, "step": 1020, "wall_seconds": 229.46451226099452, "seed_nodes": 4096140, "loss": 0.49335513114929197, "all_losses_finite": true}
[Step=1030] Wall=232.2620s | Loss=0.4775
[Profile] Avg ms/step | Load: 99.314 (Prep: 18.076, Struc: 1.257, Fetch: 79.981) | Fwd: 53.348 | Bwd: 65.003 | Opt: 0.635 | GPU_Tot: 200.224
[Autotune] {"version": 1, "step": 1030, "wall_seconds": 232.26196850198903, "seed_nodes": 4133011, "loss": 0.4774784564971924, "all_losses_finite": true}
[Step=1040] Wall=234.3171s | Loss=0.6325
[Profile] Avg ms/step | Load: 99.153 (Prep: 17.896, Struc: 1.257, Fetch: 80.000) | Fwd: 53.360 | Bwd: 65.023 | Opt: 0.635 | GPU_Tot: 200.275
[Autotune] {"version": 1, "step": 1040, "wall_seconds": 234.3170981539879, "seed_nodes": 4173971, "loss": 0.632502269744873, "all_losses_finite": true}
[Step=1050] Wall=236.3516s | Loss=0.5625
[Profile] Avg ms/step | Load: 98.977 (Prep: 17.719, Struc: 1.258, Fetch: 80.001) | Fwd: 53.372 | Bwd: 65.039 | Opt: 0.635 | GPU_Tot: 200.304
[Autotune] {"version": 1, "step": 1050, "wall_seconds": 236.3515609469905, "seed_nodes": 4214931, "loss": 0.5624809265136719, "all_losses_finite": true}
[Step=1060] Wall=238.3851s | Loss=0.5157
[Profile] Avg ms/step | Load: 98.810 (Prep: 17.546, Struc: 1.258, Fetch: 80.006) | Fwd: 53.381 | Bwd: 65.051 | Opt: 0.635 | GPU_Tot: 200.332
[Autotune] {"version": 1, "step": 1060, "wall_seconds": 238.38513767099357, "seed_nodes": 4255891, "loss": 0.5157462120056152, "all_losses_finite": true}
[Step=1070] Wall=240.4212s | Loss=0.4958
[Profile] Avg ms/step | Load: 98.643 (Prep: 17.376, Struc: 1.258, Fetch: 80.009) | Fwd: 53.392 | Bwd: 65.068 | Opt: 0.635 | GPU_Tot: 200.361
[Autotune] {"version": 1, "step": 1070, "wall_seconds": 240.4211746660003, "seed_nodes": 4296851, "loss": 0.4957858085632324, "all_losses_finite": true}
[Step=1080] Wall=243.2427s | Loss=0.4740
[Profile] Avg ms/step | Load: 99.344 (Prep: 18.132, Struc: 1.257, Fetch: 79.955) | Fwd: 53.353 | Bwd: 65.023 | Opt: 0.635 | GPU_Tot: 200.223
[Autotune] {"version": 1, "step": 1080, "wall_seconds": 243.24271575399325, "seed_nodes": 4333722, "loss": 0.47398815155029295, "all_losses_finite": true}
[Step=1090] Wall=245.2843s | Loss=0.5201
[Profile] Avg ms/step | Load: 99.185 (Prep: 17.960, Struc: 1.257, Fetch: 79.967) | Fwd: 53.363 | Bwd: 65.036 | Opt: 0.635 | GPU_Tot: 200.259
[Autotune] {"version": 1, "step": 1090, "wall_seconds": 245.28433879598742, "seed_nodes": 4374682, "loss": 0.520131254196167, "all_losses_finite": true}
[Step=1100] Wall=247.3160s | Loss=0.4967
[Profile] Avg ms/step | Load: 99.012 (Prep: 17.791, Struc: 1.257, Fetch: 79.963) | Fwd: 53.375 | Bwd: 65.054 | Opt: 0.635 | GPU_Tot: 200.284
[Autotune] {"version": 1, "step": 1100, "wall_seconds": 247.31601695199788, "seed_nodes": 4415642, "loss": 0.49666647911071776, "all_losses_finite": true}
[Step=1110] Wall=249.3417s | Loss=0.4800
[Profile] Avg ms/step | Load: 98.841 (Prep: 17.625, Struc: 1.258, Fetch: 79.958) | Fwd: 53.385 | Bwd: 65.068 | Opt: 0.634 | GPU_Tot: 200.303
[Autotune] {"version": 1, "step": 1110, "wall_seconds": 249.34172717499314, "seed_nodes": 4456602, "loss": 0.48001847267150877, "all_losses_finite": true}
[Step=1120] Wall=251.3688s | Loss=0.4812
[Profile] Avg ms/step | Load: 98.673 (Prep: 17.462, Struc: 1.258, Fetch: 79.953) | Fwd: 53.396 | Bwd: 65.083 | Opt: 0.634 | GPU_Tot: 200.324
[Autotune] {"version": 1, "step": 1120, "wall_seconds": 251.36884478198772, "seed_nodes": 4497562, "loss": 0.48116040229797363, "all_losses_finite": true}
[Step=1130] Wall=254.1819s | Loss=0.5065
[Profile] Avg ms/step | Load: 99.338 (Prep: 18.143, Struc: 1.257, Fetch: 79.938) | Fwd: 53.358 | Bwd: 65.037 | Opt: 0.634 | GPU_Tot: 200.224
[Autotune] {"version": 1, "step": 1130, "wall_seconds": 254.18193114698806, "seed_nodes": 4534433, "loss": 0.5065188884735108, "all_losses_finite": true}
[Step=1140] Wall=256.2255s | Loss=0.5877
[Profile] Avg ms/step | Load: 99.185 (Prep: 17.979, Struc: 1.257, Fetch: 79.949) | Fwd: 53.368 | Bwd: 65.051 | Opt: 0.634 | GPU_Tot: 200.260
[Autotune] {"version": 1, "step": 1140, "wall_seconds": 256.2254561029986, "seed_nodes": 4575393, "loss": 0.5876792430877685, "all_losses_finite": true}
[Step=1150] Wall=258.2607s | Loss=0.5272
[Profile] Avg ms/step | Load: 99.027 (Prep: 17.817, Struc: 1.257, Fetch: 79.953) | Fwd: 53.378 | Bwd: 65.065 | Opt: 0.634 | GPU_Tot: 200.287
[Autotune] {"version": 1, "step": 1150, "wall_seconds": 258.260684140987, "seed_nodes": 4616353, "loss": 0.527245569229126, "all_losses_finite": true}
[Step=1160] Wall=260.3018s | Loss=0.5037
[Profile] Avg ms/step | Load: 98.874 (Prep: 17.658, Struc: 1.258, Fetch: 79.958) | Fwd: 53.389 | Bwd: 65.081 | Opt: 0.634 | GPU_Tot: 200.319
[Autotune] {"version": 1, "step": 1160, "wall_seconds": 260.3018263559934, "seed_nodes": 4657313, "loss": 0.5037280082702636, "all_losses_finite": true}
[Step=1170] Wall=262.3261s | Loss=0.4813
[Profile] Avg ms/step | Load: 98.711 (Prep: 17.503, Struc: 1.258, Fetch: 79.951) | Fwd: 53.399 | Bwd: 65.095 | Opt: 0.634 | GPU_Tot: 200.336
[Autotune] {"version": 1, "step": 1170, "wall_seconds": 262.3260784719896, "seed_nodes": 4698273, "loss": 0.4813185691833496, "all_losses_finite": true}
[Step=1180] Wall=265.0816s | Loss=0.4294
[Profile] Avg ms/step | Load: 99.294 (Prep: 18.086, Struc: 1.257, Fetch: 79.951) | Fwd: 53.363 | Bwd: 65.052 | Opt: 0.634 | GPU_Tot: 200.257
[Autotune] {"version": 1, "step": 1180, "wall_seconds": 265.08159338199766, "seed_nodes": 4735144, "loss": 0.4293843746185303, "all_losses_finite": true}
[Step=1190] Wall=267.1044s | Loss=0.4880
[Profile] Avg ms/step | Load: 99.131 (Prep: 17.929, Struc: 1.257, Fetch: 79.945) | Fwd: 53.373 | Bwd: 65.065 | Opt: 0.634 | GPU_Tot: 200.273
[Autotune] {"version": 1, "step": 1190, "wall_seconds": 267.10437410499435, "seed_nodes": 4776104, "loss": 0.48798389434814454, "all_losses_finite": true}
[Step=1200] Wall=269.1249s | Loss=0.4807
[Profile] Avg ms/step | Load: 98.968 (Prep: 17.775, Struc: 1.257, Fetch: 79.936) | Fwd: 53.382 | Bwd: 65.077 | Opt: 0.634 | GPU_Tot: 200.286
[Autotune] {"version": 1, "step": 1200, "wall_seconds": 269.1249191629904, "seed_nodes": 4817064, "loss": 0.480745792388916, "all_losses_finite": true}
[Step=1210] Wall=271.1563s | Loss=0.4610
[Profile] Avg ms/step | Load: 98.816 (Prep: 17.623, Struc: 1.258, Fetch: 79.935) | Fwd: 53.391 | Bwd: 65.092 | Opt: 0.633 | GPU_Tot: 200.309
[Autotune] {"version": 1, "step": 1210, "wall_seconds": 271.1562772049947, "seed_nodes": 4858024, "loss": 0.4610331058502197, "all_losses_finite": true}
[Step=1220] Wall=273.1953s | Loss=0.4633
[Profile] Avg ms/step | Load: 98.673 (Prep: 17.475, Struc: 1.258, Fetch: 79.941) | Fwd: 53.400 | Bwd: 65.106 | Opt: 0.633 | GPU_Tot: 200.337
[Autotune] {"version": 1, "step": 1220, "wall_seconds": 273.1953056539933, "seed_nodes": 4898984, "loss": 0.46334271430969237, "all_losses_finite": true}
[Step=1230] Wall=275.9400s | Loss=0.5505
[Profile] Avg ms/step | Load: 99.234 (Prep: 18.014, Struc: 1.257, Fetch: 79.963) | Fwd: 53.362 | Bwd: 65.058 | Opt: 0.633 | GPU_Tot: 200.272
[Autotune] {"version": 1, "step": 1230, "wall_seconds": 275.9400402159954, "seed_nodes": 4935855, "loss": 0.5504909992218018, "all_losses_finite": true}
[Step=1240] Wall=277.9583s | Loss=0.5452
[Profile] Avg ms/step | Load: 99.079 (Prep: 17.865, Struc: 1.257, Fetch: 79.957) | Fwd: 53.369 | Bwd: 65.067 | Opt: 0.633 | GPU_Tot: 200.283
[Autotune] {"version": 1, "step": 1240, "wall_seconds": 277.9583429709892, "seed_nodes": 4976815, "loss": 0.545228910446167, "all_losses_finite": true}
[Step=1250] Wall=279.9970s | Loss=0.5176
[Profile] Avg ms/step | Load: 98.943 (Prep: 17.717, Struc: 1.257, Fetch: 79.969) | Fwd: 53.376 | Bwd: 65.077 | Opt: 0.633 | GPU_Tot: 200.311
[Autotune] {"version": 1, "step": 1250, "wall_seconds": 279.99699656499433, "seed_nodes": 5017775, "loss": 0.5175768852233886, "all_losses_finite": true}
[Step=1260] Wall=282.0118s | Loss=0.4991
[Profile] Avg ms/step | Load: 98.792 (Prep: 17.573, Struc: 1.258, Fetch: 79.962) | Fwd: 53.382 | Bwd: 65.085 | Opt: 0.633 | GPU_Tot: 200.319
[Autotune] {"version": 1, "step": 1260, "wall_seconds": 282.0117639999953, "seed_nodes": 5058735, "loss": 0.49909677505493166, "all_losses_finite": true}
[Step=1270] Wall=284.0332s | Loss=0.4764
[Profile] Avg ms/step | Load: 98.644 (Prep: 17.430, Struc: 1.258, Fetch: 79.956) | Fwd: 53.390 | Bwd: 65.095 | Opt: 0.633 | GPU_Tot: 200.332
[Autotune] {"version": 1, "step": 1270, "wall_seconds": 284.0331519249885, "seed_nodes": 5099695, "loss": 0.47641587257385254, "all_losses_finite": true}
[Step=1280] Wall=286.7465s | Loss=0.6066
[Profile] Avg ms/step | Load: 99.151 (Prep: 17.928, Struc: 1.257, Fetch: 79.966) | Fwd: 53.355 | Bwd: 65.054 | Opt: 0.633 | GPU_Tot: 200.265
[Autotune] {"version": 1, "step": 1280, "wall_seconds": 286.7464971719892, "seed_nodes": 5136566, "loss": 0.6065921783447266, "all_losses_finite": true}
[Step=1290] Wall=288.7786s | Loss=0.5642
[Profile] Avg ms/step | Load: 99.011 (Prep: 17.785, Struc: 1.257, Fetch: 79.969) | Fwd: 53.363 | Bwd: 65.065 | Opt: 0.633 | GPU_Tot: 200.286
[Autotune] {"version": 1, "step": 1290, "wall_seconds": 288.77861192398996, "seed_nodes": 5177526, "loss": 0.5641886234283447, "all_losses_finite": true}
[Step=1300] Wall=290.8137s | Loss=0.5256
[Profile] Avg ms/step | Load: 98.875 (Prep: 17.644, Struc: 1.257, Fetch: 79.973) | Fwd: 53.370 | Bwd: 65.077 | Opt: 0.633 | GPU_Tot: 200.310
[Autotune] {"version": 1, "step": 1300, "wall_seconds": 290.8136891309987, "seed_nodes": 5218486, "loss": 0.5256327629089356, "all_losses_finite": true}
[Step=1310] Wall=292.8548s | Loss=0.4962
[Profile] Avg ms/step | Load: 98.745 (Prep: 17.506, Struc: 1.258, Fetch: 79.982) | Fwd: 53.378 | Bwd: 65.089 | Opt: 0.633 | GPU_Tot: 200.338
[Autotune] {"version": 1, "step": 1310, "wall_seconds": 292.8547772969905, "seed_nodes": 5259446, "loss": 0.49623494148254393, "all_losses_finite": true}
[Step=1320] Wall=294.8904s | Loss=0.4951
[Profile] Avg ms/step | Load: 98.616 (Prep: 17.369, Struc: 1.258, Fetch: 79.989) | Fwd: 53.385 | Bwd: 65.098 | Opt: 0.633 | GPU_Tot: 200.362
[Autotune] {"version": 1, "step": 1320, "wall_seconds": 294.89040864098934, "seed_nodes": 5300406, "loss": 0.49511051177978516, "all_losses_finite": true}
[Step=1330] Wall=297.5505s | Loss=0.4682
[Profile] Avg ms/step | Load: 99.056 (Prep: 17.783, Struc: 1.257, Fetch: 80.016) | Fwd: 53.353 | Bwd: 65.062 | Opt: 0.633 | GPU_Tot: 200.321
[Autotune] {"version": 1, "step": 1330, "wall_seconds": 297.55054557698895, "seed_nodes": 5337277, "loss": 0.4681735038757324, "all_losses_finite": true}
[Step=1340] Wall=299.5812s | Loss=0.5299
[Profile] Avg ms/step | Load: 98.923 (Prep: 17.647, Struc: 1.257, Fetch: 80.019) | Fwd: 53.360 | Bwd: 65.071 | Opt: 0.633 | GPU_Tot: 200.340
[Autotune] {"version": 1, "step": 1340, "wall_seconds": 299.5812290850008, "seed_nodes": 5378237, "loss": 0.5299014568328857, "all_losses_finite": true}
[Step=1350] Wall=301.6094s | Loss=0.5101
[Profile] Avg ms/step | Load: 98.790 (Prep: 17.512, Struc: 1.257, Fetch: 80.020) | Fwd: 53.366 | Bwd: 65.081 | Opt: 0.633 | GPU_Tot: 200.357
[Autotune] {"version": 1, "step": 1350, "wall_seconds": 301.6093736329931, "seed_nodes": 5419197, "loss": 0.5100596904754638, "all_losses_finite": true}
[Step=1360] Wall=303.6417s | Loss=0.4948
[Profile] Avg ms/step | Load: 98.660 (Prep: 17.380, Struc: 1.257, Fetch: 80.023) | Fwd: 53.373 | Bwd: 65.091 | Opt: 0.633 | GPU_Tot: 200.377
[Autotune] {"version": 1, "step": 1360, "wall_seconds": 303.6416806449997, "seed_nodes": 5460157, "loss": 0.4948085308074951, "all_losses_finite": true}
[Step=1370] Wall=305.6782s | Loss=0.4905
[Profile] Avg ms/step | Load: 98.532 (Prep: 17.250, Struc: 1.258, Fetch: 80.025) | Fwd: 53.381 | Bwd: 65.104 | Opt: 0.633 | GPU_Tot: 200.400
[Autotune] {"version": 1, "step": 1370, "wall_seconds": 305.6781823649944, "seed_nodes": 5501117, "loss": 0.49046735763549804, "all_losses_finite": true}
[Step=1380] Wall=308.4493s | Loss=0.6042
[Profile] Avg ms/step | Load: 99.046 (Prep: 17.745, Struc: 1.258, Fetch: 80.044) | Fwd: 53.348 | Bwd: 65.065 | Opt: 0.633 | GPU_Tot: 200.348
[Autotune] {"version": 1, "step": 1380, "wall_seconds": 308.44928114899085, "seed_nodes": 5537988, "loss": 0.6041576385498046, "all_losses_finite": true}
[Step=1390] Wall=310.4799s | Loss=0.5625
[Profile] Avg ms/step | Load: 98.917 (Prep: 17.614, Struc: 1.258, Fetch: 80.046) | Fwd: 53.355 | Bwd: 65.074 | Opt: 0.633 | GPU_Tot: 200.366
[Autotune] {"version": 1, "step": 1390, "wall_seconds": 310.4799165299919, "seed_nodes": 5578948, "loss": 0.5624982833862304, "all_losses_finite": true}
[Step=1400] Wall=312.5151s | Loss=0.5142
[Profile] Avg ms/step | Load: 98.792 (Prep: 17.485, Struc: 1.258, Fetch: 80.049) | Fwd: 53.362 | Bwd: 65.086 | Opt: 0.633 | GPU_Tot: 200.388
[Autotune] {"version": 1, "step": 1400, "wall_seconds": 312.5151383029879, "seed_nodes": 5619908, "loss": 0.514176893234253, "all_losses_finite": true}
[Step=1410] Wall=314.5422s | Loss=0.4950
[Profile] Avg ms/step | Load: 98.666 (Prep: 17.357, Struc: 1.258, Fetch: 80.050) | Fwd: 53.368 | Bwd: 65.094 | Opt: 0.633 | GPU_Tot: 200.403
[Autotune] {"version": 1, "step": 1410, "wall_seconds": 314.5422251689888, "seed_nodes": 5660868, "loss": 0.4949739933013916, "all_losses_finite": true}
[Step=1420] Wall=316.5774s | Loss=0.4869
[Profile] Avg ms/step | Load: 98.543 (Prep: 17.232, Struc: 1.258, Fetch: 80.053) | Fwd: 53.375 | Bwd: 65.105 | Opt: 0.633 | GPU_Tot: 200.424
[Autotune] {"version": 1, "step": 1420, "wall_seconds": 316.5773558669898, "seed_nodes": 5701828, "loss": 0.48692889213562013, "all_losses_finite": true}
[Step=1430] Wall=319.2483s | Loss=0.4616
[Profile] Avg ms/step | Load: 98.964 (Prep: 17.669, Struc: 1.258, Fetch: 80.038) | Fwd: 53.345 | Bwd: 65.069 | Opt: 0.633 | GPU_Tot: 200.342
[Autotune] {"version": 1, "step": 1430, "wall_seconds": 319.24826769399806, "seed_nodes": 5738699, "loss": 0.46158499717712403, "all_losses_finite": true}
[Step=1440] Wall=321.2784s | Loss=0.4810
[Profile] Avg ms/step | Load: 98.838 (Prep: 17.543, Struc: 1.258, Fetch: 80.038) | Fwd: 53.352 | Bwd: 65.079 | Opt: 0.633 | GPU_Tot: 200.359
[Autotune] {"version": 1, "step": 1440, "wall_seconds": 321.27842198099825, "seed_nodes": 5779659, "loss": 0.4810343265533447, "all_losses_finite": true}
[Step=1450] Wall=323.3101s | Loss=0.4791
[Profile] Avg ms/step | Load: 98.716 (Prep: 17.419, Struc: 1.258, Fetch: 80.039) | Fwd: 53.358 | Bwd: 65.089 | Opt: 0.633 | GPU_Tot: 200.377
[Autotune] {"version": 1, "step": 1450, "wall_seconds": 323.3101281889976, "seed_nodes": 5820619, "loss": 0.4790957927703857, "all_losses_finite": true}
[Step=1460] Wall=325.3390s | Loss=0.4806
[Profile] Avg ms/step | Load: 98.594 (Prep: 17.296, Struc: 1.258, Fetch: 80.039) | Fwd: 53.365 | Bwd: 65.099 | Opt: 0.633 | GPU_Tot: 200.393
[Autotune] {"version": 1, "step": 1460, "wall_seconds": 325.3389604039985, "seed_nodes": 5861579, "loss": 0.48055734634399416, "all_losses_finite": true}
[Step=1470] Wall=327.1699s | Loss=0.4471
[Profile] Avg ms/step | Load: 98.417 (Prep: 17.176, Struc: 1.257, Fetch: 79.984) | Fwd: 53.334 | Bwd: 65.062 | Opt: 0.633 | GPU_Tot: 200.271
[Autotune] {"version": 1, "step": 1470, "wall_seconds": 327.1698817889992, "seed_nodes": 5898450, "loss": 0.44712190628051757, "all_losses_finite": true}
[Step=1480] Wall=330.0774s | Loss=0.4947
[Profile] Avg ms/step | Load: 98.909 (Prep: 17.599, Struc: 1.258, Fetch: 80.052) | Fwd: 53.341 | Bwd: 65.072 | Opt: 0.633 | GPU_Tot: 200.356
[Autotune] {"version": 1, "step": 1480, "wall_seconds": 330.0774158699933, "seed_nodes": 5939410, "loss": 0.49471025466918944, "all_losses_finite": true}
[Step=1490] Wall=332.0992s | Loss=0.4804
[Profile] Avg ms/step | Load: 98.785 (Prep: 17.478, Struc: 1.258, Fetch: 80.049) | Fwd: 53.347 | Bwd: 65.080 | Opt: 0.632 | GPU_Tot: 200.367
[Autotune] {"version": 1, "step": 1490, "wall_seconds": 332.0991532439948, "seed_nodes": 5980370, "loss": 0.48037047386169435, "all_losses_finite": true}
[Step=1500] Wall=334.1207s | Loss=0.4693
[Profile] Avg ms/step | Load: 98.662 (Prep: 17.359, Struc: 1.258, Fetch: 80.046) | Fwd: 53.353 | Bwd: 65.088 | Opt: 0.632 | GPU_Tot: 200.377
[Autotune] {"version": 1, "step": 1500, "wall_seconds": 334.12069046399847, "seed_nodes": 6021330, "loss": 0.4692680835723877, "all_losses_finite": true}
[Step=1510] Wall=336.1464s | Loss=0.4630
[Profile] Avg ms/step | Load: 98.542 (Prep: 17.241, Struc: 1.258, Fetch: 80.043) | Fwd: 53.360 | Bwd: 65.097 | Opt: 0.632 | GPU_Tot: 200.391
[Autotune] {"version": 1, "step": 1510, "wall_seconds": 336.14640382099606, "seed_nodes": 6062290, "loss": 0.4630266189575195, "all_losses_finite": true}
[Step=1520] Wall=338.6576s | Loss=0.4248
[Profile] Avg ms/step | Load: 98.832 (Prep: 17.559, Struc: 1.257, Fetch: 80.016) | Fwd: 53.331 | Bwd: 65.061 | Opt: 0.632 | GPU_Tot: 200.297
[Autotune] {"version": 1, "step": 1520, "wall_seconds": 338.6575919619936, "seed_nodes": 6099161, "loss": 0.4247906684875488, "all_losses_finite": true}
[Step=1530] Wall=340.8831s | Loss=0.4738
[Profile] Avg ms/step | Load: 98.848 (Prep: 17.545, Struc: 1.258, Fetch: 80.045) | Fwd: 53.337 | Bwd: 65.069 | Opt: 0.632 | GPU_Tot: 200.342
[Autotune] {"version": 1, "step": 1530, "wall_seconds": 340.88305131199013, "seed_nodes": 6140121, "loss": 0.4738036632537842, "all_losses_finite": true}
[Step=1540] Wall=342.9025s | Loss=0.4683
[Profile] Avg ms/step | Load: 98.726 (Prep: 17.428, Struc: 1.258, Fetch: 80.040) | Fwd: 53.343 | Bwd: 65.078 | Opt: 0.632 | GPU_Tot: 200.351
[Autotune] {"version": 1, "step": 1540, "wall_seconds": 342.9025332279998, "seed_nodes": 6181081, "loss": 0.46828403472900393, "all_losses_finite": true}
[Step=1550] Wall=344.9247s | Loss=0.4753
[Profile] Avg ms/step | Load: 98.606 (Prep: 17.313, Struc: 1.258, Fetch: 80.035) | Fwd: 53.350 | Bwd: 65.087 | Opt: 0.632 | GPU_Tot: 200.362
[Autotune] {"version": 1, "step": 1550, "wall_seconds": 344.92473289599, "seed_nodes": 6222041, "loss": 0.4753104209899902, "all_losses_finite": true}
[Step=1560] Wall=346.9467s | Loss=0.4450
[Profile] Avg ms/step | Load: 98.488 (Prep: 17.200, Struc: 1.258, Fetch: 80.031) | Fwd: 53.356 | Bwd: 65.096 | Opt: 0.632 | GPU_Tot: 200.373
[Autotune] {"version": 1, "step": 1560, "wall_seconds": 346.9466792049934, "seed_nodes": 6263001, "loss": 0.4450055122375488, "all_losses_finite": true}
[Step=1570] Wall=349.7381s | Loss=0.5304
[Profile] Avg ms/step | Load: 98.949 (Prep: 17.697, Struc: 1.257, Fetch: 79.995) | Fwd: 53.328 | Bwd: 65.064 | Opt: 0.632 | GPU_Tot: 200.277
[Autotune] {"version": 1, "step": 1570, "wall_seconds": 349.73805640099454, "seed_nodes": 6299872, "loss": 0.5303529739379883, "all_losses_finite": true}
[Step=1580] Wall=351.7904s | Loss=0.5327
[Profile] Avg ms/step | Load: 98.847 (Prep: 17.582, Struc: 1.258, Fetch: 80.008) | Fwd: 53.336 | Bwd: 65.075 | Opt: 0.632 | GPU_Tot: 200.307
[Autotune] {"version": 1, "step": 1580, "wall_seconds": 351.79040266499214, "seed_nodes": 6340832, "loss": 0.5326509475708008, "all_losses_finite": true}
[Step=1590] Wall=353.8273s | Loss=0.4800
[Profile] Avg ms/step | Load: 98.739 (Prep: 17.469, Struc: 1.258, Fetch: 80.012) | Fwd: 53.342 | Bwd: 65.084 | Opt: 0.632 | GPU_Tot: 200.328
[Autotune] {"version": 1, "step": 1590, "wall_seconds": 353.8272887849889, "seed_nodes": 6381792, "loss": 0.4800442695617676, "all_losses_finite": true}
[Step=1600] Wall=355.8718s | Loss=0.4786
[Profile] Avg ms/step | Load: 98.635 (Prep: 17.357, Struc: 1.258, Fetch: 80.020) | Fwd: 53.348 | Bwd: 65.095 | Opt: 0.632 | GPU_Tot: 200.353
[Autotune] {"version": 1, "step": 1600, "wall_seconds": 355.8718143189908, "seed_nodes": 6422752, "loss": 0.4786401271820068, "all_losses_finite": true}
[Step=1610] Wall=357.9135s | Loss=0.4604
[Profile] Avg ms/step | Load: 98.533 (Prep: 17.247, Struc: 1.258, Fetch: 80.028) | Fwd: 53.354 | Bwd: 65.104 | Opt: 0.632 | GPU_Tot: 200.376
[Autotune] {"version": 1, "step": 1610, "wall_seconds": 357.9134895189927, "seed_nodes": 6463712, "loss": 0.4603543281555176, "all_losses_finite": true}
[Step=1620] Wall=360.7371s | Loss=0.5364
[Profile] Avg ms/step | Load: 98.999 (Prep: 17.719, Struc: 1.257, Fetch: 80.023) | Fwd: 53.327 | Bwd: 65.073 | Opt: 0.632 | GPU_Tot: 200.312
[Autotune] {"version": 1, "step": 1620, "wall_seconds": 360.7371120579919, "seed_nodes": 6500583, "loss": 0.5363688468933105, "all_losses_finite": true}
[Step=1630] Wall=362.7649s | Loss=0.5785
[Profile] Avg ms/step | Load: 98.889 (Prep: 17.608, Struc: 1.258, Fetch: 80.023) | Fwd: 53.333 | Bwd: 65.081 | Opt: 0.632 | GPU_Tot: 200.327
[Autotune] {"version": 1, "step": 1630, "wall_seconds": 362.76489541499177, "seed_nodes": 6541543, "loss": 0.5785133361816406, "all_losses_finite": true}
[Step=1640] Wall=364.7934s | Loss=0.5175
[Profile] Avg ms/step | Load: 98.778 (Prep: 17.498, Struc: 1.258, Fetch: 80.022) | Fwd: 53.339 | Bwd: 65.090 | Opt: 0.632 | GPU_Tot: 200.341
[Autotune] {"version": 1, "step": 1640, "wall_seconds": 364.79339541398804, "seed_nodes": 6582503, "loss": 0.5174960136413574, "all_losses_finite": true}
------------------------------------------------------------
Training Completed. Total Steps: 1640 (Active: 1600)
Avg Breakdown (ms): Load=98.778 [Prep:17.498, Struc:1.258, Fetch:80.022], Fwd=53.339, Bwd=65.090, Opt=0.632
------------------------------------------------------------
