2026-09-18 13:37:26,922 INFO:   Current Working Directory: $REPO_ROOT
2026-09-18 13:37:26,922 INFO:   Running command: $REPO_ROOT/src/cerebras/modelzoo/cli/main.py fit $REPO_ROOT/model_dirs/non_gnn/campaign_csx_20260918_133713_5bbf7dfa/bert_large_msl128/params.yaml --target_device CSX --model_dir $REPO_ROOT/model_dirs/non_gnn/campaign_csx_20260918_133713_5bbf7dfa/bert_large_msl128
$REPO_ROOT/src/cerebras/modelzoo/config/utils.py:175: UserWarning: Pydantic serializer warnings:
  PydanticSerializationUnexpectedValue(Defaulting to left to right union serialization - failed to get discriminator value for tagged union serialization [input_value=BertCSVDynamicMaskDataPro...hole_word_masking=None)), input_type=BertCSVDynamicMaskDataProcessor])
  serialized = handler(self)
$REPO_ROOT/src/cerebras/modelzoo/trainer/validate.py:549: UserWarning: Pydantic serializer warnings:
  PydanticSerializationUnexpectedValue(Defaulting to left to right union serialization - failed to get discriminator value for tagged union serialization [input_value=BertCSVDynamicMaskDataPro...hole_word_masking=None)), input_type=BertCSVDynamicMaskDataProcessor])
  serialized = handler(self)
$REPO_ROOT/src/cerebras/modelzoo/models/nlp/bert/bert_model.py:363: UserWarning: The following muP parameters were changed from their default value outside of a muP run: ['scale_qk_dot_by_d']. As a result, they may have an undesired effect. Please specify the muP base dimensions ['mup_base_hidden_size', 'mup_base_filter_size'] to trigger a muP run.
  warnings.warn(
2026-09-18 13:37:29,951 INFO:   Connectivity check: running command: ping -c 1 -W 3 10.125.8.2
2026-09-18 13:37:29,957 INFO:   Connectivity check succeeded.
2026-09-18 13:37:29,980 INFO:   Appliance client semantic version: 1.14.0, cluster server semantic version: 1.20.2, job operator semantic version: 1.20.2
2026-09-18 13:37:29,983 INFO:   Successfully initialized workflow with id: wflow-ikrfuozepazm2dxrvrazce
2026-09-18 13:37:29,983 INFO:   No checkpoint was provided. Using randomly initialized model parameters.
2026-09-18 13:37:29,985 INFO:   Effective batch size is 256.
2026-09-18 13:37:29,999 INFO:   ===========================================================================
2026-09-18 13:37:29,999 INFO:   Trainer Fit Summary
2026-09-18 13:37:29,999 INFO:   ---------------------------------------------------------------------------
2026-09-18 13:37:29,999 INFO:   Trainer will run 1 train loop.
2026-09-18 13:37:30,000 INFO:   
2026-09-18 13:37:30,000 INFO:   Train steps per train loop:
2026-09-18 13:37:30,000 INFO:   * 1 loop of 200 steps
2026-09-18 13:37:30,000 INFO:   for a total of 200 train steps.
2026-09-18 13:37:30,000 INFO:   
2026-09-18 13:37:30,000 INFO:   Progress will be logged every step.
2026-09-18 13:37:30,000 INFO:   ===========================================================================
2026-09-18 13:37:30,000 INFO:   ---------------------------------------------------------------------------
2026-09-18 13:37:30,000 INFO:   Starting train loop 1 of 1, from global step 1 to 200 (200 steps)
2026-09-18 13:37:30,000 INFO:   ---------------------------------------------------------------------------
2026-09-18 13:37:43,434 INFO:   Compiling the model. This may take a few minutes.
2026-09-18 13:37:43,435 INFO:   Connectivity check: running command: ping -c 1 -W 3 10.125.8.2
2026-09-18 13:37:43,440 INFO:   Connectivity check succeeded.
2026-09-18 13:37:43,457 INFO:   Appliance client semantic version: 1.14.0, cluster server semantic version: 1.20.2, job operator semantic version: 1.20.2
2026-09-18 13:37:44,591 INFO:   Initiating a new image build job against the cluster server.
2026-09-18 13:37:44,600 INFO:   Job id: imgjob-2517af973879c5fa6a0b067b391e84b4, workflow id: wflow-ikrfuozepazm2dxrvrazce, namespace: job-operator, remote log path: /n1/wsjob/workdir/job-operator/imgjob-2517af973879c5fa6a0b067b391e84b4
2026-09-18 13:37:44,605 INFO:   Connectivity check: running command: ping -c 1 -W 3 10.125.8.2
2026-09-18 13:37:44,609 INFO:   Connectivity check succeeded.
2026-09-18 13:37:44,625 INFO:   Appliance client semantic version: 1.14.0, cluster server semantic version: 1.20.2, job operator semantic version: 1.20.2
2026-09-18 13:37:44,644 INFO:   Initiating a new compile wsjob against the cluster server.
2026-09-18 13:37:44,667 INFO:   Job id: wsjob-ljmboytus963vtoxcrcvaw, workflow id: wflow-ikrfuozepazm2dxrvrazce, namespace: job-operator, remote log path: /n1/wsjob/workdir/job-operator/wsjob-ljmboytus963vtoxcrcvaw
2026-09-18 13:38:04,668 INFO:   Poll ingress status: Waiting for job to be scheduled, current job status: Queueing, msg: job queueing to be scheduled. Job queue status: 3 compile job(s) queued before current job. For more information, please run 'csctl get job wsjob-ljmboytus963vtoxcrcvaw --pending-status'.
2026-09-18 13:46:34,672 INFO:   Poll ingress status: Waiting for job to be scheduled, current job status: Queueing, msg: job queueing to be scheduled. Job queue status: 2 compile job(s) queued before current job. For more information, please run 'csctl get job wsjob-ljmboytus963vtoxcrcvaw --pending-status'.
2026-09-18 13:56:34,677 INFO:   Poll ingress status: Waiting for job to be scheduled, current job status: Queueing, msg: job queueing to be scheduled. Job queue status: 2 compile job(s) queued before current job. For more information, please run 'csctl get job wsjob-ljmboytus963vtoxcrcvaw --pending-status'.
2026-09-18 14:06:34,683 INFO:   Poll ingress status: Waiting for job to be scheduled, current job status: Queueing, msg: job queueing to be scheduled. Job queue status: 2 compile job(s) queued before current job. For more information, please run 'csctl get job wsjob-ljmboytus963vtoxcrcvaw --pending-status'.
2026-09-18 14:13:44,687 INFO:   Poll ingress status: Waiting for job to be scheduled, current job status: Queueing, msg: job queueing to be scheduled. Job queue status: current job is top of queue but likely blocked by running/reserved jobs, 3 compile job(s) running/reserved using 340Gi memory. For more information, please run 'csctl get job wsjob-ljmboytus963vtoxcrcvaw --pending-status'.
2026-09-18 14:14:24,687 INFO:   Poll ingress status: Waiting for job to be scheduled, current job status: Queueing, msg: job queueing to be scheduled. Job queue status: current job is top of queue but likely blocked by running/reserved jobs, 1 execute job(s) running/reserved using 1 system(s) and 1 nodegroup(s)[0 pop and 1 depop], 3 compile job(s) running/reserved using 340Gi memory. For more information, please run 'csctl get job wsjob-ljmboytus963vtoxcrcvaw --pending-status'.
2026-09-18 14:14:34,688 INFO:   Poll ingress status: Waiting for job to be scheduled, current job status: Queueing, msg: job queueing to be scheduled. Job queue status: 1 compile job(s) queued before current job. For more information, please run 'csctl get job wsjob-ljmboytus963vtoxcrcvaw --pending-status'.
2026-09-18 14:14:44,688 INFO:   Poll ingress status: Waiting for all Coordinator pods to be running, current running: 0/1.
2026-09-18 14:14:44,691 INFO:   Recording the timestamp when jobs is scheduled.
2026-09-18 14:14:44,713 WARNING:   Event 2026-09-18 14:14:25 +0000 UTC reason=InconsistentVersion wsjob=wsjob-ljmboytus963vtoxcrcvaw message='Warning: client semantic version 1.14.0 is inconsistent with cluster server semantic version 1.20.2, there's a risk job could fail due to inconsistent setup.'
2026-09-18 14:15:04,714 INFO:   Poll ingress status: Job ingress ready, dashboard: <internal-dashboard-url>
2026-09-18 14:15:04,723 INFO:   Poll ingress success: Job ingress ready, dashboard: <internal-dashboard-url>
2026-09-18 14:15:04,733 INFO:   Finalizing out-of-cluster job handle with ingress service url: 
2026-09-18 14:15:04,733 WARNING:   Empty ingress service url. Falling back to default server: 10.125.8.2:443
2026-09-18 14:15:05,238 INFO:   Found existing cached compile with hash: "cs_9966864383340124758"
2026-09-18 14:15:08,372 INFO:   Using power profile none

2026-09-18 14:15:08,392 INFO:   Compile artifacts successfully written to remote compile directory. Compile hash is: cs_9966864383340124758
2026-09-18 14:15:14,896 ERROR:   Image build job imgjob-2517af973879c5fa6a0b067b391e84b4 failed. Please check the error log in $REPO_ROOT/model_dirs/non_gnn/campaign_csx_20260918_133713_5bbf7dfa/bert_large_msl128/cerebras_logs/20260918_133726/executors/000001/custom_worker_build.out. 
2026-09-18 14:15:14,896 INFO:   Falling back to venv mounting.
2026-09-18 14:15:14,898 INFO:   Compile was successful!
2026-09-18 14:15:14,899 INFO:   Programming Cerebras Wafer Scale Cluster for execution. This may take a few minutes.
2026-09-18 14:15:16,909 INFO:   Connectivity check: running command: ping -c 1 -W 3 10.125.8.2
2026-09-18 14:15:16,915 INFO:   Connectivity check succeeded.
2026-09-18 14:15:16,932 INFO:   Appliance client semantic version: 1.14.0, cluster server semantic version: 1.20.2, job operator semantic version: 1.20.2
2026-09-18 14:15:16,935 INFO:   Initiating a new execute wsjob against the cluster server.
2026-09-18 14:15:16,975 INFO:   Job id: wsjob-b3xxjr39mtggwiqtyinxe9, workflow id: wflow-ikrfuozepazm2dxrvrazce, namespace: job-operator, remote log path: /n1/wsjob/workdir/job-operator/wsjob-b3xxjr39mtggwiqtyinxe9
2026-09-18 14:15:36,976 INFO:   Poll ingress status: Waiting for job to be scheduled, current job status: Queueing, msg: job queueing to be scheduled. Job queue status: 2 execute job(s) queued before current job. For more information, please run 'csctl get job wsjob-b3xxjr39mtggwiqtyinxe9 --pending-status'.
2026-09-18 14:17:36,977 INFO:   Poll ingress status: Waiting for job to be scheduled, current job status: Queueing, msg: job queueing to be scheduled. Job queue status: 1 execute job(s) queued before current job. For more information, please run 'csctl get job wsjob-b3xxjr39mtggwiqtyinxe9 --pending-status'.
2026-09-18 14:21:26,979 INFO:   Poll ingress status: Waiting for job to be scheduled, current job status: Queueing, msg: job queueing to be scheduled. Job queue status: current job is top of queue but likely blocked by running/reserved jobs, 1 execute job(s) running/reserved using 1 system(s) and 1 nodegroup(s)[1 pop and 0 depop], 2 compile job(s) running/reserved using 160Gi memory. For more information, please run 'csctl get job wsjob-b3xxjr39mtggwiqtyinxe9 --pending-status'.
2026-09-18 14:31:26,984 INFO:   Poll ingress status: Waiting for job to be scheduled, current job status: Queueing, msg: job queueing to be scheduled. Job queue status: current job is top of queue but likely blocked by running/reserved jobs, 1 execute job(s) running/reserved using 1 system(s) and 1 nodegroup(s)[1 pop and 0 depop], 2 compile job(s) running/reserved using 160Gi memory. For more information, please run 'csctl get job wsjob-b3xxjr39mtggwiqtyinxe9 --pending-status'.
2026-09-18 14:37:46,988 INFO:   Poll ingress status: Waiting for all Worker pods to be running, current running: 0/1.
2026-09-18 14:37:46,992 INFO:   Recording the timestamp when jobs is scheduled.
2026-09-18 14:37:47,021 WARNING:   Event 2026-09-18 14:37:27 +0000 UTC reason=InconsistentVersion wsjob=wsjob-b3xxjr39mtggwiqtyinxe9 message='Warning: client semantic version 1.14.0 is inconsistent with cluster server semantic version 1.20.2, there's a risk job could fail due to inconsistent setup.'
2026-09-18 14:37:47,021 INFO:   Infrastructure setup completed successfully for job wsjob-b3xxjr39mtggwiqtyinxe9
2026-09-18 14:37:57,022 INFO:   Poll ingress status: Waiting for all Weight pods to be running, current running: 0/24.
2026-09-18 14:37:57,051 INFO:   Infrastructure setup completed successfully for job wsjob-b3xxjr39mtggwiqtyinxe9
2026-09-18 14:38:07,052 INFO:   Poll ingress status: Waiting for all Weight pods to be running, current running: 6/24.
2026-09-18 14:38:07,070 INFO:   Infrastructure setup completed successfully for job wsjob-b3xxjr39mtggwiqtyinxe9
2026-09-18 14:38:17,071 INFO:   Infrastructure setup completed successfully for job wsjob-b3xxjr39mtggwiqtyinxe9
2026-09-18 14:38:27,071 INFO:   Infrastructure setup completed successfully for job wsjob-b3xxjr39mtggwiqtyinxe9
2026-09-18 14:38:37,071 INFO:   Infrastructure setup completed successfully for job wsjob-b3xxjr39mtggwiqtyinxe9
2026-09-18 14:38:47,072 INFO:   Infrastructure setup completed successfully for job wsjob-b3xxjr39mtggwiqtyinxe9
2026-09-18 14:38:57,072 INFO:   Infrastructure setup completed successfully for job wsjob-b3xxjr39mtggwiqtyinxe9
2026-09-18 14:39:07,072 INFO:   Infrastructure setup completed successfully for job wsjob-b3xxjr39mtggwiqtyinxe9
2026-09-18 14:39:17,072 INFO:   Infrastructure setup completed successfully for job wsjob-b3xxjr39mtggwiqtyinxe9
2026-09-18 14:39:27,073 INFO:   Infrastructure setup completed successfully for job wsjob-b3xxjr39mtggwiqtyinxe9
2026-09-18 14:39:37,073 INFO:   Infrastructure setup completed successfully for job wsjob-b3xxjr39mtggwiqtyinxe9
2026-09-18 14:39:47,073 INFO:   Infrastructure setup completed successfully for job wsjob-b3xxjr39mtggwiqtyinxe9
2026-09-18 14:39:57,073 INFO:   Infrastructure setup completed successfully for job wsjob-b3xxjr39mtggwiqtyinxe9
2026-09-18 14:40:07,074 INFO:   Poll ingress status: Waiting for all Weight pods to be running, current running: 22/24.
2026-09-18 14:40:07,101 INFO:   Infrastructure setup completed successfully for job wsjob-b3xxjr39mtggwiqtyinxe9
2026-09-18 14:40:17,101 INFO:   Poll ingress status: Job ingress ready, dashboard: <internal-dashboard-url>
2026-09-18 14:40:17,120 INFO:   Infrastructure setup completed successfully for job wsjob-b3xxjr39mtggwiqtyinxe9
2026-09-18 14:40:17,120 INFO:   Poll ingress success: Job ingress ready, dashboard: <internal-dashboard-url>
2026-09-18 14:40:17,134 INFO:   Finalizing out-of-cluster job handle with ingress service url: 
2026-09-18 14:40:17,134 WARNING:   Empty ingress service url. Falling back to default server: 10.125.8.2:443
2026-09-18 14:40:17,207 INFO:   Preparing to execute using 1 CSX
2026-09-18 14:41:07,919 INFO:   About to send initial weights
2026-09-18 14:41:12,818 INFO:   Finished sending initial weights
2026-09-18 14:41:12,819 INFO:   Finalizing appliance staging for the run
2026-09-18 14:41:17,204 INFO:   Waiting for device programming to complete
2026-09-18 14:41:43,207 INFO:   Device programming is complete
2026-09-18 14:41:43,847 INFO:   Using network type: ROCE
2026-09-18 14:41:43,848 INFO:   Waiting for input workers to prime the data pipeline and begin streaming ...
2026-09-18 14:41:43,856 INFO:   Input workers have begun streaming input data
2026-09-18 14:41:43,985 INFO:   Appliance staging is complete
2026-09-18 14:41:43,986 INFO:   Beginning appliance run
2026-09-18 14:41:44,391 INFO:   | Train Device=CSX, Step=1, Loss=9.57101, Rate=0.0664 samples/sec, GlobalRate=0.0664 samples/sec, LoopTimeRemaining=0:01:13, TimeRemaining=0:01:13
2026-09-18 14:41:44,596 INFO:   | Train Device=CSX, Step=2, Loss=10.01312, Rate=747.64 samples/sec, GlobalRate=0.133 samples/sec, LoopTimeRemaining=0:00:56, TimeRemaining=0:00:56
2026-09-18 14:41:44,802 INFO:   | Train Device=CSX, Step=3, Loss=9.97907, Rate=1045.10 samples/sec, GlobalRate=0.199 samples/sec, LoopTimeRemaining=0:00:41, TimeRemaining=0:00:41
2026-09-18 14:41:44,998 INFO:   | Train Device=CSX, Step=4, Loss=8.87139, Rate=1203.28 samples/sec, GlobalRate=0.266 samples/sec, LoopTimeRemaining=0:00:40, TimeRemaining=0:00:40
2026-09-18 14:41:45,201 INFO:   | Train Device=CSX, Step=5, Loss=8.59969, Rate=1236.12 samples/sec, GlobalRate=0.332 samples/sec, LoopTimeRemaining=0:00:40, TimeRemaining=0:00:40
2026-09-18 14:41:45,403 INFO:   | Train Device=CSX, Step=6, Loss=8.86300, Rate=1256.53 samples/sec, GlobalRate=0.398 samples/sec, LoopTimeRemaining=0:00:40, TimeRemaining=0:00:40
2026-09-18 14:41:45,598 INFO:   | Train Device=CSX, Step=7, Loss=8.35882, Rate=1290.49 samples/sec, GlobalRate=0.465 samples/sec, LoopTimeRemaining=0:00:39, TimeRemaining=0:00:39
2026-09-18 14:41:45,801 INFO:   | Train Device=CSX, Step=8, Loss=8.42714, Rate=1272.26 samples/sec, GlobalRate=0.531 samples/sec, LoopTimeRemaining=0:00:39, TimeRemaining=0:00:39
2026-09-18 14:41:46,009 INFO:   | Train Device=CSX, Step=9, Loss=8.48284, Rate=1250.59 samples/sec, GlobalRate=0.598 samples/sec, LoopTimeRemaining=0:00:39, TimeRemaining=0:00:39
2026-09-18 14:41:46,209 INFO:   | Train Device=CSX, Step=10, Loss=8.62872, Rate=1265.31 samples/sec, GlobalRate=0.664 samples/sec, LoopTimeRemaining=0:00:39, TimeRemaining=0:00:39
2026-09-18 14:41:46,407 INFO:   | Train Device=CSX, Step=11, Loss=8.23842, Rate=1281.90 samples/sec, GlobalRate=0.73 samples/sec, LoopTimeRemaining=0:00:38, TimeRemaining=0:00:38
2026-09-18 14:41:46,609 INFO:   | Train Device=CSX, Step=12, Loss=8.12128, Rate=1272.98 samples/sec, GlobalRate=0.797 samples/sec, LoopTimeRemaining=0:00:38, TimeRemaining=0:00:38
2026-09-18 14:41:46,813 INFO:   | Train Device=CSX, Step=13, Loss=8.11710, Rate=1263.03 samples/sec, GlobalRate=0.863 samples/sec, LoopTimeRemaining=0:00:38, TimeRemaining=0:00:38
2026-09-18 14:41:47,021 INFO:   | Train Device=CSX, Step=14, Loss=8.04113, Rate=1241.04 samples/sec, GlobalRate=0.929 samples/sec, LoopTimeRemaining=0:00:38, TimeRemaining=0:00:38
2026-09-18 14:41:47,223 INFO:   | Train Device=CSX, Step=15, Loss=7.68856, Rate=1258.27 samples/sec, GlobalRate=0.996 samples/sec, LoopTimeRemaining=0:00:38, TimeRemaining=0:00:38
2026-09-18 14:41:47,425 INFO:   | Train Device=CSX, Step=16, Loss=8.00319, Rate=1262.29 samples/sec, GlobalRate=1.06 samples/sec, LoopTimeRemaining=0:00:37, TimeRemaining=0:00:37
2026-09-18 14:41:47,640 INFO:   | Train Device=CSX, Step=17, Loss=7.81474, Rate=1221.00 samples/sec, GlobalRate=1.13 samples/sec, LoopTimeRemaining=0:00:37, TimeRemaining=0:00:37
2026-09-18 14:41:47,847 INFO:   | Train Device=CSX, Step=18, Loss=7.72012, Rate=1231.63 samples/sec, GlobalRate=1.19 samples/sec, LoopTimeRemaining=0:00:37, TimeRemaining=0:00:37
2026-09-18 14:41:48,039 INFO:   | Train Device=CSX, Step=19, Loss=7.90040, Rate=1290.69 samples/sec, GlobalRate=1.26 samples/sec, LoopTimeRemaining=0:00:37, TimeRemaining=0:00:37
2026-09-18 14:41:48,243 INFO:   | Train Device=CSX, Step=20, Loss=7.92835, Rate=1269.41 samples/sec, GlobalRate=1.33 samples/sec, LoopTimeRemaining=0:00:37, TimeRemaining=0:00:37
2026-09-18 14:41:48,437 INFO:   | Train Device=CSX, Step=21, Loss=7.95124, Rate=1299.70 samples/sec, GlobalRate=1.39 samples/sec, LoopTimeRemaining=0:00:36, TimeRemaining=0:00:36
2026-09-18 14:41:48,631 INFO:   | Train Device=CSX, Step=22, Loss=7.24613, Rate=1311.71 samples/sec, GlobalRate=1.46 samples/sec, LoopTimeRemaining=0:00:36, TimeRemaining=0:00:36
2026-09-18 14:41:48,825 INFO:   | Train Device=CSX, Step=23, Loss=7.45669, Rate=1317.00 samples/sec, GlobalRate=1.53 samples/sec, LoopTimeRemaining=0:00:36, TimeRemaining=0:00:36
2026-09-18 14:41:49,022 INFO:   | Train Device=CSX, Step=24, Loss=7.41088, Rate=1306.04 samples/sec, GlobalRate=1.59 samples/sec, LoopTimeRemaining=0:00:36, TimeRemaining=0:00:36
2026-09-18 14:41:49,229 INFO:   | Train Device=CSX, Step=25, Loss=7.27861, Rate=1265.65 samples/sec, GlobalRate=1.66 samples/sec, LoopTimeRemaining=0:00:35, TimeRemaining=0:00:35
2026-09-18 14:41:49,434 INFO:   | Train Device=CSX, Step=26, Loss=7.35025, Rate=1254.50 samples/sec, GlobalRate=1.72 samples/sec, LoopTimeRemaining=0:00:35, TimeRemaining=0:00:35
2026-09-18 14:41:49,636 INFO:   | Train Device=CSX, Step=27, Loss=7.31336, Rate=1262.98 samples/sec, GlobalRate=1.79 samples/sec, LoopTimeRemaining=0:00:35, TimeRemaining=0:00:35
2026-09-18 14:41:49,838 INFO:   | Train Device=CSX, Step=28, Loss=7.29186, Rate=1266.59 samples/sec, GlobalRate=1.86 samples/sec, LoopTimeRemaining=0:00:35, TimeRemaining=0:00:35
2026-09-18 14:41:50,053 INFO:   | Train Device=CSX, Step=29, Loss=7.58262, Rate=1220.46 samples/sec, GlobalRate=1.92 samples/sec, LoopTimeRemaining=0:00:35, TimeRemaining=0:00:35
2026-09-18 14:41:50,247 INFO:   | Train Device=CSX, Step=30, Loss=6.93132, Rate=1276.34 samples/sec, GlobalRate=1.99 samples/sec, LoopTimeRemaining=0:00:34, TimeRemaining=0:00:34
2026-09-18 14:41:50,459 INFO:   | Train Device=CSX, Step=31, Loss=7.13493, Rate=1238.24 samples/sec, GlobalRate=2.06 samples/sec, LoopTimeRemaining=0:00:34, TimeRemaining=0:00:34
2026-09-18 14:41:50,656 INFO:   | Train Device=CSX, Step=32, Loss=7.23928, Rate=1277.98 samples/sec, GlobalRate=2.12 samples/sec, LoopTimeRemaining=0:00:34, TimeRemaining=0:00:34
2026-09-18 14:41:50,859 INFO:   | Train Device=CSX, Step=33, Loss=7.19274, Rate=1264.43 samples/sec, GlobalRate=2.19 samples/sec, LoopTimeRemaining=0:00:34, TimeRemaining=0:00:34
2026-09-18 14:41:51,065 INFO:   | Train Device=CSX, Step=34, Loss=7.24897, Rate=1249.20 samples/sec, GlobalRate=2.25 samples/sec, LoopTimeRemaining=0:00:34, TimeRemaining=0:00:34
2026-09-18 14:41:51,259 INFO:   | Train Device=CSX, Step=35, Loss=7.31421, Rate=1291.51 samples/sec, GlobalRate=2.32 samples/sec, LoopTimeRemaining=0:00:33, TimeRemaining=0:00:33
2026-09-18 14:41:51,459 INFO:   | Train Device=CSX, Step=36, Loss=7.06568, Rate=1284.28 samples/sec, GlobalRate=2.39 samples/sec, LoopTimeRemaining=0:00:33, TimeRemaining=0:00:33
2026-09-18 14:41:51,657 INFO:   | Train Device=CSX, Step=37, Loss=7.10844, Rate=1293.38 samples/sec, GlobalRate=2.45 samples/sec, LoopTimeRemaining=0:00:33, TimeRemaining=0:00:33
2026-09-18 14:41:51,861 INFO:   | Train Device=CSX, Step=38, Loss=6.70413, Rate=1267.98 samples/sec, GlobalRate=2.52 samples/sec, LoopTimeRemaining=0:00:33, TimeRemaining=0:00:33
2026-09-18 14:41:52,068 INFO:   | Train Device=CSX, Step=39, Loss=7.03852, Rate=1248.33 samples/sec, GlobalRate=2.59 samples/sec, LoopTimeRemaining=0:00:33, TimeRemaining=0:00:33
2026-09-18 14:41:52,262 INFO:   | Train Device=CSX, Step=40, Loss=7.02542, Rate=1291.81 samples/sec, GlobalRate=2.65 samples/sec, LoopTimeRemaining=0:00:32, TimeRemaining=0:00:32
2026-09-18 14:41:52,456 INFO:   | Train Device=CSX, Step=41, Loss=6.97268, Rate=1308.97 samples/sec, GlobalRate=2.72 samples/sec, LoopTimeRemaining=0:00:32, TimeRemaining=0:00:32
2026-09-18 14:41:52,651 INFO:   | Train Device=CSX, Step=42, Loss=7.01992, Rate=1311.99 samples/sec, GlobalRate=2.78 samples/sec, LoopTimeRemaining=0:00:32, TimeRemaining=0:00:32
2026-09-18 14:41:52,846 INFO:   | Train Device=CSX, Step=43, Loss=6.87363, Rate=1312.72 samples/sec, GlobalRate=2.85 samples/sec, LoopTimeRemaining=0:00:32, TimeRemaining=0:00:32
2026-09-18 14:41:53,045 INFO:   | Train Device=CSX, Step=44, Loss=6.89021, Rate=1294.53 samples/sec, GlobalRate=2.92 samples/sec, LoopTimeRemaining=0:00:31, TimeRemaining=0:00:31
2026-09-18 14:41:53,238 INFO:   | Train Device=CSX, Step=45, Loss=6.94625, Rate=1316.41 samples/sec, GlobalRate=2.98 samples/sec, LoopTimeRemaining=0:00:31, TimeRemaining=0:00:31
2026-09-18 14:41:53,432 INFO:   | Train Device=CSX, Step=46, Loss=7.08234, Rate=1317.76 samples/sec, GlobalRate=3.05 samples/sec, LoopTimeRemaining=0:00:31, TimeRemaining=0:00:31
2026-09-18 14:41:53,625 INFO:   | Train Device=CSX, Step=47, Loss=6.95480, Rate=1320.24 samples/sec, GlobalRate=3.11 samples/sec, LoopTimeRemaining=0:00:31, TimeRemaining=0:00:31
2026-09-18 14:41:53,820 INFO:   | Train Device=CSX, Step=48, Loss=7.13289, Rate=1315.83 samples/sec, GlobalRate=3.18 samples/sec, LoopTimeRemaining=0:00:31, TimeRemaining=0:00:31
2026-09-18 14:41:54,018 INFO:   | Train Device=CSX, Step=49, Loss=7.03991, Rate=1305.85 samples/sec, GlobalRate=3.25 samples/sec, LoopTimeRemaining=0:00:30, TimeRemaining=0:00:30
2026-09-18 14:41:54,208 INFO:   | Train Device=CSX, Step=50, Loss=7.07957, Rate=1327.66 samples/sec, GlobalRate=3.31 samples/sec, LoopTimeRemaining=0:00:30, TimeRemaining=0:00:30
2026-09-18 14:41:54,398 INFO:   | Train Device=CSX, Step=51, Loss=6.98914, Rate=1342.30 samples/sec, GlobalRate=3.38 samples/sec, LoopTimeRemaining=0:00:30, TimeRemaining=0:00:30
2026-09-18 14:41:54,596 INFO:   | Train Device=CSX, Step=52, Loss=6.97150, Rate=1309.60 samples/sec, GlobalRate=3.45 samples/sec, LoopTimeRemaining=0:00:30, TimeRemaining=0:00:30
2026-09-18 14:41:54,797 INFO:   | Train Device=CSX, Step=53, Loss=6.89398, Rate=1290.96 samples/sec, GlobalRate=3.51 samples/sec, LoopTimeRemaining=0:00:29, TimeRemaining=0:00:29
2026-09-18 14:41:54,995 INFO:   | Train Device=CSX, Step=54, Loss=6.79619, Rate=1288.95 samples/sec, GlobalRate=3.58 samples/sec, LoopTimeRemaining=0:00:29, TimeRemaining=0:00:29
2026-09-18 14:41:55,202 INFO:   | Train Device=CSX, Step=55, Loss=6.95036, Rate=1257.85 samples/sec, GlobalRate=3.64 samples/sec, LoopTimeRemaining=0:00:29, TimeRemaining=0:00:29
2026-09-18 14:41:55,409 INFO:   | Train Device=CSX, Step=56, Loss=7.15664, Rate=1245.45 samples/sec, GlobalRate=3.71 samples/sec, LoopTimeRemaining=0:00:29, TimeRemaining=0:00:29
2026-09-18 14:41:55,631 INFO:   | Train Device=CSX, Step=57, Loss=7.03453, Rate=1215.68 samples/sec, GlobalRate=3.78 samples/sec, LoopTimeRemaining=0:00:29, TimeRemaining=0:00:29
2026-09-18 14:41:55,830 INFO:   | Train Device=CSX, Step=58, Loss=7.02676, Rate=1227.86 samples/sec, GlobalRate=3.84 samples/sec, LoopTimeRemaining=0:00:29, TimeRemaining=0:00:29
2026-09-18 14:41:56,031 INFO:   | Train Device=CSX, Step=59, Loss=6.68098, Rate=1255.41 samples/sec, GlobalRate=3.91 samples/sec, LoopTimeRemaining=0:00:28, TimeRemaining=0:00:28
2026-09-18 14:41:56,230 INFO:   | Train Device=CSX, Step=60, Loss=6.74770, Rate=1274.60 samples/sec, GlobalRate=3.97 samples/sec, LoopTimeRemaining=0:00:28, TimeRemaining=0:00:28
2026-09-18 14:41:56,423 INFO:   | Train Device=CSX, Step=61, Loss=6.81081, Rate=1307.25 samples/sec, GlobalRate=4.04 samples/sec, LoopTimeRemaining=0:00:28, TimeRemaining=0:00:28
2026-09-18 14:41:56,627 INFO:   | Train Device=CSX, Step=62, Loss=6.72296, Rate=1277.15 samples/sec, GlobalRate=4.11 samples/sec, LoopTimeRemaining=0:00:28, TimeRemaining=0:00:28
2026-09-18 14:41:56,826 INFO:   | Train Device=CSX, Step=63, Loss=6.93243, Rate=1282.46 samples/sec, GlobalRate=4.17 samples/sec, LoopTimeRemaining=0:00:28, TimeRemaining=0:00:28
2026-09-18 14:41:57,033 INFO:   | Train Device=CSX, Step=64, Loss=6.95771, Rate=1254.37 samples/sec, GlobalRate=4.24 samples/sec, LoopTimeRemaining=0:00:27, TimeRemaining=0:00:27
2026-09-18 14:41:57,238 INFO:   | Train Device=CSX, Step=65, Loss=7.02633, Rate=1250.11 samples/sec, GlobalRate=4.30 samples/sec, LoopTimeRemaining=0:00:27, TimeRemaining=0:00:27
2026-09-18 14:41:57,435 INFO:   | Train Device=CSX, Step=66, Loss=6.86412, Rate=1281.55 samples/sec, GlobalRate=4.37 samples/sec, LoopTimeRemaining=0:00:27, TimeRemaining=0:00:27
2026-09-18 14:41:57,638 INFO:   | Train Device=CSX, Step=67, Loss=6.93805, Rate=1266.30 samples/sec, GlobalRate=4.44 samples/sec, LoopTimeRemaining=0:00:27, TimeRemaining=0:00:27
2026-09-18 14:41:57,840 INFO:   | Train Device=CSX, Step=68, Loss=6.91089, Rate=1267.55 samples/sec, GlobalRate=4.50 samples/sec, LoopTimeRemaining=0:00:27, TimeRemaining=0:00:27
2026-09-18 14:41:58,034 INFO:   | Train Device=CSX, Step=69, Loss=7.04341, Rate=1298.48 samples/sec, GlobalRate=4.57 samples/sec, LoopTimeRemaining=0:00:26, TimeRemaining=0:00:26
2026-09-18 14:41:58,232 INFO:   | Train Device=CSX, Step=70, Loss=6.84508, Rate=1297.54 samples/sec, GlobalRate=4.63 samples/sec, LoopTimeRemaining=0:00:26, TimeRemaining=0:00:26
2026-09-18 14:41:58,434 INFO:   | Train Device=CSX, Step=71, Loss=6.94962, Rate=1276.83 samples/sec, GlobalRate=4.70 samples/sec, LoopTimeRemaining=0:00:26, TimeRemaining=0:00:26
2026-09-18 14:41:58,640 INFO:   | Train Device=CSX, Step=72, Loss=6.80021, Rate=1257.77 samples/sec, GlobalRate=4.77 samples/sec, LoopTimeRemaining=0:00:26, TimeRemaining=0:00:26
2026-09-18 14:41:58,842 INFO:   | Train Device=CSX, Step=73, Loss=6.96600, Rate=1262.09 samples/sec, GlobalRate=4.83 samples/sec, LoopTimeRemaining=0:00:26, TimeRemaining=0:00:26
2026-09-18 14:41:59,036 INFO:   | Train Device=CSX, Step=74, Loss=6.76362, Rate=1299.14 samples/sec, GlobalRate=4.90 samples/sec, LoopTimeRemaining=0:00:25, TimeRemaining=0:00:25
2026-09-18 14:41:59,227 INFO:   | Train Device=CSX, Step=75, Loss=6.76743, Rate=1322.46 samples/sec, GlobalRate=4.96 samples/sec, LoopTimeRemaining=0:00:25, TimeRemaining=0:00:25
2026-09-18 14:41:59,423 INFO:   | Train Device=CSX, Step=76, Loss=6.83261, Rate=1314.78 samples/sec, GlobalRate=5.03 samples/sec, LoopTimeRemaining=0:00:25, TimeRemaining=0:00:25
2026-09-18 14:41:59,617 INFO:   | Train Device=CSX, Step=77, Loss=6.93114, Rate=1313.89 samples/sec, GlobalRate=5.09 samples/sec, LoopTimeRemaining=0:00:25, TimeRemaining=0:00:25
2026-09-18 14:41:59,814 INFO:   | Train Device=CSX, Step=78, Loss=7.00288, Rate=1307.88 samples/sec, GlobalRate=5.16 samples/sec, LoopTimeRemaining=0:00:24, TimeRemaining=0:00:24
2026-09-18 14:42:00,012 INFO:   | Train Device=CSX, Step=79, Loss=6.96690, Rate=1297.24 samples/sec, GlobalRate=5.23 samples/sec, LoopTimeRemaining=0:00:24, TimeRemaining=0:00:24
2026-09-18 14:42:00,209 INFO:   | Train Device=CSX, Step=80, Loss=6.79876, Rate=1299.78 samples/sec, GlobalRate=5.29 samples/sec, LoopTimeRemaining=0:00:24, TimeRemaining=0:00:24
2026-09-18 14:42:00,402 INFO:   | Train Device=CSX, Step=81, Loss=6.60101, Rate=1315.88 samples/sec, GlobalRate=5.36 samples/sec, LoopTimeRemaining=0:00:24, TimeRemaining=0:00:24
2026-09-18 14:42:00,596 INFO:   | Train Device=CSX, Step=82, Loss=7.05868, Rate=1316.78 samples/sec, GlobalRate=5.42 samples/sec, LoopTimeRemaining=0:00:24, TimeRemaining=0:00:24
2026-09-18 14:42:00,791 INFO:   | Train Device=CSX, Step=83, Loss=6.89347, Rate=1316.47 samples/sec, GlobalRate=5.49 samples/sec, LoopTimeRemaining=0:00:23, TimeRemaining=0:00:23
2026-09-18 14:42:00,978 INFO:   | Train Device=CSX, Step=84, Loss=7.05528, Rate=1346.44 samples/sec, GlobalRate=5.56 samples/sec, LoopTimeRemaining=0:00:23, TimeRemaining=0:00:23
2026-09-18 14:42:01,168 INFO:   | Train Device=CSX, Step=85, Loss=7.22111, Rate=1346.68 samples/sec, GlobalRate=5.62 samples/sec, LoopTimeRemaining=0:00:23, TimeRemaining=0:00:23
2026-09-18 14:42:01,359 INFO:   | Train Device=CSX, Step=86, Loss=7.25320, Rate=1341.71 samples/sec, GlobalRate=5.69 samples/sec, LoopTimeRemaining=0:00:23, TimeRemaining=0:00:23
2026-09-18 14:42:01,550 INFO:   | Train Device=CSX, Step=87, Loss=7.15098, Rate=1342.91 samples/sec, GlobalRate=5.75 samples/sec, LoopTimeRemaining=0:00:22, TimeRemaining=0:00:22
2026-09-18 14:42:01,765 INFO:   | Train Device=CSX, Step=88, Loss=6.81636, Rate=1251.84 samples/sec, GlobalRate=5.82 samples/sec, LoopTimeRemaining=0:00:22, TimeRemaining=0:00:22
2026-09-18 14:42:01,985 INFO:   | Train Device=CSX, Step=89, Loss=7.21201, Rate=1197.87 samples/sec, GlobalRate=5.89 samples/sec, LoopTimeRemaining=0:00:22, TimeRemaining=0:00:22
2026-09-18 14:42:02,187 INFO:   | Train Device=CSX, Step=90, Loss=6.65675, Rate=1240.92 samples/sec, GlobalRate=5.95 samples/sec, LoopTimeRemaining=0:00:22, TimeRemaining=0:00:22
2026-09-18 14:42:02,386 INFO:   | Train Device=CSX, Step=91, Loss=6.87558, Rate=1267.82 samples/sec, GlobalRate=6.02 samples/sec, LoopTimeRemaining=0:00:22, TimeRemaining=0:00:22
2026-09-18 14:42:02,580 INFO:   | Train Device=CSX, Step=92, Loss=6.76283, Rate=1298.50 samples/sec, GlobalRate=6.08 samples/sec, LoopTimeRemaining=0:00:22, TimeRemaining=0:00:22
2026-09-18 14:42:02,771 INFO:   | Train Device=CSX, Step=93, Loss=7.06321, Rate=1321.83 samples/sec, GlobalRate=6.15 samples/sec, LoopTimeRemaining=0:00:21, TimeRemaining=0:00:21
2026-09-18 14:42:02,961 INFO:   | Train Device=CSX, Step=94, Loss=6.77052, Rate=1337.27 samples/sec, GlobalRate=6.21 samples/sec, LoopTimeRemaining=0:00:21, TimeRemaining=0:00:21
2026-09-18 14:42:03,156 INFO:   | Train Device=CSX, Step=95, Loss=7.13631, Rate=1324.78 samples/sec, GlobalRate=6.28 samples/sec, LoopTimeRemaining=0:00:21, TimeRemaining=0:00:21
2026-09-18 14:42:03,361 INFO:   | Train Device=CSX, Step=96, Loss=6.93763, Rate=1277.55 samples/sec, GlobalRate=6.35 samples/sec, LoopTimeRemaining=0:00:21, TimeRemaining=0:00:21
2026-09-18 14:42:03,552 INFO:   | Train Device=CSX, Step=97, Loss=6.86201, Rate=1317.01 samples/sec, GlobalRate=6.41 samples/sec, LoopTimeRemaining=0:00:20, TimeRemaining=0:00:20
2026-09-18 14:42:03,746 INFO:   | Train Device=CSX, Step=98, Loss=6.89963, Rate=1318.80 samples/sec, GlobalRate=6.48 samples/sec, LoopTimeRemaining=0:00:20, TimeRemaining=0:00:20
2026-09-18 14:42:03,938 INFO:   | Train Device=CSX, Step=99, Loss=6.61121, Rate=1325.19 samples/sec, GlobalRate=6.54 samples/sec, LoopTimeRemaining=0:00:20, TimeRemaining=0:00:20
2026-09-18 14:42:04,140 INFO:   | Train Device=CSX, Step=100, Loss=7.00091, Rate=1292.88 samples/sec, GlobalRate=6.61 samples/sec, LoopTimeRemaining=0:00:20, TimeRemaining=0:00:20
2026-09-18 14:42:04,338 INFO:   | Train Device=CSX, Step=101, Loss=6.69242, Rate=1290.88 samples/sec, GlobalRate=6.67 samples/sec, LoopTimeRemaining=0:00:20, TimeRemaining=0:00:20
2026-09-18 14:42:04,536 INFO:   | Train Device=CSX, Step=102, Loss=7.04946, Rate=1292.93 samples/sec, GlobalRate=6.74 samples/sec, LoopTimeRemaining=0:00:19, TimeRemaining=0:00:19
2026-09-18 14:42:04,738 INFO:   | Train Device=CSX, Step=103, Loss=6.88603, Rate=1276.76 samples/sec, GlobalRate=6.81 samples/sec, LoopTimeRemaining=0:00:19, TimeRemaining=0:00:19
2026-09-18 14:42:04,932 INFO:   | Train Device=CSX, Step=104, Loss=6.92078, Rate=1310.56 samples/sec, GlobalRate=6.87 samples/sec, LoopTimeRemaining=0:00:19, TimeRemaining=0:00:19
2026-09-18 14:42:05,132 INFO:   | Train Device=CSX, Step=105, Loss=6.74966, Rate=1286.64 samples/sec, GlobalRate=6.94 samples/sec, LoopTimeRemaining=0:00:19, TimeRemaining=0:00:19
2026-09-18 14:42:05,335 INFO:   | Train Device=CSX, Step=106, Loss=6.93828, Rate=1269.42 samples/sec, GlobalRate=7.00 samples/sec, LoopTimeRemaining=0:00:19, TimeRemaining=0:00:19
2026-09-18 14:42:05,534 INFO:   | Train Device=CSX, Step=107, Loss=6.94615, Rate=1280.51 samples/sec, GlobalRate=7.07 samples/sec, LoopTimeRemaining=0:00:18, TimeRemaining=0:00:18
2026-09-18 14:42:05,728 INFO:   | Train Device=CSX, Step=108, Loss=6.68898, Rate=1302.89 samples/sec, GlobalRate=7.13 samples/sec, LoopTimeRemaining=0:00:18, TimeRemaining=0:00:18
2026-09-18 14:42:05,929 INFO:   | Train Device=CSX, Step=109, Loss=6.71368, Rate=1285.45 samples/sec, GlobalRate=7.20 samples/sec, LoopTimeRemaining=0:00:18, TimeRemaining=0:00:18
2026-09-18 14:42:06,129 INFO:   | Train Device=CSX, Step=110, Loss=6.97849, Rate=1281.70 samples/sec, GlobalRate=7.27 samples/sec, LoopTimeRemaining=0:00:18, TimeRemaining=0:00:18
2026-09-18 14:42:06,330 INFO:   | Train Device=CSX, Step=111, Loss=6.76064, Rate=1278.11 samples/sec, GlobalRate=7.33 samples/sec, LoopTimeRemaining=0:00:18, TimeRemaining=0:00:18
2026-09-18 14:42:06,520 INFO:   | Train Device=CSX, Step=112, Loss=7.04437, Rate=1321.52 samples/sec, GlobalRate=7.40 samples/sec, LoopTimeRemaining=0:00:17, TimeRemaining=0:00:17
2026-09-18 14:42:06,728 INFO:   | Train Device=CSX, Step=113, Loss=6.91916, Rate=1267.51 samples/sec, GlobalRate=7.46 samples/sec, LoopTimeRemaining=0:00:17, TimeRemaining=0:00:17
2026-09-18 14:42:06,922 INFO:   | Train Device=CSX, Step=114, Loss=7.12882, Rate=1296.22 samples/sec, GlobalRate=7.53 samples/sec, LoopTimeRemaining=0:00:17, TimeRemaining=0:00:17
2026-09-18 14:42:07,122 INFO:   | Train Device=CSX, Step=115, Loss=6.87862, Rate=1287.02 samples/sec, GlobalRate=7.59 samples/sec, LoopTimeRemaining=0:00:17, TimeRemaining=0:00:17
2026-09-18 14:42:07,334 INFO:   | Train Device=CSX, Step=116, Loss=6.95869, Rate=1240.37 samples/sec, GlobalRate=7.66 samples/sec, LoopTimeRemaining=0:00:17, TimeRemaining=0:00:17
2026-09-18 14:42:07,539 INFO:   | Train Device=CSX, Step=117, Loss=6.96526, Rate=1242.74 samples/sec, GlobalRate=7.73 samples/sec, LoopTimeRemaining=0:00:16, TimeRemaining=0:00:16
2026-09-18 14:42:07,738 INFO:   | Train Device=CSX, Step=118, Loss=6.94258, Rate=1269.68 samples/sec, GlobalRate=7.79 samples/sec, LoopTimeRemaining=0:00:16, TimeRemaining=0:00:16
2026-09-18 14:42:07,941 INFO:   | Train Device=CSX, Step=119, Loss=6.91961, Rate=1267.14 samples/sec, GlobalRate=7.86 samples/sec, LoopTimeRemaining=0:00:16, TimeRemaining=0:00:16
2026-09-18 14:42:08,140 INFO:   | Train Device=CSX, Step=120, Loss=6.76829, Rate=1278.48 samples/sec, GlobalRate=7.92 samples/sec, LoopTimeRemaining=0:00:16, TimeRemaining=0:00:16
2026-09-18 14:42:08,329 INFO:   | Train Device=CSX, Step=121, Loss=7.07950, Rate=1323.60 samples/sec, GlobalRate=7.99 samples/sec, LoopTimeRemaining=0:00:16, TimeRemaining=0:00:16
2026-09-18 14:42:08,529 INFO:   | Train Device=CSX, Step=122, Loss=6.87489, Rate=1297.07 samples/sec, GlobalRate=8.05 samples/sec, LoopTimeRemaining=0:00:16, TimeRemaining=0:00:16
2026-09-18 14:42:08,729 INFO:   | Train Device=CSX, Step=123, Loss=7.00409, Rate=1287.57 samples/sec, GlobalRate=8.12 samples/sec, LoopTimeRemaining=0:00:15, TimeRemaining=0:00:15
2026-09-18 14:42:08,930 INFO:   | Train Device=CSX, Step=124, Loss=6.83312, Rate=1276.43 samples/sec, GlobalRate=8.19 samples/sec, LoopTimeRemaining=0:00:15, TimeRemaining=0:00:15
2026-09-18 14:42:09,123 INFO:   | Train Device=CSX, Step=125, Loss=6.92514, Rate=1306.17 samples/sec, GlobalRate=8.25 samples/sec, LoopTimeRemaining=0:00:15, TimeRemaining=0:00:15
2026-09-18 14:42:09,324 INFO:   | Train Device=CSX, Step=126, Loss=6.79889, Rate=1290.30 samples/sec, GlobalRate=8.32 samples/sec, LoopTimeRemaining=0:00:15, TimeRemaining=0:00:15
2026-09-18 14:42:09,526 INFO:   | Train Device=CSX, Step=127, Loss=6.96164, Rate=1275.69 samples/sec, GlobalRate=8.38 samples/sec, LoopTimeRemaining=0:00:15, TimeRemaining=0:00:15
2026-09-18 14:42:09,729 INFO:   | Train Device=CSX, Step=128, Loss=6.91253, Rate=1266.20 samples/sec, GlobalRate=8.45 samples/sec, LoopTimeRemaining=0:00:14, TimeRemaining=0:00:14
2026-09-18 14:42:09,924 INFO:   | Train Device=CSX, Step=129, Loss=6.71887, Rate=1295.54 samples/sec, GlobalRate=8.51 samples/sec, LoopTimeRemaining=0:00:14, TimeRemaining=0:00:14
2026-09-18 14:42:10,115 INFO:   | Train Device=CSX, Step=130, Loss=7.01318, Rate=1318.85 samples/sec, GlobalRate=8.58 samples/sec, LoopTimeRemaining=0:00:14, TimeRemaining=0:00:14
2026-09-18 14:42:10,314 INFO:   | Train Device=CSX, Step=131, Loss=6.91524, Rate=1300.60 samples/sec, GlobalRate=8.64 samples/sec, LoopTimeRemaining=0:00:14, TimeRemaining=0:00:14
2026-09-18 14:42:10,508 INFO:   | Train Device=CSX, Step=132, Loss=6.92682, Rate=1314.45 samples/sec, GlobalRate=8.71 samples/sec, LoopTimeRemaining=0:00:14, TimeRemaining=0:00:14
2026-09-18 14:42:10,708 INFO:   | Train Device=CSX, Step=133, Loss=6.89787, Rate=1291.95 samples/sec, GlobalRate=8.78 samples/sec, LoopTimeRemaining=0:00:13, TimeRemaining=0:00:13
2026-09-18 14:42:10,910 INFO:   | Train Device=CSX, Step=134, Loss=6.86155, Rate=1277.68 samples/sec, GlobalRate=8.84 samples/sec, LoopTimeRemaining=0:00:13, TimeRemaining=0:00:13
2026-09-18 14:42:11,101 INFO:   | Train Device=CSX, Step=135, Loss=6.90280, Rate=1313.86 samples/sec, GlobalRate=8.91 samples/sec, LoopTimeRemaining=0:00:13, TimeRemaining=0:00:13
2026-09-18 14:42:11,299 INFO:   | Train Device=CSX, Step=136, Loss=7.07296, Rate=1301.21 samples/sec, GlobalRate=8.97 samples/sec, LoopTimeRemaining=0:00:13, TimeRemaining=0:00:13
2026-09-18 14:42:11,505 INFO:   | Train Device=CSX, Step=137, Loss=7.15246, Rate=1267.25 samples/sec, GlobalRate=9.04 samples/sec, LoopTimeRemaining=0:00:13, TimeRemaining=0:00:13
2026-09-18 14:42:11,712 INFO:   | Train Device=CSX, Step=138, Loss=7.09094, Rate=1248.02 samples/sec, GlobalRate=9.10 samples/sec, LoopTimeRemaining=0:00:12, TimeRemaining=0:00:12
2026-09-18 14:42:11,910 INFO:   | Train Device=CSX, Step=139, Loss=6.85814, Rate=1275.66 samples/sec, GlobalRate=9.17 samples/sec, LoopTimeRemaining=0:00:12, TimeRemaining=0:00:12
2026-09-18 14:42:12,115 INFO:   | Train Device=CSX, Step=140, Loss=6.89700, Rate=1259.63 samples/sec, GlobalRate=9.23 samples/sec, LoopTimeRemaining=0:00:12, TimeRemaining=0:00:12
2026-09-18 14:42:12,312 INFO:   | Train Device=CSX, Step=141, Loss=6.94546, Rate=1283.01 samples/sec, GlobalRate=9.30 samples/sec, LoopTimeRemaining=0:00:12, TimeRemaining=0:00:12
2026-09-18 14:42:12,506 INFO:   | Train Device=CSX, Step=142, Loss=6.99226, Rate=1305.57 samples/sec, GlobalRate=9.36 samples/sec, LoopTimeRemaining=0:00:12, TimeRemaining=0:00:12
2026-09-18 14:42:12,704 INFO:   | Train Device=CSX, Step=143, Loss=6.93120, Rate=1297.75 samples/sec, GlobalRate=9.43 samples/sec, LoopTimeRemaining=0:00:11, TimeRemaining=0:00:11
2026-09-18 14:42:12,898 INFO:   | Train Device=CSX, Step=144, Loss=7.14212, Rate=1309.50 samples/sec, GlobalRate=9.50 samples/sec, LoopTimeRemaining=0:00:11, TimeRemaining=0:00:11
2026-09-18 14:42:13,093 INFO:   | Train Device=CSX, Step=145, Loss=6.51366, Rate=1314.58 samples/sec, GlobalRate=9.56 samples/sec, LoopTimeRemaining=0:00:11, TimeRemaining=0:00:11
2026-09-18 14:42:13,284 INFO:   | Train Device=CSX, Step=146, Loss=6.83152, Rate=1327.47 samples/sec, GlobalRate=9.63 samples/sec, LoopTimeRemaining=0:00:11, TimeRemaining=0:00:11
2026-09-18 14:42:13,485 INFO:   | Train Device=CSX, Step=147, Loss=6.66191, Rate=1295.23 samples/sec, GlobalRate=9.69 samples/sec, LoopTimeRemaining=0:00:11, TimeRemaining=0:00:11
2026-09-18 14:42:13,677 INFO:   | Train Device=CSX, Step=148, Loss=6.80197, Rate=1320.56 samples/sec, GlobalRate=9.76 samples/sec, LoopTimeRemaining=0:00:10, TimeRemaining=0:00:10
2026-09-18 14:42:13,879 INFO:   | Train Device=CSX, Step=149, Loss=6.87018, Rate=1288.22 samples/sec, GlobalRate=9.82 samples/sec, LoopTimeRemaining=0:00:10, TimeRemaining=0:00:10
2026-09-18 14:42:14,075 INFO:   | Train Device=CSX, Step=150, Loss=6.93910, Rate=1297.41 samples/sec, GlobalRate=9.89 samples/sec, LoopTimeRemaining=0:00:10, TimeRemaining=0:00:10
2026-09-18 14:42:14,265 INFO:   | Train Device=CSX, Step=151, Loss=6.94611, Rate=1329.19 samples/sec, GlobalRate=9.95 samples/sec, LoopTimeRemaining=0:00:10, TimeRemaining=0:00:10
2026-09-18 14:42:14,456 INFO:   | Train Device=CSX, Step=152, Loss=6.85262, Rate=1336.16 samples/sec, GlobalRate=10.02 samples/sec, LoopTimeRemaining=0:00:10, TimeRemaining=0:00:10
2026-09-18 14:42:14,649 INFO:   | Train Device=CSX, Step=153, Loss=6.89433, Rate=1330.13 samples/sec, GlobalRate=10.08 samples/sec, LoopTimeRemaining=0:00:09, TimeRemaining=0:00:09
2026-09-18 14:42:14,849 INFO:   | Train Device=CSX, Step=154, Loss=6.81278, Rate=1298.85 samples/sec, GlobalRate=10.15 samples/sec, LoopTimeRemaining=0:00:09, TimeRemaining=0:00:09
2026-09-18 14:42:15,039 INFO:   | Train Device=CSX, Step=155, Loss=7.03242, Rate=1327.34 samples/sec, GlobalRate=10.22 samples/sec, LoopTimeRemaining=0:00:09, TimeRemaining=0:00:09
2026-09-18 14:42:15,234 INFO:   | Train Device=CSX, Step=156, Loss=6.88511, Rate=1320.63 samples/sec, GlobalRate=10.28 samples/sec, LoopTimeRemaining=0:00:09, TimeRemaining=0:00:09
2026-09-18 14:42:15,425 INFO:   | Train Device=CSX, Step=157, Loss=6.79545, Rate=1329.40 samples/sec, GlobalRate=10.35 samples/sec, LoopTimeRemaining=0:00:09, TimeRemaining=0:00:09
2026-09-18 14:42:15,620 INFO:   | Train Device=CSX, Step=158, Loss=6.79805, Rate=1321.87 samples/sec, GlobalRate=10.41 samples/sec, LoopTimeRemaining=0:00:08, TimeRemaining=0:00:08
2026-09-18 14:42:15,811 INFO:   | Train Device=CSX, Step=159, Loss=6.61040, Rate=1330.55 samples/sec, GlobalRate=10.48 samples/sec, LoopTimeRemaining=0:00:08, TimeRemaining=0:00:08
2026-09-18 14:42:16,010 INFO:   | Train Device=CSX, Step=160, Loss=7.09496, Rate=1304.25 samples/sec, GlobalRate=10.54 samples/sec, LoopTimeRemaining=0:00:08, TimeRemaining=0:00:08
2026-09-18 14:42:16,205 INFO:   | Train Device=CSX, Step=161, Loss=6.97792, Rate=1309.48 samples/sec, GlobalRate=10.61 samples/sec, LoopTimeRemaining=0:00:08, TimeRemaining=0:00:08
2026-09-18 14:42:16,404 INFO:   | Train Device=CSX, Step=162, Loss=6.85410, Rate=1298.02 samples/sec, GlobalRate=10.67 samples/sec, LoopTimeRemaining=0:00:08, TimeRemaining=0:00:08
2026-09-18 14:42:16,601 INFO:   | Train Device=CSX, Step=163, Loss=6.87078, Rate=1298.50 samples/sec, GlobalRate=10.74 samples/sec, LoopTimeRemaining=0:00:07, TimeRemaining=0:00:07
2026-09-18 14:42:16,807 INFO:   | Train Device=CSX, Step=164, Loss=7.29604, Rate=1263.32 samples/sec, GlobalRate=10.80 samples/sec, LoopTimeRemaining=0:00:07, TimeRemaining=0:00:07
2026-09-18 14:42:17,002 INFO:   | Train Device=CSX, Step=165, Loss=6.64608, Rate=1292.65 samples/sec, GlobalRate=10.87 samples/sec, LoopTimeRemaining=0:00:07, TimeRemaining=0:00:07
2026-09-18 14:42:17,200 INFO:   | Train Device=CSX, Step=166, Loss=7.02595, Rate=1292.59 samples/sec, GlobalRate=10.93 samples/sec, LoopTimeRemaining=0:00:07, TimeRemaining=0:00:07
2026-09-18 14:42:17,395 INFO:   | Train Device=CSX, Step=167, Loss=7.11276, Rate=1306.00 samples/sec, GlobalRate=11.00 samples/sec, LoopTimeRemaining=0:00:07, TimeRemaining=0:00:07
2026-09-18 14:42:17,587 INFO:   | Train Device=CSX, Step=168, Loss=7.04718, Rate=1324.15 samples/sec, GlobalRate=11.06 samples/sec, LoopTimeRemaining=0:00:06, TimeRemaining=0:00:06
2026-09-18 14:42:17,786 INFO:   | Train Device=CSX, Step=169, Loss=6.84580, Rate=1299.78 samples/sec, GlobalRate=11.13 samples/sec, LoopTimeRemaining=0:00:06, TimeRemaining=0:00:06
2026-09-18 14:42:17,981 INFO:   | Train Device=CSX, Step=170, Loss=7.19214, Rate=1308.16 samples/sec, GlobalRate=11.20 samples/sec, LoopTimeRemaining=0:00:06, TimeRemaining=0:00:06
2026-09-18 14:42:18,175 INFO:   | Train Device=CSX, Step=171, Loss=6.83324, Rate=1316.13 samples/sec, GlobalRate=11.26 samples/sec, LoopTimeRemaining=0:00:06, TimeRemaining=0:00:06
2026-09-18 14:42:18,371 INFO:   | Train Device=CSX, Step=172, Loss=6.96468, Rate=1309.71 samples/sec, GlobalRate=11.33 samples/sec, LoopTimeRemaining=0:00:05, TimeRemaining=0:00:05
2026-09-18 14:42:18,562 INFO:   | Train Device=CSX, Step=173, Loss=7.04474, Rate=1326.15 samples/sec, GlobalRate=11.39 samples/sec, LoopTimeRemaining=0:00:05, TimeRemaining=0:00:05
2026-09-18 14:42:18,757 INFO:   | Train Device=CSX, Step=174, Loss=6.65055, Rate=1319.18 samples/sec, GlobalRate=11.46 samples/sec, LoopTimeRemaining=0:00:05, TimeRemaining=0:00:05
2026-09-18 14:42:18,949 INFO:   | Train Device=CSX, Step=175, Loss=6.89273, Rate=1328.48 samples/sec, GlobalRate=11.52 samples/sec, LoopTimeRemaining=0:00:05, TimeRemaining=0:00:05
2026-09-18 14:42:19,144 INFO:   | Train Device=CSX, Step=176, Loss=6.92367, Rate=1317.74 samples/sec, GlobalRate=11.59 samples/sec, LoopTimeRemaining=0:00:05, TimeRemaining=0:00:05
2026-09-18 14:42:19,340 INFO:   | Train Device=CSX, Step=177, Loss=7.15725, Rate=1309.72 samples/sec, GlobalRate=11.65 samples/sec, LoopTimeRemaining=0:00:05, TimeRemaining=0:00:05
2026-09-18 14:42:19,535 INFO:   | Train Device=CSX, Step=178, Loss=6.82820, Rate=1314.66 samples/sec, GlobalRate=11.72 samples/sec, LoopTimeRemaining=0:00:04, TimeRemaining=0:00:04
2026-09-18 14:42:19,730 INFO:   | Train Device=CSX, Step=179, Loss=6.72972, Rate=1311.04 samples/sec, GlobalRate=11.78 samples/sec, LoopTimeRemaining=0:00:04, TimeRemaining=0:00:04
2026-09-18 14:42:19,923 INFO:   | Train Device=CSX, Step=180, Loss=6.88526, Rate=1320.18 samples/sec, GlobalRate=11.85 samples/sec, LoopTimeRemaining=0:00:04, TimeRemaining=0:00:04
2026-09-18 14:42:20,119 INFO:   | Train Device=CSX, Step=181, Loss=6.76572, Rate=1311.09 samples/sec, GlobalRate=11.91 samples/sec, LoopTimeRemaining=0:00:04, TimeRemaining=0:00:04
2026-09-18 14:42:20,311 INFO:   | Train Device=CSX, Step=182, Loss=6.65585, Rate=1328.01 samples/sec, GlobalRate=11.98 samples/sec, LoopTimeRemaining=0:00:04, TimeRemaining=0:00:04
2026-09-18 14:42:20,503 INFO:   | Train Device=CSX, Step=183, Loss=6.85701, Rate=1327.77 samples/sec, GlobalRate=12.04 samples/sec, LoopTimeRemaining=0:00:03, TimeRemaining=0:00:03
2026-09-18 14:42:20,694 INFO:   | Train Device=CSX, Step=184, Loss=6.77331, Rate=1336.56 samples/sec, GlobalRate=12.11 samples/sec, LoopTimeRemaining=0:00:03, TimeRemaining=0:00:03
2026-09-18 14:42:20,885 INFO:   | Train Device=CSX, Step=185, Loss=7.21975, Rate=1339.26 samples/sec, GlobalRate=12.17 samples/sec, LoopTimeRemaining=0:00:03, TimeRemaining=0:00:03
2026-09-18 14:42:21,075 INFO:   | Train Device=CSX, Step=186, Loss=6.80670, Rate=1343.74 samples/sec, GlobalRate=12.24 samples/sec, LoopTimeRemaining=0:00:03, TimeRemaining=0:00:03
2026-09-18 14:42:21,269 INFO:   | Train Device=CSX, Step=187, Loss=7.23062, Rate=1329.04 samples/sec, GlobalRate=12.30 samples/sec, LoopTimeRemaining=0:00:03, TimeRemaining=0:00:03
2026-09-18 14:42:21,463 INFO:   | Train Device=CSX, Step=188, Loss=6.76358, Rate=1324.21 samples/sec, GlobalRate=12.37 samples/sec, LoopTimeRemaining=0:00:02, TimeRemaining=0:00:02
2026-09-18 14:42:21,668 INFO:   | Train Device=CSX, Step=189, Loss=6.91537, Rate=1283.56 samples/sec, GlobalRate=12.43 samples/sec, LoopTimeRemaining=0:00:02, TimeRemaining=0:00:02
2026-09-18 14:42:21,861 INFO:   | Train Device=CSX, Step=190, Loss=6.80388, Rate=1303.35 samples/sec, GlobalRate=12.50 samples/sec, LoopTimeRemaining=0:00:02, TimeRemaining=0:00:02
2026-09-18 14:42:22,059 INFO:   | Train Device=CSX, Step=191, Loss=6.79189, Rate=1296.30 samples/sec, GlobalRate=12.57 samples/sec, LoopTimeRemaining=0:00:02, TimeRemaining=0:00:02
2026-09-18 14:42:22,253 INFO:   | Train Device=CSX, Step=192, Loss=6.84273, Rate=1312.56 samples/sec, GlobalRate=12.63 samples/sec, LoopTimeRemaining=0:00:02, TimeRemaining=0:00:02
2026-09-18 14:42:22,443 INFO:   | Train Device=CSX, Step=193, Loss=6.84205, Rate=1333.38 samples/sec, GlobalRate=12.70 samples/sec, LoopTimeRemaining=0:00:01, TimeRemaining=0:00:01
2026-09-18 14:42:22,638 INFO:   | Train Device=CSX, Step=194, Loss=6.70194, Rate=1321.15 samples/sec, GlobalRate=12.76 samples/sec, LoopTimeRemaining=0:00:01, TimeRemaining=0:00:01
2026-09-18 14:42:22,834 INFO:   | Train Device=CSX, Step=195, Loss=6.65832, Rate=1312.39 samples/sec, GlobalRate=12.83 samples/sec, LoopTimeRemaining=0:00:01, TimeRemaining=0:00:01
2026-09-18 14:42:23,024 INFO:   | Train Device=CSX, Step=196, Loss=6.94356, Rate=1330.19 samples/sec, GlobalRate=12.89 samples/sec, LoopTimeRemaining=0:00:01, TimeRemaining=0:00:01
2026-09-18 14:42:23,219 INFO:   | Train Device=CSX, Step=197, Loss=6.65594, Rate=1319.91 samples/sec, GlobalRate=12.96 samples/sec, LoopTimeRemaining=0:00:01, TimeRemaining=0:00:01
2026-09-18 14:42:23,413 INFO:   | Train Device=CSX, Step=198, Loss=6.87604, Rate=1320.25 samples/sec, GlobalRate=13.02 samples/sec, LoopTimeRemaining=0:00:00, TimeRemaining=0:00:00
2026-09-18 14:42:23,609 INFO:   | Train Device=CSX, Step=199, Loss=6.91951, Rate=1313.16 samples/sec, GlobalRate=13.09 samples/sec, LoopTimeRemaining=0:00:00, TimeRemaining=0:00:00
2026-09-18 14:42:23,807 INFO:   | Train Device=CSX, Step=200, Loss=6.97733, Rate=1299.92 samples/sec, GlobalRate=13.15 samples/sec, LoopTimeRemaining=0:00:00, TimeRemaining=0:00:00
2026-09-18 14:42:32,070 INFO:   Training completed successfully!
2026-09-18 14:42:32,075 INFO:   Processed 51200 training sample(s) in 3902.077844549 seconds.
