$REPO_ROOT/.venv/lib/python3.11/site-packages/outdated/__init__.py:36: UserWarning: pkg_resources is deprecated as an API. See https://setuptools.pypa.io/en/latest/pkg_resources.html. The pkg_resources package is slated for removal as early as 2025-11-30. Refrain from using this package or pin to Setuptools<81.
  from pkg_resources import parse_version
[ddp] Single-process mode: device=cuda
[Info] Running in Single-Process mode (CPU or Single GPU).
[Info] Device: cuda
[GraphCache] Caching disabled (0 nodes).
[Step=0010] Wall=6.2671s | Loss=6.1075
[Profile] Avg ms/step | Load: 33.938 (Prep: 21.331, Struc: 0.395, Fetch: 12.212) | Fwd: 542.828 | Bwd: 43.293 | Opt: 4.269 | GPU_Tot: 602.997
[Autotune] {"version": 1, "step": 10, "wall_seconds": 6.2670681580057135, "seed_nodes": 40960, "loss": 6.10748519897461, "all_losses_finite": true}
[Step=0020] Wall=6.5646s | Loss=3.2578
[Profile] Avg ms/step | Load: 22.306 (Prep: 10.689, Struc: 0.346, Fetch: 11.272) | Fwd: 275.732 | Bwd: 26.508 | Opt: 2.414 | GPU_Tot: 316.272
[Autotune] {"version": 1, "step": 20, "wall_seconds": 6.564587112996378, "seed_nodes": 81920, "loss": 3.25784912109375, "all_losses_finite": true}
[Step=0030] Wall=7.0122s | Loss=2.6629
[Profile] Avg ms/step | Load: 23.724 (Prep: 11.781, Struc: 0.326, Fetch: 11.617) | Fwd: 186.567 | Bwd: 20.756 | Opt: 1.795 | GPU_Tot: 221.062
[Autotune] {"version": 1, "step": 30, "wall_seconds": 7.012197126998217, "seed_nodes": 119613, "loss": 2.662872886657715, "all_losses_finite": true}
[Step=0040] Wall=7.3108s | Loss=2.2913
[Profile] Avg ms/step | Load: 0.000 (Prep: 0.000, Struc: 0.000, Fetch: 0.000) | Fwd: 0.000 | Bwd: 0.000 | Opt: 0.000 | GPU_Tot: 0.000
[Autotune] {"version": 1, "step": 40, "wall_seconds": 7.310802924999734, "seed_nodes": 160573, "loss": 2.2913143157958986, "all_losses_finite": true}
[Step=0050] Wall=7.7057s | Loss=2.0130
[Profile] Avg ms/step | Load: 21.336 (Prep: 8.679, Struc: 0.294, Fetch: 12.364) | Fwd: 8.209 | Bwd: 9.214 | Opt: 0.566 | GPU_Tot: 30.647
[Autotune] {"version": 1, "step": 50, "wall_seconds": 7.705668077003793, "seed_nodes": 198266, "loss": 2.01303768157959, "all_losses_finite": true}
[Step=0060] Wall=8.0028s | Loss=1.8355
[Profile] Avg ms/step | Load: 15.974 (Prep: 4.362, Struc: 0.294, Fetch: 11.317) | Fwd: 8.430 | Bwd: 9.483 | Opt: 0.558 | GPU_Tot: 30.083
[Autotune] {"version": 1, "step": 60, "wall_seconds": 8.002793043007841, "seed_nodes": 239226, "loss": 1.8355167388916016, "all_losses_finite": true}
[Step=0070] Wall=8.3475s | Loss=1.7160
[Profile] Avg ms/step | Load: 16.095 (Prep: 4.813, Struc: 0.293, Fetch: 10.989) | Fwd: 8.354 | Bwd: 9.396 | Opt: 0.556 | GPU_Tot: 29.588
[Autotune] {"version": 1, "step": 70, "wall_seconds": 8.347505851997994, "seed_nodes": 276919, "loss": 1.7159858703613282, "all_losses_finite": true}
[Step=0080] Wall=8.6770s | Loss=1.5919
[Profile] Avg ms/step | Load: 15.537 (Prep: 4.113, Struc: 0.294, Fetch: 11.129) | Fwd: 8.427 | Bwd: 9.482 | Opt: 0.556 | GPU_Tot: 29.888
[Autotune] {"version": 1, "step": 80, "wall_seconds": 8.677027236000868, "seed_nodes": 317879, "loss": 1.5919387817382813, "all_losses_finite": true}
[Step=0090] Wall=8.9737s | Loss=1.5112
[Profile] Avg ms/step | Load: 14.538 (Prep: 3.299, Struc: 0.295, Fetch: 10.944) | Fwd: 8.475 | Bwd: 9.538 | Opt: 0.555 | GPU_Tot: 29.807
[Autotune] {"version": 1, "step": 90, "wall_seconds": 8.973738469998352, "seed_nodes": 358839, "loss": 1.5111660957336426, "all_losses_finite": true}
[Step=0100] Wall=9.3743s | Loss=1.4509
[Profile] Avg ms/step | Load: 15.766 (Prep: 4.346, Struc: 0.293, Fetch: 11.127) | Fwd: 8.430 | Bwd: 9.486 | Opt: 0.556 | GPU_Tot: 29.892
[Autotune] {"version": 1, "step": 100, "wall_seconds": 9.374287913000444, "seed_nodes": 396532, "loss": 1.4509346961975098, "all_losses_finite": true}
[Step=0110] Wall=9.6784s | Loss=1.3795
[Profile] Avg ms/step | Load: 15.121 (Prep: 3.731, Struc: 0.294, Fetch: 11.096) | Fwd: 8.465 | Bwd: 9.526 | Opt: 0.557 | GPU_Tot: 29.937
[Autotune] {"version": 1, "step": 110, "wall_seconds": 9.678381407007691, "seed_nodes": 437492, "loss": 1.3794894218444824, "all_losses_finite": true}
[Step=0120] Wall=10.0768s | Loss=1.3559
[Profile] Avg ms/step | Load: 15.935 (Prep: 4.629, Struc: 0.296, Fetch: 11.010) | Fwd: 8.435 | Bwd: 9.492 | Opt: 0.557 | GPU_Tot: 29.791
[Autotune] {"version": 1, "step": 120, "wall_seconds": 10.076839100001962, "seed_nodes": 475185, "loss": 1.3558703422546388, "all_losses_finite": true}
[Step=0130] Wall=10.3739s | Loss=1.3356
[Profile] Avg ms/step | Load: 15.345 (Prep: 4.120, Struc: 0.296, Fetch: 10.930) | Fwd: 8.459 | Bwd: 9.520 | Opt: 0.556 | GPU_Tot: 29.760
[Autotune] {"version": 1, "step": 130, "wall_seconds": 10.37388244199974, "seed_nodes": 516145, "loss": 1.3355714797973632, "all_losses_finite": true}
[Step=0140] Wall=10.7585s | Loss=1.2900
[Profile] Avg ms/step | Load: 15.834 (Prep: 4.619, Struc: 0.295, Fetch: 10.920) | Fwd: 8.437 | Bwd: 9.492 | Opt: 0.559 | GPU_Tot: 29.703
[Autotune] {"version": 1, "step": 140, "wall_seconds": 10.758459964010399, "seed_nodes": 553838, "loss": 1.289969253540039, "all_losses_finite": true}
[Step=0150] Wall=11.0894s | Loss=1.2801
[Profile] Avg ms/step | Load: 15.665 (Prep: 4.252, Struc: 0.295, Fetch: 11.117) | Fwd: 8.458 | Bwd: 9.517 | Opt: 0.558 | GPU_Tot: 29.945
[Autotune] {"version": 1, "step": 150, "wall_seconds": 11.089419274998363, "seed_nodes": 594798, "loss": 1.280117130279541, "all_losses_finite": true}
[Step=0160] Wall=11.3898s | Loss=1.2537
[Profile] Avg ms/step | Load: 15.271 (Prep: 3.902, Struc: 0.295, Fetch: 11.074) | Fwd: 8.474 | Bwd: 9.535 | Opt: 0.558 | GPU_Tot: 29.936
[Autotune] {"version": 1, "step": 160, "wall_seconds": 11.389831439999398, "seed_nodes": 635758, "loss": 1.2536680221557617, "all_losses_finite": true}
[Step=0170] Wall=11.7929s | Loss=1.2340
[Profile] Avg ms/step | Load: 15.794 (Prep: 4.462, Struc: 0.295, Fetch: 11.037) | Fwd: 8.456 | Bwd: 9.513 | Opt: 0.560 | GPU_Tot: 29.861
[Autotune] {"version": 1, "step": 170, "wall_seconds": 11.79294669200317, "seed_nodes": 673451, "loss": 1.2339603424072265, "all_losses_finite": true}
[Step=0180] Wall=12.0937s | Loss=1.2370
[Profile] Avg ms/step | Load: 15.449 (Prep: 4.146, Struc: 0.295, Fetch: 11.008) | Fwd: 8.470 | Bwd: 9.529 | Opt: 0.560 | GPU_Tot: 29.863
[Autotune] {"version": 1, "step": 180, "wall_seconds": 12.093686166001135, "seed_nodes": 714411, "loss": 1.2370195388793945, "all_losses_finite": true}
[Step=0190] Wall=12.4906s | Loss=1.1976
[Profile] Avg ms/step | Load: 15.850 (Prep: 4.435, Struc: 0.296, Fetch: 11.119) | Fwd: 8.456 | Bwd: 9.511 | Opt: 0.560 | GPU_Tot: 29.943
[Autotune] {"version": 1, "step": 190, "wall_seconds": 12.49060408200603, "seed_nodes": 752104, "loss": 1.197627067565918, "all_losses_finite": true}
[Step=0200] Wall=12.7905s | Loss=1.2004
[Profile] Avg ms/step | Load: 15.540 (Prep: 4.160, Struc: 0.296, Fetch: 11.084) | Fwd: 8.469 | Bwd: 9.525 | Opt: 0.560 | GPU_Tot: 29.934
[Autotune] {"version": 1, "step": 200, "wall_seconds": 12.790474110006471, "seed_nodes": 793064, "loss": 1.200361728668213, "all_losses_finite": true}
[Step=0210] Wall=13.1778s | Loss=1.2090
[Profile] Avg ms/step | Load: 15.836 (Prep: 4.434, Struc: 0.296, Fetch: 11.107) | Fwd: 8.454 | Bwd: 9.508 | Opt: 0.560 | GPU_Tot: 29.924
[Autotune] {"version": 1, "step": 210, "wall_seconds": 13.177847323007882, "seed_nodes": 830757, "loss": 1.20895357131958, "all_losses_finite": true}
[Step=0220] Wall=13.4752s | Loss=1.1838
[Profile] Avg ms/step | Load: 15.548 (Prep: 4.190, Struc: 0.296, Fetch: 11.062) | Fwd: 8.465 | Bwd: 9.521 | Opt: 0.559 | GPU_Tot: 29.903
[Autotune] {"version": 1, "step": 220, "wall_seconds": 13.475209620009991, "seed_nodes": 871717, "loss": 1.1837961196899414, "all_losses_finite": true}
[Step=0230] Wall=13.7681s | Loss=1.1677
[Profile] Avg ms/step | Load: 15.315 (Prep: 3.972, Struc: 0.295, Fetch: 11.049) | Fwd: 8.451 | Bwd: 9.506 | Opt: 0.559 | GPU_Tot: 29.860
[Autotune] {"version": 1, "step": 230, "wall_seconds": 13.768063797004288, "seed_nodes": 909410, "loss": 1.167658805847168, "all_losses_finite": true}
[Step=0240] Wall=14.1869s | Loss=1.1597
[Profile] Avg ms/step | Load: 15.686 (Prep: 4.275, Struc: 0.296, Fetch: 11.115) | Fwd: 8.463 | Bwd: 9.519 | Opt: 0.559 | GPU_Tot: 29.951
[Autotune] {"version": 1, "step": 240, "wall_seconds": 14.186901181004941, "seed_nodes": 950370, "loss": 1.1596843719482421, "all_losses_finite": true}
[Step=0250] Wall=14.4854s | Loss=1.1555
[Profile] Avg ms/step | Load: 15.450 (Prep: 4.074, Struc: 0.296, Fetch: 11.080) | Fwd: 8.472 | Bwd: 9.530 | Opt: 0.559 | GPU_Tot: 29.937
[Autotune] {"version": 1, "step": 250, "wall_seconds": 14.485412936002831, "seed_nodes": 991330, "loss": 1.1554771423339845, "all_losses_finite": true}
[Step=0260] Wall=14.8854s | Loss=1.1394
[Profile] Avg ms/step | Load: 15.740 (Prep: 4.325, Struc: 0.295, Fetch: 11.120) | Fwd: 8.460 | Bwd: 9.517 | Opt: 0.559 | GPU_Tot: 29.951
[Autotune] {"version": 1, "step": 260, "wall_seconds": 14.88544603199989, "seed_nodes": 1029023, "loss": 1.1394176483154297, "all_losses_finite": true}
[Step=0270] Wall=15.1834s | Loss=1.1291
[Profile] Avg ms/step | Load: 15.520 (Prep: 4.138, Struc: 0.295, Fetch: 11.086) | Fwd: 8.469 | Bwd: 9.527 | Opt: 0.559 | GPU_Tot: 29.936
[Autotune] {"version": 1, "step": 270, "wall_seconds": 15.183427418000065, "seed_nodes": 1069983, "loss": 1.1290770530700684, "all_losses_finite": true}
[Step=0280] Wall=15.5786s | Loss=1.1432
[Profile] Avg ms/step | Load: 15.763 (Prep: 4.356, Struc: 0.295, Fetch: 11.111) | Fwd: 8.458 | Bwd: 9.514 | Opt: 0.559 | GPU_Tot: 29.939
[Autotune] {"version": 1, "step": 280, "wall_seconds": 15.57862534900778, "seed_nodes": 1107676, "loss": 1.1432443618774415, "all_losses_finite": true}
[Step=0290] Wall=15.8841s | Loss=1.1323
[Profile] Avg ms/step | Load: 15.591 (Prep: 4.183, Struc: 0.295, Fetch: 11.113) | Fwd: 8.466 | Bwd: 9.523 | Opt: 0.559 | GPU_Tot: 29.955
[Autotune] {"version": 1, "step": 290, "wall_seconds": 15.884121830007643, "seed_nodes": 1148636, "loss": 1.1323098182678222, "all_losses_finite": true}
[Step=0300] Wall=16.2489s | Loss=1.1187
[Profile] Avg ms/step | Load: 15.693 (Prep: 4.312, Struc: 0.295, Fetch: 11.086) | Fwd: 8.457 | Bwd: 9.514 | Opt: 0.559 | GPU_Tot: 29.911
[Autotune] {"version": 1, "step": 300, "wall_seconds": 16.248908523004502, "seed_nodes": 1186329, "loss": 1.118743324279785, "all_losses_finite": true}
[Step=0310] Wall=16.5799s | Loss=1.1114
[Profile] Avg ms/step | Load: 15.630 (Prep: 4.248, Struc: 0.295, Fetch: 11.087) | Fwd: 8.465 | Bwd: 9.522 | Opt: 0.559 | GPU_Tot: 29.928
[Autotune] {"version": 1, "step": 310, "wall_seconds": 16.579863474005833, "seed_nodes": 1227289, "loss": 1.1114264488220216, "all_losses_finite": true}
[Step=0320] Wall=16.8842s | Loss=1.1033
[Profile] Avg ms/step | Load: 15.476 (Prep: 4.098, Struc: 0.295, Fetch: 11.083) | Fwd: 8.472 | Bwd: 9.530 | Opt: 0.558 | GPU_Tot: 29.939
[Autotune] {"version": 1, "step": 320, "wall_seconds": 16.884177376996377, "seed_nodes": 1268249, "loss": 1.1033254623413087, "all_losses_finite": true}
[Step=0330] Wall=17.2956s | Loss=1.1020
[Profile] Avg ms/step | Load: 15.735 (Prep: 4.349, Struc: 0.295, Fetch: 11.091) | Fwd: 8.463 | Bwd: 9.520 | Opt: 0.558 | GPU_Tot: 29.928
[Autotune] {"version": 1, "step": 330, "wall_seconds": 17.295603004007717, "seed_nodes": 1305942, "loss": 1.1019779205322267, "all_losses_finite": true}
[Step=0340] Wall=17.5939s | Loss=1.1053
[Profile] Avg ms/step | Load: 15.568 (Prep: 4.205, Struc: 0.295, Fetch: 11.067) | Fwd: 8.469 | Bwd: 9.528 | Opt: 0.558 | GPU_Tot: 29.918
[Autotune] {"version": 1, "step": 340, "wall_seconds": 17.593864702008432, "seed_nodes": 1346902, "loss": 1.105346393585205, "all_losses_finite": true}
[Step=0350] Wall=17.9959s | Loss=1.1006
[Profile] Avg ms/step | Load: 15.776 (Prep: 4.422, Struc: 0.295, Fetch: 11.059) | Fwd: 8.462 | Bwd: 9.519 | Opt: 0.558 | GPU_Tot: 29.892
[Autotune] {"version": 1, "step": 350, "wall_seconds": 17.995855815999676, "seed_nodes": 1384595, "loss": 1.100592041015625, "all_losses_finite": true}
[Step=0360] Wall=18.2943s | Loss=1.0967
[Profile] Avg ms/step | Load: 15.619 (Prep: 4.285, Struc: 0.295, Fetch: 11.039) | Fwd: 8.468 | Bwd: 9.525 | Opt: 0.558 | GPU_Tot: 29.885
[Autotune] {"version": 1, "step": 360, "wall_seconds": 18.29433545000211, "seed_nodes": 1425555, "loss": 1.0967007637023927, "all_losses_finite": true}
[Step=0370] Wall=18.7143s | Loss=1.0762
[Profile] Avg ms/step | Load: 15.867 (Prep: 4.543, Struc: 0.295, Fetch: 11.030) | Fwd: 8.461 | Bwd: 9.517 | Opt: 0.558 | GPU_Tot: 29.859
[Autotune] {"version": 1, "step": 370, "wall_seconds": 18.71431495800789, "seed_nodes": 1463248, "loss": 1.0762399673461913, "all_losses_finite": true}
[Step=0380] Wall=19.0195s | Loss=1.0796
[Profile] Avg ms/step | Load: 15.736 (Prep: 4.411, Struc: 0.295, Fetch: 11.031) | Fwd: 8.467 | Bwd: 9.524 | Opt: 0.557 | GPU_Tot: 29.873
[Autotune] {"version": 1, "step": 380, "wall_seconds": 19.019488129008096, "seed_nodes": 1504208, "loss": 1.079568099975586, "all_losses_finite": true}
[Step=0390] Wall=19.3179s | Loss=1.0727
[Profile] Avg ms/step | Load: 15.593 (Prep: 4.286, Struc: 0.295, Fetch: 11.012) | Fwd: 8.472 | Bwd: 9.530 | Opt: 0.557 | GPU_Tot: 29.867
[Autotune] {"version": 1, "step": 390, "wall_seconds": 19.317867716003093, "seed_nodes": 1545168, "loss": 1.0726950645446778, "all_losses_finite": true}
[Step=0400] Wall=19.7245s | Loss=1.0710
[Profile] Avg ms/step | Load: 15.784 (Prep: 4.455, Struc: 0.295, Fetch: 11.034) | Fwd: 8.465 | Bwd: 9.522 | Opt: 0.557 | GPU_Tot: 29.874
[Autotune] {"version": 1, "step": 400, "wall_seconds": 19.724514280998847, "seed_nodes": 1582861, "loss": 1.0709996223449707, "all_losses_finite": true}
[Step=0410] Wall=20.0252s | Loss=1.0715
[Profile] Avg ms/step | Load: 15.653 (Prep: 4.336, Struc: 0.295, Fetch: 11.023) | Fwd: 8.471 | Bwd: 9.528 | Opt: 0.557 | GPU_Tot: 29.874
[Autotune] {"version": 1, "step": 410, "wall_seconds": 20.025175058006425, "seed_nodes": 1623821, "loss": 1.0714959144592284, "all_losses_finite": true}
[Step=0420] Wall=20.4424s | Loss=1.0742
[Profile] Avg ms/step | Load: 15.861 (Prep: 4.535, Struc: 0.295, Fetch: 11.032) | Fwd: 8.464 | Bwd: 9.521 | Opt: 0.557 | GPU_Tot: 29.868
[Autotune] {"version": 1, "step": 420, "wall_seconds": 20.442417413010844, "seed_nodes": 1661514, "loss": 1.0742292404174805, "all_losses_finite": true}
[Step=0430] Wall=20.7411s | Loss=1.0629
[Profile] Avg ms/step | Load: 15.731 (Prep: 4.420, Struc: 0.295, Fetch: 11.017) | Fwd: 8.469 | Bwd: 9.526 | Opt: 0.557 | GPU_Tot: 29.864
[Autotune] {"version": 1, "step": 430, "wall_seconds": 20.74109270599729, "seed_nodes": 1702474, "loss": 1.0628751754760741, "all_losses_finite": true}
[Step=0440] Wall=21.1436s | Loss=1.0721
[Profile] Avg ms/step | Load: 15.888 (Prep: 4.569, Struc: 0.295, Fetch: 11.024) | Fwd: 8.464 | Bwd: 9.520 | Opt: 0.557 | GPU_Tot: 29.860
[Autotune] {"version": 1, "step": 440, "wall_seconds": 21.14359409699682, "seed_nodes": 1740167, "loss": 1.0721409797668457, "all_losses_finite": true}
[Step=0450] Wall=21.4412s | Loss=1.0605
[Profile] Avg ms/step | Load: 15.761 (Prep: 4.458, Struc: 0.295, Fetch: 11.008) | Fwd: 8.468 | Bwd: 9.525 | Opt: 0.557 | GPU_Tot: 29.853
[Autotune] {"version": 1, "step": 450, "wall_seconds": 21.441218966007, "seed_nodes": 1781127, "loss": 1.0604581832885742, "all_losses_finite": true}
[Step=0460] Wall=21.7232s | Loss=1.0433
[Profile] Avg ms/step | Load: 15.624 (Prep: 4.353, Struc: 0.294, Fetch: 10.977) | Fwd: 8.463 | Bwd: 9.519 | Opt: 0.557 | GPU_Tot: 29.809
[Autotune] {"version": 1, "step": 460, "wall_seconds": 21.723242399006267, "seed_nodes": 1818820, "loss": 1.0432961463928223, "all_losses_finite": true}
[Step=0470] Wall=22.1452s | Loss=1.0505
[Profile] Avg ms/step | Load: 15.799 (Prep: 4.497, Struc: 0.295, Fetch: 11.007) | Fwd: 8.467 | Bwd: 9.523 | Opt: 0.557 | GPU_Tot: 29.849
[Autotune] {"version": 1, "step": 470, "wall_seconds": 22.145205546010402, "seed_nodes": 1859780, "loss": 1.0504647254943849, "all_losses_finite": true}
[Step=0480] Wall=22.4430s | Loss=1.0457
[Profile] Avg ms/step | Load: 15.682 (Prep: 4.396, Struc: 0.295, Fetch: 10.991) | Fwd: 8.471 | Bwd: 9.529 | Opt: 0.557 | GPU_Tot: 29.843
[Autotune] {"version": 1, "step": 480, "wall_seconds": 22.44297851000738, "seed_nodes": 1900740, "loss": 1.0456621170043945, "all_losses_finite": true}
[Step=0490] Wall=22.8405s | Loss=1.0402
[Profile] Avg ms/step | Load: 15.813 (Prep: 4.532, Struc: 0.295, Fetch: 10.986) | Fwd: 8.466 | Bwd: 9.522 | Opt: 0.556 | GPU_Tot: 29.825
[Autotune] {"version": 1, "step": 490, "wall_seconds": 22.840519945006236, "seed_nodes": 1938433, "loss": 1.0402350425720215, "all_losses_finite": true}
[Step=0500] Wall=23.1388s | Loss=1.0431
[Profile] Avg ms/step | Load: 15.702 (Prep: 4.435, Struc: 0.295, Fetch: 10.972) | Fwd: 8.470 | Bwd: 9.528 | Opt: 0.556 | GPU_Tot: 29.821
[Autotune] {"version": 1, "step": 500, "wall_seconds": 23.13884570800292, "seed_nodes": 1979393, "loss": 1.043144989013672, "all_losses_finite": true}
[Step=0510] Wall=23.5304s | Loss=1.0200
[Profile] Avg ms/step | Load: 15.814 (Prep: 4.548, Struc: 0.295, Fetch: 10.971) | Fwd: 8.465 | Bwd: 9.522 | Opt: 0.556 | GPU_Tot: 29.809
[Autotune] {"version": 1, "step": 510, "wall_seconds": 23.53042555200227, "seed_nodes": 2017086, "loss": 1.0199825286865234, "all_losses_finite": true}
[Step=0520] Wall=23.8277s | Loss=1.0451
[Profile] Avg ms/step | Load: 15.706 (Prep: 4.454, Struc: 0.295, Fetch: 10.957) | Fwd: 8.469 | Bwd: 9.526 | Opt: 0.556 | GPU_Tot: 29.803
[Autotune] {"version": 1, "step": 520, "wall_seconds": 23.827729897006066, "seed_nodes": 2058046, "loss": 1.0451170921325683, "all_losses_finite": true}
[Step=0530] Wall=24.2154s | Loss=1.0347
[Profile] Avg ms/step | Load: 15.805 (Prep: 4.567, Struc: 0.295, Fetch: 10.943) | Fwd: 8.464 | Bwd: 9.520 | Opt: 0.557 | GPU_Tot: 29.779
[Autotune] {"version": 1, "step": 530, "wall_seconds": 24.215432954006246, "seed_nodes": 2095739, "loss": 1.034695816040039, "all_losses_finite": true}
[Step=0540] Wall=24.5207s | Loss=1.0224
[Profile] Avg ms/step | Load: 15.718 (Prep: 4.477, Struc: 0.295, Fetch: 10.946) | Fwd: 8.468 | Bwd: 9.525 | Opt: 0.557 | GPU_Tot: 29.790
[Autotune] {"version": 1, "step": 540, "wall_seconds": 24.520715289007057, "seed_nodes": 2136699, "loss": 1.0224493026733399, "all_losses_finite": true}
[Step=0550] Wall=24.8182s | Loss=1.0372
[Profile] Avg ms/step | Load: 15.618 (Prep: 4.390, Struc: 0.295, Fetch: 10.933) | Fwd: 8.472 | Bwd: 9.529 | Opt: 0.557 | GPU_Tot: 29.786
[Autotune] {"version": 1, "step": 550, "wall_seconds": 24.81817125499947, "seed_nodes": 2177659, "loss": 1.0372249603271484, "all_losses_finite": true}
[Step=0560] Wall=25.2087s | Loss=1.0462
[Profile] Avg ms/step | Load: 15.719 (Prep: 4.417, Struc: 0.294, Fetch: 11.007) | Fwd: 8.467 | Bwd: 9.524 | Opt: 0.557 | GPU_Tot: 29.849
[Autotune] {"version": 1, "step": 560, "wall_seconds": 25.208690245999605, "seed_nodes": 2215352, "loss": 1.0462285041809083, "all_losses_finite": true}
[Step=0570] Wall=25.5123s | Loss=1.0182
[Profile] Avg ms/step | Load: 15.635 (Prep: 4.335, Struc: 0.294, Fetch: 11.006) | Fwd: 8.470 | Bwd: 9.528 | Opt: 0.557 | GPU_Tot: 29.855
[Autotune] {"version": 1, "step": 570, "wall_seconds": 25.512269758008188, "seed_nodes": 2256312, "loss": 1.0181742668151856, "all_losses_finite": true}
[Step=0580] Wall=25.8987s | Loss=1.0161
[Profile] Avg ms/step | Load: 15.725 (Prep: 4.399, Struc: 0.295, Fetch: 11.032) | Fwd: 8.465 | Bwd: 9.522 | Opt: 0.557 | GPU_Tot: 29.871
[Autotune] {"version": 1, "step": 580, "wall_seconds": 25.898694413001067, "seed_nodes": 2294005, "loss": 1.016134262084961, "all_losses_finite": true}
[Step=0590] Wall=26.1977s | Loss=1.0064
[Profile] Avg ms/step | Load: 15.635 (Prep: 4.319, Struc: 0.295, Fetch: 11.021) | Fwd: 8.469 | Bwd: 9.526 | Opt: 0.557 | GPU_Tot: 29.868
[Autotune] {"version": 1, "step": 590, "wall_seconds": 26.19770742500259, "seed_nodes": 2334965, "loss": 1.0064377784729004, "all_losses_finite": true}
[Step=0600] Wall=26.5545s | Loss=1.0130
[Profile] Avg ms/step | Load: 15.667 (Prep: 4.343, Struc: 0.294, Fetch: 11.030) | Fwd: 8.465 | Bwd: 9.522 | Opt: 0.557 | GPU_Tot: 29.868
[Autotune] {"version": 1, "step": 600, "wall_seconds": 26.554508358007297, "seed_nodes": 2372658, "loss": 1.0130027770996093, "all_losses_finite": true}
[Step=0610] Wall=26.8972s | Loss=1.0163
[Profile] Avg ms/step | Load: 15.658 (Prep: 4.286, Struc: 0.295, Fetch: 11.077) | Fwd: 8.469 | Bwd: 9.526 | Opt: 0.557 | GPU_Tot: 29.924
[Autotune] {"version": 1, "step": 610, "wall_seconds": 26.89723894900817, "seed_nodes": 2413618, "loss": 1.0163308143615724, "all_losses_finite": true}
[Step=0620] Wall=27.1990s | Loss=1.0093
[Profile] Avg ms/step | Load: 15.578 (Prep: 4.213, Struc: 0.295, Fetch: 11.070) | Fwd: 8.473 | Bwd: 9.530 | Opt: 0.557 | GPU_Tot: 29.924
[Autotune] {"version": 1, "step": 620, "wall_seconds": 27.198983947004308, "seed_nodes": 2454578, "loss": 1.0093441009521484, "all_losses_finite": true}
[Step=0630] Wall=27.5861s | Loss=1.0175
[Profile] Avg ms/step | Load: 15.662 (Prep: 4.282, Struc: 0.294, Fetch: 11.086) | Fwd: 8.469 | Bwd: 9.524 | Opt: 0.557 | GPU_Tot: 29.930
[Autotune] {"version": 1, "step": 630, "wall_seconds": 27.586123476998182, "seed_nodes": 2492271, "loss": 1.0174817085266112, "all_losses_finite": true}
[Step=0640] Wall=27.8878s | Loss=1.0036
[Profile] Avg ms/step | Load: 15.585 (Prep: 4.211, Struc: 0.294, Fetch: 11.079) | Fwd: 8.472 | Bwd: 9.528 | Opt: 0.557 | GPU_Tot: 29.931
[Autotune] {"version": 1, "step": 640, "wall_seconds": 27.887849999999162, "seed_nodes": 2533231, "loss": 1.0036097526550294, "all_losses_finite": true}
[Step=0650] Wall=28.2900s | Loss=1.0009
[Profile] Avg ms/step | Load: 15.691 (Prep: 4.286, Struc: 0.295, Fetch: 11.111) | Fwd: 8.468 | Bwd: 9.523 | Opt: 0.557 | GPU_Tot: 29.954
[Autotune] {"version": 1, "step": 650, "wall_seconds": 28.28995509100787, "seed_nodes": 2570924, "loss": 1.000864601135254, "all_losses_finite": true}
[Step=0660] Wall=28.5874s | Loss=0.9958
[Profile] Avg ms/step | Load: 15.609 (Prep: 4.217, Struc: 0.295, Fetch: 11.097) | Fwd: 8.471 | Bwd: 9.527 | Opt: 0.557 | GPU_Tot: 29.947
[Autotune] {"version": 1, "step": 660, "wall_seconds": 28.587360238001565, "seed_nodes": 2611884, "loss": 0.9958395004272461, "all_losses_finite": true}
[Step=0670] Wall=28.9870s | Loss=0.9992
[Profile] Avg ms/step | Load: 15.706 (Prep: 4.332, Struc: 0.295, Fetch: 11.080) | Fwd: 8.467 | Bwd: 9.523 | Opt: 0.557 | GPU_Tot: 29.922
[Autotune] {"version": 1, "step": 670, "wall_seconds": 28.98699071200099, "seed_nodes": 2649577, "loss": 0.9992462158203125, "all_losses_finite": true}
[Step=0680] Wall=29.2848s | Loss=0.9928
[Profile] Avg ms/step | Load: 15.628 (Prep: 4.265, Struc: 0.295, Fetch: 11.069) | Fwd: 8.470 | Bwd: 9.526 | Opt: 0.557 | GPU_Tot: 29.917
[Autotune] {"version": 1, "step": 680, "wall_seconds": 29.284792272999766, "seed_nodes": 2690537, "loss": 0.9927989959716796, "all_losses_finite": true}
[Step=0690] Wall=29.5666s | Loss=0.9985
[Profile] Avg ms/step | Load: 15.542 (Prep: 4.200, Struc: 0.295, Fetch: 11.047) | Fwd: 8.466 | Bwd: 9.522 | Opt: 0.557 | GPU_Tot: 29.888
[Autotune] {"version": 1, "step": 690, "wall_seconds": 29.566620209996472, "seed_nodes": 2728230, "loss": 0.9985328674316406, "all_losses_finite": true}
[Step=0700] Wall=29.9818s | Loss=0.9908
[Profile] Avg ms/step | Load: 15.645 (Prep: 4.286, Struc: 0.295, Fetch: 11.064) | Fwd: 8.470 | Bwd: 9.525 | Opt: 0.558 | GPU_Tot: 29.911
[Autotune] {"version": 1, "step": 700, "wall_seconds": 29.981769973004702, "seed_nodes": 2769190, "loss": 0.9907892227172852, "all_losses_finite": true}
[Step=0710] Wall=30.2797s | Loss=0.9862
[Profile] Avg ms/step | Load: 15.571 (Prep: 4.223, Struc: 0.295, Fetch: 11.053) | Fwd: 8.473 | Bwd: 9.529 | Opt: 0.558 | GPU_Tot: 29.907
[Autotune] {"version": 1, "step": 710, "wall_seconds": 30.279714450007305, "seed_nodes": 2810150, "loss": 0.9861834526062012, "all_losses_finite": true}
[Step=0720] Wall=30.7051s | Loss=0.9886
[Profile] Avg ms/step | Load: 15.700 (Prep: 4.355, Struc: 0.295, Fetch: 11.050) | Fwd: 8.469 | Bwd: 9.524 | Opt: 0.558 | GPU_Tot: 29.896
[Autotune] {"version": 1, "step": 720, "wall_seconds": 30.705078195998794, "seed_nodes": 2847843, "loss": 0.9886026382446289, "all_losses_finite": true}
[Step=0730] Wall=31.0053s | Loss=0.9860
[Profile] Avg ms/step | Load: 15.630 (Prep: 4.292, Struc: 0.295, Fetch: 11.043) | Fwd: 8.472 | Bwd: 9.528 | Opt: 0.558 | GPU_Tot: 29.895
[Autotune] {"version": 1, "step": 730, "wall_seconds": 31.005325546997483, "seed_nodes": 2888803, "loss": 0.9859746932983399, "all_losses_finite": true}
[Step=0740] Wall=31.3890s | Loss=0.9866
[Profile] Avg ms/step | Load: 15.695 (Prep: 4.357, Struc: 0.295, Fetch: 11.043) | Fwd: 8.469 | Bwd: 9.524 | Opt: 0.558 | GPU_Tot: 29.888
[Autotune] {"version": 1, "step": 740, "wall_seconds": 31.388997066998854, "seed_nodes": 2926496, "loss": 0.9865737915039062, "all_losses_finite": true}
[Step=0750] Wall=31.6909s | Loss=0.9843
[Profile] Avg ms/step | Load: 15.629 (Prep: 4.296, Struc: 0.295, Fetch: 11.038) | Fwd: 8.471 | Bwd: 9.527 | Opt: 0.558 | GPU_Tot: 29.889
[Autotune] {"version": 1, "step": 750, "wall_seconds": 31.690892712009372, "seed_nodes": 2967456, "loss": 0.9842531204223632, "all_losses_finite": true}
[Step=0760] Wall=32.0771s | Loss=0.9889
[Profile] Avg ms/step | Load: 15.696 (Prep: 4.368, Struc: 0.295, Fetch: 11.034) | Fwd: 8.468 | Bwd: 9.523 | Opt: 0.558 | GPU_Tot: 29.877
[Autotune] {"version": 1, "step": 760, "wall_seconds": 32.07713489800517, "seed_nodes": 3005149, "loss": 0.9888765335083007, "all_losses_finite": true}
[Step=0770] Wall=32.3899s | Loss=0.9799
[Profile] Avg ms/step | Load: 15.647 (Prep: 4.309, Struc: 0.295, Fetch: 11.044) | Fwd: 8.471 | Bwd: 9.526 | Opt: 0.558 | GPU_Tot: 29.893
[Autotune] {"version": 1, "step": 770, "wall_seconds": 32.38986374200613, "seed_nodes": 3046109, "loss": 0.9798589706420898, "all_losses_finite": true}
[Step=0780] Wall=32.6890s | Loss=0.9651
[Profile] Avg ms/step | Load: 15.582 (Prep: 4.251, Struc: 0.295, Fetch: 11.036) | Fwd: 8.473 | Bwd: 9.529 | Opt: 0.558 | GPU_Tot: 29.891
[Autotune] {"version": 1, "step": 780, "wall_seconds": 32.688974190008594, "seed_nodes": 3087069, "loss": 0.9651041984558105, "all_losses_finite": true}
[Step=0790] Wall=33.0842s | Loss=0.9959
[Profile] Avg ms/step | Load: 15.658 (Prep: 4.323, Struc: 0.295, Fetch: 11.040) | Fwd: 8.470 | Bwd: 9.525 | Opt: 0.558 | GPU_Tot: 29.888
[Autotune] {"version": 1, "step": 790, "wall_seconds": 33.08418415099732, "seed_nodes": 3124762, "loss": 0.9958513259887696, "all_losses_finite": true}
[Step=0800] Wall=33.3825s | Loss=0.9784
[Profile] Avg ms/step | Load: 15.593 (Prep: 4.267, Struc: 0.295, Fetch: 11.031) | Fwd: 8.473 | Bwd: 9.528 | Opt: 0.558 | GPU_Tot: 29.885
[Autotune] {"version": 1, "step": 800, "wall_seconds": 33.38249093599734, "seed_nodes": 3165722, "loss": 0.9784123420715332, "all_losses_finite": true}
[Step=0810] Wall=33.7684s | Loss=0.9675
[Profile] Avg ms/step | Load: 15.656 (Prep: 4.317, Struc: 0.295, Fetch: 11.043) | Fwd: 8.469 | Bwd: 9.525 | Opt: 0.558 | GPU_Tot: 29.891
[Autotune] {"version": 1, "step": 810, "wall_seconds": 33.76838052101084, "seed_nodes": 3203415, "loss": 0.9674850463867187, "all_losses_finite": true}
[Step=0820] Wall=34.0677s | Loss=0.9718
[Profile] Avg ms/step | Load: 15.594 (Prep: 4.263, Struc: 0.295, Fetch: 11.036) | Fwd: 8.472 | Bwd: 9.528 | Opt: 0.558 | GPU_Tot: 29.889
[Autotune] {"version": 1, "step": 820, "wall_seconds": 34.0676647680084, "seed_nodes": 3244375, "loss": 0.9717580795288085, "all_losses_finite": true}
[Step=0830] Wall=34.4718s | Loss=0.9701
[Profile] Avg ms/step | Load: 15.677 (Prep: 4.347, Struc: 0.295, Fetch: 11.036) | Fwd: 8.469 | Bwd: 9.524 | Opt: 0.558 | GPU_Tot: 29.882
[Autotune] {"version": 1, "step": 830, "wall_seconds": 34.47178591800912, "seed_nodes": 3282068, "loss": 0.9701415061950683, "all_losses_finite": true}
[Step=0840] Wall=34.7697s | Loss=0.9693
[Profile] Avg ms/step | Load: 15.616 (Prep: 4.293, Struc: 0.295, Fetch: 11.028) | Fwd: 8.471 | Bwd: 9.527 | Opt: 0.558 | GPU_Tot: 29.878
[Autotune] {"version": 1, "step": 840, "wall_seconds": 34.769694091010024, "seed_nodes": 3323028, "loss": 0.9693260192871094, "all_losses_finite": true}
------------------------------------------------------------
Training Completed. Total Steps: 840 (Active: 800)
Avg Breakdown (ms): Load=15.616 [Prep:4.293, Struc:0.295, Fetch:11.028], Fwd=8.471, Bwd=9.527, Opt=0.558
------------------------------------------------------------
