2026-09-20T18:36:51+09:00
<compute-node>
PBS_JOBID=0:13272.nqsv worker=48 timeout=1800 budget=6300 walltime_hours=2
Limit                     Soft Limit           Hard Limit           Units     
Max cpu time              unlimited            unlimited            seconds   
Max file size             unlimited            unlimited            bytes     
Max data size             unlimited            unlimited            bytes     
Max stack size            unlimited            unlimited            bytes     
Max core file size        unlimited            unlimited            bytes     
Max resident set          unlimited            unlimited            bytes     
Max processes             509439               509439               processes 
Max open files            262144               262144               files     
Max locked memory         unlimited            unlimited            bytes     
Max address space         unlimited            unlimited            bytes     
Max file locks            unlimited            unlimited            locks     
Max pending signals       509439               509439               signals   
Max msgqueue size         819200               819200               bytes     
Max nice priority         0                    0                    
Max realtime priority     0                    0                    
Max realtime timeout      unlimited            unlimited            us        
Cpus_allowed_list:	0-47
MemTotal:       130536324 kB
MemAvailable:   125324748 kB
SwapTotal:      25165816 kB
SwapFree:       25112312 kB
Filesystem       1B-blocks  Used   Available Use% Mounted on
tmpfs          66834595840     0 66834595840   0% /dev/shm
/sys/fs/cgroup/system.slice/nqs-jsv.service/memory.max
123480309760
/sys/fs/cgroup/system.slice/nqs-jsv.service/memory.high
max
/sys/fs/cgroup/system.slice/nqs-jsv.service/memory.current
8882704384
/sys/fs/cgroup/system.slice/nqs-jsv.service/memory.events
low 0
high 0
max 1674444
oom 0
oom_kill 0
/sys/fs/cgroup/system.slice/nqs-jsv.service/memory.swap.max
0
/sys/fs/cgroup/system.slice/memory.max
max
/sys/fs/cgroup/system.slice/memory.high
max
/sys/fs/cgroup/system.slice/memory.current
9400627200
/sys/fs/cgroup/system.slice/memory.events
low 0
high 0
max 1674444
oom 0
oom_kill 0
/sys/fs/cgroup/system.slice/memory.swap.max
max
name, memory.total [MiB], memory.used [MiB]
NVIDIA H100 PCIe, 81559 MiB, 0 MiB
runner_exit=2
2026-09-20T18:44:23+09:00
<compute-node>
PBS_JOBID=0:13272.nqsv worker=48 timeout=1800 budget=6300 walltime_hours=2
Limit                     Soft Limit           Hard Limit           Units     
Max cpu time              unlimited            unlimited            seconds   
Max file size             unlimited            unlimited            bytes     
Max data size             unlimited            unlimited            bytes     
Max stack size            unlimited            unlimited            bytes     
Max core file size        unlimited            unlimited            bytes     
Max resident set          unlimited            unlimited            bytes     
Max processes             509439               509439               processes 
Max open files            262144               262144               files     
Max locked memory         unlimited            unlimited            bytes     
Max address space         unlimited            unlimited            bytes     
Max file locks            unlimited            unlimited            locks     
Max pending signals       509439               509439               signals   
Max msgqueue size         819200               819200               bytes     
Max nice priority         0                    0                    
Max realtime priority     0                    0                    
Max realtime timeout      unlimited            unlimited            us        
Cpus_allowed_list:	0-47
MemTotal:       130536324 kB
MemAvailable:   66272544 kB
SwapTotal:      25165816 kB
SwapFree:       25112568 kB
Filesystem       1B-blocks   Used   Available Use% Mounted on
tmpfs          66834595840 626688 66833969152   1% /dev/shm
/sys/fs/cgroup/system.slice/nqs-jsv.service/memory.max
123480309760
/sys/fs/cgroup/system.slice/nqs-jsv.service/memory.high
max
/sys/fs/cgroup/system.slice/nqs-jsv.service/memory.current
60916379648
/sys/fs/cgroup/system.slice/nqs-jsv.service/memory.events
low 0
high 0
max 1755401
oom 181
oom_kill 9
/sys/fs/cgroup/system.slice/nqs-jsv.service/memory.swap.max
0
/sys/fs/cgroup/system.slice/memory.max
max
/sys/fs/cgroup/system.slice/memory.high
max
/sys/fs/cgroup/system.slice/memory.current
61232926720
/sys/fs/cgroup/system.slice/memory.events
low 0
high 0
max 1755401
oom 181
oom_kill 9
/sys/fs/cgroup/system.slice/memory.swap.max
max
name, memory.total [MiB], memory.used [MiB]
NVIDIA H100 PCIe, 81559 MiB, 8273 MiB
