$REPO_ROOT/.venv/lib/python3.11/site-packages/outdated/__init__.py:36: UserWarning: pkg_resources is deprecated as an API. See https://setuptools.pypa.io/en/latest/pkg_resources.html. The pkg_resources package is slated for removal as early as 2025-11-30. Refrain from using this package or pin to Setuptools<81.
  from pkg_resources import parse_version
2026-09-18 19:09:03,191 INFO:   Connectivity check: running command: ping -c 1 -W 3 10.125.8.2
2026-09-18 19:09:03,195 INFO:   Connectivity check succeeded.
2026-09-18 19:09:03,215 INFO:   Appliance client semantic version: 1.14.0, cluster server semantic version: 1.20.2, job operator semantic version: 1.20.2
2026-09-18 19:09:03,217 INFO:   Successfully initialized workflow with id: wflow-hqlymatj5g94rk5dyxdnqx
2026-09-18 19:09:03,222 WARNING:   The trainer configuration for train_and_eval does not configure checkpointing. In the event of a failure, the run will be restarted from the beginning. If this is not intentional, please specifiy a checkpoint callback with a checkpointing frequency to enable auto-restarting from previously saved checkpoints.
2026-09-18 19:09:03,222 INFO:   Spawning child process for the fit run ...
2026-09-18 19:09:03,226 INFO:   Child process started with pid: 1120421
$REPO_ROOT/.venv/lib/python3.11/site-packages/outdated/__init__.py:36: UserWarning: pkg_resources is deprecated as an API. See https://setuptools.pypa.io/en/latest/pkg_resources.html. The pkg_resources package is slated for removal as early as 2025-11-30. Refrain from using this package or pin to Setuptools<81.
  from pkg_resources import parse_version
2026-09-18 19:09:09,216 INFO:   Current Working Directory: $REPO_ROOT/src/cerebras/modelzoo/models/gnn
2026-09-18 19:09:09,216 INFO:   Running command: $REPO_ROOT/src/cerebras/modelzoo/cli/main.py fit $REPO_ROOT/model_dirs/hpcasia_learning/arxiv_20260918T122621.253613Z/tuning/confirm_w16_p2_s1_r1/params.yaml --target_device CSX --model_dir $REPO_ROOT/model_dirs/hpcasia_learning/arxiv_20260918T122621.253613Z/tuning/confirm_w16_p2_s1_r1/model
2026-09-18 19:09:09,662 INFO:   No checkpoint was provided. Using randomly initialized model parameters.
2026-09-18 19:09:09,662 INFO:   Ordinal 0: Initializing GNNDataProcessor for dataset 'ogbn-arxiv' (split=train, mode=neighbor).
$REPO_ROOT/.venv/lib/python3.11/site-packages/ogb/nodeproppred/dataset_pyg.py:69: FutureWarning: You are using `torch.load` with `weights_only=False` (the current default value), which uses the default pickle module implicitly. It is possible to construct malicious pickle data which will execute arbitrary code during unpickling (See https://github.com/pytorch/pytorch/blob/main/SECURITY.md#untrusted-models for more details). In a future release, the default value for `weights_only` will be flipped to `True`. This limits the functions that could be executed during unpickling. Arbitrary objects will no longer be allowed to be loaded via this mode unless they are explicitly allowlisted by the user via `torch.serialization.add_safe_globals`. We recommend you start setting `weights_only=True` for any use case where you don't have full control of the loaded file. Please open an issue on GitHub for any issues related to this experimental feature.
  self.data, self.slices = torch.load(self.processed_paths[0])
GNN_INPUT_CONTRACT {"batch_index_origin": 0, "batch_size": 4096, "count_basis": "deterministic loader schedule; not device counters", "dataset_name": "ogbn-arxiv", "drop_last": false, "event": "gnn_input_contract", "num_streamers": 1, "ordered_targets_and_labels_sha256": "cb189ecb3f75e653df7daacc08ead8c3b14bd353d302209c179a41e2b2b47d07", "restartable": false, "sampler_seed": 42, "seed_nodes_by_batch": [4096, 4096, 4096, 4096, 4096, 4096, 4096, 4096, 4096, 4096, 4096, 4096, 4096, 4096, 4096, 4096, 4096, 4096, 4096, 4096, 4096, 4096, 829], "seed_nodes_per_epoch": 90941, "shuffle": true, "source_seed_nodes": 90941, "split": "train", "static_batch_cache_size": 0, "supervised_targets_by_batch": [4096, 4096, 4096, 4096, 4096, 4096, 4096, 4096, 4096, 4096, 4096, 4096, 4096, 4096, 4096, 4096, 4096, 4096, 4096, 4096, 4096, 4096, 829], "traversal": "continuous_sequential_batches", "traversal_scope": "single_data_executor", "version": 1}
2026-09-18 19:09:09,890 INFO:   Connectivity check: running command: ping -c 1 -W 3 10.125.8.2
2026-09-18 19:09:09,895 INFO:   Connectivity check succeeded.
2026-09-18 19:09:09,916 INFO:   Appliance client semantic version: 1.14.0, cluster server semantic version: 1.20.2, job operator semantic version: 1.20.2
2026-09-18 19:09:09,916 INFO:   ===========================================================================
2026-09-18 19:09:09,916 INFO:   Trainer Fit Summary
2026-09-18 19:09:09,917 INFO:   ---------------------------------------------------------------------------
2026-09-18 19:09:09,917 INFO:   Trainer will run 1 train loop.
2026-09-18 19:09:09,917 INFO:   
2026-09-18 19:09:09,917 INFO:   Train steps per train loop:
2026-09-18 19:09:09,917 INFO:   * 1 loop of 840 steps
2026-09-18 19:09:09,917 INFO:   for a total of 840 train steps.
2026-09-18 19:09:09,917 INFO:   
2026-09-18 19:09:09,917 INFO:   Progress will be logged every 10 steps.
2026-09-18 19:09:09,917 INFO:   ===========================================================================
2026-09-18 19:09:09,917 INFO:   ---------------------------------------------------------------------------
2026-09-18 19:09:09,917 INFO:   Starting train loop 1 of 1, from global step 1 to 840 (840 steps)
2026-09-18 19:09:09,917 INFO:   ---------------------------------------------------------------------------
2026-09-18 19:09:14,654 INFO:   Compiling the model. This may take a few minutes.
2026-09-18 19:09:14,655 INFO:   Connectivity check: running command: ping -c 1 -W 3 10.125.8.2
2026-09-18 19:09:14,660 INFO:   Connectivity check succeeded.
2026-09-18 19:09:14,676 INFO:   Appliance client semantic version: 1.14.0, cluster server semantic version: 1.20.2, job operator semantic version: 1.20.2
2026-09-18 19:09:15,704 INFO:   Initiating a new image build job against the cluster server.
2026-09-18 19:09:15,715 INFO:   Job id: imgjob-42280d4f85d91291dacb2ef766350f15, workflow id: wflow-hqlymatj5g94rk5dyxdnqx, namespace: job-operator, remote log path: /n1/wsjob/workdir/job-operator/imgjob-42280d4f85d91291dacb2ef766350f15
2026-09-18 19:09:15,718 INFO:   Connectivity check: running command: ping -c 1 -W 3 10.125.8.2
2026-09-18 19:09:15,724 INFO:   Connectivity check succeeded.
2026-09-18 19:09:15,741 INFO:   Appliance client semantic version: 1.14.0, cluster server semantic version: 1.20.2, job operator semantic version: 1.20.2
2026-09-18 19:09:15,758 INFO:   Initiating a new compile wsjob against the cluster server.
2026-09-18 19:09:15,773 INFO:   Job id: wsjob-vxnopbhacgfsdjmcgawquh, workflow id: wflow-hqlymatj5g94rk5dyxdnqx, namespace: job-operator, remote log path: /n1/wsjob/workdir/job-operator/wsjob-vxnopbhacgfsdjmcgawquh
2026-09-18 19:09:35,774 INFO:   Poll ingress status: Waiting for all Coordinator pods to be running, current running: 0/1.
2026-09-18 19:09:35,776 INFO:   Recording the timestamp when jobs is scheduled.
2026-09-18 19:09:35,807 WARNING:   Event 2026-09-18 19:09:15 +0000 UTC reason=InconsistentVersion wsjob=wsjob-vxnopbhacgfsdjmcgawquh message='Warning: client semantic version 1.14.0 is inconsistent with cluster server semantic version 1.20.2, there's a risk job could fail due to inconsistent setup.'
2026-09-18 19:09:45,807 INFO:   Poll ingress status: Waiting for job ingress readiness.
2026-09-18 19:09:55,830 INFO:   Poll ingress status: Job ingress ready, dashboard: <internal-dashboard-url>
2026-09-18 19:09:55,853 INFO:   Poll ingress success: Job ingress ready, dashboard: <internal-dashboard-url>
2026-09-18 19:09:55,864 INFO:   Finalizing out-of-cluster job handle with ingress service url: 
2026-09-18 19:09:55,864 WARNING:   Empty ingress service url. Falling back to default server: 10.125.8.2:443
2026-09-18 19:09:55,933 INFO:   Found existing cached compile with hash: "cs_3310013607597699701"
2026-09-18 19:09:57,770 INFO:   Using power profile none

2026-09-18 19:09:57,783 INFO:   Compile artifacts successfully written to remote compile directory. Compile hash is: cs_3310013607597699701
2026-09-18 19:10:05,813 ERROR:   Image build job imgjob-42280d4f85d91291dacb2ef766350f15 failed. Please check the error log in $REPO_ROOT/model_dirs/hpcasia_learning/arxiv_20260918T122621.253613Z/tuning/confirm_w16_p2_s1_r1/model/cerebras_logs/20260918_190909/executors/000001/custom_worker_build.out. 
2026-09-18 19:10:05,813 INFO:   Falling back to venv mounting.
2026-09-18 19:10:05,815 INFO:   Compile was successful!
2026-09-18 19:10:05,816 INFO:   Programming Cerebras Wafer Scale Cluster for execution. This may take a few minutes.
2026-09-18 19:10:07,825 INFO:   Connectivity check: running command: ping -c 1 -W 3 10.125.8.2
2026-09-18 19:10:07,830 INFO:   Connectivity check succeeded.
2026-09-18 19:10:07,848 INFO:   Appliance client semantic version: 1.14.0, cluster server semantic version: 1.20.2, job operator semantic version: 1.20.2
2026-09-18 19:10:07,849 INFO:   Initiating a new execute wsjob against the cluster server.
2026-09-18 19:10:07,881 INFO:   Job id: wsjob-jhadkzfohpy66dymvnggzk, workflow id: wflow-hqlymatj5g94rk5dyxdnqx, namespace: job-operator, remote log path: /n1/wsjob/workdir/job-operator/wsjob-jhadkzfohpy66dymvnggzk
2026-09-18 19:10:27,882 INFO:   Poll ingress status: Waiting for all Chief pods to be running, current running: 0/1.
2026-09-18 19:10:27,885 INFO:   Recording the timestamp when jobs is scheduled.
2026-09-18 19:10:27,990 WARNING:   Event 2026-09-18 19:10:15 +0000 UTC reason=InconsistentVersion wsjob=wsjob-jhadkzfohpy66dymvnggzk message='Warning: client semantic version 1.14.0 is inconsistent with cluster server semantic version 1.20.2, there's a risk job could fail due to inconsistent setup.'
2026-09-18 19:10:27,990 INFO:   Infrastructure setup started for job wsjob-jhadkzfohpy66dymvnggzk
2026-09-18 19:10:37,990 INFO:   Poll ingress status: Waiting for all Coordinator pods to be running, current running: 0/1.
2026-09-18 19:10:38,026 INFO:   Infrastructure setup completed successfully for job wsjob-jhadkzfohpy66dymvnggzk
2026-09-18 19:10:48,026 INFO:   Infrastructure setup completed successfully for job wsjob-jhadkzfohpy66dymvnggzk
2026-09-18 19:10:58,027 INFO:   Poll ingress status: Waiting for all Worker pods to be running, current running: 0/1.
2026-09-18 19:10:58,059 INFO:   Infrastructure setup completed successfully for job wsjob-jhadkzfohpy66dymvnggzk
2026-09-18 19:11:08,059 INFO:   Poll ingress status: Job ingress ready, dashboard: <internal-dashboard-url>
2026-09-18 19:11:08,089 INFO:   Infrastructure setup completed successfully for job wsjob-jhadkzfohpy66dymvnggzk
2026-09-18 19:11:08,089 INFO:   Poll ingress success: Job ingress ready, dashboard: <internal-dashboard-url>
2026-09-18 19:11:08,101 INFO:   Finalizing out-of-cluster job handle with ingress service url: 
2026-09-18 19:11:08,101 WARNING:   Empty ingress service url. Falling back to default server: 10.125.8.2:443
2026-09-18 19:11:08,184 INFO:   Preparing to execute using 1 CSX
2026-09-18 19:11:25,592 INFO:   About to send initial weights
2026-09-18 19:11:25,796 INFO:   Finished sending initial weights
2026-09-18 19:11:25,796 INFO:   Finalizing appliance staging for the run
2026-09-18 19:11:32,322 INFO:   Waiting for device programming to complete
2026-09-18 19:11:45,672 INFO:   Device programming is complete
2026-09-18 19:11:45,965 INFO:   Using network type: ROCE
2026-09-18 19:11:45,966 INFO:   Waiting for input workers to prime the data pipeline and begin streaming ...
2026-09-18 19:11:45,974 INFO:   Input workers have begun streaming input data
2026-09-18 19:11:46,148 INFO:   Appliance staging is complete
2026-09-18 19:11:46,149 INFO:   Beginning appliance run
2026-09-18 19:11:56,080 INFO:   | Train Device=CSX, Step=10, Loss=3.37719, Rate=2997.57 samples/sec, GlobalRate=250.61 samples/sec, LoopTimeRemaining=0:18:52, TimeRemaining=0:18:52
2026-09-18 19:12:09,899 INFO:   | Train Device=CSX, Step=20, Loss=2.83006, Rate=2969.45 samples/sec, GlobalRate=462.15 samples/sec, LoopTimeRemaining=0:18:49, TimeRemaining=0:18:49
2026-09-18 19:12:28,254 INFO:   | Train Device=CSX, Step=30, Loss=2.48321, Rate=2964.55 samples/sec, GlobalRate=628.18 samples/sec, LoopTimeRemaining=0:18:38, TimeRemaining=0:18:38
2026-09-18 19:12:42,023 INFO:   | Train Device=CSX, Step=40, Loss=2.17466, Rate=2969.29 samples/sec, GlobalRate=782.49 samples/sec, LoopTimeRemaining=0:18:23, TimeRemaining=0:18:23
2026-09-18 19:13:00,194 INFO:   | Train Device=CSX, Step=50, Loss=1.85241, Rate=2832.17 samples/sec, GlobalRate=900.01 samples/sec, LoopTimeRemaining=0:18:10, TimeRemaining=0:18:10
2026-09-18 19:13:13,939 INFO:   | Train Device=CSX, Step=60, Loss=1.63806, Rate=2964.77 samples/sec, GlobalRate=1018.49 samples/sec, LoopTimeRemaining=0:17:55, TimeRemaining=0:17:55
2026-09-18 19:13:31,842 INFO:   | Train Device=CSX, Step=70, Loss=1.52059, Rate=1637.18 samples/sec, GlobalRate=1106.16 samples/sec, LoopTimeRemaining=0:17:42, TimeRemaining=0:17:42
2026-09-18 19:13:45,894 INFO:   | Train Device=CSX, Step=80, Loss=1.42359, Rate=2968.76 samples/sec, GlobalRate=1199.18 samples/sec, LoopTimeRemaining=0:17:28, TimeRemaining=0:17:28
2026-09-18 19:13:59,759 INFO:   | Train Device=CSX, Step=90, Loss=1.41382, Rate=2949.33 samples/sec, GlobalRate=1283.93 samples/sec, LoopTimeRemaining=0:17:14, TimeRemaining=0:17:14
2026-09-18 19:14:17,959 INFO:   | Train Device=CSX, Step=100, Loss=1.31883, Rate=2996.80 samples/sec, GlobalRate=1341.55 samples/sec, LoopTimeRemaining=0:17:01, TimeRemaining=0:17:01
2026-09-18 19:14:31,755 INFO:   | Train Device=CSX, Step=110, Loss=1.27947, Rate=2961.95 samples/sec, GlobalRate=1411.91 samples/sec, LoopTimeRemaining=0:16:47, TimeRemaining=0:16:47
2026-09-18 19:14:49,928 INFO:   | Train Device=CSX, Step=120, Loss=1.21283, Rate=2918.04 samples/sec, GlobalRate=1457.27 samples/sec, LoopTimeRemaining=0:16:33, TimeRemaining=0:16:33
2026-09-18 19:15:03,728 INFO:   | Train Device=CSX, Step=130, Loss=1.25431, Rate=2958.34 samples/sec, GlobalRate=1516.65 samples/sec, LoopTimeRemaining=0:16:19, TimeRemaining=0:16:19
2026-09-18 19:15:21,859 INFO:   | Train Device=CSX, Step=140, Loss=1.17677, Rate=2132.07 samples/sec, GlobalRate=1553.12 samples/sec, LoopTimeRemaining=0:16:07, TimeRemaining=0:16:07
2026-09-18 19:15:35,696 INFO:   | Train Device=CSX, Step=150, Loss=1.18961, Rate=2996.07 samples/sec, GlobalRate=1603.94 samples/sec, LoopTimeRemaining=0:15:52, TimeRemaining=0:15:52
2026-09-18 19:15:49,498 INFO:   | Train Device=CSX, Step=160, Loss=1.17591, Rate=2978.29 samples/sec, GlobalRate=1651.37 samples/sec, LoopTimeRemaining=0:15:39, TimeRemaining=0:15:39
2026-09-18 19:16:07,580 INFO:   | Train Device=CSX, Step=170, Loss=1.11490, Rate=2980.85 samples/sec, GlobalRate=1678.12 samples/sec, LoopTimeRemaining=0:15:25, TimeRemaining=0:15:25
2026-09-18 19:16:21,416 INFO:   | Train Device=CSX, Step=180, Loss=1.16431, Rate=2971.92 samples/sec, GlobalRate=1719.54 samples/sec, LoopTimeRemaining=0:15:11, TimeRemaining=0:15:11
2026-09-18 19:16:39,625 INFO:   | Train Device=CSX, Step=190, Loss=1.17256, Rate=2913.26 samples/sec, GlobalRate=1741.09 samples/sec, LoopTimeRemaining=0:14:57, TimeRemaining=0:14:57
2026-09-18 19:16:53,574 INFO:   | Train Device=CSX, Step=200, Loss=1.15904, Rate=2992.80 samples/sec, GlobalRate=1777.31 samples/sec, LoopTimeRemaining=0:14:43, TimeRemaining=0:14:43
2026-09-18 19:17:11,608 INFO:   | Train Device=CSX, Step=210, Loss=1.11809, Rate=2488.85 samples/sec, GlobalRate=1795.86 samples/sec, LoopTimeRemaining=0:14:30, TimeRemaining=0:14:30
2026-09-18 19:17:25,338 INFO:   | Train Device=CSX, Step=220, Loss=1.11506, Rate=2992.78 samples/sec, GlobalRate=1828.95 samples/sec, LoopTimeRemaining=0:14:15, TimeRemaining=0:14:15
2026-09-18 19:17:39,104 INFO:   | Train Device=CSX, Step=230, Loss=1.00655, Rate=2980.51 samples/sec, GlobalRate=1860.11 samples/sec, LoopTimeRemaining=0:14:01, TimeRemaining=0:14:01
2026-09-18 19:17:57,275 INFO:   | Train Device=CSX, Step=240, Loss=1.11497, Rate=2983.80 samples/sec, GlobalRate=1873.76 samples/sec, LoopTimeRemaining=0:13:47, TimeRemaining=0:13:47
2026-09-18 19:18:11,098 INFO:   | Train Device=CSX, Step=250, Loss=1.07827, Rate=2979.20 samples/sec, GlobalRate=1901.73 samples/sec, LoopTimeRemaining=0:13:33, TimeRemaining=0:13:33
2026-09-18 19:18:29,378 INFO:   | Train Device=CSX, Step=260, Loss=1.07885, Rate=2971.66 samples/sec, GlobalRate=1912.86 samples/sec, LoopTimeRemaining=0:13:20, TimeRemaining=0:13:20
2026-09-18 19:18:43,130 INFO:   | Train Device=CSX, Step=270, Loss=1.08083, Rate=2968.66 samples/sec, GlobalRate=1938.54 samples/sec, LoopTimeRemaining=0:13:06, TimeRemaining=0:13:06
2026-09-18 19:19:01,459 INFO:   | Train Device=CSX, Step=280, Loss=1.11849, Rate=2837.50 samples/sec, GlobalRate=1947.76 samples/sec, LoopTimeRemaining=0:12:52, TimeRemaining=0:12:52
2026-09-18 19:19:15,269 INFO:   | Train Device=CSX, Step=290, Loss=1.06843, Rate=2965.16 samples/sec, GlobalRate=1971.10 samples/sec, LoopTimeRemaining=0:12:39, TimeRemaining=0:12:39
2026-09-18 19:19:33,321 INFO:   | Train Device=CSX, Step=300, Loss=1.02315, Rate=1616.99 samples/sec, GlobalRate=1979.76 samples/sec, LoopTimeRemaining=0:12:25, TimeRemaining=0:12:25
2026-09-18 19:19:47,208 INFO:   | Train Device=CSX, Step=310, Loss=1.04774, Rate=3006.30 samples/sec, GlobalRate=2000.98 samples/sec, LoopTimeRemaining=0:12:11, TimeRemaining=0:12:11
2026-09-18 19:20:01,204 INFO:   | Train Device=CSX, Step=320, Loss=1.09656, Rate=2977.28 samples/sec, GlobalRate=2020.96 samples/sec, LoopTimeRemaining=0:11:58, TimeRemaining=0:11:58
2026-09-18 19:20:19,654 INFO:   | Train Device=CSX, Step=330, Loss=1.02357, Rate=2720.36 samples/sec, GlobalRate=2026.46 samples/sec, LoopTimeRemaining=0:11:44, TimeRemaining=0:11:44
2026-09-18 19:20:33,457 INFO:   | Train Device=CSX, Step=340, Loss=1.03504, Rate=2959.20 samples/sec, GlobalRate=2045.54 samples/sec, LoopTimeRemaining=0:11:30, TimeRemaining=0:11:30
2026-09-18 19:20:51,467 INFO:   | Train Device=CSX, Step=350, Loss=0.99137, Rate=2919.59 samples/sec, GlobalRate=2051.44 samples/sec, LoopTimeRemaining=0:11:16, TimeRemaining=0:11:16
2026-09-18 19:21:05,435 INFO:   | Train Device=CSX, Step=360, Loss=1.03419, Rate=2962.51 samples/sec, GlobalRate=2068.70 samples/sec, LoopTimeRemaining=0:11:03, TimeRemaining=0:11:03
2026-09-18 19:21:23,504 INFO:   | Train Device=CSX, Step=370, Loss=1.01350, Rate=2105.16 samples/sec, GlobalRate=2073.60 samples/sec, LoopTimeRemaining=0:10:49, TimeRemaining=0:10:49
2026-09-18 19:21:37,545 INFO:   | Train Device=CSX, Step=380, Loss=1.02233, Rate=2972.39 samples/sec, GlobalRate=2089.50 samples/sec, LoopTimeRemaining=0:10:35, TimeRemaining=0:10:35
2026-09-18 19:21:51,382 INFO:   | Train Device=CSX, Step=390, Loss=1.02352, Rate=2958.93 samples/sec, GlobalRate=2105.38 samples/sec, LoopTimeRemaining=0:10:21, TimeRemaining=0:10:21
2026-09-18 19:22:09,558 INFO:   | Train Device=CSX, Step=400, Loss=0.95176, Rate=2965.97 samples/sec, GlobalRate=2108.84 samples/sec, LoopTimeRemaining=0:10:07, TimeRemaining=0:10:07
2026-09-18 19:22:23,576 INFO:   | Train Device=CSX, Step=410, Loss=1.01225, Rate=2946.98 samples/sec, GlobalRate=2123.26 samples/sec, LoopTimeRemaining=0:09:54, TimeRemaining=0:09:54
2026-09-18 19:22:41,701 INFO:   | Train Device=CSX, Step=420, Loss=1.01939, Rate=2965.93 samples/sec, GlobalRate=2126.32 samples/sec, LoopTimeRemaining=0:09:40, TimeRemaining=0:09:40
2026-09-18 19:22:55,440 INFO:   | Train Device=CSX, Step=430, Loss=1.00939, Rate=2996.49 samples/sec, GlobalRate=2140.59 samples/sec, LoopTimeRemaining=0:09:26, TimeRemaining=0:09:26
2026-09-18 19:23:13,521 INFO:   | Train Device=CSX, Step=440, Loss=0.98283, Rate=2489.48 samples/sec, GlobalRate=2143.27 samples/sec, LoopTimeRemaining=0:09:12, TimeRemaining=0:09:12
2026-09-18 19:23:27,683 INFO:   | Train Device=CSX, Step=450, Loss=0.99011, Rate=2974.12 samples/sec, GlobalRate=2155.68 samples/sec, LoopTimeRemaining=0:08:58, TimeRemaining=0:08:58
2026-09-18 19:23:41,963 INFO:   | Train Device=CSX, Step=460, Loss=0.83134, Rate=2972.21 samples/sec, GlobalRate=2167.39 samples/sec, LoopTimeRemaining=0:08:44, TimeRemaining=0:08:44
2026-09-18 19:23:59,953 INFO:   | Train Device=CSX, Step=470, Loss=1.00034, Rate=2952.22 samples/sec, GlobalRate=2169.61 samples/sec, LoopTimeRemaining=0:08:30, TimeRemaining=0:08:30
2026-09-18 19:24:14,033 INFO:   | Train Device=CSX, Step=480, Loss=0.98702, Rate=2962.57 samples/sec, GlobalRate=2181.16 samples/sec, LoopTimeRemaining=0:08:17, TimeRemaining=0:08:17
2026-09-18 19:24:32,325 INFO:   | Train Device=CSX, Step=490, Loss=0.97330, Rate=2957.99 samples/sec, GlobalRate=2182.31 samples/sec, LoopTimeRemaining=0:08:03, TimeRemaining=0:08:03
2026-09-18 19:24:46,365 INFO:   | Train Device=CSX, Step=500, Loss=1.00344, Rate=2962.36 samples/sec, GlobalRate=2193.36 samples/sec, LoopTimeRemaining=0:07:50, TimeRemaining=0:07:50
2026-09-18 19:25:05,184 INFO:   | Train Device=CSX, Step=510, Loss=1.00507, Rate=2860.89 samples/sec, GlobalRate=2193.03 samples/sec, LoopTimeRemaining=0:07:35, TimeRemaining=0:07:35
2026-09-18 19:25:18,932 INFO:   | Train Device=CSX, Step=520, Loss=0.98381, Rate=2950.39 samples/sec, GlobalRate=2204.22 samples/sec, LoopTimeRemaining=0:07:21, TimeRemaining=0:07:21
2026-09-18 19:25:36,859 INFO:   | Train Device=CSX, Step=530, Loss=0.94830, Rate=1641.24 samples/sec, GlobalRate=2205.69 samples/sec, LoopTimeRemaining=0:07:08, TimeRemaining=0:07:08
2026-09-18 19:25:50,912 INFO:   | Train Device=CSX, Step=540, Loss=0.95079, Rate=2953.26 samples/sec, GlobalRate=2215.67 samples/sec, LoopTimeRemaining=0:06:55, TimeRemaining=0:06:55
2026-09-18 19:26:04,765 INFO:   | Train Device=CSX, Step=550, Loss=1.00937, Rate=2977.12 samples/sec, GlobalRate=2225.81 samples/sec, LoopTimeRemaining=0:06:42, TimeRemaining=0:06:42
2026-09-18 19:26:22,916 INFO:   | Train Device=CSX, Step=560, Loss=0.93659, Rate=2957.18 samples/sec, GlobalRate=2226.35 samples/sec, LoopTimeRemaining=0:06:28, TimeRemaining=0:06:28
2026-09-18 19:26:36,910 INFO:   | Train Device=CSX, Step=570, Loss=0.95333, Rate=2732.52 samples/sec, GlobalRate=2235.74 samples/sec, LoopTimeRemaining=0:06:14, TimeRemaining=0:06:14
2026-09-18 19:26:55,292 INFO:   | Train Device=CSX, Step=580, Loss=0.92384, Rate=2899.05 samples/sec, GlobalRate=2235.62 samples/sec, LoopTimeRemaining=0:06:00, TimeRemaining=0:06:00
2026-09-18 19:27:09,063 INFO:   | Train Device=CSX, Step=590, Loss=0.94783, Rate=2975.19 samples/sec, GlobalRate=2245.07 samples/sec, LoopTimeRemaining=0:05:45, TimeRemaining=0:05:45
2026-09-18 19:27:27,443 INFO:   | Train Device=CSX, Step=600, Loss=0.94085, Rate=2077.68 samples/sec, GlobalRate=2244.79 samples/sec, LoopTimeRemaining=0:05:32, TimeRemaining=0:05:32
2026-09-18 19:27:41,332 INFO:   | Train Device=CSX, Step=610, Loss=0.96154, Rate=2975.07 samples/sec, GlobalRate=2253.61 samples/sec, LoopTimeRemaining=0:05:18, TimeRemaining=0:05:18
2026-09-18 19:27:55,140 INFO:   | Train Device=CSX, Step=620, Loss=0.96023, Rate=2968.42 samples/sec, GlobalRate=2262.38 samples/sec, LoopTimeRemaining=0:05:04, TimeRemaining=0:05:04
2026-09-18 19:28:13,084 INFO:   | Train Device=CSX, Step=630, Loss=0.88383, Rate=2992.32 samples/sec, GlobalRate=2262.70 samples/sec, LoopTimeRemaining=0:04:50, TimeRemaining=0:04:50
2026-09-18 19:28:26,878 INFO:   | Train Device=CSX, Step=640, Loss=0.94627, Rate=2968.63 samples/sec, GlobalRate=2271.14 samples/sec, LoopTimeRemaining=0:04:36, TimeRemaining=0:04:36
2026-09-18 19:28:44,916 INFO:   | Train Device=CSX, Step=650, Loss=0.95839, Rate=2953.74 samples/sec, GlobalRate=2271.14 samples/sec, LoopTimeRemaining=0:04:23, TimeRemaining=0:04:23
2026-09-18 19:28:58,669 INFO:   | Train Device=CSX, Step=660, Loss=0.95843, Rate=2958.76 samples/sec, GlobalRate=2279.34 samples/sec, LoopTimeRemaining=0:04:08, TimeRemaining=0:04:08
2026-09-18 19:29:16,849 INFO:   | Train Device=CSX, Step=670, Loss=0.94455, Rate=2546.80 samples/sec, GlobalRate=2278.94 samples/sec, LoopTimeRemaining=0:03:55, TimeRemaining=0:03:55
2026-09-18 19:29:30,620 INFO:   | Train Device=CSX, Step=680, Loss=0.91685, Rate=2987.57 samples/sec, GlobalRate=2286.80 samples/sec, LoopTimeRemaining=0:03:41, TimeRemaining=0:03:41
2026-09-18 19:29:44,468 INFO:   | Train Device=CSX, Step=690, Loss=0.68704, Rate=2945.19 samples/sec, GlobalRate=2294.35 samples/sec, LoopTimeRemaining=0:03:27, TimeRemaining=0:03:27
2026-09-18 19:30:02,510 INFO:   | Train Device=CSX, Step=700, Loss=0.93142, Rate=2969.00 samples/sec, GlobalRate=2294.00 samples/sec, LoopTimeRemaining=0:03:13, TimeRemaining=0:03:13
2026-09-18 19:30:16,318 INFO:   | Train Device=CSX, Step=710, Loss=0.93340, Rate=2941.04 samples/sec, GlobalRate=2301.35 samples/sec, LoopTimeRemaining=0:02:59, TimeRemaining=0:02:59
2026-09-18 19:30:34,279 INFO:   | Train Device=CSX, Step=720, Loss=0.90596, Rate=2970.03 samples/sec, GlobalRate=2301.05 samples/sec, LoopTimeRemaining=0:02:45, TimeRemaining=0:02:45
2026-09-18 19:30:48,108 INFO:   | Train Device=CSX, Step=730, Loss=0.95365, Rate=2958.92 samples/sec, GlobalRate=2308.11 samples/sec, LoopTimeRemaining=0:02:32, TimeRemaining=0:02:32
2026-09-18 19:31:06,106 INFO:   | Train Device=CSX, Step=740, Loss=0.94926, Rate=2817.67 samples/sec, GlobalRate=2307.66 samples/sec, LoopTimeRemaining=0:02:18, TimeRemaining=0:02:18
2026-09-18 19:31:20,038 INFO:   | Train Device=CSX, Step=750, Loss=0.92081, Rate=2945.21 samples/sec, GlobalRate=2314.30 samples/sec, LoopTimeRemaining=0:02:04, TimeRemaining=0:02:04
2026-09-18 19:31:37,998 INFO:   | Train Device=CSX, Step=760, Loss=0.89147, Rate=1546.69 samples/sec, GlobalRate=2313.85 samples/sec, LoopTimeRemaining=0:01:50, TimeRemaining=0:01:50
2026-09-18 19:31:52,071 INFO:   | Train Device=CSX, Step=770, Loss=0.89479, Rate=2950.10 samples/sec, GlobalRate=2320.03 samples/sec, LoopTimeRemaining=0:01:36, TimeRemaining=0:01:36
2026-09-18 19:32:06,182 INFO:   | Train Device=CSX, Step=780, Loss=0.95341, Rate=2865.50 samples/sec, GlobalRate=2326.02 samples/sec, LoopTimeRemaining=0:01:23, TimeRemaining=0:01:23
2026-09-18 19:32:25,441 INFO:   | Train Device=CSX, Step=790, Loss=0.88534, Rate=2956.18 samples/sec, GlobalRate=2323.26 samples/sec, LoopTimeRemaining=0:01:09, TimeRemaining=0:01:09
2026-09-18 19:32:39,241 INFO:   | Train Device=CSX, Step=800, Loss=0.91665, Rate=2957.34 samples/sec, GlobalRate=2329.59 samples/sec, LoopTimeRemaining=0:00:55, TimeRemaining=0:00:55
2026-09-18 19:32:57,395 INFO:   | Train Device=CSX, Step=810, Loss=0.87442, Rate=2927.04 samples/sec, GlobalRate=2328.65 samples/sec, LoopTimeRemaining=0:00:41, TimeRemaining=0:00:41
2026-09-18 19:33:11,150 INFO:   | Train Device=CSX, Step=820, Loss=0.91729, Rate=2990.52 samples/sec, GlobalRate=2334.86 samples/sec, LoopTimeRemaining=0:00:28, TimeRemaining=0:00:28
2026-09-18 19:33:29,118 INFO:   | Train Device=CSX, Step=830, Loss=0.90653, Rate=2131.70 samples/sec, GlobalRate=2334.18 samples/sec, LoopTimeRemaining=0:00:14, TimeRemaining=0:00:14
2026-09-18 19:33:43,012 INFO:   | Train Device=CSX, Step=840, Loss=0.90973, Rate=2964.96 samples/sec, GlobalRate=2339.98 samples/sec, LoopTimeRemaining=0:00:00, TimeRemaining=0:00:00
2026-09-18 19:33:43,140 INFO:   Training completed successfully!
2026-09-18 19:33:43,150 INFO:   Processed 3440640 training sample(s) in 1473.261622242 seconds.
