$REPO_ROOT/.venv/lib/python3.11/site-packages/outdated/__init__.py:36: UserWarning: pkg_resources is deprecated as an API. See https://setuptools.pypa.io/en/latest/pkg_resources.html. The pkg_resources package is slated for removal as early as 2025-11-30. Refrain from using this package or pin to Setuptools<81.
  from pkg_resources import parse_version
[ddp] Single-process mode: device=cuda
[Info] Running in Single-Process mode (CPU or Single GPU).
[Info] Device: cuda
[GraphCache] Caching disabled (0 nodes).
[Compile] {"enabled": true, "dynamic": true}
[GPU policy] {"version": 1, "optimizer": "torch.optim.AdamW", "epsilon_convention": "sqrt_bias_corrected_second_moment_plus_eps", "optimizer_defaults": {"lr": 0.003, "betas": [0.9, 0.999], "eps": 1e-06, "weight_decay": 0.0005, "amsgrad": false, "foreach": null, "maximize": false, "capturable": false, "differentiable": false, "fused": null}, "optimizer_groups": [{"parameters": ["_orig_mod.gnn.convs.0.lin_l.weight", "_orig_mod.gnn.convs.0.lin_r.weight", "_orig_mod.gnn.convs.1.lin_l.weight", "_orig_mod.gnn.convs.1.lin_r.weight", "_orig_mod.gnn.convs.2.lin_l.weight", "_orig_mod.gnn.convs.2.lin_r.weight", "_orig_mod.classifier.weight"], "weight_decay": 0.0005}, {"parameters": ["_orig_mod.gnn.convs.0.lin_l.bias", "_orig_mod.gnn.convs.1.lin_l.bias", "_orig_mod.gnn.convs.2.lin_l.bias", "_orig_mod.classifier.bias"], "weight_decay": 0.0}], "parameter_count": 4450351, "amp": {"implementation": "torch.amp.GradScaler", "enabled": true, "init_scale": 32768.0, "growth_interval": 2000, "growth_factor": 2.0, "backoff_factor": 0.5, "sdk_scale_clamps": false}}
[Step=0010] Wall=18.3294s | Loss=8.1377
[Profile] Avg ms/step | Load: 158.710 (Prep: 62.438, Struc: 1.351, Fetch: 94.921) | Fwd: 1368.626 | Bwd: 209.462 | Opt: 77.087 | GPU_Tot: 1751.448
[Autotune] {"version": 2, "step": 10, "wall_seconds": 18.329420403577387, "seed_nodes": 40960, "loss": 8.137718963623048, "all_losses_finite": true, "optimizer_steps": 9, "skipped_optimizer_steps": 1, "loss_scale": 16384.0}
[Step=0020] Wall=20.4826s | Loss=2.7826
[Profile] Avg ms/step | Load: 126.541 (Prep: 31.425, Struc: 1.320, Fetch: 93.796) | Fwd: 711.370 | Bwd: 137.663 | Opt: 38.930 | GPU_Tot: 983.079
[Autotune] {"version": 2, "step": 20, "wall_seconds": 20.48257983289659, "seed_nodes": 81920, "loss": 2.7826257705688477, "all_losses_finite": true, "optimizer_steps": 19, "skipped_optimizer_steps": 1, "loss_scale": 16384.0}
[Step=0030] Wall=22.6299s | Loss=2.3599
[Profile] Avg ms/step | Load: 115.737 (Prep: 21.087, Struc: 1.308, Fetch: 93.341) | Fwd: 492.216 | Bwd: 113.688 | Opt: 26.209 | GPU_Tot: 726.762
[Autotune] {"version": 2, "step": 30, "wall_seconds": 22.62987753842026, "seed_nodes": 122880, "loss": 2.359876251220703, "all_losses_finite": true, "optimizer_steps": 29, "skipped_optimizer_steps": 1, "loss_scale": 16384.0}
[Step=0040] Wall=24.7628s | Loss=2.0090
[Profile] Avg ms/step | Load: 0.000 (Prep: 0.000, Struc: 0.000, Fetch: 0.000) | Fwd: 0.000 | Bwd: 0.000 | Opt: 0.000 | GPU_Tot: 0.000
[Autotune] {"version": 2, "step": 40, "wall_seconds": 24.762785432860255, "seed_nodes": 163840, "loss": 2.009039115905762, "all_losses_finite": true, "optimizer_steps": 39, "skipped_optimizer_steps": 1, "loss_scale": 16384.0}
[Step=0050] Wall=27.3588s | Loss=1.5460
[Profile] Avg ms/step | Load: 120.561 (Prep: 44.989, Struc: 1.171, Fetch: 74.401) | Fwd: 61.479 | Bwd: 76.629 | Opt: 0.738 | GPU_Tot: 214.419
[Autotune] {"version": 2, "step": 50, "wall_seconds": 27.3588030282408, "seed_nodes": 200711, "loss": 1.5460086822509767, "all_losses_finite": true, "optimizer_steps": 49, "skipped_optimizer_steps": 1, "loss_scale": 16384.0}
[Step=0060] Wall=29.5049s | Loss=1.4486
[Profile] Avg ms/step | Load: 107.211 (Prep: 22.701, Struc: 1.232, Fetch: 83.278) | Fwd: 57.773 | Bwd: 71.177 | Opt: 0.756 | GPU_Tot: 214.216
[Autotune] {"version": 2, "step": 60, "wall_seconds": 29.504927521571517, "seed_nodes": 241671, "loss": 1.448630428314209, "all_losses_finite": true, "optimizer_steps": 59, "skipped_optimizer_steps": 1, "loss_scale": 16384.0}
[Step=0070] Wall=31.6381s | Loss=1.2934
[Profile] Avg ms/step | Load: 102.372 (Prep: 15.270, Struc: 1.250, Fetch: 85.852) | Fwd: 56.499 | Bwd: 69.356 | Opt: 0.761 | GPU_Tot: 213.718
[Autotune] {"version": 2, "step": 70, "wall_seconds": 31.638089837506413, "seed_nodes": 282631, "loss": 1.2933953285217286, "all_losses_finite": true, "optimizer_steps": 69, "skipped_optimizer_steps": 1, "loss_scale": 16384.0}
[Step=0080] Wall=33.7550s | Loss=1.1820
[Profile] Avg ms/step | Load: 99.555 (Prep: 11.557, Struc: 1.260, Fetch: 86.738) | Fwd: 55.873 | Bwd: 68.426 | Opt: 0.762 | GPU_Tot: 213.059
[Autotune] {"version": 2, "step": 80, "wall_seconds": 33.75503217615187, "seed_nodes": 323591, "loss": 1.181950855255127, "all_losses_finite": true, "optimizer_steps": 79, "skipped_optimizer_steps": 1, "loss_scale": 16384.0}
[Step=0090] Wall=35.9191s | Loss=1.0949
[Profile] Avg ms/step | Load: 98.742 (Prep: 9.533, Struc: 1.265, Fetch: 87.944) | Fwd: 55.503 | Bwd: 67.921 | Opt: 0.770 | GPU_Tot: 213.403
[Autotune] {"version": 2, "step": 90, "wall_seconds": 35.919109429232776, "seed_nodes": 364551, "loss": 1.0949064254760743, "all_losses_finite": true, "optimizer_steps": 89, "skipped_optimizer_steps": 1, "loss_scale": 16384.0}
[Step=0100] Wall=38.1766s | Loss=1.0817
[Profile] Avg ms/step | Load: 101.761 (Prep: 15.200, Struc: 1.249, Fetch: 85.313) | Fwd: 54.373 | Bwd: 66.479 | Opt: 0.762 | GPU_Tot: 208.175
[Autotune] {"version": 2, "step": 100, "wall_seconds": 38.17663059104234, "seed_nodes": 401422, "loss": 1.0816690444946289, "all_losses_finite": true, "optimizer_steps": 99, "skipped_optimizer_steps": 1, "loss_scale": 16384.0}
[Step=0110] Wall=40.3086s | Loss=1.0080
[Profile] Avg ms/step | Load: 100.484 (Prep: 13.087, Struc: 1.254, Fetch: 86.144) | Fwd: 54.312 | Bwd: 66.333 | Opt: 0.764 | GPU_Tot: 208.807
[Autotune] {"version": 2, "step": 110, "wall_seconds": 40.308559658005834, "seed_nodes": 442382, "loss": 1.0080426216125489, "all_losses_finite": true, "optimizer_steps": 109, "skipped_optimizer_steps": 1, "loss_scale": 16384.0}
[Step=0120] Wall=42.4467s | Loss=0.9502
[Profile] Avg ms/step | Load: 99.610 (Prep: 11.502, Struc: 1.257, Fetch: 86.851) | Fwd: 54.255 | Bwd: 66.230 | Opt: 0.764 | GPU_Tot: 209.358
[Autotune] {"version": 2, "step": 120, "wall_seconds": 42.44674904923886, "seed_nodes": 483342, "loss": 0.9502004623413086, "all_losses_finite": true, "optimizer_steps": 119, "skipped_optimizer_steps": 1, "loss_scale": 16384.0}
[Step=0130] Wall=44.6328s | Loss=0.8949
[Profile] Avg ms/step | Load: 99.436 (Prep: 10.270, Struc: 1.261, Fetch: 87.905) | Fwd: 54.237 | Bwd: 66.151 | Opt: 0.765 | GPU_Tot: 210.319
[Autotune] {"version": 2, "step": 130, "wall_seconds": 44.63284566067159, "seed_nodes": 524302, "loss": 0.8948797225952149, "all_losses_finite": true, "optimizer_steps": 129, "skipped_optimizer_steps": 1, "loss_scale": 16384.0}
[Step=0140] Wall=46.7893s | Loss=0.8686
[Profile] Avg ms/step | Load: 98.935 (Prep: 9.380, Struc: 1.263, Fetch: 88.291) | Fwd: 54.233 | Bwd: 66.138 | Opt: 0.769 | GPU_Tot: 210.694
[Autotune] {"version": 2, "step": 140, "wall_seconds": 46.78927078936249, "seed_nodes": 565262, "loss": 0.8685920715332032, "all_losses_finite": true, "optimizer_steps": 139, "skipped_optimizer_steps": 1, "loss_scale": 16384.0}
[Step=0150] Wall=49.0503s | Loss=1.0243
[Profile] Avg ms/step | Load: 100.563 (Prep: 12.335, Struc: 1.255, Fetch: 86.973) | Fwd: 53.746 | Bwd: 65.530 | Opt: 0.767 | GPU_Tot: 208.270
[Autotune] {"version": 2, "step": 150, "wall_seconds": 49.050335640087724, "seed_nodes": 602133, "loss": 1.0242621421813964, "all_losses_finite": true, "optimizer_steps": 149, "skipped_optimizer_steps": 1, "loss_scale": 16384.0}
[Step=0160] Wall=51.1857s | Loss=0.8709
[Profile] Avg ms/step | Load: 99.913 (Prep: 11.342, Struc: 1.258, Fetch: 87.314) | Fwd: 53.774 | Bwd: 65.546 | Opt: 0.767 | GPU_Tot: 208.660
[Autotune] {"version": 2, "step": 160, "wall_seconds": 51.18571420852095, "seed_nodes": 643093, "loss": 0.8708888053894043, "all_losses_finite": true, "optimizer_steps": 159, "skipped_optimizer_steps": 1, "loss_scale": 16384.0}
[Step=0170] Wall=53.3057s | Loss=0.8174
[Profile] Avg ms/step | Load: 99.259 (Prep: 10.501, Struc: 1.260, Fetch: 87.499) | Fwd: 53.795 | Bwd: 65.549 | Opt: 0.767 | GPU_Tot: 208.870
[Autotune] {"version": 2, "step": 170, "wall_seconds": 53.30567689053714, "seed_nodes": 684053, "loss": 0.817431640625, "all_losses_finite": true, "optimizer_steps": 169, "skipped_optimizer_steps": 1, "loss_scale": 16384.0}
[Step=0180] Wall=55.4831s | Loss=0.7752
[Profile] Avg ms/step | Load: 99.041 (Prep: 9.781, Struc: 1.262, Fetch: 87.998) | Fwd: 53.830 | Bwd: 65.602 | Opt: 0.768 | GPU_Tot: 209.459
[Autotune] {"version": 2, "step": 180, "wall_seconds": 55.48309353366494, "seed_nodes": 725013, "loss": 0.7752321720123291, "all_losses_finite": true, "optimizer_steps": 179, "skipped_optimizer_steps": 1, "loss_scale": 16384.0}
[Step=0190] Wall=57.6633s | Loss=0.7458
[Profile] Avg ms/step | Load: 98.914 (Prep: 9.215, Struc: 1.263, Fetch: 88.435) | Fwd: 53.847 | Bwd: 65.619 | Opt: 0.767 | GPU_Tot: 209.931
[Autotune] {"version": 2, "step": 190, "wall_seconds": 57.66333745140582, "seed_nodes": 765973, "loss": 0.7458034992218018, "all_losses_finite": true, "optimizer_steps": 189, "skipped_optimizer_steps": 1, "loss_scale": 16384.0}
[Step=0200] Wall=59.9357s | Loss=0.8699
[Profile] Avg ms/step | Load: 100.071 (Prep: 11.246, Struc: 1.258, Fetch: 87.567) | Fwd: 53.543 | Bwd: 65.260 | Opt: 0.766 | GPU_Tot: 208.394
[Autotune] {"version": 2, "step": 200, "wall_seconds": 59.93566968571395, "seed_nodes": 802844, "loss": 0.8698871612548829, "all_losses_finite": true, "optimizer_steps": 199, "skipped_optimizer_steps": 1, "loss_scale": 16384.0}
[Step=0210] Wall=62.1314s | Loss=0.8397
[Profile] Avg ms/step | Load: 99.951 (Prep: 10.608, Struc: 1.259, Fetch: 88.084) | Fwd: 53.586 | Bwd: 65.320 | Opt: 0.768 | GPU_Tot: 209.016
[Autotune] {"version": 2, "step": 210, "wall_seconds": 62.1313559981063, "seed_nodes": 843804, "loss": 0.8397253036499024, "all_losses_finite": true, "optimizer_steps": 209, "skipped_optimizer_steps": 1, "loss_scale": 16384.0}
[Step=0220] Wall=64.2832s | Loss=0.7770
[Profile] Avg ms/step | Load: 99.633 (Prep: 10.043, Struc: 1.261, Fetch: 88.330) | Fwd: 53.619 | Bwd: 65.344 | Opt: 0.771 | GPU_Tot: 209.324
[Autotune] {"version": 2, "step": 220, "wall_seconds": 64.2832101546228, "seed_nodes": 884764, "loss": 0.7770150661468506, "all_losses_finite": true, "optimizer_steps": 219, "skipped_optimizer_steps": 1, "loss_scale": 16384.0}
[Step=0230] Wall=66.4511s | Loss=0.7356
[Profile] Avg ms/step | Load: 99.404 (Prep: 9.536, Struc: 1.262, Fetch: 88.606) | Fwd: 53.650 | Bwd: 65.396 | Opt: 0.771 | GPU_Tot: 209.685
[Autotune] {"version": 2, "step": 230, "wall_seconds": 66.45112861786038, "seed_nodes": 925724, "loss": 0.7355699062347412, "all_losses_finite": true, "optimizer_steps": 229, "skipped_optimizer_steps": 1, "loss_scale": 16384.0}
[Step=0240] Wall=68.5618s | Loss=0.7115
[Profile] Avg ms/step | Load: 98.921 (Prep: 9.121, Struc: 1.263, Fetch: 88.537) | Fwd: 53.676 | Bwd: 65.437 | Opt: 0.770 | GPU_Tot: 209.683
[Autotune] {"version": 2, "step": 240, "wall_seconds": 68.56180692650378, "seed_nodes": 966684, "loss": 0.7115246295928955, "all_losses_finite": true, "optimizer_steps": 239, "skipped_optimizer_steps": 1, "loss_scale": 16384.0}
[Step=0250] Wall=70.8479s | Loss=0.6864
[Profile] Avg ms/step | Load: 99.854 (Prep: 10.627, Struc: 1.259, Fetch: 87.967) | Fwd: 53.456 | Bwd: 65.183 | Opt: 0.769 | GPU_Tot: 208.635
[Autotune] {"version": 2, "step": 250, "wall_seconds": 70.84793408960104, "seed_nodes": 1003555, "loss": 0.6864253044128418, "all_losses_finite": true, "optimizer_steps": 249, "skipped_optimizer_steps": 1, "loss_scale": 16384.0}
[Step=0260] Wall=73.0040s | Loss=0.7060
[Profile] Avg ms/step | Load: 99.589 (Prep: 10.163, Struc: 1.260, Fetch: 88.165) | Fwd: 53.495 | Bwd: 65.232 | Opt: 0.771 | GPU_Tot: 208.924
[Autotune] {"version": 2, "step": 260, "wall_seconds": 73.00402965955436, "seed_nodes": 1044515, "loss": 0.7059735774993896, "all_losses_finite": true, "optimizer_steps": 259, "skipped_optimizer_steps": 1, "loss_scale": 16384.0}
[Step=0270] Wall=75.1649s | Loss=0.6834
[Profile] Avg ms/step | Load: 99.375 (Prep: 9.740, Struc: 1.261, Fetch: 88.374) | Fwd: 53.526 | Bwd: 65.276 | Opt: 0.771 | GPU_Tot: 209.208
[Autotune] {"version": 2, "step": 270, "wall_seconds": 75.16487792693079, "seed_nodes": 1085475, "loss": 0.6833684921264649, "all_losses_finite": true, "optimizer_steps": 269, "skipped_optimizer_steps": 1, "loss_scale": 16384.0}
[Step=0280] Wall=77.2879s | Loss=0.6569
[Profile] Avg ms/step | Load: 99.040 (Prep: 9.352, Struc: 1.262, Fetch: 88.426) | Fwd: 53.553 | Bwd: 65.300 | Opt: 0.771 | GPU_Tot: 209.312
[Autotune] {"version": 2, "step": 280, "wall_seconds": 77.28791194409132, "seed_nodes": 1126435, "loss": 0.6569252014160156, "all_losses_finite": true, "optimizer_steps": 279, "skipped_optimizer_steps": 1, "loss_scale": 16384.0}
[Step=0290] Wall=79.4019s | Loss=0.6491
[Profile] Avg ms/step | Load: 98.666 (Prep: 9.031, Struc: 1.263, Fetch: 88.371) | Fwd: 53.583 | Bwd: 65.346 | Opt: 0.770 | GPU_Tot: 209.334
[Autotune] {"version": 2, "step": 290, "wall_seconds": 79.4019423276186, "seed_nodes": 1167395, "loss": 0.6490761756896972, "all_losses_finite": true, "optimizer_steps": 289, "skipped_optimizer_steps": 1, "loss_scale": 16384.0}
[Step=0300] Wall=81.7178s | Loss=0.6074
[Profile] Avg ms/step | Load: 99.553 (Prep: 10.312, Struc: 1.260, Fetch: 87.981) | Fwd: 53.410 | Bwd: 65.134 | Opt: 0.770 | GPU_Tot: 208.555
[Autotune] {"version": 2, "step": 300, "wall_seconds": 81.7178072873503, "seed_nodes": 1204266, "loss": 0.6074122905731201, "all_losses_finite": true, "optimizer_steps": 299, "skipped_optimizer_steps": 1, "loss_scale": 16384.0}
[Step=0310] Wall=83.8728s | Loss=0.6543
[Profile] Avg ms/step | Load: 99.352 (Prep: 9.945, Struc: 1.261, Fetch: 88.146) | Fwd: 53.442 | Bwd: 65.169 | Opt: 0.771 | GPU_Tot: 208.789
[Autotune] {"version": 2, "step": 310, "wall_seconds": 83.87276378273964, "seed_nodes": 1245226, "loss": 0.6543234825134278, "all_losses_finite": true, "optimizer_steps": 309, "skipped_optimizer_steps": 1, "loss_scale": 16384.0}
[Step=0320] Wall=86.0247s | Loss=0.6246
[Profile] Avg ms/step | Load: 99.164 (Prep: 9.606, Struc: 1.262, Fetch: 88.297) | Fwd: 53.471 | Bwd: 65.196 | Opt: 0.771 | GPU_Tot: 208.996
[Autotune] {"version": 2, "step": 320, "wall_seconds": 86.02474410552531, "seed_nodes": 1286186, "loss": 0.6245699405670166, "all_losses_finite": true, "optimizer_steps": 319, "skipped_optimizer_steps": 1, "loss_scale": 16384.0}
[Step=0330] Wall=88.1529s | Loss=0.6261
[Profile] Avg ms/step | Load: 98.921 (Prep: 9.289, Struc: 1.263, Fetch: 88.370) | Fwd: 53.492 | Bwd: 65.212 | Opt: 0.771 | GPU_Tot: 209.107
[Autotune] {"version": 2, "step": 330, "wall_seconds": 88.1528680799529, "seed_nodes": 1327146, "loss": 0.6261083602905273, "all_losses_finite": true, "optimizer_steps": 329, "skipped_optimizer_steps": 1, "loss_scale": 16384.0}
[Step=0340] Wall=90.2460s | Loss=0.6250
[Profile] Avg ms/step | Load: 98.564 (Prep: 9.019, Struc: 1.263, Fetch: 88.281) | Fwd: 53.518 | Bwd: 65.235 | Opt: 0.769 | GPU_Tot: 209.067
[Autotune] {"version": 2, "step": 340, "wall_seconds": 90.24598973244429, "seed_nodes": 1368106, "loss": 0.624957799911499, "all_losses_finite": true, "optimizer_steps": 339, "skipped_optimizer_steps": 1, "loss_scale": 16384.0}
[Step=0350] Wall=92.5761s | Loss=0.5698
[Profile] Avg ms/step | Load: 99.376 (Prep: 10.046, Struc: 1.261, Fetch: 88.069) | Fwd: 53.366 | Bwd: 65.050 | Opt: 0.769 | GPU_Tot: 208.515
[Autotune] {"version": 2, "step": 350, "wall_seconds": 92.57608372624964, "seed_nodes": 1404977, "loss": 0.5698358535766601, "all_losses_finite": true, "optimizer_steps": 349, "skipped_optimizer_steps": 1, "loss_scale": 16384.0}
[Step=0360] Wall=94.7180s | Loss=0.6163
[Profile] Avg ms/step | Load: 99.185 (Prep: 9.745, Struc: 1.262, Fetch: 88.178) | Fwd: 53.390 | Bwd: 65.075 | Opt: 0.770 | GPU_Tot: 208.674
[Autotune] {"version": 2, "step": 360, "wall_seconds": 94.71804288960993, "seed_nodes": 1445937, "loss": 0.6162913799285888, "all_losses_finite": true, "optimizer_steps": 359, "skipped_optimizer_steps": 1, "loss_scale": 16384.0}
[Step=0370] Wall=96.8499s | Loss=0.6261
[Profile] Avg ms/step | Load: 98.973 (Prep: 9.462, Struc: 1.262, Fetch: 88.248) | Fwd: 53.413 | Bwd: 65.099 | Opt: 0.770 | GPU_Tot: 208.793
[Autotune] {"version": 2, "step": 370, "wall_seconds": 96.84989772364497, "seed_nodes": 1486897, "loss": 0.6261477470397949, "all_losses_finite": true, "optimizer_steps": 369, "skipped_optimizer_steps": 1, "loss_scale": 16384.0}
[Step=0380] Wall=98.9937s | Loss=0.6141
[Profile] Avg ms/step | Load: 98.801 (Prep: 9.196, Struc: 1.263, Fetch: 88.342) | Fwd: 53.438 | Bwd: 65.127 | Opt: 0.769 | GPU_Tot: 208.939
[Autotune] {"version": 2, "step": 380, "wall_seconds": 98.99373535439372, "seed_nodes": 1527857, "loss": 0.614119577407837, "all_losses_finite": true, "optimizer_steps": 379, "skipped_optimizer_steps": 1, "loss_scale": 16384.0}
[Step=0390] Wall=101.0783s | Loss=0.5978
[Profile] Avg ms/step | Load: 98.452 (Prep: 8.965, Struc: 1.267, Fetch: 88.219) | Fwd: 53.464 | Bwd: 65.169 | Opt: 0.768 | GPU_Tot: 208.888
[Autotune] {"version": 2, "step": 390, "wall_seconds": 101.07834414765239, "seed_nodes": 1568817, "loss": 0.5978300094604492, "all_losses_finite": true, "optimizer_steps": 389, "skipped_optimizer_steps": 1, "loss_scale": 16384.0}
[Step=0400] Wall=103.4493s | Loss=0.5858
[Profile] Avg ms/step | Load: 99.256 (Prep: 9.873, Struc: 1.265, Fetch: 88.118) | Fwd: 53.340 | Bwd: 65.018 | Opt: 0.768 | GPU_Tot: 208.509
[Autotune] {"version": 2, "step": 400, "wall_seconds": 103.44934734236449, "seed_nodes": 1605688, "loss": 0.5858489990234375, "all_losses_finite": true, "optimizer_steps": 399, "skipped_optimizer_steps": 1, "loss_scale": 16384.0}
[Step=0410] Wall=105.6018s | Loss=0.6223
[Profile] Avg ms/step | Load: 99.107 (Prep: 9.618, Struc: 1.266, Fetch: 88.223) | Fwd: 53.364 | Bwd: 65.051 | Opt: 0.770 | GPU_Tot: 208.674
[Autotune] {"version": 2, "step": 410, "wall_seconds": 105.6017768504098, "seed_nodes": 1646648, "loss": 0.6222833633422852, "all_losses_finite": true, "optimizer_steps": 409, "skipped_optimizer_steps": 1, "loss_scale": 16384.0}
[Step=0420] Wall=107.7454s | Loss=0.5855
[Profile] Avg ms/step | Load: 98.950 (Prep: 9.376, Struc: 1.266, Fetch: 88.308) | Fwd: 53.388 | Bwd: 65.076 | Opt: 0.770 | GPU_Tot: 208.808
[Autotune] {"version": 2, "step": 420, "wall_seconds": 107.745395231992, "seed_nodes": 1687608, "loss": 0.5854533195495606, "all_losses_finite": true, "optimizer_steps": 419, "skipped_optimizer_steps": 1, "loss_scale": 16384.0}
[Step=0430] Wall=109.8911s | Loss=0.6082
[Profile] Avg ms/step | Load: 98.814 (Prep: 9.146, Struc: 1.267, Fetch: 88.402) | Fwd: 53.407 | Bwd: 65.094 | Opt: 0.771 | GPU_Tot: 208.940
[Autotune] {"version": 2, "step": 430, "wall_seconds": 109.89113842509687, "seed_nodes": 1728568, "loss": 0.6081766128540039, "all_losses_finite": true, "optimizer_steps": 429, "skipped_optimizer_steps": 1, "loss_scale": 16384.0}
[Step=0440] Wall=111.9423s | Loss=0.5927
[Profile] Avg ms/step | Load: 98.442 (Prep: 8.947, Struc: 1.267, Fetch: 88.228) | Fwd: 53.427 | Bwd: 65.118 | Opt: 0.770 | GPU_Tot: 208.810
[Autotune] {"version": 2, "step": 440, "wall_seconds": 111.94226268399507, "seed_nodes": 1769528, "loss": 0.5926610946655273, "all_losses_finite": true, "optimizer_steps": 439, "skipped_optimizer_steps": 1, "loss_scale": 16384.0}
[Step=0450] Wall=114.2915s | Loss=0.6583
[Profile] Avg ms/step | Load: 99.108 (Prep: 9.768, Struc: 1.265, Fetch: 88.075) | Fwd: 53.315 | Bwd: 64.978 | Opt: 0.770 | GPU_Tot: 208.403
[Autotune] {"version": 2, "step": 450, "wall_seconds": 114.29150987230241, "seed_nodes": 1806399, "loss": 0.6582517147064209, "all_losses_finite": true, "optimizer_steps": 449, "skipped_optimizer_steps": 1, "loss_scale": 16384.0}
[Step=0460] Wall=116.4345s | Loss=0.6315
[Profile] Avg ms/step | Load: 98.955 (Prep: 9.545, Struc: 1.265, Fetch: 88.144) | Fwd: 53.339 | Bwd: 65.011 | Opt: 0.770 | GPU_Tot: 208.529
[Autotune] {"version": 2, "step": 460, "wall_seconds": 116.43451465759426, "seed_nodes": 1847359, "loss": 0.6314919471740723, "all_losses_finite": true, "optimizer_steps": 459, "skipped_optimizer_steps": 1, "loss_scale": 16384.0}
[Step=0470] Wall=118.6095s | Loss=0.6145
[Profile] Avg ms/step | Load: 98.885 (Prep: 9.333, Struc: 1.266, Fetch: 88.287) | Fwd: 53.361 | Bwd: 65.041 | Opt: 0.770 | GPU_Tot: 208.724
[Autotune] {"version": 2, "step": 470, "wall_seconds": 118.60954692680389, "seed_nodes": 1888319, "loss": 0.614458703994751, "all_losses_finite": true, "optimizer_steps": 469, "skipped_optimizer_steps": 1, "loss_scale": 16384.0}
[Step=0480] Wall=120.7683s | Loss=0.5853
[Profile] Avg ms/step | Load: 98.804 (Prep: 9.130, Struc: 1.266, Fetch: 88.408) | Fwd: 53.378 | Bwd: 65.050 | Opt: 0.770 | GPU_Tot: 208.873
[Autotune] {"version": 2, "step": 480, "wall_seconds": 120.76826118864119, "seed_nodes": 1929279, "loss": 0.585344934463501, "all_losses_finite": true, "optimizer_steps": 479, "skipped_optimizer_steps": 1, "loss_scale": 16384.0}
[Step=0490] Wall=122.6126s | Loss=0.5710
[Profile] Avg ms/step | Load: 98.280 (Prep: 8.950, Struc: 1.264, Fetch: 88.066) | Fwd: 53.278 | Bwd: 64.926 | Opt: 0.769 | GPU_Tot: 208.302
[Autotune] {"version": 2, "step": 490, "wall_seconds": 122.61259663570672, "seed_nodes": 1966150, "loss": 0.5710291862487793, "all_losses_finite": true, "optimizer_steps": 489, "skipped_optimizer_steps": 1, "loss_scale": 16384.0}
[Step=0500] Wall=125.1896s | Loss=0.6159
[Profile] Avg ms/step | Load: 99.118 (Prep: 9.666, Struc: 1.265, Fetch: 88.188) | Fwd: 53.296 | Bwd: 64.945 | Opt: 0.769 | GPU_Tot: 208.462
[Autotune] {"version": 2, "step": 500, "wall_seconds": 125.18958755303174, "seed_nodes": 2007110, "loss": 0.6159006595611572, "all_losses_finite": true, "optimizer_steps": 499, "skipped_optimizer_steps": 1, "loss_scale": 16384.0}
[Step=0510] Wall=127.3451s | Loss=0.6026
[Profile] Avg ms/step | Load: 99.018 (Prep: 9.469, Struc: 1.265, Fetch: 88.284) | Fwd: 53.316 | Bwd: 64.966 | Opt: 0.769 | GPU_Tot: 208.600
[Autotune] {"version": 2, "step": 510, "wall_seconds": 127.34511272329837, "seed_nodes": 2048070, "loss": 0.6025836944580079, "all_losses_finite": true, "optimizer_steps": 509, "skipped_optimizer_steps": 1, "loss_scale": 16384.0}
[Step=0520] Wall=129.5018s | Loss=0.5979
[Profile] Avg ms/step | Load: 98.918 (Prep: 9.280, Struc: 1.266, Fetch: 88.372) | Fwd: 53.335 | Bwd: 64.993 | Opt: 0.769 | GPU_Tot: 208.735
[Autotune] {"version": 2, "step": 520, "wall_seconds": 129.5018268385902, "seed_nodes": 2089030, "loss": 0.5979173183441162, "all_losses_finite": true, "optimizer_steps": 519, "skipped_optimizer_steps": 1, "loss_scale": 16384.0}
[Step=0530] Wall=131.6435s | Loss=0.5801
[Profile] Avg ms/step | Load: 98.788 (Prep: 9.099, Struc: 1.266, Fetch: 88.423) | Fwd: 53.355 | Bwd: 65.021 | Opt: 0.769 | GPU_Tot: 208.833
[Autotune] {"version": 2, "step": 530, "wall_seconds": 131.64348340407014, "seed_nodes": 2129990, "loss": 0.5800638198852539, "all_losses_finite": true, "optimizer_steps": 529, "skipped_optimizer_steps": 1, "loss_scale": 16384.0}
[Step=0540] Wall=133.9015s | Loss=0.6658
[Profile] Avg ms/step | Load: 99.147 (Prep: 9.773, Struc: 1.264, Fetch: 88.110) | Fwd: 53.265 | Bwd: 64.905 | Opt: 0.768 | GPU_Tot: 208.313
[Autotune] {"version": 2, "step": 540, "wall_seconds": 133.9015191225335, "seed_nodes": 2166861, "loss": 0.6658133506774903, "all_losses_finite": true, "optimizer_steps": 539, "skipped_optimizer_steps": 1, "loss_scale": 16384.0}
[Step=0550] Wall=136.0357s | Loss=0.8096
[Profile] Avg ms/step | Load: 99.018 (Prep: 9.590, Struc: 1.265, Fetch: 88.164) | Fwd: 53.282 | Bwd: 64.921 | Opt: 0.770 | GPU_Tot: 208.401
[Autotune] {"version": 2, "step": 550, "wall_seconds": 136.03573618084192, "seed_nodes": 2207821, "loss": 0.8095863342285157, "all_losses_finite": true, "optimizer_steps": 549, "skipped_optimizer_steps": 1, "loss_scale": 16384.0}
[Step=0560] Wall=138.1853s | Loss=0.6966
[Profile] Avg ms/step | Load: 98.914 (Prep: 9.413, Struc: 1.265, Fetch: 88.236) | Fwd: 53.301 | Bwd: 64.944 | Opt: 0.770 | GPU_Tot: 208.516
[Autotune] {"version": 2, "step": 560, "wall_seconds": 138.18533265404403, "seed_nodes": 2248781, "loss": 0.6965755462646485, "all_losses_finite": true, "optimizer_steps": 559, "skipped_optimizer_steps": 1, "loss_scale": 16384.0}
[Step=0570] Wall=140.3338s | Loss=0.6439
[Profile] Avg ms/step | Load: 98.809 (Prep: 9.244, Struc: 1.265, Fetch: 88.300) | Fwd: 53.319 | Bwd: 64.969 | Opt: 0.770 | GPU_Tot: 208.624
[Autotune] {"version": 2, "step": 570, "wall_seconds": 140.33379157353193, "seed_nodes": 2289741, "loss": 0.6438977718353271, "all_losses_finite": true, "optimizer_steps": 569, "skipped_optimizer_steps": 1, "loss_scale": 16384.0}
[Step=0580] Wall=142.4854s | Loss=0.6156
[Profile] Avg ms/step | Load: 98.724 (Prep: 9.097, Struc: 1.266, Fetch: 88.362) | Fwd: 53.336 | Bwd: 64.984 | Opt: 0.770 | GPU_Tot: 208.717
[Autotune] {"version": 2, "step": 580, "wall_seconds": 142.48544262629002, "seed_nodes": 2330701, "loss": 0.6156050682067871, "all_losses_finite": true, "optimizer_steps": 579, "skipped_optimizer_steps": 1, "loss_scale": 16384.0}
[Step=0590] Wall=144.7521s | Loss=0.5943
[Profile] Avg ms/step | Load: 99.064 (Prep: 9.694, Struc: 1.264, Fetch: 88.106) | Fwd: 53.258 | Bwd: 64.880 | Opt: 0.769 | GPU_Tot: 208.277
[Autotune] {"version": 2, "step": 590, "wall_seconds": 144.75214712880552, "seed_nodes": 2367572, "loss": 0.5942928791046143, "all_losses_finite": true, "optimizer_steps": 589, "skipped_optimizer_steps": 1, "loss_scale": 16384.0}
[Step=0600] Wall=146.9048s | Loss=0.6258
[Profile] Avg ms/step | Load: 98.969 (Prep: 9.528, Struc: 1.265, Fetch: 88.176) | Fwd: 53.277 | Bwd: 64.905 | Opt: 0.769 | GPU_Tot: 208.391
[Autotune] {"version": 2, "step": 600, "wall_seconds": 146.9048348478973, "seed_nodes": 2408532, "loss": 0.625788402557373, "all_losses_finite": true, "optimizer_steps": 599, "skipped_optimizer_steps": 1, "loss_scale": 16384.0}
[Step=0610] Wall=149.0578s | Loss=0.5981
[Profile] Avg ms/step | Load: 98.877 (Prep: 9.369, Struc: 1.265, Fetch: 88.243) | Fwd: 53.294 | Bwd: 64.929 | Opt: 0.770 | GPU_Tot: 208.501
[Autotune] {"version": 2, "step": 610, "wall_seconds": 149.0577974850312, "seed_nodes": 2449492, "loss": 0.598121976852417, "all_losses_finite": true, "optimizer_steps": 609, "skipped_optimizer_steps": 1, "loss_scale": 16384.0}
[Step=0620] Wall=151.1982s | Loss=0.6115
[Profile] Avg ms/step | Load: 98.760 (Prep: 9.215, Struc: 1.265, Fetch: 88.280) | Fwd: 53.313 | Bwd: 64.958 | Opt: 0.770 | GPU_Tot: 208.586
[Autotune] {"version": 2, "step": 620, "wall_seconds": 151.19819770846516, "seed_nodes": 2490452, "loss": 0.6114597797393799, "all_losses_finite": true, "optimizer_steps": 619, "skipped_optimizer_steps": 1, "loss_scale": 16384.0}
[Step=0630] Wall=153.3655s | Loss=0.5818
[Profile] Avg ms/step | Load: 98.700 (Prep: 9.083, Struc: 1.266, Fetch: 88.351) | Fwd: 53.329 | Bwd: 64.980 | Opt: 0.770 | GPU_Tot: 208.696
[Autotune] {"version": 2, "step": 630, "wall_seconds": 153.36551725212485, "seed_nodes": 2531412, "loss": 0.5818300724029541, "all_losses_finite": true, "optimizer_steps": 629, "skipped_optimizer_steps": 1, "loss_scale": 16384.0}
[Step=0640] Wall=155.6333s | Loss=0.7168
[Profile] Avg ms/step | Load: 99.009 (Prep: 9.612, Struc: 1.264, Fetch: 88.133) | Fwd: 53.257 | Bwd: 64.890 | Opt: 0.770 | GPU_Tot: 208.314
[Autotune] {"version": 2, "step": 640, "wall_seconds": 155.6333258477971, "seed_nodes": 2568283, "loss": 0.7167520999908448, "all_losses_finite": true, "optimizer_steps": 639, "skipped_optimizer_steps": 1, "loss_scale": 16384.0}
[Step=0650] Wall=157.7728s | Loss=0.7767
[Profile] Avg ms/step | Load: 98.902 (Prep: 9.462, Struc: 1.265, Fetch: 88.176) | Fwd: 53.275 | Bwd: 64.911 | Opt: 0.770 | GPU_Tot: 208.396
[Autotune] {"version": 2, "step": 650, "wall_seconds": 157.7728113271296, "seed_nodes": 2609243, "loss": 0.7766802310943604, "all_losses_finite": true, "optimizer_steps": 649, "skipped_optimizer_steps": 1, "loss_scale": 16384.0}
[Step=0660] Wall=159.9448s | Loss=0.6816
[Profile] Avg ms/step | Load: 98.837 (Prep: 9.316, Struc: 1.265, Fetch: 88.256) | Fwd: 53.294 | Bwd: 64.943 | Opt: 0.770 | GPU_Tot: 208.528
[Autotune] {"version": 2, "step": 660, "wall_seconds": 159.9447677694261, "seed_nodes": 2650203, "loss": 0.6815766811370849, "all_losses_finite": true, "optimizer_steps": 659, "skipped_optimizer_steps": 1, "loss_scale": 16384.0}
[Step=0670] Wall=162.1030s | Loss=0.6330
[Profile] Avg ms/step | Load: 98.770 (Prep: 9.174, Struc: 1.265, Fetch: 88.331) | Fwd: 53.308 | Bwd: 64.959 | Opt: 0.771 | GPU_Tot: 208.634
[Autotune] {"version": 2, "step": 670, "wall_seconds": 162.10303308349103, "seed_nodes": 2691163, "loss": 0.6330015182495117, "all_losses_finite": true, "optimizer_steps": 669, "skipped_optimizer_steps": 1, "loss_scale": 16384.0}
[Step=0680] Wall=164.2454s | Loss=0.6082
[Profile] Avg ms/step | Load: 98.682 (Prep: 9.053, Struc: 1.266, Fetch: 88.364) | Fwd: 53.323 | Bwd: 64.975 | Opt: 0.770 | GPU_Tot: 208.697
[Autotune] {"version": 2, "step": 680, "wall_seconds": 164.24541950505227, "seed_nodes": 2732123, "loss": 0.6082028865814209, "all_losses_finite": true, "optimizer_steps": 679, "skipped_optimizer_steps": 1, "loss_scale": 16384.0}
[Step=0690] Wall=166.5075s | Loss=0.5920
[Profile] Avg ms/step | Load: 98.956 (Prep: 9.545, Struc: 1.264, Fetch: 88.147) | Fwd: 53.258 | Bwd: 64.893 | Opt: 0.770 | GPU_Tot: 208.332
[Autotune] {"version": 2, "step": 690, "wall_seconds": 166.50751826539636, "seed_nodes": 2768994, "loss": 0.5920015811920166, "all_losses_finite": true, "optimizer_steps": 689, "skipped_optimizer_steps": 1, "loss_scale": 16384.0}
[Step=0700] Wall=168.6631s | Loss=0.6308
[Profile] Avg ms/step | Load: 98.877 (Prep: 9.406, Struc: 1.265, Fetch: 88.206) | Fwd: 53.274 | Bwd: 64.918 | Opt: 0.770 | GPU_Tot: 208.433
[Autotune] {"version": 2, "step": 700, "wall_seconds": 168.66306799370795, "seed_nodes": 2809954, "loss": 0.6308259963989258, "all_losses_finite": true, "optimizer_steps": 699, "skipped_optimizer_steps": 1, "loss_scale": 16384.0}
[Step=0710] Wall=170.8318s | Loss=0.6118
[Profile] Avg ms/step | Load: 98.826 (Prep: 9.272, Struc: 1.265, Fetch: 88.289) | Fwd: 53.288 | Bwd: 64.937 | Opt: 0.771 | GPU_Tot: 208.549
[Autotune] {"version": 2, "step": 710, "wall_seconds": 170.83177765458822, "seed_nodes": 2850914, "loss": 0.611763858795166, "all_losses_finite": true, "optimizer_steps": 709, "skipped_optimizer_steps": 1, "loss_scale": 16384.0}
[Step=0720] Wall=172.9905s | Loss=0.5852
[Profile] Avg ms/step | Load: 98.767 (Prep: 9.142, Struc: 1.265, Fetch: 88.359) | Fwd: 53.301 | Bwd: 64.952 | Opt: 0.771 | GPU_Tot: 208.648
[Autotune] {"version": 2, "step": 720, "wall_seconds": 172.99047358334064, "seed_nodes": 2891874, "loss": 0.5852375030517578, "all_losses_finite": true, "optimizer_steps": 719, "skipped_optimizer_steps": 1, "loss_scale": 16384.0}
[Step=0730] Wall=175.0861s | Loss=0.5726
[Profile] Avg ms/step | Load: 98.616 (Prep: 9.027, Struc: 1.265, Fetch: 88.324) | Fwd: 53.315 | Bwd: 64.967 | Opt: 0.770 | GPU_Tot: 208.641
[Autotune] {"version": 2, "step": 730, "wall_seconds": 175.0860860394314, "seed_nodes": 2932834, "loss": 0.572568702697754, "all_losses_finite": true, "optimizer_steps": 729, "skipped_optimizer_steps": 1, "loss_scale": 16384.0}
[Step=0740] Wall=177.3962s | Loss=0.8273
[Profile] Avg ms/step | Load: 98.939 (Prep: 9.486, Struc: 1.264, Fetch: 88.188) | Fwd: 53.254 | Bwd: 64.893 | Opt: 0.770 | GPU_Tot: 208.370
[Autotune] {"version": 2, "step": 740, "wall_seconds": 177.39622684381902, "seed_nodes": 2969705, "loss": 0.8273025512695312, "all_losses_finite": true, "optimizer_steps": 739, "skipped_optimizer_steps": 1, "loss_scale": 16384.0}
[Step=0750] Wall=179.5468s | Loss=0.7819
[Profile] Avg ms/step | Load: 98.868 (Prep: 9.359, Struc: 1.265, Fetch: 88.245) | Fwd: 53.268 | Bwd: 64.908 | Opt: 0.770 | GPU_Tot: 208.456
[Autotune] {"version": 2, "step": 750, "wall_seconds": 179.54683886747807, "seed_nodes": 3010665, "loss": 0.7818871974945069, "all_losses_finite": true, "optimizer_steps": 749, "skipped_optimizer_steps": 1, "loss_scale": 16384.0}
[Step=0760] Wall=181.7160s | Loss=0.6875
[Profile] Avg ms/step | Load: 98.828 (Prep: 9.235, Struc: 1.265, Fetch: 88.329) | Fwd: 53.280 | Bwd: 64.920 | Opt: 0.771 | GPU_Tot: 208.564
[Autotune] {"version": 2, "step": 760, "wall_seconds": 181.71598499454558, "seed_nodes": 3051625, "loss": 0.6875226020812988, "all_losses_finite": true, "optimizer_steps": 759, "skipped_optimizer_steps": 1, "loss_scale": 16384.0}
[Step=0770] Wall=183.8568s | Loss=0.6619
[Profile] Avg ms/step | Load: 98.741 (Prep: 9.114, Struc: 1.265, Fetch: 88.363) | Fwd: 53.294 | Bwd: 64.938 | Opt: 0.772 | GPU_Tot: 208.632
[Autotune] {"version": 2, "step": 770, "wall_seconds": 183.85679097101092, "seed_nodes": 3092585, "loss": 0.6619002342224121, "all_losses_finite": true, "optimizer_steps": 769, "skipped_optimizer_steps": 1, "loss_scale": 16384.0}
[Step=0780] Wall=185.9464s | Loss=0.6236
[Profile] Avg ms/step | Load: 98.599 (Prep: 9.007, Struc: 1.265, Fetch: 88.327) | Fwd: 53.305 | Bwd: 64.948 | Opt: 0.772 | GPU_Tot: 208.617
[Autotune] {"version": 2, "step": 780, "wall_seconds": 185.94638414960355, "seed_nodes": 3133545, "loss": 0.6236305713653565, "all_losses_finite": true, "optimizer_steps": 779, "skipped_optimizer_steps": 1, "loss_scale": 16384.0}
[Step=0790] Wall=188.2358s | Loss=0.6628
[Profile] Avg ms/step | Load: 98.870 (Prep: 9.439, Struc: 1.264, Fetch: 88.167) | Fwd: 53.249 | Bwd: 64.881 | Opt: 0.773 | GPU_Tot: 208.333
[Autotune] {"version": 2, "step": 790, "wall_seconds": 188.23583961930126, "seed_nodes": 3170416, "loss": 0.6627914428710937, "all_losses_finite": true, "optimizer_steps": 789, "skipped_optimizer_steps": 1, "loss_scale": 16384.0}
[Step=0800] Wall=190.3661s | Loss=0.6575
[Profile] Avg ms/step | Load: 98.769 (Prep: 9.320, Struc: 1.264, Fetch: 88.184) | Fwd: 53.263 | Bwd: 64.902 | Opt: 0.774 | GPU_Tot: 208.387
[Autotune] {"version": 2, "step": 800, "wall_seconds": 190.36605172324926, "seed_nodes": 3211376, "loss": 0.6575416088104248, "all_losses_finite": true, "optimizer_steps": 799, "skipped_optimizer_steps": 1, "loss_scale": 16384.0}
[Step=0810] Wall=192.5171s | Loss=0.6190
[Profile] Avg ms/step | Load: 98.703 (Prep: 9.205, Struc: 1.265, Fetch: 88.233) | Fwd: 53.275 | Bwd: 64.919 | Opt: 0.774 | GPU_Tot: 208.466
[Autotune] {"version": 2, "step": 810, "wall_seconds": 192.5171429272741, "seed_nodes": 3252336, "loss": 0.6189598083496094, "all_losses_finite": true, "optimizer_steps": 809, "skipped_optimizer_steps": 1, "loss_scale": 16384.0}
[Step=0820] Wall=194.6414s | Loss=0.6016
[Profile] Avg ms/step | Load: 98.605 (Prep: 9.092, Struc: 1.265, Fetch: 88.248) | Fwd: 53.287 | Bwd: 64.934 | Opt: 0.774 | GPU_Tot: 208.509
[Autotune] {"version": 2, "step": 820, "wall_seconds": 194.64144890755415, "seed_nodes": 3293296, "loss": 0.6016413688659668, "all_losses_finite": true, "optimizer_steps": 819, "skipped_optimizer_steps": 1, "loss_scale": 16384.0}
[Step=0830] Wall=196.7285s | Loss=0.5802
[Profile] Avg ms/step | Load: 98.470 (Prep: 8.993, Struc: 1.265, Fetch: 88.212) | Fwd: 53.299 | Bwd: 64.944 | Opt: 0.774 | GPU_Tot: 208.493
[Autotune] {"version": 2, "step": 830, "wall_seconds": 196.7285469258204, "seed_nodes": 3334256, "loss": 0.5802081108093262, "all_losses_finite": true, "optimizer_steps": 829, "skipped_optimizer_steps": 1, "loss_scale": 16384.0}
[Step=0840] Wall=199.0433s | Loss=0.5765
[Profile] Avg ms/step | Load: 98.764 (Prep: 9.392, Struc: 1.264, Fetch: 88.108) | Fwd: 53.243 | Bwd: 64.877 | Opt: 0.774 | GPU_Tot: 208.267
[Autotune] {"version": 2, "step": 840, "wall_seconds": 199.04329068493098, "seed_nodes": 3371127, "loss": 0.5765348434448242, "all_losses_finite": true, "optimizer_steps": 839, "skipped_optimizer_steps": 1, "loss_scale": 16384.0}
[Step=0850] Wall=201.1744s | Loss=0.6125
[Profile] Avg ms/step | Load: 98.676 (Prep: 9.281, Struc: 1.264, Fetch: 88.131) | Fwd: 53.256 | Bwd: 64.895 | Opt: 0.774 | GPU_Tot: 208.319
[Autotune] {"version": 2, "step": 850, "wall_seconds": 201.17439015302807, "seed_nodes": 3412087, "loss": 0.6124502658843994, "all_losses_finite": true, "optimizer_steps": 849, "skipped_optimizer_steps": 1, "loss_scale": 16384.0}
[Step=0860] Wall=203.3155s | Loss=0.5884
[Profile] Avg ms/step | Load: 98.602 (Prep: 9.173, Struc: 1.265, Fetch: 88.164) | Fwd: 53.269 | Bwd: 64.911 | Opt: 0.774 | GPU_Tot: 208.382
[Autotune] {"version": 2, "step": 860, "wall_seconds": 203.3155102385208, "seed_nodes": 3453047, "loss": 0.5883805274963378, "all_losses_finite": true, "optimizer_steps": 859, "skipped_optimizer_steps": 1, "loss_scale": 16384.0}
[Step=0870] Wall=205.4659s | Loss=0.5897
[Profile] Avg ms/step | Load: 98.544 (Prep: 9.068, Struc: 1.265, Fetch: 88.211) | Fwd: 53.281 | Bwd: 64.925 | Opt: 0.774 | GPU_Tot: 208.455
[Autotune] {"version": 2, "step": 870, "wall_seconds": 205.46592344809324, "seed_nodes": 3494007, "loss": 0.5897344589233399, "all_losses_finite": true, "optimizer_steps": 869, "skipped_optimizer_steps": 1, "loss_scale": 16384.0}
[Step=0880] Wall=207.5255s | Loss=0.5659
[Profile] Avg ms/step | Load: 98.379 (Prep: 8.973, Struc: 1.265, Fetch: 88.141) | Fwd: 53.293 | Bwd: 64.937 | Opt: 0.773 | GPU_Tot: 208.410
[Autotune] {"version": 2, "step": 880, "wall_seconds": 207.52547524590045, "seed_nodes": 3534967, "loss": 0.5659350395202637, "all_losses_finite": true, "optimizer_steps": 879, "skipped_optimizer_steps": 1, "loss_scale": 16384.0}
[Step=0890] Wall=209.8737s | Loss=0.7791
[Profile] Avg ms/step | Load: 98.697 (Prep: 9.352, Struc: 1.264, Fetch: 88.081) | Fwd: 53.242 | Bwd: 64.873 | Opt: 0.773 | GPU_Tot: 208.234
[Autotune] {"version": 2, "step": 890, "wall_seconds": 209.87365244608372, "seed_nodes": 3571838, "loss": 0.7791309833526612, "all_losses_finite": true, "optimizer_steps": 889, "skipped_optimizer_steps": 1, "loss_scale": 16384.0}
[Step=0900] Wall=212.0352s | Loss=0.6728
[Profile] Avg ms/step | Load: 98.651 (Prep: 9.248, Struc: 1.264, Fetch: 88.139) | Fwd: 53.254 | Bwd: 64.888 | Opt: 0.773 | GPU_Tot: 208.319
[Autotune] {"version": 2, "step": 900, "wall_seconds": 212.0352452294901, "seed_nodes": 3612798, "loss": 0.6727987289428711, "all_losses_finite": true, "optimizer_steps": 899, "skipped_optimizer_steps": 1, "loss_scale": 16384.0}
[Step=0910] Wall=214.1510s | Loss=0.6325
[Profile] Avg ms/step | Load: 98.557 (Prep: 9.147, Struc: 1.265, Fetch: 88.145) | Fwd: 53.264 | Bwd: 64.901 | Opt: 0.774 | GPU_Tot: 208.349
[Autotune] {"version": 2, "step": 910, "wall_seconds": 214.15100472886115, "seed_nodes": 3653758, "loss": 0.6324982643127441, "all_losses_finite": true, "optimizer_steps": 909, "skipped_optimizer_steps": 1, "loss_scale": 16384.0}
[Step=0920] Wall=216.3044s | Loss=0.6021
[Profile] Avg ms/step | Load: 98.498 (Prep: 9.047, Struc: 1.265, Fetch: 88.186) | Fwd: 53.276 | Bwd: 64.920 | Opt: 0.774 | GPU_Tot: 208.422
[Autotune] {"version": 2, "step": 920, "wall_seconds": 216.30435712076724, "seed_nodes": 3694718, "loss": 0.6020735740661621, "all_losses_finite": true, "optimizer_steps": 919, "skipped_optimizer_steps": 1, "loss_scale": 16384.0}
[Step=0930] Wall=218.3669s | Loss=0.5755
[Profile] Avg ms/step | Load: 98.346 (Prep: 8.960, Struc: 1.265, Fetch: 88.121) | Fwd: 53.288 | Bwd: 64.934 | Opt: 0.773 | GPU_Tot: 208.381
[Autotune] {"version": 2, "step": 930, "wall_seconds": 218.36685901507735, "seed_nodes": 3735678, "loss": 0.5754901885986328, "all_losses_finite": true, "optimizer_steps": 929, "skipped_optimizer_steps": 1, "loss_scale": 16384.0}
[Step=0940] Wall=220.7289s | Loss=0.7998
[Profile] Avg ms/step | Load: 98.657 (Prep: 9.314, Struc: 1.264, Fetch: 88.078) | Fwd: 53.240 | Bwd: 64.877 | Opt: 0.774 | GPU_Tot: 208.234
[Autotune] {"version": 2, "step": 940, "wall_seconds": 220.7289054747671, "seed_nodes": 3772549, "loss": 0.7998390197753906, "all_losses_finite": true, "optimizer_steps": 939, "skipped_optimizer_steps": 1, "loss_scale": 16384.0}
[Step=0950] Wall=222.8828s | Loss=0.7290
[Profile] Avg ms/step | Load: 98.600 (Prep: 9.217, Struc: 1.264, Fetch: 88.119) | Fwd: 53.252 | Bwd: 64.897 | Opt: 0.774 | GPU_Tot: 208.306
[Autotune] {"version": 2, "step": 950, "wall_seconds": 222.8827931759879, "seed_nodes": 3813509, "loss": 0.7290133953094482, "all_losses_finite": true, "optimizer_steps": 949, "skipped_optimizer_steps": 1, "loss_scale": 16384.0}
[Step=0960] Wall=225.0211s | Loss=0.6456
[Profile] Avg ms/step | Load: 98.535 (Prep: 9.121, Struc: 1.265, Fetch: 88.150) | Fwd: 53.262 | Bwd: 64.909 | Opt: 0.774 | GPU_Tot: 208.359
[Autotune] {"version": 2, "step": 960, "wall_seconds": 225.0210813926533, "seed_nodes": 3854469, "loss": 0.6456009864807128, "all_losses_finite": true, "optimizer_steps": 959, "skipped_optimizer_steps": 1, "loss_scale": 16384.0}
[Step=0970] Wall=227.1675s | Loss=0.6099
[Profile] Avg ms/step | Load: 98.478 (Prep: 9.027, Struc: 1.265, Fetch: 88.186) | Fwd: 53.273 | Bwd: 64.922 | Opt: 0.774 | GPU_Tot: 208.420
[Autotune] {"version": 2, "step": 970, "wall_seconds": 227.1674993429333, "seed_nodes": 3895429, "loss": 0.6098865032196045, "all_losses_finite": true, "optimizer_steps": 969, "skipped_optimizer_steps": 1, "loss_scale": 16384.0}
[Step=0980] Wall=229.0154s | Loss=0.5896
[Profile] Avg ms/step | Load: 98.239 (Prep: 8.942, Struc: 1.264, Fetch: 88.033) | Fwd: 53.226 | Bwd: 64.859 | Opt: 0.774 | GPU_Tot: 208.156
[Autotune] {"version": 2, "step": 980, "wall_seconds": 229.0153825636953, "seed_nodes": 3932300, "loss": 0.5896151542663575, "all_losses_finite": true, "optimizer_steps": 979, "skipped_optimizer_steps": 1, "loss_scale": 16384.0}
[Step=0990] Wall=231.5667s | Loss=0.6564
[Profile] Avg ms/step | Load: 98.611 (Prep: 9.281, Struc: 1.264, Fetch: 88.066) | Fwd: 53.237 | Bwd: 64.874 | Opt: 0.774 | GPU_Tot: 208.215
[Autotune] {"version": 2, "step": 990, "wall_seconds": 231.5667187506333, "seed_nodes": 3973260, "loss": 0.6564436912536621, "all_losses_finite": true, "optimizer_steps": 989, "skipped_optimizer_steps": 1, "loss_scale": 16384.0}
[Step=1000] Wall=233.7382s | Loss=0.6271
[Profile] Avg ms/step | Load: 98.586 (Prep: 9.189, Struc: 1.265, Fetch: 88.132) | Fwd: 53.247 | Bwd: 64.884 | Opt: 0.774 | GPU_Tot: 208.302
[Autotune] {"version": 2, "step": 1000, "wall_seconds": 233.73818699270487, "seed_nodes": 4014220, "loss": 0.6271090984344483, "all_losses_finite": true, "optimizer_steps": 999, "skipped_optimizer_steps": 1, "loss_scale": 16384.0}
[Step=1010] Wall=235.8969s | Loss=0.6131
[Profile] Avg ms/step | Load: 98.545 (Prep: 9.098, Struc: 1.265, Fetch: 88.182) | Fwd: 53.257 | Bwd: 64.895 | Opt: 0.774 | GPU_Tot: 208.374
[Autotune] {"version": 2, "step": 1010, "wall_seconds": 235.89687646459788, "seed_nodes": 4055180, "loss": 0.6131235122680664, "all_losses_finite": true, "optimizer_steps": 1009, "skipped_optimizer_steps": 1, "loss_scale": 16384.0}
[Step=1020] Wall=238.0561s | Loss=0.5845
[Profile] Avg ms/step | Load: 98.508 (Prep: 9.010, Struc: 1.265, Fetch: 88.233) | Fwd: 53.266 | Bwd: 64.905 | Opt: 0.775 | GPU_Tot: 208.444
[Autotune] {"version": 2, "step": 1020, "wall_seconds": 238.0560979070142, "seed_nodes": 4096140, "loss": 0.5845001220703125, "all_losses_finite": true, "optimizer_steps": 1019, "skipped_optimizer_steps": 1, "loss_scale": 16384.0}
[Step=1030] Wall=240.3143s | Loss=0.5976
[Profile] Avg ms/step | Load: 98.693 (Prep: 9.342, Struc: 1.264, Fetch: 88.087) | Fwd: 53.222 | Bwd: 64.847 | Opt: 0.774 | GPU_Tot: 208.195
[Autotune] {"version": 2, "step": 1030, "wall_seconds": 240.31429813057184, "seed_nodes": 4133011, "loss": 0.5975603103637696, "all_losses_finite": true, "optimizer_steps": 1029, "skipped_optimizer_steps": 1, "loss_scale": 16384.0}
[Step=1040] Wall=242.4683s | Loss=0.7735
[Profile] Avg ms/step | Load: 98.642 (Prep: 9.253, Struc: 1.264, Fetch: 88.125) | Fwd: 53.233 | Bwd: 64.864 | Opt: 0.775 | GPU_Tot: 208.261
[Autotune] {"version": 2, "step": 1040, "wall_seconds": 242.46827686671168, "seed_nodes": 4173971, "loss": 0.7735432624816895, "all_losses_finite": true, "optimizer_steps": 1039, "skipped_optimizer_steps": 1, "loss_scale": 16384.0}
[Step=1050] Wall=244.6450s | Loss=0.6575
[Profile] Avg ms/step | Load: 98.620 (Prep: 9.165, Struc: 1.265, Fetch: 88.191) | Fwd: 53.243 | Bwd: 64.875 | Opt: 0.775 | GPU_Tot: 208.348
[Autotune] {"version": 2, "step": 1050, "wall_seconds": 244.64501748327166, "seed_nodes": 4214931, "loss": 0.6574821472167969, "all_losses_finite": true, "optimizer_steps": 1049, "skipped_optimizer_steps": 1, "loss_scale": 16384.0}
[Step=1060] Wall=246.8196s | Loss=0.6185
[Profile] Avg ms/step | Load: 98.596 (Prep: 9.079, Struc: 1.265, Fetch: 88.252) | Fwd: 53.252 | Bwd: 64.888 | Opt: 0.775 | GPU_Tot: 208.431
[Autotune] {"version": 2, "step": 1060, "wall_seconds": 246.81959651969373, "seed_nodes": 4255891, "loss": 0.6185264110565185, "all_losses_finite": true, "optimizer_steps": 1059, "skipped_optimizer_steps": 1, "loss_scale": 16384.0}
[Step=1070] Wall=248.9787s | Loss=0.5967
[Profile] Avg ms/step | Load: 98.561 (Prep: 9.004, Struc: 1.265, Fetch: 88.292) | Fwd: 53.261 | Bwd: 64.897 | Opt: 0.775 | GPU_Tot: 208.489
[Autotune] {"version": 2, "step": 1070, "wall_seconds": 248.9787431806326, "seed_nodes": 4296851, "loss": 0.5966855049133301, "all_losses_finite": true, "optimizer_steps": 1069, "skipped_optimizer_steps": 1, "loss_scale": 16384.0}
[Step=1080] Wall=251.2289s | Loss=0.5343
[Profile] Avg ms/step | Load: 98.720 (Prep: 9.311, Struc: 1.264, Fetch: 88.145) | Fwd: 53.222 | Bwd: 64.848 | Opt: 0.775 | GPU_Tot: 208.253
[Autotune] {"version": 2, "step": 1080, "wall_seconds": 251.2288994062692, "seed_nodes": 4333722, "loss": 0.534333324432373, "all_losses_finite": true, "optimizer_steps": 1079, "skipped_optimizer_steps": 1, "loss_scale": 16384.0}
[Step=1090] Wall=253.3973s | Loss=0.5823
[Profile] Avg ms/step | Load: 98.685 (Prep: 9.227, Struc: 1.264, Fetch: 88.194) | Fwd: 53.232 | Bwd: 64.863 | Opt: 0.775 | GPU_Tot: 208.328
[Autotune] {"version": 2, "step": 1090, "wall_seconds": 253.3973200423643, "seed_nodes": 4374682, "loss": 0.5822590827941895, "all_losses_finite": true, "optimizer_steps": 1089, "skipped_optimizer_steps": 1, "loss_scale": 16384.0}
[Step=1100] Wall=255.5415s | Loss=0.5694
[Profile] Avg ms/step | Load: 98.629 (Prep: 9.144, Struc: 1.264, Fetch: 88.221) | Fwd: 53.242 | Bwd: 64.877 | Opt: 0.774 | GPU_Tot: 208.380
[Autotune] {"version": 2, "step": 1100, "wall_seconds": 255.54146255087107, "seed_nodes": 4415642, "loss": 0.5693930625915528, "all_losses_finite": true, "optimizer_steps": 1099, "skipped_optimizer_steps": 1, "loss_scale": 16384.0}
[Step=1110] Wall=257.6909s | Loss=0.5617
[Profile] Avg ms/step | Load: 98.578 (Prep: 9.062, Struc: 1.265, Fetch: 88.251) | Fwd: 53.252 | Bwd: 64.893 | Opt: 0.774 | GPU_Tot: 208.436
[Autotune] {"version": 2, "step": 1110, "wall_seconds": 257.6908734217286, "seed_nodes": 4456602, "loss": 0.5617125511169434, "all_losses_finite": true, "optimizer_steps": 1109, "skipped_optimizer_steps": 1, "loss_scale": 16384.0}
[Step=1120] Wall=259.8399s | Loss=0.5587
[Profile] Avg ms/step | Load: 98.535 (Prep: 8.991, Struc: 1.265, Fetch: 88.279) | Fwd: 53.261 | Bwd: 64.902 | Opt: 0.774 | GPU_Tot: 208.481
[Autotune] {"version": 2, "step": 1120, "wall_seconds": 259.839885616675, "seed_nodes": 4497562, "loss": 0.558711051940918, "all_losses_finite": true, "optimizer_steps": 1119, "skipped_optimizer_steps": 1, "loss_scale": 16384.0}
[Step=1130] Wall=262.1075s | Loss=0.6023
[Profile] Avg ms/step | Load: 98.707 (Prep: 9.288, Struc: 1.264, Fetch: 88.154) | Fwd: 53.222 | Bwd: 64.852 | Opt: 0.774 | GPU_Tot: 208.267
[Autotune] {"version": 2, "step": 1130, "wall_seconds": 262.1075046695769, "seed_nodes": 4534433, "loss": 0.6022891521453857, "all_losses_finite": true, "optimizer_steps": 1129, "skipped_optimizer_steps": 1, "loss_scale": 16384.0}
[Step=1140] Wall=264.2666s | Loss=0.7005
[Profile] Avg ms/step | Load: 98.670 (Prep: 9.208, Struc: 1.264, Fetch: 88.198) | Fwd: 53.232 | Bwd: 64.863 | Opt: 0.774 | GPU_Tot: 208.331
[Autotune] {"version": 2, "step": 1140, "wall_seconds": 264.2666238481179, "seed_nodes": 4575393, "loss": 0.7004897594451904, "all_losses_finite": true, "optimizer_steps": 1139, "skipped_optimizer_steps": 1, "loss_scale": 16384.0}
[Step=1150] Wall=266.4254s | Loss=0.6448
[Profile] Avg ms/step | Load: 98.634 (Prep: 9.128, Struc: 1.264, Fetch: 88.241) | Fwd: 53.241 | Bwd: 64.874 | Opt: 0.774 | GPU_Tot: 208.394
[Autotune] {"version": 2, "step": 1150, "wall_seconds": 266.42542075086385, "seed_nodes": 4616353, "loss": 0.644819688796997, "all_losses_finite": true, "optimizer_steps": 1149, "skipped_optimizer_steps": 1, "loss_scale": 16384.0}
[Step=1160] Wall=268.5700s | Loss=0.6023
[Profile] Avg ms/step | Load: 98.586 (Prep: 9.050, Struc: 1.265, Fetch: 88.271) | Fwd: 53.250 | Bwd: 64.883 | Opt: 0.774 | GPU_Tot: 208.443
[Autotune] {"version": 2, "step": 1160, "wall_seconds": 268.5700286999345, "seed_nodes": 4657313, "loss": 0.6023117542266846, "all_losses_finite": true, "optimizer_steps": 1159, "skipped_optimizer_steps": 1, "loss_scale": 16384.0}
[Step=1170] Wall=270.7092s | Loss=0.5497
[Profile] Avg ms/step | Load: 98.532 (Prep: 8.983, Struc: 1.265, Fetch: 88.284) | Fwd: 53.258 | Bwd: 64.895 | Opt: 0.774 | GPU_Tot: 208.477
[Autotune] {"version": 2, "step": 1170, "wall_seconds": 270.70918512996286, "seed_nodes": 4698273, "loss": 0.5497498512268066, "all_losses_finite": true, "optimizer_steps": 1169, "skipped_optimizer_steps": 1, "loss_scale": 16384.0}
[Step=1180] Wall=273.0051s | Loss=0.4922
[Profile] Avg ms/step | Load: 98.720 (Prep: 9.265, Struc: 1.264, Fetch: 88.191) | Fwd: 53.222 | Bwd: 64.849 | Opt: 0.774 | GPU_Tot: 208.300
[Autotune] {"version": 2, "step": 1180, "wall_seconds": 273.0050755189732, "seed_nodes": 4735144, "loss": 0.4921677589416504, "all_losses_finite": true, "optimizer_steps": 1179, "skipped_optimizer_steps": 1, "loss_scale": 16384.0}
[Step=1190] Wall=275.1862s | Loss=0.5272
[Profile] Avg ms/step | Load: 98.701 (Prep: 9.188, Struc: 1.264, Fetch: 88.249) | Fwd: 53.231 | Bwd: 64.862 | Opt: 0.774 | GPU_Tot: 208.380
[Autotune] {"version": 2, "step": 1190, "wall_seconds": 275.18621525913477, "seed_nodes": 4776104, "loss": 0.5272061824798584, "all_losses_finite": true, "optimizer_steps": 1189, "skipped_optimizer_steps": 1, "loss_scale": 16384.0}
[Step=1200] Wall=277.3326s | Loss=0.5262
[Profile] Avg ms/step | Load: 98.653 (Prep: 9.112, Struc: 1.264, Fetch: 88.276) | Fwd: 53.239 | Bwd: 64.874 | Opt: 0.774 | GPU_Tot: 208.428
[Autotune] {"version": 2, "step": 1200, "wall_seconds": 277.3326404085383, "seed_nodes": 4817064, "loss": 0.5261528968811036, "all_losses_finite": true, "optimizer_steps": 1199, "skipped_optimizer_steps": 1, "loss_scale": 16384.0}
[Step=1210] Wall=279.4870s | Loss=0.5063
[Profile] Avg ms/step | Load: 98.615 (Prep: 9.038, Struc: 1.265, Fetch: 88.312) | Fwd: 53.248 | Bwd: 64.884 | Opt: 0.774 | GPU_Tot: 208.483
[Autotune] {"version": 2, "step": 1210, "wall_seconds": 279.4869515383616, "seed_nodes": 4858024, "loss": 0.5063441276550293, "all_losses_finite": true, "optimizer_steps": 1209, "skipped_optimizer_steps": 1, "loss_scale": 16384.0}
[Step=1220] Wall=281.6311s | Loss=0.5134
[Profile] Avg ms/step | Load: 98.567 (Prep: 8.974, Struc: 1.265, Fetch: 88.329) | Fwd: 53.257 | Bwd: 64.895 | Opt: 0.774 | GPU_Tot: 208.520
[Autotune] {"version": 2, "step": 1220, "wall_seconds": 281.63108402863145, "seed_nodes": 4898984, "loss": 0.5133536338806153, "all_losses_finite": true, "optimizer_steps": 1219, "skipped_optimizer_steps": 1, "loss_scale": 16384.0}
[Step=1230] Wall=283.9361s | Loss=0.6523
[Profile] Avg ms/step | Load: 98.759 (Prep: 9.263, Struc: 1.264, Fetch: 88.232) | Fwd: 53.221 | Bwd: 64.847 | Opt: 0.774 | GPU_Tot: 208.338
[Autotune] {"version": 2, "step": 1230, "wall_seconds": 283.9361063875258, "seed_nodes": 4935855, "loss": 0.6522772789001465, "all_losses_finite": true, "optimizer_steps": 1229, "skipped_optimizer_steps": 1, "loss_scale": 16384.0}
[Step=1240] Wall=286.0813s | Loss=0.5998
[Profile] Avg ms/step | Load: 98.713 (Prep: 9.189, Struc: 1.264, Fetch: 88.260) | Fwd: 53.229 | Bwd: 64.859 | Opt: 0.774 | GPU_Tot: 208.385
[Autotune] {"version": 2, "step": 1240, "wall_seconds": 286.08133996650577, "seed_nodes": 4976815, "loss": 0.5997556686401367, "all_losses_finite": true, "optimizer_steps": 1239, "skipped_optimizer_steps": 1, "loss_scale": 16384.0}
[Step=1250] Wall=288.2166s | Loss=0.5658
[Profile] Avg ms/step | Load: 98.661 (Prep: 9.116, Struc: 1.264, Fetch: 88.281) | Fwd: 53.236 | Bwd: 64.867 | Opt: 0.774 | GPU_Tot: 208.422
[Autotune] {"version": 2, "step": 1250, "wall_seconds": 288.21655175369233, "seed_nodes": 5017775, "loss": 0.5657505512237548, "all_losses_finite": true, "optimizer_steps": 1249, "skipped_optimizer_steps": 1, "loss_scale": 16384.0}
[Step=1260] Wall=290.3466s | Loss=0.5523
[Profile] Avg ms/step | Load: 98.604 (Prep: 9.045, Struc: 1.264, Fetch: 88.294) | Fwd: 53.244 | Bwd: 64.877 | Opt: 0.774 | GPU_Tot: 208.455
[Autotune] {"version": 2, "step": 1260, "wall_seconds": 290.34659626800567, "seed_nodes": 5058735, "loss": 0.5522577285766601, "all_losses_finite": true, "optimizer_steps": 1259, "skipped_optimizer_steps": 1, "loss_scale": 16384.0}
[Step=1270] Wall=292.4681s | Loss=0.5210
[Profile] Avg ms/step | Load: 98.535 (Prep: 8.983, Struc: 1.265, Fetch: 88.288) | Fwd: 53.253 | Bwd: 64.892 | Opt: 0.774 | GPU_Tot: 208.472
[Autotune] {"version": 2, "step": 1270, "wall_seconds": 292.4681009426713, "seed_nodes": 5099695, "loss": 0.5210092544555665, "all_losses_finite": true, "optimizer_steps": 1269, "skipped_optimizer_steps": 1, "loss_scale": 16384.0}
[Step=1280] Wall=294.7563s | Loss=0.5830
[Profile] Avg ms/step | Load: 98.703 (Prep: 9.239, Struc: 1.264, Fetch: 88.200) | Fwd: 53.219 | Bwd: 64.849 | Opt: 0.774 | GPU_Tot: 208.306
[Autotune] {"version": 2, "step": 1280, "wall_seconds": 294.75632738973945, "seed_nodes": 5136566, "loss": 0.5829788208007812, "all_losses_finite": true, "optimizer_steps": 1279, "skipped_optimizer_steps": 1, "loss_scale": 16384.0}
[Step=1290] Wall=296.9126s | Loss=0.5764
[Profile] Avg ms/step | Load: 98.667 (Prep: 9.168, Struc: 1.264, Fetch: 88.234) | Fwd: 53.227 | Bwd: 64.860 | Opt: 0.774 | GPU_Tot: 208.360
[Autotune] {"version": 2, "step": 1290, "wall_seconds": 296.91263235826045, "seed_nodes": 5177526, "loss": 0.5763964653015137, "all_losses_finite": true, "optimizer_steps": 1289, "skipped_optimizer_steps": 1, "loss_scale": 16384.0}
[Step=1300] Wall=299.1073s | Loss=0.5567
[Profile] Avg ms/step | Load: 98.657 (Prep: 9.099, Struc: 1.264, Fetch: 88.294) | Fwd: 53.237 | Bwd: 64.874 | Opt: 0.774 | GPU_Tot: 208.443
[Autotune] {"version": 2, "step": 1300, "wall_seconds": 299.1073459032923, "seed_nodes": 5218486, "loss": 0.556687593460083, "all_losses_finite": true, "optimizer_steps": 1299, "skipped_optimizer_steps": 1, "loss_scale": 16384.0}
[Step=1310] Wall=301.2667s | Loss=0.5288
[Profile] Avg ms/step | Load: 98.624 (Prep: 9.031, Struc: 1.264, Fetch: 88.329) | Fwd: 53.245 | Bwd: 64.884 | Opt: 0.775 | GPU_Tot: 208.497
[Autotune] {"version": 2, "step": 1310, "wall_seconds": 301.2666628966108, "seed_nodes": 5259446, "loss": 0.5288425922393799, "all_losses_finite": true, "optimizer_steps": 1309, "skipped_optimizer_steps": 1, "loss_scale": 16384.0}
[Step=1320] Wall=303.3681s | Loss=0.5233
[Profile] Avg ms/step | Load: 98.539 (Prep: 8.971, Struc: 1.265, Fetch: 88.304) | Fwd: 53.254 | Bwd: 64.901 | Opt: 0.774 | GPU_Tot: 208.498
[Autotune] {"version": 2, "step": 1320, "wall_seconds": 303.3680588239804, "seed_nodes": 5300406, "loss": 0.5233185291290283, "all_losses_finite": true, "optimizer_steps": 1319, "skipped_optimizer_steps": 1, "loss_scale": 16384.0}
[Step=1330] Wall=305.7282s | Loss=0.4660
[Profile] Avg ms/step | Load: 98.759 (Prep: 9.251, Struc: 1.264, Fetch: 88.245) | Fwd: 53.220 | Bwd: 64.858 | Opt: 0.774 | GPU_Tot: 208.360
[Autotune] {"version": 2, "step": 1330, "wall_seconds": 305.72816273756325, "seed_nodes": 5337277, "loss": 0.46599440574645995, "all_losses_finite": true, "optimizer_steps": 1329, "skipped_optimizer_steps": 1, "loss_scale": 16384.0}
[Step=1340] Wall=307.9277s | Loss=0.5221
[Profile] Avg ms/step | Load: 98.757 (Prep: 9.183, Struc: 1.264, Fetch: 88.310) | Fwd: 53.228 | Bwd: 64.869 | Opt: 0.774 | GPU_Tot: 208.445
[Autotune] {"version": 2, "step": 1340, "wall_seconds": 307.92769428528845, "seed_nodes": 5378237, "loss": 0.5220666885375976, "all_losses_finite": true, "optimizer_steps": 1339, "skipped_optimizer_steps": 1, "loss_scale": 16384.0}
[Step=1350] Wall=310.0873s | Loss=0.4975
[Profile] Avg ms/step | Load: 98.721 (Prep: 9.116, Struc: 1.264, Fetch: 88.341) | Fwd: 53.236 | Bwd: 64.882 | Opt: 0.775 | GPU_Tot: 208.497
[Autotune] {"version": 2, "step": 1350, "wall_seconds": 310.08732619229704, "seed_nodes": 5419197, "loss": 0.4974844455718994, "all_losses_finite": true, "optimizer_steps": 1349, "skipped_optimizer_steps": 1, "loss_scale": 16384.0}
[Step=1360] Wall=312.2427s | Loss=0.4912
[Profile] Avg ms/step | Load: 98.684 (Prep: 9.050, Struc: 1.264, Fetch: 88.369) | Fwd: 53.244 | Bwd: 64.893 | Opt: 0.775 | GPU_Tot: 208.546
[Autotune] {"version": 2, "step": 1360, "wall_seconds": 312.24266890157014, "seed_nodes": 5460157, "loss": 0.49117679595947267, "all_losses_finite": true, "optimizer_steps": 1359, "skipped_optimizer_steps": 1, "loss_scale": 16384.0}
[Step=1370] Wall=314.3084s | Loss=0.4855
[Profile] Avg ms/step | Load: 98.585 (Prep: 8.992, Struc: 1.265, Fetch: 88.329) | Fwd: 53.252 | Bwd: 64.900 | Opt: 0.774 | GPU_Tot: 208.520
[Autotune] {"version": 2, "step": 1370, "wall_seconds": 314.30841581337154, "seed_nodes": 5501117, "loss": 0.4855360984802246, "all_losses_finite": true, "optimizer_steps": 1369, "skipped_optimizer_steps": 1, "loss_scale": 16384.0}
[Step=1380] Wall=316.7050s | Loss=0.5766
[Profile] Avg ms/step | Load: 98.822 (Prep: 9.263, Struc: 1.264, Fetch: 88.295) | Fwd: 53.219 | Bwd: 64.860 | Opt: 0.774 | GPU_Tot: 208.412
[Autotune] {"version": 2, "step": 1380, "wall_seconds": 316.70495432056487, "seed_nodes": 5537988, "loss": 0.5766111850738526, "all_losses_finite": true, "optimizer_steps": 1379, "skipped_optimizer_steps": 1, "loss_scale": 16384.0}
[Step=1390] Wall=318.8808s | Loss=0.5397
[Profile] Avg ms/step | Load: 98.802 (Prep: 9.198, Struc: 1.264, Fetch: 88.340) | Fwd: 53.227 | Bwd: 64.870 | Opt: 0.774 | GPU_Tot: 208.476
[Autotune] {"version": 2, "step": 1390, "wall_seconds": 318.8808499565348, "seed_nodes": 5578948, "loss": 0.5396612644195556, "all_losses_finite": true, "optimizer_steps": 1389, "skipped_optimizer_steps": 1, "loss_scale": 16384.0}
[Step=1400] Wall=321.0338s | Loss=0.5020
[Profile] Avg ms/step | Load: 98.766 (Prep: 9.133, Struc: 1.264, Fetch: 88.369) | Fwd: 53.235 | Bwd: 64.879 | Opt: 0.774 | GPU_Tot: 208.521
[Autotune] {"version": 2, "step": 1400, "wall_seconds": 321.0337612275034, "seed_nodes": 5619908, "loss": 0.5019844532012939, "all_losses_finite": true, "optimizer_steps": 1399, "skipped_optimizer_steps": 1, "loss_scale": 16384.0}
[Step=1410] Wall=323.1587s | Loss=0.4916
[Profile] Avg ms/step | Load: 98.709 (Prep: 9.070, Struc: 1.264, Fetch: 88.375) | Fwd: 53.243 | Bwd: 64.889 | Opt: 0.775 | GPU_Tot: 208.546
[Autotune] {"version": 2, "step": 1410, "wall_seconds": 323.158734716475, "seed_nodes": 5660868, "loss": 0.4915920734405518, "all_losses_finite": true, "optimizer_steps": 1409, "skipped_optimizer_steps": 1, "loss_scale": 16384.0}
[Step=1420] Wall=325.2072s | Loss=0.4835
[Profile] Avg ms/step | Load: 98.602 (Prep: 9.012, Struc: 1.264, Fetch: 88.325) | Fwd: 53.250 | Bwd: 64.896 | Opt: 0.774 | GPU_Tot: 208.510
[Autotune] {"version": 2, "step": 1420, "wall_seconds": 325.2071552844718, "seed_nodes": 5701828, "loss": 0.4835233688354492, "all_losses_finite": true, "optimizer_steps": 1419, "skipped_optimizer_steps": 1, "loss_scale": 16384.0}
[Step=1430] Wall=327.6026s | Loss=0.5147
[Profile] Avg ms/step | Load: 98.830 (Prep: 9.260, Struc: 1.264, Fetch: 88.306) | Fwd: 53.219 | Bwd: 64.856 | Opt: 0.774 | GPU_Tot: 208.419
[Autotune] {"version": 2, "step": 1430, "wall_seconds": 327.60259488690645, "seed_nodes": 5738699, "loss": 0.514689826965332, "all_losses_finite": true, "optimizer_steps": 1429, "skipped_optimizer_steps": 1, "loss_scale": 16384.0}
[Step=1440] Wall=329.7580s | Loss=0.5048
[Profile] Avg ms/step | Load: 98.797 (Prep: 9.197, Struc: 1.264, Fetch: 88.336) | Fwd: 53.226 | Bwd: 64.865 | Opt: 0.774 | GPU_Tot: 208.465
[Autotune] {"version": 2, "step": 1440, "wall_seconds": 329.7580398702994, "seed_nodes": 5779659, "loss": 0.5047972679138184, "all_losses_finite": true, "optimizer_steps": 1439, "skipped_optimizer_steps": 1, "loss_scale": 16384.0}
[Step=1450] Wall=331.9104s | Loss=0.4873
[Profile] Avg ms/step | Load: 98.758 (Prep: 9.134, Struc: 1.264, Fetch: 88.359) | Fwd: 53.234 | Bwd: 64.877 | Opt: 0.774 | GPU_Tot: 208.509
[Autotune] {"version": 2, "step": 1450, "wall_seconds": 331.9103761687875, "seed_nodes": 5820619, "loss": 0.4872781753540039, "all_losses_finite": true, "optimizer_steps": 1449, "skipped_optimizer_steps": 1, "loss_scale": 16384.0}
[Step=1460] Wall=334.1073s | Loss=0.4909
[Profile] Avg ms/step | Load: 98.754 (Prep: 9.073, Struc: 1.264, Fetch: 88.416) | Fwd: 53.241 | Bwd: 64.887 | Opt: 0.774 | GPU_Tot: 208.583
[Autotune] {"version": 2, "step": 1460, "wall_seconds": 334.1072808075696, "seed_nodes": 5861579, "loss": 0.49089274406433103, "all_losses_finite": true, "optimizer_steps": 1459, "skipped_optimizer_steps": 1, "loss_scale": 16384.0}
[Step=1470] Wall=335.9734s | Loss=0.4426
[Profile] Avg ms/step | Load: 98.594 (Prep: 9.018, Struc: 1.264, Fetch: 88.312) | Fwd: 53.213 | Bwd: 64.857 | Opt: 0.774 | GPU_Tot: 208.420
[Autotune] {"version": 2, "step": 1470, "wall_seconds": 335.973410458304, "seed_nodes": 5898450, "loss": 0.44260144233703613, "all_losses_finite": true, "optimizer_steps": 1469, "skipped_optimizer_steps": 1, "loss_scale": 16384.0}
[Step=1480] Wall=338.5341s | Loss=0.4868
[Profile] Avg ms/step | Load: 98.844 (Prep: 9.248, Struc: 1.264, Fetch: 88.332) | Fwd: 53.221 | Bwd: 64.866 | Opt: 0.774 | GPU_Tot: 208.457
[Autotune] {"version": 2, "step": 1480, "wall_seconds": 338.5340619375929, "seed_nodes": 5939410, "loss": 0.48676514625549316, "all_losses_finite": true, "optimizer_steps": 1479, "skipped_optimizer_steps": 1, "loss_scale": 16384.0}
[Step=1490] Wall=340.7264s | Loss=0.4792
[Profile] Avg ms/step | Load: 98.837 (Prep: 9.187, Struc: 1.264, Fetch: 88.386) | Fwd: 53.228 | Bwd: 64.874 | Opt: 0.774 | GPU_Tot: 208.527
[Autotune] {"version": 2, "step": 1490, "wall_seconds": 340.7264040792361, "seed_nodes": 5980370, "loss": 0.47922983169555666, "all_losses_finite": true, "optimizer_steps": 1489, "skipped_optimizer_steps": 1, "loss_scale": 16384.0}
[Step=1500] Wall=342.8683s | Loss=0.4754
[Profile] Avg ms/step | Load: 98.800 (Prep: 9.127, Struc: 1.264, Fetch: 88.409) | Fwd: 53.234 | Bwd: 64.880 | Opt: 0.774 | GPU_Tot: 208.562
[Autotune] {"version": 2, "step": 1500, "wall_seconds": 342.8682809555903, "seed_nodes": 6021330, "loss": 0.4753559112548828, "all_losses_finite": true, "optimizer_steps": 1499, "skipped_optimizer_steps": 1, "loss_scale": 16384.0}
[Step=1510] Wall=345.0141s | Loss=0.4574
[Profile] Avg ms/step | Load: 98.761 (Prep: 9.068, Struc: 1.264, Fetch: 88.429) | Fwd: 53.242 | Bwd: 64.889 | Opt: 0.775 | GPU_Tot: 208.598
[Autotune] {"version": 2, "step": 1510, "wall_seconds": 345.0141385840252, "seed_nodes": 6062290, "loss": 0.45743775367736816, "all_losses_finite": true, "optimizer_steps": 1509, "skipped_optimizer_steps": 1, "loss_scale": 16384.0}
[Step=1520] Wall=347.2776s | Loss=0.4200
[Profile] Avg ms/step | Load: 98.883 (Prep: 9.292, Struc: 1.264, Fetch: 88.327) | Fwd: 53.213 | Bwd: 64.853 | Opt: 0.774 | GPU_Tot: 208.431
[Autotune] {"version": 2, "step": 1520, "wall_seconds": 347.2775823455304, "seed_nodes": 6099161, "loss": 0.4200162410736084, "all_losses_finite": true, "optimizer_steps": 1519, "skipped_optimizer_steps": 1, "loss_scale": 16384.0}
[Step=1530] Wall=349.4507s | Loss=0.4746
[Profile] Avg ms/step | Load: 98.864 (Prep: 9.233, Struc: 1.264, Fetch: 88.368) | Fwd: 53.220 | Bwd: 64.861 | Opt: 0.774 | GPU_Tot: 208.487
[Autotune] {"version": 2, "step": 1530, "wall_seconds": 349.4506747992709, "seed_nodes": 6140121, "loss": 0.47460265159606935, "all_losses_finite": true, "optimizer_steps": 1529, "skipped_optimizer_steps": 1, "loss_scale": 16384.0}
[Step=1540] Wall=351.6544s | Loss=0.4750
[Profile] Avg ms/step | Load: 98.866 (Prep: 9.174, Struc: 1.264, Fetch: 88.428) | Fwd: 53.227 | Bwd: 64.869 | Opt: 0.775 | GPU_Tot: 208.562
[Autotune] {"version": 2, "step": 1540, "wall_seconds": 351.6543892258778, "seed_nodes": 6181081, "loss": 0.47501187324523925, "all_losses_finite": true, "optimizer_steps": 1539, "skipped_optimizer_steps": 1, "loss_scale": 16384.0}
[Step=1550] Wall=353.8178s | Loss=0.4696
[Profile] Avg ms/step | Load: 98.842 (Prep: 9.116, Struc: 1.264, Fetch: 88.462) | Fwd: 53.234 | Bwd: 64.875 | Opt: 0.774 | GPU_Tot: 208.609
[Autotune] {"version": 2, "step": 1550, "wall_seconds": 353.8178223166615, "seed_nodes": 6222041, "loss": 0.46959481239318845, "all_losses_finite": true, "optimizer_steps": 1549, "skipped_optimizer_steps": 1, "loss_scale": 16384.0}
[Step=1560] Wall=355.9952s | Loss=0.4494
[Profile] Avg ms/step | Load: 98.824 (Prep: 9.066, Struc: 1.264, Fetch: 88.494) | Fwd: 53.240 | Bwd: 64.886 | Opt: 0.774 | GPU_Tot: 208.659
[Autotune] {"version": 2, "step": 1560, "wall_seconds": 355.9951892690733, "seed_nodes": 6263001, "loss": 0.44935216903686526, "all_losses_finite": true, "optimizer_steps": 1559, "skipped_optimizer_steps": 1, "loss_scale": 16384.0}
[Step=1570] Wall=358.2657s | Loss=0.5164
[Profile] Avg ms/step | Load: 98.946 (Prep: 9.286, Struc: 1.264, Fetch: 88.396) | Fwd: 53.213 | Bwd: 64.851 | Opt: 0.774 | GPU_Tot: 208.498
[Autotune] {"version": 2, "step": 1570, "wall_seconds": 358.26571886148304, "seed_nodes": 6299872, "loss": 0.5164269924163818, "all_losses_finite": true, "optimizer_steps": 1569, "skipped_optimizer_steps": 1, "loss_scale": 16384.0}
[Step=1580] Wall=360.4390s | Loss=0.5116
[Profile] Avg ms/step | Load: 98.927 (Prep: 9.228, Struc: 1.264, Fetch: 88.435) | Fwd: 53.219 | Bwd: 64.859 | Opt: 0.774 | GPU_Tot: 208.551
[Autotune] {"version": 2, "step": 1580, "wall_seconds": 360.43897760193795, "seed_nodes": 6340832, "loss": 0.5115762710571289, "all_losses_finite": true, "optimizer_steps": 1579, "skipped_optimizer_steps": 1, "loss_scale": 16384.0}
[Step=1590] Wall=362.6103s | Loss=0.4591
[Profile] Avg ms/step | Load: 98.907 (Prep: 9.172, Struc: 1.264, Fetch: 88.471) | Fwd: 53.226 | Bwd: 64.867 | Opt: 0.774 | GPU_Tot: 208.603
[Autotune] {"version": 2, "step": 1590, "wall_seconds": 362.6102742534131, "seed_nodes": 6381792, "loss": 0.4590568542480469, "all_losses_finite": true, "optimizer_steps": 1589, "skipped_optimizer_steps": 1, "loss_scale": 16384.0}
[Step=1600] Wall=364.7722s | Loss=0.4663
[Profile] Avg ms/step | Load: 98.882 (Prep: 9.115, Struc: 1.264, Fetch: 88.503) | Fwd: 53.232 | Bwd: 64.874 | Opt: 0.774 | GPU_Tot: 208.647
[Autotune] {"version": 2, "step": 1600, "wall_seconds": 364.7722339592874, "seed_nodes": 6422752, "loss": 0.46634368896484374, "all_losses_finite": true, "optimizer_steps": 1599, "skipped_optimizer_steps": 1, "loss_scale": 16384.0}
[Step=1610] Wall=366.9476s | Loss=0.4631
[Profile] Avg ms/step | Load: 98.862 (Prep: 9.067, Struc: 1.264, Fetch: 88.531) | Fwd: 53.239 | Bwd: 64.885 | Opt: 0.774 | GPU_Tot: 208.694
[Autotune] {"version": 2, "step": 1610, "wall_seconds": 366.9475588025525, "seed_nodes": 6463712, "loss": 0.46312246322631834, "all_losses_finite": true, "optimizer_steps": 1609, "skipped_optimizer_steps": 1, "loss_scale": 16384.0}
[Step=1620] Wall=369.2432s | Loss=0.5907
[Profile] Avg ms/step | Load: 98.996 (Prep: 9.282, Struc: 1.264, Fetch: 88.451) | Fwd: 53.213 | Bwd: 64.851 | Opt: 0.774 | GPU_Tot: 208.552
[Autotune] {"version": 2, "step": 1620, "wall_seconds": 369.24320145882666, "seed_nodes": 6500583, "loss": 0.5907386779785156, "all_losses_finite": true, "optimizer_steps": 1619, "skipped_optimizer_steps": 1, "loss_scale": 16384.0}
[Step=1630] Wall=371.3792s | Loss=0.5671
[Profile] Avg ms/step | Load: 98.952 (Prep: 9.226, Struc: 1.264, Fetch: 88.463) | Fwd: 53.219 | Bwd: 64.860 | Opt: 0.774 | GPU_Tot: 208.580
[Autotune] {"version": 2, "step": 1630, "wall_seconds": 371.37922151573, "seed_nodes": 6541543, "loss": 0.5670788764953614, "all_losses_finite": true, "optimizer_steps": 1629, "skipped_optimizer_steps": 1, "loss_scale": 16384.0}
[Step=1640] Wall=373.5679s | Loss=0.5147
[Profile] Avg ms/step | Load: 98.943 (Prep: 9.171, Struc: 1.264, Fetch: 88.508) | Fwd: 53.226 | Bwd: 64.869 | Opt: 0.774 | GPU_Tot: 208.641
[Autotune] {"version": 2, "step": 1640, "wall_seconds": 373.5678793909028, "seed_nodes": 6582503, "loss": 0.5146901130676269, "all_losses_finite": true, "optimizer_steps": 1639, "skipped_optimizer_steps": 1, "loss_scale": 16384.0}
------------------------------------------------------------
Training Completed. Total Steps: 1640 (Active: 1600)
Avg Breakdown (ms): Load=98.943 [Prep:9.171, Struc:1.264, Fetch:88.508], Fwd=53.226, Bwd=64.869, Opt=0.774
------------------------------------------------------------
