$REPO_ROOT/.venv/lib/python3.11/site-packages/outdated/__init__.py:36: UserWarning: pkg_resources is deprecated as an API. See https://setuptools.pypa.io/en/latest/pkg_resources.html. The pkg_resources package is slated for removal as early as 2025-11-30. Refrain from using this package or pin to Setuptools<81.
  from pkg_resources import parse_version
2026-09-18 18:01:10,468 INFO:   Connectivity check: running command: ping -c 1 -W 3 10.125.8.2
2026-09-18 18:01:10,473 INFO:   Connectivity check succeeded.
2026-09-18 18:01:10,494 INFO:   Appliance client semantic version: 1.14.0, cluster server semantic version: 1.20.2, job operator semantic version: 1.20.2
2026-09-18 18:01:10,496 INFO:   Successfully initialized workflow with id: wflow-jgipgn4rxhciymyle4uspz
2026-09-18 18:01:10,501 WARNING:   The trainer configuration for train_and_eval does not configure checkpointing. In the event of a failure, the run will be restarted from the beginning. If this is not intentional, please specifiy a checkpoint callback with a checkpointing frequency to enable auto-restarting from previously saved checkpoints.
2026-09-18 18:01:10,502 INFO:   Spawning child process for the fit run ...
2026-09-18 18:01:10,506 INFO:   Child process started with pid: 953042
$REPO_ROOT/.venv/lib/python3.11/site-packages/outdated/__init__.py:36: UserWarning: pkg_resources is deprecated as an API. See https://setuptools.pypa.io/en/latest/pkg_resources.html. The pkg_resources package is slated for removal as early as 2025-11-30. Refrain from using this package or pin to Setuptools<81.
  from pkg_resources import parse_version
2026-09-18 18:01:16,526 INFO:   Current Working Directory: $REPO_ROOT/src/cerebras/modelzoo/models/gnn
2026-09-18 18:01:16,527 INFO:   Running command: $REPO_ROOT/src/cerebras/modelzoo/cli/main.py fit $REPO_ROOT/model_dirs/hpcasia_learning/arxiv_20260918T122510.309655Z/tuning/loader_w12_p2_s0_r1/params.yaml --target_device CSX --model_dir $REPO_ROOT/model_dirs/hpcasia_learning/arxiv_20260918T122510.309655Z/tuning/loader_w12_p2_s0_r1/model
2026-09-18 18:01:17,045 INFO:   No checkpoint was provided. Using randomly initialized model parameters.
2026-09-18 18:01:17,045 INFO:   Ordinal 0: Initializing GNNDataProcessor for dataset 'ogbn-arxiv' (split=train, mode=neighbor).
$REPO_ROOT/.venv/lib/python3.11/site-packages/ogb/nodeproppred/dataset_pyg.py:69: FutureWarning: You are using `torch.load` with `weights_only=False` (the current default value), which uses the default pickle module implicitly. It is possible to construct malicious pickle data which will execute arbitrary code during unpickling (See https://github.com/pytorch/pytorch/blob/main/SECURITY.md#untrusted-models for more details). In a future release, the default value for `weights_only` will be flipped to `True`. This limits the functions that could be executed during unpickling. Arbitrary objects will no longer be allowed to be loaded via this mode unless they are explicitly allowlisted by the user via `torch.serialization.add_safe_globals`. We recommend you start setting `weights_only=True` for any use case where you don't have full control of the loaded file. Please open an issue on GitHub for any issues related to this experimental feature.
  self.data, self.slices = torch.load(self.processed_paths[0])
GNN_INPUT_CONTRACT {"batch_index_origin": 0, "batch_size": 4096, "count_basis": "deterministic loader schedule; not device counters", "dataset_name": "ogbn-arxiv", "drop_last": false, "event": "gnn_input_contract", "num_streamers": 1, "ordered_targets_and_labels_sha256": "cb189ecb3f75e653df7daacc08ead8c3b14bd353d302209c179a41e2b2b47d07", "restartable": false, "sampler_seed": 42, "seed_nodes_by_batch": [4096, 4096, 4096, 4096, 4096, 4096, 4096, 4096, 4096, 4096, 4096, 4096, 4096, 4096, 4096, 4096, 4096, 4096, 4096, 4096, 4096, 4096, 829], "seed_nodes_per_epoch": 90941, "shuffle": true, "source_seed_nodes": 90941, "split": "train", "static_batch_cache_size": 0, "supervised_targets_by_batch": [4096, 4096, 4096, 4096, 4096, 4096, 4096, 4096, 4096, 4096, 4096, 4096, 4096, 4096, 4096, 4096, 4096, 4096, 4096, 4096, 4096, 4096, 829], "traversal": "continuous_sequential_batches", "traversal_scope": "single_data_executor", "version": 1}
2026-09-18 18:01:17,271 INFO:   Connectivity check: running command: ping -c 1 -W 3 10.125.8.2
2026-09-18 18:01:17,276 INFO:   Connectivity check succeeded.
2026-09-18 18:01:17,296 INFO:   Appliance client semantic version: 1.14.0, cluster server semantic version: 1.20.2, job operator semantic version: 1.20.2
2026-09-18 18:01:17,296 INFO:   ===========================================================================
2026-09-18 18:01:17,296 INFO:   Trainer Fit Summary
2026-09-18 18:01:17,296 INFO:   ---------------------------------------------------------------------------
2026-09-18 18:01:17,296 INFO:   Trainer will run 1 train loop.
2026-09-18 18:01:17,296 INFO:   
2026-09-18 18:01:17,296 INFO:   Train steps per train loop:
2026-09-18 18:01:17,296 INFO:   * 1 loop of 440 steps
2026-09-18 18:01:17,296 INFO:   for a total of 440 train steps.
2026-09-18 18:01:17,296 INFO:   
2026-09-18 18:01:17,296 INFO:   Progress will be logged every 10 steps.
2026-09-18 18:01:17,296 INFO:   ===========================================================================
2026-09-18 18:01:17,296 INFO:   ---------------------------------------------------------------------------
2026-09-18 18:01:17,296 INFO:   Starting train loop 1 of 1, from global step 1 to 440 (440 steps)
2026-09-18 18:01:17,297 INFO:   ---------------------------------------------------------------------------
2026-09-18 18:01:22,009 INFO:   Compiling the model. This may take a few minutes.
2026-09-18 18:01:22,010 INFO:   Connectivity check: running command: ping -c 1 -W 3 10.125.8.2
2026-09-18 18:01:22,015 INFO:   Connectivity check succeeded.
2026-09-18 18:01:22,032 INFO:   Appliance client semantic version: 1.14.0, cluster server semantic version: 1.20.2, job operator semantic version: 1.20.2
2026-09-18 18:01:23,137 INFO:   Initiating a new image build job against the cluster server.
2026-09-18 18:01:23,154 INFO:   Job id: imgjob-42280d4f85d91291dacb2ef766350f15, workflow id: wflow-jgipgn4rxhciymyle4uspz, namespace: job-operator, remote log path: /n1/wsjob/workdir/job-operator/imgjob-42280d4f85d91291dacb2ef766350f15
2026-09-18 18:01:23,157 INFO:   Connectivity check: running command: ping -c 1 -W 3 10.125.8.2
2026-09-18 18:01:23,163 INFO:   Connectivity check succeeded.
2026-09-18 18:01:23,177 INFO:   Appliance client semantic version: 1.14.0, cluster server semantic version: 1.20.2, job operator semantic version: 1.20.2
2026-09-18 18:01:23,202 INFO:   Initiating a new compile wsjob against the cluster server.
2026-09-18 18:01:23,229 INFO:   Job id: wsjob-jgyppabdosh47cxm3tfh7b, workflow id: wflow-jgipgn4rxhciymyle4uspz, namespace: job-operator, remote log path: /n1/wsjob/workdir/job-operator/wsjob-jgyppabdosh47cxm3tfh7b
2026-09-18 18:01:43,230 INFO:   Poll ingress status: Waiting for all Coordinator pods to be running, current running: 0/1.
2026-09-18 18:01:43,233 INFO:   Recording the timestamp when jobs is scheduled.
2026-09-18 18:01:43,269 WARNING:   Event 2026-09-18 18:01:24 +0000 UTC reason=InconsistentVersion wsjob=wsjob-jgyppabdosh47cxm3tfh7b message='Warning: client semantic version 1.14.0 is inconsistent with cluster server semantic version 1.20.2, there's a risk job could fail due to inconsistent setup.'
2026-09-18 18:01:53,270 INFO:   Poll ingress status: Job ingress ready, dashboard: <internal-dashboard-url>
2026-09-18 18:01:53,306 INFO:   Poll ingress success: Job ingress ready, dashboard: <internal-dashboard-url>
2026-09-18 18:01:53,318 INFO:   Finalizing out-of-cluster job handle with ingress service url: 
2026-09-18 18:01:53,318 WARNING:   Empty ingress service url. Falling back to default server: 10.125.8.2:443
2026-09-18 18:01:53,391 INFO:   Found existing cached compile with hash: "cs_3310013607597699701"
2026-09-18 18:01:55,287 INFO:   Using power profile none

2026-09-18 18:01:55,300 INFO:   Compile artifacts successfully written to remote compile directory. Compile hash is: cs_3310013607597699701
2026-09-18 18:02:03,266 ERROR:   Image build job imgjob-42280d4f85d91291dacb2ef766350f15 failed. Please check the error log in $REPO_ROOT/model_dirs/hpcasia_learning/arxiv_20260918T122510.309655Z/tuning/loader_w12_p2_s0_r1/model/cerebras_logs/20260918_180116/executors/000001/custom_worker_build.out. 
2026-09-18 18:02:03,266 INFO:   Falling back to venv mounting.
2026-09-18 18:02:03,269 INFO:   Compile was successful!
2026-09-18 18:02:03,269 INFO:   Programming Cerebras Wafer Scale Cluster for execution. This may take a few minutes.
2026-09-18 18:02:05,278 INFO:   Connectivity check: running command: ping -c 1 -W 3 10.125.8.2
2026-09-18 18:02:05,284 INFO:   Connectivity check succeeded.
2026-09-18 18:02:05,301 INFO:   Appliance client semantic version: 1.14.0, cluster server semantic version: 1.20.2, job operator semantic version: 1.20.2
2026-09-18 18:02:05,303 INFO:   Initiating a new execute wsjob against the cluster server.
2026-09-18 18:02:05,341 INFO:   Job id: wsjob-tzmeg5ntcztwrutgkvod9f, workflow id: wflow-jgipgn4rxhciymyle4uspz, namespace: job-operator, remote log path: /n1/wsjob/workdir/job-operator/wsjob-tzmeg5ntcztwrutgkvod9f
2026-09-18 18:02:25,342 INFO:   Poll ingress status: Waiting for all Coordinator pods to be running, current running: 0/1.
2026-09-18 18:02:25,344 INFO:   Recording the timestamp when jobs is scheduled.
2026-09-18 18:02:25,388 WARNING:   Event 2026-09-18 18:02:12 +0000 UTC reason=InconsistentVersion wsjob=wsjob-tzmeg5ntcztwrutgkvod9f message='Warning: client semantic version 1.14.0 is inconsistent with cluster server semantic version 1.20.2, there's a risk job could fail due to inconsistent setup.'
2026-09-18 18:02:25,388 INFO:   Infrastructure setup started for job wsjob-tzmeg5ntcztwrutgkvod9f
2026-09-18 18:02:35,388 INFO:   Poll ingress status: Waiting for all Command pods to be running, current running: 0/1.
2026-09-18 18:02:35,436 INFO:   Infrastructure setup completed successfully for job wsjob-tzmeg5ntcztwrutgkvod9f
2026-09-18 18:02:45,436 INFO:   Poll ingress status: Waiting for all Activation pods to be running, current running: 0/21.
2026-09-18 18:02:45,468 INFO:   Infrastructure setup completed successfully for job wsjob-tzmeg5ntcztwrutgkvod9f
2026-09-18 18:02:55,468 INFO:   Poll ingress status: Waiting for all Chief pods to be running, current running: 0/1.
2026-09-18 18:02:55,504 INFO:   Infrastructure setup completed successfully for job wsjob-tzmeg5ntcztwrutgkvod9f
2026-09-18 18:03:05,504 INFO:   Poll ingress status: Waiting for all Worker pods to be running, current running: 0/1.
2026-09-18 18:03:05,547 INFO:   Infrastructure setup completed successfully for job wsjob-tzmeg5ntcztwrutgkvod9f
2026-09-18 18:03:15,547 INFO:   Poll ingress status: Waiting for all Command pods to be running, current running: 0/1.
2026-09-18 18:03:15,578 INFO:   Infrastructure setup completed successfully for job wsjob-tzmeg5ntcztwrutgkvod9f
2026-09-18 18:03:25,578 INFO:   Poll ingress status: Waiting for all Weight pods to be running, current running: 0/2.
2026-09-18 18:03:25,613 INFO:   Infrastructure setup completed successfully for job wsjob-tzmeg5ntcztwrutgkvod9f
2026-09-18 18:03:35,614 INFO:   Infrastructure setup completed successfully for job wsjob-tzmeg5ntcztwrutgkvod9f
2026-09-18 18:03:45,614 INFO:   Poll ingress status: Waiting for all Command pods to be running, current running: 0/1.
2026-09-18 18:03:45,644 INFO:   Infrastructure setup completed successfully for job wsjob-tzmeg5ntcztwrutgkvod9f
2026-09-18 18:03:55,644 INFO:   Poll ingress status: Waiting for all Activation pods to be running, current running: 0/21.
2026-09-18 18:03:55,673 INFO:   Infrastructure setup completed successfully for job wsjob-tzmeg5ntcztwrutgkvod9f
2026-09-18 18:04:05,673 INFO:   Poll ingress status: Waiting for all Weight pods to be running, current running: 0/2.
2026-09-18 18:04:05,702 INFO:   Infrastructure setup completed successfully for job wsjob-tzmeg5ntcztwrutgkvod9f
2026-09-18 18:04:15,702 INFO:   Infrastructure setup completed successfully for job wsjob-tzmeg5ntcztwrutgkvod9f
2026-09-18 18:04:25,703 INFO:   Poll ingress status: Waiting for all Activation pods to be running, current running: 0/21.
2026-09-18 18:04:25,738 INFO:   Infrastructure setup completed successfully for job wsjob-tzmeg5ntcztwrutgkvod9f
2026-09-18 18:04:35,738 INFO:   Poll ingress status: Waiting for all Worker pods to be running, current running: 0/1.
2026-09-18 18:04:35,773 INFO:   Infrastructure setup completed successfully for job wsjob-tzmeg5ntcztwrutgkvod9f
2026-09-18 18:04:45,773 INFO:   Poll ingress status: Waiting for all Activation pods to be running, current running: 0/21.
2026-09-18 18:04:45,811 INFO:   Infrastructure setup completed successfully for job wsjob-tzmeg5ntcztwrutgkvod9f
2026-09-18 18:04:55,812 INFO:   Infrastructure setup completed successfully for job wsjob-tzmeg5ntcztwrutgkvod9f
2026-09-18 18:05:05,812 INFO:   Infrastructure setup completed successfully for job wsjob-tzmeg5ntcztwrutgkvod9f
2026-09-18 18:05:15,812 INFO:   Poll ingress status: Job ingress ready, dashboard: <internal-dashboard-url>
2026-09-18 18:05:15,847 INFO:   Infrastructure setup completed successfully for job wsjob-tzmeg5ntcztwrutgkvod9f
2026-09-18 18:05:15,847 INFO:   Poll ingress success: Job ingress ready, dashboard: <internal-dashboard-url>
2026-09-18 18:05:15,859 INFO:   Finalizing out-of-cluster job handle with ingress service url: 
2026-09-18 18:05:15,859 WARNING:   Empty ingress service url. Falling back to default server: 10.125.8.2:443
2026-09-18 18:05:15,939 INFO:   Preparing to execute using 1 CSX
2026-09-18 18:05:41,340 INFO:   About to send initial weights
2026-09-18 18:05:41,583 INFO:   Finished sending initial weights
2026-09-18 18:05:41,583 INFO:   Finalizing appliance staging for the run
2026-09-18 18:05:48,129 INFO:   Waiting for device programming to complete
2026-09-18 18:05:54,460 INFO:   Device programming is complete
2026-09-18 18:05:54,794 INFO:   Using network type: ROCE
2026-09-18 18:05:54,794 INFO:   Waiting for input workers to prime the data pipeline and begin streaming ...
2026-09-18 18:05:54,804 INFO:   Input workers have begun streaming input data
2026-09-18 18:05:54,961 INFO:   Appliance staging is complete
2026-09-18 18:05:54,961 INFO:   Beginning appliance run
2026-09-18 18:06:05,313 INFO:   | Train Device=CSX, Step=10, Loss=3.37719, Rate=2673.41 samples/sec, GlobalRate=143.56 samples/sec, LoopTimeRemaining=0:09:53, TimeRemaining=0:09:53
2026-09-18 18:06:19,897 INFO:   | Train Device=CSX, Step=20, Loss=2.83006, Rate=2843.09 samples/sec, GlobalRate=273.16 samples/sec, LoopTimeRemaining=0:09:50, TimeRemaining=0:09:50
2026-09-18 18:06:39,307 INFO:   | Train Device=CSX, Step=30, Loss=2.48321, Rate=2910.77 samples/sec, GlobalRate=384.83 samples/sec, LoopTimeRemaining=0:09:36, TimeRemaining=0:09:36
2026-09-18 18:06:53,425 INFO:   | Train Device=CSX, Step=40, Loss=2.17466, Rate=2958.07 samples/sec, GlobalRate=491.38 samples/sec, LoopTimeRemaining=0:09:19, TimeRemaining=0:09:19
2026-09-18 18:07:12,902 INFO:   | Train Device=CSX, Step=50, Loss=1.85241, Rate=2665.19 samples/sec, GlobalRate=580.35 samples/sec, LoopTimeRemaining=0:09:05, TimeRemaining=0:09:05
2026-09-18 18:07:26,977 INFO:   | Train Device=CSX, Step=60, Loss=1.63806, Rate=2940.02 samples/sec, GlobalRate=669.68 samples/sec, LoopTimeRemaining=0:08:50, TimeRemaining=0:08:50
2026-09-18 18:07:45,820 INFO:   | Train Device=CSX, Step=70, Loss=1.52059, Rate=1557.74 samples/sec, GlobalRate=743.14 samples/sec, LoopTimeRemaining=0:08:37, TimeRemaining=0:08:37
2026-09-18 18:08:00,345 INFO:   | Train Device=CSX, Step=80, Loss=1.42359, Rate=2912.88 samples/sec, GlobalRate=818.49 samples/sec, LoopTimeRemaining=0:08:23, TimeRemaining=0:08:23
2026-09-18 18:08:14,532 INFO:   | Train Device=CSX, Step=90, Loss=1.41382, Rate=2910.34 samples/sec, GlobalRate=889.29 samples/sec, LoopTimeRemaining=0:08:09, TimeRemaining=0:08:09
2026-09-18 18:08:34,352 INFO:   | Train Device=CSX, Step=100, Loss=1.31883, Rate=2926.00 samples/sec, GlobalRate=943.01 samples/sec, LoopTimeRemaining=0:07:55, TimeRemaining=0:07:55
2026-09-18 18:08:48,477 INFO:   | Train Device=CSX, Step=110, Loss=1.27947, Rate=2905.56 samples/sec, GlobalRate=1004.64 samples/sec, LoopTimeRemaining=0:07:41, TimeRemaining=0:07:41
2026-09-18 18:09:07,764 INFO:   | Train Device=CSX, Step=120, Loss=1.21283, Rate=2612.66 samples/sec, GlobalRate=1050.78 samples/sec, LoopTimeRemaining=0:07:27, TimeRemaining=0:07:27
2026-09-18 18:09:21,888 INFO:   | Train Device=CSX, Step=130, Loss=1.25431, Rate=2945.78 samples/sec, GlobalRate=1104.98 samples/sec, LoopTimeRemaining=0:07:13, TimeRemaining=0:07:13
2026-09-18 18:09:40,822 INFO:   | Train Device=CSX, Step=140, Loss=1.17677, Rate=2172.27 samples/sec, GlobalRate=1144.99 samples/sec, LoopTimeRemaining=0:06:59, TimeRemaining=0:06:59
2026-09-18 18:09:55,221 INFO:   | Train Device=CSX, Step=150, Loss=1.18961, Rate=2947.42 samples/sec, GlobalRate=1192.49 samples/sec, LoopTimeRemaining=0:06:45, TimeRemaining=0:06:45
2026-09-18 18:10:09,134 INFO:   | Train Device=CSX, Step=160, Loss=1.17591, Rate=2946.21 samples/sec, GlobalRate=1238.55 samples/sec, LoopTimeRemaining=0:06:31, TimeRemaining=0:06:31
2026-09-18 18:10:28,785 INFO:   | Train Device=CSX, Step=170, Loss=1.11490, Rate=2950.37 samples/sec, GlobalRate=1268.83 samples/sec, LoopTimeRemaining=0:06:16, TimeRemaining=0:06:16
2026-09-18 18:10:42,958 INFO:   | Train Device=CSX, Step=180, Loss=1.16431, Rate=2932.95 samples/sec, GlobalRate=1309.65 samples/sec, LoopTimeRemaining=0:06:03, TimeRemaining=0:06:03
2026-09-18 18:11:10,223 INFO:   | Train Device=CSX, Step=190, Loss=1.17256, Rate=2947.92 samples/sec, GlobalRate=1318.55 samples/sec, LoopTimeRemaining=0:05:49, TimeRemaining=0:05:49
2026-09-18 18:11:24,350 INFO:   | Train Device=CSX, Step=200, Loss=1.15904, Rate=2962.70 samples/sec, GlobalRate=1355.50 samples/sec, LoopTimeRemaining=0:05:35, TimeRemaining=0:05:35
2026-09-18 18:11:43,689 INFO:   | Train Device=CSX, Step=210, Loss=1.11809, Rate=2310.88 samples/sec, GlobalRate=1379.14 samples/sec, LoopTimeRemaining=0:05:20, TimeRemaining=0:05:20
2026-09-18 18:11:57,595 INFO:   | Train Device=CSX, Step=220, Loss=1.11506, Rate=2913.53 samples/sec, GlobalRate=1413.30 samples/sec, LoopTimeRemaining=0:05:06, TimeRemaining=0:05:06
2026-09-18 18:12:11,938 INFO:   | Train Device=CSX, Step=230, Loss=1.00655, Rate=2893.49 samples/sec, GlobalRate=1445.04 samples/sec, LoopTimeRemaining=0:04:53, TimeRemaining=0:04:53
2026-09-18 18:12:31,712 INFO:   | Train Device=CSX, Step=240, Loss=1.11497, Rate=2846.46 samples/sec, GlobalRate=1463.48 samples/sec, LoopTimeRemaining=0:04:39, TimeRemaining=0:04:39
2026-09-18 18:12:45,716 INFO:   | Train Device=CSX, Step=250, Loss=1.07827, Rate=2905.17 samples/sec, GlobalRate=1493.32 samples/sec, LoopTimeRemaining=0:04:25, TimeRemaining=0:04:25
2026-09-18 18:13:05,328 INFO:   | Train Device=CSX, Step=260, Loss=1.07885, Rate=2920.85 samples/sec, GlobalRate=1509.87 samples/sec, LoopTimeRemaining=0:04:11, TimeRemaining=0:04:11
2026-09-18 18:13:19,462 INFO:   | Train Device=CSX, Step=270, Loss=1.08083, Rate=2862.25 samples/sec, GlobalRate=1537.14 samples/sec, LoopTimeRemaining=0:03:57, TimeRemaining=0:03:57
2026-09-18 18:13:39,213 INFO:   | Train Device=CSX, Step=280, Loss=1.11849, Rate=2677.91 samples/sec, GlobalRate=1551.48 samples/sec, LoopTimeRemaining=0:03:44, TimeRemaining=0:03:44
2026-09-18 18:13:53,619 INFO:   | Train Device=CSX, Step=290, Loss=1.06843, Rate=2903.08 samples/sec, GlobalRate=1576.18 samples/sec, LoopTimeRemaining=0:03:30, TimeRemaining=0:03:30
2026-09-18 18:14:12,403 INFO:   | Train Device=CSX, Step=300, Loss=1.02315, Rate=1580.40 samples/sec, GlobalRate=1590.87 samples/sec, LoopTimeRemaining=0:03:16, TimeRemaining=0:03:16
2026-09-18 18:14:28,042 INFO:   | Train Device=CSX, Step=310, Loss=1.04774, Rate=2520.07 samples/sec, GlobalRate=1611.28 samples/sec, LoopTimeRemaining=0:03:02, TimeRemaining=0:03:02
2026-09-18 18:14:42,292 INFO:   | Train Device=CSX, Step=320, Loss=1.09656, Rate=2878.38 samples/sec, GlobalRate=1633.71 samples/sec, LoopTimeRemaining=0:02:48, TimeRemaining=0:02:48
2026-09-18 18:15:02,222 INFO:   | Train Device=CSX, Step=330, Loss=1.02357, Rate=2909.93 samples/sec, GlobalRate=1643.93 samples/sec, LoopTimeRemaining=0:02:34, TimeRemaining=0:02:34
2026-09-18 18:15:16,327 INFO:   | Train Device=CSX, Step=340, Loss=1.03504, Rate=2933.44 samples/sec, GlobalRate=1665.18 samples/sec, LoopTimeRemaining=0:02:20, TimeRemaining=0:02:20
2026-09-18 18:15:36,155 INFO:   | Train Device=CSX, Step=350, Loss=0.99137, Rate=2812.99 samples/sec, GlobalRate=1674.46 samples/sec, LoopTimeRemaining=0:02:06, TimeRemaining=0:02:06
2026-09-18 18:15:50,110 INFO:   | Train Device=CSX, Step=360, Loss=1.03419, Rate=2933.18 samples/sec, GlobalRate=1694.68 samples/sec, LoopTimeRemaining=0:01:52, TimeRemaining=0:01:52
2026-09-18 18:16:09,467 INFO:   | Train Device=CSX, Step=370, Loss=1.01350, Rate=1891.26 samples/sec, GlobalRate=1703.85 samples/sec, LoopTimeRemaining=0:01:38, TimeRemaining=0:01:38
2026-09-18 18:16:23,921 INFO:   | Train Device=CSX, Step=380, Loss=1.02233, Rate=2918.04 samples/sec, GlobalRate=1721.92 samples/sec, LoopTimeRemaining=0:01:24, TimeRemaining=0:01:24
2026-09-18 18:16:38,175 INFO:   | Train Device=CSX, Step=390, Loss=1.02352, Rate=2667.96 samples/sec, GlobalRate=1739.79 samples/sec, LoopTimeRemaining=0:01:10, TimeRemaining=0:01:10
2026-09-18 18:16:57,980 INFO:   | Train Device=CSX, Step=400, Loss=0.95176, Rate=2943.68 samples/sec, GlobalRate=1746.73 samples/sec, LoopTimeRemaining=0:00:56, TimeRemaining=0:00:56
2026-09-18 18:17:11,959 INFO:   | Train Device=CSX, Step=410, Loss=1.01225, Rate=2888.63 samples/sec, GlobalRate=1764.10 samples/sec, LoopTimeRemaining=0:00:42, TimeRemaining=0:00:42
2026-09-18 18:17:31,710 INFO:   | Train Device=CSX, Step=420, Loss=1.01939, Rate=2882.76 samples/sec, GlobalRate=1770.40 samples/sec, LoopTimeRemaining=0:00:28, TimeRemaining=0:00:28
2026-09-18 18:17:45,896 INFO:   | Train Device=CSX, Step=430, Loss=1.00939, Rate=2937.24 samples/sec, GlobalRate=1786.47 samples/sec, LoopTimeRemaining=0:00:14, TimeRemaining=0:00:14
2026-09-18 18:18:05,453 INFO:   | Train Device=CSX, Step=440, Loss=0.98283, Rate=2369.39 samples/sec, GlobalRate=1792.46 samples/sec, LoopTimeRemaining=0:00:00, TimeRemaining=0:00:00
2026-09-18 18:18:05,557 INFO:   Training completed successfully!
2026-09-18 18:18:05,568 INFO:   Processed 1802240 training sample(s) in 1008.298126358 seconds.
